213.186.122.2 - - [01/Jun/2012:12:53:56 +0600] "GET /content/view/976/47/ HTTP/1.0" 200 6976 "-" "Mozilla/5.0 (compatible; AhrefsBot/3.0; +http://ahrefs.com/robot/)"
213.186.119.135 - - [01/Jun/2012:12:54:11 +0600] "GET /content/view/538/183/ HTTP/1.0" 200 6543 "-" "Mozilla/5.0 (compatible; AhrefsBot/3.0; +http://ahrefs.com/robot/)"
213.186.120.196 - - [01/Jun/2012:12:54:37 +0600] "GET /content/view/976/5/ HTTP/1.0" 200 6968 "-" "Mozilla/5.0 (compatible; AhrefsBot/3.0; +http://ahrefs.com/robot/)"
213.186.127.11 - - [01/Jun/2012:12:54:44 +0600] "GET /content/view/155/52/ HTTP/1.0" 200 6316 "-" "Mozilla/5.0 (compatible; AhrefsBot/3.0; +http://ahrefs.com/robot/)"
213.186.127.12 - - [01/Jun/2012:12:55:37 +0600] "GET /content/view/337/47/ HTTP/1.0" 200 6926 "-" "Mozilla/5.0 (compatible; AhrefsBot/3.0; +http://ahrefs.com/robot/)"
213.186.119.141 - - [01/Jun/2012:12:56:04 +0600] "GET /content/view/539/183/ HTTP/1.0" 200 6237 "-" "Mozilla/5.0 (compatible; AhrefsBot/3.0; +http://ahrefs.com/robot/)"
213.186.127.7 - - [01/Jun/2012:12:56:30 +0600] "GET /content/view/976/53/ HTTP/1.0" 200 6992 "-" "Mozilla/5.0 (compatible; AhrefsBot/3.0; +http://ahrefs.com/robot/)"
213.186.127.28 - - [01/Jun/2012:12:56:42 +0600] "GET /content/view/54/47/ HTTP/1.0" 200 7417 "-" "Mozilla/5.0 (compatible; AhrefsBot/3.0; +http://ahrefs.com/robot/)"
213.186.127.4 - - [01/Jun/2012:12:57:21 +0600] "GET /content/view/976/55/ HTTP/1.0" 200 6990 "-" "Mozilla/5.0 (compatible; AhrefsBot/3.0; +http://ahrefs.com/robot/)"
213.186.127.12 - - [01/Jun/2012:12:57:48 +0600] "GET /content/view/542/183/ HTTP/1.0" 200 7030 "-" "Mozilla/5.0 (compatible; AhrefsBot/3.0; +http://ahrefs.com/robot/)"
66.249.66.77 - - [01/Jun/2012:12:57:48 +0600] "GET /content/view/560/55/ HTTP/1.0" 200 5126 "-" "Mozilla/5.0 (compatible; Googlebot/2.1; +http://www.google.com/bot.html)"
213.186.122.2 - - [01/Jun/2012:13:00:33 +0600] "GET /content/category/8/25/55/ HTTP/1.0" 200 5299 "-" "Mozilla/5.0 (compatible; AhrefsBot/3.0; +http://ahrefs.com/robot/)"
213.186.119.134 - - [01/Jun/2012:13:00:53 +0600] "GET /content/view/356/86/ HTTP/1.0" 200 8036 "-" "Mozilla/5.0 (compatible; AhrefsBot/3.0; +http://ahrefs.com/robot/)"
213.186.119.134 - - [01/Jun/2012:13:01:11 +0600] "GET /content/view/982/ HTTP/1.0" 200 5022 "-" "Mozilla/5.0 (compatible; AhrefsBot/3.0; +http://ahrefs.com/robot/)"
213.186.127.5 - - [01/Jun/2012:13:01:40 +0600] "GET /content/view/545/183/ HTTP/1.0" 200 7068 "-" "Mozilla/5.0 (compatible; AhrefsBot/3.0; +http://ahrefs.com/robot/)"
213.186.127.5 - - [01/Jun/2012:13:02:09 +0600] "GET /content/view/982/158/ HTTP/1.0" 200 6100 "-" "Mozilla/5.0 (compatible; AhrefsBot/3.0; +http://ahrefs.com/robot/)"
66.249.66.77 - - [01/Jun/2012:13:02:18 +0600] "GET /content/view/751/219/ HTTP/1.0" 200 5081 "-" "Mozilla/5.0 (compatible; Googlebot/2.1; +http://www.google.com/bot.html)"
213.186.127.13 - - [01/Jun/2012:13:02:38 +0600] "GET /content/view/982/192/ HTTP/1.0" 200 6109 "-" "Mozilla/5.0 (compatible; AhrefsBot/3.0; +http://ahrefs.com/robot/)"
213.186.127.9 - - [01/Jun/2012:13:02:44 +0600] "GET /content/view/156/52/ HTTP/1.0" 200 6103 "-" "Mozilla/5.0 (compatible; AhrefsBot/3.0; +http://ahrefs.com/robot/)"
213.186.127.6 - - [01/Jun/2012:13:04:08 +0600] "GET /content/view/982/3/ HTTP/1.0" 200 6093 "-" "Mozilla/5.0 (compatible; AhrefsBot/3.0; +http://ahrefs.com/robot/)"
213.186.127.28 - - [01/Jun/2012:13:04:08 +0600] "GET /content/view/357/86/ HTTP/1.0" 200 6783 "-" "Mozilla/5.0 (compatible; AhrefsBot/3.0; +http://ahrefs.com/robot/)"
212.113.37.105 - - [01/Jun/2012:13:05:02 +0600] "GET /content/view/570/47/ HTTP/1.0" 200 5471 "-" "Mozilla/5.0 (compatible; AhrefsBot/3.0; +http://ahrefs.com/robot/)"
213.186.119.141 - - [01/Jun/2012:13:05:51 +0600] "GET /content/view/982/55/ HTTP/1.0" 200 6124 "-" "Mozilla/5.0 (compatible; AhrefsBot/3.0; +http://ahrefs.com/robot/)"
213.186.127.12 - - [01/Jun/2012:13:05:57 +0600] "GET /content/view/982/71/ HTTP/1.0" 200 6099 "-" "Mozilla/5.0 (compatible; AhrefsBot/3.0; +http://ahrefs.com/robot/)"
213.186.127.7 - - [01/Jun/2012:13:06:30 +0600] "GET /content/category/6/21/53/ HTTP/1.0" 200 5289 "-" "Mozilla/5.0 (compatible; AhrefsBot/3.0; +http://ahrefs.com/robot/)"
66.249.66.77 - - [01/Jun/2012:13:06:47 +0600] "GET /content/blogcategory/1/66/5/215/ HTTP/1.0" 200 7325 "-" "Mozilla/5.0 (compatible; Googlebot/2.1; +http://www.google.com/bot.html)"
95.66.192.2 - - [01/Jun/2012:13:06:48 +0600] "GET /files/articles/%D0%90%D0%BD%D0%B0%D0%BB%D0%B8%D0%B7%20%D1%80%D0%B0%D0%B1%D0%BE%D1%82%D1%8B%20%D0%B7%D0%B0%202010%20%D0%B3.pdf HTTP/1.0" 200 118103 "http://go.mail.ru/search?mailru=1&q=%D0%90%D0%BD%D0%B0%D0%BB%D0%B8%D0%B7+%D1%80%D0%B0%D0%B1%D0%BE%D1%82%D1%8B+%D0%B1%D0%B8%D0%B1%D0%BB%D0%B8%D0%BE%D1%82%D0%B5%D0%BA%D0%B0%D1%80%D1%8F+%D0%B7%D0%B0+%D0%B3%D0%BE%D0%B4" "Mozilla/5.0 (Windows NT 5.1) AppleWebKit/535.1 (KHTML, like Gecko) Chrome/14.0.835.187 Safari/535.1"
213.186.122.3 - - [01/Jun/2012:13:06:49 +0600] "GET /content/view/983/158/ HTTP/1.0" 200 6009 "-" "Mozilla/5.0 (compatible; AhrefsBot/3.0; +http://ahrefs.com/robot/)"
95.66.192.2 - - [01/Jun/2012:13:06:51 +0600] "GET /files/articles/%D0%90%D0%BD%D0%B0%D0%BB%D0%B8%D0%B7%20%D1%80%D0%B0%D0%B1%D0%BE%D1%82%D1%8B%20%D0%B7%D0%B0%202010%20%D0%B3.pdf HTTP/1.0" 206 32768 "http://csdb.ufanet.ru/files/articles/%D0%90%D0%BD%D0%B0%D0%BB%D0%B8%D0%B7%20%D1%80%D0%B0%D0%B1%D0%BE%D1%82%D1%8B%20%D0%B7%D0%B0%202010%20%D0%B3.pdf" "Mozilla/5.0 (Windows NT 5.1) AppleWebKit/535.1 (KHTML, like Gecko) Chrome/14.0.835.187 Safari/535.1"
95.66.192.2 - - [01/Jun/2012:13:06:53 +0600] "GET /files/articles/%D0%90%D0%BD%D0%B0%D0%BB%D0%B8%D0%B7%20%D1%80%D0%B0%D0%B1%D0%BE%D1%82%D1%8B%20%D0%B7%D0%B0%202010%20%D0%B3.pdf HTTP/1.0" 206 32768 "http://csdb.ufanet.ru/files/articles/%D0%90%D0%BD%D0%B0%D0%BB%D0%B8%D0%B7%20%D1%80%D0%B0%D0%B1%D0%BE%D1%82%D1%8B%20%D0%B7%D0%B0%202010%20%D0%B3.pdf" "Mozilla/5.0 (Windows NT 5.1) AppleWebKit/535.1 (KHTML, like Gecko) Chrome/14.0.835.187 Safari/535.1"
95.66.192.2 - - [01/Jun/2012:13:06:55 +0600] "GET /files/articles/%D0%90%D0%BD%D0%B0%D0%BB%D0%B8%D0%B7%20%D1%80%D0%B0%D0%B1%D0%BE%D1%82%D1%8B%20%D0%B7%D0%B0%202010%20%D0%B3.pdf HTTP/1.0" 206 52567 "http://csdb.ufanet.ru/files/articles/%D0%90%D0%BD%D0%B0%D0%BB%D0%B8%D0%B7%20%D1%80%D0%B0%D0%B1%D0%BE%D1%82%D1%8B%20%D0%B7%D0%B0%202010%20%D0%B3.pdf" "Mozilla/5.0 (Windows NT 5.1) AppleWebKit/535.1 (KHTML, like Gecko) Chrome/14.0.835.187 Safari/535.1"
213.186.127.10 - - [01/Jun/2012:13:07:18 +0600] "GET /content/view/575/183/ HTTP/1.0" 200 6577 "-" "Mozilla/5.0 (compatible; AhrefsBot/3.0; +http://ahrefs.com/robot/)"
94.41.21.163 - - [01/Jun/2012:13:07:54 +0600] "GET / HTTP/1.0" 200 6945 "http://www.google.ru/url?sa=t&rct=j&q=%D1%86%D0%B5%D0%BD%D1%82%D1%80%D0%B0%D0%BB%D1%8C%D0%BD%D0%B0%D1%8F%20%D0%B1%D0%B8%D0%B1%D0%BB%D0%B8%D0%BE%D1%82%D0%B5%D0%BA%D0%B0%20%D1%83%D1%84%D0%B0&source=web&cd=1&ved=0CFcQFjAA&url=http%3A%2F%2Fcsdb.ufanet.ru%2F&ei=SGrIT497ov_hBL2w0DI&usg=AFQjCNGr3-VhEuv4mWftvIFQmFcbxmmeUQ&sig2=tyOh1dj5DPPOIHWesTE-6g&cad=rjt" "Mozilla/5.0 (Macintosh; Intel Mac OS X 10_7_4) AppleWebKit/536.10.3 (KHTML, like Gecko) Version/5.2 Safari/536.10.3"
94.41.21.163 - - [01/Jun/2012:13:07:54 +0600] "GET /images/cgdb.swf HTTP/1.0" 200 19792297 "http://csdb.ufanet.ru/" "Mozilla/5.0 (Macintosh; Intel Mac OS X 10_7_4) AppleWebKit/536.10.3 (KHTML, like Gecko) Version/5.2 Safari/536.10.3"
77.79.148.61 - - [01/Jun/2012:13:08:12 +0600] "GET / HTTP/1.0" 200 6942 "-" "Mozilla/5.0 (Macintosh; Intel Mac OS X 10_6_8) AppleWebKit/534.57.2 (KHTML, like Gecko) Version/5.1.7 Safari/534.57.2"
213.186.127.6 - - [01/Jun/2012:13:08:28 +0600] "GET /content/view/983/235/ HTTP/1.0" 200 5061 "-" "Mozilla/5.0 (compatible; AhrefsBot/3.0; +http://ahrefs.com/robot/)"
213.186.119.138 - - [01/Jun/2012:13:08:40 +0600] "GET /content/view/983/192/ HTTP/1.0" 200 6018 "-" "Mozilla/5.0 (compatible; AhrefsBot/3.0; +http://ahrefs.com/robot/)"
213.186.119.140 - - [01/Jun/2012:13:09:07 +0600] "GET /content/view/643/52/ HTTP/1.0" 200 8022 "-" "Mozilla/5.0 (compatible; AhrefsBot/3.0; +http://ahrefs.com/robot/)"
213.186.122.3 - - [01/Jun/2012:13:09:26 +0600] "GET /content/view/983/3/ HTTP/1.0" 200 6003 "-" "Mozilla/5.0 (compatible; AhrefsBot/3.0; +http://ahrefs.com/robot/)"
213.186.127.3 - - [01/Jun/2012:13:10:26 +0600] "GET /content/view/983/55/ HTTP/1.0" 200 6034 "-" "Mozilla/5.0 (compatible; AhrefsBot/3.0; +http://ahrefs.com/robot/)"
213.186.127.6 - - [01/Jun/2012:13:10:34 +0600] "GET /content/view/983/71/ HTTP/1.0" 200 6006 "-" "Mozilla/5.0 (compatible; AhrefsBot/3.0; +http://ahrefs.com/robot/)"
66.249.66.77 - - [01/Jun/2012:13:10:35 +0600] "GET /content/view/879/138/ HTTP/1.0" 200 5080 "-" "Mozilla/5.0 (compatible; Googlebot/2.1; +http://www.google.com/bot.html)"
213.186.119.144 - - [01/Jun/2012:13:10:57 +0600] "GET /content/view/658/183/ HTTP/1.0" 200 6514 "-" "Mozilla/5.0 (compatible; AhrefsBot/3.0; +http://ahrefs.com/robot/)"
213.186.127.13 - - [01/Jun/2012:13:12:37 +0600] "GET /content/view/987/66/ HTTP/1.0" 200 6300 "-" "Mozilla/5.0 (compatible; AhrefsBot/3.0; +http://ahrefs.com/robot/)"
213.186.127.11 - - [01/Jun/2012:13:12:42 +0600] "GET /content/category/8/26/55/ HTTP/1.0" 200 5360 "-" "Mozilla/5.0 (compatible; AhrefsBot/3.0; +http://ahrefs.com/robot/)"
213.186.119.133 - - [01/Jun/2012:13:12:50 +0600] "GET /content/view/660/183/ HTTP/1.0" 200 6283 "-" "Mozilla/5.0 (compatible; AhrefsBot/3.0; +http://ahrefs.com/robot/)"
128.73.166.239 - - [01/Jun/2012:13:12:52 +0600] "GET / HTTP/1.0" 200 6906 "http://yandex.ru/yandsearch?text=%D0%98%D1%81%D0%BB%D0%B0%D0%BC%D0%BE%D0%B2%D0%B0+%D0%A0.+%D0%92%D1%81%D1%8F+%D0%B6%D0%B8%D0%B7%D0%BD%D1%8C+%D0%B5%D0%B3%D0%BE+%D0%B2+%D1%82%D0%B0%D0%BD%D1%86%D0%B5%21+%28%D0%9A+90-%D0%BB%D0%B5%D1%82%D0%B8%D1%8E+%D1%81%D0%BE+%D0%B4%D0%BD%D1%8F+%D1%80%D0%BE%D0%B6%D0%B4%D0%B5%D0%BD%D0%B8%D1%8F+%D0%A4%D0%B0%D0%B9%D0%B7%D0%B8+%D0%93%D0%B0%D1%81%D0%BA%D0%B0%D1%80%D0%BE%D0%B2%D0%B0%29+%2F%2F+%D0%A3%D1%87%D0%B8%D1%82%D0%B5%D0%BB%D1%8C+%D0%91%D0%B0%D1%88%D0%BA%D0%BE%D1%80%D1%82%D0%BE%D1%81%D1%82%D0%B0%D0%BD%D0%B0.+%E2%80%93+2002.+-+%E2%84%96+9.+%E2%80%93+%D1%81.51-55.&lr=194" "Opera/9.80 (Windows NT 5.1; U; ru) Presto/2.9.168 Version/11.50"
128.73.166.239 - - [01/Jun/2012:13:12:53 +0600] "GET /images/cgdb.swf HTTP/1.0" 200 19792297 "http://csdb.ufanet.ru/" "Opera/9.80 (Windows NT 5.1; U; ru) Presto/2.9.168 Version/11.50"
128.73.166.239 - - [01/Jun/2012:13:13:42 +0600] "GET /files/ucazatel/UFA430.pdf HTTP/1.0" 200 438765 "http://yandex.ru/yandsearch?text=%D0%98%D1%81%D0%BB%D0%B0%D0%BC%D0%BE%D0%B2%D0%B0+%D0%A0.+%D0%92%D1%81%D1%8F+%D0%B6%D0%B8%D0%B7%D0%BD%D1%8C+%D0%B5%D0%B3%D0%BE+%D0%B2+%D1%82%D0%B0%D0%BD%D1%86%D0%B5%21+%28%D0%9A+90-%D0%BB%D0%B5%D1%82%D0%B8%D1%8E+%D1%81%D0%BE+%D0%B4%D0%BD%D1%8F+%D1%80%D0%BE%D0%B6%D0%B4%D0%B5%D0%BD%D0%B8%D1%8F+%D0%A4%D0%B0%D0%B9%D0%B7%D0%B8+%D0%93%D0%B0%D1%81%D0%BA%D0%B0%D1%80%D0%BE%D0%B2%D0%B0%29+%2F%2F+%D0%A3%D1%87%D0%B8%D1%82%D0%B5%D0%BB%D1%8C+%D0%91%D0%B0%D1%88%D0%BA%D0%BE%D1%80%D1%82%D0%BE%D1%81%D1%82%D0%B0%D0%BD%D0%B0.+%E2%80%93+2002.+-+%E2%84%96+9.+%E2%80%93+%D1%81.51-55.&lr=194" "Opera/9.80 (Windows NT 5.1; U; ru) Presto/2.9.168 Version/11.50"
66.249.66.77 - - [01/Jun/2012:13:14:23 +0600] "GET /content/blogcategory/1/66/5/235/ HTTP/1.0" 200 7389 "-" "Mozilla/5.0 (compatible; Googlebot/2.1; +http://www.google.com/bot.html)"
213.186.119.144 - - [01/Jun/2012:13:17:47 +0600] "GET /content/view/203/52/ HTTP/1.0" 200 5752 "-" "Mozilla/5.0 (compatible; AhrefsBot/3.0; +http://ahrefs.com/robot/)"
213.186.119.143 - - [01/Jun/2012:13:17:59 +0600] "GET /content/view/989/192/ HTTP/1.0" 200 5525 "-" "Mozilla/5.0 (compatible; AhrefsBot/3.0; +http://ahrefs.com/robot/)"
213.186.127.12 - - [01/Jun/2012:13:18:13 +0600] "GET /content/view/763/183/ HTTP/1.0" 200 6532 "-" "Mozilla/5.0 (compatible; AhrefsBot/3.0; +http://ahrefs.com/robot/)"
212.113.37.106 - - [01/Jun/2012:13:18:57 +0600] "GET /content/view/989/235/ HTTP/1.0" 200 4561 "-" "Mozilla/5.0 (compatible; AhrefsBot/3.0; +http://ahrefs.com/robot/)"
66.249.66.77 - - [01/Jun/2012:13:19:21 +0600] "GET /content/view/950/120/ HTTP/1.0" 200 5080 "-" "Mozilla/5.0 (compatible; Googlebot/2.1; +http://www.google.com/bot.html)"
212.113.35.162 - - [01/Jun/2012:13:19:39 +0600] "GET /content/view/375/52/ HTTP/1.0" 200 5489 "-" "Mozilla/5.0 (compatible; AhrefsBot/3.0; +http://ahrefs.com/robot/)"
213.186.120.196 - - [01/Jun/2012:13:20:13 +0600] "GET /content/view/794/ HTTP/1.0" 200 4581 "-" "Mozilla/5.0 (compatible; AhrefsBot/3.0; +http://ahrefs.com/robot/)"
213.186.119.138 - - [01/Jun/2012:13:20:47 +0600] "GET /content/view/989/55/ HTTP/1.0" 200 5539 "-" "Mozilla/5.0 (compatible; AhrefsBot/3.0; +http://ahrefs.com/robot/)"
66.249.66.77 - - [01/Jun/2012:13:21:39 +0600] "GET /content/view/657/1/ HTTP/1.0" 200 5492 "-" "Mozilla/5.0 (compatible; Googlebot/2.1; +http://www.google.com/bot.html)"
212.113.35.162 - - [01/Jun/2012:13:21:44 +0600] "GET /content/view/989/66/ HTTP/1.0" 200 5529 "-" "Mozilla/5.0 (compatible; AhrefsBot/3.0; +http://ahrefs.com/robot/)"
213.186.122.2 - - [01/Jun/2012:13:21:54 +0600] "GET /content/view/794/105/ HTTP/1.0" 200 5651 "-" "Mozilla/5.0 (compatible; AhrefsBot/3.0; +http://ahrefs.com/robot/)"
213.186.122.3 - - [01/Jun/2012:13:22:01 +0600] "GET /content/view/989/71/ HTTP/1.0" 200 5518 "-" "Mozilla/5.0 (compatible; AhrefsBot/3.0; +http://ahrefs.com/robot/)"
213.186.119.133 - - [01/Jun/2012:13:22:27 +0600] "GET /content/view/379/52/ HTTP/1.0" 200 6215 "-" "Mozilla/5.0 (compatible; AhrefsBot/3.0; +http://ahrefs.com/robot/)"
213.186.127.3 - - [01/Jun/2012:13:22:27 +0600] "GET /content/view/794/157/ HTTP/1.0" 200 5669 "-" "Mozilla/5.0 (compatible; AhrefsBot/3.0; +http://ahrefs.com/robot/)"
213.186.127.28 - - [01/Jun/2012:13:22:40 +0600] "GET /content/view/991/66/ HTTP/1.0" 200 6092 "-" "Mozilla/5.0 (compatible; AhrefsBot/3.0; +http://ahrefs.com/robot/)"
212.113.37.105 - - [01/Jun/2012:13:23:16 +0600] "GET /content/view/204/47/ HTTP/1.0" 200 10196 "-" "Mozilla/5.0 (compatible; AhrefsBot/3.0; +http://ahrefs.com/robot/)"
213.186.127.11 - - [01/Jun/2012:13:23:23 +0600] "GET /content/view/794/192/ HTTP/1.0" 200 5660 "-" "Mozilla/5.0 (compatible; AhrefsBot/3.0; +http://ahrefs.com/robot/)"
213.186.127.8 - - [01/Jun/2012:13:23:37 +0600] "GET /content/view/992/66/ HTTP/1.0" 200 5913 "-" "Mozilla/5.0 (compatible; AhrefsBot/3.0; +http://ahrefs.com/robot/)"
212.113.37.106 - - [01/Jun/2012:13:23:54 +0600] "GET /index2.php?option=com_content&task=view&id=18&pop=1&page=0&Itemid=157 HTTP/1.0" 200 1632 "-" "Mozilla/5.0 (compatible; AhrefsBot/3.0; +http://ahrefs.com/robot/)"
213.186.122.3 - - [01/Jun/2012:13:24:08 +0600] "GET /index2.php?option=com_content&task=view&id=20&pop=1&page=0&Itemid=157 HTTP/1.0" 200 1594 "-" "Mozilla/5.0 (compatible; AhrefsBot/3.0; +http://ahrefs.com/robot/)"
213.186.127.10 - - [01/Jun/2012:13:24:18 +0600] "GET /content/view/384/78/ HTTP/1.0" 200 5643 "-" "Mozilla/5.0 (compatible; AhrefsBot/3.0; +http://ahrefs.com/robot/)"
213.186.127.12 - - [01/Jun/2012:13:24:55 +0600] "GET /index2.php?option=com_content&task=view&id=269&pop=1&page=0 HTTP/1.0" 200 1173 "-" "Mozilla/5.0 (compatible; AhrefsBot/3.0; +http://ahrefs.com/robot/)"
213.186.127.7 - - [01/Jun/2012:13:25:01 +0600] "GET /index2.php?option=com_content&task=view&id=22&pop=1&page=0&Itemid=157 HTTP/1.0" 200 1401 "-" "Mozilla/5.0 (compatible; AhrefsBot/3.0; +http://ahrefs.com/robot/)"
213.186.127.4 - - [01/Jun/2012:13:25:16 +0600] "GET /content/view/116/52/ HTTP/1.0" 200 6333 "-" "Mozilla/5.0 (compatible; AhrefsBot/3.0; +http://ahrefs.com/robot/)"
213.186.127.9 - - [01/Jun/2012:13:25:43 +0600] "GET /content/view/794/47/ HTTP/1.0" 200 5665 "-" "Mozilla/5.0 (compatible; AhrefsBot/3.0; +http://ahrefs.com/robot/)"
213.186.119.141 - - [01/Jun/2012:13:26:25 +0600] "GET /index2.php?option=com_content&task=view&id=506&pop=1&page=0&Itemid=91 HTTP/1.0" 200 4385 "-" "Mozilla/5.0 (compatible; AhrefsBot/3.0; +http://ahrefs.com/robot/)"
212.113.37.106 - - [01/Jun/2012:13:26:37 +0600] "GET /index2.php?option=com_content&task=view&id=794&pop=1&page=0&Itemid=1 HTTP/1.0" 200 1286 "-" "Mozilla/5.0 (compatible; AhrefsBot/3.0; +http://ahrefs.com/robot/)"
213.186.119.138 - - [01/Jun/2012:13:26:39 +0600] "GET /content/view/794/55/ HTTP/1.0" 200 5676 "-" "Mozilla/5.0 (compatible; AhrefsBot/3.0; +http://ahrefs.com/robot/)"
213.186.127.13 - - [01/Jun/2012:13:26:40 +0600] "GET /content/view/21/157/ HTTP/1.0" 200 6133 "-" "Mozilla/5.0 (compatible; AhrefsBot/3.0; +http://ahrefs.com/robot/)"
212.113.37.106 - - [01/Jun/2012:13:27:37 +0600] "GET /content/view/388/183/ HTTP/1.0" 200 6512 "-" "Mozilla/5.0 (compatible; AhrefsBot/3.0; +http://ahrefs.com/robot/)"
213.180.206.197 - - [01/Jun/2012:13:27:44 +0600] "GET / HTTP/1.0" 200 25461 "-" "Mozilla/5.0 (compatible; YandexMetrika/2.0; +http://yandex.com/bots)"
213.186.127.14 - - [01/Jun/2012:13:27:49 +0600] "GET /index2.php?option=com_content&task=view&id=970&pop=1&page=0&Itemid=1 HTTP/1.0" 200 6316 "-" "Mozilla/5.0 (compatible; AhrefsBot/3.0; +http://ahrefs.com/robot/)"
212.113.37.106 - - [01/Jun/2012:13:27:53 +0600] "GET /index2.php?option=com_content&task=view&id=976&pop=1&page=0&Itemid=1 HTTP/1.0" 200 2589 "-" "Mozilla/5.0 (compatible; AhrefsBot/3.0; +http://ahrefs.com/robot/)"
213.186.120.196 - - [01/Jun/2012:13:27:57 +0600] "GET /content/view/810/183/ HTTP/1.0" 200 6626 "-" "Mozilla/5.0 (compatible; AhrefsBot/3.0; +http://ahrefs.com/robot/)"
213.186.119.131 - - [01/Jun/2012:13:30:53 +0600] "GET /content/view/23/157/ HTTP/1.0" 200 5998 "-" "Mozilla/5.0 (compatible; AhrefsBot/3.0; +http://ahrefs.com/robot/)"
213.186.127.6 - - [01/Jun/2012:13:31:11 +0600] "GET /content/view/811/158/ HTTP/1.0" 200 5084 "-" "Mozilla/5.0 (compatible; AhrefsBot/3.0; +http://ahrefs.com/robot/)"
193.34.160.8 - - [01/Jun/2012:13:31:36 +0600] "GET /content/view/204/47/ HTTP/1.0" 200 10165 "-" "Opera/9.80 (Windows NT 6.1; U; ru) Presto/2.10.229 Version/11.64"
212.113.35.162 - - [01/Jun/2012:13:31:45 +0600] "GET /content/view/391/183/ HTTP/1.0" 200 6805 "-" "Mozilla/5.0 (compatible; AhrefsBot/3.0; +http://ahrefs.com/robot/)"
213.186.119.132 - - [01/Jun/2012:13:32:15 +0600] "GET /content/view/811/192/ HTTP/1.0" 200 5130 "-" "Mozilla/5.0 (compatible; AhrefsBot/3.0; +http://ahrefs.com/robot/)"
213.186.127.13 - - [01/Jun/2012:13:32:23 +0600] "GET / HTTP/1.0" 200 6944 "-" "Mozilla/5.0 (compatible; AhrefsBot/3.0; +http://ahrefs.com/robot/)"
213.186.119.131 - - [01/Jun/2012:13:32:46 +0600] "GET /content/view/117/52/ HTTP/1.0" 200 6206 "-" "Mozilla/5.0 (compatible; AhrefsBot/3.0; +http://ahrefs.com/robot/)"
80.239.243.103 - - [01/Jun/2012:13:32:47 +0600] "GET /content/view/976/1/ HTTP/1.0" 200 7312 "http://yandex.ru/msearch?text=%D0%BC%D0%B5%D1%80%D0%BE%D0%BF%D1%80%D0%B8%D1%8F%D1%82%D0%B8%D1%8F+%D0%BD%D0%B0+%D0%B4%D0%B5%D0%BD%D1%8C+%D0%B7%D0%B0%D1%89%D0%B8%D1%82%D1%8B+%D0%B4%D0%B5%D1%82%D0%B5%D0%B9&clid=46143&lr=172" "Opera/9.80 (J2ME/MIDP; Opera Mini/5.1.24009/27.1940; U; ru) Presto/2.8.119 Version/11.10"
213.186.127.6 - - [01/Jun/2012:13:32:55 +0600] "GET /content/view/811/235/ HTTP/1.0" 200 4135 "-" "Mozilla/5.0 (compatible; AhrefsBot/3.0; +http://ahrefs.com/robot/)"
213.186.127.12 - - [01/Jun/2012:13:33:41 +0600] "GET /content/view/811/55/ HTTP/1.0" 200 5145 "-" "Mozilla/5.0 (compatible; AhrefsBot/3.0; +http://ahrefs.com/robot/)"
213.186.127.9 - - [01/Jun/2012:13:34:38 +0600] "GET /content/view/243/52/ HTTP/1.0" 200 6454 "-" "Mozilla/5.0 (compatible; AhrefsBot/3.0; +http://ahrefs.com/robot/)"
213.186.119.142 - - [01/Jun/2012:13:35:06 +0600] "GET /content/view/811/66/ HTTP/1.0" 200 5137 "-" "Mozilla/5.0 (compatible; AhrefsBot/3.0; +http://ahrefs.com/robot/)"
213.186.127.4 - - [01/Jun/2012:13:35:59 +0600] "GET /content/view/811/71/ HTTP/1.0" 200 5085 "-" "Mozilla/5.0 (compatible; AhrefsBot/3.0; +http://ahrefs.com/robot/)"
212.113.37.106 - - [01/Jun/2012:13:36:03 +0600] "GET / HTTP/1.0" 200 6943 "-" "Mozilla/5.0 (compatible; AhrefsBot/3.0; +http://ahrefs.com/robot/)"
213.186.127.4 - - [01/Jun/2012:13:36:56 +0600] "GET /content/view/811/86/ HTTP/1.0" 200 5134 "-" "Mozilla/5.0 (compatible; AhrefsBot/3.0; +http://ahrefs.com/robot/)"
213.186.127.9 - - [01/Jun/2012:13:37:24 +0600] "GET /content/view/413/192/ HTTP/1.0" 200 6509 "-" "Mozilla/5.0 (compatible; AhrefsBot/3.0; +http://ahrefs.com/robot/)"
213.186.119.131 - - [01/Jun/2012:13:37:49 +0600] "GET /content/view/843/52/ HTTP/1.0" 200 5579 "-" "Mozilla/5.0 (compatible; AhrefsBot/3.0; +http://ahrefs.com/robot/)"
213.186.127.3 - - [01/Jun/2012:13:38:18 +0600] "GET /content/view/936/183/ HTTP/1.0" 200 6433 "-" "Mozilla/5.0 (compatible; AhrefsBot/3.0; +http://ahrefs.com/robot/)"
213.186.127.4 - - [01/Jun/2012:13:38:23 +0600] "GET /content/view/310/78/ HTTP/1.0" 200 5873 "-" "Mozilla/5.0 (compatible; AhrefsBot/3.0; +http://ahrefs.com/robot/)"
213.186.127.6 - - [01/Jun/2012:13:38:41 +0600] "GET /content/view/937/183/ HTTP/1.0" 200 6219 "-" "Mozilla/5.0 (compatible; AhrefsBot/3.0; +http://ahrefs.com/robot/)"
213.186.127.2 - - [01/Jun/2012:13:39:16 +0600] "GET /content/view/418/201/ HTTP/1.0" 200 5799 "-" "Mozilla/5.0 (compatible; AhrefsBot/3.0; +http://ahrefs.com/robot/)"
66.249.66.77 - - [01/Jun/2012:13:39:17 +0600] "GET /content/view/752/53/ HTTP/1.0" 200 5139 "-" "Mozilla/5.0 (compatible; Googlebot/2.1; +http://www.google.com/bot.html)"
212.113.37.105 - - [01/Jun/2012:13:39:47 +0600] "GET /content/view/14/47/ HTTP/1.0" 200 6329 "-" "Mozilla/5.0 (compatible; AhrefsBot/3.0; +http://ahrefs.com/robot/)"
212.98.176.255 - - [01/Jun/2012:13:39:59 +0600] "GET /content/view/761/66/ HTTP/1.0" 200 6140 "http://www.google.by/url?sa=t&rct=j&q=%D0%B2%D0%B8%D1%80%D1%82%D1%83%D0%B0%D0%BB%D1%8C%D0%BD%D0%BE%D0%B5%20%D0%BF%D1%83%D1%82%D0%B5%D1%88%D0%B5%D1%81%D1%82%D0%B2%D0%B8%D0%B5%20%D0%B4%D0%B8%D1%81%D0%BD%D0%B5%D0%B9&source=web&cd=6&ved=0CFYQFjAF&url=http%3A%2F%2Fcsdb.ufanet.ru%2Fcontent%2Fview%2F761%2F66%2F&ei=r3HIT-_OBMHQ-gbB4rVg&usg=AFQjCNGvo0ZJv9c7R1X8IEJneGHlRRrqhQ" "Mozilla/5.0 (Windows NT 6.1) AppleWebKit/536.5 (KHTML, like Gecko) Chrome/19.0.1084.52 Safari/536.5"
178.154.163.30 - - [01/Jun/2012:13:40:23 +0600] "GET / HTTP/1.0" 200 6945 "-" "Mozilla/5.0 (compatible; YandexDirect/3.0; +http://yandex.com/bots)"
212.113.35.162 - - [01/Jun/2012:13:40:33 +0600] "GET /content/view/970/ HTTP/1.0" 200 9978 "-" "Mozilla/5.0 (compatible; AhrefsBot/3.0; +http://ahrefs.com/robot/)"
213.186.127.2 - - [01/Jun/2012:13:41:07 +0600] "GET /content/view/424/78/ HTTP/1.0" 200 3468 "-" "Mozilla/5.0 (compatible; AhrefsBot/3.0; +http://ahrefs.com/robot/)"
193.34.160.8 - - [01/Jun/2012:13:41:12 +0600] "GET /content/view/204/47/ HTTP/1.0" 200 10165 "-" "Opera/9.80 (Windows NT 6.1; U; ru) Presto/2.10.229 Version/11.64"
213.186.127.6 - - [01/Jun/2012:13:41:20 +0600] "GET /content/view/970/192/ HTTP/1.0" 200 11125 "-" "Mozilla/5.0 (compatible; AhrefsBot/3.0; +http://ahrefs.com/robot/)"
213.186.127.10 - - [01/Jun/2012:13:41:35 +0600] "GET /content/view/970/105/ HTTP/1.0" 200 11114 "-" "Mozilla/5.0 (compatible; AhrefsBot/3.0; +http://ahrefs.com/robot/)"
212.98.176.255 - - [01/Jun/2012:13:41:40 +0600] "GET /content/view/760/66/ HTTP/1.0" 200 5919 "http://csdb.ufanet.ru/content/view/761/66/" "Mozilla/5.0 (Windows NT 6.1) AppleWebKit/536.5 (KHTML, like Gecko) Chrome/19.0.1084.52 Safari/536.5"
213.186.127.13 - - [01/Jun/2012:13:42:00 +0600] "GET /content/view/433/78/ HTTP/1.0" 200 5742 "-" "Mozilla/5.0 (compatible; AhrefsBot/3.0; +http://ahrefs.com/robot/)"
213.186.119.137 - - [01/Jun/2012:13:42:08 +0600] "GET /content/view/311/78/ HTTP/1.0" 200 4493 "-" "Mozilla/5.0 (compatible; AhrefsBot/3.0; +http://ahrefs.com/robot/)"
213.186.127.12 - - [01/Jun/2012:13:42:18 +0600] "GET /content/view/970/235/ HTTP/1.0" 200 10170 "-" "Mozilla/5.0 (compatible; AhrefsBot/3.0; +http://ahrefs.com/robot/)"
213.186.127.11 - - [01/Jun/2012:13:42:57 +0600] "GET /content/category/8/23/55/ HTTP/1.0" 200 5290 "-" "Mozilla/5.0 (compatible; AhrefsBot/3.0; +http://ahrefs.com/robot/)"
188.162.219.10 - - [01/Jun/2012:13:44:24 +0600] "GET /content/view/976/1/ HTTP/1.0" 200 7389 "http://www.google.ru/url?sa=t&rct=j&q=%D1%83%D1%84%D0%B0%201%20%D0%B8%D1%8E%D0%BD%D1%8F%20%D0%BF%D1%80%D0%BE%D0%B3%D1%80%D0%B0%D0%BC%D0%BC%D0%B0&source=web&cd=5&ved=0CFgQFjAE&url=http%3A%2F%2Fcsdb.ufanet.ru%2Fcontent%2Fview%2F976%2F1%2F&ei=zHLIT8eYFuik4gT5r-A-&usg=AFQjCNEgWxYkffUJFzC_9LgLj3LmxjuRsg&cad=rjt" "Mozilla/5.0 (Windows NT 6.1; WOW64; rv:11.0) Gecko/20100101 Firefox/11.0"
65.52.109.62 - - [01/Jun/2012:13:44:41 +0600] "GET /content/view/424/78/ HTTP/1.0" 200 3468 "-" "Mozilla/5.0 (compatible; bingbot/2.0; +http://www.bing.com/bingbot.htm)"
213.186.122.3 - - [01/Jun/2012:13:45:47 +0600] "GET /content/view/312/78/ HTTP/1.0" 200 3868 "-" "Mozilla/5.0 (compatible; AhrefsBot/3.0; +http://ahrefs.com/robot/)"
212.113.37.105 - - [01/Jun/2012:13:46:09 +0600] "GET /content/view/970/71/ HTTP/1.0" 200 11113 "-" "Mozilla/5.0 (compatible; AhrefsBot/3.0; +http://ahrefs.com/robot/)"
213.186.119.142 - - [01/Jun/2012:13:46:43 +0600] "GET /content/view/473/78/ HTTP/1.0" 200 3399 "-" "Mozilla/5.0 (compatible; AhrefsBot/3.0; +http://ahrefs.com/robot/)"
213.186.127.11 - - [01/Jun/2012:13:46:51 +0600] "GET /content/view/970/86/ HTTP/1.0" 200 11129 "-" "Mozilla/5.0 (compatible; AhrefsBot/3.0; +http://ahrefs.com/robot/)"
66.249.66.77 - - [01/Jun/2012:13:46:55 +0600] "GET /content/view/879/142/ HTTP/1.0" 200 5083 "-" "Mozilla/5.0 (compatible; Googlebot/2.1; +http://www.google.com/bot.html)"
95.105.56.100 - - [01/Jun/2012:13:47:17 +0600] "GET /images/mb/img38/free_access.swf HTTP/1.0" 206 1 "http://csdb.ufanet.ru/mb38/" "Mozilla/5.0 (Windows NT 5.1) AppleWebKit/536.5 (KHTML, like Gecko) Chrome/19.0.1084.52 Safari/536.5"
95.105.56.100 - - [01/Jun/2012:13:47:18 +0600] "GET /images/mb/img38/free_access.swf HTTP/1.0" 206 3074589 "http://csdb.ufanet.ru/mb38/" "Mozilla/5.0 (Windows NT 5.1) AppleWebKit/536.5 (KHTML, like Gecko) Chrome/19.0.1084.52 Safari/536.5"
95.105.56.100 - - [01/Jun/2012:13:47:20 +0600] "GET /content/blogcategory/1/66/ HTTP/1.0" 200 7653 "http://csdb.ufanet.ru/" "Mozilla/5.0 (Windows NT 5.1) AppleWebKit/536.5 (KHTML, like Gecko) Chrome/19.0.1084.52 Safari/536.5"
213.186.127.11 - - [01/Jun/2012:13:47:23 +0600] "GET /content/view/146/52/ HTTP/1.0" 200 5898 "-" "Mozilla/5.0 (compatible; AhrefsBot/3.0; +http://ahrefs.com/robot/)"
195.34.235.134 - - [01/Jun/2012:13:47:33 +0600] "GET /files/articles/%D0%9F%D1%80%D0%BE%D0%B5%D0%BA%D1%82%D0%BD%D0%BE%D0%B5%20%D1%80%D0%B0%D0%B7%D0%B2%D0%B8%D1%82%D0%B8%D0%B5%20%D0%B1%D0%B8%D0%B1%D0%BB%D0%B8%D0%BE%D1%82%D0%B5%D0%BA%20%D0%90%D0%92%D0%93%D0%A3%D0%A1%D0%A2%D0%9E%D0%92%D0%A1%D0%9A%D0%9E%D0%95%20%D0%A1%D0%9E%D0%92%D0%95%D0%A9%D0%90%D0%9D%D0%98%D0%95.pdf HTTP/1.0" 200 119967 "http://yandex.ru/yandsearch?text=%D0%BF%D1%80%D0%BE%D0%B5%D0%BA%D1%82%D0%BD%D0%B0%D1%8F+%D0%B4%D0%B5%D1%8F%D1%82%D0%B5%D0%BB%D1%8C%D0%BD%D0%BE%D1%81%D1%82%D1%8C+%D0%B1%D0%B8%D0%B1%D0%BB%D0%B8%D0%BE%D1%82%D0%B5%D0%BA&lr=9" "Mozilla/5.0 (Windows NT 5.1; rv:2.0.1) Gecko/20100101 Firefox/4.0.1"
195.34.235.134 - - [01/Jun/2012:13:47:55 +0600] "GET /files/articles/%D0%9F%D1%80%D0%BE%D0%B5%D0%BA%D1%82%D0%BD%D0%BE%D0%B5%20%D1%80%D0%B0%D0%B7%D0%B2%D0%B8%D1%82%D0%B8%D0%B5%20%D0%B1%D0%B8%D0%B1%D0%BB%D0%B8%D0%BE%D1%82%D0%B5%D0%BA%20%D0%90%D0%92%D0%93%D0%A3%D0%A1%D0%A2%D0%9E%D0%92%D0%A1%D0%9A%D0%9E%D0%95%20%D0%A1%D0%9E%D0%92%D0%95%D0%A9%D0%90%D0%9D%D0%98%D0%95.pdf HTTP/1.0" 206 87418 "-" "Mozilla/5.0 (Windows NT 5.1; rv:2.0.1) Gecko/20100101 Firefox/4.0.1"
95.105.56.100 - - [01/Jun/2012:13:48:03 +0600] "GET /images/mb/img38/free_access.swf HTTP/1.0" 206 1 "http://csdb.ufanet.ru/mb38/" "Mozilla/5.0 (Windows NT 5.1) AppleWebKit/536.5 (KHTML, like Gecko) Chrome/19.0.1084.52 Safari/536.5"
95.105.56.100 - - [01/Jun/2012:13:48:04 +0600] "GET /images/mb/img38/free_access.swf HTTP/1.0" 206 3074589 "http://csdb.ufanet.ru/mb38/" "Mozilla/5.0 (Windows NT 5.1) AppleWebKit/536.5 (KHTML, like Gecko) Chrome/19.0.1084.52 Safari/536.5"
212.113.37.106 - - [01/Jun/2012:13:48:10 +0600] "GET /content/view/976/105/ HTTP/1.0" 200 6967 "-" "Mozilla/5.0 (compatible; AhrefsBot/3.0; +http://ahrefs.com/robot/)"
213.186.127.13 - - [01/Jun/2012:13:48:15 +0600] "GET /content/view/52/47/ HTTP/1.0" 200 6563 "-" "Mozilla/5.0 (compatible; AhrefsBot/3.0; +http://ahrefs.com/robot/)"
213.186.120.196 - - [01/Jun/2012:13:49:09 +0600] "GET /content/view/521/183/ HTTP/1.0" 200 7061 "-" "Mozilla/5.0 (compatible; AhrefsBot/3.0; +http://ahrefs.com/robot/)"
95.105.56.100 - - [01/Jun/2012:13:49:35 +0600] "GET /images/mb/img38/free_access.swf HTTP/1.0" 206 1 "http://csdb.ufanet.ru/mb38/" "Mozilla/5.0 (Windows NT 5.1) AppleWebKit/536.5 (KHTML, like Gecko) Chrome/19.0.1084.52 Safari/536.5"
95.105.56.100 - - [01/Jun/2012:13:49:35 +0600] "GET /images/mb/img38/free_access.swf HTTP/1.0" 206 2972871 "http://csdb.ufanet.ru/mb38/" "Mozilla/5.0 (Windows NT 5.1) AppleWebKit/536.5 (KHTML, like Gecko) Chrome/19.0.1084.52 Safari/536.5"
95.105.56.100 - - [01/Jun/2012:13:49:38 +0600] "GET /content/blogcategory/1/66/ HTTP/1.0" 200 7655 "http://csdb.ufanet.ru/" "Mozilla/5.0 (Windows NT 5.1) AppleWebKit/536.5 (KHTML, like Gecko) Chrome/19.0.1084.52 Safari/536.5"
213.186.119.139 - - [01/Jun/2012:13:49:38 +0600] "GET /content/view/312/91/ HTTP/1.0" 200 4108 "-" "Mozilla/5.0 (compatible; AhrefsBot/3.0; +http://ahrefs.com/robot/)"
213.186.119.133 - - [01/Jun/2012:13:49:57 +0600] "GET /content/view/976/157/ HTTP/1.0" 200 6983 "-" "Mozilla/5.0 (compatible; AhrefsBot/3.0; +http://ahrefs.com/robot/)"
66.249.66.77 - - [01/Jun/2012:13:50:00 +0600] "GET /content/view/952/120/ HTTP/1.0" 200 5078 "-" "Mozilla/5.0 (compatible; Googlebot/2.1; +http://www.google.com/bot.html)"
95.105.56.100 - - [01/Jun/2012:13:50:17 +0600] "GET /images/mb/img38/free_access.swf HTTP/1.0" 206 1 "http://csdb.ufanet.ru/mb38/" "Mozilla/5.0 (Windows NT 5.1) AppleWebKit/536.5 (KHTML, like Gecko) Chrome/19.0.1084.52 Safari/536.5"
95.105.56.100 - - [01/Jun/2012:13:50:17 +0600] "GET /images/mb/img38/free_access.swf HTTP/1.0" 206 2972871 "http://csdb.ufanet.ru/mb38/" "Mozilla/5.0 (Windows NT 5.1) AppleWebKit/536.5 (KHTML, like Gecko) Chrome/19.0.1084.52 Safari/536.5"
68.233.226.103 - - [01/Jun/2012:13:52:09 +0600] "GET /content/view/989/240/ HTTP/1.0" 200 20182 "-" "Mozilla/5.0 (Windows NT 5.1) AppleWebKit/535.2 (KHTML, like Gecko) Chrome/15.0.872.0 Safari/535.2"
178.154.163.30 - - [01/Jun/2012:13:56:34 +0600] "GET /mb38/ HTTP/1.0" 304 - "-" "Mozilla/5.0 (compatible; YandexBot/3.0; +http://yandex.com/bots)"
157.55.17.145 - - [01/Jun/2012:13:56:48 +0600] "GET /content/category/8/26/55/ HTTP/1.0" 200 5362 "-" "Mozilla/5.0 (compatible; bingbot/2.0; +http://www.bing.com/bingbot.htm)"
178.154.163.30 - - [01/Jun/2012:13:58:07 +0600] "GET /mb38/ HTTP/1.0" 304 - "-" "Mozilla/5.0 (compatible; YandexBot/3.0; +http://yandex.com/bots)"
66.249.66.77 - - [01/Jun/2012:13:59:55 +0600] "GET /index2.php?option=com_content&task=view&id=778&pop=1&page=0 HTTP/1.0" 200 1684 "-" "Mozilla/5.0 (compatible; Googlebot/2.1; +http://www.google.com/bot.html)"
66.249.72.137 - - [01/Jun/2012:14:02:19 +0600] "GET /component/option,com_frontpage/Itemid,1/ HTTP/1.0" 200 6967 "-" "Mozilla/5.0 (compatible; Googlebot/2.1; +http://www.google.com/bot.html)"
213.180.206.197 - - [01/Jun/2012:14:04:24 +0600] "GET / HTTP/1.0" 200 25506 "-" "Mozilla/5.0 (compatible; YandexMetrika/2.0; +http://yandex.com/bots)"
46.191.178.136 - - [01/Jun/2012:14:08:41 +0600] "GET /content/view/976/47/ HTTP/1.0" 200 6978 "http://www.bing.com/search?q=%d0%bc%d0%b5%d1%80%d0%be%d0%bf%d1%80%d0%b8%d1%8f%d1%82%d0%b8%d1%8f+2+%d0%b8%d1%8e%d0%bd%d1%8f+%d1%83%d1%84%d0%b0&qs=n&pc=MASM&filt=all&pq=%d0%bc%d0%b5%d1%80%d0%be%d0%bf%d1%80%d0%b8%d1%8f%d1%82%d0%b8%d1%8f+2+%d0%b8%d1%8e%d0%bd%d1%8f+%d1%83%d1%84%d0%b0&sc=0-13&sp=-1&sk=&first=11&FORM=PERE" "Mozilla/5.0 (compatible; MSIE 9.0; Windows NT 6.1; WOW64; Trident/5.0)"
66.249.66.77 - - [01/Jun/2012:14:12:04 +0600] "GET /content/view/819/201/ HTTP/1.0" 200 5078 "-" "Mozilla/5.0 (compatible; Googlebot/2.1; +http://www.google.com/bot.html)"
66.249.72.137 - - [01/Jun/2012:14:14:38 +0600] "GET /component/option,com_true/Itemid,232/ HTTP/1.0" 200 3724 "-" "Mozilla/5.0 (compatible; Googlebot/2.1; +http://www.google.com/bot.html)"
66.249.66.77 - - [01/Jun/2012:14:15:51 +0600] "GET /content/view/743/66/ HTTP/1.0" 200 5922 "-" "Mozilla/5.0 (compatible; Googlebot/2.1; +http://www.google.com/bot.html)"
31.8.17.22 - - [01/Jun/2012:14:17:14 +0600] "GET /content/view/204/47 HTTP/1.0" 200 10165 "http://yandex.ru/yandsearch?text=%D1%80%D0%B0%D0%B1%D0%BE%D1%82%D0%B0+%D0%B4%D0%B5%D1%82%D1%81%D0%BA%D0%B8%D1%85+%D0%B1%D0%B8%D0%B1%D0%BB%D0%B8%D0%BE%D1%82%D0%B5%D0%BA+%D0%B2+%D0%A0%D0%91&lr=172" "Opera/9.10 (Windows NT 6.1; U; ru)"
66.249.66.77 - - [01/Jun/2012:14:17:22 +0600] "GET /content/view/50/51/ HTTP/1.0" 200 3004 "-" "Mozilla/5.0 (compatible; Googlebot/2.1; +http://www.google.com/bot.html)"
66.249.66.77 - - [01/Jun/2012:14:18:03 +0600] "GET /content/view/794/1/ HTTP/1.0" 200 6041 "-" "Mozilla/5.0 (compatible; Googlebot/2.1; +http://www.google.com/bot.html)"
178.154.163.30 - - [01/Jun/2012:14:18:20 +0600] "GET /content/view/976/47/ HTTP/1.0" 200 6979 "-" "Mozilla/5.0 (compatible; YandexBot/3.0; +http://yandex.com/bots)"
31.8.17.22 - - [01/Jun/2012:14:18:37 +0600] "GET /content/view/382/158/ HTTP/1.0" 200 6331 "http://csdb.ufanet.ru/content/view/204/47" "Opera/9.10 (Windows NT 6.1; U; ru)"
31.8.17.22 - - [01/Jun/2012:14:18:37 +0600] "GET /content/view/382/158/ HTTP/1.0" 200 6333 "http://csdb.ufanet.ru/content/view/204/47" "Opera/9.10 (Windows NT 6.1; U; ru)"
31.8.17.22 - - [01/Jun/2012:14:18:38 +0600] "GET /%22%22%22%22%22http://csdb.ufanet.ru/templates/csdb/images/strelka.gif%22%22%22%22%22 HTTP/1.0" 404 392 "http://csdb.ufanet.ru/content/view/382/158/" "Opera/9.10 (Windows NT 6.1; U; ru)"
31.8.17.22 - - [01/Jun/2012:14:18:56 +0600] "GET /component/option,com_frontpage/Itemid,1/ HTTP/1.0" 200 6930 "http://csdb.ufanet.ru/content/view/382/158/" "Opera/9.10 (Windows NT 6.1; U; ru)"
31.8.17.22 - - [01/Jun/2012:14:18:56 +0600] "GET /component/option,com_frontpage/Itemid,1/ HTTP/1.0" 200 6927 "http://csdb.ufanet.ru/content/view/382/158/" "Opera/9.10 (Windows NT 6.1; U; ru)"
31.8.17.22 - - [01/Jun/2012:14:19:51 +0600] "GET /content/category/7/20/52/ HTTP/1.0" 200 5671 "http://csdb.ufanet.ru/component/option,com_frontpage/Itemid,1/" "Opera/9.10 (Windows NT 6.1; U; ru)"
31.8.17.22 - - [01/Jun/2012:14:19:57 +0600] "GET /content/category/7/20/52/ HTTP/1.0" 200 5671 "http://csdb.ufanet.ru/content/category/7/20/52/" "Opera/9.10 (Windows NT 6.1; U; ru)"
31.8.17.22 - - [01/Jun/2012:14:20:06 +0600] "GET /content/view/843/52/ HTTP/1.0" 200 5546 "http://csdb.ufanet.ru/content/category/7/20/52/" "Opera/9.10 (Windows NT 6.1; U; ru)"
31.8.17.22 - - [01/Jun/2012:14:20:07 +0600] "GET /content/view/843/52/ HTTP/1.0" 200 5547 "http://csdb.ufanet.ru/content/category/7/20/52/" "Opera/9.10 (Windows NT 6.1; U; ru)"
66.249.66.77 - - [01/Jun/2012:14:20:47 +0600] "GET /content/view/534/135/ HTTP/1.0" 200 5082 "-" "Mozilla/5.0 (compatible; Googlebot/2.1; +http://www.google.com/bot.html)"
81.30.181.151 - - [01/Jun/2012:14:21:01 +0600] "GET /content/view/976/1/ HTTP/1.0" 200 7337 "http://yandex.ru/yandsearch?text=%D0%B4%D0%B5%D1%82%D1%81%D0%BA%D0%B8%D0%B5+%D0%BC%D0%B5%D1%80%D0%BE%D0%BF%D1%80%D0%B8%D1%82%D0%B8%D1%8F+%D0%BF%D0%BE%D1%81%D0%B2%D1%8F%D1%89%D0%B5%D0%BD%D0%BD%D0%BE%D0%B9+%D0%BA%D0%BE+%D0%B4%D0%BD%D1%8E+%D0%B7%D0%B0%D1%89%D0%B8%D1%82%D1%8B+%D0%B4%D0%B5%D1%82%D0%B5%D0%B9+%D0%B2+%D0%A3%D1%84%D0%B5&clid=135293&lr=172" "Opera/9.80 (Windows NT 6.0; U; MRA 5.9 (build 4848); ru) Presto/2.10.229 Version/11.64"
31.8.17.22 - - [01/Jun/2012:14:23:46 +0600] "GET /content/view/643/52/ HTTP/1.0" 200 7979 "http://csdb.ufanet.ru/content/view/843/52/" "Opera/9.10 (Windows NT 6.1; U; ru)"
31.8.17.22 - - [01/Jun/2012:14:24:10 +0600] "GET /content/view/549/52/ HTTP/1.0" 200 5917 "http://csdb.ufanet.ru/content/view/643/52/" "Opera/9.10 (Windows NT 6.1; U; ru)"
31.8.17.22 - - [01/Jun/2012:14:24:16 +0600] "GET /content/view/379/52/ HTTP/1.0" 200 6180 "http://csdb.ufanet.ru/content/view/549/52/" "Opera/9.10 (Windows NT 6.1; U; ru)"
31.8.17.22 - - [01/Jun/2012:14:24:29 +0600] "GET /content/view/375/52/ HTTP/1.0" 200 5455 "http://csdb.ufanet.ru/content/view/379/52/" "Opera/9.10 (Windows NT 6.1; U; ru)"
31.8.17.22 - - [01/Jun/2012:14:26:12 +0600] "GET /content/view/369/52/ HTTP/1.0" 200 5781 "http://csdb.ufanet.ru/content/view/375/52/" "Opera/9.10 (Windows NT 6.1; U; ru)"
31.8.17.22 - - [01/Jun/2012:14:26:52 +0600] "GET /content/view/368/52/ HTTP/1.0" 200 5750 "http://csdb.ufanet.ru/content/view/369/52/" "Opera/9.10 (Windows NT 6.1; U; ru)"
31.8.17.22 - - [01/Jun/2012:14:27:13 +0600] "GET /content/view/367/52/ HTTP/1.0" 200 5691 "http://csdb.ufanet.ru/content/view/368/52/" "Opera/9.10 (Windows NT 6.1; U; ru)"
31.8.17.22 - - [01/Jun/2012:14:28:14 +0600] "GET /content/view/243/52/ HTTP/1.0" 200 6418 "http://csdb.ufanet.ru/content/view/367/52/" "Opera/9.10 (Windows NT 6.1; U; ru)"
31.8.17.22 - - [01/Jun/2012:14:28:29 +0600] "GET /content/category/14/43/192/ HTTP/1.0" 200 5344 "http://csdb.ufanet.ru/content/view/243/52/" "Opera/9.10 (Windows NT 6.1; U; ru)"
31.8.17.22 - - [01/Jun/2012:14:28:29 +0600] "GET /content/category/14/43/192/ HTTP/1.0" 200 5346 "http://csdb.ufanet.ru/content/view/243/52/" "Opera/9.10 (Windows NT 6.1; U; ru)"
31.8.17.22 - - [01/Jun/2012:14:28:38 +0600] "GET /content/category/14/42/183/ HTTP/1.0" 200 5723 "http://csdb.ufanet.ru/content/category/14/43/192/" "Opera/9.10 (Windows NT 6.1; U; ru)"
31.8.17.22 - - [01/Jun/2012:14:28:38 +0600] "GET /content/category/14/42/183/ HTTP/1.0" 200 5725 "http://csdb.ufanet.ru/content/category/14/43/192/" "Opera/9.10 (Windows NT 6.1; U; ru)"
188.134.46.135 - - [01/Jun/2012:14:28:40 +0600] "GET /content/view/286/149/ HTTP/1.0" 200 26412 "-" "Mozilla/5.0 (Windows; U; Windows NT 5.2; ru; rv:1.9.2.12) Gecko/20101026 Firefox/3.6.12"
31.8.17.22 - - [01/Jun/2012:14:28:44 +0600] "GET /content/view/984/183/ HTTP/1.0" 200 6357 "http://csdb.ufanet.ru/content/category/14/42/183/" "Opera/9.10 (Windows NT 6.1; U; ru)"
31.8.17.22 - - [01/Jun/2012:14:28:53 +0600] "GET /content/category/14/42/183/ HTTP/1.0" 200 5727 "http://csdb.ufanet.ru/content/view/984/183/" "Opera/9.10 (Windows NT 6.1; U; ru)"
31.8.17.22 - - [01/Jun/2012:14:29:04 +0600] "GET /content/section/8/55/ HTTP/1.0" 200 5179 "http://csdb.ufanet.ru/content/category/14/42/183/" "Opera/9.10 (Windows NT 6.1; U; ru)"
31.8.17.22 - - [01/Jun/2012:14:29:12 +0600] "GET /component/option,com_facileforms/Itemid,71/ HTTP/1.0" 200 5206 "http://csdb.ufanet.ru/content/section/8/55/" "Opera/9.10 (Windows NT 6.1; U; ru)"
31.8.17.22 - - [01/Jun/2012:14:29:12 +0600] "GET /index2.php?option=com_facileforms&Itemid=71&ff_form=11&ff_frame=1&ff_border=1 HTTP/1.0" 200 4024 "http://csdb.ufanet.ru/component/option,com_facileforms/Itemid,71/" "Opera/9.10 (Windows NT 6.1; U; ru)"
31.8.17.22 - - [01/Jun/2012:14:29:13 +0600] "GET /components/com_facileforms/secimage.php?sessid=hbn8hnrvtvltr18oltggqfgeg7 HTTP/1.0" 200 272 "http://csdb.ufanet.ru/index2.php?option=com_facileforms&Itemid=71&ff_form=11&ff_frame=1&ff_border=1" "Opera/9.10 (Windows NT 6.1; U; ru)"
31.8.17.22 - - [01/Jun/2012:14:29:48 +0600] "GET /content/view/204/47 HTTP/1.0" 200 10163 "http://yandex.ru/yandsearch?text=%D1%80%D0%B0%D0%B1%D0%BE%D1%82%D0%B0+%D0%B4%D0%B5%D1%82%D1%81%D0%BA%D0%B8%D1%85+%D0%B1%D0%B8%D0%B1%D0%BB%D0%B8%D0%BE%D1%82%D0%B5%D0%BA+%D0%B2+%D0%A0%D0%91&lr=172" "Opera/9.10 (Windows NT 6.1; U; ru)"
31.8.17.22 - - [01/Jun/2012:14:30:28 +0600] "GET /content/view/970/1/ HTTP/1.0" 200 11409 "http://csdb.ufanet.ru/content/view/204/47" "Opera/9.10 (Windows NT 6.1; U; ru)"
31.8.17.22 - - [01/Jun/2012:14:30:28 +0600] "GET /content/view/970/1/ HTTP/1.0" 200 11412 "http://csdb.ufanet.ru/content/view/204/47" "Opera/9.10 (Windows NT 6.1; U; ru)"
31.8.17.22 - - [01/Jun/2012:14:31:01 +0600] "GET /content/view/794/1/ HTTP/1.0" 200 6033 "http://csdb.ufanet.ru/content/view/970/1/" "Opera/9.10 (Windows NT 6.1; U; ru)"
31.8.17.22 - - [01/Jun/2012:14:31:01 +0600] "GET /content/view/794/1/ HTTP/1.0" 200 6030 "http://csdb.ufanet.ru/content/view/970/1/" "Opera/9.10 (Windows NT 6.1; U; ru)"
178.154.163.30 - - [01/Jun/2012:14:31:21 +0600] "GET /content/view/643/52/ HTTP/1.0" 200 8021 "-" "Mozilla/5.0 (compatible; YandexBot/3.0; +http://yandex.com/bots)"
31.8.17.22 - - [01/Jun/2012:14:31:23 +0600] "GET /content/view/989/1/ HTTP/1.0" 200 5902 "http://csdb.ufanet.ru/content/view/204/47" "Opera/9.10 (Windows NT 6.1; U; ru)"
31.8.17.22 - - [01/Jun/2012:14:31:23 +0600] "GET /content/view/989/1/ HTTP/1.0" 200 5903 "http://csdb.ufanet.ru/content/view/204/47" "Opera/9.10 (Windows NT 6.1; U; ru)"
31.8.17.22 - - [01/Jun/2012:14:31:40 +0600] "GET /content/view/982/1/ HTTP/1.0" 200 6490 "http://csdb.ufanet.ru/content/view/989/1/" "Opera/9.10 (Windows NT 6.1; U; ru)"
81.30.179.38 - - [01/Jun/2012:14:33:31 +0600] "GET /administrator HTTP/1.0" 301 323 "-" "Mozilla/5.0 (Windows; U; Windows NT 5.1; ru; rv:1.9.2.13) Gecko/20101203 Firefox/3.6.13"
81.30.179.38 - - [01/Jun/2012:14:33:36 +0600] "GET /administrator/ HTTP/1.0" 200 1314 "-" "Mozilla/5.0 (Windows; U; Windows NT 5.1; ru; rv:1.9.2.13) Gecko/20101203 Firefox/3.6.13"
66.249.66.77 - - [01/Jun/2012:14:38:13 +0600] "GET /index.php HTTP/1.0" 200 6965 "-" "Mozilla/5.0 (compatible; Googlebot/2.1; +http://www.google.com/bot.html)"
178.154.163.30 - - [01/Jun/2012:14:38:38 +0600] "GET /content/view/794/1/ HTTP/1.0" 200 6065 "-" "Mozilla/5.0 (compatible; YandexBot/3.0; +http://yandex.com/bots)"
66.249.66.77 - - [01/Jun/2012:14:39:14 +0600] "GET /content/view/534/152/ HTTP/1.0" 200 5089 "-" "Mozilla/5.0 (compatible; Googlebot/2.1; +http://www.google.com/bot.html)"
178.154.163.30 - - [01/Jun/2012:14:40:19 +0600] "GET /content/view/989/1/ HTTP/1.0" 200 5934 "-" "Mozilla/5.0 (compatible; YandexBot/3.0; +http://yandex.com/bots)"
213.180.206.197 - - [01/Jun/2012:14:41:22 +0600] "GET / HTTP/1.0" 200 25506 "-" "Mozilla/5.0 (compatible; YandexMetrika/2.0; +http://yandex.com/bots)"
136.169.134.231 - - [01/Jun/2012:14:47:59 +0600] "GET /content/view/976/1/ HTTP/1.0" 200 7368 "http://yandex.ru/yandsearch?text=%D0%BC%D0%B5%D1%80%D0%BE%D0%BF%D1%80%D0%B8%D1%8F%D1%82%D0%B8%D1%8F+%D0%B2+%D0%BF%D0%B0%D1%80%D0%BA%D0%B0%D1%85+%D1%83%D1%84%D1%8B+%D0%BA%D0%BE+%D0%B4%D0%BD%D1%8E+%D0%B7%D0%B0%D1%89%D0%B8%D1%82%D1%8B+%D0%B4%D0%B5%D1%82%D0%B5%D0%B9&lr=172&rstr=-172" "Mozilla/5.0 (Windows NT 6.1) AppleWebKit/535.7 (KHTML, like Gecko) Chrome/16.0.912.75 Safari/535.7"
66.249.66.77 - - [01/Jun/2012:14:49:29 +0600] "GET /content/view/288/122/ HTTP/1.0" 200 39727 "-" "Mozilla/5.0 (compatible; Googlebot/2.1; +http://www.google.com/bot.html)"
91.194.238.37 - - [01/Jun/2012:14:57:47 +0600] "GET / HTTP/1.0" 200 6941 "http://www.google.ru/cse?cx=partner-pub-6889055053848200%3A4865901691&ie=UTF-8&q=%D0%94%D0%B5%D0%BD%D1%8C+%D0%B7%D0%B0%D1%89%D0%B8%D1%82%D1%8B+%D0%B4%D0%B5%D1%82%D0%B5%D0%B9+%D0%BA%D0%BE%D0%BD%D0%BA%D1%83%D1%80%D1%81%D1%8B%2C+%D0%B2%D0%B8%D0%BA%D1%82%D0%BE%D1%80%D0%B8%D0%BD%D1%8B+%D0%B2+%D0%B1%D0%B8%D0%B1%D0%BB%D0%B8%D0%BE%D1%82%D0%B5%D0%BA%D0%B0%D1%85&sa=%D0%9F%D0%BE%D0%B8%D1%81%D0%BA&siteurl=www.google.ru%2Fcse%2Fhome%3Fcx%3Dpartner-pub-6889055053848200%3A4865901691&ref=" "Mozilla/5.0 (Windows NT 6.1; rv:10.0.2) Gecko/20100101 Firefox/10.0.2"
91.194.238.37 - - [01/Jun/2012:14:57:48 +0600] "GET /images/cgdb.swf HTTP/1.0" 200 19792297 "http://csdb.ufanet.ru/" "Mozilla/5.0 (Windows NT 6.1; rv:10.0.2) Gecko/20100101 Firefox/10.0.2"
91.194.238.37 - - [01/Jun/2012:14:58:08 +0600] "GET / HTTP/1.0" 200 6968 "http://www.google.ru/cse?cx=partner-pub-6889055053848200%3A4865901691&ie=UTF-8&q=%D0%94%D0%B5%D0%BD%D1%8C+%D0%B7%D0%B0%D1%89%D0%B8%D1%82%D1%8B+%D0%B4%D0%B5%D1%82%D0%B5%D0%B9+%D0%BA%D0%BE%D0%BD%D0%BA%D1%83%D1%80%D1%81%D1%8B%2C+%D0%B2%D0%B8%D0%BA%D1%82%D0%BE%D1%80%D0%B8%D0%BD%D1%8B+%D0%B2+%D0%B1%D0%B8%D0%B1%D0%BB%D0%B8%D0%BE%D1%82%D0%B5%D0%BA%D0%B0%D1%85&sa=%D0%9F%D0%BE%D0%B8%D1%81%D0%BA&siteurl=www.google.ru%2Fcse%2Fhome%3Fcx%3Dpartner-pub-6889055053848200%3A4865901691&ref=" "Mozilla/5.0 (Windows NT 6.1; rv:10.0.2) Gecko/20100101 Firefox/10.0.2"
91.194.238.37 - - [01/Jun/2012:14:58:08 +0600] "GET /images/cgdb.swf HTTP/1.0" 206 12922641 "http://csdb.ufanet.ru/" "Mozilla/5.0 (Windows NT 6.1; rv:10.0.2) Gecko/20100101 Firefox/10.0.2"
66.249.66.77 - - [01/Jun/2012:14:59:02 +0600] "GET /content/view/534/71/ HTTP/1.0" 200 5084 "-" "Mozilla/5.0 (compatible; Googlebot/2.1; +http://www.google.com/bot.html)"
178.154.163.30 - - [01/Jun/2012:14:59:44 +0600] "GET /files/ucazatel/UFA430.pdf HTTP/1.0" 200 438765 "-" "Mozilla/5.0 (compatible; YandexDirect/3.0; +http://yandex.com/bots)"
66.249.66.77 - - [01/Jun/2012:15:00:05 +0600] "GET /content/view/755/222/ HTTP/1.0" 200 4885 "-" "Mozilla/5.0 (compatible; Googlebot/2.1; +http://www.google.com/bot.html)"
66.249.66.77 - - [01/Jun/2012:15:03:49 +0600] "GET /content/view/140/66/ HTTP/1.0" 200 5924 "-" "Mozilla/5.0 (compatible; Googlebot/2.1; +http://www.google.com/bot.html)"
178.154.163.30 - - [01/Jun/2012:15:04:13 +0600] "GET /content/blogcategory/49/234/ HTTP/1.0" 200 6074 "-" "Mozilla/5.0 (compatible; YandexDirect/3.0; +http://yandex.com/bots)"
66.249.66.77 - - [01/Jun/2012:15:06:54 +0600] "GET /content/view/53/47 HTTP/1.0" 200 7354 "-" "Mozilla/5.0 (compatible; Googlebot/2.1; +http://www.google.com/bot.html)"
66.249.66.77 - - [01/Jun/2012:15:07:55 +0600] "GET /content/view/535/128/ HTTP/1.0" 200 5074 "-" "Mozilla/5.0 (compatible; Googlebot/2.1; +http://www.google.com/bot.html)"
66.249.66.77 - - [01/Jun/2012:15:14:04 +0600] "GET /content/view/794/152/ HTTP/1.0" 200 5661 "-" "Mozilla/5.0 (compatible; Googlebot/2.1; +http://www.google.com/bot.html)"
80.83.237.48 - - [01/Jun/2012:15:17:47 +0600] "GET /files/scen_prazd/dorog_znak.pdf HTTP/1.0" 200 100795 "http://yandex.ru/yandsearch?p=1&text=%D1%81%D1%86%D0%B5%D0%BD%D0%B0%D1%80%D0%B8%D0%B9+%22%D0%92+%D1%81%D1%82%D1%80%D0%B0%D0%BD%D0%B5+%D0%B4%D0%BE%D1%80%D0%BE%D0%B6%D0%BD%D1%8B%D1%85+%D0%B7%D0%BD%D0%B0%D0%BA%D0%BE%D0%B2%22&clid=9403&lr=65" "Opera/9.80 (Windows NT 5.1; U; ru) Presto/2.10.229 Version/11.62"
68.233.226.103 - - [01/Jun/2012:15:17:58 +0600] "GET /content/view/970/240/ HTTP/1.0" 200 54065 "-" "Mozilla/5.0 (Windows NT 5.1) AppleWebKit/535.2 (KHTML, like Gecko) Chrome/15.0.872.0 Safari/535.2"
94.41.38.251 - - [01/Jun/2012:15:21:07 +0600] "GET / HTTP/1.0" 200 6942 "http://yandex.ru/yandsearch?text=csdc+ufanet+ru&clid=47639&lr=172" "Mozilla/5.0 (Windows NT 5.1) AppleWebKit/536.5 (KHTML, like Gecko) Chrome/19.0.1084.52 Safari/536.5"
94.41.38.251 - - [01/Jun/2012:15:21:13 +0600] "GET /content/blogcategory/1/66/ HTTP/1.0" 200 7656 "http://csdb.ufanet.ru/" "Mozilla/5.0 (Windows NT 5.1) AppleWebKit/536.5 (KHTML, like Gecko) Chrome/19.0.1084.52 Safari/536.5"
213.180.206.197 - - [01/Jun/2012:15:22:48 +0600] "GET / HTTP/1.0" 200 25506 "-" "Mozilla/5.0 (compatible; YandexMetrika/2.0; +http://yandex.com/bots)"
66.249.66.77 - - [01/Jun/2012:15:23:58 +0600] "GET /content/view/641/1/ HTTP/1.0" 200 6264 "-" "Mozilla/5.0 (compatible; Googlebot/2.1; +http://www.google.com/bot.html)"
66.249.66.77 - - [01/Jun/2012:15:24:18 +0600] "GET /content/view/544/1/ HTTP/1.0" 200 5517 "-" "Mozilla/5.0 (compatible; Googlebot/2.1; +http://www.google.com/bot.html)"
66.249.72.137 - - [01/Jun/2012:15:24:51 +0600] "GET /files/ucazatel/UFA430.pdf HTTP/1.0" 200 438765 "-" "DoCoMo/2.0 N905i(c100;TB;W24H16) (compatible; Googlebot-Mobile/2.1; +http://www.google.com/bot.html)"
92.126.216.43 - - [01/Jun/2012:15:27:04 +0600] "GET /content/view/204/47 HTTP/1.0" 200 10196 "http://yandex.ru/yandsearch?text=%D0%B2%D0%BE%D1%81%D0%BF%D0%B8%D1%82%D0%B0%D0%BD%D0%B8%D0%B5+%D1%82%D0%BE%D0%BB%D0%B5%D1%80%D0%B0%D0%BD%D1%82%D0%BD%D0%BE%D1%81%D1%82%D0%B8+%D0%B2+%D0%B1%D0%B8%D0%B1%D0%BB%D0%B8%D0%BE%D1%82%D0%B5%D0%BA%D0%B5&clid=124990&lr=66" "Mozilla/5.0 (Windows NT 5.1) AppleWebKit/535.7 (KHTML, like Gecko) Chrome/16.0.912.77 Safari/535.7 u01-2"
66.249.66.77 - - [01/Jun/2012:15:29:05 +0600] "GET /content/view/344/66/ HTTP/1.0" 200 5766 "-" "Mozilla/5.0 (compatible; Googlebot/2.1; +http://www.google.com/bot.html)"
207.46.204.181 - - [01/Jun/2012:15:30:44 +0600] "GET /content/view/438/66/ HTTP/1.0" 200 6184 "-" "msnbot/2.0b (+http://search.msn.com/msnbot.htm)"
178.120.88.177 - - [01/Jun/2012:15:30:55 +0600] "GET /content/view/506/204/ HTTP/1.0" 200 6898 "http://go.mail.ru/search_images?rch=l&type=all&is=0&q=%D0%A2%D0%95%D0%A2%D0%AF+%D0%98%D0%9D%D0%9D%D0%90" "Opera/9.80 (Windows NT 5.1; U; MRA 5.10 (build 5299); ru) Presto/2.10.229 Version/11.64"
92.126.216.43 - - [01/Jun/2012:15:30:59 +0600] "GET /content/view/397/189/ HTTP/1.0" 200 5411 "http://csdb.ufanet.ru/content/view/204/47" "Mozilla/5.0 (Windows NT 5.1) AppleWebKit/535.7 (KHTML, like Gecko) Chrome/16.0.912.77 Safari/535.7 u01-2"
92.126.216.43 - - [01/Jun/2012:15:31:14 +0600] "GET /mambots/content/jw_allvideos/players/mediaplayer_4.0.46.swf HTTP/1.0" 200 38096 "http://csdb.ufanet.ru/content/view/397/189/" "Mozilla/5.0 (Windows NT 5.1) AppleWebKit/535.7 (KHTML, like Gecko) Chrome/16.0.912.77 Safari/535.7 u01-2"
92.126.216.43 - - [01/Jun/2012:15:31:23 +0600] "GET /images/stories/videos/main1.flv HTTP/1.0" 200 5858127 "http://csdb.ufanet.ru/mambots/content/jw_allvideos/players/mediaplayer_4.0.46.swf" "Mozilla/5.0 (Windows NT 5.1) AppleWebKit/535.7 (KHTML, like Gecko) Chrome/16.0.912.77 Safari/535.7 u01-2"
207.46.13.143 - - [01/Jun/2012:15:32:43 +0600] "GET /content/view/794/53/ HTTP/1.0" 200 5678 "-" "Mozilla/5.0 (compatible; bingbot/2.0; +http://www.bing.com/bingbot.htm)"
68.233.226.103 - - [01/Jun/2012:15:37:28 +0600] "GET /content/view/793/125/index.php?option=com_contact&Itemid=3 HTTP/1.0" 200 19190 "-" "Mozilla/5.0 (Windows NT 5.1) AppleWebKit/535.2 (KHTML, like Gecko) Chrome/15.0.872.0 Safari/535.2"
31.13.144.18 - - [01/Jun/2012:15:40:00 +0600] "GET /content/blogcategory/1/66 HTTP/1.0" 200 7610 "-" "Opera/9.80 (Windows NT 5.1; U; be) Presto/2.2.15 Version/10.00"
81.30.219.42 - - [01/Jun/2012:15:44:02 +0600] "GET / HTTP/1.0" 200 6932 "-" "Opera/9.80 (Windows NT 5.1; U; ru) Presto/2.10.229 Version/11.62"
