178.154.163.30 - - [04/Jun/2012:13:31:33 +0600] "GET /content/view/424/91/ HTTP/1.0" 200 3721 "-" "Mozilla/5.0 (compatible; YandexBot/3.0; +http://yandex.com/bots)"
178.154.163.30 - - [04/Jun/2012:13:31:36 +0600] "GET /content/view/788/56/ HTTP/1.0" 200 3896 "-" "Mozilla/5.0 (compatible; YandexBot/3.0; +http://yandex.com/bots)"
178.154.163.30 - - [04/Jun/2012:13:31:38 +0600] "GET /content/view/781/56/ HTTP/1.0" 200 4005 "-" "Mozilla/5.0 (compatible; YandexBot/3.0; +http://yandex.com/bots)"
178.154.163.30 - - [04/Jun/2012:13:31:40 +0600] "GET /index2.php?option=com_content&task=view&id=722&pop=1&page=0&Itemid=1 HTTP/1.0" 200 1599 "-" "Mozilla/5.0 (compatible; YandexBot/3.0; +http://yandex.com/bots)"
178.154.163.30 - - [04/Jun/2012:13:31:43 +0600] "GET /index2.php?option=com_content&task=view&id=726&pop=1&page=0 HTTP/1.0" 200 1276 "-" "Mozilla/5.0 (compatible; YandexBot/3.0; +http://yandex.com/bots)"
178.154.163.30 - - [04/Jun/2012:13:31:45 +0600] "GET /index2.php?option=com_content&task=view&id=957&pop=1&page=25&Itemid=66 HTTP/1.0" 200 1393 "-" "Mozilla/5.0 (compatible; YandexBot/3.0; +http://yandex.com/bots)"
178.154.163.30 - - [04/Jun/2012:13:31:47 +0600] "GET /index2.php?option=com_content&task=view&id=271&pop=1&page=288&Itemid=66 HTTP/1.0" 200 2382 "-" "Mozilla/5.0 (compatible; YandexBot/3.0; +http://yandex.com/bots)"
178.154.163.30 - - [04/Jun/2012:13:31:50 +0600] "GET /index2.php?option=com_content&task=view&id=970&pop=1&page=9&Itemid=67 HTTP/1.0" 200 560 "-" "Mozilla/5.0 (compatible; YandexBot/3.0; +http://yandex.com/bots)"
178.154.163.30 - - [04/Jun/2012:13:31:54 +0600] "GET /index2.php?option=com_content&task=view&id=989&pop=1&page=0&Itemid=151 HTTP/1.0" 200 1132 "-" "Mozilla/5.0 (compatible; YandexBot/3.0; +http://yandex.com/bots)"
178.154.163.30 - - [04/Jun/2012:13:31:56 +0600] "GET /index2.php?option=com_content&task=view&id=976&pop=1&page=9&Itemid=67 HTTP/1.0" 200 2589 "-" "Mozilla/5.0 (compatible; YandexBot/3.0; +http://yandex.com/bots)"
178.154.163.30 - - [04/Jun/2012:13:31:58 +0600] "GET /content/view/982/66/ HTTP/1.0" 200 6131 "-" "Mozilla/5.0 (compatible; YandexBot/3.0; +http://yandex.com/bots)"
178.124.218.27 - - [04/Jun/2012:13:33:16 +0600] "GET /files/articles/%D0%B2%D1%8B%D1%81%D1%82%D1%83%D0%BF%D0%BB%D0%B5%D0%BD%D0%B8%D0%B5%20%D0%B4%D0%B5%D1%82%D1%81%D0%BA%D0%B8%D0%B5%20%D0%B1%D0%B8%D0%B1%D0%BB%D0%B8%D0%BE%D1%82%D0%B5%D0%BA%D0%B8%20%D0%B2%20%D1%81%D0%B8%D1%81%D1%82%D0%B5%D0%BC%D0%B5%20%D0%BF%D1%80%D0%B0%D0%B2%D0%BE%D0%B2%D0%BE%D0%B3%D0%BE%20%D0%B2%D0%BE%D1%81%D0%BF%D0%B8%D1%82%D0%B0%D0%BD%D0%B8%D1%8F.pdf HTTP/1.0" 200 51747 "http://csdb.ufanet.ru/content/view/54/47/" "Mozilla/5.0 (Windows NT 5.1; rv:12.0) Gecko/20100101 Firefox/12.0"
178.154.163.30 - - [04/Jun/2012:13:35:10 +0600] "GET /index2.php?option=com_content&task=view&id=973&pop=1&page=15&Itemid=66 HTTP/1.0" 200 1629 "-" "Mozilla/5.0 (compatible; YandexBot/3.0; +http://yandex.com/bots)"
178.154.163.30 - - [04/Jun/2012:13:35:12 +0600] "GET /index2.php?option=com_content&task=view&id=850&pop=1&page=0&Itemid=56 HTTP/1.0" 200 1938 "-" "Mozilla/5.0 (compatible; YandexBot/3.0; +http://yandex.com/bots)"
178.154.163.30 - - [04/Jun/2012:13:35:15 +0600] "GET /index2.php?option=com_content&task=view&id=989&pop=1&page=0&Itemid=255 HTTP/1.0" 200 1132 "-" "Mozilla/5.0 (compatible; YandexBot/3.0; +http://yandex.com/bots)"
178.154.163.30 - - [04/Jun/2012:13:35:17 +0600] "GET /content/view/886/254/ HTTP/1.0" 200 8762 "-" "Mozilla/5.0 (compatible; YandexBot/3.0; +http://yandex.com/bots)"
178.124.218.27 - - [04/Jun/2012:13:35:18 +0600] "GET /content/category/14/42/183/ HTTP/1.0" 200 5777 "http://csdb.ufanet.ru/content/view/54/47/" "Mozilla/5.0 (Windows NT 5.1; rv:12.0) Gecko/20100101 Firefox/12.0"
178.154.163.30 - - [04/Jun/2012:13:35:19 +0600] "GET /content/view/793/114/ HTTP/1.0" 200 5093 "-" "Mozilla/5.0 (compatible; YandexBot/3.0; +http://yandex.com/bots)"
178.154.163.30 - - [04/Jun/2012:13:35:22 +0600] "GET /index2.php?option=com_content&task=view&id=989&pop=1&page=0&Itemid=114 HTTP/1.0" 200 1132 "-" "Mozilla/5.0 (compatible; YandexBot/3.0; +http://yandex.com/bots)"
178.154.163.30 - - [04/Jun/2012:13:35:24 +0600] "GET /index2.php?option=com_content&task=view&id=945&pop=1&page=30&Itemid=66 HTTP/1.0" 200 1706 "-" "Mozilla/5.0 (compatible; YandexBot/3.0; +http://yandex.com/bots)"
178.154.163.30 - - [04/Jun/2012:13:35:27 +0600] "GET /index2.php?option=com_content&task=view&id=416&pop=1&page=0&Itemid=66 HTTP/1.0" 200 1474 "-" "Mozilla/5.0 (compatible; YandexBot/3.0; +http://yandex.com/bots)"
178.154.163.30 - - [04/Jun/2012:13:35:29 +0600] "GET /index2.php?option=com_content&task=view&id=989&pop=1&page=0&Itemid=113 HTTP/1.0" 200 1132 "-" "Mozilla/5.0 (compatible; YandexBot/3.0; +http://yandex.com/bots)"
178.124.218.27 - - [04/Jun/2012:13:35:30 +0600] "GET /content/view/54/47/ HTTP/1.0" 200 7429 "http://csdb.ufanet.ru/content/view/14/47/" "Mozilla/5.0 (Windows NT 5.1; rv:12.0) Gecko/20100101 Firefox/12.0"
178.154.163.30 - - [04/Jun/2012:13:35:32 +0600] "GET /content/view/679/239 HTTP/1.0" 200 4389 "-" "Mozilla/5.0 (compatible; YandexBot/3.0; +http://yandex.com/bots)"
178.154.163.30 - - [04/Jun/2012:13:35:35 +0600] "GET /content/view/571/1/ HTTP/1.0" 200 6275 "-" "Mozilla/5.0 (compatible; YandexBot/3.0; +http://yandex.com/bots)"
178.124.218.27 - - [04/Jun/2012:13:35:36 +0600] "GET /content/category/12/40/86/ HTTP/1.0" 200 5630 "http://csdb.ufanet.ru/content/view/54/47/" "Mozilla/5.0 (Windows NT 5.1; rv:12.0) Gecko/20100101 Firefox/12.0"
178.154.163.30 - - [04/Jun/2012:13:35:37 +0600] "GET /index2.php?option=com_content&task=view&id=996&pop=1&page=0&Itemid=66 HTTP/1.0" 200 2468 "-" "Mozilla/5.0 (compatible; YandexBot/3.0; +http://yandex.com/bots)"
178.154.163.30 - - [04/Jun/2012:13:35:39 +0600] "GET /content/view/989/66/ HTTP/1.0" 200 5574 "-" "Mozilla/5.0 (compatible; YandexBot/3.0; +http://yandex.com/bots)"
178.154.163.30 - - [04/Jun/2012:13:35:42 +0600] "GET /content/view/54/47/ HTTP/1.0" 200 7428 "-" "Mozilla/5.0 (compatible; YandexBot/3.0; +http://yandex.com/bots)"
178.124.218.27 - - [04/Jun/2012:13:35:55 +0600] "GET /content/view/54/47/ HTTP/1.0" 200 7423 "http://csdb.ufanet.ru/content/view/14/47/" "Mozilla/5.0 (Windows NT 5.1; rv:12.0) Gecko/20100101 Firefox/12.0"
178.124.218.27 - - [04/Jun/2012:13:35:58 +0600] "GET /content/view/14/47/ HTTP/1.0" 200 6341 "http://csdb.ufanet.ru/content/category/5/18/47/" "Mozilla/5.0 (Windows NT 5.1; rv:12.0) Gecko/20100101 Firefox/12.0"
178.124.218.27 - - [04/Jun/2012:13:36:54 +0600] "GET /content/view/54/47/ HTTP/1.0" 200 7426 "http://csdb.ufanet.ru/content/view/14/47/" "Mozilla/5.0 (Windows NT 5.1; rv:12.0) Gecko/20100101 Firefox/12.0"
94.41.198.7 - - [04/Jun/2012:13:37:05 +0600] "GET / HTTP/1.0" 200 6473 "-" "Mozilla/5.0 (Windows NT 5.1) AppleWebKit/536.5 (KHTML, like Gecko) Chrome/19.0.1084.52 Safari/536.5"
94.41.198.7 - - [04/Jun/2012:13:37:09 +0600] "GET /images/cgdb.swf HTTP/1.0" 200 19792297 "http://csdb.ufanet.ru/" "Mozilla/5.0 (Windows NT 5.1) AppleWebKit/536.5 (KHTML, like Gecko) Chrome/19.0.1084.52 Safari/536.5"
94.41.198.7 - - [04/Jun/2012:13:37:11 +0600] "GET /content/blogcategory/1/66/ HTTP/1.0" 200 7732 "http://csdb.ufanet.ru/" "Mozilla/5.0 (Windows NT 5.1) AppleWebKit/536.5 (KHTML, like Gecko) Chrome/19.0.1084.52 Safari/536.5"
213.180.206.197 - - [04/Jun/2012:13:37:41 +0600] "GET / HTTP/1.0" 200 24016 "-" "Mozilla/5.0 (compatible; YandexMetrika/2.0; +http://yandex.com/bots)"
65.52.108.145 - - [04/Jun/2012:13:37:43 +0600] "GET /content/view/378/105/ HTTP/1.0" 200 7264 "-" "Mozilla/5.0 (compatible; bingbot/2.0; +http://www.bing.com/bingbot.htm)"
178.124.218.27 - - [04/Jun/2012:13:37:48 +0600] "GET /files/articles/%D0%B2%D1%8B%D1%81%D1%82%D1%83%D0%BF%D0%BB%D0%B5%D0%BD%D0%B8%D0%B5%20%D0%B4%D0%B5%D1%82%D1%81%D0%BA%D0%B8%D0%B5%20%D0%B1%D0%B8%D0%B1%D0%BB%D0%B8%D0%BE%D1%82%D0%B5%D0%BA%D0%B8%20%D0%B2%20%D1%81%D0%B8%D1%81%D1%82%D0%B5%D0%BC%D0%B5%20%D0%BF%D1%80%D0%B0%D0%B2%D0%BE%D0%B2%D0%BE%D0%B3%D0%BE%20%D0%B2%D0%BE%D1%81%D0%BF%D0%B8%D1%82%D0%B0%D0%BD%D0%B8%D1%8F.pdf HTTP/1.0" 200 51747 "http://csdb.ufanet.ru/content/view/54/47/" "Mozilla/5.0 (Windows NT 5.1; rv:12.0) Gecko/20100101 Firefox/12.0"
94.41.198.7 - - [04/Jun/2012:13:38:26 +0600] "GET / HTTP/1.0" 200 6474 "-" "Mozilla/5.0 (Windows NT 5.1) AppleWebKit/536.5 (KHTML, like Gecko) Chrome/19.0.1084.52 Safari/536.5"
94.41.198.7 - - [04/Jun/2012:13:38:27 +0600] "GET /images/cgdb.swf HTTP/1.0" 200 19792297 "http://csdb.ufanet.ru/" "Mozilla/5.0 (Windows NT 5.1) AppleWebKit/536.5 (KHTML, like Gecko) Chrome/19.0.1084.52 Safari/536.5"
178.124.218.27 - - [04/Jun/2012:13:40:39 +0600] "GET /content/category/5/18/47/ HTTP/1.0" 200 5517 "http://csdb.ufanet.ru/content/view/54/47/" "Mozilla/5.0 (Windows NT 5.1; rv:12.0) Gecko/20100101 Firefox/12.0"
178.124.218.27 - - [04/Jun/2012:13:40:43 +0600] "GET /content/view/54/47/ HTTP/1.0" 200 7428 "http://csdb.ufanet.ru/content/view/14/47/" "Mozilla/5.0 (Windows NT 5.1; rv:12.0) Gecko/20100101 Firefox/12.0"
66.249.66.77 - - [04/Jun/2012:13:40:44 +0600] "GET /content/view/156/52/ HTTP/1.0" 200 6111 "-" "Mozilla/5.0 (compatible; Googlebot/2.1; +http://www.google.com/bot.html)"
178.124.218.27 - - [04/Jun/2012:13:40:50 +0600] "GET /content/section/6/53/ HTTP/1.0" 200 5217 "http://csdb.ufanet.ru/content/view/54/47/" "Mozilla/5.0 (Windows NT 5.1; rv:12.0) Gecko/20100101 Firefox/12.0"
157.55.17.147 - - [04/Jun/2012:13:41:16 +0600] "GET /content/blogcategory/1/66/5/35/ HTTP/1.0" 200 6906 "-" "Mozilla/5.0 (compatible; bingbot/2.0; +http://www.bing.com/bingbot.htm)"
66.249.66.77 - - [04/Jun/2012:13:41:16 +0600] "GET /content/view/17/157/ HTTP/1.0" 200 5795 "-" "Mozilla/5.0 (compatible; Googlebot/2.1; +http://www.google.com/bot.html)"
66.249.66.77 - - [04/Jun/2012:13:41:24 +0600] "GET /content/view/355/90/ HTTP/1.0" 200 4486 "-" "Mozilla/5.0 (compatible; Googlebot/2.1; +http://www.google.com/bot.html)"
178.124.218.27 - - [04/Jun/2012:13:41:31 +0600] "GET /content/view/397/189/ HTTP/1.0" 200 5412 "http://csdb.ufanet.ru/content/section/6/53/" "Mozilla/5.0 (Windows NT 5.1; rv:12.0) Gecko/20100101 Firefox/12.0"
178.124.218.27 - - [04/Jun/2012:13:41:31 +0600] "GET /content/view/397/189/ HTTP/1.0" 200 5412 "http://csdb.ufanet.ru/content/section/6/53/" "Mozilla/5.0 (Windows NT 5.1; rv:12.0) Gecko/20100101 Firefox/12.0"
178.124.218.27 - - [04/Jun/2012:13:41:33 +0600] "GET /mambots/content/jw_allvideos/players/mediaplayer_4.0.46.swf HTTP/1.0" 200 38096 "http://csdb.ufanet.ru/content/view/397/189/" "Mozilla/5.0 (Windows NT 5.1; rv:12.0) Gecko/20100101 Firefox/12.0"
178.124.218.27 - - [04/Jun/2012:13:41:35 +0600] "GET /images/stories/videos/main1.flv HTTP/1.0" 200 5858127 "-" "Mozilla/5.0 (Windows NT 5.1; rv:12.0) Gecko/20100101 Firefox/12.0"
66.249.66.77 - - [04/Jun/2012:13:41:57 +0600] "GET /content/view/979/66/ HTTP/1.0" 200 5761 "-" "Mozilla/5.0 (compatible; Googlebot/2.1; +http://www.google.com/bot.html)"
66.249.66.77 - - [04/Jun/2012:13:42:15 +0600] "GET /content/view/643/52/ HTTP/1.0" 200 8025 "-" "Mozilla/5.0 (compatible; Googlebot/2.1; +http://www.google.com/bot.html)"
94.232.62.16 - - [04/Jun/2012:13:44:36 +0600] "GET /content/view/224/66/ HTTP/1.0" 200 6700 "http://nova.rambler.ru/search?btnG=%D0%9D%D0%B0%D0%B9%D1%82%D0%B8%21&query=%D0%91%D1%83%D0%B4%D1%83%D1%89%D0%B5%D0%BC%D1%83+%D0%B0%D0%B1%D0%B8%D1%82%D1%83%D1%80%D0%B8%D0%B5%D0%BD%D1%82%D1%83+%D1%81%D1%82%D0%BE%D0%BB+%D0%BF%D1%80%D0%BE%D1%81%D0%BC%D0%BE%D1%82%D1%80%D0%B0+%D0%B2+%D0%B1%D0%B8%D0%B1%D0%BB%D0%B8%D0%BE%D1%82%D0%B5%D0%BA%D0%B5" "Mozilla/5.0 (Windows; U; Windows NT 5.1; ru; rv:1.9.1.1) Gecko/20090715 Firefox/3.5.1"
178.124.218.27 - - [04/Jun/2012:13:45:44 +0600] "GET /content/section/6/53/ HTTP/1.0" 200 5214 "http://csdb.ufanet.ru/content/view/54/47/" "Mozilla/5.0 (Windows NT 5.1; rv:12.0) Gecko/20100101 Firefox/12.0"
178.124.218.27 - - [04/Jun/2012:13:45:54 +0600] "GET /content/view/54/47/ HTTP/1.0" 200 7430 "http://csdb.ufanet.ru/content/view/14/47/" "Mozilla/5.0 (Windows NT 5.1; rv:12.0) Gecko/20100101 Firefox/12.0"
178.124.218.27 - - [04/Jun/2012:13:45:59 +0600] "GET /content/view/14/47/ HTTP/1.0" 200 6339 "http://csdb.ufanet.ru/content/category/5/18/47/" "Mozilla/5.0 (Windows NT 5.1; rv:12.0) Gecko/20100101 Firefox/12.0"
178.124.218.27 - - [04/Jun/2012:13:46:13 +0600] "GET /index2.php?option=com_content&task=view&id=14&pop=1&page=0&Itemid=47 HTTP/1.0" 200 1829 "http://csdb.ufanet.ru/content/view/14/47/" "Mozilla/5.0 (Windows NT 5.1; rv:12.0) Gecko/20100101 Firefox/12.0"
94.41.88.43 - - [04/Jun/2012:13:46:23 +0600] "GET / HTTP/1.0" 200 6472 "-" "Mozilla/5.0 (Windows NT 5.1) AppleWebKit/536.5 (KHTML, like Gecko) Chrome/19.0.1084.52 Safari/536.5"
94.41.88.43 - - [04/Jun/2012:13:46:44 +0600] "GET /content/blogcategory/1/66/ HTTP/1.0" 200 7733 "http://csdb.ufanet.ru/" "Mozilla/5.0 (Windows NT 5.1) AppleWebKit/536.5 (KHTML, like Gecko) Chrome/19.0.1084.52 Safari/536.5"
94.41.88.43 - - [04/Jun/2012:13:47:05 +0600] "GET /content/view/1002/66/ HTTP/1.0" 200 6610 "http://csdb.ufanet.ru/content/blogcategory/1/66/" "Mozilla/5.0 (Windows NT 5.1) AppleWebKit/536.5 (KHTML, like Gecko) Chrome/19.0.1084.52 Safari/536.5"
178.124.218.27 - - [04/Jun/2012:13:47:43 +0600] "GET /content/category/5/18/47/ HTTP/1.0" 200 5519 "http://csdb.ufanet.ru/content/view/989/66/" "Mozilla/5.0 (Windows NT 5.1; rv:12.0) Gecko/20100101 Firefox/12.0"
94.41.88.43 - - [04/Jun/2012:13:47:59 +0600] "GET /component/option,com_frontpage/Itemid,1/ HTTP/1.0" 200 6472 "http://csdb.ufanet.ru/content/view/1002/66/" "Mozilla/5.0 (Windows NT 5.1) AppleWebKit/536.5 (KHTML, like Gecko) Chrome/19.0.1084.52 Safari/536.5"
178.124.218.27 - - [04/Jun/2012:13:48:09 +0600] "GET /content/view/989/66/ HTTP/1.0" 200 5575 "http://csdb.ufanet.ru/content/view/258/66/" "Mozilla/5.0 (Windows NT 5.1; rv:12.0) Gecko/20100101 Firefox/12.0"
178.124.218.27 - - [04/Jun/2012:13:48:33 +0600] "GET /index2.php?option=com_content&task=view&id=989&pop=1&page=0&Itemid=66 HTTP/1.0" 200 1132 "http://csdb.ufanet.ru/content/view/989/66/" "Mozilla/5.0 (Windows NT 5.1; rv:12.0) Gecko/20100101 Firefox/12.0"
178.124.218.27 - - [04/Jun/2012:13:49:17 +0600] "GET /content/view/258/66/ HTTP/1.0" 200 8054 "http://www.google.ru/url?sa=t&rct=j&q=%D0%B8%D0%BD%D0%BD%D0%BE%D0%B2%D0%B0%D1%86%D0%B8%D0%BE%D0%BD%D0%BD%D1%8B%D0%B9%20%D0%BF%D1%80%D0%BE%D0%B5%D0%BA%D1%82%20%D0%B4%D0%B5%D1%82%D1%81%D0%BA%D0%B0%D1%8F%20%D0%B1%D0%B8%D0%B1%D0%BB%D0%B8%D0%BE%D1%82%D0%B5%D0%BA%D0%B0&source=web&cd=1&sqi=2&ved=0CFIQFjAA&url=http%3A%2F%2Fcsdb.ufanet.ru%2Fcontent%2Fview%2F258%2F66%2F&ei=cmLMT6PwGcvY4QSf8Z0q&usg=AFQjCNFAEIVB035c323n8qYTw8E38q8uBw&cad=rjt" "Mozilla/5.0 (Windows NT 5.1; rv:12.0) Gecko/20100101 Firefox/12.0"
178.124.218.27 - - [04/Jun/2012:13:49:27 +0600] "GET /content/view/976/66/ HTTP/1.0" 200 6991 "http://csdb.ufanet.ru/content/view/258/66/" "Mozilla/5.0 (Windows NT 5.1; rv:12.0) Gecko/20100101 Firefox/12.0"
87.103.175.142 - - [04/Jun/2012:13:49:31 +0600] "GET /content/view/234/66/ HTTP/1.0" 200 6003 "http://yandex.ru/yandsearch?p=2&text=%D0%9F%D1%83%D1%88%D0%BA%D0%B8%D0%BD%D1%81%D0%BA%D0%B8%D0%B9+%D0%B4%D0%B5%D0%BD%D1%8C+%D0%A0%D0%BE%D1%81%D1%81%D0%B8%D0%B8+%D0%B2+%D0%B1%D0%B8%D0%B1%D0%BB%D0%B8%D0%BE%D1%82%D0%B5%D0%BA%D0%B0%D1%85&lr=63" "Mozilla/5.0 (Windows NT 5.1) AppleWebKit/536.5 (KHTML, like Gecko) Chrome/19.0.1084.52 Safari/536.5"
178.124.218.27 - - [04/Jun/2012:13:49:40 +0600] "GET /index2.php?option=com_content&task=view&id=976&pop=1&page=0&Itemid=66 HTTP/1.0" 200 2589 "http://csdb.ufanet.ru/content/view/976/66/" "Mozilla/5.0 (Windows NT 5.1; rv:12.0) Gecko/20100101 Firefox/12.0"
178.124.218.27 - - [04/Jun/2012:13:50:46 +0600] "GET /content/view/258/66/ HTTP/1.0" 200 8055 "http://www.google.ru/url?sa=t&rct=j&q=%D0%B8%D0%BD%D0%BD%D0%BE%D0%B2%D0%B0%D1%86%D0%B8%D0%BE%D0%BD%D0%BD%D1%8B%D0%B9%20%D0%BF%D1%80%D0%BE%D0%B5%D0%BA%D1%82%20%D0%B4%D0%B5%D1%82%D1%81%D0%BA%D0%B0%D1%8F%20%D0%B1%D0%B8%D0%B1%D0%BB%D0%B8%D0%BE%D1%82%D0%B5%D0%BA%D0%B0&source=web&cd=1&sqi=2&ved=0CFIQFjAA&url=http%3A%2F%2Fcsdb.ufanet.ru%2Fcontent%2Fview%2F258%2F66%2F&ei=cmLMT6PwGcvY4QSf8Z0q&usg=AFQjCNFAEIVB035c323n8qYTw8E38q8uBw&cad=rjt" "Mozilla/5.0 (Windows NT 5.1; rv:12.0) Gecko/20100101 Firefox/12.0"
68.233.226.103 - - [04/Jun/2012:13:51:51 +0600] "GET /content/view/793/122/content/view/794/1/ HTTP/1.0" 200 13043 "-" "Mozilla/5.0 (Windows NT 5.1) AppleWebKit/535.2 (KHTML, like Gecko) Chrome/15.0.872.0 Safari/535.2"
68.233.226.103 - - [04/Jun/2012:13:53:59 +0600] "GET /content/view/793/122/content/view/795/1/ HTTP/1.0" 200 13043 "-" "Mozilla/5.0 (Windows NT 5.1) AppleWebKit/535.2 (KHTML, like Gecko) Chrome/15.0.872.0 Safari/535.2"
66.249.66.77 - - [04/Jun/2012:13:57:05 +0600] "GET /content/view/199/66/ HTTP/1.0" 200 6453 "-" "Mozilla/5.0 (compatible; Googlebot/2.1; +http://www.google.com/bot.html)"
178.154.163.30 - - [04/Jun/2012:13:57:06 +0600] "GET /content/view/224/66/ HTTP/1.0" 200 6701 "-" "Mozilla/5.0 (compatible; YandexDirect/3.0; +http://yandex.com/bots)"
66.249.66.77 - - [04/Jun/2012:13:58:03 +0600] "GET /content/view/726/66/ HTTP/1.0" 200 5773 "-" "Mozilla/5.0 (compatible; Googlebot/2.1; +http://www.google.com/bot.html)"
66.249.66.77 - - [04/Jun/2012:14:02:10 +0600] "GET /content/view/696/66/ HTTP/1.0" 200 5901 "-" "Mozilla/5.0 (compatible; Googlebot/2.1; +http://www.google.com/bot.html)"
66.249.66.77 - - [04/Jun/2012:14:02:49 +0600] "GET /content/view/704/183/ HTTP/1.0" 200 5119 "-" "Mozilla/5.0 (compatible; Googlebot/2.1; +http://www.google.com/bot.html)"
217.118.79.20 - - [04/Jun/2012:14:05:38 +0600] "GET /files/articles/%D0%9F%D1%80%D0%BE%D0%B5%D0%BA%D1%82%D0%BD%D0%BE%D0%B5%20%D1%80%D0%B0%D0%B7%D0%B2%D0%B8%D1%82%D0%B8%D0%B5%20%D0%B1%D0%B8%D0%B1%D0%BB%D0%B8%D0%BE%D1%82%D0%B5%D0%BA%20%D0%90%D0%92%D0%93%D0%A3%D0%A1%D0%A2%D0%9E%D0%92%D0%A1%D0%9A%D0%9E%D0%95%20%D0%A1%D0%9E%D0%92%D0%95%D0%A9%D0%90%D0%9D%D0%98%D0%95.pdf HTTP/1.0" 200 119967 "http://www.google.ru/url?sa=t&rct=j&q=%D0%BF%D1%80%D0%BE%D0%B5%D0%BA%D1%82%D0%BD%D0%BE%D0%B5%20%D1%80%D0%B0%D0%B7%D0%B2%D0%B8%D1%82%D0%B8%D0%B5%20%D0%B1%D0%B8%D0%B1%D0%BB%D0%B8%D0%BE%D1%82%D0%B5%D0%BA&source=web&cd=8&sqi=2&ved=0CFoQFjAH&url=http%3A%2F%2Fcsdb.ufanet.ru%2Ffiles%2Farticles%2F%25D0%259F%25D1%2580%25D0%25BE%25D0%25B5%25D0%25BA%25D1%2582%25D0%25BD%25D0%25BE%25D0%25B5%2520%25D1%2580%25D0%25B0%25D0%25B7%25D0%25B2%25D0%25B8%25D1%2582%25D0%25B8%25D0%25B5%2520%25D0%25B1%25D0%25B8%25D0%25B1%25D0%25BB%25D0%25B8%25D0%25BE%25D1%2582%25D0%25B5%25D0%25BA%2520%25D0%2590%25D0%2592%25D0%2593%25D0%25A3%25D0%25A1%25D0%25A2%25D0%259E%25D0%2592%25D0%25A1%25D0%259A%25D0%259E%25D0%2595%2520%25D0%25A1%25D0%259E%25D0%2592%25D0%2595%25D0%25A9%25D0%2590%25D0%259D%25D0%2598%25D0%2595.pdf&ei=IGzMT-2kDcqA4gSym4ztDw&usg=AFQjCNELyDC99VRFxGaPRjM5mRN3ePI6hg&cad=rjt" "Mozilla/5.0 (Windows NT 5.1; rv:12.0) Gecko/20100101 Firefox/12.0"
217.118.79.38 - - [04/Jun/2012:14:05:42 +0600] "GET /files/articles/%D0%9F%D1%80%D0%BE%D0%B5%D0%BA%D1%82%D0%BD%D0%BE%D0%B5%20%D1%80%D0%B0%D0%B7%D0%B2%D0%B8%D1%82%D0%B8%D0%B5%20%D0%B1%D0%B8%D0%B1%D0%BB%D0%B8%D0%BE%D1%82%D0%B5%D0%BA%20%D0%90%D0%92%D0%93%D0%A3%D0%A1%D0%A2%D0%9E%D0%92%D0%A1%D0%9A%D0%9E%D0%95%20%D0%A1%D0%9E%D0%92%D0%95%D0%A9%D0%90%D0%9D%D0%98%D0%95.pdf HTTP/1.0" 206 4300 "-" "Mozilla/5.0 (Windows NT 5.1; rv:12.0) Gecko/20100101 Firefox/12.0"
217.118.79.20 - - [04/Jun/2012:14:05:43 +0600] "GET /files/articles/%D0%9F%D1%80%D0%BE%D0%B5%D0%BA%D1%82%D0%BD%D0%BE%D0%B5%20%D1%80%D0%B0%D0%B7%D0%B2%D0%B8%D1%82%D0%B8%D0%B5%20%D0%B1%D0%B8%D0%B1%D0%BB%D0%B8%D0%BE%D1%82%D0%B5%D0%BA%20%D0%90%D0%92%D0%93%D0%A3%D0%A1%D0%A2%D0%9E%D0%92%D0%A1%D0%9A%D0%9E%D0%95%20%D0%A1%D0%9E%D0%92%D0%95%D0%A9%D0%90%D0%9D%D0%98%D0%95.pdf HTTP/1.0" 206 914 "-" "Mozilla/5.0 (Windows NT 5.1; rv:12.0) Gecko/20100101 Firefox/12.0"
217.118.79.20 - - [04/Jun/2012:14:05:45 +0600] "GET /files/articles/%D0%9F%D1%80%D0%BE%D0%B5%D0%BA%D1%82%D0%BD%D0%BE%D0%B5%20%D1%80%D0%B0%D0%B7%D0%B2%D0%B8%D1%82%D0%B8%D0%B5%20%D0%B1%D0%B8%D0%B1%D0%BB%D0%B8%D0%BE%D1%82%D0%B5%D0%BA%20%D0%90%D0%92%D0%93%D0%A3%D0%A1%D0%A2%D0%9E%D0%92%D0%A1%D0%9A%D0%9E%D0%95%20%D0%A1%D0%9E%D0%92%D0%95%D0%A9%D0%90%D0%9D%D0%98%D0%95.pdf HTTP/1.0" 206 2052 "-" "Mozilla/5.0 (Windows NT 5.1; rv:12.0) Gecko/20100101 Firefox/12.0"
217.118.79.38 - - [04/Jun/2012:14:05:46 +0600] "GET /files/articles/%D0%9F%D1%80%D0%BE%D0%B5%D0%BA%D1%82%D0%BD%D0%BE%D0%B5%20%D1%80%D0%B0%D0%B7%D0%B2%D0%B8%D1%82%D0%B8%D0%B5%20%D0%B1%D0%B8%D0%B1%D0%BB%D0%B8%D0%BE%D1%82%D0%B5%D0%BA%20%D0%90%D0%92%D0%93%D0%A3%D0%A1%D0%A2%D0%9E%D0%92%D0%A1%D0%9A%D0%9E%D0%95%20%D0%A1%D0%9E%D0%92%D0%95%D0%A9%D0%90%D0%9D%D0%98%D0%95.pdf HTTP/1.0" 206 38113 "-" "Mozilla/5.0 (Windows NT 5.1; rv:12.0) Gecko/20100101 Firefox/12.0"
46.33.234.126 - - [04/Jun/2012:14:07:42 +0600] "GET /content/blogcategory/1/66/ HTTP/1.0" 200 7732 "-" "Mozilla/5.0 (Windows NT 6.1) AppleWebKit/536.5 (KHTML, like Gecko) Chrome/19.0.1084.52 Safari/536.5"
31.8.36.159 - - [04/Jun/2012:14:10:50 +0600] "GET /content/view/976/1/ HTTP/1.0" 200 7377 "http://yandex.ru/yandsearch?text=%D0%BC%D0%B5%D1%80%D0%BE%D0%BF%D1%80%D0%B8%D1%8F%D1%82%D0%B8%D1%8F%20%D0%BF%D1%80%D0%BE%D0%B2%D0%B5%D0%B4%D0%B5%D0%BD%D0%BD%D1%8B%D0%B5%20%D0%BA%D0%BE%20%D0%B4%D0%BD%D1%8E%20%D0%B7%D0%B0%D1%89%D0%B8%D1%82%D1%8B%20%D0%B4%D0%B5%D1%82%D0%B5%D0%B9&clid=1842852&lr=172" "Mozilla/5.0 (Windows NT 5.1; rv:12.0) Gecko/20100101 Firefox/12.0"
213.180.206.197 - - [04/Jun/2012:14:13:49 +0600] "GET / HTTP/1.0" 200 23980 "-" "Mozilla/5.0 (compatible; YandexMetrika/2.0; +http://yandex.com/bots)"
46.191.172.205 - - [04/Jun/2012:14:16:21 +0600] "GET / HTTP/1.0" 200 6408 "http://yandex.ru/yandsearch?text=%D0%B1%D0%B8%D0%B1%D0%BB%D0%B8%D0%BE%D1%82%D0%B5%D0%BA%D0%B0+%D0%B8%D0%BC.%D0%A5%D1%83%D0%B4%D0%B0%D0%B9%D0%B1%D0%B5%D1%80%D0%B4%D0%B8%D0%BD%D0%B0&clid=9403&lr=172" "Opera/9.80 (Windows NT 6.1; WOW64; U; Edition Next; ru) Presto/2.10.289 Version/12.00"
46.191.172.205 - - [04/Jun/2012:14:16:26 +0600] "GET /images/cgdb.swf HTTP/1.0" 200 19792297 "http://csdb.ufanet.ru/" "Opera/9.80 (Windows NT 6.1; WOW64; U; Edition Next; ru) Presto/2.10.289 Version/12.00"
85.172.31.253 - - [04/Jun/2012:14:22:19 +0600] "GET /files/ucazatel/Mumitrol.pdf HTTP/1.0" 200 634741 "http://yandex.ru/yandsearch?p=1&text=%D1%82.+%D1%8F%D0%BD%D1%81%D0%BE%D0%BD+%D1%81%D0%BA%D0%B0%D0%B7%D0%BA%D0%B8+%D0%BF%D1%80%D0%BE+%D0%BC%D1%83%D0%BC%D0%B8-%D1%82%D1%80%D0%BE%D0%BB%D0%BB%D1%8F&clid=40316&lr=10987" "Mozilla/4.0 (compatible; MSIE 7.0; Windows NT 5.1)"
85.172.31.253 - - [04/Jun/2012:14:22:25 +0600] "GET /files/ucazatel/Mumitrol.pdf HTTP/1.0" 206 4096 "-" "Mozilla/4.0 (compatible; MSIE 7.0; Windows NT 5.1)"
85.172.31.253 - - [04/Jun/2012:14:22:25 +0600] "GET /files/ucazatel/Mumitrol.pdf HTTP/1.0" 206 463701 "-" "Mozilla/4.0 (compatible; MSIE 7.0; Windows NT 5.1)"
66.249.66.77 - - [04/Jun/2012:14:23:33 +0600] "GET /content/view/266/66/ HTTP/1.0" 200 5719 "-" "Mozilla/5.0 (compatible; Googlebot/2.1; +http://www.google.com/bot.html)"
46.191.172.205 - - [04/Jun/2012:14:24:46 +0600] "GET /content/view/983/66/ HTTP/1.0" 200 5995 "http://csdb.ufanet.ru/" "Opera/9.80 (Windows NT 6.1; WOW64; U; Edition Next; ru) Presto/2.10.289 Version/12.00"
46.191.172.205 - - [04/Jun/2012:14:25:06 +0600] "GET /images/cgdb.swf HTTP/1.0" 200 19792297 "http://csdb.ufanet.ru/" "Opera/9.80 (Windows NT 6.1; WOW64; U; Edition Next; ru) Presto/2.10.289 Version/12.00"
46.191.172.205 - - [04/Jun/2012:14:25:23 +0600] "GET /mb38/ HTTP/1.0" 200 14902 "http://csdb.ufanet.ru/" "Opera/9.80 (Windows NT 6.1; WOW64; U; Edition Next; ru) Presto/2.10.289 Version/12.00"
46.191.172.205 - - [04/Jun/2012:14:25:28 +0600] "GET /images/mb/img38/free_access.swf HTTP/1.0" 200 7947129 "http://csdb.ufanet.ru/mb38/" "Opera/9.80 (Windows NT 6.1; WOW64; U; Edition Next; ru) Presto/2.10.289 Version/12.00"
68.233.226.103 - - [04/Jun/2012:14:26:23 +0600] "GET /content/view/793/122/index.php HTTP/1.0" 200 13043 "-" "Mozilla/5.0 (Windows NT 5.1) AppleWebKit/535.2 (KHTML, like Gecko) Chrome/15.0.872.0 Safari/535.2"
46.191.172.205 - - [04/Jun/2012:14:27:00 +0600] "GET /images/mb/img38/free_access.swf HTTP/1.0" 200 7947129 "http://csdb.ufanet.ru/mb38/" "Opera/9.80 (Windows NT 6.1; WOW64; U; Edition Next; ru) Presto/2.10.289 Version/12.00"
46.191.172.205 - - [04/Jun/2012:14:27:03 +0600] "GET /images/cgdb.swf HTTP/1.0" 200 19792297 "http://csdb.ufanet.ru/" "Opera/9.80 (Windows NT 6.1; WOW64; U; Edition Next; ru) Presto/2.10.289 Version/12.00"
68.233.226.103 - - [04/Jun/2012:14:29:26 +0600] "GET /content/view/793/122/index.php?option=com_contact&Itemid=3 HTTP/1.0" 200 13043 "-" "Mozilla/5.0 (Windows NT 5.1) AppleWebKit/535.2 (KHTML, like Gecko) Chrome/15.0.872.0 Safari/535.2"
95.153.180.38 - - [04/Jun/2012:14:33:01 +0600] "GET /component/option,com_wrapper/Itemid,235/ HTTP/1.0" 200 4487 "-" "Mozilla/5.0 (Windows; U; Windows NT 5.1; en-US) AppleWebKit/534.10 (KHTML, like Gecko) Chrome/8.0.552.224 Safari/534.10"
95.153.180.38 - - [04/Jun/2012:14:33:04 +0600] "GET /cgi-bin/zgate?Init+test.xml,simple.xsl+rus HTTP/1.0" 200 5030 "http://csdb.ufanet.ru/component/option,com_wrapper/Itemid,235/" "Mozilla/5.0 (Windows; U; Windows NT 5.1; en-US) AppleWebKit/534.10 (KHTML, like Gecko) Chrome/8.0.552.224 Safari/534.10"
66.249.66.77 - - [04/Jun/2012:14:43:20 +0600] "GET /content/view/94/66/ HTTP/1.0" 200 6671 "-" "Mozilla/5.0 (compatible; Googlebot/2.1; +http://www.google.com/bot.html)"
46.159.178.169 - - [04/Jun/2012:14:43:37 +0600] "GET / HTTP/1.0" 200 23980 "http://clipovo.ru/news.php?extend.1137" "Mozila/4.0 (compatible; MSIE 6.0; Windows NT 5.1)"
66.249.66.77 - - [04/Jun/2012:14:47:00 +0600] "GET /content/view/546/66/ HTTP/1.0" 200 6129 "-" "Mozilla/5.0 (compatible; Googlebot/2.1; +http://www.google.com/bot.html)"
66.249.66.77 - - [04/Jun/2012:14:50:54 +0600] "GET /content/view/498/66/ HTTP/1.0" 200 6471 "-" "Mozilla/5.0 (compatible; Googlebot/2.1; +http://www.google.com/bot.html)"
213.180.206.197 - - [04/Jun/2012:14:51:10 +0600] "GET / HTTP/1.0" 200 23980 "-" "Mozilla/5.0 (compatible; YandexMetrika/2.0; +http://yandex.com/bots)"
178.154.163.30 - - [04/Jun/2012:14:51:19 +0600] "GET / HTTP/1.0" 200 6449 "-" "Mozilla/5.0 (compatible; YandexDirect/3.0; +http://yandex.com/bots)"
94.41.88.43 - - [04/Jun/2012:14:53:36 +0600] "GET / HTTP/1.0" 200 6448 "http://yandex.ru/yandsearch?text=%D1%86%D1%81%D0%B4%D0%B1+%D1%83%D1%84%D0%B0&lr=172" "Mozilla/5.0 (Windows NT 5.1; rv:12.0) Gecko/20100101 Firefox/12.0"
94.41.88.43 - - [04/Jun/2012:14:53:39 +0600] "GET /images/cgdb.swf HTTP/1.0" 200 19792297 "http://csdb.ufanet.ru/" "Mozilla/5.0 (Windows NT 5.1; rv:12.0) Gecko/20100101 Firefox/12.0"
94.41.88.43 - - [04/Jun/2012:14:53:58 +0600] "GET /content/blogcategory/1/66/ HTTP/1.0" 200 7732 "http://csdb.ufanet.ru/" "Mozilla/5.0 (Windows NT 5.1; rv:12.0) Gecko/20100101 Firefox/12.0"
94.41.88.43 - - [04/Jun/2012:14:54:28 +0600] "GET /content/view/1002/66/ HTTP/1.0" 200 6611 "http://csdb.ufanet.ru/content/blogcategory/1/66/" "Mozilla/5.0 (Windows NT 5.1; rv:12.0) Gecko/20100101 Firefox/12.0"
94.41.88.43 - - [04/Jun/2012:14:55:10 +0600] "GET /content/view/989/1/ HTTP/1.0" 200 5983 "http://csdb.ufanet.ru/content/view/1002/66/" "Mozilla/5.0 (Windows NT 5.1; rv:12.0) Gecko/20100101 Firefox/12.0"
94.41.88.43 - - [04/Jun/2012:14:55:10 +0600] "GET /content/view/989/1/ HTTP/1.0" 200 5981 "http://csdb.ufanet.ru/content/view/1002/66/" "Mozilla/5.0 (Windows NT 5.1; rv:12.0) Gecko/20100101 Firefox/12.0"
94.41.88.43 - - [04/Jun/2012:14:55:12 +0600] "GET /content/view/310/91/ HTTP/1.0" 200 6109 "http://csdb.ufanet.ru/content/view/989/1/" "Mozilla/5.0 (Windows NT 5.1; rv:12.0) Gecko/20100101 Firefox/12.0"
94.41.88.43 - - [04/Jun/2012:14:56:03 +0600] "GET / HTTP/1.0" 200 6470 "http://yandex.ru/yandsearch?text=%D1%86%D1%81%D0%B4%D0%B1+%D1%83%D1%84%D0%B0&lr=172" "Mozilla/5.0 (Windows NT 5.1; rv:12.0) Gecko/20100101 Firefox/12.0"
94.41.88.43 - - [04/Jun/2012:14:56:04 +0600] "GET /images/cgdb.swf HTTP/1.0" 200 19792297 "http://csdb.ufanet.ru/" "Mozilla/5.0 (Windows NT 5.1; rv:12.0) Gecko/20100101 Firefox/12.0"
94.41.88.43 - - [04/Jun/2012:14:56:16 +0600] "GET /content/category/7/20/52/ HTTP/1.0" 200 5714 "http://csdb.ufanet.ru/" "Mozilla/5.0 (Windows NT 5.1; rv:12.0) Gecko/20100101 Firefox/12.0"
66.249.66.77 - - [04/Jun/2012:14:56:24 +0600] "GET /content/view/500/66/ HTTP/1.0" 200 5980 "-" "Mozilla/5.0 (compatible; Googlebot/2.1; +http://www.google.com/bot.html)"
94.41.88.43 - - [04/Jun/2012:14:56:41 +0600] "GET /content/category/5/18/47/ HTTP/1.0" 200 5518 "http://csdb.ufanet.ru/content/category/7/20/52/" "Mozilla/5.0 (Windows NT 5.1; rv:12.0) Gecko/20100101 Firefox/12.0"
94.41.88.43 - - [04/Jun/2012:14:57:00 +0600] "GET /component/option,com_search/Itemid,5/ HTTP/1.0" 200 5620 "http://csdb.ufanet.ru/content/category/5/18/47/" "Mozilla/5.0 (Windows NT 5.1; rv:12.0) Gecko/20100101 Firefox/12.0"
94.41.88.43 - - [04/Jun/2012:14:57:25 +0600] "GET /index.php?option=com_search&Itemid=5&searchword=%EB%F3%F7%F8%E8%E9+%E1%E8%E1%EB%E8%EE%F2%E5%EA%E0%F0%FC+&submit=%CF%EE%E8%F1%EA&searchphrase=any&ordering=newest HTTP/1.0" 200 10251 "http://csdb.ufanet.ru/component/option,com_search/Itemid,5/" "Mozilla/5.0 (Windows NT 5.1; rv:12.0) Gecko/20100101 Firefox/12.0"
94.41.88.43 - - [04/Jun/2012:14:57:30 +0600] "GET /content/view/996/66/ HTTP/1.0" 200 6956 "http://csdb.ufanet.ru/index.php?option=com_search&Itemid=5&searchword=%EB%F3%F7%F8%E8%E9+%E1%E8%E1%EB%E8%EE%F2%E5%EA%E0%F0%FC+&submit=%CF%EE%E8%F1%EA&searchphrase=any&ordering=newest" "Mozilla/5.0 (Windows NT 5.1; rv:12.0) Gecko/20100101 Firefox/12.0"
66.249.66.77 - - [04/Jun/2012:14:58:15 +0600] "GET /content/view/301/66/ HTTP/1.0" 200 5878 "-" "Mozilla/5.0 (compatible; Googlebot/2.1; +http://www.google.com/bot.html)"
157.55.16.219 - - [04/Jun/2012:14:58:43 +0600] "GET /content/blogcategory/28/67/ HTTP/1.0" 200 3847 "-" "Mozilla/5.0 (compatible; bingbot/2.0; +http://www.bing.com/bingbot.htm)"
157.55.16.219 - - [04/Jun/2012:15:01:14 +0600] "GET /content/blogcategory/1/66/5/265/ HTTP/1.0" 200 6916 "-" "Mozilla/5.0 (compatible; bingbot/2.0; +http://www.bing.com/bingbot.htm)"
66.249.66.77 - - [04/Jun/2012:15:03:41 +0600] "GET /content/view/291/66/ HTTP/1.0" 200 6051 "-" "Mozilla/5.0 (compatible; Googlebot/2.1; +http://www.google.com/bot.html)"
178.154.163.30 - - [04/Jun/2012:15:04:43 +0600] "GET /content/view/989/1/ HTTP/1.0" 200 5985 "-" "Mozilla/5.0 (compatible; YandexBot/3.0; +http://yandex.com/bots)"
178.154.163.30 - - [04/Jun/2012:15:10:07 +0600] "GET /files/ucazatel/Mumitrol.pdf HTTP/1.0" 200 634741 "-" "Mozilla/5.0 (compatible; YandexDirect/3.0; +http://yandex.com/bots)"
178.154.163.30 - - [04/Jun/2012:15:12:44 +0600] "GET /files/articles/%D0%9F%D1%80%D0%BE%D0%B5%D0%BA%D1%82%D0%BD%D0%BE%D0%B5%20%D1%80%D0%B0%D0%B7%D0%B2%D0%B8%D1%82%D0%B8%D0%B5%20%D0%B1%D0%B8%D0%B1%D0%BB%D0%B8%D0%BE%D1%82%D0%B5%D0%BA%20%D0%90%D0%92%D0%93%D0%A3%D0%A1%D0%A2%D0%9E%D0%92%D0%A1%D0%9A%D0%9E%D0%95%20%D0%A1%D0%9E%D0%92%D0%95%D0%A9%D0%90%D0%9D%D0%98%D0%95.pdf HTTP/1.0" 200 119967 "-" "Mozilla/5.0 (compatible; YandexDirect/3.0; +http://yandex.com/bots)"
66.249.71.59 - - [04/Jun/2012:15:13:17 +0600] "GET /content/view/185/66/ HTTP/1.0" 200 5963 "-" "Mozilla/5.0 (compatible; Googlebot/2.1; +http://www.google.com/bot.html)"
66.249.66.77 - - [04/Jun/2012:15:15:04 +0600] "GET /content/view/717/66/ HTTP/1.0" 200 6130 "-" "Mozilla/5.0 (compatible; Googlebot/2.1; +http://www.google.com/bot.html)"
93.124.39.171 - - [04/Jun/2012:15:15:48 +0600] "GET / HTTP/1.0" 200 6444 "http://www.pushkinlib.spb.ru/usefulreferences.html" "Mozilla/5.0 (Windows NT 5.1; rv:12.0) Gecko/20100101 Firefox/12.0"
93.124.39.171 - - [04/Jun/2012:15:15:54 +0600] "GET /images/cgdb.swf HTTP/1.0" 200 19792297 "http://csdb.ufanet.ru/" "Mozilla/5.0 (Windows NT 5.1; rv:12.0) Gecko/20100101 Firefox/12.0"
68.233.226.103 - - [04/Jun/2012:15:15:57 +0600] "GET /content/view/793/122/index.php?option=com_search&Itemid=5 HTTP/1.0" 200 13043 "-" "Mozilla/5.0 (Windows NT 5.1) AppleWebKit/535.2 (KHTML, like Gecko) Chrome/15.0.872.0 Safari/535.2"
65.52.111.7 - - [04/Jun/2012:15:16:16 +0600] "GET /index.php?option=com_content&task=view&id=125&Itemid=62 HTTP/1.0" 200 5569 "-" "Mozilla/5.0 (compatible; bingbot/2.0; +http://www.bing.com/bingbot.htm)"
93.124.39.171 - - [04/Jun/2012:15:16:31 +0600] "GET /content/category/5/18/47/ HTTP/1.0" 200 5518 "http://csdb.ufanet.ru/" "Mozilla/5.0 (Windows NT 5.1; rv:12.0) Gecko/20100101 Firefox/12.0"
93.124.39.171 - - [04/Jun/2012:15:16:50 +0600] "GET /content/view/128/47/ HTTP/1.0" 200 12517 "http://csdb.ufanet.ru/content/category/5/18/47/" "Mozilla/5.0 (Windows NT 5.1; rv:12.0) Gecko/20100101 Firefox/12.0"
93.124.39.171 - - [04/Jun/2012:15:16:56 +0600] "GET /content/category/5/18/47/ HTTP/1.0" 200 5516 "http://csdb.ufanet.ru/" "Mozilla/5.0 (Windows NT 5.1; rv:12.0) Gecko/20100101 Firefox/12.0"
93.124.39.171 - - [04/Jun/2012:15:17:17 +0600] "GET /content/view/794/47/ HTTP/1.0" 200 5676 "http://csdb.ufanet.ru/content/category/5/18/47/" "Mozilla/5.0 (Windows NT 5.1; rv:12.0) Gecko/20100101 Firefox/12.0"
93.124.39.171 - - [04/Jun/2012:15:17:42 +0600] "GET /index2.php?option=com_content&task=view&id=794&pop=1&page=0&Itemid=47 HTTP/1.0" 200 1286 "http://csdb.ufanet.ru/content/view/794/47/" "Mozilla/5.0 (Windows NT 5.1; rv:12.0) Gecko/20100101 Firefox/12.0"
93.124.39.171 - - [04/Jun/2012:15:18:59 +0600] "GET /content/view/976/47/ HTTP/1.0" 200 6988 "http://csdb.ufanet.ru/content/view/794/47/" "Mozilla/5.0 (Windows NT 5.1; rv:12.0) Gecko/20100101 Firefox/12.0"
93.124.39.171 - - [04/Jun/2012:15:19:15 +0600] "GET /content/view/794/47/ HTTP/1.0" 200 5675 "http://csdb.ufanet.ru/content/view/976/47/" "Mozilla/5.0 (Windows NT 5.1; rv:12.0) Gecko/20100101 Firefox/12.0"
93.124.39.171 - - [04/Jun/2012:15:19:24 +0600] "GET /content/section/6/53/ HTTP/1.0" 200 5216 "http://csdb.ufanet.ru/content/view/794/47/" "Mozilla/5.0 (Windows NT 5.1; rv:12.0) Gecko/20100101 Firefox/12.0"
66.249.66.77 - - [04/Jun/2012:15:20:36 +0600] "GET /content/view/823/ HTTP/1.0" 200 4019 "-" "Mozilla/5.0 (compatible; Googlebot/2.1; +http://www.google.com/bot.html)"
136.169.204.234 - - [04/Jun/2012:15:22:22 +0600] "GET / HTTP/1.0" 200 6472 "-" "Mozilla/5.0 (Windows NT 6.1) AppleWebKit/536.5 (KHTML, like Gecko) Chrome/19.0.1084.52 Safari/536.5"
136.169.204.234 - - [04/Jun/2012:15:22:26 +0600] "GET /content/view/397/189/ HTTP/1.0" 200 5411 "http://csdb.ufanet.ru/" "Mozilla/5.0 (Windows NT 6.1) AppleWebKit/536.5 (KHTML, like Gecko) Chrome/19.0.1084.52 Safari/536.5"
136.169.204.234 - - [04/Jun/2012:15:22:30 +0600] "GET /content/blogcategory/46/222/ HTTP/1.0" 200 6307 "http://csdb.ufanet.ru/content/view/397/189/" "Mozilla/5.0 (Windows NT 6.1) AppleWebKit/536.5 (KHTML, like Gecko) Chrome/19.0.1084.52 Safari/536.5"
66.249.71.59 - - [04/Jun/2012:15:26:12 +0600] "GET /content/view/690/66/ HTTP/1.0" 200 5908 "-" "Mozilla/5.0 (compatible; Googlebot/2.1; +http://www.google.com/bot.html)"
136.169.204.234 - - [04/Jun/2012:15:26:18 +0600] "GET /content/view/397/189/ HTTP/1.0" 200 5411 "http://csdb.ufanet.ru/" "Mozilla/5.0 (Windows NT 6.1) AppleWebKit/536.5 (KHTML, like Gecko) Chrome/19.0.1084.52 Safari/536.5"
136.169.204.234 - - [04/Jun/2012:15:26:22 +0600] "GET / HTTP/1.0" 200 6473 "-" "Mozilla/5.0 (Windows NT 6.1) AppleWebKit/536.5 (KHTML, like Gecko) Chrome/19.0.1084.52 Safari/536.5"
66.249.66.77 - - [04/Jun/2012:15:26:51 +0600] "GET /content/view/948/66/ HTTP/1.0" 200 6098 "-" "Mozilla/5.0 (compatible; Googlebot/2.1; +http://www.google.com/bot.html)"
136.169.204.234 - - [04/Jun/2012:15:27:13 +0600] "GET /content/view/397/189/ HTTP/1.0" 200 5411 "http://csdb.ufanet.ru/" "Mozilla/5.0 (Windows NT 6.1) AppleWebKit/536.5 (KHTML, like Gecko) Chrome/19.0.1084.52 Safari/536.5"
136.169.204.234 - - [04/Jun/2012:15:28:48 +0600] "GET /content/blogcategory/46/222/ HTTP/1.0" 200 6307 "http://csdb.ufanet.ru/content/view/397/189/" "Mozilla/5.0 (Windows NT 6.1) AppleWebKit/536.5 (KHTML, like Gecko) Chrome/19.0.1084.52 Safari/536.5"
79.133.142.18 - - [04/Jun/2012:15:30:35 +0600] "GET /content/view/53/47 HTTP/1.0" 200 7367 "http://yandex.ru/yandsearch?text=%D1%81%D1%86%D0%B5%D0%BD%D0%B0%D1%80%D0%B8%D0%B8+%D0%B2%D1%8B%D1%81%D1%82%D0%B0%D0%B2%D0%BA%D0%B0+%D0%B4%D0%B5%D1%82%D1%81%D0%BA%D0%B8%D1%85+%D0%BA%D0%BD%D0%B8%D0%B3&lr=45" "Mozilla/4.0 (compatible; MSIE 6.0; Windows NT 5.1; SV1; MRSPUTNIK 2, 4, 0, 501; MRA 5.10 (build 5196))"
79.133.142.18 - - [04/Jun/2012:15:31:03 +0600] "GET /content/view/885/253/ HTTP/1.0" 200 10203 "http://csdb.ufanet.ru/content/view/53/47" "Mozilla/4.0 (compatible; MSIE 6.0; Windows NT 5.1; SV1; MRSPUTNIK 2, 4, 0, 501; MRA 5.10 (build 5196))"
157.55.16.219 - - [04/Jun/2012:15:31:15 +0600] "GET /content/view/290/156/ HTTP/1.0" 200 10135 "-" "Mozilla/5.0 (compatible; bingbot/2.0; +http://www.bing.com/bingbot.htm)"
213.180.206.197 - - [04/Jun/2012:15:31:33 +0600] "GET / HTTP/1.0" 200 24016 "-" "Mozilla/5.0 (compatible; YandexMetrika/2.0; +http://yandex.com/bots)"
79.133.142.18 - - [04/Jun/2012:15:32:22 +0600] "GET /content/view/53/47 HTTP/1.0" 200 7366 "http://yandex.ru/yandsearch?text=%D1%81%D1%86%D0%B5%D0%BD%D0%B0%D1%80%D0%B8%D0%B8+%D0%B2%D1%8B%D1%81%D1%82%D0%B0%D0%B2%D0%BA%D0%B0+%D0%B4%D0%B5%D1%82%D1%81%D0%BA%D0%B8%D1%85+%D0%BA%D0%BD%D0%B8%D0%B3&lr=45" "Mozilla/4.0 (compatible; MSIE 6.0; Windows NT 5.1; SV1; MRSPUTNIK 2, 4, 0, 501; MRA 5.10 (build 5196))"
68.233.226.103 - - [04/Jun/2012:15:32:24 +0600] "GET /content/view/793/129/index.php HTTP/1.0" 200 16424 "-" "Mozilla/5.0 (Windows NT 5.1) AppleWebKit/535.2 (KHTML, like Gecko) Chrome/15.0.872.0 Safari/535.2"
79.133.142.18 - - [04/Jun/2012:15:32:42 +0600] "GET /content/view/982/1/ HTTP/1.0" 200 6537 "http://csdb.ufanet.ru/content/view/53/47" "Mozilla/4.0 (compatible; MSIE 6.0; Windows NT 5.1; SV1; MRSPUTNIK 2, 4, 0, 501; MRA 5.10 (build 5196))"
109.187.109.217 - - [04/Jun/2012:15:35:15 +0600] "GET /content/view/976/1/ HTTP/1.0" 200 7400 "http://yandex.ru/yandsearch?text=%D0%B8%D0%BD%D1%84%D0%BE%D1%80%D0%BC%D0%B0%D1%86%D0%B8%D1%8F+%D0%BE+%D0%BC%D0%B5%D1%80%D0%BE%D0%BF%D1%80%D0%B8%D1%8F%D1%82%D0%B8%D1%8F%D1%85+%D0%94%D0%BD%D1%8E+%D0%B7%D0%B0%D1%89%D0%B8%D1%82%D1%8B+%D0%94%D0%B5%D1%82%D0%B5%D0%B9&clid=46510&lr=20716" "Mozilla/5.0 (Windows; U; Windows NT 5.1; ru; rv:1.9.2.3) Gecko/20100401 Firefox/3.6.3 WebMoney Advisor"
66.249.66.77 - - [04/Jun/2012:15:35:28 +0600] "GET /content/view/992/66/ HTTP/1.0" 200 5920 "-" "Mozilla/5.0 (compatible; Googlebot/2.1; +http://www.google.com/bot.html)"
66.249.66.77 - - [04/Jun/2012:15:35:38 +0600] "GET /content/view/913/1/ HTTP/1.0" 200 6466 "-" "Mozilla/5.0 (compatible; Googlebot/2.1; +http://www.google.com/bot.html)"
68.233.226.103 - - [04/Jun/2012:15:36:25 +0600] "GET /content/view/793/129/index.php?option=com_contact&Itemid=3 HTTP/1.0" 200 16424 "-" "Mozilla/5.0 (Windows NT 5.1) AppleWebKit/535.2 (KHTML, like Gecko) Chrome/15.0.872.0 Safari/535.2"
195.69.65.50 - - [04/Jun/2012:15:36:53 +0600] "GET /content/view/53/47/ HTTP/1.0" 200 7363 "http://www.google.ru/url?sa=t&rct=j&q=%D1%81%D0%BA%D0%B0%D1%87%D0%B0%D1%82%D1%8C%20%D1%81%D1%86%D0%B5%D0%BD%D0%B0%D1%80%D0%B8%D0%B8%20%D0%BC%D0%B5%D1%80%D0%BE%D0%BF%D1%80%D0%B8%D1%8F%D1%82%D0%B8%D0%B9%20%D1%80%D0%BE%D1%81%D1%81%D0%B8%D1%8F%2C%20%D0%BC%D0%B0%D0%BC%D0%B0%2C%20%D0%BC%D0%B8%D1%80&source=web&cd=9&ved=0CGAQFjAI&url=http%3A%2F%2Fcsdb.ufanet.ru%2Fcontent%2Fview%2F53%2F47%2F&ei=7oDMT_zULoeW0QWp5Oy7AQ&usg=AFQjCNF6o4KcqLLmeh4J7c6RftwAd23QCQ&cad=rjt" "Mozilla/5.0 (Windows NT 5.1; rv:9.0.1) Gecko/20100101 Firefox/9.0.1"
195.69.65.50 - - [04/Jun/2012:15:37:11 +0600] "GET /files/scen_prazd/Raznocvet.doc HTTP/1.0" 200 40448 "http://csdb.ufanet.ru/content/view/53/47/" "Mozilla/5.0 (Windows NT 5.1; rv:9.0.1) Gecko/20100101 Firefox/9.0.1"
195.222.85.69 - - [04/Jun/2012:15:37:55 +0600] "GET /content/view/204/47 HTTP/1.0" 200 10170 "http://yandex.by/yandsearch?text=%D0%B7%D0%B0%D0%B4%D0%B0%D1%87%D0%B8+%D0%B4%D0%B5%D1%82%D1%81%D0%BA%D0%B8%D0%B5+%D0%B1%D0%B8%D0%B1%D0%BB%D0%B8%D0%BE%D1%82%D0%B5%D0%BA%D0%B8&clid=9582&tld=by&lr=157" "Opera/9.80 (Windows NT 5.0; U; ru) Presto/2.10.229 Version/11.64"
136.169.204.234 - - [04/Jun/2012:15:38:59 +0600] "GET /content/view/1003/222/ HTTP/1.0" 200 6050 "http://csdb.ufanet.ru/content/blogcategory/46/222/" "Mozilla/5.0 (Windows NT 6.1) AppleWebKit/536.5 (KHTML, like Gecko) Chrome/19.0.1084.52 Safari/536.5"
66.249.66.77 - - [04/Jun/2012:15:39:06 +0600] "GET /content/view/777/56/ HTTP/1.0" 200 3763 "-" "Mozilla/5.0 (compatible; Googlebot/2.1; +http://www.google.com/bot.html)"
136.169.204.234 - - [04/Jun/2012:15:40:09 +0600] "GET /content/view/1004/222/ HTTP/1.0" 200 5288 "http://csdb.ufanet.ru/content/view/1003/222/" "Mozilla/5.0 (Windows NT 6.1) AppleWebKit/536.5 (KHTML, like Gecko) Chrome/19.0.1084.52 Safari/536.5"
68.233.226.103 - - [04/Jun/2012:15:41:33 +0600] "GET /content/view/793/129/index.php?option=com_search&Itemid=5 HTTP/1.0" 200 16424 "-" "Mozilla/5.0 (Windows NT 5.1) AppleWebKit/535.2 (KHTML, like Gecko) Chrome/15.0.872.0 Safari/535.2"
178.154.163.30 - - [04/Jun/2012:15:43:13 +0600] "GET /content/view/982/1/ HTTP/1.0" 200 6537 "-" "Mozilla/5.0 (compatible; YandexBot/3.0; +http://yandex.com/bots)"
85.26.199.194 - - [04/Jun/2012:15:46:06 +0600] "GET /content/view/241/66/ HTTP/1.0" 200 5778 "http://yandex.ru/yandsearch?text=%D0%B4%D0%B5%D0%BD%D1%8C+%D0%BF%D0%B0%D0%BC%D1%8F%D1%82%D0%B8+%D0%B8+%D1%81%D0%BA%D0%BE%D1%80%D0%B1%D0%B8+%D0%B2%D1%8B%D1%81%D1%82%D0%B0%D0%B2%D0%BA%D0%B0+%D0%B2+%D1%8E%D0%B1%D0%B8%D0%B1%D0%BB%D0%B8%D0%BE%D1%82%D0%B5%D0%BA%D0%B5&lr=240" "Mozilla/5.0 (Windows NT 5.1) AppleWebKit/536.5 (KHTML, like Gecko) Chrome/19.0.1084.52 Safari/536.5"
85.26.199.194 - - [04/Jun/2012:15:46:12 +0600] "GET /content/view/240/66/ HTTP/1.0" 200 5803 "http://csdb.ufanet.ru/content/view/241/66/" "Mozilla/5.0 (Windows NT 5.1) AppleWebKit/536.5 (KHTML, like Gecko) Chrome/19.0.1084.52 Safari/536.5"
85.26.199.194 - - [04/Jun/2012:15:46:15 +0600] "GET /content/view/239/66/ HTTP/1.0" 200 6400 "http://csdb.ufanet.ru/content/view/240/66/" "Mozilla/5.0 (Windows NT 5.1) AppleWebKit/536.5 (KHTML, like Gecko) Chrome/19.0.1084.52 Safari/536.5"
85.26.199.194 - - [04/Jun/2012:15:46:18 +0600] "GET /content/view/238/66/ HTTP/1.0" 200 6374 "http://csdb.ufanet.ru/content/view/239/66/" "Mozilla/5.0 (Windows NT 5.1) AppleWebKit/536.5 (KHTML, like Gecko) Chrome/19.0.1084.52 Safari/536.5"
85.26.199.194 - - [04/Jun/2012:15:46:24 +0600] "GET /content/category/14/42/183/ HTTP/1.0" 200 5775 "http://csdb.ufanet.ru/content/view/238/66/" "Mozilla/5.0 (Windows NT 5.1) AppleWebKit/536.5 (KHTML, like Gecko) Chrome/19.0.1084.52 Safari/536.5"
178.154.163.30 - - [04/Jun/2012:15:46:26 +0600] "GET /content/view/1003/222/ HTTP/1.0" 200 6050 "-" "Mozilla/5.0 (compatible; YandexBot/3.0; +http://yandex.com/bots)"
178.154.163.30 - - [04/Jun/2012:15:48:02 +0600] "GET /content/view/204/47 HTTP/1.0" 200 10200 "-" "Mozilla/5.0 (compatible; YandexBot/3.0; +http://yandex.com/bots)"
31.29.27.153 - - [04/Jun/2012:15:48:33 +0600] "GET /content/view/204/47/ HTTP/1.0" 200 10202 "http://www.google.kg/url?sa=t&rct=j&q=%D0%B1%D0%B8%D0%B1%D0%BB%D0%B8%D0%BE%D1%82%D0%B5%D0%BA%D0%B8%20%D0%B2%20%D0%BF%D0%BE%D0%BC%D0%BE%D1%89%D1%8C%20%D0%BC%D0%BD%D0%BE%D0%B3%D0%BE%D0%BD%D0%B0%D1%86%D0%B8%D0%BE%D0%BD%D0%B0%D0%BB%D1%8C%D0%BD%D0%BE%D0%B9%20%D0%BA%D1%83%D0%BB%D1%8C%D1%82%D1%83%D1%80%D0%B5&source=web&cd=4&sqi=2&ved=0CFkQFjAD&url=http%3A%2F%2Fcsdb.ufanet.ru%2Fcontent%2Fview%2F204%2F47%2F&ei=EYTMT-7vMImZOomjyQg&usg=AFQjCNHq-a7xRJ0ytVIeOUW6Qa9yO1lXKg" "Mozilla/5.0 (Windows NT 5.1) AppleWebKit/536.5 (KHTML, like Gecko) Chrome/19.0.1084.52 Safari/536.5"
178.154.163.30 - - [04/Jun/2012:15:48:41 +0600] "GET /content/view/1004/222/ HTTP/1.0" 200 5288 "-" "Mozilla/5.0 (compatible; YandexBot/3.0; +http://yandex.com/bots)"
68.233.226.103 - - [04/Jun/2012:15:52:27 +0600] "GET /content/view/793/120/content/view/794/1/ HTTP/1.0" 200 15809 "-" "Mozilla/5.0 (Windows NT 5.1) AppleWebKit/535.2 (KHTML, like Gecko) Chrome/15.0.872.0 Safari/535.2"
66.249.66.77 - - [04/Jun/2012:15:52:42 +0600] "GET /content/view/428/211/ HTTP/1.0" 200 4246 "-" "Mozilla/5.0 (compatible; Googlebot/2.1; +http://www.google.com/bot.html)"
208.107.186.76 - - [04/Jun/2012:15:52:47 +0600] "GET / HTTP/1.0" 200 24016 "-" "Mozilla/5.0 (compatible; MJ12bot/v1.4.3; http://www.majestic12.co.uk/bot.php?+)"
66.249.66.77 - - [04/Jun/2012:15:53:21 +0600] "GET /content/view/134/67/ HTTP/1.0" 200 3828 "-" "Mozilla/5.0 (compatible; Googlebot/2.1; +http://www.google.com/bot.html)"
178.154.163.30 - - [04/Jun/2012:15:53:59 +0600] "GET /content/view/53/47 HTTP/1.0" 200 7366 "-" "Mozilla/5.0 (compatible; YandexDirect/3.0; +http://yandex.com/bots)"
46.118.123.169 - - [04/Jun/2012:15:55:18 +0600] "GET / HTTP/1.0" 200 24015 "http://csdb.ufanet.ru/" "Mozilla/4.0 (compatible; MSIE 6.0; Windows 98; Win 9x 4.90)"
66.249.66.77 - - [04/Jun/2012:15:57:40 +0600] "GET /content/view/982/1/ HTTP/1.0" 200 6537 "-" "Mozilla/5.0 (compatible; Googlebot/2.1; +http://www.google.com/bot.html)"
66.249.66.77 - - [04/Jun/2012:15:57:47 +0600] "GET /content/view/811/1/ HTTP/1.0" 200 5527 "-" "Mozilla/5.0 (compatible; Googlebot/2.1; +http://www.google.com/bot.html)"
83.149.21.188 - - [04/Jun/2012:15:58:23 +0600] "GET /files/ucazatel/Salavat2.pdf HTTP/1.0" 200 345749 "http://searchru.icq.com/search?iql=1&q=%D1%82%D0%B5%D0%BA%D1%81%D1%82+%D0%BF%D1%80%D0%BE++%D0%BF%D0%B0%D0%BC%D1%8F%D1%82%D0%BD%D0%B8%D0%BA+%D1%81%D0%B0%D0%BB%D0%B0%D0%B2%D0%B0%D1%82%D0%B0+%D1%8E%D0%BB%D0%B0%D0%B5%D0%B2%D0%B0+%D0%BD%D0%B0+%D0%B1%D0%B0%D1%88.+%D1%8F%D0%B7" "Mozilla/4.0 (compatible; MSIE 8.0; Windows NT 5.1; Trident/4.0; .NET CLR 2.0.50727; AskTbPTV/5.11.3.15590; InfoPath.2; .NET CLR 3.0.4506.2152; .NET CLR 3.5.30729)"
68.233.226.103 - - [04/Jun/2012:16:03:34 +0600] "GET /content/view/793/240/content/view/704/183/ HTTP/1.0" 200 15331 "-" "Mozilla/5.0 (Windows NT 5.1) AppleWebKit/535.2 (KHTML, like Gecko) Chrome/15.0.872.0 Safari/535.2"
85.115.243.109 - - [04/Jun/2012:16:03:54 +0600] "GET /content/view/81/115/ HTTP/1.0" 200 11357 "http://go.mail.ru/search?mailru=1&iewtf=%E2%98%A0&q=%D1%81%D1%8B%D0%BD%D0%BE%D1%87%D0%B5%D0%BA+%D0%BC%D0%BE%D0%B9+%D0%BA%D1%80%D0%BE%D0%B2%D0%B8%D0%BD%D0%BE%D1%87%D0%BA%D0%B0+%D1%83%D0%BA%D1%80%D0%B0%D0%B4%D0%B5%D0%BD+%D1%82%D1%8B+%D0%B2%D0%BE%D0%B9%D0%BD%D0%BE%D0%B9&us=22" "Mozilla/5.0 (compatible; MSIE 9.0; Windows NT 6.1; WOW64; Trident/5.0)"
95.78.255.112 - - [04/Jun/2012:16:09:46 +0600] "GET /content/view/166/56/ HTTP/1.0" 200 5718 "http://yandex.ru/yandsearch?text=%D1%81%D0%BE%D0%B2%D1%80%D0%B5%D0%BC%D0%B5%D0%BD%D0%BD%D0%BE%D0%B5+%D1%81%D0%BE%D1%81%D1%82%D0%BE%D1%8F%D0%BD%D0%B8%D0%B5+%D0%B4%D0%B5%D1%82%D1%81%D0%BA%D0%BE%D0%B9+%D0%BA%D0%BD%D0%B8%D0%B3%D0%B8&lr=48" "Mozilla/5.0 (Windows NT 6.1) AppleWebKit/536.5 (KHTML, like Gecko) Chrome/19.0.1084.52 Safari/536.5"
188.16.205.35 - - [04/Jun/2012:16:11:14 +0600] "GET / HTTP/1.0" 200 6447 "http://yandex.ru/yandsearch?p=1&text=%D1%81%D0%B0%D0%B9%D1%82+%D0%B4%D0%B5%D1%82%D1%81%D0%BA%D0%B8%D1%85+%D0%B1%D0%B8%D0%B1%D0%BB%D0%B8%D0%BE%D1%82%D0%B5%D0%BA+%D0%B1%D0%B0%D1%88%D0%BA%D0%BE%D1%80%D1%82%D0%BE%D1%81%D1%82%D0%B0%D0%BD%D0%B0&lr=54" "Mozilla/5.0 (Windows NT 5.1; rv:12.0) Gecko/20100101 Firefox/12.0"
188.16.205.35 - - [04/Jun/2012:16:11:15 +0600] "GET /images/cgdb.swf HTTP/1.0" 200 19792297 "http://csdb.ufanet.ru/" "Mozilla/5.0 (Windows NT 5.1; rv:12.0) Gecko/20100101 Firefox/12.0"
188.16.205.35 - - [04/Jun/2012:16:11:38 +0600] "GET /content/category/7/20/52/ HTTP/1.0" 200 5715 "http://csdb.ufanet.ru/" "Mozilla/5.0 (Windows NT 5.1; rv:12.0) Gecko/20100101 Firefox/12.0"
188.16.205.35 - - [04/Jun/2012:16:11:46 +0600] "GET /content/view/643/52/ HTTP/1.0" 200 8026 "http://csdb.ufanet.ru/content/category/7/20/52/" "Mozilla/5.0 (Windows NT 5.1; rv:12.0) Gecko/20100101 Firefox/12.0"
188.16.205.35 - - [04/Jun/2012:16:11:52 +0600] "GET /content/category/7/20/52/ HTTP/1.0" 200 5717 "http://csdb.ufanet.ru/" "Mozilla/5.0 (Windows NT 5.1; rv:12.0) Gecko/20100101 Firefox/12.0"
188.16.205.35 - - [04/Jun/2012:16:11:58 +0600] "GET /content/section/6/53/ HTTP/1.0" 200 5219 "http://csdb.ufanet.ru/content/category/7/20/52/" "Mozilla/5.0 (Windows NT 5.1; rv:12.0) Gecko/20100101 Firefox/12.0"
188.16.205.35 - - [04/Jun/2012:16:12:04 +0600] "GET /content/category/14/42/183/ HTTP/1.0" 200 5776 "http://csdb.ufanet.ru/content/section/6/53/" "Mozilla/5.0 (Windows NT 5.1; rv:12.0) Gecko/20100101 Firefox/12.0"
62.133.168.111 - - [04/Jun/2012:16:12:05 +0600] "GET /content/view/1001/1/ HTTP/1.0" 200 19715 "http://yandex.ru/yandsearch?text=%D0%9F%D0%BB%D0%B0%D0%BD+%D0%BD%D0%B0+%D0%B8%D1%8E%D0%BD%D1%8C+%D0%B1%D0%B8%D0%B1%D0%BB%D0%B8%D0%BE%D1%82%D0%B5%D0%BA&clid=37000&lr=172" "Mozilla/5.0 (Windows NT 6.1; WOW64; rv:11.0) Gecko/20100101 Firefox/11.0"
188.16.205.35 - - [04/Jun/2012:16:12:10 +0600] "GET /content/category/12/40/86/ HTTP/1.0" 200 5632 "http://csdb.ufanet.ru/content/category/14/42/183/" "Mozilla/5.0 (Windows NT 5.1; rv:12.0) Gecko/20100101 Firefox/12.0"
188.16.205.35 - - [04/Jun/2012:16:12:20 +0600] "GET /content/view/397/189/ HTTP/1.0" 200 5411 "http://csdb.ufanet.ru/content/category/12/40/86/" "Mozilla/5.0 (Windows NT 5.1; rv:12.0) Gecko/20100101 Firefox/12.0"
188.16.205.35 - - [04/Jun/2012:16:12:21 +0600] "GET /mambots/content/jw_allvideos/players/mediaplayer_4.0.46.swf HTTP/1.0" 200 38096 "http://csdb.ufanet.ru/content/view/397/189/" "Mozilla/5.0 (Windows NT 5.1; rv:12.0) Gecko/20100101 Firefox/12.0"
188.16.205.35 - - [04/Jun/2012:16:12:22 +0600] "GET /images/stories/videos/main1.flv HTTP/1.0" 200 5858127 "-" "Mozilla/5.0 (Windows NT 5.1; rv:12.0) Gecko/20100101 Firefox/12.0"
188.16.205.35 - - [04/Jun/2012:16:12:29 +0600] "GET /content/view/323/163/ HTTP/1.0" 200 11635 "http://csdb.ufanet.ru/content/view/397/189/" "Mozilla/5.0 (Windows NT 5.1; rv:12.0) Gecko/20100101 Firefox/12.0"
188.16.205.35 - - [04/Jun/2012:16:12:30 +0600] "GET /images/stories/videos/podsol.flv HTTP/1.0" 200 5602055 "-" "Mozilla/5.0 (Windows NT 5.1; rv:12.0) Gecko/20100101 Firefox/12.0"
188.16.205.35 - - [04/Jun/2012:16:12:52 +0600] "GET /content/category/17/53/243/ HTTP/1.0" 200 5460 "http://csdb.ufanet.ru/content/view/323/163/" "Mozilla/5.0 (Windows NT 5.1; rv:12.0) Gecko/20100101 Firefox/12.0"
