213.180.206.197 - - [03/Jun/2012:21:50:57 +0600] "GET / HTTP/1.0" 200 25364 "-" "Mozilla/5.0 (compatible; YandexMetrika/2.0; +http://yandex.com/bots)"
83.149.2.45 - - [03/Jun/2012:21:51:13 +0600] "GET /content/view/289/154/ HTTP/1.0" 200 9747 "http://yandex.ru/yandsearch?text=%D1%84%D0%BE%D1%80%D0%BC%D1%8B+%D1%80%D0%B0%D0%B1%D0%BE%D1%82%D1%8B+%D0%B4%D0%B5%D1%81%D0%BA%D0%BE%D0%B3%D0%BE+%D0%BF%D1%80%D0%B0%D0%B2%D0%BE%D0%B2%D0%BE%D0%B3%D0%BE+%D1%86%D0%B5%D0%BD%D1%82%D1%80%D0%B0+%D0%B2+%D0%B1%D0%B8%D0%B1%D0%BB%D0%B8%D0%BE%D1%82%D0%B5%D0%BA%D0%B0%D1%85&lr=2" "Opera/9.80 (Windows NT 5.1; U; Edition Yx; ru) Presto/2.10.229 Version/11.64"
66.249.66.77 - - [03/Jun/2012:21:51:56 +0600] "GET /content/view/560/194/ HTTP/1.0" 200 5094 "-" "Mozilla/5.0 (compatible; Googlebot/2.1; +http://www.google.com/bot.html)"
178.154.163.30 - - [03/Jun/2012:21:52:45 +0600] "GET /content/view/695/146/ HTTP/1.0" 200 5066 "-" "Mozilla/5.0 (compatible; YandexBot/3.0; +http://yandex.com/bots)"
66.249.66.77 - - [03/Jun/2012:21:52:46 +0600] "GET /content/view/560/66/ HTTP/1.0" 200 5100 "-" "Mozilla/5.0 (compatible; Googlebot/2.1; +http://www.google.com/bot.html)"
178.154.163.30 - - [03/Jun/2012:21:56:08 +0600] "GET /content/view/695/155/ HTTP/1.0" 200 5069 "-" "Mozilla/5.0 (compatible; YandexBot/3.0; +http://yandex.com/bots)"
68.233.226.103 - - [03/Jun/2012:21:56:16 +0600] "GET /content/view/793/117/index.php?option=com_search&Itemid=5 HTTP/1.0" 200 16495 "-" "Mozilla/5.0 (Windows NT 5.1) AppleWebKit/535.2 (KHTML, like Gecko) Chrome/15.0.872.0 Safari/535.2"
66.249.66.77 - - [03/Jun/2012:21:57:29 +0600] "GET /content/view/1001/112/ HTTP/1.0" 200 19246 "-" "Mozilla/5.0 (compatible; Googlebot/2.1; +http://www.google.com/bot.html)"
80.234.26.39 - - [03/Jun/2012:21:57:43 +0600] "GET /content/view/145/66/ HTTP/1.0" 200 7765 "http://search.conduit.com/Results.aspx?q=%D1%81%D1%86%D0%BA%D0%BD%D0%B0%D1%80%D0%B8%D0%B9%20%D1%80%D0%B5%D0%BA%D0%BB%D0%B0%D0%BC%D1%8B%20%D0%B1%D0%B8%D0%B1%D0%BB%D0%B8%D0%BE%D1%82%D0%B5%D0%BA%D0%B8&start=10&hl=ru&SearchSource=48&SelfSearch=1&SearchType=SearchWeb&ctid=CT2431200&octid=CT2431200&FollowOn=True" "Mozilla/5.0 (Windows NT 5.1) AppleWebKit/536.5 (KHTML, like Gecko) Chrome/19.0.1084.52 Safari/536.5"
81.30.184.200 - - [03/Jun/2012:21:58:11 +0600] "GET / HTTP/1.0" 200 6944 "-" "Mozilla/5.0 (X11; Linux i686) AppleWebKit/536.5 (KHTML, like Gecko) Chrome/19.0.1084.52 Safari/536.5"
85.26.165.174 - - [03/Jun/2012:21:59:12 +0600] "GET /content/view/418/201/ HTTP/1.0" 200 5779 "http://www.google.ru/imgres?q=%D0%B1%D0%B0%D1%88%D0%BA%D0%B8%D1%80%D1%81%D0%BA%D0%B8%D0%B9+%D0%B4%D1%80%D0%B0%D0%BC%D0%B0%D1%82%D0%B8%D1%87%D0%B5%D1%81%D0%BA%D0%B8%D0%B9+%D1%82%D0%B5%D0%B0%D1%82%D1%80+%D1%83%D1%84%D0%B0&start=87&num=10&um=1&hl=ru&newwindow=1&client=firefox&rls=org.mozilla:ru:official&biw=1280&bih=637&tbm=isch&tbnid=mwQKf_2nGSJ0_M:&imgrefurl=http://csdb.ufanet.ru/content/view/418/201/&docid=XZC4aqngb08iVM&imgurl=http://csdb.ufanet.ru/images/teatri/03.jpg&w=400&h=286&ei=wInLT6voI4OAOrfy7fwP&zoom=1&iact=hc&vpx=393&vpy=212&dur=575&hovh=181&hovw=250&tx=163&ty=78&sig=111223704536149421257&page=5&tbnh=139&tbnw=178&ndsp=23&ved=1t:429,r:2,s:87,i:9" "Mozilla/5.0 (Windows NT 5.1; rv:7.0.1) Gecko/20100101 Firefox/7.0.1"
178.154.163.30 - - [03/Jun/2012:21:59:32 +0600] "GET /content/view/820/119/ HTTP/1.0" 200 5061 "-" "Mozilla/5.0 (compatible; YandexBot/3.0; +http://yandex.com/bots)"
66.249.66.77 - - [03/Jun/2012:21:59:47 +0600] "GET /content/view/562/128/ HTTP/1.0" 200 5053 "-" "Mozilla/5.0 (compatible; Googlebot/2.1; +http://www.google.com/bot.html)"
66.249.66.77 - - [03/Jun/2012:22:01:02 +0600] "GET /content/view/580/86/ HTTP/1.0" 200 5087 "-" "Mozilla/5.0 (compatible; Googlebot/2.1; +http://www.google.com/bot.html)"
178.154.163.30 - - [03/Jun/2012:22:02:27 +0600] "GET /content/view/289/154/ HTTP/1.0" 200 9784 "-" "Mozilla/5.0 (compatible; YandexBot/3.0; +http://yandex.com/bots)"
178.154.163.30 - - [03/Jun/2012:22:03:24 +0600] "GET /content/view/204/47 HTTP/1.0" 200 10166 "-" "Mozilla/5.0 (compatible; YandexDirect/3.0; +http://yandex.com/bots)"
136.169.230.108 - - [03/Jun/2012:22:04:23 +0600] "GET / HTTP/1.0" 200 6902 "http://yandex.ru/yandsearch?text=%D1%81%D0%B0%D0%B9%D1%82+%D0%B1%D0%B8%D0%B1%D0%BB%D0%B8%D0%BE%D1%82%D0%B5%D0%BA%D0%B0&clid=9403&lr=172&msid=20947.18339.1338739444.043" "Opera/9.80 (Windows NT 6.1; WOW64; U; ru) Presto/2.10.229 Version/11.64"
136.169.230.108 - - [03/Jun/2012:22:04:23 +0600] "GET /images/cgdb.swf HTTP/1.0" 200 19792297 "http://csdb.ufanet.ru/" "Opera/9.80 (Windows NT 6.1; WOW64; U; ru) Presto/2.10.229 Version/11.64"
136.169.230.108 - - [03/Jun/2012:22:04:30 +0600] "GET /content/section/6/53/ HTTP/1.0" 200 5152 "http://csdb.ufanet.ru/" "Opera/9.80 (Windows NT 6.1; WOW64; U; ru) Presto/2.10.229 Version/11.64"
136.169.230.108 - - [03/Jun/2012:22:04:34 +0600] "GET /component/option,com_search/Itemid,5/ HTTP/1.0" 200 5556 "http://csdb.ufanet.ru/content/section/6/53/" "Opera/9.80 (Windows NT 6.1; WOW64; U; ru) Presto/2.10.229 Version/11.64"
136.169.230.108 - - [03/Jun/2012:22:04:39 +0600] "GET /content/category/14/43/192/ HTTP/1.0" 200 5323 "http://csdb.ufanet.ru/component/option,com_search/Itemid,5/" "Opera/9.80 (Windows NT 6.1; WOW64; U; ru) Presto/2.10.229 Version/11.64"
136.169.230.108 - - [03/Jun/2012:22:04:56 +0600] "GET /component/option,com_joomap/Itemid,64/ HTTP/1.0" 200 19336 "http://csdb.ufanet.ru/content/category/14/43/192/" "Opera/9.80 (Windows NT 6.1; WOW64; U; ru) Presto/2.10.229 Version/11.64"
136.169.230.108 - - [03/Jun/2012:22:05:01 +0600] "GET /content/category/14/42/183/ HTTP/1.0" 200 5700 "http://csdb.ufanet.ru/component/option,com_joomap/Itemid,64/" "Opera/9.80 (Windows NT 6.1; WOW64; U; ru) Presto/2.10.229 Version/11.64"
136.169.230.108 - - [03/Jun/2012:22:05:06 +0600] "GET /content/view/382/158/ HTTP/1.0" 200 6309 "http://csdb.ufanet.ru/content/category/14/42/183/" "Opera/9.80 (Windows NT 6.1; WOW64; U; ru) Presto/2.10.229 Version/11.64"
136.169.230.108 - - [03/Jun/2012:22:05:06 +0600] "GET /%22%22%22%22%22http://csdb.ufanet.ru/templates/csdb/images/strelka.gif%22%22%22%22%22 HTTP/1.0" 404 392 "http://csdb.ufanet.ru/content/view/382/158/" "Opera/9.80 (Windows NT 6.1; WOW64; U; ru) Presto/2.10.229 Version/11.64"
136.169.230.108 - - [03/Jun/2012:22:05:19 +0600] "GET /component/option,com_facileforms/Itemid,71/ HTTP/1.0" 200 5181 "http://csdb.ufanet.ru/content/view/382/158/" "Opera/9.80 (Windows NT 6.1; WOW64; U; ru) Presto/2.10.229 Version/11.64"
136.169.230.108 - - [03/Jun/2012:22:05:19 +0600] "GET /index2.php?option=com_facileforms&Itemid=71&ff_form=11&ff_frame=1&ff_border=1 HTTP/1.0" 200 4051 "http://csdb.ufanet.ru/component/option,com_facileforms/Itemid,71/" "Opera/9.80 (Windows NT 6.1; WOW64; U; ru) Presto/2.10.229 Version/11.64"
136.169.230.108 - - [03/Jun/2012:22:05:19 +0600] "GET /components/com_facileforms/secimage.php?sessid=9v9tck8cfoj1trlntjcbq6lu67 HTTP/1.0" 200 265 "http://csdb.ufanet.ru/index2.php?option=com_facileforms&Itemid=71&ff_form=11&ff_frame=1&ff_border=1" "Opera/9.80 (Windows NT 6.1; WOW64; U; ru) Presto/2.10.229 Version/11.64"
136.169.230.108 - - [03/Jun/2012:22:05:24 +0600] "GET /component/option,com_search/Itemid,5/ HTTP/1.0" 200 5555 "http://csdb.ufanet.ru/component/option,com_facileforms/Itemid,71/" "Opera/9.80 (Windows NT 6.1; WOW64; U; ru) Presto/2.10.229 Version/11.64"
136.169.230.108 - - [03/Jun/2012:22:05:38 +0600] "GET /index.php?option=com_search&Itemid=5&searchword=%EF%F3%F8%EA%E8%ED&submit=%CF%EE%E8%F1%EA&searchphrase=any&ordering=newest HTTP/1.0" 200 9460 "http://csdb.ufanet.ru/component/option,com_search/Itemid,5/" "Opera/9.80 (Windows NT 6.1; WOW64; U; ru) Presto/2.10.229 Version/11.64"
178.154.163.30 - - [03/Jun/2012:22:06:37 +0600] "GET /content/view/811/139/ HTTP/1.0" 200 5067 "-" "Mozilla/5.0 (compatible; YandexBot/3.0; +http://yandex.com/bots)"
66.249.66.77 - - [03/Jun/2012:22:08:51 +0600] "GET /content/view/752/135/ HTTP/1.0" 200 5065 "-" "Mozilla/5.0 (compatible; Googlebot/2.1; +http://www.google.com/bot.html)"
66.249.66.77 - - [03/Jun/2012:22:09:06 +0600] "GET /index2.php?option=com_content&task=view&id=211&pop=1&page=0&Itemid=90 HTTP/1.0" 200 1971 "-" "Mozilla/5.0 (compatible; Googlebot/2.1; +http://www.google.com/bot.html)"
178.154.163.30 - - [03/Jun/2012:22:09:40 +0600] "GET /content/view/822/225/ HTTP/1.0" 200 5072 "-" "Mozilla/5.0 (compatible; YandexBot/3.0; +http://yandex.com/bots)"
178.154.163.30 - - [03/Jun/2012:22:11:34 +0600] "GET /content/category/14/43/192/ HTTP/1.0" 200 5358 "-" "Mozilla/5.0 (compatible; YandexBot/3.0; +http://yandex.com/bots)"
178.154.163.30 - - [03/Jun/2012:22:11:37 +0600] "GET /content/view/795/108/ HTTP/1.0" 200 5071 "-" "Mozilla/5.0 (compatible; YandexBot/3.0; +http://yandex.com/bots)"
178.154.163.30 - - [03/Jun/2012:22:11:39 +0600] "GET /files/articles/%D0%9F%D1%80%D0%BE%D0%B5%D0%BA%D1%82%D0%BD%D0%BE%D0%B5%20%D1%80%D0%B0%D0%B7%D0%B2%D0%B8%D1%82%D0%B8%D0%B5%20%D0%B1%D0%B8%D0%B1%D0%BB%D0%B8%D0%BE%D1%82%D0%B5%D0%BA%20%D0%90%D0%92%D0%93%D0%A3%D0%A1%D0%A2%D0%9E%D0%92%D0%A1%D0%9A%D0%9E%D0%95%20%D0%A1%D0%9E%D0%92%D0%95%D0%A9%D0%90%D0%9D%D0%98%D0%95.pdf HTTP/1.0" 304 - "-" "Mozilla/5.0 (compatible; YandexBot/3.0; +http://yandex.com/bots)"
178.154.163.30 - - [03/Jun/2012:22:11:41 +0600] "GET /content/view/370/66 HTTP/1.0" 200 5906 "-" "Mozilla/5.0 (compatible; YandexBot/3.0; +http://yandex.com/bots)"
178.154.163.30 - - [03/Jun/2012:22:11:45 +0600] "GET /content/view/728/1/ HTTP/1.0" 200 5495 "-" "Mozilla/5.0 (compatible; YandexBot/3.0; +http://yandex.com/bots)"
178.154.163.30 - - [03/Jun/2012:22:11:48 +0600] "GET /content/view/562/113/ HTTP/1.0" 200 5060 "-" "Mozilla/5.0 (compatible; YandexBot/3.0; +http://yandex.com/bots)"
178.154.163.30 - - [03/Jun/2012:22:11:57 +0600] "GET /content/view/734/223/ HTTP/1.0" 200 4707 "-" "Mozilla/5.0 (compatible; YandexBot/3.0; +http://yandex.com/bots)"
178.154.163.30 - - [03/Jun/2012:22:12:00 +0600] "GET /content/view/922/71/ HTTP/1.0" 200 5063 "-" "Mozilla/5.0 (compatible; YandexBot/3.0; +http://yandex.com/bots)"
178.154.163.30 - - [03/Jun/2012:22:12:02 +0600] "GET /content/view/820/157/ HTTP/1.0" 200 5098 "-" "Mozilla/5.0 (compatible; YandexBot/3.0; +http://yandex.com/bots)"
178.154.163.30 - - [03/Jun/2012:22:12:04 +0600] "GET /index2.php?option=com_content&task=view&id=274&pop=1&page=0&Itemid=66 HTTP/1.0" 200 1098 "-" "Mozilla/5.0 (compatible; YandexBot/3.0; +http://yandex.com/bots)"
178.154.163.30 - - [03/Jun/2012:22:12:07 +0600] "GET /content/view/822/ HTTP/1.0" 200 3989 "-" "Mozilla/5.0 (compatible; YandexBot/3.0; +http://yandex.com/bots)"
178.154.163.30 - - [03/Jun/2012:22:12:09 +0600] "GET /content/section/6/53/ HTTP/1.0" 200 5186 "-" "Mozilla/5.0 (compatible; YandexBot/3.0; +http://yandex.com/bots)"
178.154.163.30 - - [03/Jun/2012:22:15:00 +0600] "GET /content/view/794/107/ HTTP/1.0" 200 5637 "-" "Mozilla/5.0 (compatible; YandexBot/3.0; +http://yandex.com/bots)"
178.154.163.30 - - [03/Jun/2012:22:15:03 +0600] "GET /index.php?option=com_content&task=view&id=70&Itemid=66 HTTP/1.0" 200 5778 "-" "Mozilla/5.0 (compatible; YandexBot/3.0; +http://yandex.com/bots)"
178.154.163.30 - - [03/Jun/2012:22:15:05 +0600] "GET /content/view/793/67/ HTTP/1.0" 200 3004 "-" "Mozilla/5.0 (compatible; YandexBot/3.0; +http://yandex.com/bots)"
178.154.163.30 - - [03/Jun/2012:22:15:08 +0600] "GET /content/view/299/ HTTP/1.0" 200 3988 "-" "Mozilla/5.0 (compatible; YandexBot/3.0; +http://yandex.com/bots)"
178.154.163.30 - - [03/Jun/2012:22:15:10 +0600] "GET /content/view/327/163/ HTTP/1.0" 200 17517 "-" "Mozilla/5.0 (compatible; YandexBot/3.0; +http://yandex.com/bots)"
178.154.163.30 - - [03/Jun/2012:22:15:13 +0600] "GET /content/view/940/156/ HTTP/1.0" 200 5062 "-" "Mozilla/5.0 (compatible; YandexBot/3.0; +http://yandex.com/bots)"
178.154.163.30 - - [03/Jun/2012:22:15:16 +0600] "GET /content/view/952/ HTTP/1.0" 200 3988 "-" "Mozilla/5.0 (compatible; YandexBot/3.0; +http://yandex.com/bots)"
178.154.163.30 - - [03/Jun/2012:22:15:19 +0600] "GET /content/view/373/66 HTTP/1.0" 200 5905 "-" "Mozilla/5.0 (compatible; YandexBot/3.0; +http://yandex.com/bots)"
178.154.163.30 - - [03/Jun/2012:22:15:22 +0600] "GET /content/view/950/ HTTP/1.0" 200 3988 "-" "Mozilla/5.0 (compatible; YandexBot/3.0; +http://yandex.com/bots)"
178.154.163.30 - - [03/Jun/2012:22:15:25 +0600] "GET /content/view/704/ HTTP/1.0" 200 3988 "-" "Mozilla/5.0 (compatible; YandexBot/3.0; +http://yandex.com/bots)"
178.154.163.30 - - [03/Jun/2012:22:15:28 +0600] "GET /index2.php?option=com_content&task=view&id=645&pop=1&page=125&Itemid=66 HTTP/1.0" 200 1402 "-" "Mozilla/5.0 (compatible; YandexBot/3.0; +http://yandex.com/bots)"
178.154.163.30 - - [03/Jun/2012:22:15:31 +0600] "GET /component/option,com_true/Itemid,229/func,detail/catid,1/id,13/ HTTP/1.0" 200 5157 "-" "Mozilla/5.0 (compatible; YandexBot/3.0; +http://yandex.com/bots)"
178.154.163.30 - - [03/Jun/2012:22:15:33 +0600] "GET /component/option,com_facileforms/Itemid,71/ HTTP/1.0" 200 5219 "-" "Mozilla/5.0 (compatible; YandexBot/3.0; +http://yandex.com/bots)"
66.249.66.77 - - [03/Jun/2012:22:17:56 +0600] "GET /content/view/795/105/ HTTP/1.0" 200 5059 "-" "Mozilla/5.0 (compatible; Googlebot/2.1; +http://www.google.com/bot.html)"
68.233.226.103 - - [03/Jun/2012:22:20:02 +0600] "GET /content/view/775/194/ HTTP/1.0" 200 18479 "-" "Mozilla/5.0 (Windows NT 5.1) AppleWebKit/535.2 (KHTML, like Gecko) Chrome/15.0.872.0 Safari/535.2"
91.201.64.24 - - [03/Jun/2012:22:20:53 +0600] "GET /content/view/18/157/content/view/976/1/content/view/811/1/content/view/989/1/ HTTP/1.0" 200 4726 "-" "Mozilla/5.0 (X11; U; Linux i686; pl; rv:1.8.0.7) Gecko/20060914 Firefox/1.5.0.7 (Swiftfox)"
213.180.206.197 - - [03/Jun/2012:22:24:51 +0600] "GET / HTTP/1.0" 200 25323 "-" "Mozilla/5.0 (compatible; YandexMetrika/2.0; +http://yandex.com/bots)"
31.184.238.59 - - [03/Jun/2012:22:24:53 +0600] "GET /index.php HTTP/1.0" 200 25318 "http://csdb.ufanet.ru/index.php" "Mozilla/4.0 (compatible; MSIE 6.0; Windows NT 5.0)"
68.233.226.103 - - [03/Jun/2012:22:26:30 +0600] "GET /content/view/775/192/ HTTP/1.0" 200 18502 "-" "Mozilla/5.0 (Windows NT 5.1) AppleWebKit/535.2 (KHTML, like Gecko) Chrome/15.0.872.0 Safari/535.2"
68.233.226.103 - - [03/Jun/2012:22:29:12 +0600] "GET /content/view/775/160/ HTTP/1.0" 200 18651 "-" "Mozilla/5.0 (Windows NT 5.1) AppleWebKit/535.2 (KHTML, like Gecko) Chrome/15.0.872.0 Safari/535.2"
178.154.163.30 - - [03/Jun/2012:22:29:44 +0600] "GET /content/view/477/1/ HTTP/1.0" 200 6168 "-" "Mozilla/5.0 (compatible; YandexBot/3.0; +http://yandex.com/bots)"
68.233.226.103 - - [03/Jun/2012:22:30:55 +0600] "GET /content/view/793/119/content/view/659/1/ HTTP/1.0" 200 16200 "-" "Mozilla/5.0 (Windows NT 5.1) AppleWebKit/535.2 (KHTML, like Gecko) Chrome/15.0.872.0 Safari/535.2"
66.249.66.77 - - [03/Jun/2012:22:32:59 +0600] "GET /index2.php?option=com_content&task=view&id=436&pop=1&page=0&Itemid=5 HTTP/1.0" 200 1874 "-" "Mozilla/5.0 (compatible; Googlebot/2.1; +http://www.google.com/bot.html)"
66.249.66.77 - - [03/Jun/2012:22:38:59 +0600] "GET /content/view/795/160/ HTTP/1.0" 200 5080 "-" "Mozilla/5.0 (compatible; Googlebot/2.1; +http://www.google.com/bot.html)"
66.249.66.77 - - [03/Jun/2012:22:42:42 +0600] "GET /content/view/876/55/ HTTP/1.0" 200 5094 "-" "Mozilla/5.0 (compatible; Googlebot/2.1; +http://www.google.com/bot.html)"
66.249.66.77 - - [03/Jun/2012:22:43:07 +0600] "GET /content/view/950/55/ HTTP/1.0" 200 5092 "-" "Mozilla/5.0 (compatible; Googlebot/2.1; +http://www.google.com/bot.html)"
178.154.163.30 - - [03/Jun/2012:22:43:50 +0600] "GET /content/view/530/201/ HTTP/1.0" 200 5056 "-" "Mozilla/5.0 (compatible; YandexBot/3.0; +http://yandex.com/bots)"
66.249.66.77 - - [03/Jun/2012:22:46:25 +0600] "GET /content/view/952/118/ HTTP/1.0" 200 5060 "-" "Mozilla/5.0 (compatible; Googlebot/2.1; +http://www.google.com/bot.html)"
66.249.66.77 - - [03/Jun/2012:22:49:20 +0600] "GET /content/view/952/154/ HTTP/1.0" 200 5062 "-" "Mozilla/5.0 (compatible; Googlebot/2.1; +http://www.google.com/bot.html)"
66.249.66.77 - - [03/Jun/2012:22:50:58 +0600] "GET /content/view/952/252/ HTTP/1.0" 200 5057 "-" "Mozilla/5.0 (compatible; Googlebot/2.1; +http://www.google.com/bot.html)"
66.249.71.59 - - [03/Jun/2012:22:55:05 +0600] "GET /content/view/695/146/ HTTP/1.0" 200 5064 "-" "Mozilla/5.0 (compatible; Googlebot/2.1; +http://www.google.com/bot.html)"
66.249.66.77 - - [03/Jun/2012:22:55:42 +0600] "GET /content/view/940/252/ HTTP/1.0" 200 5056 "-" "Mozilla/5.0 (compatible; Googlebot/2.1; +http://www.google.com/bot.html)"
217.212.230.58 - - [03/Jun/2012:22:56:01 +0600] "GET /files/ucazatel/Zochenko.pdf HTTP/1.0" 200 2124737 "-" "Opera/9.80 (Android; Opera Mini/6.24212/27.1940; U; ru) Presto/2.8.119 Version/11.10"
217.212.230.58 - - [03/Jun/2012:22:56:05 +0600] "GET /files/ucazatel/Zochenko.pdf HTTP/1.0" 200 2124737 "-" "Opera/9.80 (Android; Opera Mini/6.24212/27.1940; U; ru) Presto/2.8.119 Version/11.10"
66.249.66.77 - - [03/Jun/2012:22:56:52 +0600] "GET /index2.php?option=com_content&task=view&id=527&pop=1&page=0 HTTP/1.0" 200 1412 "-" "Mozilla/5.0 (compatible; Googlebot/2.1; +http://www.google.com/bot.html)"
213.180.206.197 - - [03/Jun/2012:22:57:12 +0600] "GET / HTTP/1.0" 200 25323 "-" "Mozilla/5.0 (compatible; YandexMetrika/2.0; +http://yandex.com/bots)"
66.249.66.77 - - [03/Jun/2012:22:59:38 +0600] "GET /content/view/993/1/ HTTP/1.0" 200 5468 "-" "Mozilla/5.0 (compatible; Googlebot/2.1; +http://www.google.com/bot.html)"
66.249.71.59 - - [03/Jun/2012:23:03:21 +0600] "GET /content/view/989/150/ HTTP/1.0" 200 5541 "-" "Mozilla/5.0 (compatible; Googlebot/2.1; +http://www.google.com/bot.html)"
178.154.163.30 - - [03/Jun/2012:23:07:35 +0600] "GET /content/view/793/71/ HTTP/1.0" 200 5063 "-" "Mozilla/5.0 (compatible; YandexBot/3.0; +http://yandex.com/bots)"
95.30.36.226 - - [03/Jun/2012:23:08:09 +0600] "GET / HTTP/1.0" 200 6877 "http://www.google.ru/url?sa=t&rct=j&q=%D1%86%D0%B5%D0%BD%D1%82%D1%80%D0%B0%D0%BB%D1%8C%D0%BD%D0%B0%D1%8F%20%D0%B3%D0%BE%D1%80%D0%BE%D0%B4%D1%81%D0%BA%D0%B0%D1%8F%20%D0%B4%D0%B5%D1%82%D1%81%D0%BA%D0%B0%D1%8F%20%D0%B1%D0%B8%D0%B1%D0%BB%D0%B8%D0%BE%D1%82%D0%B5%D0%BA%D0%B0%20%D1%83%D1%84%D0%B0&source=web&cd=1&sqi=2&ved=0CF8QFjAA&url=http%3A%2F%2Fcsdb.ufanet.ru%2F&ei=7JnLT7znBrP44QS186wk&usg=AFQjCNGr3-VhEuv4mWftvIFQmFcbxmmeUQ&cad=rjt" "Opera/9.80 (Windows NT 5.1; U; MRA 5.10 (build 5328); ru) Presto/2.10.229 Version/11.64"
95.30.36.226 - - [03/Jun/2012:23:08:13 +0600] "GET /images/cgdb.swf HTTP/1.0" 200 19792297 "http://csdb.ufanet.ru/" "Opera/9.80 (Windows NT 5.1; U; MRA 5.10 (build 5328); ru) Presto/2.10.229 Version/11.64"
95.30.36.226 - - [03/Jun/2012:23:08:27 +0600] "GET /content/category/5/18/47/ HTTP/1.0" 200 5453 "http://csdb.ufanet.ru/" "Opera/9.80 (Windows NT 5.1; U; MRA 5.10 (build 5328); ru) Presto/2.10.229 Version/11.64"
95.30.36.226 - - [03/Jun/2012:23:08:41 +0600] "GET /content/section/8/55/ HTTP/1.0" 200 5153 "http://csdb.ufanet.ru/content/category/5/18/47/" "Opera/9.80 (Windows NT 5.1; U; MRA 5.10 (build 5328); ru) Presto/2.10.229 Version/11.64"
95.30.36.226 - - [03/Jun/2012:23:08:51 +0600] "GET /component/option,com_contact/Itemid,3/ HTTP/1.0" 200 6509 "http://csdb.ufanet.ru/content/section/8/55/" "Opera/9.80 (Windows NT 5.1; U; MRA 5.10 (build 5328); ru) Presto/2.10.229 Version/11.64"
95.30.36.226 - - [03/Jun/2012:23:09:09 +0600] "GET /component/option,com_frontpage/Itemid,1/ HTTP/1.0" 200 6903 "http://csdb.ufanet.ru/component/option,com_contact/Itemid,3/" "Opera/9.80 (Windows NT 5.1; U; MRA 5.10 (build 5328); ru) Presto/2.10.229 Version/11.64"
95.30.36.226 - - [03/Jun/2012:23:09:11 +0600] "GET /images/cgdb.swf HTTP/1.0" 200 19792297 "http://csdb.ufanet.ru/component/option,com_frontpage/Itemid,1/" "Opera/9.80 (Windows NT 5.1; U; MRA 5.10 (build 5328); ru) Presto/2.10.229 Version/11.64"
95.30.36.226 - - [03/Jun/2012:23:09:43 +0600] "GET /content/view/204/47/ HTTP/1.0" 200 10135 "http://www.google.ru/url?sa=t&rct=j&q=%D1%86%D0%B5%D0%BD%D1%82%D1%80%D0%B0%D0%BB%D1%8C%D0%BD%D0%B0%D1%8F%20%D0%B3%D0%BE%D1%80%D0%BE%D0%B4%D1%81%D0%BA%D0%B0%D1%8F%20%D0%B4%D0%B5%D1%82%D1%81%D0%BA%D0%B0%D1%8F%20%D0%B1%D0%B8%D0%B1%D0%BB%D0%B8%D0%BE%D1%82%D0%B5%D0%BA%D0%B0%20%D1%83%D1%84%D0%B0&source=web&cd=2&sqi=2&ved=0CGAQFjAB&url=http%3A%2F%2Fcsdb.ufanet.ru%2Fcontent%2Fview%2F204%2F47%2F&ei=7JnLT7znBrP44QS186wk&usg=AFQjCNHq-a7xRJ0ytVIeOUW6Qa9yO1lXKg&cad=rjt" "Opera/9.80 (Windows NT 5.1; U; MRA 5.10 (build 5328); ru) Presto/2.10.229 Version/11.64"
74.125.18.156 - - [03/Jun/2012:23:11:26 +0600] "GET /content/view/53/47/ HTTP/1.0" 200 7334 "http://www.google.com/search" "Mozilla/5.0 (X11; Linux x86_64) AppleWebKit/535.1 (KHTML, like Gecko; Google Web Preview) Chrome/12.0.742 Safari/535.1"
178.125.116.57 - - [03/Jun/2012:23:11:29 +0600] "GET /content/view/53/47/ HTTP/1.0" 200 7334 "http://www.google.by/url?sa=t&rct=j&q=%D1%81%D1%86%D0%B5%D0%BD%D0%B0%D1%80%D0%B8%D0%B8%20%D0%BE%D1%82%D0%BA%D1%80%D1%8B%D1%82%D0%B8%D1%8F%20%D0%BD%D0%B5%D0%B4%D0%B5%D0%BB%D0%B8%20%D0%B4%D0%B5%D1%82%D1%81%D0%BA%D0%BE%D0%B9%20%D0%BA%D0%BD%D0%B8%D0%B3%D0%B8&source=web&cd=7&sqi=2&ved=0CFkQFjAG&url=http%3A%2F%2Fcsdb.ufanet.ru%2Fcontent%2Fview%2F53%2F47%2F&ei=qprLT9WQFsnCtAbQ3N3zBg&usg=AFQjCNF6o4KcqLLmeh4J7c6RftwAd23QCQ" "Mozilla/5.0 (Windows NT 5.1) AppleWebKit/536.5 (KHTML, like Gecko) Chrome/19.0.1084.52 Safari/536.5"
178.125.116.57 - - [03/Jun/2012:23:11:30 +0600] "GET /content/view/53/47/ HTTP/1.0" 200 7335 "http://www.google.by/url?sa=t&rct=j&q=%D1%81%D1%86%D0%B5%D0%BD%D0%B0%D1%80%D0%B8%D0%B8%20%D0%BE%D1%82%D0%BA%D1%80%D1%8B%D1%82%D0%B8%D1%8F%20%D0%BD%D0%B5%D0%B4%D0%B5%D0%BB%D0%B8%20%D0%B4%D0%B5%D1%82%D1%81%D0%BA%D0%BE%D0%B9%20%D0%BA%D0%BD%D0%B8%D0%B3%D0%B8&source=web&cd=7&sqi=2&ved=0CFkQFjAG&url=http%3A%2F%2Fcsdb.ufanet.ru%2Fcontent%2Fview%2F53%2F47%2F&ei=qprLT9WQFsnCtAbQ3N3zBg&usg=AFQjCNF6o4KcqLLmeh4J7c6RftwAd23QCQ" "Mozilla/5.0 (Windows NT 5.1) AppleWebKit/536.5 (KHTML, like Gecko) Chrome/19.0.1084.52 Safari/536.5"
128.72.131.204 - - [03/Jun/2012:23:11:41 +0600] "GET /content/category/20/51/239 HTTP/1.0" 200 51150 "http://yandex.ru/yandsearch?text=%e8%f1%eb%e0%ed%e0%e5%e2%e0+%ef%ee%eb%e8%ed%e0" "Mozilla/4.0 (compatible; MSIE 7.0; Windows NT 5.1; .NET CLR 1.1.4322; .NET CLR 2.0.50727; .NET CLR 3.0.4506.2152; .NET CLR 3.5.30729; InfoPath.1)"
37.112.20.181 - - [03/Jun/2012:23:11:45 +0600] "GET / HTTP/1.0" 200 25364 "http://yandex.ru/yandsearch?text=%e1%e8%e1%eb%e8%ee%f2%e5%ea%e0" "Mozilla/4.0 (compatible; MSIE 6.0; Windows NT 5.1; SV1; InfoPath.1)"
37.112.20.181 - - [03/Jun/2012:23:11:46 +0600] "GET /images/cgdb.swf HTTP/1.0" 200 19792297 "http://csdb.ufanet.ru/" "Mozilla/4.0 (compatible; MSIE 6.0; Windows NT 5.1; SV1; InfoPath.1)"
178.125.116.57 - - [03/Jun/2012:23:12:00 +0600] "GET /files/scen_prazd/openNDK.pdf HTTP/1.0" 200 115591 "http://csdb.ufanet.ru/content/view/53/47/" "Mozilla/5.0 (Windows NT 5.1) AppleWebKit/536.5 (KHTML, like Gecko) Chrome/19.0.1084.52 Safari/536.5"
178.125.116.57 - - [03/Jun/2012:23:12:01 +0600] "GET /files/scen_prazd/openNDK.pdf HTTP/1.0" 206 1 "http://csdb.ufanet.ru/content/view/53/47/" "Mozilla/5.0 (Windows NT 5.1) AppleWebKit/536.5 (KHTML, like Gecko) Chrome/19.0.1084.52 Safari/536.5"
178.125.116.57 - - [03/Jun/2012:23:12:01 +0600] "GET /files/scen_prazd/openNDK.pdf HTTP/1.0" 206 111531 "http://csdb.ufanet.ru/content/view/53/47/" "Mozilla/5.0 (Windows NT 5.1) AppleWebKit/536.5 (KHTML, like Gecko) Chrome/19.0.1084.52 Safari/536.5"
178.125.116.57 - - [03/Jun/2012:23:12:01 +0600] "GET /files/scen_prazd/openNDK.pdf HTTP/1.0" 206 32768 "http://csdb.ufanet.ru/files/scen_prazd/openNDK.pdf" "Mozilla/5.0 (Windows NT 5.1) AppleWebKit/536.5 (KHTML, like Gecko) Chrome/19.0.1084.52 Safari/536.5"
178.125.116.57 - - [03/Jun/2012:23:12:02 +0600] "GET /files/scen_prazd/openNDK.pdf HTTP/1.0" 206 54344 "http://csdb.ufanet.ru/files/scen_prazd/openNDK.pdf" "Mozilla/5.0 (Windows NT 5.1) AppleWebKit/536.5 (KHTML, like Gecko) Chrome/19.0.1084.52 Safari/536.5"
178.125.116.57 - - [03/Jun/2012:23:12:03 +0600] "GET /files/scen_prazd/openNDK.pdf HTTP/1.0" 206 28479 "http://csdb.ufanet.ru/files/scen_prazd/openNDK.pdf" "Mozilla/5.0 (Windows NT 5.1) AppleWebKit/536.5 (KHTML, like Gecko) Chrome/19.0.1084.52 Safari/536.5"
178.125.116.57 - - [03/Jun/2012:23:12:18 +0600] "GET /content/view/53/47/ HTTP/1.0" 200 7335 "http://www.google.by/url?sa=t&rct=j&q=%D1%81%D1%86%D0%B5%D0%BD%D0%B0%D1%80%D0%B8%D0%B8%20%D0%BE%D1%82%D0%BA%D1%80%D1%8B%D1%82%D0%B8%D1%8F%20%D0%BD%D0%B5%D0%B4%D0%B5%D0%BB%D0%B8%20%D0%B4%D0%B5%D1%82%D1%81%D0%BA%D0%BE%D0%B9%20%D0%BA%D0%BD%D0%B8%D0%B3%D0%B8&source=web&cd=7&sqi=2&ved=0CFkQFjAG&url=http%3A%2F%2Fcsdb.ufanet.ru%2Fcontent%2Fview%2F53%2F47%2F&ei=qprLT9WQFsnCtAbQ3N3zBg&usg=AFQjCNF6o4KcqLLmeh4J7c6RftwAd23QCQ" "Mozilla/5.0 (Windows NT 5.1) AppleWebKit/536.5 (KHTML, like Gecko) Chrome/19.0.1084.52 Safari/536.5"
178.125.116.57 - - [03/Jun/2012:23:12:39 +0600] "GET /content/view/884/252/ HTTP/1.0" 200 13839 "http://csdb.ufanet.ru/content/view/53/47/" "Mozilla/5.0 (Windows NT 5.1) AppleWebKit/536.5 (KHTML, like Gecko) Chrome/19.0.1084.52 Safari/536.5"
178.125.116.57 - - [03/Jun/2012:23:12:39 +0600] "GET /content/view/884/252/ HTTP/1.0" 200 13839 "http://csdb.ufanet.ru/content/view/53/47/" "Mozilla/5.0 (Windows NT 5.1) AppleWebKit/536.5 (KHTML, like Gecko) Chrome/19.0.1084.52 Safari/536.5"
178.125.116.57 - - [03/Jun/2012:23:12:56 +0600] "GET /content/view/53/47/ HTTP/1.0" 200 7335 "http://www.google.by/url?sa=t&rct=j&q=%D1%81%D1%86%D0%B5%D0%BD%D0%B0%D1%80%D0%B8%D0%B8%20%D0%BE%D1%82%D0%BA%D1%80%D1%8B%D1%82%D0%B8%D1%8F%20%D0%BD%D0%B5%D0%B4%D0%B5%D0%BB%D0%B8%20%D0%B4%D0%B5%D1%82%D1%81%D0%BA%D0%BE%D0%B9%20%D0%BA%D0%BD%D0%B8%D0%B3%D0%B8&source=web&cd=7&sqi=2&ved=0CFkQFjAG&url=http%3A%2F%2Fcsdb.ufanet.ru%2Fcontent%2Fview%2F53%2F47%2F&ei=qprLT9WQFsnCtAbQ3N3zBg&usg=AFQjCNF6o4KcqLLmeh4J7c6RftwAd23QCQ" "Mozilla/5.0 (Windows NT 5.1) AppleWebKit/536.5 (KHTML, like Gecko) Chrome/19.0.1084.52 Safari/536.5"
109.62.208.166 - - [03/Jun/2012:23:13:22 +0600] "GET /content/view/234/66/ HTTP/1.0" 200 5976 "http://yandex.ru/yandsearch?p=3&text=%D0%BF%D1%83%D1%88%D0%BA%D0%B8%D0%BD%D1%81%D0%BA%D0%B8%D0%B9+%D0%B4%D0%B5%D0%BD%D1%8C+%D0%B2+%D0%B1%D0%B8%D0%B1%D0%BB%D0%B8%D0%BE%D1%82%D0%B5%D0%BA%D0%B5&clid=930634&lr=4" "Mozilla/5.0 (compatible; MSIE 9.0; Windows NT 6.1; WOW64; Trident/5.0)"
109.62.208.166 - - [03/Jun/2012:23:14:15 +0600] "GET /content/view/233/66/ HTTP/1.0" 200 5949 "http://csdb.ufanet.ru/content/view/234/66/" "Mozilla/5.0 (compatible; MSIE 9.0; Windows NT 6.1; WOW64; Trident/5.0)"
109.198.223.241 - - [03/Jun/2012:23:14:19 +0600] "GET /files/ucazatel/Mumitrol.pdf HTTP/1.0" 200 634741 "http://yandex.ru/yandsearch?text=%D0%A2.%D0%AF%D0%BD%D1%81%D0%BE%D0%BD+%D1%82%D0%B5%D0%BA%D1%81%D1%82%D1%8B+%D0%BF%D1%80%D0%BE%D0%B8%D0%B7%D0%B2%D0%B5%D0%B4%D0%B5%D0%BD%D0%B8%D0%B9+%22%D0%9C%D1%83%D0%BC%D0%B8-%D0%A2%D1%80%D0%BE%D0%BB%D0%BB%D1%8C+%D0%B8+%D1%81%D1%82%D1%80%D0%B0%D1%88%D0%BD%D0%B0%D1%8F+%D0%BA%D0%BE%D0%BC%D0%B5%D1%82%D0%B0%22%2C%22%D0%9C%D1%83%D0%BC%D0%B8-%D0%A2%D1%80%D0%BE%D0%BB%D0%BB%D1%8C+%D0%B8+%D1%88%D0%BB%D1%8F%D0%BF%D0%B0+%D1%87%D0%B0%D1%80%D0%BE%D0%B4%D0%B5%D1%8F%22%2C%22%D0%92%D0%BE%D0%BB%D1%88%D0%B5%D0%B1%D0%BD%D0%B0%D1%8F+%D0%B7%D0%B8%D0%BC%D0%B0%22%2C%22%D0%9E%D0%BF%D0%B0%D1%81%D0%BD%D0%BE%D0%B5+%D0%BB%D0%B5%D1%82%D0%BE%22%2C%22%D0%92+%D0%BA%D0%BE%D0%BD%D1%86%D0%B5+%D0%BD%D0%BE%D1%8F%D0%B1%D1%80%D1%8F%22&lr=191" "Opera/9.80 (Windows NT 5.1; U; MRA 5.9 (build 4871); ru) Presto/2.10.229 Version/11.64"
109.62.208.166 - - [03/Jun/2012:23:14:20 +0600] "GET /content/view/231/66/ HTTP/1.0" 200 5757 "http://csdb.ufanet.ru/content/view/233/66/" "Mozilla/5.0 (compatible; MSIE 9.0; Windows NT 6.1; WOW64; Trident/5.0)"
109.62.208.166 - - [03/Jun/2012:23:14:43 +0600] "GET /content/view/230/66/ HTTP/1.0" 200 6714 "http://csdb.ufanet.ru/content/view/231/66/" "Mozilla/5.0 (compatible; MSIE 9.0; Windows NT 6.1; WOW64; Trident/5.0)"
128.72.123.9 - - [03/Jun/2012:23:14:51 +0600] "GET /index.php?option=com_content&task=view&id=127&Itemid=62 HTTP/1.0" 200 33975 "http://yandex.ru/yandsearch?text=%e2%e0%eb%e8%f2+%f5%f3%e4%e0%e9%e1%e5%f0%e4%e8%ed" "Mozilla/4.0 (compatible; MSIE 7.0; Windows NT 5.1; .NET CLR 1.1.4322; InfoPath.1)"
109.62.208.166 - - [03/Jun/2012:23:15:49 +0600] "GET /content/view/229/66/ HTTP/1.0" 200 6091 "http://csdb.ufanet.ru/content/view/230/66/" "Mozilla/5.0 (compatible; MSIE 9.0; Windows NT 6.1; WOW64; Trident/5.0)"
109.62.208.166 - - [03/Jun/2012:23:16:00 +0600] "GET /content/view/227/66/ HTTP/1.0" 200 5670 "http://csdb.ufanet.ru/content/view/229/66/" "Mozilla/5.0 (compatible; MSIE 9.0; Windows NT 6.1; WOW64; Trident/5.0)"
109.62.208.166 - - [03/Jun/2012:23:16:03 +0600] "GET /content/view/226/66/ HTTP/1.0" 200 5791 "http://csdb.ufanet.ru/content/view/227/66/" "Mozilla/5.0 (compatible; MSIE 9.0; Windows NT 6.1; WOW64; Trident/5.0)"
109.62.208.166 - - [03/Jun/2012:23:16:08 +0600] "GET /content/view/224/66/ HTTP/1.0" 200 6669 "http://csdb.ufanet.ru/content/view/226/66/" "Mozilla/5.0 (compatible; MSIE 9.0; Windows NT 6.1; WOW64; Trident/5.0)"
109.62.208.166 - - [03/Jun/2012:23:16:16 +0600] "GET /content/view/223/66/ HTTP/1.0" 200 6783 "http://csdb.ufanet.ru/content/view/224/66/" "Mozilla/5.0 (compatible; MSIE 9.0; Windows NT 6.1; WOW64; Trident/5.0)"
178.154.163.30 - - [03/Jun/2012:23:16:35 +0600] "GET /component/option,com_true/Itemid,232/func,special/sorting,owners/ HTTP/1.0" 200 3665 "-" "Mozilla/5.0 (compatible; YandexBot/3.0; +http://yandex.com/bots)"
178.154.163.30 - - [03/Jun/2012:23:16:39 +0600] "GET /content/view/564/66 HTTP/1.0" 200 5740 "-" "Mozilla/5.0 (compatible; YandexBot/3.0; +http://yandex.com/bots)"
178.154.163.30 - - [03/Jun/2012:23:16:41 +0600] "GET /index2.php?option=com_content&task=view&id=527&pop=1&page=0&Itemid=66 HTTP/1.0" 200 1412 "-" "Mozilla/5.0 (compatible; YandexBot/3.0; +http://yandex.com/bots)"
178.154.163.30 - - [03/Jun/2012:23:16:43 +0600] "GET /content/view/704/71/ HTTP/1.0" 200 5063 "-" "Mozilla/5.0 (compatible; YandexBot/3.0; +http://yandex.com/bots)"
178.154.163.30 - - [03/Jun/2012:23:16:46 +0600] "GET /content/view/811/255/ HTTP/1.0" 200 5074 "-" "Mozilla/5.0 (compatible; YandexBot/3.0; +http://yandex.com/bots)"
178.154.163.30 - - [03/Jun/2012:23:16:48 +0600] "GET /content/view/697/126/ HTTP/1.0" 200 5068 "-" "Mozilla/5.0 (compatible; YandexBot/3.0; +http://yandex.com/bots)"
178.154.163.30 - - [03/Jun/2012:23:16:51 +0600] "GET /content/view/145/66 HTTP/1.0" 200 7765 "-" "Mozilla/5.0 (compatible; YandexBot/3.0; +http://yandex.com/bots)"
178.154.163.30 - - [03/Jun/2012:23:16:54 +0600] "GET /content/view/876/160/ HTTP/1.0" 200 5087 "-" "Mozilla/5.0 (compatible; YandexBot/3.0; +http://yandex.com/bots)"
109.62.208.166 - - [03/Jun/2012:23:16:56 +0600] "GET /content/view/222/66/ HTTP/1.0" 200 6588 "http://csdb.ufanet.ru/content/view/223/66/" "Mozilla/5.0 (compatible; MSIE 9.0; Windows NT 6.1; WOW64; Trident/5.0)"
178.154.163.30 - - [03/Jun/2012:23:16:56 +0600] "GET /content/view/657/142/ HTTP/1.0" 200 5059 "-" "Mozilla/5.0 (compatible; YandexBot/3.0; +http://yandex.com/bots)"
178.154.163.30 - - [03/Jun/2012:23:16:59 +0600] "GET /content/section/8/55/ HTTP/1.0" 200 5189 "-" "Mozilla/5.0 (compatible; YandexBot/3.0; +http://yandex.com/bots)"
109.62.208.166 - - [03/Jun/2012:23:17:36 +0600] "GET /content/view/220/66/ HTTP/1.0" 200 6475 "http://csdb.ufanet.ru/content/view/222/66/" "Mozilla/5.0 (compatible; MSIE 9.0; Windows NT 6.1; WOW64; Trident/5.0)"
109.62.208.166 - - [03/Jun/2012:23:17:40 +0600] "GET /content/view/219/66/ HTTP/1.0" 200 6044 "http://csdb.ufanet.ru/content/view/220/66/" "Mozilla/5.0 (compatible; MSIE 9.0; Windows NT 6.1; WOW64; Trident/5.0)"
109.62.208.166 - - [03/Jun/2012:23:18:15 +0600] "GET /content/view/218/66/ HTTP/1.0" 200 8376 "http://csdb.ufanet.ru/content/view/219/66/" "Mozilla/5.0 (compatible; MSIE 9.0; Windows NT 6.1; WOW64; Trident/5.0)"
66.249.71.59 - - [03/Jun/2012:23:18:37 +0600] "GET /index2.php?option=com_content&task=view&id=520&pop=1&page=0&Itemid=1 HTTP/1.0" 200 560 "-" "Mozilla/5.0 (compatible; Googlebot/2.1; +http://www.google.com/bot.html)"
109.62.208.166 - - [03/Jun/2012:23:19:04 +0600] "GET /content/view/216/66/ HTTP/1.0" 200 5884 "http://csdb.ufanet.ru/content/view/218/66/" "Mozilla/5.0 (compatible; MSIE 9.0; Windows NT 6.1; WOW64; Trident/5.0)"
109.62.208.166 - - [03/Jun/2012:23:19:35 +0600] "GET /content/view/215/66/ HTTP/1.0" 200 6584 "http://csdb.ufanet.ru/content/view/216/66/" "Mozilla/5.0 (compatible; MSIE 9.0; Windows NT 6.1; WOW64; Trident/5.0)"
109.62.208.166 - - [03/Jun/2012:23:20:10 +0600] "GET /content/view/213/66/ HTTP/1.0" 200 6146 "http://csdb.ufanet.ru/content/view/215/66/" "Mozilla/5.0 (compatible; MSIE 9.0; Windows NT 6.1; WOW64; Trident/5.0)"
109.62.208.166 - - [03/Jun/2012:23:20:26 +0600] "GET /content/view/212/66/ HTTP/1.0" 200 6944 "http://csdb.ufanet.ru/content/view/213/66/" "Mozilla/5.0 (compatible; MSIE 9.0; Windows NT 6.1; WOW64; Trident/5.0)"
109.62.208.166 - - [03/Jun/2012:23:21:16 +0600] "GET /content/view/217/66/ HTTP/1.0" 200 5743 "http://csdb.ufanet.ru/content/view/212/66/" "Mozilla/5.0 (compatible; MSIE 9.0; Windows NT 6.1; WOW64; Trident/5.0)"
109.62.208.166 - - [03/Jun/2012:23:21:20 +0600] "GET /content/view/211/66/ HTTP/1.0" 200 6413 "http://csdb.ufanet.ru/content/view/217/66/" "Mozilla/5.0 (compatible; MSIE 9.0; Windows NT 6.1; WOW64; Trident/5.0)"
109.62.208.166 - - [03/Jun/2012:23:22:04 +0600] "GET /content/view/210/66/ HTTP/1.0" 200 5786 "http://csdb.ufanet.ru/content/view/211/66/" "Mozilla/5.0 (compatible; MSIE 9.0; Windows NT 6.1; WOW64; Trident/5.0)"
109.62.208.166 - - [03/Jun/2012:23:23:09 +0600] "GET /content/view/209/66/ HTTP/1.0" 200 6570 "http://csdb.ufanet.ru/content/view/210/66/" "Mozilla/5.0 (compatible; MSIE 9.0; Windows NT 6.1; WOW64; Trident/5.0)"
65.52.111.7 - - [03/Jun/2012:23:23:14 +0600] "GET /index.php?option=com_content&task=view&id=127&Itemid=62 HTTP/1.0" 200 15218 "-" "Mozilla/5.0 (compatible; bingbot/2.0; +http://www.bing.com/bingbot.htm)"
109.62.208.166 - - [03/Jun/2012:23:24:26 +0600] "GET /content/view/208/66/ HTTP/1.0" 200 5717 "http://csdb.ufanet.ru/content/view/209/66/" "Mozilla/5.0 (compatible; MSIE 9.0; Windows NT 6.1; WOW64; Trident/5.0)"
109.62.208.166 - - [03/Jun/2012:23:24:32 +0600] "GET /content/view/207/66/ HTTP/1.0" 200 6295 "http://csdb.ufanet.ru/content/view/208/66/" "Mozilla/5.0 (compatible; MSIE 9.0; Windows NT 6.1; WOW64; Trident/5.0)"
178.154.163.30 - - [03/Jun/2012:23:25:26 +0600] "GET /content/view/812/ HTTP/1.0" 200 3988 "-" "Mozilla/5.0 (compatible; YandexBot/3.0; +http://yandex.com/bots)"
178.154.163.30 - - [03/Jun/2012:23:25:28 +0600] "GET /content/view/819/ HTTP/1.0" 200 3988 "-" "Mozilla/5.0 (compatible; YandexBot/3.0; +http://yandex.com/bots)"
109.62.208.166 - - [03/Jun/2012:23:25:30 +0600] "GET /content/view/205/66/ HTTP/1.0" 200 6197 "http://csdb.ufanet.ru/content/view/207/66/" "Mozilla/5.0 (compatible; MSIE 9.0; Windows NT 6.1; WOW64; Trident/5.0)"
178.154.163.30 - - [03/Jun/2012:23:25:30 +0600] "GET /content/view/876/64/ HTTP/1.0" 200 5062 "-" "Mozilla/5.0 (compatible; YandexBot/3.0; +http://yandex.com/bots)"
178.154.163.30 - - [03/Jun/2012:23:25:33 +0600] "GET /index.php?option=com_content&task=view&id=86&Itemid=62 HTTP/1.0" 200 10279 "-" "Mozilla/5.0 (compatible; YandexBot/3.0; +http://yandex.com/bots)"
178.154.163.30 - - [03/Jun/2012:23:25:36 +0600] "GET /content/view/876/ HTTP/1.0" 200 3988 "-" "Mozilla/5.0 (compatible; YandexBot/3.0; +http://yandex.com/bots)"
178.154.163.30 - - [03/Jun/2012:23:25:38 +0600] "GET /content/view/659/ HTTP/1.0" 200 3987 "-" "Mozilla/5.0 (compatible; YandexBot/3.0; +http://yandex.com/bots)"
178.154.163.30 - - [03/Jun/2012:23:25:41 +0600] "GET /content/view/493/84/ HTTP/1.0" 200 4089 "-" "Mozilla/5.0 (compatible; YandexBot/3.0; +http://yandex.com/bots)"
178.154.163.30 - - [03/Jun/2012:23:25:43 +0600] "GET /content/view/454/201/ HTTP/1.0" 200 5054 "-" "Mozilla/5.0 (compatible; YandexBot/3.0; +http://yandex.com/bots)"
109.62.208.166 - - [03/Jun/2012:23:25:45 +0600] "GET /content/view/202/66/ HTTP/1.0" 200 7251 "http://csdb.ufanet.ru/content/view/205/66/" "Mozilla/5.0 (compatible; MSIE 9.0; Windows NT 6.1; WOW64; Trident/5.0)"
178.154.163.30 - - [03/Jun/2012:23:25:46 +0600] "GET /content/view/795/86/ HTTP/1.0" 200 5080 "-" "Mozilla/5.0 (compatible; YandexBot/3.0; +http://yandex.com/bots)"
178.154.163.30 - - [03/Jun/2012:23:25:51 +0600] "GET /content/view/793/201/ HTTP/1.0" 200 5057 "-" "Mozilla/5.0 (compatible; YandexBot/3.0; +http://yandex.com/bots)"
178.154.163.30 - - [03/Jun/2012:23:25:54 +0600] "GET /content/view/821/ HTTP/1.0" 200 3988 "-" "Mozilla/5.0 (compatible; YandexBot/3.0; +http://yandex.com/bots)"
178.154.163.30 - - [03/Jun/2012:23:25:56 +0600] "GET /content/view/292/1/ HTTP/1.0" 200 6624 "-" "Mozilla/5.0 (compatible; YandexBot/3.0; +http://yandex.com/bots)"
178.154.163.30 - - [03/Jun/2012:23:25:59 +0600] "GET /content/view/234/66/ HTTP/1.0" 200 5976 "-" "Mozilla/5.0 (compatible; YandexBot/3.0; +http://yandex.com/bots)"
173.242.125.196 - - [03/Jun/2012:23:27:41 +0600] "GET /component/option,com_contact/Itemid,3 HTTP/1.0" 200 6552 "-" "Mozilla/5.0 (compatible; MJ12bot/v1.4.3; http://www.majestic12.co.uk/bot.php?+)"
173.242.125.196 - - [03/Jun/2012:23:27:44 +0600] "GET /component/option,com_facileforms/Itemid,71 HTTP/1.0" 200 5217 "-" "Mozilla/5.0 (compatible; MJ12bot/v1.4.3; http://www.majestic12.co.uk/bot.php?+)"
173.242.125.196 - - [03/Jun/2012:23:27:46 +0600] "GET /component/option,com_joomap/Itemid,64 HTTP/1.0" 200 19456 "-" "Mozilla/5.0 (compatible; MJ12bot/v1.4.3; http://www.majestic12.co.uk/bot.php?+)"
109.62.208.166 - - [03/Jun/2012:23:27:48 +0600] "GET /content/view/199/66/ HTTP/1.0" 200 6421 "http://csdb.ufanet.ru/content/view/202/66/" "Mozilla/5.0 (compatible; MSIE 9.0; Windows NT 6.1; WOW64; Trident/5.0)"
173.242.125.196 - - [03/Jun/2012:23:27:49 +0600] "GET /component/option,com_registration/task,lostPassword HTTP/1.0" 200 4344 "-" "Mozilla/5.0 (compatible; MJ12bot/v1.4.3; http://www.majestic12.co.uk/bot.php?+)"
173.242.125.196 - - [03/Jun/2012:23:27:51 +0600] "GET /component/option,com_true/Itemid,232 HTTP/1.0" 200 3724 "-" "Mozilla/5.0 (compatible; MJ12bot/v1.4.3; http://www.majestic12.co.uk/bot.php?+)"
173.242.125.196 - - [03/Jun/2012:23:27:54 +0600] "GET /content/blogcategory/1/66/5/10 HTTP/1.0" 200 7445 "-" "Mozilla/5.0 (compatible; MJ12bot/v1.4.3; http://www.majestic12.co.uk/bot.php?+)"
173.242.125.196 - - [03/Jun/2012:23:27:57 +0600] "GET /content/blogcategory/1/66/5/15 HTTP/1.0" 200 8184 "-" "Mozilla/5.0 (compatible; MJ12bot/v1.4.3; http://www.majestic12.co.uk/bot.php?+)"
173.242.125.196 - - [03/Jun/2012:23:28:00 +0600] "GET /content/blogcategory/1/66/5/20 HTTP/1.0" 200 8090 "-" "Mozilla/5.0 (compatible; MJ12bot/v1.4.3; http://www.majestic12.co.uk/bot.php?+)"
109.62.208.166 - - [03/Jun/2012:23:28:03 +0600] "GET /content/view/198/66/ HTTP/1.0" 200 6636 "http://csdb.ufanet.ru/content/view/199/66/" "Mozilla/5.0 (compatible; MSIE 9.0; Windows NT 6.1; WOW64; Trident/5.0)"
173.242.125.196 - - [03/Jun/2012:23:28:04 +0600] "GET /content/view/120/66 HTTP/1.0" 200 6064 "-" "Mozilla/5.0 (compatible; MJ12bot/v1.4.3; http://www.majestic12.co.uk/bot.php?+)"
173.242.125.196 - - [03/Jun/2012:23:28:06 +0600] "GET /content/view/209/66 HTTP/1.0" 200 6571 "-" "Mozilla/5.0 (compatible; MJ12bot/v1.4.3; http://www.majestic12.co.uk/bot.php?+)"
173.242.125.196 - - [03/Jun/2012:23:28:09 +0600] "GET /content/view/242/66 HTTP/1.0" 200 5907 "-" "Mozilla/5.0 (compatible; MJ12bot/v1.4.3; http://www.majestic12.co.uk/bot.php?+)"
173.242.125.196 - - [03/Jun/2012:23:28:12 +0600] "GET /content/view/269 HTTP/1.0" 200 4445 "-" "Mozilla/5.0 (compatible; MJ12bot/v1.4.3; http://www.majestic12.co.uk/bot.php?+)"
173.242.125.196 - - [03/Jun/2012:23:28:15 +0600] "GET /content/view/397/189 HTTP/1.0" 200 5398 "-" "Mozilla/5.0 (compatible; MJ12bot/v1.4.3; http://www.majestic12.co.uk/bot.php?+)"
173.242.125.196 - - [03/Jun/2012:23:28:17 +0600] "GET /index.php?option=com_content&task=blogcategory&id=28&Itemid=67 HTTP/1.0" 200 3844 "-" "Mozilla/5.0 (compatible; MJ12bot/v1.4.3; http://www.majestic12.co.uk/bot.php?+)"
173.242.125.196 - - [03/Jun/2012:23:28:19 +0600] "GET /index.php?option=com_content&task=view&id=105&Itemid=67 HTTP/1.0" 200 3003 "-" "Mozilla/5.0 (compatible; MJ12bot/v1.4.3; http://www.majestic12.co.uk/bot.php?+)"
173.242.125.196 - - [03/Jun/2012:23:28:22 +0600] "GET /index.php?option=com_content&task=view&id=62&Itemid=52 HTTP/1.0" 200 5087 "-" "Mozilla/5.0 (compatible; MJ12bot/v1.4.3; http://www.majestic12.co.uk/bot.php?+)"
173.242.125.196 - - [03/Jun/2012:23:28:25 +0600] "GET /index.php?option=com_joomap&Itemid=64 HTTP/1.0" 200 19456 "-" "Mozilla/5.0 (compatible; MJ12bot/v1.4.3; http://www.majestic12.co.uk/bot.php?+)"
109.62.208.166 - - [03/Jun/2012:23:28:35 +0600] "GET /content/view/196/66/ HTTP/1.0" 200 6183 "http://csdb.ufanet.ru/content/view/198/66/" "Mozilla/5.0 (compatible; MSIE 9.0; Windows NT 6.1; WOW64; Trident/5.0)"
109.62.208.166 - - [03/Jun/2012:23:29:12 +0600] "GET /content/view/190/66/ HTTP/1.0" 200 5706 "http://csdb.ufanet.ru/content/view/196/66/" "Mozilla/5.0 (compatible; MSIE 9.0; Windows NT 6.1; WOW64; Trident/5.0)"
109.62.208.166 - - [03/Jun/2012:23:29:19 +0600] "GET /content/view/188/66/ HTTP/1.0" 200 5759 "http://csdb.ufanet.ru/content/view/190/66/" "Mozilla/5.0 (compatible; MSIE 9.0; Windows NT 6.1; WOW64; Trident/5.0)"
109.62.208.166 - - [03/Jun/2012:23:29:23 +0600] "GET /content/view/187/66/ HTTP/1.0" 200 6002 "http://csdb.ufanet.ru/content/view/188/66/" "Mozilla/5.0 (compatible; MSIE 9.0; Windows NT 6.1; WOW64; Trident/5.0)"
109.62.208.166 - - [03/Jun/2012:23:29:54 +0600] "GET /content/view/186/66/ HTTP/1.0" 200 5820 "http://csdb.ufanet.ru/content/view/187/66/" "Mozilla/5.0 (compatible; MSIE 9.0; Windows NT 6.1; WOW64; Trident/5.0)"
109.62.208.166 - - [03/Jun/2012:23:29:59 +0600] "GET /content/view/185/66/ HTTP/1.0" 200 5931 "http://csdb.ufanet.ru/content/view/186/66/" "Mozilla/5.0 (compatible; MSIE 9.0; Windows NT 6.1; WOW64; Trident/5.0)"
109.62.208.166 - - [03/Jun/2012:23:30:02 +0600] "GET /content/view/184/66/ HTTP/1.0" 200 6219 "http://csdb.ufanet.ru/content/view/185/66/" "Mozilla/5.0 (compatible; MSIE 9.0; Windows NT 6.1; WOW64; Trident/5.0)"
213.180.206.197 - - [03/Jun/2012:23:30:39 +0600] "GET / HTTP/1.0" 200 25363 "-" "Mozilla/5.0 (compatible; YandexMetrika/2.0; +http://yandex.com/bots)"
178.154.163.30 - - [03/Jun/2012:23:35:42 +0600] "GET /content/view/922/ HTTP/1.0" 200 3987 "-" "Mozilla/5.0 (compatible; YandexBot/3.0; +http://yandex.com/bots)"
178.154.163.30 - - [03/Jun/2012:23:35:46 +0600] "GET /content/view/820/ HTTP/1.0" 200 3987 "-" "Mozilla/5.0 (compatible; YandexBot/3.0; +http://yandex.com/bots)"
178.154.163.30 - - [03/Jun/2012:23:35:52 +0600] "GET /content/view/480/66 HTTP/1.0" 200 5911 "-" "Mozilla/5.0 (compatible; YandexBot/3.0; +http://yandex.com/bots)"
178.154.163.30 - - [03/Jun/2012:23:35:56 +0600] "GET /content/view/97/66 HTTP/1.0" 200 6096 "-" "Mozilla/5.0 (compatible; YandexBot/3.0; +http://yandex.com/bots)"
178.154.163.30 - - [03/Jun/2012:23:35:58 +0600] "GET /files/articles/%D0%B2%D1%8B%D1%81%D1%82%D1%83%D0%BF%D0%BB%D0%B5%D0%BD%D0%B8%D0%B5%20%D0%B4%D0%B5%D1%82%D1%81%D0%BA%D0%B8%D0%B5%20%D0%B1%D0%B8%D0%B1%D0%BB%D0%B8%D0%BE%D1%82%D0%B5%D0%BA%D0%B8%20%D0%B2%20%D1%81%D0%B8%D1%81%D1%82%D0%B5%D0%BC%D0%B5%20%D0%BF%D1%80%D0%B0%D0%B2%D0%BE%D0%B2%D0%BE%D0%B3%D0%BE%20%D0%B2%D0%BE%D1%81%D0%BF%D0%B8%D1%82%D0%B0%D0%BD%D0%B8%D1%8F.pdf HTTP/1.0" 200 51747 "-" "Mozilla/5.0 (compatible; YandexBot/3.0; +http://yandex.com/bots)"
178.154.163.30 - - [03/Jun/2012:23:36:01 +0600] "GET /content/view/548/1/ HTTP/1.0" 200 6443 "-" "Mozilla/5.0 (compatible; YandexBot/3.0; +http://yandex.com/bots)"
178.154.163.30 - - [03/Jun/2012:23:36:03 +0600] "GET /content/view/71/66 HTTP/1.0" 200 5917 "-" "Mozilla/5.0 (compatible; YandexBot/3.0; +http://yandex.com/bots)"
178.154.163.30 - - [03/Jun/2012:23:36:06 +0600] "GET /content/view/529/1/ HTTP/1.0" 200 6574 "-" "Mozilla/5.0 (compatible; YandexBot/3.0; +http://yandex.com/bots)"
178.154.163.30 - - [03/Jun/2012:23:36:10 +0600] "GET /content/view/199/66/ HTTP/1.0" 200 6417 "-" "Mozilla/5.0 (compatible; YandexBot/3.0; +http://yandex.com/bots)"
178.154.163.30 - - [03/Jun/2012:23:36:13 +0600] "GET /content/view/198/66/ HTTP/1.0" 200 6630 "-" "Mozilla/5.0 (compatible; YandexBot/3.0; +http://yandex.com/bots)"
178.154.163.30 - - [03/Jun/2012:23:37:16 +0600] "GET /content/view/196/66/ HTTP/1.0" 200 6181 "-" "Mozilla/5.0 (compatible; YandexBot/3.0; +http://yandex.com/bots)"
66.249.66.77 - - [03/Jun/2012:23:40:29 +0600] "GET /content/view/989/152/ HTTP/1.0" 200 5541 "-" "Mozilla/5.0 (compatible; Googlebot/2.1; +http://www.google.com/bot.html)"
69.28.58.13 - - [03/Jun/2012:23:41:55 +0600] "GET / HTTP/1.0" 200 25363 "http://www.csdb.ufanet.ru/" "HuaweiSymantecSpider/1.0+DSE-support@huaweisymantec.com+(compatible; MSIE 7.0; Windows NT 5.1; Trident/4.0; .NET CLR 2.0.50727; .NET CLR 3.0.4506.2152; .NET CLR ; http://www.huaweisymantec.com/en/IRL/spider)"
69.28.58.13 - - [03/Jun/2012:23:42:06 +0600] "GET /http HTTP/1.0" 404 285 "http://www.csdb.ufanet.ru/http" "HuaweiSymantecSpider/1.0+DSE-support@huaweisymantec.com+(compatible; MSIE 7.0; Windows NT 5.1; Trident/4.0; .NET CLR 2.0.50727; .NET CLR 3.0.4506.2152; .NET CLR ; http://www.huaweisymantec.com/en/IRL/spider)"
68.233.226.103 - - [03/Jun/2012:23:44:47 +0600] "GET /content/view/793/119/index.php?option=com_contact&Itemid=3 HTTP/1.0" 200 16196 "-" "Mozilla/5.0 (Windows NT 5.1) AppleWebKit/535.2 (KHTML, like Gecko) Chrome/15.0.872.0 Safari/535.2"
178.154.163.30 - - [03/Jun/2012:23:45:36 +0600] "GET /files/scen_prazd/openNDK.pdf HTTP/1.0" 200 115591 "-" "Mozilla/5.0 (compatible; YandexDirect/3.0; +http://yandex.com/bots)"
46.33.234.126 - - [03/Jun/2012:23:50:07 +0600] "GET /content/blogcategory/1/66/ HTTP/1.0" 200 7626 "-" "Mozilla/5.0 (Windows NT 6.1) AppleWebKit/536.5 (KHTML, like Gecko) Chrome/19.0.1084.52 Safari/536.5"
157.55.16.219 - - [03/Jun/2012:23:50:40 +0600] "GET /content/view/483/66/ HTTP/1.0" 200 7098 "-" "Mozilla/5.0 (compatible; bingbot/2.0; +http://www.bing.com/bingbot.htm)"
176.14.189.46 - - [03/Jun/2012:23:55:34 +0600] "GET /mb38/ HTTP/1.0" 200 14902 "http://yandex.ru/yandsearch?text=%f0%e5%f1%ef%f3%e1%eb%e8%ea%e0%ed%f1%ea%e0%ff+%e4%e5%f2%f1%ea%e0%ff+%e1%e8%e1%eb%e8%ee%f2%e5%ea%e0" "Mozilla/4.0 (compatible; MSIE 7.0; Windows NT 5.1; .NET CLR 1.1.4322)"
176.14.189.46 - - [03/Jun/2012:23:55:34 +0600] "GET /images/mb/img38/free_access.swf HTTP/1.0" 200 7947129 "http://csdb.ufanet.ru/mb38/" "Mozilla/4.0 (compatible; MSIE 7.0; Windows NT 5.1; .NET CLR 1.1.4322)"
66.249.66.77 - - [04/Jun/2012:00:00:18 +0600] "GET /content/view/989/153/ HTTP/1.0" 200 5528 "-" "Mozilla/5.0 (compatible; Googlebot/2.1; +http://www.google.com/bot.html)"
213.180.206.197 - - [04/Jun/2012:00:02:32 +0600] "GET / HTTP/1.0" 200 25323 "-" "Mozilla/5.0 (compatible; YandexMetrika/2.0; +http://yandex.com/bots)"
66.249.66.77 - - [04/Jun/2012:00:02:46 +0600] "GET /content/view/989/154/ HTTP/1.0" 200 5538 "-" "Mozilla/5.0 (compatible; Googlebot/2.1; +http://www.google.com/bot.html)"
178.154.163.30 - - [04/Jun/2012:00:03:11 +0600] "GET /content/view/951/222/ HTTP/1.0" 200 5392 "-" "Mozilla/5.0 (compatible; YandexBot/3.0; +http://yandex.com/bots)"
66.249.66.77 - - [04/Jun/2012:00:04:01 +0600] "GET /content/view/989/156/ HTTP/1.0" 200 5541 "-" "Mozilla/5.0 (compatible; Googlebot/2.1; +http://www.google.com/bot.html)"
178.123.204.244 - - [04/Jun/2012:00:05:15 +0600] "GET /content/view/275/155/ HTTP/1.0" 200 41120 "http://go.mail.ru/search?q=%D1%81%D1%86%D0%B5%D0%BD%D0%B0%D1%80%D0%B8%D0%B9+%D1%8D%D0%BA%D1%81%D0%BA%D1%83%D1%80%D1%81%D0%B8%D0%B8+%D0%B2+%D1%86%D0%B5%D1%80%D0%BA%D0%BE%D0%B2%D1%8C+%D0%B2+%D0%BF%D1%80%D0%B8%D1%88%D0%BA%D0%BE%D0%BB%D1%8C%D0%BD%D0%BE%D0%BC+%D0%BB%D0%B0%D0%B3%D0%B5%D1%80%D0%B5" "Mozilla/5.0 (Windows NT 6.1; WOW64) AppleWebKit/536.5 (KHTML, like Gecko) Chrome/19.0.1084.52 Safari/536.5"
66.249.66.77 - - [04/Jun/2012:00:08:32 +0600] "GET /index2.php?option=com_content&task=view&id=436&pop=1&page=0 HTTP/1.0" 200 1874 "-" "Mozilla/5.0 (compatible; Googlebot/2.1; +http://www.google.com/bot.html)"
66.249.66.77 - - [04/Jun/2012:00:10:12 +0600] "GET /content/view/989/240/ HTTP/1.0" 200 5533 "-" "Mozilla/5.0 (compatible; Googlebot/2.1; +http://www.google.com/bot.html)"
178.154.163.30 - - [04/Jun/2012:00:14:30 +0600] "GET /content/category/6/21/53 HTTP/1.0" 200 5263 "-" "Mozilla/5.0 (compatible; YandexBot/3.0; +http://yandex.com/bots)"
157.55.16.219 - - [04/Jun/2012:00:15:11 +0600] "GET /content/view/109/62/ HTTP/1.0" 200 4182 "-" "Mozilla/5.0 (compatible; bingbot/2.0; +http://www.bing.com/bingbot.htm)"
178.154.163.30 - - [04/Jun/2012:00:15:22 +0600] "GET /content/view/761/66/ HTTP/1.0" 200 6118 "-" "Mozilla/5.0 (compatible; YandexBot/3.0; +http://yandex.com/bots)"
178.154.163.30 - - [04/Jun/2012:00:15:25 +0600] "GET /content/view/811/86/ HTTP/1.0" 200 5113 "-" "Mozilla/5.0 (compatible; YandexBot/3.0; +http://yandex.com/bots)"
178.154.163.30 - - [04/Jun/2012:00:15:27 +0600] "GET /content/view/726/66/ HTTP/1.0" 200 5741 "-" "Mozilla/5.0 (compatible; YandexBot/3.0; +http://yandex.com/bots)"
178.154.163.30 - - [04/Jun/2012:00:15:30 +0600] "GET /content/view/703/66/ HTTP/1.0" 200 6500 "-" "Mozilla/5.0 (compatible; YandexBot/3.0; +http://yandex.com/bots)"
178.154.163.30 - - [04/Jun/2012:00:15:32 +0600] "GET /content/view/969/1/ HTTP/1.0" 200 5467 "-" "Mozilla/5.0 (compatible; YandexBot/3.0; +http://yandex.com/bots)"
178.154.163.30 - - [04/Jun/2012:00:15:35 +0600] "GET /content/view/794/47/ HTTP/1.0" 200 5644 "-" "Mozilla/5.0 (compatible; YandexBot/3.0; +http://yandex.com/bots)"
178.154.163.30 - - [04/Jun/2012:00:15:37 +0600] "GET /content/view/565/66/ HTTP/1.0" 200 5825 "-" "Mozilla/5.0 (compatible; YandexBot/3.0; +http://yandex.com/bots)"
178.154.163.30 - - [04/Jun/2012:00:15:40 +0600] "GET /content/view/533/1/ HTTP/1.0" 200 6519 "-" "Mozilla/5.0 (compatible; YandexBot/3.0; +http://yandex.com/bots)"
