109.187.44.90 - - [04/Jun/2012:13:04:53 +0600] "GET /administrator/index2.php?option=com_content&sectionid=17&mosmsg=%D3%F1%EF%E5%F8%ED%EE+%F1%EE%F5%F0%E0%ED%E5%ED%EE%3A+%D1%E0%EC%FB%E9-%F1%E0%EC%FB%E9+%E4%EE%E1%F0%FB%E9+%E4%E5%ED%FC+%EE%F2+%E4%E5%F2%F1%EA%EE%E9+%E1%E8%E1%EB%E8%EE%F2%E5%EA%E8%21 HTTP/1.0" 200 11240 "http://csdb.ufanet.ru/administrator/index2.php?option=com_content&sectionid=17&task=edit&hidemainmenu=1&id=1003" "Mozilla/5.0 (Windows NT 6.1; WOW64; rv:12.0) Gecko/20100101 Firefox/12.0"
94.41.88.43 - - [04/Jun/2012:13:04:56 +0600] "GET /content/blogcategory/46/222/ HTTP/1.0" 200 6803 "http://csdb.ufanet.ru/content/view/926/222/" "Mozilla/5.0 (Windows NT 6.1; WOW64) AppleWebKit/536.5 (KHTML, like Gecko) Chrome/19.0.1084.52 Safari/536.5"
94.41.88.43 - - [04/Jun/2012:13:05:04 +0600] "GET /content/view/1003/222/ HTTP/1.0" 200 5962 "http://csdb.ufanet.ru/content/blogcategory/46/222/" "Mozilla/5.0 (Windows NT 6.1; WOW64) AppleWebKit/536.5 (KHTML, like Gecko) Chrome/19.0.1084.52 Safari/536.5"
94.41.88.43 - - [04/Jun/2012:13:05:09 +0600] "GET /content/blogcategory/46/222/ HTTP/1.0" 200 6805 "http://csdb.ufanet.ru/content/view/926/222/" "Mozilla/5.0 (Windows NT 6.1; WOW64) AppleWebKit/536.5 (KHTML, like Gecko) Chrome/19.0.1084.52 Safari/536.5"
109.187.44.90 - - [04/Jun/2012:13:05:12 +0600] "GET /administrator/index2.php?option=com_content&sectionid=17&task=edit&hidemainmenu=1&id=1003 HTTP/1.0" 200 52490 "http://csdb.ufanet.ru/administrator/index2.php?option=com_content&sectionid=17&mosmsg=%D3%F1%EF%E5%F8%ED%EE+%F1%EE%F5%F0%E0%ED%E5%ED%EE%3A+%D1%E0%EC%FB%E9-%F1%E0%EC%FB%E9+%E4%EE%E1%F0%FB%E9+%E4%E5%ED%FC+%EE%F2+%E4%E5%F2%F1%EA%EE%E9+%E1%E8%E1%EB%E8%EE%F2%E5%EA%E8%21" "Mozilla/5.0 (Windows NT 6.1; WOW64; rv:12.0) Gecko/20100101 Firefox/12.0"
109.187.44.90 - - [04/Jun/2012:13:05:18 +0600] "POST /administrator/index2.php HTTP/1.0" 301 - "http://csdb.ufanet.ru/administrator/index2.php?option=com_content&sectionid=17&task=edit&hidemainmenu=1&id=1003" "Mozilla/5.0 (Windows NT 6.1; WOW64; rv:12.0) Gecko/20100101 Firefox/12.0"
109.187.44.90 - - [04/Jun/2012:13:05:18 +0600] "GET /administrator/index2.php?option=com_content&sectionid=17&mosmsg=%D3%F1%EF%E5%F8%ED%EE+%F1%EE%F5%F0%E0%ED%E5%ED%EE%3A+%D1%E0%EC%FB%E9-%F1%E0%EC%FB%E9+%E4%EE%E1%F0%FB%E9+%E4%E5%ED%FC+%EE%F2+%E4%E5%F2%F1%EA%EE%E9+%E1%E8%E1%EB%E8%EE%F2%E5%EA%E8%21 HTTP/1.0" 200 11240 "http://csdb.ufanet.ru/administrator/index2.php?option=com_content&sectionid=17&task=edit&hidemainmenu=1&id=1003" "Mozilla/5.0 (Windows NT 6.1; WOW64; rv:12.0) Gecko/20100101 Firefox/12.0"
109.187.44.90 - - [04/Jun/2012:13:05:22 +0600] "GET /administrator/index2.php?option=com_content&sectionid=17&task=edit&hidemainmenu=1&id=1003 HTTP/1.0" 200 52493 "http://csdb.ufanet.ru/administrator/index2.php?option=com_content&sectionid=17&mosmsg=%D3%F1%EF%E5%F8%ED%EE+%F1%EE%F5%F0%E0%ED%E5%ED%EE%3A+%D1%E0%EC%FB%E9-%F1%E0%EC%FB%E9+%E4%EE%E1%F0%FB%E9+%E4%E5%ED%FC+%EE%F2+%E4%E5%F2%F1%EA%EE%E9+%E1%E8%E1%EB%E8%EE%F2%E5%EA%E8%21" "Mozilla/5.0 (Windows NT 6.1; WOW64; rv:12.0) Gecko/20100101 Firefox/12.0"
207.46.204.181 - - [04/Jun/2012:13:06:44 +0600] "GET /files/ucazatel/salavat.pdf HTTP/1.0" 200 264049 "-" "Mozilla/5.0 (compatible; bingbot/2.0; +http://www.bing.com/bingbot.htm)"
178.154.163.30 - - [04/Jun/2012:13:07:16 +0600] "GET /index2.php?option=com_content&task=view&id=273&pop=1&page=288&Itemid=66 HTTP/1.0" 200 1359 "-" "Mozilla/5.0 (compatible; YandexBot/3.0; +http://yandex.com/bots)"
178.154.163.30 - - [04/Jun/2012:13:08:51 +0600] "GET /content/view/101/150/ HTTP/1.0" 200 11205 "-" "Mozilla/5.0 (compatible; YandexBot/3.0; +http://yandex.com/bots)"
178.154.163.30 - - [04/Jun/2012:13:08:55 +0600] "GET /index2.php?option=com_content&task=view&id=911&pop=1&page=45&Itemid=66 HTTP/1.0" 200 1472 "-" "Mozilla/5.0 (compatible; YandexBot/3.0; +http://yandex.com/bots)"
178.154.163.30 - - [04/Jun/2012:13:08:59 +0600] "GET /index2.php?option=com_content&task=view&id=579&pop=1&page=0&Itemid=66 HTTP/1.0" 200 1418 "-" "Mozilla/5.0 (compatible; YandexBot/3.0; +http://yandex.com/bots)"
178.154.163.30 - - [04/Jun/2012:13:09:02 +0600] "GET /index2.php?option=com_content&task=view&id=997&pop=1&page=0&Itemid=66 HTTP/1.0" 200 1519 "-" "Mozilla/5.0 (compatible; YandexBot/3.0; +http://yandex.com/bots)"
178.154.163.30 - - [04/Jun/2012:13:09:05 +0600] "GET /content/view/434/66/ HTTP/1.0" 200 7768 "-" "Mozilla/5.0 (compatible; YandexBot/3.0; +http://yandex.com/bots)"
178.154.163.30 - - [04/Jun/2012:13:09:09 +0600] "GET /content/view/532/1/ HTTP/1.0" 200 6699 "-" "Mozilla/5.0 (compatible; YandexBot/3.0; +http://yandex.com/bots)"
178.154.163.30 - - [04/Jun/2012:13:09:14 +0600] "GET /index2.php?option=com_content&task=view&id=420&pop=1&page=0&Itemid=66 HTTP/1.0" 200 1456 "-" "Mozilla/5.0 (compatible; YandexBot/3.0; +http://yandex.com/bots)"
178.154.163.30 - - [04/Jun/2012:13:09:16 +0600] "GET /index2.php?option=com_content&task=view&id=298&pop=1&page=288&Itemid=66 HTTP/1.0" 200 1622 "-" "Mozilla/5.0 (compatible; YandexBot/3.0; +http://yandex.com/bots)"
178.154.163.30 - - [04/Jun/2012:13:09:18 +0600] "GET /index2.php?option=com_content&task=view&id=989&pop=1&page=0&Itemid=155 HTTP/1.0" 200 1132 "-" "Mozilla/5.0 (compatible; YandexBot/3.0; +http://yandex.com/bots)"
178.154.163.30 - - [04/Jun/2012:13:09:21 +0600] "GET /index2.php?option=com_content&task=view&id=989&pop=1&page=0&Itemid=127 HTTP/1.0" 200 1132 "-" "Mozilla/5.0 (compatible; YandexBot/3.0; +http://yandex.com/bots)"
178.154.163.30 - - [04/Jun/2012:13:09:24 +0600] "GET /index2.php?option=com_content&task=view&id=424&pop=1&page=0&Itemid=217 HTTP/1.0" 200 989 "-" "Mozilla/5.0 (compatible; YandexBot/3.0; +http://yandex.com/bots)"
178.154.163.30 - - [04/Jun/2012:13:09:27 +0600] "GET /content/view/53/47/ HTTP/1.0" 200 7361 "-" "Mozilla/5.0 (compatible; YandexBot/3.0; +http://yandex.com/bots)"
178.154.163.30 - - [04/Jun/2012:13:10:46 +0600] "GET /content/view/671/239/ HTTP/1.0" 200 4384 "-" "Mozilla/5.0 (compatible; YandexBot/3.0; +http://yandex.com/bots)"
178.154.163.30 - - [04/Jun/2012:13:10:49 +0600] "GET /files/filial8/%D0%A0%D0%B0%D0%B7%D0%BD%D0%BE%D1%86%D0%B2%D0%B5%D1%82%D0%BD%D1%8B%D0%B5%20%D1%81%D1%82%D1%80%D0%B0%D0%BD%D0%B8%D1%86%D1%8B%20%D0%B1%D1%83%D0%BA%D0%BB%D0%B5%D1%82.pdf HTTP/1.0" 200 151106 "-" "Mozilla/5.0 (compatible; YandexDirect/3.0; +http://yandex.com/bots)"
93.120.195.128 - - [04/Jun/2012:13:10:58 +0600] "GET /content/view/234/66/ HTTP/1.0" 200 6005 "http://yandex.ru/yandsearch?text=%D0%BF%D1%83%D1%88%D0%BA%D0%B8%D0%BD%D1%81%D0%BA%D0%B8%D0%B9+%D0%B4%D0%B5%D0%BD%D1%8C+%D1%80%D0%BE%D1%81%D1%81%D0%B8%D0%B8+%D0%BF%D1%80%D0%B5%D0%B7%D0%B5%D0%BD%D1%82%D0%B0%D1%86%D0%B8%D1%8F+%D0%B2+%D0%B1%D0%B8%D0%B1%D0%BB%D0%B8%D0%BE%D1%82%D0%B5%D0%BA%D1%83&lr=47" "Mozilla/4.0 (compatible; MSIE 6.0; Windows NT 5.1; SV1; BTRS19009; GTB7.3)"
109.187.44.90 - - [04/Jun/2012:13:11:19 +0600] "POST /administrator/index2.php HTTP/1.0" 301 - "http://csdb.ufanet.ru/administrator/index2.php?option=com_content&sectionid=17&task=edit&hidemainmenu=1&id=1003" "Mozilla/5.0 (Windows NT 6.1; WOW64; rv:12.0) Gecko/20100101 Firefox/12.0"
109.187.44.90 - - [04/Jun/2012:13:11:19 +0600] "GET /administrator/index2.php?option=com_content&sectionid=17&mosmsg=%D3%F1%EF%E5%F8%ED%EE+%F1%EE%F5%F0%E0%ED%E5%ED%EE%3A+%D1%E0%EC%FB%E9-%F1%E0%EC%FB%E9+%E4%EE%E1%F0%FB%E9+%E4%E5%ED%FC+%EE%F2+%E4%E5%F2%F1%EA%EE%E9+%E1%E8%E1%EB%E8%EE%F2%E5%EA%E8%21 HTTP/1.0" 200 11240 "http://csdb.ufanet.ru/administrator/index2.php?option=com_content&sectionid=17&task=edit&hidemainmenu=1&id=1003" "Mozilla/5.0 (Windows NT 6.1; WOW64; rv:12.0) Gecko/20100101 Firefox/12.0"
94.41.88.43 - - [04/Jun/2012:13:11:22 +0600] "GET /content/blogcategory/46/222/ HTTP/1.0" 200 6802 "http://csdb.ufanet.ru/content/view/926/222/" "Mozilla/5.0 (Windows NT 6.1; WOW64) AppleWebKit/536.5 (KHTML, like Gecko) Chrome/19.0.1084.52 Safari/536.5"
94.41.88.43 - - [04/Jun/2012:13:11:25 +0600] "GET /content/view/1003/222/ HTTP/1.0" 200 6051 "http://csdb.ufanet.ru/content/blogcategory/46/222/" "Mozilla/5.0 (Windows NT 6.1; WOW64) AppleWebKit/536.5 (KHTML, like Gecko) Chrome/19.0.1084.52 Safari/536.5"
93.120.195.128 - - [04/Jun/2012:13:11:26 +0600] "GET /content/view/233/66/ HTTP/1.0" 200 5977 "http://csdb.ufanet.ru/content/view/234/66/" "Mozilla/4.0 (compatible; MSIE 6.0; Windows NT 5.1; SV1; BTRS19009; GTB7.3)"
94.41.88.43 - - [04/Jun/2012:13:11:32 +0600] "GET /content/blogcategory/46/222/ HTTP/1.0" 200 6803 "http://csdb.ufanet.ru/content/view/926/222/" "Mozilla/5.0 (Windows NT 6.1; WOW64) AppleWebKit/536.5 (KHTML, like Gecko) Chrome/19.0.1084.52 Safari/536.5"
109.187.44.90 - - [04/Jun/2012:13:11:38 +0600] "GET /administrator/index2.php?option=com_content&sectionid=17&task=edit&hidemainmenu=1&id=1003 HTTP/1.0" 200 52593 "http://csdb.ufanet.ru/administrator/index2.php?option=com_content&sectionid=17&mosmsg=%D3%F1%EF%E5%F8%ED%EE+%F1%EE%F5%F0%E0%ED%E5%ED%EE%3A+%D1%E0%EC%FB%E9-%F1%E0%EC%FB%E9+%E4%EE%E1%F0%FB%E9+%E4%E5%ED%FC+%EE%F2+%E4%E5%F2%F1%EA%EE%E9+%E1%E8%E1%EB%E8%EE%F2%E5%EA%E8%21" "Mozilla/5.0 (Windows NT 6.1; WOW64; rv:12.0) Gecko/20100101 Firefox/12.0"
109.187.44.90 - - [04/Jun/2012:13:11:46 +0600] "POST /administrator/index2.php HTTP/1.0" 301 - "http://csdb.ufanet.ru/administrator/index2.php?option=com_content&sectionid=17&task=edit&hidemainmenu=1&id=1003" "Mozilla/5.0 (Windows NT 6.1; WOW64; rv:12.0) Gecko/20100101 Firefox/12.0"
109.187.44.90 - - [04/Jun/2012:13:11:46 +0600] "GET /administrator/index2.php?option=com_content&sectionid=17 HTTP/1.0" 200 11217 "http://csdb.ufanet.ru/administrator/index2.php?option=com_content&sectionid=17&task=edit&hidemainmenu=1&id=1003" "Mozilla/5.0 (Windows NT 6.1; WOW64; rv:12.0) Gecko/20100101 Firefox/12.0"
109.187.44.90 - - [04/Jun/2012:13:11:47 +0600] "POST /administrator/index2.php?option=com_content HTTP/1.0" 200 50052 "http://csdb.ufanet.ru/administrator/index2.php?option=com_content&sectionid=17" "Mozilla/5.0 (Windows NT 6.1; WOW64; rv:12.0) Gecko/20100101 Firefox/12.0"
178.44.178.97 - - [04/Jun/2012:13:14:16 +0600] "GET /content/view/53/47 HTTP/1.0" 200 7363 "http://yandex.ru/yandsearch?text=%D1%81%D1%86%D0%B5%D0%BD%D0%B0%D1%80%D0%B8%D0%B9+%D0%BE%D1%82%D0%BA%D1%80%D1%8B%D1%82%D0%B8%D1%8F+%D0%BC%D0%BE%D0%B4%D0%B5%D0%BB%D1%8C%D0%BD%D0%BE%D0%B9+%D0%B1%D0%B8%D0%B1%D0%BB%D0%B8%D0%BE%D1%82%D0%B5%D0%BA%D0%B8&lr=48" "Mozilla/5.0 (Windows NT 5.1; rv:12.0) Gecko/20100101 Firefox/12.0"
109.187.44.90 - - [04/Jun/2012:13:14:54 +0600] "POST /administrator/index2.php HTTP/1.0" 301 - "http://csdb.ufanet.ru/administrator/index2.php?option=com_content" "Mozilla/5.0 (Windows NT 6.1; WOW64; rv:12.0) Gecko/20100101 Firefox/12.0"
109.187.44.90 - - [04/Jun/2012:13:14:54 +0600] "GET /administrator/index2.php?option=com_content&sectionid=17&mosmsg=%D3%F1%EF%E5%F8%ED%EE+%F1%EE%F5%F0%E0%ED%E5%ED%EE%3A+%CF%EE%E4%E0%F0%EE%EA+%F3%F4%E8%EC%F1%EA%EE%E9+%E4%E5%F2%E2%EE%F0%E5+%EE%F2+%E4%E5%F2%F1%EA%EE%E9+%E1%E8%E1%EB%E8%EE%F2%E5%EA%E8%21 HTTP/1.0" 200 11231 "http://csdb.ufanet.ru/administrator/index2.php?option=com_content" "Mozilla/5.0 (Windows NT 6.1; WOW64; rv:12.0) Gecko/20100101 Firefox/12.0"
94.41.88.43 - - [04/Jun/2012:13:14:57 +0600] "GET /content/blogcategory/46/222/ HTTP/1.0" 200 6800 "http://csdb.ufanet.ru/content/view/926/222/" "Mozilla/5.0 (Windows NT 6.1; WOW64) AppleWebKit/536.5 (KHTML, like Gecko) Chrome/19.0.1084.52 Safari/536.5"
109.187.44.90 - - [04/Jun/2012:13:15:17 +0600] "GET /administrator/index2.php?option=com_content&sectionid=17&task=edit&hidemainmenu=1&id=1004 HTTP/1.0" 200 51854 "http://csdb.ufanet.ru/administrator/index2.php?option=com_content&sectionid=17&mosmsg=%D3%F1%EF%E5%F8%ED%EE+%F1%EE%F5%F0%E0%ED%E5%ED%EE%3A+%CF%EE%E4%E0%F0%EE%EA+%F3%F4%E8%EC%F1%EA%EE%E9+%E4%E5%F2%E2%EE%F0%E5+%EE%F2+%E4%E5%F2%F1%EA%EE%E9+%E1%E8%E1%EB%E8%EE%F2%E5%EA%E8%21" "Mozilla/5.0 (Windows NT 6.1; WOW64; rv:12.0) Gecko/20100101 Firefox/12.0"
109.187.44.90 - - [04/Jun/2012:13:15:33 +0600] "POST /administrator/index2.php HTTP/1.0" 301 - "http://csdb.ufanet.ru/administrator/index2.php?option=com_content&sectionid=17&task=edit&hidemainmenu=1&id=1004" "Mozilla/5.0 (Windows NT 6.1; WOW64; rv:12.0) Gecko/20100101 Firefox/12.0"
109.187.44.90 - - [04/Jun/2012:13:15:33 +0600] "GET /administrator/index2.php?option=com_content&sectionid=17&mosmsg=%D3%F1%EF%E5%F8%ED%EE+%F1%EE%F5%F0%E0%ED%E5%ED%EE%3A+%CF%EE%E4%E0%F0%EE%EA+%F3%F4%E8%EC%F1%EA%EE%E9+%E4%E5%F2%E2%EE%F0%E5+%EE%F2+%E4%E5%F2%F1%EA%EE%E9+%E1%E8%E1%EB%E8%EE%F2%E5%EA%E8%21 HTTP/1.0" 200 11231 "http://csdb.ufanet.ru/administrator/index2.php?option=com_content&sectionid=17&task=edit&hidemainmenu=1&id=1004" "Mozilla/5.0 (Windows NT 6.1; WOW64; rv:12.0) Gecko/20100101 Firefox/12.0"
94.41.88.43 - - [04/Jun/2012:13:15:35 +0600] "GET /content/blogcategory/46/222/ HTTP/1.0" 200 6802 "http://csdb.ufanet.ru/content/view/926/222/" "Mozilla/5.0 (Windows NT 6.1; WOW64) AppleWebKit/536.5 (KHTML, like Gecko) Chrome/19.0.1084.52 Safari/536.5"
109.187.44.90 - - [04/Jun/2012:13:15:38 +0600] "GET /administrator/index2.php?option=com_content&sectionid=17&task=edit&hidemainmenu=1&id=1004 HTTP/1.0" 200 51861 "http://csdb.ufanet.ru/administrator/index2.php?option=com_content&sectionid=17&mosmsg=%D3%F1%EF%E5%F8%ED%EE+%F1%EE%F5%F0%E0%ED%E5%ED%EE%3A+%CF%EE%E4%E0%F0%EE%EA+%F3%F4%E8%EC%F1%EA%EE%E9+%E4%E5%F2%E2%EE%F0%E5+%EE%F2+%E4%E5%F2%F1%EA%EE%E9+%E1%E8%E1%EB%E8%EE%F2%E5%EA%E8%21" "Mozilla/5.0 (Windows NT 6.1; WOW64; rv:12.0) Gecko/20100101 Firefox/12.0"
109.187.44.90 - - [04/Jun/2012:13:15:52 +0600] "POST /administrator/index2.php HTTP/1.0" 301 - "http://csdb.ufanet.ru/administrator/index2.php?option=com_content&sectionid=17&task=edit&hidemainmenu=1&id=1004" "Mozilla/5.0 (Windows NT 6.1; WOW64; rv:12.0) Gecko/20100101 Firefox/12.0"
109.187.44.90 - - [04/Jun/2012:13:15:52 +0600] "GET /administrator/index2.php?option=com_content&sectionid=17&mosmsg=%D3%F1%EF%E5%F8%ED%EE+%F1%EE%F5%F0%E0%ED%E5%ED%EE%3A+%CF%EE%E4%E0%F0%EE%EA+%F3%F4%E8%EC%F1%EA%EE%E9+%E4%E5%F2%E2%EE%F0%E5+%EE%F2+%E4%E5%F2%F1%EA%EE%E9+%E1%E8%E1%EB%E8%EE%F2%E5%EA%E8%21 HTTP/1.0" 200 11231 "http://csdb.ufanet.ru/administrator/index2.php?option=com_content&sectionid=17&task=edit&hidemainmenu=1&id=1004" "Mozilla/5.0 (Windows NT 6.1; WOW64; rv:12.0) Gecko/20100101 Firefox/12.0"
94.41.88.43 - - [04/Jun/2012:13:15:55 +0600] "GET /content/blogcategory/46/222/ HTTP/1.0" 200 6807 "http://csdb.ufanet.ru/content/view/926/222/" "Mozilla/5.0 (Windows NT 6.1; WOW64) AppleWebKit/536.5 (KHTML, like Gecko) Chrome/19.0.1084.52 Safari/536.5"
109.187.44.90 - - [04/Jun/2012:13:16:05 +0600] "POST /administrator/index2.php?option=com_content HTTP/1.0" 200 50051 "http://csdb.ufanet.ru/administrator/index2.php?option=com_content&sectionid=17&mosmsg=%D3%F1%EF%E5%F8%ED%EE+%F1%EE%F5%F0%E0%ED%E5%ED%EE%3A+%CF%EE%E4%E0%F0%EE%EA+%F3%F4%E8%EC%F1%EA%EE%E9+%E4%E5%F2%E2%EE%F0%E5+%EE%F2+%E4%E5%F2%F1%EA%EE%E9+%E1%E8%E1%EB%E8%EE%F2%E5%EA%E8%21" "Mozilla/5.0 (Windows NT 6.1; WOW64; rv:12.0) Gecko/20100101 Firefox/12.0"
94.41.88.43 - - [04/Jun/2012:13:16:33 +0600] "GET / HTTP/1.0" 200 6973 "-" "Mozilla/5.0 (Windows NT 6.1) AppleWebKit/536.5 (KHTML, like Gecko) Chrome/19.0.1084.46 Safari/536.5"
109.187.44.90 - - [04/Jun/2012:13:17:55 +0600] "POST /administrator/index2.php HTTP/1.0" 301 - "http://csdb.ufanet.ru/administrator/index2.php?option=com_content" "Mozilla/5.0 (Windows NT 6.1; WOW64; rv:12.0) Gecko/20100101 Firefox/12.0"
109.187.44.90 - - [04/Jun/2012:13:17:55 +0600] "GET /administrator/index2.php?option=com_content&sectionid=17&mosmsg=%D3%F1%EF%E5%F8%ED%EE+%F1%EE%F5%F0%E0%ED%E5%ED%EE%3A+%AB%C8%F1%F2%EE%F0%E8%F7%E5%F1%EA%E8%E9+%F5%F0%EE%ED%EE%E3%F0%E0%F4%BB+%EF%EE%E2%E5%F1%F2%E2%F3%E5%F2. HTTP/1.0" 200 11221 "http://csdb.ufanet.ru/administrator/index2.php?option=com_content" "Mozilla/5.0 (Windows NT 6.1; WOW64; rv:12.0) Gecko/20100101 Firefox/12.0"
31.131.77.90 - - [04/Jun/2012:13:18:02 +0600] "GET /content/view/98/56/ HTTP/1.0" 200 9549 "http://csdb.ufanet.ru/content/view/98/56/" "Mozilla/4.0 (compatible; MSIE 6.0; Windows NT 5.1; SV1; .NET CLR 1.1.4322; .NET CLR 2.0.50727)"
31.131.77.90 - - [04/Jun/2012:13:18:03 +0600] "GET /content/view/98/56/ HTTP/1.0" 200 9549 "http://csdb.ufanet.ru/content/view/98/56/" "Mozilla/4.0 (compatible; MSIE 6.0; Windows NT 5.1; SV1; .NET CLR 1.1.4322; .NET CLR 2.0.50727)"
31.131.77.90 - - [04/Jun/2012:13:18:03 +0600] "GET /content/view/98/56/index.php HTTP/1.0" 200 13043 "http://csdb.ufanet.ru/index.php" "Mozilla/4.0 (compatible; MSIE 6.0; Windows NT 5.1; SV1; .NET CLR 1.1.4322; .NET CLR 2.0.50727)"
109.187.44.90 - - [04/Jun/2012:13:18:03 +0600] "POST /administrator/index2.php?option=com_content HTTP/1.0" 200 50052 "http://csdb.ufanet.ru/administrator/index2.php?option=com_content&sectionid=17&mosmsg=%D3%F1%EF%E5%F8%ED%EE+%F1%EE%F5%F0%E0%ED%E5%ED%EE%3A+%AB%C8%F1%F2%EE%F0%E8%F7%E5%F1%EA%E8%E9+%F5%F0%EE%ED%EE%E3%F0%E0%F4%BB+%EF%EE%E2%E5%F1%F2%E2%F3%E5%F2." "Mozilla/5.0 (Windows NT 6.1; WOW64; rv:12.0) Gecko/20100101 Firefox/12.0"
31.131.77.90 - - [04/Jun/2012:13:18:05 +0600] "GET /content/view/98/56/ HTTP/1.0" 200 9549 "http://csdb.ufanet.ru/content/view/98/56/" "Mozilla/4.0 (compatible; MSIE 6.0; Windows NT 5.1; SV1; .NET CLR 1.1.4322; .NET CLR 2.0.50727)"
31.131.77.90 - - [04/Jun/2012:13:18:05 +0600] "GET /content/view/98/56/index.php HTTP/1.0" 200 13043 "http://csdb.ufanet.ru/index.php" "Mozilla/4.0 (compatible; MSIE 6.0; Windows NT 5.1; SV1; .NET CLR 1.1.4322; .NET CLR 2.0.50727)"
31.131.77.90 - - [04/Jun/2012:13:18:07 +0600] "GET /content/view/98/56/ HTTP/1.0" 200 9549 "http://csdb.ufanet.ru/content/view/98/56/" "Mozilla/4.0 (compatible; MSIE 6.0; Windows NT 5.1; SV1; .NET CLR 1.1.4322; .NET CLR 2.0.50727)"
31.131.77.90 - - [04/Jun/2012:13:18:07 +0600] "GET /content/view/98/56/index.php HTTP/1.0" 200 13043 "http://csdb.ufanet.ru/index.php" "Mozilla/4.0 (compatible; MSIE 6.0; Windows NT 5.1; SV1; .NET CLR 1.1.4322; .NET CLR 2.0.50727)"
109.187.44.90 - - [04/Jun/2012:13:19:05 +0600] "GET /images/newsf8/040612/12.JP1 HTTP/1.0" 404 304 "http://csdb.ufanet.ru/mambots/editors/tinymce/jscripts/tiny_mce/plugins/advimage/image.htm" "Mozilla/5.0 (Windows NT 6.1; WOW64; rv:12.0) Gecko/20100101 Firefox/12.0"
94.41.5.75 - - [04/Jun/2012:13:19:26 +0600] "GET / HTTP/1.0" 200 6973 "http://yandex.ru/yandsearch?text=%D0%B1%D0%B8%D0%B1%D0%BB%D0%B8%D0%BE%D1%82%D0%B5%D0%BA%D0%B0&clid=40316&lr=172&rstr=-172" "Mozilla/5.0 (compatible; MSIE 9.0; Windows NT 6.1; Trident/5.0)"
94.41.5.75 - - [04/Jun/2012:13:19:28 +0600] "GET /images/cgdb.swf HTTP/1.0" 200 19792297 "http://csdb.ufanet.ru/" "Mozilla/5.0 (compatible; MSIE 9.0; Windows NT 6.1; Trident/5.0)"
94.41.5.75 - - [04/Jun/2012:13:19:52 +0600] "GET /component/option,com_wrapper/Itemid,235/ HTTP/1.0" 200 4488 "http://csdb.ufanet.ru/" "Mozilla/5.0 (compatible; MSIE 9.0; Windows NT 6.1; Trident/5.0)"
94.41.5.75 - - [04/Jun/2012:13:19:52 +0600] "GET /cgi-bin/zgate?Init+test.xml,simple.xsl+rus HTTP/1.0" 200 5030 "http://csdb.ufanet.ru/component/option,com_wrapper/Itemid,235/" "Mozilla/5.0 (compatible; MSIE 9.0; Windows NT 6.1; Trident/5.0)"
109.187.44.90 - - [04/Jun/2012:13:20:31 +0600] "POST /administrator/index2.php HTTP/1.0" 301 - "http://csdb.ufanet.ru/administrator/index2.php?option=com_content" "Mozilla/5.0 (Windows NT 6.1; WOW64; rv:12.0) Gecko/20100101 Firefox/12.0"
109.187.44.90 - - [04/Jun/2012:13:20:31 +0600] "GET /administrator/index2.php?option=com_content&sectionid=17&mosmsg=%D3%F1%EF%E5%F8%ED%EE+%F1%EE%F5%F0%E0%ED%E5%ED%EE%3A+%22%DD%F2%EE%F2+%EF%F0%E0%E7%E4%ED%E8%EA+%F1%EE+%F1%EB%E5%E7%E0%EC%E8+%ED%E0+%E3%EB%E0%E7%E0%F5%85%22 HTTP/1.0" 200 11228 "http://csdb.ufanet.ru/administrator/index2.php?option=com_content" "Mozilla/5.0 (Windows NT 6.1; WOW64; rv:12.0) Gecko/20100101 Firefox/12.0"
94.41.88.43 - - [04/Jun/2012:13:20:34 +0600] "GET /content/blogcategory/46/222/ HTTP/1.0" 200 6308 "http://csdb.ufanet.ru/content/view/926/222/" "Mozilla/5.0 (Windows NT 6.1; WOW64) AppleWebKit/536.5 (KHTML, like Gecko) Chrome/19.0.1084.52 Safari/536.5"
94.41.5.75 - - [04/Jun/2012:13:20:40 +0600] "POST /cgi-bin/zgate HTTP/1.0" 200 5457 "http://csdb.ufanet.ru/cgi-bin/zgate?Init+test.xml,simple.xsl+rus" "Mozilla/5.0 (compatible; MSIE 9.0; Windows NT 6.1; Trident/5.0)"
109.187.44.90 - - [04/Jun/2012:13:20:47 +0600] "GET /administrator/index2.php?option=com_content&sectionid=17&task=edit&hidemainmenu=1&id=1003 HTTP/1.0" 200 52666 "http://csdb.ufanet.ru/administrator/index2.php?option=com_content&sectionid=17&mosmsg=%D3%F1%EF%E5%F8%ED%EE+%F1%EE%F5%F0%E0%ED%E5%ED%EE%3A+%22%DD%F2%EE%F2+%EF%F0%E0%E7%E4%ED%E8%EA+%F1%EE+%F1%EB%E5%E7%E0%EC%E8+%ED%E0+%E3%EB%E0%E7%E0%F5%85%22" "Mozilla/5.0 (Windows NT 6.1; WOW64; rv:12.0) Gecko/20100101 Firefox/12.0"
109.187.44.90 - - [04/Jun/2012:13:20:56 +0600] "POST /administrator/index2.php HTTP/1.0" 301 - "http://csdb.ufanet.ru/administrator/index2.php?option=com_content&sectionid=17&task=edit&hidemainmenu=1&id=1003" "Mozilla/5.0 (Windows NT 6.1; WOW64; rv:12.0) Gecko/20100101 Firefox/12.0"
109.187.44.90 - - [04/Jun/2012:13:20:56 +0600] "GET /administrator/index2.php?option=com_content&sectionid=17 HTTP/1.0" 200 11201 "http://csdb.ufanet.ru/administrator/index2.php?option=com_content&sectionid=17&task=edit&hidemainmenu=1&id=1003" "Mozilla/5.0 (Windows NT 6.1; WOW64; rv:12.0) Gecko/20100101 Firefox/12.0"
109.187.44.90 - - [04/Jun/2012:13:20:58 +0600] "GET /administrator/index2.php?option=com_content&sectionid=17&task=edit&hidemainmenu=1&id=1006 HTTP/1.0" 200 51436 "http://csdb.ufanet.ru/administrator/index2.php?option=com_content&sectionid=17" "Mozilla/5.0 (Windows NT 6.1; WOW64; rv:12.0) Gecko/20100101 Firefox/12.0"
178.154.163.30 - - [04/Jun/2012:13:21:00 +0600] "GET /files/articles/bibl.pdf HTTP/1.0" 200 50969 "-" "Mozilla/5.0 (compatible; YandexBot/3.0; +http://yandex.com/bots)"
178.154.163.30 - - [04/Jun/2012:13:21:02 +0600] "GET /index2.php?option=com_content&task=view&id=719&pop=1&page=0&Itemid=90 HTTP/1.0" 200 1374 "-" "Mozilla/5.0 (compatible; YandexBot/3.0; +http://yandex.com/bots)"
109.187.44.90 - - [04/Jun/2012:13:21:04 +0600] "POST /administrator/index2.php HTTP/1.0" 301 - "http://csdb.ufanet.ru/administrator/index2.php?option=com_content&sectionid=17&task=edit&hidemainmenu=1&id=1006" "Mozilla/5.0 (Windows NT 6.1; WOW64; rv:12.0) Gecko/20100101 Firefox/12.0"
178.154.163.30 - - [04/Jun/2012:13:21:05 +0600] "GET /index2.php?option=com_content&task=view&id=989&pop=1&page=0&Itemid=115 HTTP/1.0" 200 1132 "-" "Mozilla/5.0 (compatible; YandexBot/3.0; +http://yandex.com/bots)"
109.187.44.90 - - [04/Jun/2012:13:21:05 +0600] "GET /administrator/index2.php?option=com_content&sectionid=17 HTTP/1.0" 200 11201 "http://csdb.ufanet.ru/administrator/index2.php?option=com_content&sectionid=17&task=edit&hidemainmenu=1&id=1006" "Mozilla/5.0 (Windows NT 6.1; WOW64; rv:12.0) Gecko/20100101 Firefox/12.0"
178.154.163.30 - - [04/Jun/2012:13:21:07 +0600] "GET /index2.php?option=com_content&task=view&id=944&pop=1&page=30&Itemid=66 HTTP/1.0" 200 1276 "-" "Mozilla/5.0 (compatible; YandexBot/3.0; +http://yandex.com/bots)"
109.187.44.90 - - [04/Jun/2012:13:21:07 +0600] "GET /administrator/index2.php?option=com_content&sectionid=17&task=edit&hidemainmenu=1&id=1003 HTTP/1.0" 200 52666 "http://csdb.ufanet.ru/administrator/index2.php?option=com_content&sectionid=17" "Mozilla/5.0 (Windows NT 6.1; WOW64; rv:12.0) Gecko/20100101 Firefox/12.0"
178.154.163.30 - - [04/Jun/2012:13:21:09 +0600] "GET /index2.php?option=com_content&task=view&id=989&pop=1&page=0&Itemid=132 HTTP/1.0" 200 1132 "-" "Mozilla/5.0 (compatible; YandexBot/3.0; +http://yandex.com/bots)"
178.154.163.30 - - [04/Jun/2012:13:21:11 +0600] "GET /index2.php?option=com_content&task=view&id=989&pop=1&page=0&Itemid=125 HTTP/1.0" 200 1132 "-" "Mozilla/5.0 (compatible; YandexBot/3.0; +http://yandex.com/bots)"
178.154.163.30 - - [04/Jun/2012:13:21:14 +0600] "GET /index2.php?option=com_content&task=view&id=954&pop=1&page=25&Itemid=66 HTTP/1.0" 200 1316 "-" "Mozilla/5.0 (compatible; YandexBot/3.0; +http://yandex.com/bots)"
178.154.163.30 - - [04/Jun/2012:13:21:16 +0600] "GET /index2.php?option=com_content&task=view&id=989&pop=1&page=0&Itemid=107 HTTP/1.0" 200 1132 "-" "Mozilla/5.0 (compatible; YandexBot/3.0; +http://yandex.com/bots)"
178.154.163.30 - - [04/Jun/2012:13:21:21 +0600] "GET /index2.php?option=com_content&task=view&id=989&pop=1&page=0&Itemid=126 HTTP/1.0" 200 1132 "-" "Mozilla/5.0 (compatible; YandexBot/3.0; +http://yandex.com/bots)"
109.187.44.90 - - [04/Jun/2012:13:21:21 +0600] "POST /administrator/index2.php HTTP/1.0" 301 - "http://csdb.ufanet.ru/administrator/index2.php?option=com_content&sectionid=17&task=edit&hidemainmenu=1&id=1003" "Mozilla/5.0 (Windows NT 6.1; WOW64; rv:12.0) Gecko/20100101 Firefox/12.0"
109.187.44.90 - - [04/Jun/2012:13:21:21 +0600] "GET /administrator/index2.php?option=com_content&sectionid=17&mosmsg=%D3%F1%EF%E5%F8%ED%EE+%F1%EE%F5%F0%E0%ED%E5%ED%EE%3A+%D1%E0%EC%FB%E9-%F1%E0%EC%FB%E9+%E4%EE%E1%F0%FB%E9+%E4%E5%ED%FC+%EE%F2+%E4%E5%F2%F1%EA%EE%E9+%E1%E8%E1%EB%E8%EE%F2%E5%EA%E8%21 HTTP/1.0" 200 11234 "http://csdb.ufanet.ru/administrator/index2.php?option=com_content&sectionid=17&task=edit&hidemainmenu=1&id=1003" "Mozilla/5.0 (Windows NT 6.1; WOW64; rv:12.0) Gecko/20100101 Firefox/12.0"
94.41.88.43 - - [04/Jun/2012:13:21:23 +0600] "GET /content/blogcategory/46/222/ HTTP/1.0" 200 6313 "http://csdb.ufanet.ru/content/view/926/222/" "Mozilla/5.0 (Windows NT 6.1; WOW64) AppleWebKit/536.5 (KHTML, like Gecko) Chrome/19.0.1084.52 Safari/536.5"
178.154.163.30 - - [04/Jun/2012:13:21:23 +0600] "GET /index2.php?option=com_content&task=view&id=951&pop=1&page=0&Itemid=66 HTTP/1.0" 200 1930 "-" "Mozilla/5.0 (compatible; YandexBot/3.0; +http://yandex.com/bots)"
178.154.163.30 - - [04/Jun/2012:13:21:26 +0600] "GET /index2.php?option=com_content&task=view&id=958&pop=1&page=25&Itemid=66 HTTP/1.0" 200 1331 "-" "Mozilla/5.0 (compatible; YandexBot/3.0; +http://yandex.com/bots)"
94.41.5.75 - - [04/Jun/2012:13:21:27 +0600] "GET /cgi-bin/zgate?present+2107+default+1+1+F+1.2.840.10003.5.102+rus HTTP/1.0" 200 1870 "http://csdb.ufanet.ru/cgi-bin/zgate" "Mozilla/5.0 (compatible; MSIE 9.0; Windows NT 6.1; Trident/5.0)"
178.154.163.30 - - [04/Jun/2012:13:21:28 +0600] "GET /content/view/233/66/ HTTP/1.0" 200 5979 "-" "Mozilla/5.0 (compatible; YandexBot/3.0; +http://yandex.com/bots)"
94.41.88.43 - - [04/Jun/2012:13:21:32 +0600] "GET /content/view/1003/222/ HTTP/1.0" 200 6049 "http://csdb.ufanet.ru/content/blogcategory/46/222/" "Mozilla/5.0 (Windows NT 6.1; WOW64) AppleWebKit/536.5 (KHTML, like Gecko) Chrome/19.0.1084.52 Safari/536.5"
94.41.88.43 - - [04/Jun/2012:13:21:35 +0600] "GET /content/blogcategory/46/222/ HTTP/1.0" 200 6312 "http://csdb.ufanet.ru/content/view/926/222/" "Mozilla/5.0 (Windows NT 6.1; WOW64) AppleWebKit/536.5 (KHTML, like Gecko) Chrome/19.0.1084.52 Safari/536.5"
94.41.88.43 - - [04/Jun/2012:13:21:38 +0600] "GET /content/view/1006/222/ HTTP/1.0" 200 4844 "http://csdb.ufanet.ru/content/blogcategory/46/222/" "Mozilla/5.0 (Windows NT 6.1; WOW64) AppleWebKit/536.5 (KHTML, like Gecko) Chrome/19.0.1084.52 Safari/536.5"
94.41.88.43 - - [04/Jun/2012:13:21:39 +0600] "GET /content/blogcategory/46/222/ HTTP/1.0" 200 6311 "http://csdb.ufanet.ru/content/view/926/222/" "Mozilla/5.0 (Windows NT 6.1; WOW64) AppleWebKit/536.5 (KHTML, like Gecko) Chrome/19.0.1084.52 Safari/536.5"
94.41.88.43 - - [04/Jun/2012:13:21:41 +0600] "GET /content/view/1005/222/ HTTP/1.0" 200 4787 "http://csdb.ufanet.ru/content/blogcategory/46/222/" "Mozilla/5.0 (Windows NT 6.1; WOW64) AppleWebKit/536.5 (KHTML, like Gecko) Chrome/19.0.1084.52 Safari/536.5"
94.41.88.43 - - [04/Jun/2012:13:21:43 +0600] "GET /content/blogcategory/46/222/ HTTP/1.0" 200 6312 "http://csdb.ufanet.ru/content/view/926/222/" "Mozilla/5.0 (Windows NT 6.1; WOW64) AppleWebKit/536.5 (KHTML, like Gecko) Chrome/19.0.1084.52 Safari/536.5"
94.41.88.43 - - [04/Jun/2012:13:21:45 +0600] "GET /content/view/1004/222/ HTTP/1.0" 200 5291 "http://csdb.ufanet.ru/content/blogcategory/46/222/" "Mozilla/5.0 (Windows NT 6.1; WOW64) AppleWebKit/536.5 (KHTML, like Gecko) Chrome/19.0.1084.52 Safari/536.5"
94.41.88.43 - - [04/Jun/2012:13:21:46 +0600] "GET /content/blogcategory/46/222/ HTTP/1.0" 200 6313 "http://csdb.ufanet.ru/content/view/926/222/" "Mozilla/5.0 (Windows NT 6.1; WOW64) AppleWebKit/536.5 (KHTML, like Gecko) Chrome/19.0.1084.52 Safari/536.5"
178.129.113.165 - - [04/Jun/2012:13:22:58 +0600] "GET /files/articles/%D0%9E%D0%BF%D1%8B%D1%82%20%D0%B4%D0%B5%D1%82%D1%81%D0%BA%D0%B8%D1%85%20%D0%B1%D0%B8%D0%B1%D0%BB%D0%B8%D0%BE%D1%82%D0%B5%D0%BA%20%D0%9D.%D0%9D%D0%BE%D0%B2%D0%B3%D0%BE%D1%80%D0%BE%D0%B4%D0%B0.pdf HTTP/1.0" 200 77278 "http://www.google.ru/url?sa=t&rct=j&q=%D0%BE%D0%BF%D1%8B%D1%82%20%D0%BC%D0%B5%D1%82%D0%BE%D0%B4%D0%B8%D1%87%D0%B5%D1%81%D0%BA%D0%BE%D0%B9%20%20%D1%80%D0%B0%D0%B1%D0%BE%D1%82%D1%8B%20%D0%B4%D0%B5%D1%82%D1%81%D0%BA%D0%B8%D1%85%20%20%D0%B1%D0%B8%D0%B1%D0%BB%D0%B8%D0%BE%D1%82%D0%B5%D0%BA%20%D1%81%D1%82%D1%80%D0%B0%D0%BD%D1%8B&source=web&cd=40&ved=0CFkQFjAJOB4&url=http%3A%2F%2Fcsdb.ufanet.ru%2Ffiles%2Farticles%2F%25D0%259E%25D0%25BF%25D1%258B%25D1%2582%2520%25D0%25B4%25D0%25B5%25D1%2582%25D1%2581%25D0%25BA%25D0%25B8%25D1%2585%2520%25D0%25B1%25D0%25B8%25D0%25B1%25D0%25BB%25D0%25B8%25D0%25BE%25D1%2582%25D0%25B5%25D0%25BA%2520%25D0%259D.%25D0%259D%25D0%25BE%25D0%25B2%25D0%25B3%25D0%25BE%25D1%2580%25D0%25BE%25D0%25B4%25D0%25B0.pdf&ei=0mHMT9ChA7TP4QTnp709&usg=AFQjCNGJIQDejHnwzc_nIXnFqAZzqSuCVw&cad=rjt" "Opera/9.80 (Windows NT 5.1; U; ru) Presto/2.10.229 Version/11.64"
94.41.88.43 - - [04/Jun/2012:13:23:41 +0600] "GET / HTTP/1.0" 200 6972 "-" "Mozilla/5.0 (Windows NT 6.1; WOW64) AppleWebKit/536.5 (KHTML, like Gecko) Chrome/19.0.1084.52 Safari/536.5"
178.44.178.97 - - [04/Jun/2012:13:23:47 +0600] "GET /content/view/53/47 HTTP/1.0" 200 7367 "http://yandex.ru/yandsearch?text=%D1%81%D1%86%D0%B5%D0%BD%D0%B0%D1%80%D0%B8%D0%B9+%D0%BE%D1%82%D0%BA%D1%80%D1%8B%D1%82%D0%B8%D1%8F+%D0%BC%D0%BE%D0%B4%D0%B5%D0%BB%D1%8C%D0%BD%D0%BE%D0%B9+%D0%B1%D0%B8%D0%B1%D0%BB%D0%B8%D0%BE%D1%82%D0%B5%D0%BA%D0%B8&lr=48" "Mozilla/5.0 (Windows NT 5.1; rv:12.0) Gecko/20100101 Firefox/12.0"
178.124.218.27 - - [04/Jun/2012:13:23:56 +0600] "GET /content/view/258/66/ HTTP/1.0" 200 8054 "http://www.google.ru/url?sa=t&rct=j&q=%D0%B8%D0%BD%D0%BD%D0%BE%D0%B2%D0%B0%D1%86%D0%B8%D0%BE%D0%BD%D0%BD%D1%8B%D0%B9%20%D0%BF%D1%80%D0%BE%D0%B5%D0%BA%D1%82%20%D0%B4%D0%B5%D1%82%D1%81%D0%BA%D0%B0%D1%8F%20%D0%B1%D0%B8%D0%B1%D0%BB%D0%B8%D0%BE%D1%82%D0%B5%D0%BA%D0%B0&source=web&cd=1&sqi=2&ved=0CFIQFjAA&url=http%3A%2F%2Fcsdb.ufanet.ru%2Fcontent%2Fview%2F258%2F66%2F&ei=cmLMT6PwGcvY4QSf8Z0q&usg=AFQjCNFAEIVB035c323n8qYTw8E38q8uBw&cad=rjt" "Mozilla/5.0 (Windows NT 5.1; rv:12.0) Gecko/20100101 Firefox/12.0"
94.41.88.43 - - [04/Jun/2012:13:24:34 +0600] "GET /content/view/1003/222/ HTTP/1.0" 200 6048 "http://csdb.ufanet.ru/content/blogcategory/46/222/" "Mozilla/5.0 (Windows NT 6.1; WOW64) AppleWebKit/536.5 (KHTML, like Gecko) Chrome/19.0.1084.52 Safari/536.5"
94.41.88.43 - - [04/Jun/2012:13:24:38 +0600] "GET /content/blogcategory/46/222/ HTTP/1.0" 200 6314 "http://csdb.ufanet.ru/content/view/926/222/" "Mozilla/5.0 (Windows NT 6.1; WOW64) AppleWebKit/536.5 (KHTML, like Gecko) Chrome/19.0.1084.52 Safari/536.5"
109.187.44.90 - - [04/Jun/2012:13:24:50 +0600] "GET /administrator/index2.php?option=com_content&sectionid=17&task=edit&hidemainmenu=1&id=1003 HTTP/1.0" 200 52660 "http://csdb.ufanet.ru/administrator/index2.php?option=com_content&sectionid=17&mosmsg=%D3%F1%EF%E5%F8%ED%EE+%F1%EE%F5%F0%E0%ED%E5%ED%EE%3A+%D1%E0%EC%FB%E9-%F1%E0%EC%FB%E9+%E4%EE%E1%F0%FB%E9+%E4%E5%ED%FC+%EE%F2+%E4%E5%F2%F1%EA%EE%E9+%E1%E8%E1%EB%E8%EE%F2%E5%EA%E8%21" "Mozilla/5.0 (Windows NT 6.1; WOW64; rv:12.0) Gecko/20100101 Firefox/12.0"
109.187.44.90 - - [04/Jun/2012:13:24:54 +0600] "POST /administrator/index2.php HTTP/1.0" 301 - "http://csdb.ufanet.ru/administrator/index2.php?option=com_content&sectionid=17&task=edit&hidemainmenu=1&id=1003" "Mozilla/5.0 (Windows NT 6.1; WOW64; rv:12.0) Gecko/20100101 Firefox/12.0"
109.187.44.90 - - [04/Jun/2012:13:24:54 +0600] "GET /administrator/index2.php?option=com_content&sectionid=17 HTTP/1.0" 200 11200 "http://csdb.ufanet.ru/administrator/index2.php?option=com_content&sectionid=17&task=edit&hidemainmenu=1&id=1003" "Mozilla/5.0 (Windows NT 6.1; WOW64; rv:12.0) Gecko/20100101 Firefox/12.0"
109.187.44.90 - - [04/Jun/2012:13:24:56 +0600] "GET /administrator/index2.php?option=com_content&sectionid=17&task=edit&hidemainmenu=1&id=1006 HTTP/1.0" 200 51404 "http://csdb.ufanet.ru/administrator/index2.php?option=com_content&sectionid=17" "Mozilla/5.0 (Windows NT 6.1; WOW64; rv:12.0) Gecko/20100101 Firefox/12.0"
109.187.44.90 - - [04/Jun/2012:13:25:00 +0600] "POST /administrator/index2.php HTTP/1.0" 301 - "http://csdb.ufanet.ru/administrator/index2.php?option=com_content&sectionid=17&task=edit&hidemainmenu=1&id=1006" "Mozilla/5.0 (Windows NT 6.1; WOW64; rv:12.0) Gecko/20100101 Firefox/12.0"
109.187.44.90 - - [04/Jun/2012:13:25:00 +0600] "GET /administrator/index2.php?option=com_content&sectionid=17 HTTP/1.0" 200 11200 "http://csdb.ufanet.ru/administrator/index2.php?option=com_content&sectionid=17&task=edit&hidemainmenu=1&id=1006" "Mozilla/5.0 (Windows NT 6.1; WOW64; rv:12.0) Gecko/20100101 Firefox/12.0"
178.124.218.27 - - [04/Jun/2012:13:25:01 +0600] "GET /content/view/982/66/ HTTP/1.0" 200 6130 "http://csdb.ufanet.ru/content/view/258/66/" "Mozilla/5.0 (Windows NT 5.1; rv:12.0) Gecko/20100101 Firefox/12.0"
109.187.44.90 - - [04/Jun/2012:13:25:03 +0600] "GET /administrator/index2.php?option=com_content&sectionid=17&task=edit&hidemainmenu=1&id=1004 HTTP/1.0" 200 51890 "http://csdb.ufanet.ru/administrator/index2.php?option=com_content&sectionid=17" "Mozilla/5.0 (Windows NT 6.1; WOW64; rv:12.0) Gecko/20100101 Firefox/12.0"
109.187.44.90 - - [04/Jun/2012:13:25:13 +0600] "POST /administrator/index2.php HTTP/1.0" 301 - "http://csdb.ufanet.ru/administrator/index2.php?option=com_content&sectionid=17&task=edit&hidemainmenu=1&id=1004" "Mozilla/5.0 (Windows NT 6.1; WOW64; rv:12.0) Gecko/20100101 Firefox/12.0"
109.187.44.90 - - [04/Jun/2012:13:25:13 +0600] "GET /administrator/index2.php?option=com_content&sectionid=17&mosmsg=%D3%F1%EF%E5%F8%ED%EE+%F1%EE%F5%F0%E0%ED%E5%ED%EE%3A+%CF%EE%E4%E0%F0%EE%EA+%F3%F4%E8%EC%F1%EA%EE%E9+%E4%E5%F2%E2%EE%F0%E5+%EE%F2+%E4%E5%F2%F1%EA%EE%E9+%E1%E8%E1%EB%E8%EE%F2%E5%EA%E8%21 HTTP/1.0" 200 11226 "http://csdb.ufanet.ru/administrator/index2.php?option=com_content&sectionid=17&task=edit&hidemainmenu=1&id=1004" "Mozilla/5.0 (Windows NT 6.1; WOW64; rv:12.0) Gecko/20100101 Firefox/12.0"
94.41.88.43 - - [04/Jun/2012:13:25:15 +0600] "GET /content/blogcategory/46/222/ HTTP/1.0" 200 6313 "http://csdb.ufanet.ru/content/view/926/222/" "Mozilla/5.0 (Windows NT 6.1; WOW64) AppleWebKit/536.5 (KHTML, like Gecko) Chrome/19.0.1084.52 Safari/536.5"
109.187.44.90 - - [04/Jun/2012:13:25:25 +0600] "GET /administrator/index2.php?option=com_content&sectionid=17&task=edit&hidemainmenu=1&id=1006 HTTP/1.0" 200 51404 "http://csdb.ufanet.ru/administrator/index2.php?option=com_content&sectionid=17&mosmsg=%D3%F1%EF%E5%F8%ED%EE+%F1%EE%F5%F0%E0%ED%E5%ED%EE%3A+%CF%EE%E4%E0%F0%EE%EA+%F3%F4%E8%EC%F1%EA%EE%E9+%E4%E5%F2%E2%EE%F0%E5+%EE%F2+%E4%E5%F2%F1%EA%EE%E9+%E1%E8%E1%EB%E8%EE%F2%E5%EA%E8%21" "Mozilla/5.0 (Windows NT 6.1; WOW64; rv:12.0) Gecko/20100101 Firefox/12.0"
109.187.44.90 - - [04/Jun/2012:13:25:32 +0600] "POST /administrator/index2.php HTTP/1.0" 301 - "http://csdb.ufanet.ru/administrator/index2.php?option=com_content&sectionid=17&task=edit&hidemainmenu=1&id=1006" "Mozilla/5.0 (Windows NT 6.1; WOW64; rv:12.0) Gecko/20100101 Firefox/12.0"
109.187.44.90 - - [04/Jun/2012:13:25:32 +0600] "GET /administrator/index2.php?option=com_content&sectionid=17 HTTP/1.0" 200 11201 "http://csdb.ufanet.ru/administrator/index2.php?option=com_content&sectionid=17&task=edit&hidemainmenu=1&id=1006" "Mozilla/5.0 (Windows NT 6.1; WOW64; rv:12.0) Gecko/20100101 Firefox/12.0"
109.187.44.90 - - [04/Jun/2012:13:25:39 +0600] "GET /administrator/index2.php?option=com_content&sectionid=17&task=edit&hidemainmenu=1&id=1004 HTTP/1.0" 200 51888 "http://csdb.ufanet.ru/administrator/index2.php?option=com_content&sectionid=17" "Mozilla/5.0 (Windows NT 6.1; WOW64; rv:12.0) Gecko/20100101 Firefox/12.0"
66.249.66.77 - - [04/Jun/2012:13:25:41 +0600] "GET /content/view/394/183/1/2/ HTTP/1.0" 200 6471 "-" "Mozilla/5.0 (compatible; Googlebot/2.1; +http://www.google.com/bot.html)"
178.124.218.27 - - [04/Jun/2012:13:25:47 +0600] "GET /content/view/258/66/ HTTP/1.0" 200 8051 "http://www.google.ru/url?sa=t&rct=j&q=%D0%B8%D0%BD%D0%BD%D0%BE%D0%B2%D0%B0%D1%86%D0%B8%D0%BE%D0%BD%D0%BD%D1%8B%D0%B9%20%D0%BF%D1%80%D0%BE%D0%B5%D0%BA%D1%82%20%D0%B4%D0%B5%D1%82%D1%81%D0%BA%D0%B0%D1%8F%20%D0%B1%D0%B8%D0%B1%D0%BB%D0%B8%D0%BE%D1%82%D0%B5%D0%BA%D0%B0&source=web&cd=1&sqi=2&ved=0CFIQFjAA&url=http%3A%2F%2Fcsdb.ufanet.ru%2Fcontent%2Fview%2F258%2F66%2F&ei=cmLMT6PwGcvY4QSf8Z0q&usg=AFQjCNFAEIVB035c323n8qYTw8E38q8uBw&cad=rjt" "Mozilla/5.0 (Windows NT 5.1; rv:12.0) Gecko/20100101 Firefox/12.0"
178.124.218.27 - - [04/Jun/2012:13:25:53 +0600] "GET /content/view/989/66/ HTTP/1.0" 200 5574 "http://csdb.ufanet.ru/content/view/258/66/" "Mozilla/5.0 (Windows NT 5.1; rv:12.0) Gecko/20100101 Firefox/12.0"
109.187.44.90 - - [04/Jun/2012:13:25:56 +0600] "POST /administrator/index2.php HTTP/1.0" 301 - "http://csdb.ufanet.ru/administrator/index2.php?option=com_content&sectionid=17&task=edit&hidemainmenu=1&id=1004" "Mozilla/5.0 (Windows NT 6.1; WOW64; rv:12.0) Gecko/20100101 Firefox/12.0"
109.187.44.90 - - [04/Jun/2012:13:25:56 +0600] "GET /administrator/index2.php?option=com_content&sectionid=17&mosmsg=%D3%F1%EF%E5%F8%ED%EE+%F1%EE%F5%F0%E0%ED%E5%ED%EE%3A+%CF%EE%E4%E0%F0%EE%EA+%F3%F4%E8%EC%F1%EA%EE%E9+%E4%E5%F2%E2%EE%F0%E5+%EE%F2+%E4%E5%F2%F1%EA%EE%E9+%E1%E8%E1%EB%E8%EE%F2%E5%EA%E8%21 HTTP/1.0" 200 11223 "http://csdb.ufanet.ru/administrator/index2.php?option=com_content&sectionid=17&task=edit&hidemainmenu=1&id=1004" "Mozilla/5.0 (Windows NT 6.1; WOW64; rv:12.0) Gecko/20100101 Firefox/12.0"
109.187.44.90 - - [04/Jun/2012:13:26:01 +0600] "GET /administrator/index2.php?option=com_content&sectionid=17&task=edit&hidemainmenu=1&id=1003 HTTP/1.0" 200 52660 "http://csdb.ufanet.ru/administrator/index2.php?option=com_content&sectionid=17&mosmsg=%D3%F1%EF%E5%F8%ED%EE+%F1%EE%F5%F0%E0%ED%E5%ED%EE%3A+%CF%EE%E4%E0%F0%EE%EA+%F3%F4%E8%EC%F1%EA%EE%E9+%E4%E5%F2%E2%EE%F0%E5+%EE%F2+%E4%E5%F2%F1%EA%EE%E9+%E1%E8%E1%EB%E8%EE%F2%E5%EA%E8%21" "Mozilla/5.0 (Windows NT 6.1; WOW64; rv:12.0) Gecko/20100101 Firefox/12.0"
94.41.88.43 - - [04/Jun/2012:13:26:06 +0600] "GET /content/blogcategory/46/222/ HTTP/1.0" 200 6307 "http://csdb.ufanet.ru/content/view/926/222/" "Mozilla/5.0 (Windows NT 6.1; WOW64) AppleWebKit/536.5 (KHTML, like Gecko) Chrome/19.0.1084.52 Safari/536.5"
109.184.189.71 - - [04/Jun/2012:13:26:16 +0600] "GET /files/articles/%D0%9F%D1%80%D0%BE%D0%B5%D0%BA%D1%82%D0%BD%D0%BE%D0%B5%20%D1%80%D0%B0%D0%B7%D0%B2%D0%B8%D1%82%D0%B8%D0%B5%20%D0%B1%D0%B8%D0%B1%D0%BB%D0%B8%D0%BE%D1%82%D0%B5%D0%BA%20%D0%90%D0%92%D0%93%D0%A3%D0%A1%D0%A2%D0%9E%D0%92%D0%A1%D0%9A%D0%9E%D0%95%20%D0%A1%D0%9E%D0%92%D0%95%D0%A9%D0%90%D0%9D%D0%98%D0%95.pdf HTTP/1.0" 200 119967 "http://yandex.ru/yandsearch?p=2&text=%D1%81%D0%BE%D0%B7%D0%B4%D0%B0%D0%BD%D0%B8%D0%B5+%D0%BF%D1%80%D0%BE%D0%B5%D0%BA%D1%82%D0%B0+%D0%BF%D0%BE+%D0%B1%D0%B8%D0%B1%D0%BB%D0%B8%D0%BE%D1%82%D0%B5%D1%87%D0%BD%D0%BE%D0%B9+%D0%B4%D0%B5%D1%8F%D1%82%D0%B5%D0%BB%D1%8C%D0%BD%D0%BE%D1%81%D1%82%D0%B8&clid=9403&lr=47" "Opera/9.80 (Windows NT 5.1; U; ru) Presto/2.10.229 Version/11.64"
109.187.44.90 - - [04/Jun/2012:13:26:35 +0600] "GET /administrator/index2.php?option=logout HTTP/1.0" 301 - "http://csdb.ufanet.ru/administrator/index2.php?option=com_content&sectionid=17&task=edit&hidemainmenu=1&id=1003" "Mozilla/5.0 (Windows NT 6.1; WOW64; rv:12.0) Gecko/20100101 Firefox/12.0"
109.187.44.90 - - [04/Jun/2012:13:26:35 +0600] "GET /administrator/index.php HTTP/1.0" 200 1314 "http://csdb.ufanet.ru/administrator/index2.php?option=com_content&sectionid=17&task=edit&hidemainmenu=1&id=1003" "Mozilla/5.0 (Windows NT 6.1; WOW64; rv:12.0) Gecko/20100101 Firefox/12.0"
178.124.218.27 - - [04/Jun/2012:13:26:53 +0600] "GET /content/category/5/18/47/ HTTP/1.0" 200 5516 "http://csdb.ufanet.ru/content/view/989/66/" "Mozilla/5.0 (Windows NT 5.1; rv:12.0) Gecko/20100101 Firefox/12.0"
178.124.218.27 - - [04/Jun/2012:13:27:18 +0600] "GET /content/view/14/47/ HTTP/1.0" 200 6340 "http://csdb.ufanet.ru/content/category/5/18/47/" "Mozilla/5.0 (Windows NT 5.1; rv:12.0) Gecko/20100101 Firefox/12.0"
62.133.191.166 - - [04/Jun/2012:13:27:54 +0600] "GET / HTTP/1.0" 200 6973 "http://www.google.ru/url?sa=t&rct=j&q=%D0%B4%D0%B5%D1%82%D1%81%D0%BA%D0%B0%D1%8F%20%D0%B1%D0%B8%D0%B1%D0%BB%D0%B8%D0%BE%D1%82%D0%B5%D0%BA%D0%B0%20%D1%83%D1%84%D1%8B&source=web&cd=1&ved=0CFYQFjAA&url=http%3A%2F%2Fcsdb.ufanet.ru%2F&ei=eGPMT7ncEdLE4gTt6oA_&usg=AFQjCNGr3-VhEuv4mWftvIFQmFcbxmmeUQ&cad=rjt" "Mozilla/5.0 (Windows NT 5.1; rv:11.0) Gecko/20100101 Firefox/11.0"
62.133.191.166 - - [04/Jun/2012:13:27:55 +0600] "GET /images/cgdb.swf HTTP/1.0" 200 19792297 "http://csdb.ufanet.ru/" "Mozilla/5.0 (Windows NT 5.1; rv:11.0) Gecko/20100101 Firefox/11.0"
94.41.88.43 - - [04/Jun/2012:13:27:56 +0600] "GET / HTTP/1.0" 200 6976 "-" "Mozilla/5.0 (Windows NT 6.1) AppleWebKit/536.5 (KHTML, like Gecko) Chrome/19.0.1084.46 Safari/536.5"
178.124.218.27 - - [04/Jun/2012:13:28:00 +0600] "GET /content/view/54/47/ HTTP/1.0" 200 7425 "http://csdb.ufanet.ru/content/view/14/47/" "Mozilla/5.0 (Windows NT 5.1; rv:12.0) Gecko/20100101 Firefox/12.0"
178.124.218.27 - - [04/Jun/2012:13:28:32 +0600] "GET /files/articles/%D0%B2%D1%8B%D1%81%D1%82%D1%83%D0%BF%D0%BB%D0%B5%D0%BD%D0%B8%D0%B5%20%D0%B4%D0%B5%D1%82%D1%81%D0%BA%D0%B8%D0%B5%20%D0%B1%D0%B8%D0%B1%D0%BB%D0%B8%D0%BE%D1%82%D0%B5%D0%BA%D0%B8%20%D0%B2%20%D1%81%D0%B8%D1%81%D1%82%D0%B5%D0%BC%D0%B5%20%D0%BF%D1%80%D0%B0%D0%B2%D0%BE%D0%B2%D0%BE%D0%B3%D0%BE%20%D0%B2%D0%BE%D1%81%D0%BF%D0%B8%D1%82%D0%B0%D0%BD%D0%B8%D1%8F.pdf HTTP/1.0" 200 51747 "http://csdb.ufanet.ru/content/view/54/47/" "Mozilla/5.0 (Windows NT 5.1; rv:12.0) Gecko/20100101 Firefox/12.0"
95.105.74.143 - - [04/Jun/2012:13:28:56 +0600] "GET /content/blogcategory/1/66 HTTP/1.0" 200 7688 "http://yandex.ru/yandsearch?text=%D0%BE%D1%82%D0%B7%D1%8B%D0%B2%D1%8B+%D0%BE+%D0%B4%D0%BD%D0%B5+%D0%BF%D0%BE%D0%B1%D0%B5%D0%B4%D1%8B+9+%D0%BC%D0%B0%D1%8F+%D0%BF%D1%80%D0%BE%D1%85%D0%BE%D0%B4%D0%B8%D0%B2%D1%88%D0%B0%D1%8F+%D0%B2+%D0%B1%D0%B8%D0%B1%D0%BB%D0%B8%D0%BE%D1%82%D0%B5%D0%BA%D0%B0%D1%85&lr=172" "Opera/9.80 (Windows NT 5.1; U; ru) Presto/2.10.229 Version/11.64"
94.41.88.43 - - [04/Jun/2012:13:29:02 +0600] "GET / HTTP/1.0" 200 6975 "-" "Mozilla/5.0 (Windows NT 6.1; WOW64) AppleWebKit/536.5 (KHTML, like Gecko) Chrome/19.0.1084.52 Safari/536.5"
62.133.191.166 - - [04/Jun/2012:13:29:45 +0600] "GET /content/view/204/47/ HTTP/1.0" 200 10203 "http://www.google.ru/url?sa=t&rct=j&q=%D0%B4%D0%B5%D1%82%D1%81%D0%BA%D0%B0%D1%8F%20%D0%B1%D0%B8%D0%B1%D0%BB%D0%B8%D0%BE%D1%82%D0%B5%D0%BA%D0%B0%20%D1%83%D1%84%D1%8B&source=web&cd=2&ved=0CFcQFjAB&url=http%3A%2F%2Fcsdb.ufanet.ru%2Fcontent%2Fview%2F204%2F47%2F&ei=eGPMT7ncEdLE4gTt6oA_&usg=AFQjCNHq-a7xRJ0ytVIeOUW6Qa9yO1lXKg&cad=rjt" "Mozilla/5.0 (Windows NT 5.1; rv:11.0) Gecko/20100101 Firefox/11.0"
109.187.44.90 - - [04/Jun/2012:13:30:03 +0600] "GET /administrator/ HTTP/1.0" 200 1314 "-" "Mozilla/5.0 (Windows NT 6.1; WOW64; rv:12.0) Gecko/20100101 Firefox/12.0"
68.233.226.103 - - [04/Jun/2012:13:30:03 +0600] "GET /content/view/793/240/content/view/659/1/ HTTP/1.0" 200 15331 "-" "Mozilla/5.0 (Windows NT 5.1) AppleWebKit/535.2 (KHTML, like Gecko) Chrome/15.0.872.0 Safari/535.2"
94.41.88.43 - - [04/Jun/2012:13:30:08 +0600] "GET /content/blogcategory/1/66/ HTTP/1.0" 200 7733 "http://csdb.ufanet.ru/" "Mozilla/5.0 (Windows NT 6.1) AppleWebKit/536.5 (KHTML, like Gecko) Chrome/19.0.1084.46 Safari/536.5"
109.187.44.90 - - [04/Jun/2012:13:30:10 +0600] "POST /administrator/index.php HTTP/1.0" 200 54 "http://csdb.ufanet.ru/administrator/" "Mozilla/5.0 (Windows NT 6.1; WOW64; rv:12.0) Gecko/20100101 Firefox/12.0"
109.187.44.90 - - [04/Jun/2012:13:30:11 +0600] "GET /administrator/index2.php HTTP/1.0" 200 6510 "http://csdb.ufanet.ru/administrator/index.php" "Mozilla/5.0 (Windows NT 6.1; WOW64; rv:12.0) Gecko/20100101 Firefox/12.0"
109.187.44.90 - - [04/Jun/2012:13:30:18 +0600] "GET /administrator/index2.php?option=com_frontpage HTTP/1.0" 200 8040 "http://csdb.ufanet.ru/administrator/index2.php" "Mozilla/5.0 (Windows NT 6.1; WOW64; rv:12.0) Gecko/20100101 Firefox/12.0"
109.187.44.90 - - [04/Jun/2012:13:30:21 +0600] "POST /administrator/index2.php HTTP/1.0" 301 - "http://csdb.ufanet.ru/administrator/index2.php?option=com_frontpage" "Mozilla/5.0 (Windows NT 6.1; WOW64; rv:12.0) Gecko/20100101 Firefox/12.0"
109.187.44.90 - - [04/Jun/2012:13:30:21 +0600] "GET /administrator/index2.php?option=com_frontpage HTTP/1.0" 200 8039 "http://csdb.ufanet.ru/administrator/index2.php?option=com_frontpage" "Mozilla/5.0 (Windows NT 6.1; WOW64; rv:12.0) Gecko/20100101 Firefox/12.0"
94.41.88.43 - - [04/Jun/2012:13:30:23 +0600] "GET / HTTP/1.0" 200 6471 "-" "Mozilla/5.0 (Windows NT 6.1; WOW64) AppleWebKit/536.5 (KHTML, like Gecko) Chrome/19.0.1084.52 Safari/536.5"
109.187.44.90 - - [04/Jun/2012:13:30:28 +0600] "GET /administrator/index2.php?option=com_content&sectionid=0&task=edit&hidemainmenu=1&id=401 HTTP/1.0" 200 50974 "http://csdb.ufanet.ru/administrator/index2.php?option=com_frontpage" "Mozilla/5.0 (Windows NT 6.1; WOW64; rv:12.0) Gecko/20100101 Firefox/12.0"
94.41.88.43 - - [04/Jun/2012:13:30:35 +0600] "GET / HTTP/1.0" 200 6472 "-" "Mozilla/5.0 (Windows NT 6.1) AppleWebKit/536.5 (KHTML, like Gecko) Chrome/19.0.1084.46 Safari/536.5"
109.187.44.90 - - [04/Jun/2012:13:30:45 +0600] "POST /administrator/index2.php HTTP/1.0" 301 - "http://csdb.ufanet.ru/administrator/index2.php?option=com_content&sectionid=0&task=edit&hidemainmenu=1&id=401" "Mozilla/5.0 (Windows NT 6.1; WOW64; rv:12.0) Gecko/20100101 Firefox/12.0"
109.187.44.90 - - [04/Jun/2012:13:30:45 +0600] "GET /administrator/index2.php?option=com_content&sectionid=0 HTTP/1.0" 200 10003 "http://csdb.ufanet.ru/administrator/index2.php?option=com_content&sectionid=0&task=edit&hidemainmenu=1&id=401" "Mozilla/5.0 (Windows NT 6.1; WOW64; rv:12.0) Gecko/20100101 Firefox/12.0"
94.41.88.43 - - [04/Jun/2012:13:30:47 +0600] "GET /content/blogcategory/1/66/ HTTP/1.0" 200 7734 "http://csdb.ufanet.ru/" "Mozilla/5.0 (Windows NT 6.1; WOW64) AppleWebKit/536.5 (KHTML, like Gecko) Chrome/19.0.1084.52 Safari/536.5"
109.187.44.90 - - [04/Jun/2012:13:30:58 +0600] "GET /administrator/index2.php?option=logout HTTP/1.0" 301 - "http://csdb.ufanet.ru/administrator/index2.php?option=com_content&sectionid=0" "Mozilla/5.0 (Windows NT 6.1; WOW64; rv:12.0) Gecko/20100101 Firefox/12.0"
109.187.44.90 - - [04/Jun/2012:13:30:58 +0600] "GET /administrator/index.php HTTP/1.0" 200 1314 "http://csdb.ufanet.ru/administrator/index2.php?option=com_content&sectionid=0" "Mozilla/5.0 (Windows NT 6.1; WOW64; rv:12.0) Gecko/20100101 Firefox/12.0"
178.154.163.30 - - [04/Jun/2012:13:31:00 +0600] "GET /index2.php?option=com_content&task=view&id=990&pop=1&page=5&Itemid=66 HTTP/1.0" 200 1941 "-" "Mozilla/5.0 (compatible; YandexBot/3.0; +http://yandex.com/bots)"
178.154.163.30 - - [04/Jun/2012:13:31:02 +0600] "GET /index2.php?option=com_content&task=view&id=989&pop=1&page=9&Itemid=67 HTTP/1.0" 200 1132 "-" "Mozilla/5.0 (compatible; YandexBot/3.0; +http://yandex.com/bots)"
178.154.163.30 - - [04/Jun/2012:13:31:04 +0600] "GET /index2.php?option=com_content&task=view&id=908&pop=1&page=45&Itemid=66 HTTP/1.0" 200 1636 "-" "Mozilla/5.0 (compatible; YandexBot/3.0; +http://yandex.com/bots)"
178.154.163.30 - - [04/Jun/2012:13:31:07 +0600] "GET /index2.php?option=com_content&task=view&id=946&pop=1&page=30&Itemid=66 HTTP/1.0" 200 1362 "-" "Mozilla/5.0 (compatible; YandexBot/3.0; +http://yandex.com/bots)"
178.154.163.30 - - [04/Jun/2012:13:31:09 +0600] "GET /index2.php?option=com_content&task=view&id=968&pop=1&page=15&Itemid=66 HTTP/1.0" 200 2010 "-" "Mozilla/5.0 (compatible; YandexBot/3.0; +http://yandex.com/bots)"
178.154.163.30 - - [04/Jun/2012:13:31:11 +0600] "GET /index2.php?option=com_content&task=view&id=245&pop=1&page=15&Itemid=66 HTTP/1.0" 200 1420 "-" "Mozilla/5.0 (compatible; YandexBot/3.0; +http://yandex.com/bots)"
178.154.163.30 - - [04/Jun/2012:13:31:14 +0600] "GET /index2.php?option=com_content&task=view&id=989&pop=1&page=0&Itemid=147 HTTP/1.0" 200 1132 "-" "Mozilla/5.0 (compatible; YandexBot/3.0; +http://yandex.com/bots)"
178.154.163.30 - - [04/Jun/2012:13:31:16 +0600] "GET /index2.php?option=com_content&task=view&id=248&pop=1&page=0&Itemid=1 HTTP/1.0" 200 1271 "-" "Mozilla/5.0 (compatible; YandexBot/3.0; +http://yandex.com/bots)"
178.154.163.30 - - [04/Jun/2012:13:31:20 +0600] "GET /index2.php?option=com_content&task=view&id=982&pop=1&page=9&Itemid=67 HTTP/1.0" 200 1718 "-" "Mozilla/5.0 (compatible; YandexBot/3.0; +http://yandex.com/bots)"
178.154.163.30 - - [04/Jun/2012:13:31:22 +0600] "GET /index2.php?option=com_content&task=view&id=989&pop=1&page=0&Itemid=129 HTTP/1.0" 200 1132 "-" "Mozilla/5.0 (compatible; YandexBot/3.0; +http://yandex.com/bots)"
178.154.163.30 - - [04/Jun/2012:13:31:24 +0600] "GET /index2.php?option=com_content&task=view&id=989&pop=1&page=0&Itemid=156 HTTP/1.0" 200 1132 "-" "Mozilla/5.0 (compatible; YandexBot/3.0; +http://yandex.com/bots)"
178.154.163.30 - - [04/Jun/2012:13:31:26 +0600] "GET /index2.php?option=com_content&task=view&id=274&pop=1&page=288&Itemid=66 HTTP/1.0" 200 1098 "-" "Mozilla/5.0 (compatible; YandexBot/3.0; +http://yandex.com/bots)"
178.154.163.30 - - [04/Jun/2012:13:31:29 +0600] "GET /content/view/258/66/ HTTP/1.0" 200 8054 "-" "Mozilla/5.0 (compatible; YandexBot/3.0; +http://yandex.com/bots)"
178.154.163.30 - - [04/Jun/2012:13:31:31 +0600] "GET /files/articles/UKnigNetKanikul.pdf HTTP/1.0" 304 - "-" "Mozilla/5.0 (compatible; YandexBot/3.0; +http://yandex.com/bots)"
