178.154.163.30 - - [31/May/2012:11:59:22 +0600] "GET /files/scen_prazd/ded_moroz.pdf HTTP/1.0" 304 - "-" "Mozilla/5.0 (compatible; YandexBot/3.0; +http://yandex.com/bots)"
178.154.163.30 - - [31/May/2012:12:00:50 +0600] "GET /content/view/541/66/ HTTP/1.0" 200 6052 "-" "Mozilla/5.0 (compatible; YandexBot/3.0; +http://yandex.com/bots)"
83.169.60.25 - - [31/May/2012:12:02:19 +0600] "GET / HTTP/1.0" 200 24203 "-" "Mozilla/5.0 (Windows; U; Windows NT 6.0; de; rv:1.9.0.6) Gecko/2009011913 Firefox/3.0.6"
83.169.60.25 - - [31/May/2012:12:02:20 +0600] "GET /20e6a4bb032fcfae5d.php HTTP/1.0" 404 299 "-" "Mozilla/5.0 (Windows; U; Windows NT 6.0; de; rv:1.9.0.6) Gecko/2009011913 Firefox/3.0.6"
178.154.163.30 - - [31/May/2012:12:02:20 +0600] "GET /index2.php?option=com_content&task=view&id=989&pop=1&page=0&Itemid=111 HTTP/1.0" 200 1132 "-" "Mozilla/5.0 (compatible; YandexBot/3.0; +http://yandex.com/bots)"
178.154.163.30 - - [31/May/2012:12:03:51 +0600] "GET /content/view/249/66/ HTTP/1.0" 200 5856 "-" "Mozilla/5.0 (compatible; YandexBot/3.0; +http://yandex.com/bots)"
178.154.163.30 - - [31/May/2012:12:05:25 +0600] "GET /content/view/940/1/ HTTP/1.0" 200 5557 "-" "Mozilla/5.0 (compatible; YandexBot/3.0; +http://yandex.com/bots)"
178.154.163.30 - - [31/May/2012:12:06:58 +0600] "GET /content/view/734/222/ HTTP/1.0" 200 4720 "-" "Mozilla/5.0 (compatible; YandexBot/3.0; +http://yandex.com/bots)"
128.72.218.234 - - [31/May/2012:12:07:20 +0600] "GET /content/category/20/51/239 HTTP/1.0" 200 16259 "http://yandex.ru/yandsearch?text=%D0%B2%D0%B0%D1%80%D1%82%D0%B0%D0%BD%D0%BE%D0%B2+%D0%B0%D1%80%D1%82%D0%B5%D0%BC+%D0%B8%D0%B2%D0%B0%D0%BD%D0%BE%D0%B2%D0%B8%D1%87&lr=213" "Mozilla/4.0 (compatible; MSIE 8.0; Windows NT 5.1; Trident/4.0; .NET CLR 1.1.4322; .NET CLR 2.0.50727; .NET CLR 3.0.4506.2152; .NET CLR 3.5.30729)"
66.249.66.77 - - [31/May/2012:12:08:09 +0600] "GET /content/view/57/53/ HTTP/1.0" 200 21379 "-" "Mozilla/5.0 (compatible; Googlebot/2.1; +http://www.google.com/bot.html)"
95.188.90.82 - - [31/May/2012:12:10:50 +0600] "GET /content/view/145/66/ HTTP/1.0" 200 7848 "http://www.google.ru/custom?&q=%D1%81%D1%86%D0%B5%D0%BD%D0%B0%D1%80%D0%B8%D0%B8%20%D0%B4%D0%BD%D1%8F%20%D0%B1%D0%B8%D0%B1%D0%BB%D0%B8%D0%BE%D0%B3%D1%80%D0%B0%D1%84%D0%B8%D0%B8&client=pub-6204558141800493&forid=1&channel=9859602781&ie=utf-8&oe=utf-8&cof=GALT%3A%23008000%3BGL%3A1%3BDIV%3A%23F4F4F4%3BVLC%3A663399%3BAH%3Acenter%3BBGC%3AFFFFFF%3BLBGC%3A336699%3BALC%3A0000FF%3BLC%3A0000FF%3BT%3A000000%3BGFNT%3A0000FF%3BGIMP%3A0000FF%3BFORID%3A11&hl=ru&num=" "Mozilla/4.0 (compatible; MSIE 6.0; Windows NT 5.1; SV1; InfoPath.1)"
178.154.163.30 - - [31/May/2012:12:12:55 +0600] "GET /index2.php?option=com_content&task=view&id=989&pop=1&page=0&Itemid=109 HTTP/1.0" 200 1132 "-" "Mozilla/5.0 (compatible; YandexBot/3.0; +http://yandex.com/bots)"
66.249.66.77 - - [31/May/2012:12:13:55 +0600] "GET /content/view/356/86/ HTTP/1.0" 200 8099 "-" "Mozilla/5.0 (compatible; Googlebot/2.1; +http://www.google.com/bot.html)"
66.249.66.77 - - [31/May/2012:12:14:18 +0600] "GET /content/view/520/ HTTP/1.0" 200 4078 "-" "Mozilla/5.0 (compatible; Googlebot/2.1; +http://www.google.com/bot.html)"
178.154.163.30 - - [31/May/2012:12:14:36 +0600] "GET /content/view/264/66/ HTTP/1.0" 200 6502 "-" "Mozilla/5.0 (compatible; YandexBot/3.0; +http://yandex.com/bots)"
66.249.66.77 - - [31/May/2012:12:16:01 +0600] "GET /cgi-bin/zgate?form+8620+test.xml+extended.xsl+rus HTTP/1.0" 200 11520 "-" "Mozilla/5.0 (compatible; Googlebot/2.1; +http://www.google.com/bot.html)"
178.154.163.30 - - [31/May/2012:12:16:18 +0600] "GET /content/view/188/66/ HTTP/1.0" 200 5845 "-" "Mozilla/5.0 (compatible; YandexBot/3.0; +http://yandex.com/bots)"
212.92.239.139 - - [31/May/2012:12:16:46 +0600] "GET /content/blogcategory/1/66/ HTTP/1.0" 200 7458 "-" "Mozilla/5.0 (Windows NT 6.1) AppleWebKit/536.5 (KHTML, like Gecko) Chrome/19.0.1084.52 Safari/536.5"
78.132.189.88 - - [31/May/2012:12:17:25 +0600] "GET /content/view/234/66/ HTTP/1.0" 200 6060 "http://yandex.ru/yandsearch?p=2&text=%D0%9F%D1%83%D1%88%D0%BA%D0%B8%D0%BD%D1%81%D0%BA%D0%B8%D0%B9+%D0%B4%D0%B5%D0%BD%D1%8C+%D0%A0%D0%BE%D1%81%D1%81%D0%B8%D0%B8+%D0%B2+%D0%B1%D0%B8%D0%B1%D0%BB%D0%B8%D0%BE%D1%82%D0%B5%D0%BA%D0%B5&clid=40316&lr=20663" "Mozilla/4.0 (compatible; MSIE 6.0; Windows NT 5.1; SV1)"
178.154.163.30 - - [31/May/2012:12:17:54 +0600] "GET /index2.php?option=com_content&task=view&id=989&pop=1&page=0&Itemid=121 HTTP/1.0" 200 1132 "-" "Mozilla/5.0 (compatible; YandexBot/3.0; +http://yandex.com/bots)"
178.154.163.30 - - [31/May/2012:12:19:33 +0600] "GET /content/view/862/222/ HTTP/1.0" 200 5138 "-" "Mozilla/5.0 (compatible; YandexBot/3.0; +http://yandex.com/bots)"
65.52.108.145 - - [31/May/2012:12:19:43 +0600] "GET /content/view/811/52/ HTTP/1.0" 200 5653 "-" "Mozilla/5.0 (compatible; bingbot/2.0; +http://www.bing.com/bingbot.htm)"
157.55.17.145 - - [31/May/2012:12:20:45 +0600] "GET /content/view/397/189/ HTTP/1.0" 200 5411 "-" "Mozilla/5.0 (compatible; bingbot/2.0; +http://www.bing.com/bingbot.htm)"
178.154.163.30 - - [31/May/2012:12:22:00 +0600] "GET /index2.php?option=com_content&task=view&id=718&pop=1&page=0&Itemid=90 HTTP/1.0" 200 1366 "-" "Mozilla/5.0 (compatible; YandexBot/3.0; +http://yandex.com/bots)"
178.154.163.30 - - [31/May/2012:12:23:43 +0600] "GET /content/view/368/52/ HTTP/1.0" 200 5849 "-" "Mozilla/5.0 (compatible; YandexBot/3.0; +http://yandex.com/bots)"
207.46.204.181 - - [31/May/2012:12:24:17 +0600] "GET /content/view/470/66/ HTTP/1.0" 200 5889 "-" "Mozilla/5.0 (compatible; bingbot/2.0; +http://www.bing.com/bingbot.htm)"
178.154.163.30 - - [31/May/2012:12:25:44 +0600] "GET /content/view/395/66/ HTTP/1.0" 200 6153 "-" "Mozilla/5.0 (compatible; YandexBot/3.0; +http://yandex.com/bots)"
94.41.150.232 - - [31/May/2012:12:26:13 +0600] "GET / HTTP/1.0" 200 6462 "-" "Mozilla/5.0 (Windows NT 5.1) AppleWebKit/536.5 (KHTML, like Gecko) Chrome/19.0.1084.52 Safari/536.5"
66.249.66.77 - - [31/May/2012:12:27:01 +0600] "GET /content/view/990/90/ HTTP/1.0" 200 4984 "-" "Mozilla/5.0 (compatible; Googlebot/2.1; +http://www.google.com/bot.html)"
66.249.66.77 - - [31/May/2012:12:27:07 +0600] "GET /content/view/990/56/ HTTP/1.0" 200 4429 "-" "Mozilla/5.0 (compatible; Googlebot/2.1; +http://www.google.com/bot.html)"
178.154.163.30 - - [31/May/2012:12:27:18 +0600] "GET /content/view/205/66/ HTTP/1.0" 200 6282 "-" "Mozilla/5.0 (compatible; YandexBot/3.0; +http://yandex.com/bots)"
89.189.145.44 - - [31/May/2012:12:28:42 +0600] "GET / HTTP/1.0" 200 6461 "-" "Mozilla/5.0 (Windows NT 5.1) AppleWebKit/536.5 (KHTML, like Gecko) Chrome/19.0.1084.52 Safari/536.5"
178.154.163.30 - - [31/May/2012:12:28:44 +0600] "GET /content/view/970/139/ HTTP/1.0" 200 11175 "-" "Mozilla/5.0 (compatible; YandexBot/3.0; +http://yandex.com/bots)"
89.189.145.44 - - [31/May/2012:12:28:47 +0600] "GET /content/blogcategory/1/66/ HTTP/1.0" 200 7458 "http://csdb.ufanet.ru/" "Mozilla/5.0 (Windows NT 5.1) AppleWebKit/536.5 (KHTML, like Gecko) Chrome/19.0.1084.52 Safari/536.5"
89.189.145.44 - - [31/May/2012:12:28:52 +0600] "GET /images/mb/img38/free_access.swf HTTP/1.0" 206 1 "http://csdb.ufanet.ru/mb38/" "Mozilla/5.0 (Windows NT 5.1) AppleWebKit/536.5 (KHTML, like Gecko) Chrome/19.0.1084.52 Safari/536.5"
89.189.145.44 - - [31/May/2012:12:28:53 +0600] "GET /images/mb/img38/free_access.swf HTTP/1.0" 206 3213043 "http://csdb.ufanet.ru/mb38/" "Mozilla/5.0 (Windows NT 5.1) AppleWebKit/536.5 (KHTML, like Gecko) Chrome/19.0.1084.52 Safari/536.5"
66.249.66.77 - - [31/May/2012:12:30:05 +0600] "GET /content/view/222/1/ HTTP/1.0" 200 7083 "-" "Mozilla/5.0 (compatible; Googlebot/2.1; +http://www.google.com/bot.html)"
178.154.163.30 - - [31/May/2012:12:30:23 +0600] "GET /content/view/378/105/ HTTP/1.0" 200 7314 "-" "Mozilla/5.0 (compatible; YandexBot/3.0; +http://yandex.com/bots)"
178.154.163.30 - - [31/May/2012:12:32:05 +0600] "GET /content/view/822/1/ HTTP/1.0" 200 5583 "-" "Mozilla/5.0 (compatible; YandexBot/3.0; +http://yandex.com/bots)"
66.249.66.77 - - [31/May/2012:12:32:09 +0600] "GET /content/view/991/5/ HTTP/1.0" 200 6140 "-" "Mozilla/5.0 (compatible; Googlebot/2.1; +http://www.google.com/bot.html)"
178.154.163.30 - - [31/May/2012:12:33:32 +0600] "GET /content/view/652/66/ HTTP/1.0" 200 6324 "-" "Mozilla/5.0 (compatible; YandexBot/3.0; +http://yandex.com/bots)"
83.174.198.48 - - [31/May/2012:12:33:54 +0600] "GET /content/view/976/1/ HTTP/1.0" 200 7455 "http://yandex.ru/yandsearch?text=%D0%BF%D0%BB%D0%B0%D0%BD+%D0%BC%D0%B5%D1%80%D0%BE%D0%BF%D1%80%D0%B8%D1%8F%D1%82%D0%B8%D0%B9+%D0%BA%D0%BE+%D0%B4%D0%BD%D1%8E+%D0%B7%D0%B0%D1%89%D0%B8%D1%82%D1%8B+%D0%B4%D0%B5%D1%82%D0%B5%D0%B9&clid=37000&lr=172" "Mozilla/5.0 (Windows NT 5.1; rv:12.0) Gecko/20100101 Firefox/12.0"
178.154.163.30 - - [31/May/2012:12:35:10 +0600] "GET /index2.php?option=com_content&task=view&id=982&pop=1&page=0&Itemid=122 HTTP/1.0" 200 1718 "-" "Mozilla/5.0 (compatible; YandexBot/3.0; +http://yandex.com/bots)"
178.154.163.30 - - [31/May/2012:12:36:41 +0600] "GET /content/view/202/66/ HTTP/1.0" 200 7330 "-" "Mozilla/5.0 (compatible; YandexBot/3.0; +http://yandex.com/bots)"
178.154.163.30 - - [31/May/2012:12:38:07 +0600] "GET /content/view/158/66 HTTP/1.0" 200 6451 "-" "Mozilla/5.0 (compatible; YandexBot/3.0; +http://yandex.com/bots)"
66.249.66.77 - - [31/May/2012:12:39:14 +0600] "GET /content/view/530/105/ HTTP/1.0" 200 5144 "-" "Mozilla/5.0 (compatible; Googlebot/2.1; +http://www.google.com/bot.html)"
178.154.163.30 - - [31/May/2012:12:39:33 +0600] "GET /content/view/689/66/ HTTP/1.0" 200 6049 "-" "Mozilla/5.0 (compatible; YandexBot/3.0; +http://yandex.com/bots)"
178.154.163.30 - - [31/May/2012:12:41:17 +0600] "GET /content/view/694/66 HTTP/1.0" 200 6826 "-" "Mozilla/5.0 (compatible; YandexBot/3.0; +http://yandex.com/bots)"
95.108.129.207 - - [31/May/2012:12:41:35 +0600] "GET / HTTP/1.0" 200 24243 "-" "Mozilla/5.0 (compatible; YandexMetrika/2.0; +http://yandex.com/bots)"
66.249.66.77 - - [31/May/2012:12:42:40 +0600] "GET /content/view/793/235/ HTTP/1.0" 200 4202 "-" "Mozilla/5.0 (compatible; Googlebot/2.1; +http://www.google.com/bot.html)"
178.154.163.30 - - [31/May/2012:12:42:48 +0600] "GET /content/view/272/66/ HTTP/1.0" 200 5924 "-" "Mozilla/5.0 (compatible; YandexBot/3.0; +http://yandex.com/bots)"
178.154.163.30 - - [31/May/2012:12:44:23 +0600] "GET /index2.php?option=com_content&task=view&id=989&pop=1&page=0&Itemid=142 HTTP/1.0" 200 1132 "-" "Mozilla/5.0 (compatible; YandexBot/3.0; +http://yandex.com/bots)"
178.65.73.204 - - [31/May/2012:12:46:16 +0600] "GET /files/articles/%D0%9F%D1%80%D0%BE%D0%B5%D0%BA%D1%82%D0%BD%D0%BE%D0%B5%20%D1%80%D0%B0%D0%B7%D0%B2%D0%B8%D1%82%D0%B8%D0%B5%20%D0%B1%D0%B8%D0%B1%D0%BB%D0%B8%D0%BE%D1%82%D0%B5%D0%BA%20%D0%90%D0%92%D0%93%D0%A3%D0%A1%D0%A2%D0%9E%D0%92%D0%A1%D0%9A%D0%9E%D0%95%20%D0%A1%D0%9E%D0%92%D0%95%D0%A9%D0%90%D0%9D%D0%98%D0%95.pdf HTTP/1.0" 200 119967 "http://yandex.ru/yandsearch?p=5&text=%D0%B3%D0%BE%D1%82%D0%BE%D0%B2%D0%B0%D1%8F+%D1%81%D0%BC%D0%B5%D1%82%D0%B0+%D1%80%D0%B0%D1%81%D1%85%D0%BE%D0%B4%D0%BE%D0%B2+%D0%BD%D0%B0+%D0%BC%D0%B5%D1%80%D0%BE%D0%BF%D1%80%D0%B8%D1%8F%D1%82%D0%B8%D0%B5+%D0%B2+%D0%B1%D0%B8%D0%B1%D0%BB%D0%B8%D0%BE%D1%82%D0%B5%D0%BA%D0%B5&lr=10945" "Mozilla/4.0 (compatible; MSIE 7.0; Windows NT 6.0; GTB7.3; SLCC1; .NET CLR 2.0.50727; Media Center PC 5.0; eSobiSubscriber 2.0.4.16; .NET CLR 3.5.30729; .NET CLR 3.0.30618; .NET4.0C)"
77.79.136.133 - - [31/May/2012:12:46:53 +0600] "GET /content/view/976/1/ HTTP/1.0" 200 7432 "http://yandex.ru/yandsearch?text=%D0%BC%D0%B5%D1%80%D0%BE%D0%BF%D1%80%D0%B8%D1%8F%D1%82%D0%B8%D1%8F+%D0%B2+%D0%B4%D0%B5%D0%BD%D1%8C+%D0%B7%D0%B0%D1%89%D0%B8%D1%82%D1%8B+%D0%B4%D0%B5%D1%82%D0%B5%D0%B9&lr=172&rstr=-172" "Mozilla/5.0 (Windows NT 6.1; WOW64) AppleWebKit/536.5 (KHTML, like Gecko) Chrome/19.0.1084.52 Safari/536.5"
178.154.163.30 - - [31/May/2012:12:48:37 +0600] "GET /content/view/184/66/ HTTP/1.0" 200 6302 "-" "Mozilla/5.0 (compatible; YandexBot/3.0; +http://yandex.com/bots)"
66.249.66.77 - - [31/May/2012:12:49:10 +0600] "GET /content/view/991/56/ HTTP/1.0" 200 4076 "-" "Mozilla/5.0 (compatible; Googlebot/2.1; +http://www.google.com/bot.html)"
176.51.195.24 - - [31/May/2012:12:49:30 +0600] "GET / HTTP/1.0" 200 6461 "http://www.library.ru/3/biblionet/?rub=4" "Mozilla/4.0 (compatible; MSIE 8.0; Windows NT 5.1; Trident/4.0; GTB7.3; AskTbAVR-W1/5.11.3.15924; .NET CLR 2.0.50727; .NET CLR 3.0.4506.2152; .NET CLR 3.5.30729)"
176.51.195.24 - - [31/May/2012:12:49:31 +0600] "GET /images/cgdb.swf HTTP/1.0" 200 19792297 "http://csdb.ufanet.ru/" "Mozilla/4.0 (compatible; MSIE 8.0; Windows NT 5.1; Trident/4.0; GTB7.3; AskTbAVR-W1/5.11.3.15924; .NET CLR 2.0.50727; .NET CLR 3.0.4506.2152; .NET CLR 3.5.30729)"
176.51.195.24 - - [31/May/2012:12:49:40 +0600] "GET /content/category/5/18/47/ HTTP/1.0" 200 5573 "http://csdb.ufanet.ru/" "Mozilla/4.0 (compatible; MSIE 8.0; Windows NT 5.1; Trident/4.0; GTB7.3; AskTbAVR-W1/5.11.3.15924; .NET CLR 2.0.50727; .NET CLR 3.0.4506.2152; .NET CLR 3.5.30729)"
176.51.195.24 - - [31/May/2012:12:49:46 +0600] "GET /content/view/52/47/ HTTP/1.0" 200 6625 "http://csdb.ufanet.ru/content/category/5/18/47/" "Mozilla/4.0 (compatible; MSIE 8.0; Windows NT 5.1; Trident/4.0; GTB7.3; AskTbAVR-W1/5.11.3.15924; .NET CLR 2.0.50727; .NET CLR 3.0.4506.2152; .NET CLR 3.5.30729)"
178.154.163.30 - - [31/May/2012:12:50:06 +0600] "GET /index2.php?option=com_content&task=view&id=974&pop=1&page=10&Itemid=66 HTTP/1.0" 200 1185 "-" "Mozilla/5.0 (compatible; YandexBot/3.0; +http://yandex.com/bots)"
176.51.195.24 - - [31/May/2012:12:50:06 +0600] "GET /files/ucazatel/zoshenk.pdf HTTP/1.0" 200 122107 "http://csdb.ufanet.ru/content/view/52/47/" "Mozilla/4.0 (compatible; MSIE 8.0; Windows NT 5.1; Trident/4.0; GTB7.3; AskTbAVR-W1/5.11.3.15924; .NET CLR 2.0.50727; .NET CLR 3.0.4506.2152; .NET CLR 3.5.30729)"
176.51.195.24 - - [31/May/2012:12:50:14 +0600] "GET /files/ucazatel/zoshenk.pdf HTTP/1.0" 206 443 "-" "Mozilla/4.0 (compatible; MSIE 8.0; Windows NT 5.1; Trident/4.0; GTB7.3; AskTbAVR-W1/5.11.3.15924; .NET CLR 2.0.50727; .NET CLR 3.0.4506.2152; .NET CLR 3.5.30729)"
176.51.195.24 - - [31/May/2012:12:50:14 +0600] "GET /files/ucazatel/zoshenk.pdf HTTP/1.0" 206 1024 "-" "Mozilla/4.0 (compatible; MSIE 8.0; Windows NT 5.1; Trident/4.0; GTB7.3; AskTbAVR-W1/5.11.3.15924; .NET CLR 2.0.50727; .NET CLR 3.0.4506.2152; .NET CLR 3.5.30729)"
176.51.195.24 - - [31/May/2012:12:50:16 +0600] "GET /files/ucazatel/zoshenk.pdf HTTP/1.0" 206 51453 "-" "Mozilla/4.0 (compatible; MSIE 8.0; Windows NT 5.1; Trident/4.0; GTB7.3; AskTbAVR-W1/5.11.3.15924; .NET CLR 2.0.50727; .NET CLR 3.0.4506.2152; .NET CLR 3.5.30729)"
178.154.163.30 - - [31/May/2012:12:51:36 +0600] "GET /content/section/6/53/ HTTP/1.0" 200 5276 "-" "Mozilla/5.0 (compatible; YandexBot/3.0; +http://yandex.com/bots)"
136.169.132.186 - - [31/May/2012:12:52:00 +0600] "GET / HTTP/1.0" 200 6486 "http://yandex.ru/yandsearch?text=%D0%B4%D0%B5%D1%82%D1%81%D0%BA%D0%B0%D1%8F+%D0%B1%D0%B8%D0%B1%D0%BB%D0%B8%D0%BE%D1%82%D0%B5%D0%BA%D0%B0+%D1%83%D1%84%D1%8B&lr=172" "Mozilla/5.0 (Windows; U; Windows NT 5.1; en-US) AppleWebKit/534.13 (KHTML, like Gecko) Chrome/9.0.597.98 Safari/534.13"
136.169.132.186 - - [31/May/2012:12:52:01 +0600] "GET /images/cgdb.swf HTTP/1.0" 200 19792297 "http://csdb.ufanet.ru/" "Mozilla/5.0 (Windows; U; Windows NT 5.1; en-US) AppleWebKit/534.13 (KHTML, like Gecko) Chrome/9.0.597.98 Safari/534.13"
136.169.132.186 - - [31/May/2012:12:52:52 +0600] "GET /content/view/881/66 HTTP/1.0" 200 5858 "http://yandex.ru/yandsearch?text=%D1%8D%D0%BC%D0%B1%D0%BB%D0%B5%D0%BC%D0%B0+%D0%B4%D0%B5%D1%82%D1%81%D0%BA%D0%B0%D1%8F+%D0%B1%D0%B8%D0%B1%D0%BB%D0%B8%D0%BE%D1%82%D0%B5%D0%BA%D0%B0+%D1%83%D1%84%D1%8B+2012&lr=172" "Mozilla/5.0 (Windows; U; Windows NT 5.1; en-US) AppleWebKit/534.13 (KHTML, like Gecko) Chrome/9.0.597.98 Safari/534.13"
178.154.163.30 - - [31/May/2012:12:53:03 +0600] "GET /content/view/982/160/ HTTP/1.0" 200 6179 "-" "Mozilla/5.0 (compatible; YandexBot/3.0; +http://yandex.com/bots)"
136.169.132.186 - - [31/May/2012:12:53:24 +0600] "GET /content/view/882/66/ HTTP/1.0" 200 6049 "http://csdb.ufanet.ru/content/view/881/66" "Mozilla/5.0 (Windows; U; Windows NT 5.1; en-US) AppleWebKit/534.13 (KHTML, like Gecko) Chrome/9.0.597.98 Safari/534.13"
136.169.132.186 - - [31/May/2012:12:53:40 +0600] "GET /content/view/883/66/ HTTP/1.0" 200 6075 "http://csdb.ufanet.ru/content/view/882/66/" "Mozilla/5.0 (Windows; U; Windows NT 5.1; en-US) AppleWebKit/534.13 (KHTML, like Gecko) Chrome/9.0.597.98 Safari/534.13"
66.249.66.77 - - [31/May/2012:12:53:44 +0600] "GET /content/view/558/141/ HTTP/1.0" 200 5144 "-" "Mozilla/5.0 (compatible; Googlebot/2.1; +http://www.google.com/bot.html)"
136.169.132.186 - - [31/May/2012:12:53:58 +0600] "GET /content/view/894/66/ HTTP/1.0" 200 5919 "http://csdb.ufanet.ru/content/view/883/66/" "Mozilla/5.0 (Windows; U; Windows NT 5.1; en-US) AppleWebKit/534.13 (KHTML, like Gecko) Chrome/9.0.597.98 Safari/534.13"
136.169.132.186 - - [31/May/2012:12:54:14 +0600] "GET /content/view/895/66/ HTTP/1.0" 200 6047 "http://csdb.ufanet.ru/content/view/894/66/" "Mozilla/5.0 (Windows; U; Windows NT 5.1; en-US) AppleWebKit/534.13 (KHTML, like Gecko) Chrome/9.0.597.98 Safari/534.13"
178.129.202.61 - - [31/May/2012:12:54:20 +0600] "GET /content/view/284/ HTTP/1.0" 200 6116 "http://yandex.ru/yandsearch?p=12&text=%D0%9F%D1%80%D0%BE%D0%B5%D0%BA%D1%82%D1%8B%20%D0%BE%D0%B1%D1%89%D0%B5%D0%B4%D0%BE%D1%81%D1%82%D1%83%D0%BF%D0%BD%D1%8B%D1%85%20%D0%B1%D0%B8%D0%B1%D0%BB%D0%B8%D0%BE%D1%82%D0%B5%D0%BA%20%D1%81%D0%BE%D0%B4%D0%B5%D0%B9%D1%81%D1%82%D0%B2%D1%83%D1%8E%D1%89%D0%B8%D1%85%20%D0%BF%D1%80%D0%BE%D0%B4%D0%B2%D0%B8%D0%B6%D0%B5%D0%BD%D0%B8%D1%8E%20%D1%87%D1%82%D0%B5%D0%BD%D0%B8%D1%8F%20%D0%B8%20%D1%81%D1%82%D0%B0%D1%82%D1%83%D1%81%D0%B0%20%D0%B1%D0%B8%D0%B1%D0%BB%D0%B8%D0%BE%D1%82%D0%B5%D0%BA.&clid=1570630&lr=11116" "Opera/9.80 (Windows NT 5.1; U; Edition Yx 01; ru) Presto/2.10.229 Version/11.64"
66.249.66.77 - - [31/May/2012:12:57:42 +0600] "GET /content/view/731/5/ HTTP/1.0" 200 6021 "-" "Mozilla/5.0 (compatible; Googlebot/2.1; +http://www.google.com/bot.html)"
66.249.66.77 - - [31/May/2012:12:58:52 +0600] "GET /content/view/717/5/ HTTP/1.0" 200 6169 "-" "Mozilla/5.0 (compatible; Googlebot/2.1; +http://www.google.com/bot.html)"
178.154.163.30 - - [31/May/2012:12:59:45 +0600] "GET /content/view/742/222/ HTTP/1.0" 200 5999 "-" "Mozilla/5.0 (compatible; YandexBot/3.0; +http://yandex.com/bots)"
109.126.216.159 - - [31/May/2012:13:00:49 +0600] "GET /content/view/563/53/ HTTP/1.0" 200 7284 "http://www.google.ru/url?sa=t&rct=j&q=%D1%83%D0%B2%D0%BB%D0%B5%D0%BA%D0%B0%D1%82%D0%B5%D0%BB%D1%8C%D0%BD%D1%8B%D0%B9%20%D1%80%D0%B0%D1%81%D1%81%D0%BA%D0%B0%D0%B7%20%D0%BF%D1%80%D0%BE%20%D0%BC%D0%BB%D0%B0%D0%B4%D1%88%D1%83%D1%8E%20%D1%81%D0%B5%D1%81%D1%82%D1%80%D1%83&source=web&cd=4&ved=0CFkQFjAD&url=http%3A%2F%2Fcsdb.ufanet.ru%2Fcontent%2Fview%2F563%2F53%2F&ei=yhbHT4rzNa3c4QTElrnyDg&usg=AFQjCNHM6iCoArb5ZjiuwNE2CjkxXrLqaQ&cad=rjt" "Mozilla/5.0 (Windows NT 5.1) AppleWebKit/536.5 (KHTML, like Gecko) Chrome/19.0.1084.52 Safari/536.5"
178.154.163.30 - - [31/May/2012:13:01:17 +0600] "GET /index2.php?option=com_content&task=view&id=982&pop=1&page=0&Itemid=183 HTTP/1.0" 200 1718 "-" "Mozilla/5.0 (compatible; YandexBot/3.0; +http://yandex.com/bots)"
95.25.94.230 - - [31/May/2012:13:01:35 +0600] "GET /content/view/204/47/ HTTP/1.0" 200 10218 "-" "Opera/9.80 (Macintosh; Intel Mac OS X 10.6.8; U; Edition MacAppStore; ru) Presto/2.9.168 Version/11.52"
66.249.71.59 - - [31/May/2012:13:02:17 +0600] "GET /content/view/748/5/ HTTP/1.0" 200 6114 "-" "Mozilla/5.0 (compatible; Googlebot/2.1; +http://www.google.com/bot.html)"
66.249.71.59 - - [31/May/2012:13:02:28 +0600] "GET /content/view/991/90/ HTTP/1.0" 200 4634 "-" "Mozilla/5.0 (compatible; Googlebot/2.1; +http://www.google.com/bot.html)"
178.154.163.30 - - [31/May/2012:13:02:43 +0600] "GET /content/view/522/192/ HTTP/1.0" 200 6957 "-" "Mozilla/5.0 (compatible; YandexBot/3.0; +http://yandex.com/bots)"
178.154.163.30 - - [31/May/2012:13:04:11 +0600] "GET /index2.php?option=com_content&task=view&id=989&pop=1&page=0&Itemid=110 HTTP/1.0" 200 1132 "-" "Mozilla/5.0 (compatible; YandexBot/3.0; +http://yandex.com/bots)"
89.189.145.44 - - [31/May/2012:13:05:08 +0600] "GET /images/mb/img38/free_access.swf HTTP/1.0" 206 1 "http://csdb.ufanet.ru/mb38/" "Mozilla/5.0 (Windows NT 5.1) AppleWebKit/536.5 (KHTML, like Gecko) Chrome/19.0.1084.52 Safari/536.5"
89.189.145.44 - - [31/May/2012:13:05:09 +0600] "GET /images/mb/img38/free_access.swf HTTP/1.0" 206 3213043 "http://csdb.ufanet.ru/mb38/" "Mozilla/5.0 (Windows NT 5.1) AppleWebKit/536.5 (KHTML, like Gecko) Chrome/19.0.1084.52 Safari/536.5"
89.189.145.44 - - [31/May/2012:13:05:11 +0600] "GET /content/blogcategory/1/66/ HTTP/1.0" 200 7455 "http://csdb.ufanet.ru/" "Mozilla/5.0 (Windows NT 5.1) AppleWebKit/536.5 (KHTML, like Gecko) Chrome/19.0.1084.52 Safari/536.5"
178.154.163.30 - - [31/May/2012:13:05:48 +0600] "GET /content/view/713/66/ HTTP/1.0" 200 6468 "-" "Mozilla/5.0 (compatible; YandexBot/3.0; +http://yandex.com/bots)"
178.154.163.30 - - [31/May/2012:13:06:47 +0600] "GET /content/view/563/53/ HTTP/1.0" 200 7281 "-" "Mozilla/5.0 (compatible; YandexBot/3.0; +http://yandex.com/bots)"
178.154.163.30 - - [31/May/2012:13:08:12 +0600] "GET /index2.php?option=com_content&task=view&id=982&pop=1&page=0&Itemid=235 HTTP/1.0" 200 1718 "-" "Mozilla/5.0 (compatible; YandexBot/3.0; +http://yandex.com/bots)"
157.55.17.103 - - [31/May/2012:13:08:45 +0600] "GET /content/blogcategory/1/66/5/40/ HTTP/1.0" 200 7935 "-" "Mozilla/5.0 (compatible; bingbot/2.0; +http://www.bing.com/bingbot.htm)"
178.154.163.30 - - [31/May/2012:13:09:41 +0600] "GET /content/view/923/222/ HTTP/1.0" 200 5290 "-" "Mozilla/5.0 (compatible; YandexBot/3.0; +http://yandex.com/bots)"
178.154.163.30 - - [31/May/2012:13:11:07 +0600] "GET /content/view/765/210 HTTP/1.0" 200 4160 "-" "Mozilla/5.0 (compatible; YandexBot/3.0; +http://yandex.com/bots)"
66.249.66.77 - - [31/May/2012:13:11:25 +0600] "GET /content/view/695/124/ HTTP/1.0" 200 5152 "-" "Mozilla/5.0 (compatible; Googlebot/2.1; +http://www.google.com/bot.html)"
136.169.212.63 - - [31/May/2012:13:11:51 +0600] "GET /mb38 HTTP/1.0" 301 314 "http://maps.2gis.ru/" "Mozilla/5.0 (Windows NT 6.1) AppleWebKit/535.2 (KHTML, like Gecko) Chrome/15.0.874.106 Safari/535.2 MRCHROME"
136.169.212.63 - - [31/May/2012:13:11:51 +0600] "GET /mb38/ HTTP/1.0" 200 14902 "http://maps.2gis.ru/" "Mozilla/5.0 (Windows NT 6.1) AppleWebKit/535.2 (KHTML, like Gecko) Chrome/15.0.874.106 Safari/535.2 MRCHROME"
136.169.212.63 - - [31/May/2012:13:11:53 +0600] "GET /images/mb/img38/free_access.swf HTTP/1.0" 200 7947129 "http://csdb.ufanet.ru/mb38/" "Mozilla/5.0 (Windows NT 6.1) AppleWebKit/535.2 (KHTML, like Gecko) Chrome/15.0.874.106 Safari/535.2 MRCHROME"
178.154.163.30 - - [31/May/2012:13:12:42 +0600] "GET /content/view/64/55/ HTTP/1.0" 200 6107 "-" "Mozilla/5.0 (compatible; YandexBot/3.0; +http://yandex.com/bots)"
178.154.163.30 - - [31/May/2012:13:13:17 +0600] "GET / HTTP/1.0" 200 6490 "-" "Mozilla/5.0 (compatible; YandexDirect/3.0; +http://yandex.com/bots)"
178.154.163.30 - - [31/May/2012:13:14:50 +0600] "GET /content/view/199/66 HTTP/1.0" 200 6508 "-" "Mozilla/5.0 (compatible; YandexBot/3.0; +http://yandex.com/bots)"
37.112.20.156 - - [31/May/2012:13:15:40 +0600] "GET / HTTP/1.0" 200 6439 "-" "NCSA Mosaic/3.0 (Windows 95)"
37.112.20.156 - - [31/May/2012:13:15:40 +0600] "GET /content/view/276/ HTTP/1.0" 200 30130 "-" "Mozilla/5.0 (X11; U; Linux i686; it; rv:1.9.0.5) Gecko/2008122011 Iceweasel/3.0.5 (Debian-3.0.5-1)"
178.154.163.30 - - [31/May/2012:13:16:19 +0600] "GET /content/view/132/66/ HTTP/1.0" 200 7460 "-" "Mozilla/5.0 (compatible; YandexBot/3.0; +http://yandex.com/bots)"
77.87.100.31 - - [31/May/2012:13:17:32 +0600] "GET /content/view/322/162 HTTP/1.0" 200 7334 "http://yandex.ru/yandsearch?p=7&clid=46511&text=%D0%9E%D1%84%D0%BE%D1%80%D0%BC%D0%BB%D0%B5%D0%BD%D0%B8%D0%B5+%D1%81%D0%B8%D1%81%D1%82%D0%B5%D0%BC%D0%B0%D1%82%D0%B8%D1%87%D0%B5%D1%81%D0%BA%D0%BE%D0%B9+%D0%BA%D0%B0%D1%80%D1%82%D0%BE%D1%82%D0%B5%D0%BA%D0%B8+%D1%81%D1%82%D0%B0%D1%82%D0%B5%D0%B9+%D0%B2+%D0%B1%D0%B8%D0%B1%D0%BB%D0%B8%D0%BE%D1%82%D0%B5%D0%BA%D0%B5&lr=1092" "Mozilla/5.0 (Windows NT 5.1; rv:12.0) Gecko/20100101 Firefox/12.0"
178.154.163.30 - - [31/May/2012:13:17:49 +0600] "GET /index2.php?option=com_content&task=view&id=988&pop=1&page=5&Itemid=66 HTTP/1.0" 200 1664 "-" "Mozilla/5.0 (compatible; YandexBot/3.0; +http://yandex.com/bots)"
66.249.66.77 - - [31/May/2012:13:18:07 +0600] "GET /content/view/535/201/ HTTP/1.0" 200 5143 "-" "Mozilla/5.0 (compatible; Googlebot/2.1; +http://www.google.com/bot.html)"
178.154.163.30 - - [31/May/2012:13:20:02 +0600] "GET /content/view/741/66/ HTTP/1.0" 200 6127 "-" "Mozilla/5.0 (compatible; YandexBot/3.0; +http://yandex.com/bots)"
178.154.163.30 - - [31/May/2012:13:21:28 +0600] "GET /component/option,com_frontpage/Itemid,1 HTTP/1.0" 200 6462 "-" "Mozilla/5.0 (compatible; YandexBot/3.0; +http://yandex.com/bots)"
80.234.37.141 - - [31/May/2012:13:21:54 +0600] "GET /content/view/282/ HTTP/1.0" 200 30995 "http://yandex.ru/yandsearch?text=%D0%B1%D0%B8%D0%B1%D0%BB%D0%B8%D0%BE%D0%B8%D0%B3%D1%80%D1%83%D1%88%D0%BA%D0%B8&lr=11141" "Opera/9.80 (Windows NT 5.1; U; ru) Presto/2.10.229 Version/11.64"
178.154.163.30 - - [31/May/2012:13:22:55 +0600] "GET /content/view/153/66 HTTP/1.0" 200 7295 "-" "Mozilla/5.0 (compatible; YandexBot/3.0; +http://yandex.com/bots)"
178.154.163.30 - - [31/May/2012:13:24:22 +0600] "GET /content/view/507/210/ HTTP/1.0" 200 5269 "-" "Mozilla/5.0 (compatible; YandexBot/3.0; +http://yandex.com/bots)"
178.154.163.30 - - [31/May/2012:13:24:42 +0600] "GET /content/view/322/162 HTTP/1.0" 200 7333 "-" "Mozilla/5.0 (compatible; YandexBot/3.0; +http://yandex.com/bots)"
178.154.163.30 - - [31/May/2012:13:26:12 +0600] "GET /index2.php?option=com_content&task=view&id=989&pop=1&page=0&Itemid=150 HTTP/1.0" 200 1132 "-" "Mozilla/5.0 (compatible; YandexBot/3.0; +http://yandex.com/bots)"
90.189.21.163 - - [31/May/2012:13:27:08 +0600] "GET /content/view/128/47 HTTP/1.0" 200 12578 "http://yandex.ru/yandsearch?text=%D0%BC%D1%83%D0%B7%D0%B5%D0%B9+%D0%BF%D1%80%D0%B8+%D0%B1%D0%B8%D0%B1%D0%BB%D0%B8%D0%BE%D1%82%D0%B5%D0%BA%D0%B8&clid=1860804&lr=68" "Mozilla/5.0 (Windows NT 5.1; rv:12.0) Gecko/20100101 Firefox/12.0"
66.249.66.77 - - [31/May/2012:13:27:09 +0600] "GET /content/view/992/5/ HTTP/1.0" 200 5960 "-" "Mozilla/5.0 (compatible; Googlebot/2.1; +http://www.google.com/bot.html)"
90.189.21.163 - - [31/May/2012:13:27:31 +0600] "GET /content/view/14/47/ HTTP/1.0" 200 6388 "http://csdb.ufanet.ru/content/view/128/47" "Mozilla/5.0 (Windows NT 5.1; rv:12.0) Gecko/20100101 Firefox/12.0"
90.189.21.163 - - [31/May/2012:13:27:41 +0600] "GET /content/category/12/40/86/ HTTP/1.0" 200 5680 "http://csdb.ufanet.ru/content/view/14/47/" "Mozilla/5.0 (Windows NT 5.1; rv:12.0) Gecko/20100101 Firefox/12.0"
178.154.163.30 - - [31/May/2012:13:27:44 +0600] "GET /content/view/898/66/ HTTP/1.0" 200 5774 "-" "Mozilla/5.0 (compatible; YandexBot/3.0; +http://yandex.com/bots)"
90.189.21.163 - - [31/May/2012:13:28:00 +0600] "GET /content/view/357/86/ HTTP/1.0" 200 6848 "http://csdb.ufanet.ru/content/category/12/40/86/" "Mozilla/5.0 (Windows NT 5.1; rv:12.0) Gecko/20100101 Firefox/12.0"
66.249.66.77 - - [31/May/2012:13:28:00 +0600] "GET /content/view/992/56/ HTTP/1.0" 200 3891 "-" "Mozilla/5.0 (compatible; Googlebot/2.1; +http://www.google.com/bot.html)"
90.189.21.163 - - [31/May/2012:13:28:14 +0600] "GET /content/category/12/40/86/ HTTP/1.0" 200 5681 "http://csdb.ufanet.ru/content/view/14/47/" "Mozilla/5.0 (Windows NT 5.1; rv:12.0) Gecko/20100101 Firefox/12.0"
90.189.21.163 - - [31/May/2012:13:28:18 +0600] "GET /content/view/356/86/ HTTP/1.0" 200 8101 "http://csdb.ufanet.ru/content/category/12/40/86/" "Mozilla/5.0 (Windows NT 5.1; rv:12.0) Gecko/20100101 Firefox/12.0"
178.129.107.254 - - [31/May/2012:13:28:27 +0600] "GET /content/view/53/47 HTTP/1.0" 200 7377 "http://yandex.ru/yandsearch?text=%D1%81%D1%86%D0%B5%D0%BD%D0%B0%D1%80%D0%B8%D0%B8+%D0%B4%D0%BB%D1%8F+%D0%BE%D1%82%D0%BA%D1%80%D1%8B%D1%82%D0%B8%D1%8F+%D0%BC%D0%BE%D0%B4%D0%B5%D0%BB%D1%8C%D0%BD%D1%8B%D1%85+%D0%B1%D0%B8%D0%B1%D0%BB%D0%B8%D0%BE%D1%82%D0%B5%D0%BA&lr=172" "Opera/9.80 (Windows NT 5.1; U; MRA 5.9 (build 4953); ru) Presto/2.10.229 Version/11.64"
90.189.21.163 - - [31/May/2012:13:28:36 +0600] "GET /content/category/12/40/86/ HTTP/1.0" 200 5684 "http://csdb.ufanet.ru/content/view/14/47/" "Mozilla/5.0 (Windows NT 5.1; rv:12.0) Gecko/20100101 Firefox/12.0"
90.189.21.163 - - [31/May/2012:13:28:51 +0600] "GET /content/category/14/42/183/ HTTP/1.0" 200 5793 "http://csdb.ufanet.ru/content/category/12/40/86/" "Mozilla/5.0 (Windows NT 5.1; rv:12.0) Gecko/20100101 Firefox/12.0"
178.154.163.30 - - [31/May/2012:13:29:13 +0600] "GET /index2.php?option=com_content&task=view&id=767&pop=1&page=99&Itemid=66 HTTP/1.0" 200 1183 "-" "Mozilla/5.0 (compatible; YandexBot/3.0; +http://yandex.com/bots)"
94.41.36.236 - - [31/May/2012:13:29:29 +0600] "GET / HTTP/1.0" 200 6485 "-" "Mozilla/5.0 (Windows NT 6.1) AppleWebKit/536.5 (KHTML, like Gecko) Chrome/19.0.1084.52 Safari/536.5"
94.41.36.236 - - [31/May/2012:13:29:32 +0600] "GET /content/blogcategory/1/66/ HTTP/1.0" 200 7459 "http://csdb.ufanet.ru/" "Mozilla/5.0 (Windows NT 6.1) AppleWebKit/536.5 (KHTML, like Gecko) Chrome/19.0.1084.52 Safari/536.5"
95.108.129.207 - - [31/May/2012:13:29:36 +0600] "GET / HTTP/1.0" 200 24239 "-" "Mozilla/5.0 (compatible; YandexMetrika/2.0; +http://yandex.com/bots)"
94.41.36.236 - - [31/May/2012:13:30:20 +0600] "GET /content/view/996/66/ HTTP/1.0" 200 7006 "http://csdb.ufanet.ru/content/blogcategory/1/66/" "Mozilla/5.0 (Windows NT 6.1) AppleWebKit/536.5 (KHTML, like Gecko) Chrome/19.0.1084.52 Safari/536.5"
178.154.163.30 - - [31/May/2012:13:30:48 +0600] "GET /content/view/134/66/ HTTP/1.0" 200 5919 "-" "Mozilla/5.0 (compatible; YandexBot/3.0; +http://yandex.com/bots)"
88.204.234.142 - - [31/May/2012:13:31:25 +0600] "GET /content/view/113/66/ HTTP/1.0" 200 6747 "http://www.google.ru/url?sa=t&rct=j&q=%D0%BB%D0%B5%D1%82%D0%BE%20%D0%BA%D0%BD%D0%B8%D0%B3%D0%B0%20%D0%B8%20%D1%8F%20%D0%B4%D1%80%D1%83%D0%B7%D1%8C%D1%8F&source=web&cd=1&ved=0CFIQFjAA&url=http%3A%2F%2Fcsdb.ufanet.ru%2Fcontent%2Fview%2F113%2F66%2F&ei=-h3HT6izGsSVOrW3qeQO&usg=AFQjCNF2vz9Oy86EwXo79Sn2K-SCMWO8MQ&cad=rjt" "Opera/9.80 (Windows NT 5.1; U; ru) Presto/2.6.35 Version/10.70"
88.204.234.142 - - [31/May/2012:13:31:35 +0600] "GET /content/view/99/66/ HTTP/1.0" 200 6078 "http://csdb.ufanet.ru/content/view/113/66/" "Opera/9.80 (Windows NT 5.1; U; ru) Presto/2.6.35 Version/10.70"
66.249.66.77 - - [31/May/2012:13:31:38 +0600] "GET /content/view/730/ HTTP/1.0" 200 5735 "-" "Mozilla/5.0 (compatible; Googlebot/2.1; +http://www.google.com/bot.html)"
94.41.36.236 - - [31/May/2012:13:32:08 +0600] "GET /content/view/397/189/ HTTP/1.0" 200 5411 "http://csdb.ufanet.ru/content/view/996/66/" "Mozilla/5.0 (Windows NT 6.1) AppleWebKit/536.5 (KHTML, like Gecko) Chrome/19.0.1084.52 Safari/536.5"
94.41.36.236 - - [31/May/2012:13:32:08 +0600] "GET /mambots/content/jw_allvideos/players/mediaplayer_4.0.46.swf HTTP/1.0" 304 - "http://csdb.ufanet.ru/content/view/397/189/" "Mozilla/5.0 (Windows NT 6.1) AppleWebKit/536.5 (KHTML, like Gecko) Chrome/19.0.1084.52 Safari/536.5"
94.41.36.236 - - [31/May/2012:13:32:09 +0600] "GET /images/stories/videos/main1.flv HTTP/1.0" 304 - "http://csdb.ufanet.ru/mambots/content/jw_allvideos/players/mediaplayer_4.0.46.swf" "Mozilla/5.0 (Windows NT 6.1) AppleWebKit/536.5 (KHTML, like Gecko) Chrome/19.0.1084.52 Safari/536.5"
94.41.36.236 - - [31/May/2012:13:32:12 +0600] "GET /content/blogcategory/46/222/ HTTP/1.0" 200 6878 "http://csdb.ufanet.ru/content/view/397/189/" "Mozilla/5.0 (Windows NT 6.1) AppleWebKit/536.5 (KHTML, like Gecko) Chrome/19.0.1084.52 Safari/536.5"
171.25.202.47 - - [31/May/2012:13:32:34 +0600] "GET /files/ucazatel/gogol.pdf HTTP/1.0" 200 661633 "http://yandex.ru/yandsearch?text=%D0%9D%D0%B8%D0%BA%D0%BE%D0%BB%D0%B0%D0%B9.%D0%92.%D0%93.%D0%A0%D0%B5%D0%B2%D0%B8%D0%B7%D0%BE%D1%80&msp=1&clid=139094&noreask=1&lr=20078" "Opera/9.80 (Windows NT 6.1; U; MRA 5.10 (build 5310); ru) Presto/2.10.229 Version/11.64"
95.105.13.31 - - [31/May/2012:13:32:34 +0600] "GET /content/view/976/1/ HTTP/1.0" 200 7452 "http://yandex.ru/yandsearch?text=%D0%BC%D0%B5%D1%80%D0%BE%D0%BF%D1%80%D0%B8%D1%8F%D1%82%D0%B8%D1%8F+%D0%BF%D0%BE%D1%81%D0%B2%D1%8F%D1%89%D0%B5%D0%BD%D0%BD%D1%8B%D0%B5++1+%D0%B8%D1%8E%D0%BD%D1%8F+2012+%D0%B4%D0%BB%D1%8F+%D0%B4%D0%B5%D1%82%D0%B5%D0%B9&lr=172&rstr=-172" "Mozilla/5.0 (Windows NT 5.1) AppleWebKit/536.5 (KHTML, like Gecko) Chrome/19.0.1084.52 Safari/536.5"
65.52.111.206 - - [31/May/2012:13:33:10 +0600] "GET /content/view/57/53/ HTTP/1.0" 200 21382 "-" "Mozilla/4.0 (compatible; MSIE 7.0; Windows NT 5.2;  SLCC1;  .NET CLR 1.1.4325;  .NET CLR 2.0.50727;  .NET CLR 3.0.30729)"
68.233.226.103 - - [31/May/2012:13:34:16 +0600] "GET /content/blogcategory/1/66/5/250/content/view/13/51/ HTTP/1.0" 200 18930 "-" "Mozilla/5.0 (Windows NT 5.1) AppleWebKit/535.2 (KHTML, like Gecko) Chrome/15.0.872.0 Safari/535.2"
178.154.163.30 - - [31/May/2012:13:35:00 +0600] "GET /content/view/694/66/ HTTP/1.0" 200 6824 "-" "Mozilla/5.0 (compatible; YandexBot/3.0; +http://yandex.com/bots)"
178.154.163.30 - - [31/May/2012:13:36:31 +0600] "GET /content/view/438/66/ HTTP/1.0" 200 6283 "-" "Mozilla/5.0 (compatible; YandexBot/3.0; +http://yandex.com/bots)"
217.212.230.129 - - [31/May/2012:13:37:04 +0600] "GET /content/view/976/1/ HTTP/1.0" 200 7393 "http://yandex.ru/msearch?text=%D0%BC%D0%B5%D1%80%D0%BE%D0%BF%D1%80%D0%B8%D1%8F%D1%82%D0%B8%D0%B5+%D0%BF%D0%BE%D1%81%D0%B2%D0%B5%D1%88%D1%91%D0%BD%D0%BD%D0%BE%D0%B5+%D0%BA%D0%BE+%D0%B4%D0%BD%D1%8E+%D0%B7%D0%B0%D1%88%D0%B8%D1%82%D1%8B+%D0%B4%D0%B5%D1%82%D0%B5%D0%B9+%D1%83%D1%84%D0%B0+%D0%BC%D0%B5%D1%81%D1%82%D0%BE+%D0%BF%D1%80%D0%BE%D0%B2%D0%B5%D0%B4%D0%B5%D0%BD%D0%B8%D1%8F&clid=46143&lr=172&msid=22886.26430.1338449743.0818" "Opera/9.80 (Android; Opera Mini/6.5.27452/27.1813; U; ru) Presto/2.8.119 Version/11.10"
217.212.230.129 - - [31/May/2012:13:37:29 +0600] "GET /content/view/989/1/ HTTP/1.0" 200 5958 "http://csdb.ufanet.ru/content/view/976/1/" "Opera/9.80 (Android; Opera Mini/6.5.27452/27.1813; U; ru) Presto/2.8.119 Version/11.10"
178.154.163.30 - - [31/May/2012:13:37:53 +0600] "GET /content/view/896/66/ HTTP/1.0" 200 5902 "-" "Mozilla/5.0 (compatible; YandexBot/3.0; +http://yandex.com/bots)"
178.154.163.30 - - [31/May/2012:13:37:56 +0600] "GET /index2.php?option=com_content&task=view&id=771&pop=1&page=99&Itemid=66 HTTP/1.0" 200 1400 "-" "Mozilla/5.0 (compatible; YandexBot/3.0; +http://yandex.com/bots)"
178.154.163.30 - - [31/May/2012:13:37:58 +0600] "GET /content/view/434/210/ HTTP/1.0" 200 6008 "-" "Mozilla/5.0 (compatible; YandexBot/3.0; +http://yandex.com/bots)"
178.154.163.30 - - [31/May/2012:13:38:00 +0600] "GET /content/view/881/66/ HTTP/1.0" 200 5857 "-" "Mozilla/5.0 (compatible; YandexBot/3.0; +http://yandex.com/bots)"
178.154.163.30 - - [31/May/2012:13:38:02 +0600] "GET /content/view/484/66/ HTTP/1.0" 200 6234 "-" "Mozilla/5.0 (compatible; YandexBot/3.0; +http://yandex.com/bots)"
178.154.163.30 - - [31/May/2012:13:38:05 +0600] "GET /content/view/402/167/ HTTP/1.0" 200 4800 "-" "Mozilla/5.0 (compatible; YandexBot/3.0; +http://yandex.com/bots)"
178.154.163.30 - - [31/May/2012:13:38:07 +0600] "GET /content/view/42/ HTTP/1.0" 200 5032 "-" "Mozilla/5.0 (compatible; YandexBot/3.0; +http://yandex.com/bots)"
178.154.163.30 - - [31/May/2012:13:38:10 +0600] "GET /content/view/365/66/ HTTP/1.0" 200 6174 "-" "Mozilla/5.0 (compatible; YandexBot/3.0; +http://yandex.com/bots)"
178.154.163.30 - - [31/May/2012:13:38:13 +0600] "GET /index2.php?option=com_content&task=view&id=972&pop=1&page=10&Itemid=66 HTTP/1.0" 200 2138 "-" "Mozilla/5.0 (compatible; YandexBot/3.0; +http://yandex.com/bots)"
178.154.163.30 - - [31/May/2012:13:38:15 +0600] "GET /index2.php?option=com_content&task=view&id=977&pop=1&page=10&Itemid=66 HTTP/1.0" 200 1405 "-" "Mozilla/5.0 (compatible; YandexBot/3.0; +http://yandex.com/bots)"
217.212.230.129 - - [31/May/2012:13:38:16 +0600] "GET /content/view/976/1/ HTTP/1.0" 200 7394 "http://yandex.ru/msearch?text=%D0%BC%D0%B5%D1%80%D0%BE%D0%BF%D1%80%D0%B8%D1%8F%D1%82%D0%B8%D0%B5%20%D0%BF%D0%BE%D1%81%D0%B2%D1%8F%D1%89%D0%B5%D0%BD%D0%BD%D0%BE%D0%B5%20%D0%BA%D0%BE%20%D0%B4%D0%BD%D1%8E%20%D0%B7%D0%B0%D1%89%D0%B8%D1%82%D1%8B%20%D0%B4%D0%B5%D1%82%D0%B5%D0%B9%20%D1%83%D1%84%D0%B0%20%D0%BC%D0%B5%D1%81%D1%82%D0%BE%20%D0%BF%D1%80%D0%BE%D0%B2%D0%B5%D0%B4%D0%B5%D0%BD%D0%B8%D1%8F&clid=46143&lr=172" "Opera/9.80 (Android; Opera Mini/6.5.27452/27.1813; U; ru) Presto/2.8.119 Version/11.10"
178.154.163.30 - - [31/May/2012:13:38:17 +0600] "GET /content/view/737/66/ HTTP/1.0" 200 5671 "-" "Mozilla/5.0 (compatible; YandexBot/3.0; +http://yandex.com/bots)"
178.154.163.30 - - [31/May/2012:13:38:20 +0600] "GET /content/view/14/47/ HTTP/1.0" 200 6388 "-" "Mozilla/5.0 (compatible; YandexBot/3.0; +http://yandex.com/bots)"
178.154.163.30 - - [31/May/2012:13:38:22 +0600] "GET /content/view/323/167/ HTTP/1.0" 200 11558 "-" "Mozilla/5.0 (compatible; YandexBot/3.0; +http://yandex.com/bots)"
178.154.163.30 - - [31/May/2012:13:38:25 +0600] "GET /content/view/219/66/ HTTP/1.0" 200 6128 "-" "Mozilla/5.0 (compatible; YandexBot/3.0; +http://yandex.com/bots)"
178.154.163.30 - - [31/May/2012:13:38:27 +0600] "GET /index2.php?option=com_content&task=view&id=983&pop=1&page=0&Itemid=122 HTTP/1.0" 200 1708 "-" "Mozilla/5.0 (compatible; YandexBot/3.0; +http://yandex.com/bots)"
178.154.163.30 - - [31/May/2012:13:38:29 +0600] "GET /content/view/691/66/ HTTP/1.0" 200 6050 "-" "Mozilla/5.0 (compatible; YandexBot/3.0; +http://yandex.com/bots)"
95.105.45.215 - - [31/May/2012:13:38:30 +0600] "GET /content/view/982/1/ HTTP/1.0" 200 6547 "http://vk.com/sashshev" "Opera/9.80 (Windows NT 6.1; U; MRA 5.10 (build 5244); ru) Presto/2.10.229 Version/11.64"
178.154.163.30 - - [31/May/2012:13:38:32 +0600] "GET /index2.php?option=com_content&task=view&id=989&pop=1&page=0&Itemid=141 HTTP/1.0" 200 1132 "-" "Mozilla/5.0 (compatible; YandexBot/3.0; +http://yandex.com/bots)"
178.154.163.30 - - [31/May/2012:13:38:34 +0600] "GET /content/view/117/52/ HTTP/1.0" 200 6264 "-" "Mozilla/5.0 (compatible; YandexBot/3.0; +http://yandex.com/bots)"
178.154.163.30 - - [31/May/2012:13:38:37 +0600] "GET /index2.php?option=com_content&task=view&id=982&pop=1&page=0&Itemid=129 HTTP/1.0" 200 1718 "-" "Mozilla/5.0 (compatible; YandexBot/3.0; +http://yandex.com/bots)"
178.154.163.30 - - [31/May/2012:13:38:39 +0600] "GET /content/view/931/66/ HTTP/1.0" 200 6056 "-" "Mozilla/5.0 (compatible; YandexBot/3.0; +http://yandex.com/bots)"
178.154.163.30 - - [31/May/2012:13:38:42 +0600] "GET /content/view/253/66/ HTTP/1.0" 200 6486 "-" "Mozilla/5.0 (compatible; YandexBot/3.0; +http://yandex.com/bots)"
178.154.163.30 - - [31/May/2012:13:38:44 +0600] "GET /content/view/158/66/ HTTP/1.0" 200 6455 "-" "Mozilla/5.0 (compatible; YandexBot/3.0; +http://yandex.com/bots)"
178.154.163.30 - - [31/May/2012:13:38:47 +0600] "GET /content/view/187/66/ HTTP/1.0" 200 6091 "-" "Mozilla/5.0 (compatible; YandexBot/3.0; +http://yandex.com/bots)"
178.154.163.30 - - [31/May/2012:13:38:49 +0600] "GET /content/view/210/66/ HTTP/1.0" 200 5867 "-" "Mozilla/5.0 (compatible; YandexBot/3.0; +http://yandex.com/bots)"
178.154.163.30 - - [31/May/2012:13:38:52 +0600] "GET /content/view/450/210/ HTTP/1.0" 200 4978 "-" "Mozilla/5.0 (compatible; YandexBot/3.0; +http://yandex.com/bots)"
178.154.163.30 - - [31/May/2012:13:38:55 +0600] "GET /content/view/261/66 HTTP/1.0" 200 6573 "-" "Mozilla/5.0 (compatible; YandexBot/3.0; +http://yandex.com/bots)"
178.154.163.30 - - [31/May/2012:13:38:57 +0600] "GET /content/view/156/52/ HTTP/1.0" 200 6164 "-" "Mozilla/5.0 (compatible; YandexBot/3.0; +http://yandex.com/bots)"
178.154.163.30 - - [31/May/2012:13:39:00 +0600] "GET /content/view/989/142/ HTTP/1.0" 200 5581 "-" "Mozilla/5.0 (compatible; YandexBot/3.0; +http://yandex.com/bots)"
178.154.163.30 - - [31/May/2012:13:39:03 +0600] "GET /content/view/209/66/ HTTP/1.0" 200 6648 "-" "Mozilla/5.0 (compatible; YandexBot/3.0; +http://yandex.com/bots)"
178.154.163.30 - - [31/May/2012:13:39:06 +0600] "GET /content/view/935/66 HTTP/1.0" 200 7130 "-" "Mozilla/5.0 (compatible; YandexBot/3.0; +http://yandex.com/bots)"
178.154.163.30 - - [31/May/2012:13:39:08 +0600] "GET /content/view/747/66/ HTTP/1.0" 200 6016 "-" "Mozilla/5.0 (compatible; YandexBot/3.0; +http://yandex.com/bots)"
178.154.163.30 - - [31/May/2012:13:39:12 +0600] "GET /index2.php?option=com_content&task=view&id=764&pop=1&page=99&Itemid=66 HTTP/1.0" 200 1536 "-" "Mozilla/5.0 (compatible; YandexBot/3.0; +http://yandex.com/bots)"
136.169.155.1 - - [31/May/2012:13:39:13 +0600] "GET / HTTP/1.0" 200 6489 "http://yandex.ru/yandsearch?text=%D0%B1%D0%B8%D0%B1%D0%BB%D0%B8%D0%BE%D1%82%D0%B5%D0%BA%D0%B0+&lr=172&rstr=-172" "Mozilla/5.0 (Windows NT 5.1) AppleWebKit/536.5 (KHTML, like Gecko) Chrome/19.0.1084.52 Safari/536.5"
136.169.155.1 - - [31/May/2012:13:39:14 +0600] "GET /images/cgdb.swf HTTP/1.0" 200 19792297 "http://csdb.ufanet.ru/" "Mozilla/5.0 (Windows NT 5.1) AppleWebKit/536.5 (KHTML, like Gecko) Chrome/19.0.1084.52 Safari/536.5"
178.154.163.30 - - [31/May/2012:13:39:15 +0600] "GET /content/view/727/47/ HTTP/1.0" 200 7311 "-" "Mozilla/5.0 (compatible; YandexBot/3.0; +http://yandex.com/bots)"
66.249.66.77 - - [31/May/2012:13:39:15 +0600] "GET /content/view/993/1/ HTTP/1.0" 200 5585 "-" "Mozilla/5.0 (compatible; Googlebot/2.1; +http://www.google.com/bot.html)"
178.154.163.30 - - [31/May/2012:13:39:18 +0600] "GET /index2.php?option=com_content&task=view&id=761&pop=1&page=99&Itemid=66 HTTP/1.0" 200 1640 "-" "Mozilla/5.0 (compatible; YandexBot/3.0; +http://yandex.com/bots)"
178.154.163.30 - - [31/May/2012:13:39:20 +0600] "GET /content/view/271/66/ HTTP/1.0" 200 6891 "-" "Mozilla/5.0 (compatible; YandexBot/3.0; +http://yandex.com/bots)"
178.154.163.30 - - [31/May/2012:13:39:22 +0600] "GET /content/category/12/40/86/ HTTP/1.0" 200 5680 "-" "Mozilla/5.0 (compatible; YandexBot/3.0; +http://yandex.com/bots)"
178.154.163.30 - - [31/May/2012:13:39:25 +0600] "GET /content/view/453/210/ HTTP/1.0" 200 4288 "-" "Mozilla/5.0 (compatible; YandexBot/3.0; +http://yandex.com/bots)"
178.154.163.30 - - [31/May/2012:13:39:28 +0600] "GET /content/view/648/146/ HTTP/1.0" 200 5150 "-" "Mozilla/5.0 (compatible; YandexBot/3.0; +http://yandex.com/bots)"
178.154.163.30 - - [31/May/2012:13:39:30 +0600] "GET /content/view/845/223/ HTTP/1.0" 200 6180 "-" "Mozilla/5.0 (compatible; YandexBot/3.0; +http://yandex.com/bots)"
178.154.163.30 - - [31/May/2012:13:39:32 +0600] "GET /content/view/891/66/ HTTP/1.0" 200 5890 "-" "Mozilla/5.0 (compatible; YandexBot/3.0; +http://yandex.com/bots)"
178.154.163.30 - - [31/May/2012:13:39:35 +0600] "GET /content/view/463/66 HTTP/1.0" 200 6353 "-" "Mozilla/5.0 (compatible; YandexBot/3.0; +http://yandex.com/bots)"
217.212.230.129 - - [31/May/2012:13:39:37 +0600] "GET /content/view/976/1/ HTTP/1.0" 200 7394 "http://yandex.ru/msearch?lr=172&text=%D0%BC%D0%B5%D1%80%D0%BE%D0%BF%D1%80%D0%B8%D1%8F%D1%82%D0%B8%D0%B5+%D0%BF%D0%BE%D1%81%D0%B2%D1%8F%D1%89%D0%B5%D0%BD%D0%BD%D0%BE%D0%B5+%D0%BA%D0%BE+%D0%B4%D0%BD%D1%8E+%D0%B7%D0%B0%D1%89%D0%B8%D1%82%D1%8B+%D0%B4%D0%B5%D1%82%D0%B5%D0%B9+%D1%83%D1%84%D0%B0+%D0%BC%D0%B5%D1%81%D1%82%D0%BE+%D0%BF%D1%80%D0%BE%D0%B2%D0%B5%D0%B4%D0%B5%D0%BD%D0%B8%D1%8F+%D0%BF%D0%B0%D1%80%D0%BA%D0%BE%D0%B2%D1%8B%D0%B5+%D0%B7%D0%BE%D0%BD%D1%8B&clid=46143&search_top=1" "Opera/9.80 (Android; Opera Mini/6.5.27452/27.1813; U; ru) Presto/2.8.119 Version/11.10"
178.154.163.30 - - [31/May/2012:13:39:38 +0600] "GET /content/view/174/66/ HTTP/1.0" 200 6337 "-" "Mozilla/5.0 (compatible; YandexBot/3.0; +http://yandex.com/bots)"
178.154.163.30 - - [31/May/2012:13:39:40 +0600] "GET /index2.php?option=com_content&task=view&id=989&pop=1&page=0&Itemid=124 HTTP/1.0" 200 1132 "-" "Mozilla/5.0 (compatible; YandexBot/3.0; +http://yandex.com/bots)"
178.154.163.30 - - [31/May/2012:13:39:43 +0600] "GET /content/view/523/210/ HTTP/1.0" 200 4390 "-" "Mozilla/5.0 (compatible; YandexBot/3.0; +http://yandex.com/bots)"
178.154.163.30 - - [31/May/2012:13:39:45 +0600] "GET /content/view/166/56/ HTTP/1.0" 200 5718 "-" "Mozilla/5.0 (compatible; YandexBot/3.0; +http://yandex.com/bots)"
178.154.163.30 - - [31/May/2012:13:39:48 +0600] "GET /content/view/962/222/ HTTP/1.0" 200 5473 "-" "Mozilla/5.0 (compatible; YandexBot/3.0; +http://yandex.com/bots)"
178.154.163.30 - - [31/May/2012:13:39:50 +0600] "GET /index2.php?option=com_content&task=view&id=989&pop=1&page=0&Itemid=139 HTTP/1.0" 200 1132 "-" "Mozilla/5.0 (compatible; YandexBot/3.0; +http://yandex.com/bots)"
178.154.163.30 - - [31/May/2012:13:39:52 +0600] "GET /content/view/576/210/ HTTP/1.0" 200 4920 "-" "Mozilla/5.0 (compatible; YandexBot/3.0; +http://yandex.com/bots)"
178.154.163.30 - - [31/May/2012:13:39:55 +0600] "GET /index2.php?option=com_content&task=view&id=973&pop=1&page=10&Itemid=66 HTTP/1.0" 200 1629 "-" "Mozilla/5.0 (compatible; YandexBot/3.0; +http://yandex.com/bots)"
178.154.163.30 - - [31/May/2012:13:39:57 +0600] "GET /content/view/141/66/ HTTP/1.0" 200 5895 "-" "Mozilla/5.0 (compatible; YandexBot/3.0; +http://yandex.com/bots)"
178.154.163.30 - - [31/May/2012:13:40:00 +0600] "GET /index2.php?option=com_content&task=view&id=721&pop=1&page=0&Itemid=1 HTTP/1.0" 200 1306 "-" "Mozilla/5.0 (compatible; YandexBot/3.0; +http://yandex.com/bots)"
178.154.163.30 - - [31/May/2012:13:40:04 +0600] "GET /content/view/252/66/ HTTP/1.0" 200 7134 "-" "Mozilla/5.0 (compatible; YandexBot/3.0; +http://yandex.com/bots)"
178.154.163.30 - - [31/May/2012:13:40:08 +0600] "GET /content/view/180/67/ HTTP/1.0" 200 3850 "-" "Mozilla/5.0 (compatible; YandexBot/3.0; +http://yandex.com/bots)"
178.154.163.30 - - [31/May/2012:13:40:12 +0600] "GET /content/view/207/66/ HTTP/1.0" 200 6368 "-" "Mozilla/5.0 (compatible; YandexBot/3.0; +http://yandex.com/bots)"
178.154.163.30 - - [31/May/2012:13:40:16 +0600] "GET /content/view/963/223/ HTTP/1.0" 200 6095 "-" "Mozilla/5.0 (compatible; YandexBot/3.0; +http://yandex.com/bots)"
178.154.163.30 - - [31/May/2012:13:40:20 +0600] "GET /index2.php?option=com_content&task=view&id=982&pop=1&page=0&Itemid=3 HTTP/1.0" 200 1718 "-" "Mozilla/5.0 (compatible; YandexBot/3.0; +http://yandex.com/bots)"
178.154.163.30 - - [31/May/2012:13:40:27 +0600] "GET /content/view/764/66/ HTTP/1.0" 200 6083 "-" "Mozilla/5.0 (compatible; YandexBot/3.0; +http://yandex.com/bots)"
178.154.163.30 - - [31/May/2012:13:40:36 +0600] "GET /content/view/326/165/ HTTP/1.0" 200 8502 "-" "Mozilla/5.0 (compatible; YandexBot/3.0; +http://yandex.com/bots)"
178.154.163.30 - - [31/May/2012:13:40:39 +0600] "GET /content/view/144/66/ HTTP/1.0" 200 6331 "-" "Mozilla/5.0 (compatible; YandexBot/3.0; +http://yandex.com/bots)"
178.154.163.30 - - [31/May/2012:13:40:42 +0600] "GET /content/view/356/86/ HTTP/1.0" 200 8100 "-" "Mozilla/5.0 (compatible; YandexBot/3.0; +http://yandex.com/bots)"
178.154.163.30 - - [31/May/2012:13:42:30 +0600] "GET /index2.php?option=com_content&task=view&id=983&pop=1&page=0&Itemid=55 HTTP/1.0" 200 1708 "-" "Mozilla/5.0 (compatible; YandexBot/3.0; +http://yandex.com/bots)"
66.249.66.77 - - [31/May/2012:13:43:27 +0600] "GET /content/view/992/90/ HTTP/1.0" 200 4446 "-" "Mozilla/5.0 (compatible; Googlebot/2.1; +http://www.google.com/bot.html)"
178.154.163.30 - - [31/May/2012:13:44:20 +0600] "GET /index2.php?option=com_content&task=view&id=989&pop=1&page=0&Itemid=219 HTTP/1.0" 200 1132 "-" "Mozilla/5.0 (compatible; YandexBot/3.0; +http://yandex.com/bots)"
46.159.87.109 - - [31/May/2012:13:44:46 +0600] "GET /content/view/563/54/ HTTP/1.0" 200 5216 "http://yandex.ru/yandsearch?text=%D1%8D%D1%81%D1%81%D1%8D+%22%D0%BC%D0%BE%D1%8F+%D0%BB%D1%8E%D0%B1%D0%B8%D0%BC%D0%B0%D1%8F+%D0%B1%D0%B8%D0%B1%D0%BB%D0%B8%D0%BE%D1%82%D0%B5%D0%BA%D0%B0%22&clid=37000&lr=35" "Mozilla/5.0 (Windows NT 5.1; rv:10.0.2) Gecko/20100101 Firefox/10.0.2"
178.154.163.30 - - [31/May/2012:13:46:03 +0600] "GET /content/view/954/66/ HTTP/1.0" 200 5876 "-" "Mozilla/5.0 (compatible; YandexBot/3.0; +http://yandex.com/bots)"
46.159.87.109 - - [31/May/2012:13:46:40 +0600] "GET /content/view/400/54/ HTTP/1.0" 200 3919 "http://csdb.ufanet.ru/content/view/563/54/" "Mozilla/5.0 (Windows NT 5.1; rv:10.0.2) Gecko/20100101 Firefox/10.0.2"
68.233.226.103 - - [31/May/2012:13:48:38 +0600] "GET /index2.php?option=com_content&task=view&id=659&pop=1&page=0&Itemid=52 HTTP/1.0" 200 779 "-" "Mozilla/5.0 (Windows NT 5.1) AppleWebKit/535.2 (KHTML, like Gecko) Chrome/15.0.872.0 Safari/535.2"
178.154.163.30 - - [31/May/2012:13:50:46 +0600] "GET /index2.php?option=com_content&task=view&id=983&pop=1&page=0&Itemid=64 HTTP/1.0" 200 1708 "-" "Mozilla/5.0 (compatible; YandexBot/3.0; +http://yandex.com/bots)"
46.159.87.109 - - [31/May/2012:13:51:17 +0600] "GET /content/view/563/54/ HTTP/1.0" 200 5216 "http://yandex.ru/yandsearch?text=%D1%8D%D1%81%D1%81%D1%8D+%22%D0%BC%D0%BE%D1%8F+%D0%BB%D1%8E%D0%B1%D0%B8%D0%BC%D0%B0%D1%8F+%D0%B1%D0%B8%D0%B1%D0%BB%D0%B8%D0%BE%D1%82%D0%B5%D0%BA%D0%B0%22&clid=37000&lr=35" "Mozilla/5.0 (Windows NT 5.1; rv:10.0.2) Gecko/20100101 Firefox/10.0.2"
66.249.66.77 - - [31/May/2012:13:51:52 +0600] "GET /index.php?option=com_content&task=view&id=22&Itemid=49 HTTP/1.0" 200 3860 "-" "Mozilla/5.0 (compatible; Googlebot/2.1; +http://www.google.com/bot.html)"
46.4.42.104 - - [31/May/2012:13:52:08 +0600] "GET /goroddetstva/7/5/22/22/UfaCHerezStoletie.ppt HTTP/1.0" 200 955904 "csdb.ufanet.ru/goroddetstva/7/5/22/22/" "Download Master"
46.4.42.104 - - [31/May/2012:13:52:09 +0600] "GET /goroddetstva/7/5/22/22/UfaCHerezStoletie.ppt HTTP/1.0" 206 454545 "csdb.ufanet.ru/goroddetstva/7/5/22/22/" "Download Master"
46.4.42.104 - - [31/May/2012:13:52:10 +0600] "GET /goroddetstva/7/5/22/22/UfaCHerezStoletie.ppt HTTP/1.0" 206 217215 "csdb.ufanet.ru/goroddetstva/7/5/22/22/" "Download Master"
