81.30.54.82 - - [05/Jun/2012:09:15:14 +0600] "POST /administrator/index2.php HTTP/1.0" 301 - "http://csdb.ufanet.ru/administrator/index2.php?option=com_content&sectionid=1&task=edit&hidemainmenu=1&id=1013" "Mozilla/5.0 (Windows NT 6.1; WOW64; rv:12.0) Gecko/20100101 Firefox/12.0"
81.30.54.82 - - [05/Jun/2012:09:15:14 +0600] "GET /administrator/index2.php?option=com_content&sectionid=1&mosmsg=%D3%F1%EF%E5%F8%ED%EE+%F1%EE%F5%F0%E0%ED%E5%ED%EE%3A+%22%CF%EE%E4%E5%EB%E8%F1%FC+%F3%EB%FB%E1%EA%EE%FE+%F1%E2%EE%E5%E9%22 HTTP/1.0" 200 9197 "http://csdb.ufanet.ru/administrator/index2.php?option=com_content&sectionid=1&task=edit&hidemainmenu=1&id=1013" "Mozilla/5.0 (Windows NT 6.1; WOW64; rv:12.0) Gecko/20100101 Firefox/12.0"
81.30.54.82 - - [05/Jun/2012:09:15:20 +0600] "GET /content/view/1013/66/ HTTP/1.0" 200 5912 "http://csdb.ufanet.ru/content/blogcategory/1/66/5/0/" "Mozilla/5.0 (Windows NT 6.1; WOW64) AppleWebKit/536.5 (KHTML, like Gecko) Chrome/19.0.1084.52 Safari/536.5"
81.30.54.82 - - [05/Jun/2012:09:15:23 +0600] "GET /content/blogcategory/1/66/5/0/ HTTP/1.0" 200 7324 "http://csdb.ufanet.ru/content/blogcategory/1/66/5/5/" "Mozilla/5.0 (Windows NT 6.1; WOW64) AppleWebKit/536.5 (KHTML, like Gecko) Chrome/19.0.1084.52 Safari/536.5"
81.30.54.82 - - [05/Jun/2012:09:16:12 +0600] "GET /administrator/index2.php?option=logout HTTP/1.0" 301 - "http://csdb.ufanet.ru/administrator/index2.php?option=com_content&sectionid=1&mosmsg=%D3%F1%EF%E5%F8%ED%EE+%F1%EE%F5%F0%E0%ED%E5%ED%EE%3A+%22%CF%EE%E4%E5%EB%E8%F1%FC+%F3%EB%FB%E1%EA%EE%FE+%F1%E2%EE%E5%E9%22" "Mozilla/5.0 (Windows NT 6.1; WOW64; rv:12.0) Gecko/20100101 Firefox/12.0"
81.30.54.82 - - [05/Jun/2012:09:16:12 +0600] "GET /administrator/index.php HTTP/1.0" 200 1314 "http://csdb.ufanet.ru/administrator/index2.php?option=com_content&sectionid=1&mosmsg=%D3%F1%EF%E5%F8%ED%EE+%F1%EE%F5%F0%E0%ED%E5%ED%EE%3A+%22%CF%EE%E4%E5%EB%E8%F1%FC+%F3%EB%FB%E1%EA%EE%FE+%F1%E2%EE%E5%E9%22" "Mozilla/5.0 (Windows NT 6.1; WOW64; rv:12.0) Gecko/20100101 Firefox/12.0"
81.30.54.82 - - [05/Jun/2012:09:16:35 +0600] "GET /content/blogcategory/1/66/5/10/ HTTP/1.0" 200 7746 "http://csdb.ufanet.ru/content/blogcategory/1/66/5/0/" "Mozilla/5.0 (Windows NT 6.1; WOW64) AppleWebKit/536.5 (KHTML, like Gecko) Chrome/19.0.1084.52 Safari/536.5"
81.30.54.82 - - [05/Jun/2012:09:16:44 +0600] "GET /content/blogcategory/1/66/5/15/ HTTP/1.0" 200 7524 "http://csdb.ufanet.ru/content/blogcategory/1/66/5/10/" "Mozilla/5.0 (Windows NT 6.1; WOW64) AppleWebKit/536.5 (KHTML, like Gecko) Chrome/19.0.1084.52 Safari/536.5"
77.79.155.118 - - [05/Jun/2012:09:16:51 +0600] "GET /content/blogcategory/1/66/5/5/ HTTP/1.0" 200 6933 "http://csdb.ufanet.ru/content/blogcategory/1/66/" "Mozilla/5.0 (Windows NT 5.1) AppleWebKit/536.5 (KHTML, like Gecko) Chrome/19.0.1084.52 Safari/536.5"
81.30.54.82 - - [05/Jun/2012:09:16:57 +0600] "GET /content/view/397/189/ HTTP/1.0" 200 5411 "http://csdb.ufanet.ru/content/blogcategory/1/66/5/15/" "Mozilla/5.0 (Windows NT 6.1; WOW64) AppleWebKit/536.5 (KHTML, like Gecko) Chrome/19.0.1084.52 Safari/536.5"
81.30.54.82 - - [05/Jun/2012:09:17:02 +0600] "GET /content/blogcategory/46/222/ HTTP/1.0" 200 6306 "http://csdb.ufanet.ru/content/view/397/189/" "Mozilla/5.0 (Windows NT 6.1; WOW64) AppleWebKit/536.5 (KHTML, like Gecko) Chrome/19.0.1084.52 Safari/536.5"
81.30.54.82 - - [05/Jun/2012:09:17:06 +0600] "GET /content/view/1003/222/ HTTP/1.0" 200 6050 "http://csdb.ufanet.ru/content/blogcategory/46/222/" "Mozilla/5.0 (Windows NT 6.1; WOW64) AppleWebKit/536.5 (KHTML, like Gecko) Chrome/19.0.1084.52 Safari/536.5"
81.30.54.82 - - [05/Jun/2012:09:17:18 +0600] "GET /content/blogcategory/46/222/ HTTP/1.0" 200 6306 "http://csdb.ufanet.ru/content/view/397/189/" "Mozilla/5.0 (Windows NT 6.1; WOW64) AppleWebKit/536.5 (KHTML, like Gecko) Chrome/19.0.1084.52 Safari/536.5"
81.30.54.82 - - [05/Jun/2012:09:17:37 +0600] "GET /content/view/397/189/ HTTP/1.0" 200 5411 "http://csdb.ufanet.ru/content/blogcategory/1/66/5/15/" "Mozilla/5.0 (Windows NT 6.1; WOW64) AppleWebKit/536.5 (KHTML, like Gecko) Chrome/19.0.1084.52 Safari/536.5"
81.30.54.82 - - [05/Jun/2012:09:17:40 +0600] "GET /content/blogcategory/1/66/5/15/ HTTP/1.0" 200 7525 "http://csdb.ufanet.ru/content/blogcategory/1/66/5/10/" "Mozilla/5.0 (Windows NT 6.1; WOW64) AppleWebKit/536.5 (KHTML, like Gecko) Chrome/19.0.1084.52 Safari/536.5"
81.30.54.82 - - [05/Jun/2012:09:17:43 +0600] "GET /content/view/310/91/ HTTP/1.0" 200 6109 "http://csdb.ufanet.ru/content/blogcategory/1/66/5/15/" "Mozilla/5.0 (Windows NT 6.1; WOW64) AppleWebKit/536.5 (KHTML, like Gecko) Chrome/19.0.1084.52 Safari/536.5"
81.30.54.82 - - [05/Jun/2012:09:17:46 +0600] "GET /content/blogcategory/45/210/ HTTP/1.0" 200 5123 "http://csdb.ufanet.ru/content/view/310/91/" "Mozilla/5.0 (Windows NT 6.1; WOW64) AppleWebKit/536.5 (KHTML, like Gecko) Chrome/19.0.1084.52 Safari/536.5"
81.30.54.82 - - [05/Jun/2012:09:17:53 +0600] "GET /content/blogcategory/45/210/9/9/ HTTP/1.0" 200 5242 "http://csdb.ufanet.ru/content/blogcategory/45/210/" "Mozilla/5.0 (Windows NT 6.1; WOW64) AppleWebKit/536.5 (KHTML, like Gecko) Chrome/19.0.1084.52 Safari/536.5"
81.30.54.82 - - [05/Jun/2012:09:18:10 +0600] "GET /content/view/759/210/ HTTP/1.0" 200 4455 "http://csdb.ufanet.ru/content/blogcategory/45/210/9/9/" "Mozilla/5.0 (Windows NT 6.1; WOW64) AppleWebKit/536.5 (KHTML, like Gecko) Chrome/19.0.1084.52 Safari/536.5"
81.30.54.82 - - [05/Jun/2012:09:18:13 +0600] "GET /content/view/748/210/ HTTP/1.0" 200 4325 "http://csdb.ufanet.ru/content/view/759/210/" "Mozilla/5.0 (Windows NT 6.1; WOW64) AppleWebKit/536.5 (KHTML, like Gecko) Chrome/19.0.1084.52 Safari/536.5"
77.79.155.118 - - [05/Jun/2012:09:18:50 +0600] "GET /content/blogcategory/1/66/5/10/ HTTP/1.0" 200 7745 "http://csdb.ufanet.ru/content/blogcategory/1/66/5/5/" "Mozilla/5.0 (Windows NT 5.1) AppleWebKit/536.5 (KHTML, like Gecko) Chrome/19.0.1084.52 Safari/536.5"
77.79.155.118 - - [05/Jun/2012:09:19:27 +0600] "GET /content/view/1002/66/ HTTP/1.0" 200 6647 "http://csdb.ufanet.ru/content/blogcategory/1/66/5/10/" "Mozilla/5.0 (Windows NT 5.1) AppleWebKit/536.5 (KHTML, like Gecko) Chrome/19.0.1084.52 Safari/536.5"
77.79.155.118 - - [05/Jun/2012:09:20:00 +0600] "GET /content/blogcategory/1/66/5/10/ HTTP/1.0" 200 7747 "http://csdb.ufanet.ru/content/blogcategory/1/66/5/5/" "Mozilla/5.0 (Windows NT 5.1) AppleWebKit/536.5 (KHTML, like Gecko) Chrome/19.0.1084.52 Safari/536.5"
77.79.155.118 - - [05/Jun/2012:09:20:10 +0600] "GET /content/blogcategory/1/66/5/5/ HTTP/1.0" 200 6936 "http://csdb.ufanet.ru/content/blogcategory/1/66/5/10/" "Mozilla/5.0 (Windows NT 5.1) AppleWebKit/536.5 (KHTML, like Gecko) Chrome/19.0.1084.52 Safari/536.5"
77.79.155.118 - - [05/Jun/2012:09:20:30 +0600] "GET /content/view/1011/66/ HTTP/1.0" 200 5915 "http://csdb.ufanet.ru/content/blogcategory/1/66/5/5/" "Mozilla/5.0 (Windows NT 5.1) AppleWebKit/536.5 (KHTML, like Gecko) Chrome/19.0.1084.52 Safari/536.5"
66.249.66.77 - - [05/Jun/2012:09:21:48 +0600] "GET /content/view/950/55/ HTTP/1.0" 200 5124 "-" "Mozilla/5.0 (compatible; Googlebot/2.1; +http://www.google.com/bot.html)"
66.249.66.77 - - [05/Jun/2012:09:23:30 +0600] "GET /content/view/822/64/ HTTP/1.0" 200 5095 "-" "Mozilla/5.0 (compatible; Googlebot/2.1; +http://www.google.com/bot.html)"
193.169.234.5 - - [05/Jun/2012:09:23:55 +0600] "GET / HTTP/1.0" 200 24021 "http://csdb.ufanet.ru/" "Openstat/Bot"
95.25.94.230 - - [05/Jun/2012:09:24:05 +0600] "GET /content/view/290/156/ HTTP/1.0" 200 10099 "-" "Opera/9.80 (Macintosh; Intel Mac OS X 10.6.8; U; Edition MacAppStore; ru) Presto/2.9.168 Version/11.52"
94.41.77.67 - - [05/Jun/2012:09:24:30 +0600] "GET /content/view/970/1/ HTTP/1.0" 200 5525 "http://yandex.ru/yandsearch?text=%D0%BC%D0%B5%D1%80%D0%BE%D0%BF%D1%80%D0%B8%D1%8F%D1%82%D0%B8%D1%8F+%D0%BF%D0%BE%D1%81%D0%B2%D1%8F%D1%89%D1%91%D0%BD%D0%BD%D1%8B%D0%B5+90+%D0%BB%D0%B5%D1%82%D0%B8%D1%8E+%D0%9C.+%D0%93%D0%B0%D1%80%D0%B5%D0%B5%D0%B2%D0%B0&lr=172&msid=22880.549.1338866510.79659" "Mozilla/5.0 (Windows NT 6.1; WOW64; rv:12.0) Gecko/20100101 Firefox/12.0"
178.154.163.30 - - [05/Jun/2012:09:25:17 +0600] "GET /content/view/736/ HTTP/1.0" 200 4840 "-" "Mozilla/5.0 (compatible; YandexBot/3.0; +http://yandex.com/bots)"
66.249.66.77 - - [05/Jun/2012:09:26:04 +0600] "GET /content/view/795/160/ HTTP/1.0" 200 5117 "-" "Mozilla/5.0 (compatible; Googlebot/2.1; +http://www.google.com/bot.html)"
66.249.66.77 - - [05/Jun/2012:09:28:38 +0600] "GET /content/view/952/154/ HTTP/1.0" 200 5094 "-" "Mozilla/5.0 (compatible; Googlebot/2.1; +http://www.google.com/bot.html)"
213.180.206.197 - - [05/Jun/2012:09:29:27 +0600] "GET / HTTP/1.0" 200 24021 "-" "Mozilla/5.0 (compatible; YandexMetrika/2.0; +http://yandex.com/bots)"
66.249.66.77 - - [05/Jun/2012:09:30:21 +0600] "GET /content/view/952/118/ HTTP/1.0" 200 5090 "-" "Mozilla/5.0 (compatible; Googlebot/2.1; +http://www.google.com/bot.html)"
178.154.163.30 - - [05/Jun/2012:09:30:31 +0600] "GET /content/view/1001/122/ HTTP/1.0" 200 19285 "-" "Mozilla/5.0 (compatible; YandexBot/3.0; +http://yandex.com/bots)"
94.41.88.43 - - [05/Jun/2012:09:33:23 +0600] "GET / HTTP/1.0" 200 6475 "-" "Mozilla/5.0 (Windows; U; Windows NT 6.1; ru; rv:1.9.2.17) Gecko/20110414 Thunderbird/3.1.10"
178.154.163.30 - - [05/Jun/2012:09:36:58 +0600] "GET /content/view/657/144/ HTTP/1.0" 200 5084 "-" "Mozilla/5.0 (compatible; YandexBot/3.0; +http://yandex.com/bots)"
66.249.66.77 - - [05/Jun/2012:09:42:43 +0600] "GET /content/view/993/1/ HTTP/1.0" 200 5499 "-" "Mozilla/5.0 (compatible; Googlebot/2.1; +http://www.google.com/bot.html)"
46.191.185.91 - - [05/Jun/2012:09:44:01 +0600] "GET / HTTP/1.0" 200 6449 "http://yandex.ru/yandsearch?text=csdb.ufanet.ru&clid=47639&lr=172" "Mozilla/5.0 (Windows NT 5.1) AppleWebKit/536.5 (KHTML, like Gecko) Chrome/19.0.1084.52 Safari/536.5"
46.191.185.91 - - [05/Jun/2012:09:44:05 +0600] "GET /content/blogcategory/1/66/ HTTP/1.0" 200 7327 "http://csdb.ufanet.ru/" "Mozilla/5.0 (Windows NT 5.1) AppleWebKit/536.5 (KHTML, like Gecko) Chrome/19.0.1084.52 Safari/536.5"
46.191.185.91 - - [05/Jun/2012:09:44:48 +0600] "GET /content/blogcategory/1/66/5/5/ HTTP/1.0" 200 6933 "http://csdb.ufanet.ru/content/blogcategory/1/66/" "Mozilla/5.0 (Windows NT 5.1) AppleWebKit/536.5 (KHTML, like Gecko) Chrome/19.0.1084.52 Safari/536.5"
46.191.185.91 - - [05/Jun/2012:09:45:19 +0600] "GET /content/view/1007/66/ HTTP/1.0" 200 5975 "http://csdb.ufanet.ru/content/blogcategory/1/66/5/5/" "Mozilla/5.0 (Windows NT 5.1) AppleWebKit/536.5 (KHTML, like Gecko) Chrome/19.0.1084.52 Safari/536.5"
178.154.163.30 - - [05/Jun/2012:09:45:26 +0600] "GET /content/view/922/53/ HTTP/1.0" 200 5142 "-" "Mozilla/5.0 (compatible; YandexBot/3.0; +http://yandex.com/bots)"
95.108.141.3 - - [05/Jun/2012:09:46:30 +0600] "HEAD /mb38/ HTTP/1.0" 200 - "-" "Mozilla/5.0 (compatible; YandexSitelinks; Dyatel; +http://yandex.com/bots)"
46.191.185.91 - - [05/Jun/2012:09:48:15 +0600] "GET /content/view/1008/66/ HTTP/1.0" 200 5694 "http://csdb.ufanet.ru/content/view/1007/66/" "Mozilla/5.0 (Windows NT 5.1) AppleWebKit/536.5 (KHTML, like Gecko) Chrome/19.0.1084.52 Safari/536.5"
46.191.185.91 - - [05/Jun/2012:09:48:18 +0600] "GET /content/view/1009/66/ HTTP/1.0" 200 5758 "http://csdb.ufanet.ru/content/view/1008/66/" "Mozilla/5.0 (Windows NT 5.1) AppleWebKit/536.5 (KHTML, like Gecko) Chrome/19.0.1084.52 Safari/536.5"
46.191.185.91 - - [05/Jun/2012:09:48:21 +0600] "GET /content/view/1008/66/ HTTP/1.0" 200 5692 "http://csdb.ufanet.ru/content/view/1009/66/" "Mozilla/5.0 (Windows NT 5.1) AppleWebKit/536.5 (KHTML, like Gecko) Chrome/19.0.1084.52 Safari/536.5"
46.191.185.91 - - [05/Jun/2012:09:48:30 +0600] "GET /content/view/1009/66/ HTTP/1.0" 200 5759 "http://csdb.ufanet.ru/content/view/1008/66/" "Mozilla/5.0 (Windows NT 5.1) AppleWebKit/536.5 (KHTML, like Gecko) Chrome/19.0.1084.52 Safari/536.5"
46.191.185.91 - - [05/Jun/2012:09:48:35 +0600] "GET /content/view/1010/66/ HTTP/1.0" 200 5749 "http://csdb.ufanet.ru/content/view/1009/66/" "Mozilla/5.0 (Windows NT 5.1) AppleWebKit/536.5 (KHTML, like Gecko) Chrome/19.0.1084.52 Safari/536.5"
46.191.185.91 - - [05/Jun/2012:09:48:43 +0600] "GET /content/view/1011/66/ HTTP/1.0" 200 5916 "http://csdb.ufanet.ru/content/view/1010/66/" "Mozilla/5.0 (Windows NT 5.1) AppleWebKit/536.5 (KHTML, like Gecko) Chrome/19.0.1084.52 Safari/536.5"
46.191.185.91 - - [05/Jun/2012:09:49:24 +0600] "GET /content/view/1012/66/ HTTP/1.0" 200 6036 "http://csdb.ufanet.ru/content/view/1011/66/" "Mozilla/5.0 (Windows NT 5.1) AppleWebKit/536.5 (KHTML, like Gecko) Chrome/19.0.1084.52 Safari/536.5"
46.191.185.91 - - [05/Jun/2012:09:49:40 +0600] "GET /content/view/1011/66/ HTTP/1.0" 200 5916 "http://csdb.ufanet.ru/content/view/1012/66/" "Mozilla/5.0 (Windows NT 5.1) AppleWebKit/536.5 (KHTML, like Gecko) Chrome/19.0.1084.52 Safari/536.5"
46.191.185.91 - - [05/Jun/2012:09:49:42 +0600] "GET /content/view/1010/66/ HTTP/1.0" 200 5751 "http://csdb.ufanet.ru/content/view/1011/66/" "Mozilla/5.0 (Windows NT 5.1) AppleWebKit/536.5 (KHTML, like Gecko) Chrome/19.0.1084.52 Safari/536.5"
46.191.185.91 - - [05/Jun/2012:09:49:44 +0600] "GET /content/view/1009/66/ HTTP/1.0" 200 5757 "http://csdb.ufanet.ru/content/view/1010/66/" "Mozilla/5.0 (Windows NT 5.1) AppleWebKit/536.5 (KHTML, like Gecko) Chrome/19.0.1084.52 Safari/536.5"
46.191.185.91 - - [05/Jun/2012:09:49:48 +0600] "GET /content/view/1008/66/ HTTP/1.0" 200 5693 "http://csdb.ufanet.ru/content/view/1009/66/" "Mozilla/5.0 (Windows NT 5.1) AppleWebKit/536.5 (KHTML, like Gecko) Chrome/19.0.1084.52 Safari/536.5"
46.191.185.91 - - [05/Jun/2012:09:49:50 +0600] "GET /content/view/1007/66/ HTTP/1.0" 200 5976 "http://csdb.ufanet.ru/content/view/1008/66/" "Mozilla/5.0 (Windows NT 5.1) AppleWebKit/536.5 (KHTML, like Gecko) Chrome/19.0.1084.52 Safari/536.5"
85.192.159.173 - - [05/Jun/2012:09:50:56 +0600] "GET /content/view/861/84/ HTTP/1.0" 200 6085 "http://yandex.ru/yandsearch?text=%D0%9C%D0%BE%D0%B3%D0%B8%D0%BB%D0%B5%D0%B2%D0%B0+%D0%92.%D0%9D.+%D0%9F%D1%81%D0%B8%D1%85%D0%BE%D1%84%D0%B8%D0%B7%D0%B8%D0%BE%D0%BB%D0%BE%D0%B3%D0%B8%D1%87%D0%B5%D1%81%D0%BA%D0%B8%D0%B5+%D0%BE%D1%81%D0%BE%D0%B1%D0%B5%D0%BD%D0%BD%D0%BE%D1%81%D1%82%D0%B8+%D0%B4%D0%B5%D1%82%D0%B5%D0%B9+%D0%BC%D0%BB%D0%B0%D0%B4%D1%88%D0%B5%D0%B3%D0%BE+%D1%88%D0%BA%D0%BE%D0%BB%D1%8C%D0%BD%D0%BE%D0%B3%D0%BE+%D0%B2%D0%BE%D0%B7%D1%80%D0%B0%D1%81%D1%82%D0%B0+%D0%B8+%D0%B8%D1%85+%D1%83%D1%87%D0%B5%D1%82+%D0%B2+%D1%80%D0%B0%D0%B1%D0%BE%D1%82%D0%B5+%D1%81+%D0%BA%D0%BE%D0%BC%D0%BF%D1%8C%D1%8E%D1%82%D0%B5%D1%80%D0%BE%D0%BC+%D1%81%D0%BA%D0%B0%D1%87%D0%B0%D1%82%D1%8C+%D0%B1&lr=48" "Mozilla/5.0 (Windows NT 6.1; WOW64; rv:6.0) Gecko/20100101 Firefox/6.0"
178.154.163.30 - - [05/Jun/2012:09:52:13 +0600] "GET /content/view/398/ HTTP/1.0" 200 4721 "-" "Mozilla/5.0 (compatible; YandexBot/3.0; +http://yandex.com/bots)"
46.33.234.126 - - [05/Jun/2012:09:54:39 +0600] "GET /content/view/643/52/ HTTP/1.0" 200 8024 "-" "Mozilla/5.0 (Windows NT 6.1) AppleWebKit/536.5 (KHTML, like Gecko) Chrome/19.0.1084.52 Safari/536.5"
94.41.88.43 - - [05/Jun/2012:09:54:41 +0600] "GET / HTTP/1.0" 200 6474 "-" "Mozilla/5.0 (Windows NT 6.1; WOW64) AppleWebKit/536.5 (KHTML, like Gecko) Chrome/19.0.1084.52 Safari/536.5"
94.41.88.43 - - [05/Jun/2012:09:54:48 +0600] "GET /content/blogcategory/1/66/ HTTP/1.0" 200 7325 "http://csdb.ufanet.ru/" "Mozilla/5.0 (Windows NT 6.1; WOW64) AppleWebKit/536.5 (KHTML, like Gecko) Chrome/19.0.1084.52 Safari/536.5"
94.41.88.43 - - [05/Jun/2012:09:54:49 +0600] "GET /content/blogcategory/1/66/ HTTP/1.0" 200 7327 "http://csdb.ufanet.ru/" "Mozilla/5.0 (Windows NT 6.1; WOW64) AppleWebKit/536.5 (KHTML, like Gecko) Chrome/19.0.1084.52 Safari/536.5"
94.41.88.43 - - [05/Jun/2012:09:55:27 +0600] "GET /content/blogcategory/1/66/5/5/ HTTP/1.0" 200 6936 "http://csdb.ufanet.ru/content/blogcategory/1/66/" "Mozilla/5.0 (Windows NT 6.1; WOW64) AppleWebKit/536.5 (KHTML, like Gecko) Chrome/19.0.1084.52 Safari/536.5"
94.41.88.43 - - [05/Jun/2012:09:55:36 +0600] "GET /content/blogcategory/1/66/5/10/ HTTP/1.0" 200 7745 "http://csdb.ufanet.ru/content/blogcategory/1/66/5/5/" "Mozilla/5.0 (Windows NT 6.1; WOW64) AppleWebKit/536.5 (KHTML, like Gecko) Chrome/19.0.1084.52 Safari/536.5"
66.249.71.59 - - [05/Jun/2012:09:57:18 +0600] "GET /content/view/819/67/ HTTP/1.0" 200 3004 "-" "Mozilla/5.0 (compatible; Googlebot/2.1; +http://www.google.com/bot.html)"
94.41.88.43 - - [05/Jun/2012:09:57:35 +0600] "GET / HTTP/1.0" 200 6475 "-" "Mozilla/5.0 (Windows NT 6.1; rv:12.0) Gecko/20100101 Firefox/12.0"
94.41.88.43 - - [05/Jun/2012:09:57:36 +0600] "GET /images/cgdb.swf HTTP/1.0" 200 19792297 "http://csdb.ufanet.ru/" "Mozilla/5.0 (Windows NT 6.1; rv:12.0) Gecko/20100101 Firefox/12.0"
94.41.88.43 - - [05/Jun/2012:09:57:37 +0600] "GET /content/view/989/66/ HTTP/1.0" 200 5575 "http://csdb.ufanet.ru/content/blogcategory/1/66/5/10/" "Mozilla/5.0 (Windows NT 6.1; WOW64) AppleWebKit/536.5 (KHTML, like Gecko) Chrome/19.0.1084.52 Safari/536.5"
94.41.88.43 - - [05/Jun/2012:09:57:41 +0600] "GET /content/blogcategory/1/66/ HTTP/1.0" 200 7323 "http://csdb.ufanet.ru/" "Mozilla/5.0 (Windows NT 6.1; rv:12.0) Gecko/20100101 Firefox/12.0"
94.41.88.43 - - [05/Jun/2012:09:58:00 +0600] "GET /content/blogcategory/1/66/ HTTP/1.0" 200 7325 "http://csdb.ufanet.ru/content/view/989/66/" "Mozilla/5.0 (Windows NT 6.1; WOW64) AppleWebKit/536.5 (KHTML, like Gecko) Chrome/19.0.1084.52 Safari/536.5"
94.41.88.43 - - [05/Jun/2012:09:58:00 +0600] "GET /content/blogcategory/1/66/5/5/ HTTP/1.0" 200 6934 "http://csdb.ufanet.ru/content/blogcategory/1/66/" "Mozilla/5.0 (Windows NT 6.1; rv:12.0) Gecko/20100101 Firefox/12.0"
66.249.66.77 - - [05/Jun/2012:09:58:10 +0600] "GET /content/view/580/113/ HTTP/1.0" 200 5090 "-" "Mozilla/5.0 (compatible; Googlebot/2.1; +http://www.google.com/bot.html)"
178.154.163.30 - - [05/Jun/2012:09:58:23 +0600] "GET /content/view/998/66/ HTTP/1.0" 200 5819 "-" "Mozilla/5.0 (compatible; YandexBot/3.0; +http://yandex.com/bots)"
66.249.71.59 - - [05/Jun/2012:10:02:02 +0600] "GET /index2.php?option=com_content&task=view&id=520&pop=1&page=0&Itemid=1 HTTP/1.0" 200 560 "-" "Mozilla/5.0 (compatible; Googlebot/2.1; +http://www.google.com/bot.html)"
213.180.206.197 - - [05/Jun/2012:10:02:05 +0600] "GET / HTTP/1.0" 200 24021 "-" "Mozilla/5.0 (compatible; YandexMetrika/2.0; +http://yandex.com/bots)"
157.55.17.197 - - [05/Jun/2012:10:04:57 +0600] "GET /files/ucazatel/salavat.pdf HTTP/1.0" 200 264049 "-" "Mozilla/5.0 (compatible; bingbot/2.0; +http://www.bing.com/bingbot.htm)"
66.249.66.77 - - [05/Jun/2012:10:05:38 +0600] "GET /content/view/240/66/ HTTP/1.0" 200 5806 "-" "Mozilla/5.0 (compatible; Googlebot/2.1; +http://www.google.com/bot.html)"
178.238.46.23 - - [05/Jun/2012:10:07:02 +0600] "GET / HTTP/1.0" 200 6436 "-" "Phantom.js bot"
178.238.46.23 - - [05/Jun/2012:10:07:04 +0600] "GET /images/cgdb.swf HTTP/1.0" 200 19792297 "-" "Phantom.js bot"
178.154.163.30 - - [05/Jun/2012:10:07:47 +0600] "GET /content/blogcategory/1/66 HTTP/1.0" 200 7325 "-" "Mozilla/5.0 (compatible; YandexBot/3.0; +http://yandex.com/bots)"
93.158.155.137 - - [05/Jun/2012:10:12:47 +0600] "GET / HTTP/1.0" 200 24021 "-" "Mozilla/5.0 (compatible; YandexMetrika/2.0; +http://yandex.com/bots)"
66.249.66.77 - - [05/Jun/2012:10:14:31 +0600] "GET /content/view/334/ HTTP/1.0" 200 4662 "-" "Mozilla/5.0 (compatible; Googlebot/2.1; +http://www.google.com/bot.html)"
178.154.163.30 - - [05/Jun/2012:10:14:32 +0600] "GET /index.php?option=com_joomap&view=google HTTP/1.0" 200 67728 "-" "Mozilla/5.0 (compatible; YandexBot/3.0; +http://yandex.com/bots)"
95.105.76.15 - - [05/Jun/2012:10:16:54 +0600] "GET / HTTP/1.0" 200 6453 "-" "Mozilla/5.0 (Windows NT 5.1) AppleWebKit/536.5 (KHTML, like Gecko) Chrome/19.0.1084.52 Safari/536.5"
95.105.76.15 - - [05/Jun/2012:10:17:08 +0600] "GET /content/blogcategory/1/66/ HTTP/1.0" 200 7327 "http://csdb.ufanet.ru/" "Mozilla/5.0 (Windows NT 5.1) AppleWebKit/536.5 (KHTML, like Gecko) Chrome/19.0.1084.52 Safari/536.5"
178.154.163.30 - - [05/Jun/2012:10:18:06 +0600] "GET /content/view/310/91/ HTTP/1.0" 200 6108 "-" "Mozilla/5.0 (compatible; YandexBot/3.0; +http://yandex.com/bots)"
95.105.76.15 - - [05/Jun/2012:10:19:51 +0600] "GET /content/blogcategory/1/66/5/5/ HTTP/1.0" 200 6934 "http://csdb.ufanet.ru/content/blogcategory/1/66/" "Mozilla/5.0 (Windows NT 5.1) AppleWebKit/536.5 (KHTML, like Gecko) Chrome/19.0.1084.52 Safari/536.5"
95.110.43.198 - - [05/Jun/2012:10:21:13 +0600] "GET /content/view/570/ HTTP/1.0" 200 4385 "http://yandex.ru/yandsearch?text=%D1%87%D0%B8%D1%82%D0%B0%D1%8E%D1%89%D0%B8%D0%B9+%D0%B3%D0%BE%D1%80%D0%BE%D0%B4+%D0%BF%D0%BB%D0%B0%D0%BD+%D0%BC%D0%B5%D1%80%D0%BE%D0%BF%D1%80%D0%B8%D1%8F%D1%82%D0%B8%D0%B9&clid=135293&lr=172" "Mozilla/4.0 (compatible; MSIE 8.0; Windows NT 5.1; Trident/4.0; MRSPUTNIK 2, 4, 0, 516; .NET CLR 1.1.4322; .NET CLR 2.0.50727; AskTbPTV2/5.14.1.20007)"
178.154.163.30 - - [05/Jun/2012:10:21:31 +0600] "GET /mb38/ HTTP/1.0" 304 - "-" "Mozilla/5.0 (compatible; YandexBot/3.0; +http://yandex.com/bots)"
95.105.76.15 - - [05/Jun/2012:10:22:00 +0600] "GET /content/blogcategory/1/66/5/10/ HTTP/1.0" 200 7742 "http://csdb.ufanet.ru/content/blogcategory/1/66/5/5/" "Mozilla/5.0 (Windows NT 5.1) AppleWebKit/536.5 (KHTML, like Gecko) Chrome/19.0.1084.52 Safari/536.5"
95.105.76.15 - - [05/Jun/2012:10:22:06 +0600] "GET /images/mb/img38/free_access.swf HTTP/1.0" 206 1 "http://csdb.ufanet.ru/mb38/" "Mozilla/5.0 (Windows NT 5.1) AppleWebKit/536.5 (KHTML, like Gecko) Chrome/19.0.1084.52 Safari/536.5"
95.105.76.15 - - [05/Jun/2012:10:22:07 +0600] "GET /images/mb/img38/free_access.swf HTTP/1.0" 206 2972871 "http://csdb.ufanet.ru/mb38/" "Mozilla/5.0 (Windows NT 5.1) AppleWebKit/536.5 (KHTML, like Gecko) Chrome/19.0.1084.52 Safari/536.5"
66.249.66.77 - - [05/Jun/2012:10:22:16 +0600] "GET /content/view/580/1/ HTTP/1.0" 200 5528 "-" "Mozilla/5.0 (compatible; Googlebot/2.1; +http://www.google.com/bot.html)"
95.105.76.15 - - [05/Jun/2012:10:22:40 +0600] "GET /images/mb/img38/free_access.swf HTTP/1.0" 206 1 "http://csdb.ufanet.ru/mb38/" "Mozilla/5.0 (Windows NT 5.1) AppleWebKit/536.5 (KHTML, like Gecko) Chrome/19.0.1084.52 Safari/536.5"
95.105.76.15 - - [05/Jun/2012:10:22:41 +0600] "GET /images/mb/img38/free_access.swf HTTP/1.0" 206 2972871 "http://csdb.ufanet.ru/mb38/" "Mozilla/5.0 (Windows NT 5.1) AppleWebKit/536.5 (KHTML, like Gecko) Chrome/19.0.1084.52 Safari/536.5"
95.105.76.15 - - [05/Jun/2012:10:22:42 +0600] "GET /content/blogcategory/1/66/5/10/ HTTP/1.0" 200 7744 "http://csdb.ufanet.ru/content/blogcategory/1/66/5/5/" "Mozilla/5.0 (Windows NT 5.1) AppleWebKit/536.5 (KHTML, like Gecko) Chrome/19.0.1084.52 Safari/536.5"
95.105.76.15 - - [05/Jun/2012:10:22:50 +0600] "GET /content/view/310/91/ HTTP/1.0" 200 6109 "http://csdb.ufanet.ru/content/blogcategory/1/66/5/10/" "Mozilla/5.0 (Windows NT 5.1) AppleWebKit/536.5 (KHTML, like Gecko) Chrome/19.0.1084.52 Safari/536.5"
95.105.76.15 - - [05/Jun/2012:10:22:54 +0600] "GET /content/blogcategory/45/210/ HTTP/1.0" 200 5123 "http://csdb.ufanet.ru/content/view/310/91/" "Mozilla/5.0 (Windows NT 5.1) AppleWebKit/536.5 (KHTML, like Gecko) Chrome/19.0.1084.52 Safari/536.5"
95.105.76.15 - - [05/Jun/2012:10:23:01 +0600] "GET /content/view/310/91/ HTTP/1.0" 200 6109 "http://csdb.ufanet.ru/content/blogcategory/1/66/5/10/" "Mozilla/5.0 (Windows NT 5.1) AppleWebKit/536.5 (KHTML, like Gecko) Chrome/19.0.1084.52 Safari/536.5"
95.105.76.15 - - [05/Jun/2012:10:23:04 +0600] "GET /content/blogcategory/1/66/5/10/ HTTP/1.0" 200 7742 "http://csdb.ufanet.ru/content/blogcategory/1/66/5/5/" "Mozilla/5.0 (Windows NT 5.1) AppleWebKit/536.5 (KHTML, like Gecko) Chrome/19.0.1084.52 Safari/536.5"
95.105.76.15 - - [05/Jun/2012:10:23:11 +0600] "GET /content/view/397/189/ HTTP/1.0" 200 5411 "http://csdb.ufanet.ru/content/blogcategory/1/66/5/10/" "Mozilla/5.0 (Windows NT 5.1) AppleWebKit/536.5 (KHTML, like Gecko) Chrome/19.0.1084.52 Safari/536.5"
95.105.76.15 - - [05/Jun/2012:10:23:15 +0600] "GET /content/blogcategory/46/222/ HTTP/1.0" 200 6307 "http://csdb.ufanet.ru/content/view/397/189/" "Mozilla/5.0 (Windows NT 5.1) AppleWebKit/536.5 (KHTML, like Gecko) Chrome/19.0.1084.52 Safari/536.5"
95.105.76.15 - - [05/Jun/2012:10:24:27 +0600] "GET /content/view/1003/222/ HTTP/1.0" 200 6050 "http://csdb.ufanet.ru/content/blogcategory/46/222/" "Mozilla/5.0 (Windows NT 5.1) AppleWebKit/536.5 (KHTML, like Gecko) Chrome/19.0.1084.52 Safari/536.5"
95.105.76.15 - - [05/Jun/2012:10:26:16 +0600] "GET /content/blogcategory/46/222/ HTTP/1.0" 200 6306 "http://csdb.ufanet.ru/content/view/397/189/" "Mozilla/5.0 (Windows NT 5.1) AppleWebKit/536.5 (KHTML, like Gecko) Chrome/19.0.1084.52 Safari/536.5"
95.105.76.15 - - [05/Jun/2012:10:26:20 +0600] "GET /content/view/397/189/ HTTP/1.0" 200 5411 "http://csdb.ufanet.ru/content/blogcategory/1/66/5/10/" "Mozilla/5.0 (Windows NT 5.1) AppleWebKit/536.5 (KHTML, like Gecko) Chrome/19.0.1084.52 Safari/536.5"
95.105.76.15 - - [05/Jun/2012:10:26:23 +0600] "GET /images/stories/videos/main1.flv HTTP/1.0" 206 1 "http://csdb.ufanet.ru/mambots/content/jw_allvideos/players/mediaplayer_4.0.46.swf" "Mozilla/5.0 (Windows NT 5.1) AppleWebKit/536.5 (KHTML, like Gecko) Chrome/19.0.1084.52 Safari/536.5"
95.105.76.15 - - [05/Jun/2012:10:26:23 +0600] "GET /content/blogcategory/1/66/5/10/ HTTP/1.0" 200 7745 "http://csdb.ufanet.ru/content/blogcategory/1/66/5/5/" "Mozilla/5.0 (Windows NT 5.1) AppleWebKit/536.5 (KHTML, like Gecko) Chrome/19.0.1084.52 Safari/536.5"
95.105.76.15 - - [05/Jun/2012:10:26:28 +0600] "GET /images/mb/img38/free_access.swf HTTP/1.0" 206 1 "http://csdb.ufanet.ru/mb38/" "Mozilla/5.0 (Windows NT 5.1) AppleWebKit/536.5 (KHTML, like Gecko) Chrome/19.0.1084.52 Safari/536.5"
95.105.76.15 - - [05/Jun/2012:10:26:28 +0600] "GET /images/mb/img38/free_access.swf HTTP/1.0" 206 2972871 "http://csdb.ufanet.ru/mb38/" "Mozilla/5.0 (Windows NT 5.1) AppleWebKit/536.5 (KHTML, like Gecko) Chrome/19.0.1084.52 Safari/536.5"
66.249.66.77 - - [05/Jun/2012:10:27:26 +0600] "GET /content/view/720/ HTTP/1.0" 200 4777 "-" "Mozilla/5.0 (compatible; Googlebot/2.1; +http://www.google.com/bot.html)"
65.52.104.19 - - [05/Jun/2012:10:27:55 +0600] "GET /content/view/53/47/ HTTP/1.0" 200 7364 "-" "Mozilla/5.0 (compatible; bingbot/2.0; +http://www.bing.com/bingbot.htm)"
178.89.165.116 - - [05/Jun/2012:10:29:47 +0600] "GET /content/view/793/1/ HTTP/1.0" 200 5485 "http://www.google.ru/url?sa=t&rct=j&q=%D0%BD%D0%B5%D0%B4%D0%B5%D0%BB%D1%8F+%D0%B2%D0%BE%D0%B7%D0%B2%D1%80%D0%B0%D1%89%D1%91%D0%BD%D0%BD%D0%BE%D0%B9+%D0%BA%D0%BD%D0%B8%D0%B3%D0%B8+%D0%B2+%D0%B4%D0%B5%D1%82%D1%81%D0%BA%D0%BE%D0%B9+%D0%B1%D0%B8%D0%B1%D0%BB%D0%B8%D0%BE%D1%82%D0%B5%D0%BA%D0%B5&source=web&cd=1&ved=0CF0QFjAA&url=http%3A%2F%2Fcsdb.ufanet.ru%2Fcontent%2Fview%2F793%2F1%2F&ei=NIvNT6fyLoOeOuWcnA8&usg=AFQjCNESv2QTE5cim82zXnyLNmdaAYc-yA&cad=rjt" "Opera/9.80 (Windows NT 6.1; U; ru) Presto/2.10.229 Version/11.64"
178.154.163.30 - - [05/Jun/2012:10:29:53 +0600] "GET /content/section/8/55/ HTTP/1.0" 200 5221 "-" "Mozilla/5.0 (compatible; YandexBot/3.0; +http://yandex.com/bots)"
178.89.165.116 - - [05/Jun/2012:10:31:55 +0600] "GET /component/option,com_facileforms/Itemid,71/ HTTP/1.0" 200 5211 "http://csdb.ufanet.ru/content/view/793/1/" "Opera/9.80 (Windows NT 6.1; U; ru) Presto/2.10.229 Version/11.64"
178.89.165.116 - - [05/Jun/2012:10:31:57 +0600] "GET /index2.php?option=com_facileforms&Itemid=71&ff_form=11&ff_frame=1&ff_border=1 HTTP/1.0" 200 4042 "http://csdb.ufanet.ru/component/option,com_facileforms/Itemid,71/" "Opera/9.80 (Windows NT 6.1; U; ru) Presto/2.10.229 Version/11.64"
178.89.165.116 - - [05/Jun/2012:10:31:58 +0600] "GET /components/com_facileforms/secimage.php?sessid=5ip4pf6gd679a9ur67h6o5fus6 HTTP/1.0" 200 273 "http://csdb.ufanet.ru/index2.php?option=com_facileforms&Itemid=71&ff_form=11&ff_frame=1&ff_border=1" "Opera/9.80 (Windows NT 6.1; U; ru) Presto/2.10.229 Version/11.64"
178.89.165.116 - - [05/Jun/2012:10:32:12 +0600] "GET /content/category/12/40/86/ HTTP/1.0" 200 5595 "http://csdb.ufanet.ru/component/option,com_facileforms/Itemid,71/" "Opera/9.80 (Windows NT 6.1; U; ru) Presto/2.10.229 Version/11.64"
178.89.165.116 - - [05/Jun/2012:10:32:20 +0600] "GET /content/category/14/43/192/ HTTP/1.0" 200 5353 "http://csdb.ufanet.ru/content/category/12/40/86/" "Opera/9.80 (Windows NT 6.1; U; ru) Presto/2.10.229 Version/11.64"
178.89.165.116 - - [05/Jun/2012:10:32:28 +0600] "GET /content/category/14/42/183/ HTTP/1.0" 200 5731 "http://csdb.ufanet.ru/content/category/14/43/192/" "Opera/9.80 (Windows NT 6.1; U; ru) Presto/2.10.229 Version/11.64"
178.129.57.1 - - [05/Jun/2012:10:32:33 +0600] "GET /content/view/310/91 HTTP/1.0" 200 6109 "http://yandex.ru/yandsearch?text=%D0%91%D0%B8%D0%B1%D0%BB%D0%B8%D0%BE%D1%82%D0%B5%D0%BA%D0%B0%20%20%D0%B8%20%D0%BA%D1%83%D0%BA%D0%BE%D0%BB%D1%8C%D0%BD%D1%8B%D0%B9%20%D1%82%D0%B5%D0%B0%D1%82%D1%80%20%D0%BF%D1%80%D0%BE%D0%B5%D0%BA%D1%82&from=fx3&clid=46510&lr=11114" "Mozilla/5.0 (Windows NT 5.1; rv:6.0.2) Gecko/20100101 Firefox/6.0.2"
178.89.165.116 - - [05/Jun/2012:10:32:38 +0600] "GET /content/section/8/55/ HTTP/1.0" 200 5185 "http://csdb.ufanet.ru/content/category/14/42/183/" "Opera/9.80 (Windows NT 6.1; U; ru) Presto/2.10.229 Version/11.64"
178.89.165.116 - - [05/Jun/2012:10:32:43 +0600] "GET /content/category/8/26/55/ HTTP/1.0" 200 5333 "http://csdb.ufanet.ru/content/section/8/55/" "Opera/9.80 (Windows NT 6.1; U; ru) Presto/2.10.229 Version/11.64"
178.89.165.116 - - [05/Jun/2012:10:32:46 +0600] "GET /content/view/75/55/ HTTP/1.0" 200 6457 "http://csdb.ufanet.ru/content/category/8/26/55/" "Opera/9.80 (Windows NT 6.1; U; ru) Presto/2.10.229 Version/11.64"
178.89.165.116 - - [05/Jun/2012:10:32:55 +0600] "GET /content/blogcategory/1/66/ HTTP/1.0" 200 7281 "http://csdb.ufanet.ru/content/view/75/55/" "Opera/9.80 (Windows NT 6.1; U; ru) Presto/2.10.229 Version/11.64"
178.154.163.30 - - [05/Jun/2012:10:33:09 +0600] "GET /component/option,com_joomap/Itemid,64/ HTTP/1.0" 200 19654 "-" "Mozilla/5.0 (compatible; YandexBot/3.0; +http://yandex.com/bots)"
178.89.165.116 - - [05/Jun/2012:10:33:35 +0600] "GET /component/option,com_wrapper/Itemid,235/ HTTP/1.0" 200 4454 "http://csdb.ufanet.ru/content/blogcategory/1/66/" "Opera/9.80 (Windows NT 6.1; U; ru) Presto/2.10.229 Version/11.64"
178.89.165.116 - - [05/Jun/2012:10:33:35 +0600] "GET /cgi-bin/zgate?Init+test.xml,simple.xsl+rus HTTP/1.0" 200 445 "http://csdb.ufanet.ru/component/option,com_wrapper/Itemid,235/" "Opera/9.80 (Windows NT 6.1; U; ru) Presto/2.10.229 Version/11.64"
178.89.165.116 - - [05/Jun/2012:10:33:43 +0600] "GET /content/category/5/18/47/ HTTP/1.0" 200 5483 "http://csdb.ufanet.ru/component/option,com_wrapper/Itemid,235/" "Opera/9.80 (Windows NT 6.1; U; ru) Presto/2.10.229 Version/11.64"
178.89.165.116 - - [05/Jun/2012:10:33:49 +0600] "GET /content/view/53/47/ HTTP/1.0" 200 7329 "http://csdb.ufanet.ru/content/category/5/18/47/" "Opera/9.80 (Windows NT 6.1; U; ru) Presto/2.10.229 Version/11.64"
178.89.165.116 - - [05/Jun/2012:10:33:57 +0600] "GET /content/view/886/254/ HTTP/1.0" 200 8721 "http://csdb.ufanet.ru/content/view/53/47/" "Opera/9.80 (Windows NT 6.1; U; ru) Presto/2.10.229 Version/11.64"
178.89.165.116 - - [05/Jun/2012:10:34:17 +0600] "GET /content/view/888/256/ HTTP/1.0" 200 8247 "http://csdb.ufanet.ru/content/view/53/47/" "Opera/9.80 (Windows NT 6.1; U; ru) Presto/2.10.229 Version/11.64"
95.108.141.3 - - [05/Jun/2012:10:34:50 +0600] "HEAD /content/blogcategory/1/66 HTTP/1.0" 200 - "-" "Mozilla/5.0 (compatible; YandexSitelinks; Dyatel; +http://yandex.com/bots)"
178.154.163.30 - - [05/Jun/2012:10:34:51 +0600] "GET /content/view/986/210/ HTTP/1.0" 200 4063 "-" "Mozilla/5.0 (compatible; YandexBot/3.0; +http://yandex.com/bots)"
178.89.165.116 - - [05/Jun/2012:10:34:53 +0600] "GET /content/view/887/255/ HTTP/1.0" 200 10037 "http://csdb.ufanet.ru/content/view/53/47/" "Opera/9.80 (Windows NT 6.1; U; ru) Presto/2.10.229 Version/11.64"
178.89.165.116 - - [05/Jun/2012:10:35:14 +0600] "GET /content/view/125/146/ HTTP/1.0" 200 7533 "http://csdb.ufanet.ru/content/view/53/47/" "Opera/9.80 (Windows NT 6.1; U; ru) Presto/2.10.229 Version/11.64"
178.89.165.116 - - [05/Jun/2012:10:35:28 +0600] "GET /files/scen_prazd/openNDK.pdf HTTP/1.0" 200 115591 "http://csdb.ufanet.ru/content/view/53/47/" "Opera/9.80 (Windows NT 6.1; U; ru) Presto/2.10.229 Version/11.64"
178.154.163.30 - - [05/Jun/2012:10:35:33 +0600] "GET /content/view/985/66/ HTTP/1.0" 200 6256 "-" "Mozilla/5.0 (compatible; YandexBot/3.0; +http://yandex.com/bots)"
213.180.206.197 - - [05/Jun/2012:10:36:48 +0600] "GET / HTTP/1.0" 200 24011 "-" "Mozilla/5.0 (compatible; YandexMetrika/2.0; +http://yandex.com/bots)"
66.249.66.77 - - [05/Jun/2012:10:37:47 +0600] "GET /content/view/349/ HTTP/1.0" 200 4531 "-" "Mozilla/5.0 (compatible; Googlebot/2.1; +http://www.google.com/bot.html)"
66.249.66.77 - - [05/Jun/2012:10:40:01 +0600] "GET /content/view/205/ HTTP/1.0" 200 5136 "-" "Mozilla/5.0 (compatible; Googlebot/2.1; +http://www.google.com/bot.html)"
66.249.71.59 - - [05/Jun/2012:10:40:22 +0600] "GET /content/view/395/ HTTP/1.0" 200 5022 "-" "Mozilla/5.0 (compatible; Googlebot/2.1; +http://www.google.com/bot.html)"
157.55.18.24 - - [05/Jun/2012:10:40:55 +0600] "GET /content/view/811/47/ HTTP/1.0" 200 5143 "-" "Mozilla/5.0 (compatible; bingbot/2.0; +http://www.bing.com/bingbot.htm)"
66.249.66.77 - - [05/Jun/2012:10:42:06 +0600] "GET /content/view/374/ HTTP/1.0" 200 5497 "-" "Mozilla/5.0 (compatible; Googlebot/2.1; +http://www.google.com/bot.html)"
31.23.10.200 - - [05/Jun/2012:10:43:45 +0600] "GET /content/view/54/47/ HTTP/1.0" 200 7426 "http://go.mail.ru/search?q=%20%D0%BF%D0%BB%D0%B0%D0%BD%20%D1%80%D0%B0%D0%B1%D0%BE%D1%82%D1%8B%20%20%20%D0%B4%D0%B5%D1%82%D1%81%D0%BA%D0%BE%D0%B9%20%D0%B1%D0%B8%D0%B1%D0%BB%D0%B8%D0%BE%D1%82%D0%B5%D0%BA%D0%B8%20&num=10&rch=e&sf=310" "Mozilla/4.0 (compatible; MSIE 6.0; Windows NT 5.1; SV1; GTB7.3)"
31.23.10.200 - - [05/Jun/2012:10:44:14 +0600] "GET /content/view/976/1/ HTTP/1.0" 200 7401 "http://csdb.ufanet.ru/content/view/54/47/" "Mozilla/4.0 (compatible; MSIE 6.0; Windows NT 5.1; SV1; GTB7.3)"
178.154.163.30 - - [05/Jun/2012:10:45:31 +0600] "GET /files/ucazatel/salavat.pdf HTTP/1.0" 304 - "-" "Mozilla/5.0 (compatible; YandexBot/3.0; +http://yandex.com/bots)"
62.165.49.194 - - [05/Jun/2012:10:51:38 +0600] "GET /files/ucazatel/Zochenko.pdf HTTP/1.0" 200 2124737 "http://yandex.ru/yandsearch?p=2&text=%D0%B1%D0%B5%D1%81%D0%BF%D0%BB%D0%B0%D1%82%D0%BD%D0%BE+%D0%BF%D1%80%D0%BE%D1%87%D0%B8%D1%82%D0%B0%D1%82%D1%8C+%D1%82%D0%B5%D0%BA%D1%81%D1%82+%D0%9C.%D0%9C.%D0%97%D0%BE%D1%89%D0%B5%D0%BD%D0%BA%D0%BE+%D0%B3%D0%B0%D0%BB%D0%BE%D1%88%D0%B8+%D0%B8+%D0%BC%D0%BE%D1%80%D0%BE%D0%B6%D0%B5%D0%BD%D0%BE%D0%B5&lr=235" "Mozilla/4.0 (compatible; MSIE 8.0; Windows NT 6.0; WOW64; Trident/4.0; MRA 5.6 (build 03278); SLCC1; .NET CLR 2.0.50727; .NET CLR 3.5.30729; .NET CLR 3.0.30618)"
66.249.66.77 - - [05/Jun/2012:10:52:52 +0600] "GET /content/view/409/ HTTP/1.0" 200 5535 "-" "Mozilla/5.0 (compatible; Googlebot/2.1; +http://www.google.com/bot.html)"
178.154.163.30 - - [05/Jun/2012:10:53:33 +0600] "GET /content/view/695/122/ HTTP/1.0" 200 5104 "-" "Mozilla/5.0 (compatible; YandexBot/3.0; +http://yandex.com/bots)"
91.201.64.24 - - [05/Jun/2012:10:57:07 +0600] "GET /index2.php?option=com_content&task=view&id=829&pop=1&page=0&Itemid=66 HTTP/1.0" 200 1272 "-" "Mozilla/5.0 (X11; U; Linux i686; pl; rv:1.8.0.7) Gecko/20060914 Firefox/1.5.0.7 (Swiftfox)"
66.249.66.77 - - [05/Jun/2012:10:57:30 +0600] "GET /content/view/657/154/ HTTP/1.0" 200 5095 "-" "Mozilla/5.0 (compatible; Googlebot/2.1; +http://www.google.com/bot.html)"
66.249.66.77 - - [05/Jun/2012:11:01:55 +0600] "GET /content/view/381/ HTTP/1.0" 200 4941 "-" "Mozilla/5.0 (compatible; Googlebot/2.1; +http://www.google.com/bot.html)"
178.154.163.30 - - [05/Jun/2012:11:02:34 +0600] "GET /content/view/1001/ HTTP/1.0" 200 18104 "-" "Mozilla/5.0 (compatible; YandexBot/3.0; +http://yandex.com/bots)"
66.249.66.77 - - [05/Jun/2012:11:04:57 +0600] "GET /content/view/399/ HTTP/1.0" 200 5097 "-" "Mozilla/5.0 (compatible; Googlebot/2.1; +http://www.google.com/bot.html)"
68.233.226.103 - - [05/Jun/2012:11:05:02 +0600] "GET /content/view/793/183/content/view/659/1/ HTTP/1.0" 200 13043 "-" "Mozilla/5.0 (Windows NT 5.1) AppleWebKit/535.2 (KHTML, like Gecko) Chrome/15.0.872.0 Safari/535.2"
66.249.66.77 - - [05/Jun/2012:11:09:41 +0600] "GET /content/view/649/ HTTP/1.0" 200 4972 "-" "Mozilla/5.0 (compatible; Googlebot/2.1; +http://www.google.com/bot.html)"
213.180.206.197 - - [05/Jun/2012:11:10:22 +0600] "GET / HTTP/1.0" 200 23975 "-" "Mozilla/5.0 (compatible; YandexMetrika/2.0; +http://yandex.com/bots)"
178.154.163.30 - - [05/Jun/2012:11:10:46 +0600] "GET /content/view/1001/127/ HTTP/1.0" 200 19270 "-" "Mozilla/5.0 (compatible; YandexBot/3.0; +http://yandex.com/bots)"
31.23.10.200 - - [05/Jun/2012:11:17:33 +0600] "GET /content/view/794/1/ HTTP/1.0" 200 6072 "http://csdb.ufanet.ru/content/view/976/1/" "Mozilla/4.0 (compatible; MSIE 6.0; Windows NT 5.1; SV1; GTB7.3)"
178.154.163.30 - - [05/Jun/2012:11:17:37 +0600] "GET /content/view/820/119/ HTTP/1.0" 200 5089 "-" "Mozilla/5.0 (compatible; YandexBot/3.0; +http://yandex.com/bots)"
31.23.10.200 - - [05/Jun/2012:11:17:46 +0600] "GET /content/category/5/18/47/ HTTP/1.0" 200 5517 "http://csdb.ufanet.ru/content/view/794/1/" "Mozilla/4.0 (compatible; MSIE 6.0; Windows NT 5.1; SV1; GTB7.3)"
31.23.10.200 - - [05/Jun/2012:11:17:56 +0600] "GET /content/view/204/47/ HTTP/1.0" 200 10203 "http://csdb.ufanet.ru/content/category/5/18/47/" "Mozilla/4.0 (compatible; MSIE 6.0; Windows NT 5.1; SV1; GTB7.3)"
31.23.10.200 - - [05/Jun/2012:11:18:56 +0600] "GET /content/view/54/47/ HTTP/1.0" 200 7429 "http://go.mail.ru/search?q=%20%D0%BF%D0%BB%D0%B0%D0%BD%20%D1%80%D0%B0%D0%B1%D0%BE%D1%82%D1%8B%20%20%20%D0%B4%D0%B5%D1%82%D1%81%D0%BA%D0%BE%D0%B9%20%D0%B1%D0%B8%D0%B1%D0%BB%D0%B8%D0%BE%D1%82%D0%B5%D0%BA%D0%B8%20&num=10&rch=e&sf=310" "Mozilla/4.0 (compatible; MSIE 6.0; Windows NT 5.1; SV1; GTB7.3)"
66.249.66.77 - - [05/Jun/2012:11:19:36 +0600] "GET /content/view/406/ HTTP/1.0" 200 5544 "-" "Mozilla/5.0 (compatible; Googlebot/2.1; +http://www.google.com/bot.html)"
178.213.207.85 - - [05/Jun/2012:11:20:58 +0600] "GET /content/view/128/47 HTTP/1.0" 200 12518 "http://yandex.ru/yandsearch?p=1&text=%D0%BC%D0%B5%D1%80%D0%BE%D0%BF%D1%80%D0%B8%D1%8F%D1%82%D0%B8%D1%8F+%D0%B2+%D0%B1%D0%B8%D0%B1%D0%BB%D0%B8%D0%BE%D1%82%D0%B5%D0%BA%D0%B5+%D1%81+%D0%BF%D0%BE%D1%8D%D1%82%D0%B0%D0%BC%D0%B8-%D0%B7%D0%B5%D0%BC%D0%BB%D1%8F%D0%BA%D0%B0%D0%BC%D0%B8&lr=54" "Mozilla/4.0 (compatible; MSIE 7.0; Windows NT 5.1; .NET CLR 1.1.4322; .NET CLR 2.0.50727)"
95.108.141.3 - - [05/Jun/2012:11:21:10 +0600] "HEAD /component/option,com_wrapper/Itemid,235/ HTTP/1.0" 200 - "-" "Mozilla/5.0 (compatible; YandexSitelinks; Dyatel; +http://yandex.com/bots)"
84.54.232.43 - - [05/Jun/2012:11:22:07 +0600] "GET /content/view/652/66/ HTTP/1.0" 200 6226 "http://yandex.ru/yandsearch?text=%D0%B1%D0%B8%D0%B1%D0%BB%D0%B8%D0%BE%D0%BF%D0%BE%D0%BB%D1%8F%D0%BD%D0%BA%D0%B0+&clid=155842&lr=36&fyandex=1" "Opera/9.80 (Windows NT 5.1; U; Edition Yx; ru) Presto/2.10.229 Version/11.64"
178.154.163.30 - - [05/Jun/2012:11:24:29 +0600] "GET /content/view/1001/255/ HTTP/1.0" 200 19287 "-" "Mozilla/5.0 (compatible; YandexBot/3.0; +http://yandex.com/bots)"
66.249.66.77 - - [05/Jun/2012:11:24:51 +0600] "GET /index2.php?option=com_content&task=view&id=349&pop=1&page=0 HTTP/1.0" 200 1215 "-" "Mozilla/5.0 (compatible; Googlebot/2.1; +http://www.google.com/bot.html)"
74.125.17.223 - - [05/Jun/2012:11:25:00 +0600] "GET /component/option,com_joomap/Itemid,64/ HTTP/1.0" 200 19650 "http://www.google.com/search" "Mozilla/5.0 (X11; Linux x86_64) AppleWebKit/536.8 (KHTML, like Gecko; Google Web Preview) Chrome/19.0.1084.36 Safari/536.8"
84.54.232.43 - - [05/Jun/2012:11:25:00 +0600] "GET /content/view/651/66/ HTTP/1.0" 200 6309 "http://csdb.ufanet.ru/content/view/652/66/" "Opera/9.80 (Windows NT 5.1; U; Edition Yx; ru) Presto/2.10.229 Version/11.64"
178.35.204.198 - - [05/Jun/2012:11:26:37 +0600] "GET /files/ucazatel/Mumitrol.pdf HTTP/1.0" 200 634741 "http://yandex.ru/yandsearch?text=%D0%A7%D0%B8%D1%82%D0%B0%D1%82%D1%8C+%D0%A2.%D0%AF%D0%BD%D1%81%D1%81%D0%BE%D0%BD+%22%D0%9C%D1%83%D0%BC%D0%B8-%D1%82%D1%80%D0%BE%D0%BB%D0%BB%D1%8C+%D0%B8+%D1%81%D1%82%D1%80%D0%B0%D1%88%D0%BD%D0%B0%D1%8F+%D0%BA%D0%BE%D0%BC%D0%B5%D0%BD%D0%B0%22&lr=37" "Opera/9.80 (Windows NT 6.1; U; Edition Yx; MRA 5.8 (build 4598); ru) Presto/2.10.229 Version/11.64"
94.41.246.14 - - [05/Jun/2012:11:27:29 +0600] "GET / HTTP/1.0" 200 6473 "-" "Mozilla/5.0 (Windows NT 5.1) AppleWebKit/536.5 (KHTML, like Gecko) Chrome/19.0.1084.52 Safari/536.5"
94.41.246.14 - - [05/Jun/2012:11:27:48 +0600] "GET /content/blogcategory/1/66/ HTTP/1.0" 200 7323 "http://csdb.ufanet.ru/" "Mozilla/5.0 (Windows NT 5.1) AppleWebKit/536.5 (KHTML, like Gecko) Chrome/19.0.1084.52 Safari/536.5"
94.41.246.14 - - [05/Jun/2012:11:28:05 +0600] "GET /content/blogcategory/1/66/5/5/ HTTP/1.0" 200 6932 "http://csdb.ufanet.ru/content/blogcategory/1/66/" "Mozilla/5.0 (Windows NT 5.1) AppleWebKit/536.5 (KHTML, like Gecko) Chrome/19.0.1084.52 Safari/536.5"
94.41.246.14 - - [05/Jun/2012:11:28:19 +0600] "GET /content/blogcategory/1/66/5/10/ HTTP/1.0" 200 7746 "http://csdb.ufanet.ru/content/blogcategory/1/66/5/5/" "Mozilla/5.0 (Windows NT 5.1) AppleWebKit/536.5 (KHTML, like Gecko) Chrome/19.0.1084.52 Safari/536.5"
94.41.246.14 - - [05/Jun/2012:11:28:45 +0600] "GET /content/blogcategory/1/66/5/15/ HTTP/1.0" 200 7524 "http://csdb.ufanet.ru/content/blogcategory/1/66/5/10/" "Mozilla/5.0 (Windows NT 5.1) AppleWebKit/536.5 (KHTML, like Gecko) Chrome/19.0.1084.52 Safari/536.5"
94.41.246.14 - - [05/Jun/2012:11:28:56 +0600] "GET /content/blogcategory/1/66/5/10/ HTTP/1.0" 200 7746 "http://csdb.ufanet.ru/content/blogcategory/1/66/5/15/" "Mozilla/5.0 (Windows NT 5.1) AppleWebKit/536.5 (KHTML, like Gecko) Chrome/19.0.1084.52 Safari/536.5"
94.41.246.14 - - [05/Jun/2012:11:29:03 +0600] "GET /content/blogcategory/1/66/5/5/ HTTP/1.0" 200 6934 "http://csdb.ufanet.ru/content/blogcategory/1/66/5/10/" "Mozilla/5.0 (Windows NT 5.1) AppleWebKit/536.5 (KHTML, like Gecko) Chrome/19.0.1084.52 Safari/536.5"
84.54.232.43 - - [05/Jun/2012:11:29:12 +0600] "GET /content/view/649/66/ HTTP/1.0" 200 6013 "http://csdb.ufanet.ru/content/view/651/66/" "Opera/9.80 (Windows NT 5.1; U; Edition Yx; ru) Presto/2.10.229 Version/11.64"
94.41.246.14 - - [05/Jun/2012:11:29:33 +0600] "GET /content/blogcategory/1/66/5/0/ HTTP/1.0" 200 7327 "http://csdb.ufanet.ru/content/blogcategory/1/66/5/5/" "Mozilla/5.0 (Windows NT 5.1) AppleWebKit/536.5 (KHTML, like Gecko) Chrome/19.0.1084.52 Safari/536.5"
178.154.163.30 - - [05/Jun/2012:11:29:59 +0600] "GET /content/view/648/151/ HTTP/1.0" 200 5096 "-" "Mozilla/5.0 (compatible; YandexBot/3.0; +http://yandex.com/bots)"
84.54.232.43 - - [05/Jun/2012:11:30:14 +0600] "GET /content/view/645/66/ HTTP/1.0" 200 5839 "http://csdb.ufanet.ru/content/view/649/66/" "Opera/9.80 (Windows NT 5.1; U; Edition Yx; ru) Presto/2.10.229 Version/11.64"
94.41.246.14 - - [05/Jun/2012:11:30:19 +0600] "GET /content/blogcategory/1/66/5/5/ HTTP/1.0" 200 6936 "http://csdb.ufanet.ru/content/blogcategory/1/66/5/0/" "Mozilla/5.0 (Windows NT 5.1) AppleWebKit/536.5 (KHTML, like Gecko) Chrome/19.0.1084.52 Safari/536.5"
94.41.246.14 - - [05/Jun/2012:11:30:25 +0600] "GET /content/blogcategory/1/66/5/0/ HTTP/1.0" 200 7326 "http://csdb.ufanet.ru/content/blogcategory/1/66/5/5/" "Mozilla/5.0 (Windows NT 5.1) AppleWebKit/536.5 (KHTML, like Gecko) Chrome/19.0.1084.52 Safari/536.5"
94.41.246.14 - - [05/Jun/2012:11:30:26 +0600] "GET /content/blogcategory/1/66/5/5/ HTTP/1.0" 200 6934 "http://csdb.ufanet.ru/content/blogcategory/1/66/5/10/" "Mozilla/5.0 (Windows NT 5.1) AppleWebKit/536.5 (KHTML, like Gecko) Chrome/19.0.1084.52 Safari/536.5"
94.41.246.14 - - [05/Jun/2012:11:30:28 +0600] "GET /content/blogcategory/1/66/5/10/ HTTP/1.0" 200 7745 "http://csdb.ufanet.ru/content/blogcategory/1/66/5/15/" "Mozilla/5.0 (Windows NT 5.1) AppleWebKit/536.5 (KHTML, like Gecko) Chrome/19.0.1084.52 Safari/536.5"
94.41.246.14 - - [05/Jun/2012:11:30:32 +0600] "GET /content/blogcategory/1/66/5/10/ HTTP/1.0" 200 7744 "http://csdb.ufanet.ru/content/blogcategory/1/66/5/15/" "Mozilla/5.0 (Windows NT 5.1) AppleWebKit/536.5 (KHTML, like Gecko) Chrome/19.0.1084.52 Safari/536.5"
94.179.61.9 - - [05/Jun/2012:11:31:17 +0600] "GET /component/option,com_joomap/Itemid,64/ HTTP/1.0" 200 19631 "-" "Mozilla/5.0 (Windows; U; Windows NT 5.1; ru; rv:1.9.2.27) Gecko/20120216 Firefox/3.6.27 sputnik 2.5.2.32"
94.179.61.9 - - [05/Jun/2012:11:31:37 +0600] "GET /content/view/998/66/ HTTP/1.0" 200 5819 "http://csdb.ufanet.ru/component/option,com_joomap/Itemid,64/" "Mozilla/5.0 (Windows; U; Windows NT 5.1; ru; rv:1.9.2.27) Gecko/20120216 Firefox/3.6.27 sputnik 2.5.2.32"
94.179.61.9 - - [05/Jun/2012:11:31:49 +0600] "GET /content/view/988/66/ HTTP/1.0" 200 6162 "http://csdb.ufanet.ru/component/option,com_joomap/Itemid,64/" "Mozilla/5.0 (Windows; U; Windows NT 5.1; ru; rv:1.9.2.27) Gecko/20120216 Firefox/3.6.27 sputnik 2.5.2.32"
94.179.61.9 - - [05/Jun/2012:11:31:52 +0600] "GET /content/view/985/66/ HTTP/1.0" 200 6254 "http://csdb.ufanet.ru/component/option,com_joomap/Itemid,64/" "Mozilla/5.0 (Windows; U; Windows NT 5.1; ru; rv:1.9.2.27) Gecko/20120216 Firefox/3.6.27 sputnik 2.5.2.32"
94.179.61.9 - - [05/Jun/2012:11:31:57 +0600] "GET /content/view/981/66/ HTTP/1.0" 200 5910 "http://csdb.ufanet.ru/component/option,com_joomap/Itemid,64/" "Mozilla/5.0 (Windows; U; Windows NT 5.1; ru; rv:1.9.2.27) Gecko/20120216 Firefox/3.6.27 sputnik 2.5.2.32"
94.179.61.9 - - [05/Jun/2012:11:32:30 +0600] "GET /content/view/835/66/ HTTP/1.0" 200 5867 "http://csdb.ufanet.ru/component/option,com_joomap/Itemid,64/" "Mozilla/5.0 (Windows; U; Windows NT 5.1; ru; rv:1.9.2.27) Gecko/20120216 Firefox/3.6.27 sputnik 2.5.2.32"
94.179.174.219 - - [05/Jun/2012:11:34:21 +0600] "GET /content/view/759/210/ HTTP/1.0" 200 4455 "http://csdb.ufanet.ru/component/option,com_joomap/Itemid,64/" "Mozilla/5.0 (Windows; U; Windows NT 5.1; ru; rv:1.9.2.27) Gecko/20120216 Firefox/3.6.27 sputnik 2.5.2.32"
94.179.174.219 - - [05/Jun/2012:11:34:59 +0600] "GET /content/view/139/66/ HTTP/1.0" 200 6081 "http://csdb.ufanet.ru/component/option,com_joomap/Itemid,64/" "Mozilla/5.0 (Windows; U; Windows NT 5.1; ru; rv:1.9.2.27) Gecko/20120216 Firefox/3.6.27 sputnik 2.5.2.32"
94.179.176.251 - - [05/Jun/2012:11:35:54 +0600] "GET /content/view/14/47/ HTTP/1.0" 200 6339 "http://csdb.ufanet.ru/component/option,com_joomap/Itemid,64/" "Mozilla/5.0 (Windows; U; Windows NT 5.1; ru; rv:1.9.2.27) Gecko/20120216 Firefox/3.6.27 sputnik 2.5.2.32"
94.179.176.251 - - [05/Jun/2012:11:36:07 +0600] "GET /content/view/779/210/ HTTP/1.0" 200 4092 "http://csdb.ufanet.ru/component/option,com_joomap/Itemid,64/" "Mozilla/5.0 (Windows; U; Windows NT 5.1; ru; rv:1.9.2.27) Gecko/20120216 Firefox/3.6.27 sputnik 2.5.2.32"
94.179.176.251 - - [05/Jun/2012:11:36:12 +0600] "GET /content/view/976/66/ HTTP/1.0" 200 6987 "http://csdb.ufanet.ru/content/view/998/66/" "Mozilla/5.0 (Windows; U; Windows NT 5.1; ru; rv:1.9.2.27) Gecko/20120216 Firefox/3.6.27 sputnik 2.5.2.32"
94.179.176.251 - - [05/Jun/2012:11:37:01 +0600] "GET /content/view/978/66/ HTTP/1.0" 200 6062 "http://csdb.ufanet.ru/content/view/985/66/" "Mozilla/5.0 (Windows; U; Windows NT 5.1; ru; rv:1.9.2.27) Gecko/20120216 Firefox/3.6.27 sputnik 2.5.2.32"
178.154.163.30 - - [05/Jun/2012:11:37:43 +0600] "GET /content/view/1001/111/ HTTP/1.0" 200 19270 "-" "Mozilla/5.0 (compatible; YandexBot/3.0; +http://yandex.com/bots)"
94.179.176.251 - - [05/Jun/2012:11:38:24 +0600] "GET /content/view/989/66/ HTTP/1.0" 200 5575 "http://csdb.ufanet.ru/content/view/998/66/" "Mozilla/5.0 (Windows; U; Windows NT 5.1; ru; rv:1.9.2.27) Gecko/20120216 Firefox/3.6.27 sputnik 2.5.2.32"
89.178.130.87 - - [05/Jun/2012:11:39:17 +0600] "GET /content/view/258/66/ HTTP/1.0" 200 8052 "http://yandex.ru/yandsearch?text=%ef%ee%eb%ee%e6%e5%ed%e8%e5+%f0%e5%f1%ef%f3%e1%eb%e8%ea%e0%ed%f1%ea%ee%e3%ee+%ea%ee%ed%ea%f3%f0%f1%e0+%ed%e0%f6%e8%ee%ed%e0%eb%fc%ed%ee%e9+%e1%e8%e1%eb%e8%ee%f2%e5%ea%e8+%e3.+%f3%f4%e0+%eb%f3%f7%f8%e8%e9+%f7%e8%f2%e0%f2%e5%eb%fc+%e3%ee%e4%e0&lr=213" "Mozilla/4.0 (compatible; MSIE 8.0; Windows NT 6.1; Trident/4.0; GTB6.6; SLCC2; .NET CLR 2.0.50727; .NET CLR 3.5.30729; .NET CLR 3.0.30729; Media Center PC 6.0; Tablet PC 2.0)"
95.220.166.165 - - [05/Jun/2012:11:39:36 +0600] "GET /content/view/282/ HTTP/1.0" 200 31132 "http://yandex.ru/yandsearch?text=%ef%f0%ee%f7%f2%e8+%fd%f2%f3+%ea%ed%e8%e3%f3+%e8+%f2%fb!+%ea%ed%e8%e6%ed%e0%ff+%e2%fb%f1%f2%e0%e2%ea%e0+%e2+%e4%e5%f2%f1%ea%ee%e9+%e1%e8%e1%eb%e8%ee%f2%e5%ea%e5&lr=213" "Mozilla/4.0 (compatible; MSIE 6.0; Windows NT 5.1; SV1; .NET CLR 1.1.4322)"
178.154.163.30 - - [05/Jun/2012:11:39:58 +0600] "GET /content/view/570/ HTTP/1.0" 200 4385 "-" "Mozilla/5.0 (compatible; YandexDirect/3.0; +http://yandex.com/bots)"
66.249.71.59 - - [05/Jun/2012:11:41:36 +0600] "GET /content/view/329/ HTTP/1.0" 200 4739 "-" "Mozilla/5.0 (compatible; Googlebot/2.1; +http://www.google.com/bot.html)"
178.154.163.30 - - [05/Jun/2012:11:41:49 +0600] "GET /content/view/310/91 HTTP/1.0" 200 6110 "-" "Mozilla/5.0 (compatible; YandexDirect/3.0; +http://yandex.com/bots)"
213.180.206.197 - - [05/Jun/2012:11:44:11 +0600] "GET / HTTP/1.0" 200 24011 "-" "Mozilla/5.0 (compatible; YandexMetrika/2.0; +http://yandex.com/bots)"
66.249.71.59 - - [05/Jun/2012:11:45:54 +0600] "GET /content/view/644/ HTTP/1.0" 200 4909 "-" "Mozilla/5.0 (compatible; Googlebot/2.1; +http://www.google.com/bot.html)"
87.103.192.172 - - [05/Jun/2012:11:47:26 +0600] "GET /content/view/53/47 HTTP/1.0" 200 7366 "http://yandex.ru/yandsearch?text=%D1%81%D1%86%D0%B5%D0%BD%D0%B0%D1%80%D0%B8%D0%B8+%D0%B2+%D0%B4%D0%B5%D1%82%D1%81%D0%BA%D0%BE%D0%B9+%D0%B1%D0%B8%D0%B1%D0%BB%D0%B8%D0%BE%D1%82%D0%B5%D0%BA%D0%B5&lr=64&msid=20943.23379.1338875174.73536" "Mozilla/5.0 (Windows NT 5.1; rv:12.0) Gecko/20100101 Firefox/12.0"
178.154.163.30 - - [05/Jun/2012:11:49:27 +0600] "GET /content/view/927/245 HTTP/1.0" 200 7646 "-" "Mozilla/5.0 (compatible; YandexBot/3.0; +http://yandex.com/bots)"
