31.8.221.121 - - [05/Jun/2012:11:50:10 +0600] "GET /content/view/559/234/ HTTP/1.0" 200 6044 "http://yandex.ru/yandsearch?text=+%D0%BA%D0%BD%D0%B8%D0%B6%D0%BD%D0%B0%D1%8F+%D0%B2%D1%8B%D1%81%D1%82%D0%B0%D0%B2%D0%BA%D0%B0+%22%D0%BB%D0%B5%D1%82%D0%BE+%D0%B8+%D0%BA%D0%BD%D0%B8%D0%B3%D0%B0&lr=172" "Mozilla/5.0 (Windows NT 5.1; rv:12.0) Gecko/20100101 Firefox/12.0"
65.52.110.200 - - [05/Jun/2012:11:50:53 +0600] "GET /content/view/203/52/ HTTP/1.0" 200 5760 "-" "Mozilla/5.0 (compatible; bingbot/2.0; +http://www.bing.com/bingbot.htm)"
66.249.66.77 - - [05/Jun/2012:11:53:14 +0600] "GET /content/view/580/145/ HTTP/1.0" 200 5095 "-" "Mozilla/5.0 (compatible; Googlebot/2.1; +http://www.google.com/bot.html)"
178.154.163.30 - - [05/Jun/2012:11:55:42 +0600] "GET /content/view/1001/64/ HTTP/1.0" 200 19274 "-" "Mozilla/5.0 (compatible; YandexBot/3.0; +http://yandex.com/bots)"
66.249.71.59 - - [05/Jun/2012:11:55:49 +0600] "GET /content/view/65/ HTTP/1.0" 200 4935 "-" "Mozilla/5.0 (compatible; Googlebot/2.1; +http://www.google.com/bot.html)"
68.233.226.103 - - [05/Jun/2012:11:57:46 +0600] "GET /content/view/793/183/content/view/704/183/ HTTP/1.0" 200 13043 "-" "Mozilla/5.0 (Windows NT 5.1) AppleWebKit/535.2 (KHTML, like Gecko) Chrome/15.0.872.0 Safari/535.2"
31.184.238.59 - - [05/Jun/2012:11:58:43 +0600] "GET /content/view/42/ HTTP/1.0" 200 16062 "http://csdb.ufanet.ru/content/view/42/" "Mozilla/1.22 (compatible; MSIE 2.0; Windows 95)"
178.154.163.30 - - [05/Jun/2012:12:00:15 +0600] "GET /files/ucazatel/Zochenko.pdf HTTP/1.0" 200 2124737 "-" "Mozilla/5.0 (compatible; YandexDirect/3.0; +http://yandex.com/bots)"
95.25.87.122 - - [05/Jun/2012:12:01:44 +0600] "GET /files/ucazatel/UFA430.pdf HTTP/1.0" 200 438765 "http://yandex.ru/yandsearch?text=%f1%f2%e0%f2%fc%ff+%ee+%ef%f0%e5%e4%f1%e5%e4%e0%f2%e5%eb%e5+%ee%e1%eb%e4%f3%ec%fb+%ea%e0%f0%e0%ec%fb%f8%e5%e2%e0+%e2.%ed.+%e2+%e3%e0%e7%e5%f2%e5+%e4%f0%f3%e3+%e4%eb%ff+%e4%f0%f3%e3%e0" "Mozilla/4.0 (compatible; MSIE 7.0; Windows NT 5.1; .NET CLR 1.1.4322; .NET CLR 2.0.50727)"
178.154.163.30 - - [05/Jun/2012:12:06:03 +0600] "GET /content/view/558/131/ HTTP/1.0" 200 5097 "-" "Mozilla/5.0 (compatible; YandexBot/3.0; +http://yandex.com/bots)"
85.26.235.114 - - [05/Jun/2012:12:06:25 +0600] "GET / HTTP/1.0" 200 6450 "http://yandex.ru/yandsearch?text=+%D1%86%D0%B5%D0%BD%D1%82%D1%80%D0%B0%D0%BB%D1%8C%D0%BD%D0%B0%D1%8F+%D0%B3%D0%BE%D1%80%D0%BE%D0%B4%D1%81%D0%BA%D0%B0%D1%8F+%D0%B4%D0%B5%D1%82%D1%81%D0%BA%D0%B0%D1%8F+%D0%B1%D0%B8%D0%B1%D0%BB%D0%B8%D0%BE%D1%82%D0%B5%D0%BA%D0%B0+%D0%B2+%D1%83%D1%84%D0%B5&lr=172" "Mozilla/5.0 (compatible; MSIE 9.0; Windows NT 6.1; WOW64; Trident/5.0)"
85.26.235.114 - - [05/Jun/2012:12:06:28 +0600] "GET /images/cgdb.swf HTTP/1.0" 200 19792297 "http://csdb.ufanet.ru/" "Mozilla/5.0 (compatible; MSIE 9.0; Windows NT 6.1; WOW64; Trident/5.0)"
85.26.235.114 - - [05/Jun/2012:12:06:46 +0600] "GET /content/view/382/158/ HTTP/1.0" 200 6381 "http://csdb.ufanet.ru/" "Mozilla/5.0 (compatible; MSIE 9.0; Windows NT 6.1; WOW64; Trident/5.0)"
85.26.235.114 - - [05/Jun/2012:12:06:50 +0600] "GET /%22%22%22%22%22http://csdb.ufanet.ru/templates/csdb/images/strelka.gif%22%22%22%22%22 HTTP/1.0" 404 392 "http://csdb.ufanet.ru/content/view/382/158/" "Mozilla/5.0 (compatible; MSIE 9.0; Windows NT 6.1; WOW64; Trident/5.0)"
85.26.235.114 - - [05/Jun/2012:12:07:14 +0600] "GET /content/view/310/91 HTTP/1.0" 200 6109 "http://yandex.ru/yandsearch?text=+%D1%86%D0%B5%D0%BD%D1%82%D1%80%D0%B0%D0%BB%D1%8C%D0%BD%D0%B0%D1%8F+%D0%B3%D0%BE%D1%80%D0%BE%D0%B4%D1%81%D0%BA%D0%B0%D1%8F+%D0%B4%D0%B5%D1%82%D1%81%D0%BA%D0%B0%D1%8F+%D0%B1%D0%B8%D0%B1%D0%BB%D0%B8%D0%BE%D1%82%D0%B5%D0%BA%D0%B0+%D0%B2+%D1%83%D1%84%D0%B5&lr=172" "Mozilla/5.0 (compatible; MSIE 9.0; Windows NT 6.1; WOW64; Trident/5.0)"
95.108.141.3 - - [05/Jun/2012:12:08:30 +0600] "HEAD /content/section/6/53 HTTP/1.0" 200 - "-" "Mozilla/5.0 (compatible; YandexSitelinks; Dyatel; +http://yandex.com/bots)"
81.30.189.49 - - [05/Jun/2012:12:09:16 +0600] "GET / HTTP/1.0" 200 6439 "-" "Opera/9.80 (Windows NT 5.1; U; ru) Presto/2.10.229 Version/11.62"
81.30.189.49 - - [05/Jun/2012:12:09:18 +0600] "GET /images/cgdb.swf HTTP/1.0" 200 19792297 "http://csdb.ufanet.ru/" "Opera/9.80 (Windows NT 5.1; U; ru) Presto/2.10.229 Version/11.62"
81.30.189.49 - - [05/Jun/2012:12:10:32 +0600] "GET /content/blogcategory/1/66/ HTTP/1.0" 200 7283 "http://csdb.ufanet.ru/" "Opera/9.80 (Windows NT 5.1; U; ru) Presto/2.10.229 Version/11.62"
81.30.189.49 - - [05/Jun/2012:12:10:54 +0600] "GET /content/blogcategory/1/66/5/5/ HTTP/1.0" 200 6893 "http://csdb.ufanet.ru/content/blogcategory/1/66/" "Opera/9.80 (Windows NT 5.1; U; ru) Presto/2.10.229 Version/11.62"
81.30.189.49 - - [05/Jun/2012:12:11:18 +0600] "GET /content/view/1007/66/ HTTP/1.0" 200 5937 "http://csdb.ufanet.ru/content/blogcategory/1/66/5/5/" "Opera/9.80 (Windows NT 5.1; U; ru) Presto/2.10.229 Version/11.62"
178.154.163.30 - - [05/Jun/2012:12:11:26 +0600] "GET /content/view/652/66/ HTTP/1.0" 200 6264 "-" "Mozilla/5.0 (compatible; YandexDirect/3.0; +http://yandex.com/bots)"
89.99.5.17 - - [05/Jun/2012:12:11:53 +0600] "GET / HTTP/1.0" 200 6472 "-" "Mozilla/5.0 (compatible; MJ12bot/v1.4.3; http://www.majestic12.co.uk/bot.php?+)"
66.249.71.59 - - [05/Jun/2012:12:12:12 +0600] "GET /content/view/330/ HTTP/1.0" 200 4831 "-" "Mozilla/5.0 (compatible; Googlebot/2.1; +http://www.google.com/bot.html)"
81.30.189.49 - - [05/Jun/2012:12:12:22 +0600] "GET /content/blogcategory/1/66/5/10/ HTTP/1.0" 200 7701 "http://csdb.ufanet.ru/content/blogcategory/1/66/5/5/" "Opera/9.80 (Windows NT 5.1; U; ru) Presto/2.10.229 Version/11.62"
83.221.214.155 - - [05/Jun/2012:12:13:19 +0600] "GET /files/scen_prazd/VenokSlavi.doc HTTP/1.0" 200 78848 "http://go.mail.ru/search?q=%D0%B0%D0%B2%D1%82%D0%BE%D1%80+%D1%81%D0%BB%D0%BE%D0%B2+%D0%9F%D0%BE%D0%B1%D0%B5%D0%B4%D0%B8%D0%BC+%D0%B8%D0%BB%D0%B8+%D1%83%D0%BC%D1%80%D0%B5%D0%BC%21%C2%BB++1812%D0%B3%D0%BE%D0%B4" "Mozilla/4.0 (compatible; MSIE 8.0; Windows NT 6.1; Trident/4.0; SLCC2; .NET CLR 2.0.50727; .NET CLR 3.5.30729; .NET CLR 3.0.30729; Media Center PC 6.0; .NET4.0C)"
83.221.214.155 - - [05/Jun/2012:12:13:26 +0600] "OPTIONS /files/scen_prazd/ HTTP/1.0" 200 - "-" "Microsoft Office Protocol Discovery"
83.221.214.155 - - [05/Jun/2012:12:13:41 +0600] "OPTIONS / HTTP/1.0" 200 24021 "-" "DavClnt"
83.221.214.155 - - [05/Jun/2012:12:13:45 +0600] "OPTIONS /files/scen_prazd HTTP/1.0" 301 326 "-" "Microsoft-WebDAV-MiniRedir/6.1.7601"
83.221.214.155 - - [05/Jun/2012:12:13:45 +0600] "OPTIONS /files/scen_prazd/ HTTP/1.0" 200 - "-" "Microsoft-WebDAV-MiniRedir/6.1.7601"
83.221.214.155 - - [05/Jun/2012:12:13:45 +0600] "PROPFIND /files/scen_prazd HTTP/1.0" 301 326 "-" "Microsoft-WebDAV-MiniRedir/6.1.7601"
83.221.214.155 - - [05/Jun/2012:12:13:45 +0600] "PROPFIND /files/scen_prazd/ HTTP/1.0" 405 332 "-" "Microsoft-WebDAV-MiniRedir/6.1.7601"
83.221.214.155 - - [05/Jun/2012:12:13:45 +0600] "PROPFIND /files HTTP/1.0" 301 315 "-" "Microsoft-WebDAV-MiniRedir/6.1.7601"
83.221.214.155 - - [05/Jun/2012:12:13:45 +0600] "PROPFIND /files/ HTTP/1.0" 405 321 "-" "Microsoft-WebDAV-MiniRedir/6.1.7601"
83.221.214.155 - - [05/Jun/2012:12:13:45 +0600] "PROPFIND /files HTTP/1.0" 301 315 "-" "Microsoft-WebDAV-MiniRedir/6.1.7601"
83.221.214.155 - - [05/Jun/2012:12:13:45 +0600] "PROPFIND /files/ HTTP/1.0" 405 321 "-" "Microsoft-WebDAV-MiniRedir/6.1.7601"
83.221.214.155 - - [05/Jun/2012:12:13:45 +0600] "PROPFIND /files/scen_prazd HTTP/1.0" 301 326 "-" "Microsoft-WebDAV-MiniRedir/6.1.7601"
83.221.214.155 - - [05/Jun/2012:12:13:45 +0600] "PROPFIND /files/scen_prazd/ HTTP/1.0" 405 332 "-" "Microsoft-WebDAV-MiniRedir/6.1.7601"
83.221.214.155 - - [05/Jun/2012:12:13:45 +0600] "PROPFIND /files HTTP/1.0" 301 315 "-" "Microsoft-WebDAV-MiniRedir/6.1.7601"
83.221.214.155 - - [05/Jun/2012:12:13:45 +0600] "PROPFIND /files/ HTTP/1.0" 405 321 "-" "Microsoft-WebDAV-MiniRedir/6.1.7601"
66.249.71.59 - - [05/Jun/2012:12:14:21 +0600] "GET /content/view/212/5/ HTTP/1.0" 200 6959 "-" "Mozilla/5.0 (compatible; Googlebot/2.1; +http://www.google.com/bot.html)"
83.221.214.155 - - [05/Jun/2012:12:14:22 +0600] "HEAD /files/scen_prazd/VenokSlavi.doc HTTP/1.0" 200 - "-" "Microsoft Office Existence Discovery"
83.221.214.155 - - [05/Jun/2012:12:15:30 +0600] "GET /files/scen_prazd/VenokSlavi.doc HTTP/1.0" 304 - "http://go.mail.ru/search?q=%D0%B0%D0%B2%D1%82%D0%BE%D1%80+%D1%81%D0%BB%D0%BE%D0%B2+%D0%9F%D0%BE%D0%B1%D0%B5%D0%B4%D0%B8%D0%BC+%D0%B8%D0%BB%D0%B8+%D1%83%D0%BC%D1%80%D0%B5%D0%BC%21%C2%BB++1812%D0%B3%D0%BE%D0%B4" "Mozilla/4.0 (compatible; MSIE 8.0; Windows NT 6.1; Trident/4.0; SLCC2; .NET CLR 2.0.50727; .NET CLR 3.5.30729; .NET CLR 3.0.30729; Media Center PC 6.0; .NET4.0C)"
83.221.214.155 - - [05/Jun/2012:12:15:37 +0600] "GET /files/scen_prazd/VenokSlavi.doc HTTP/1.0" 304 - "http://go.mail.ru/search?q=%D0%B0%D0%B2%D1%82%D0%BE%D1%80+%D1%81%D0%BB%D0%BE%D0%B2+%D0%9F%D0%BE%D0%B1%D0%B5%D0%B4%D0%B8%D0%BC+%D0%B8%D0%BB%D0%B8+%D1%83%D0%BC%D1%80%D0%B5%D0%BC%21%C2%BB++1812%D0%B3%D0%BE%D0%B4" "Mozilla/4.0 (compatible; MSIE 8.0; Windows NT 6.1; Trident/4.0; SLCC2; .NET CLR 2.0.50727; .NET CLR 3.5.30729; .NET CLR 3.0.30729; Media Center PC 6.0; .NET4.0C)"
83.221.214.155 - - [05/Jun/2012:12:15:56 +0600] "GET /files/scen_prazd/VenokSlavi.doc HTTP/1.0" 304 - "http://go.mail.ru/search?q=%D0%B0%D0%B2%D1%82%D0%BE%D1%80+%D1%81%D0%BB%D0%BE%D0%B2+%D0%9F%D0%BE%D0%B1%D0%B5%D0%B4%D0%B8%D0%BC+%D0%B8%D0%BB%D0%B8+%D1%83%D0%BC%D1%80%D0%B5%D0%BC%21%C2%BB++1812%D0%B3%D0%BE%D0%B4" "Mozilla/4.0 (compatible; MSIE 8.0; Windows NT 6.1; Trident/4.0; SLCC2; .NET CLR 2.0.50727; .NET CLR 3.5.30729; .NET CLR 3.0.30729; Media Center PC 6.0; .NET4.0C)"
83.221.214.155 - - [05/Jun/2012:12:15:59 +0600] "OPTIONS /files/scen_prazd HTTP/1.0" 301 326 "-" "Microsoft-WebDAV-MiniRedir/6.1.7601"
83.221.214.155 - - [05/Jun/2012:12:15:59 +0600] "OPTIONS /files/scen_prazd/ HTTP/1.0" 200 - "-" "Microsoft-WebDAV-MiniRedir/6.1.7601"
83.221.214.155 - - [05/Jun/2012:12:15:59 +0600] "PROPFIND /files/scen_prazd HTTP/1.0" 301 326 "-" "Microsoft-WebDAV-MiniRedir/6.1.7601"
83.221.214.155 - - [05/Jun/2012:12:15:59 +0600] "PROPFIND /files/scen_prazd/ HTTP/1.0" 405 332 "-" "Microsoft-WebDAV-MiniRedir/6.1.7601"
83.221.214.155 - - [05/Jun/2012:12:15:59 +0600] "PROPFIND /files HTTP/1.0" 301 315 "-" "Microsoft-WebDAV-MiniRedir/6.1.7601"
83.221.214.155 - - [05/Jun/2012:12:16:00 +0600] "PROPFIND /files/ HTTP/1.0" 405 321 "-" "Microsoft-WebDAV-MiniRedir/6.1.7601"
83.221.214.155 - - [05/Jun/2012:12:16:00 +0600] "PROPFIND /files HTTP/1.0" 301 315 "-" "Microsoft-WebDAV-MiniRedir/6.1.7601"
83.221.214.155 - - [05/Jun/2012:12:16:00 +0600] "PROPFIND /files/ HTTP/1.0" 405 321 "-" "Microsoft-WebDAV-MiniRedir/6.1.7601"
83.221.214.155 - - [05/Jun/2012:12:16:00 +0600] "PROPFIND /files/scen_prazd HTTP/1.0" 301 326 "-" "Microsoft-WebDAV-MiniRedir/6.1.7601"
83.221.214.155 - - [05/Jun/2012:12:16:00 +0600] "PROPFIND /files/scen_prazd/ HTTP/1.0" 405 332 "-" "Microsoft-WebDAV-MiniRedir/6.1.7601"
83.221.214.155 - - [05/Jun/2012:12:16:00 +0600] "PROPFIND /files HTTP/1.0" 301 315 "-" "Microsoft-WebDAV-MiniRedir/6.1.7601"
83.221.214.155 - - [05/Jun/2012:12:16:00 +0600] "PROPFIND /files/ HTTP/1.0" 405 321 "-" "Microsoft-WebDAV-MiniRedir/6.1.7601"
83.221.214.155 - - [05/Jun/2012:12:16:43 +0600] "GET /files/scen_prazd/VenokSlavi.doc HTTP/1.0" 304 - "-" "Mozilla/4.0 (compatible; MSIE 8.0; Windows NT 6.1; Trident/4.0; SLCC2; .NET CLR 2.0.50727; .NET CLR 3.5.30729; .NET CLR 3.0.30729; Media Center PC 6.0; .NET4.0C)"
95.105.76.15 - - [05/Jun/2012:12:16:44 +0600] "GET /images/mb/img38/free_access.swf HTTP/1.0" 304 - "http://csdb.ufanet.ru/mb38/" "Mozilla/5.0 (Windows NT 5.1) AppleWebKit/536.5 (KHTML, like Gecko) Chrome/19.0.1084.52 Safari/536.5"
83.221.214.155 - - [05/Jun/2012:12:16:47 +0600] "GET /files/scen_prazd/VenokSlavi.doc HTTP/1.0" 304 - "http://go.mail.ru/search?q=%D0%B0%D0%B2%D1%82%D0%BE%D1%80+%D1%81%D0%BB%D0%BE%D0%B2+%D0%9F%D0%BE%D0%B1%D0%B5%D0%B4%D0%B8%D0%BC+%D0%B8%D0%BB%D0%B8+%D1%83%D0%BC%D1%80%D0%B5%D0%BC%21%C2%BB++1812%D0%B3%D0%BE%D0%B4" "Mozilla/4.0 (compatible; MSIE 8.0; Windows NT 6.1; Trident/4.0; SLCC2; .NET CLR 2.0.50727; .NET CLR 3.5.30729; .NET CLR 3.0.30729; Media Center PC 6.0; .NET4.0C)"
95.105.76.15 - - [05/Jun/2012:12:16:47 +0600] "GET /content/blogcategory/1/66/5/10/ HTTP/1.0" 200 7745 "http://csdb.ufanet.ru/content/blogcategory/1/66/5/5/" "Mozilla/5.0 (Windows NT 5.1) AppleWebKit/536.5 (KHTML, like Gecko) Chrome/19.0.1084.52 Safari/536.5"
83.221.214.155 - - [05/Jun/2012:12:17:03 +0600] "HEAD /files/scen_prazd/VenokSlavi.doc HTTP/1.0" 200 - "-" "Microsoft Office Existence Discovery"
95.105.76.15 - - [05/Jun/2012:12:17:05 +0600] "GET /content/blogcategory/1/66/5/10/ HTTP/1.0" 200 7745 "http://csdb.ufanet.ru/content/blogcategory/1/66/5/5/" "Mozilla/5.0 (Windows NT 5.1) AppleWebKit/536.5 (KHTML, like Gecko) Chrome/19.0.1084.52 Safari/536.5"
95.105.76.15 - - [05/Jun/2012:12:17:10 +0600] "GET /content/blogcategory/1/66/5/10/ HTTP/1.0" 200 7745 "http://csdb.ufanet.ru/content/blogcategory/1/66/5/5/" "Mozilla/5.0 (Windows NT 5.1) AppleWebKit/536.5 (KHTML, like Gecko) Chrome/19.0.1084.52 Safari/536.5"
178.154.163.30 - - [05/Jun/2012:12:17:13 +0600] "GET /content/view/580/113/ HTTP/1.0" 200 5090 "-" "Mozilla/5.0 (compatible; YandexBot/3.0; +http://yandex.com/bots)"
95.105.76.15 - - [05/Jun/2012:12:17:14 +0600] "GET /component/option,com_frontpage/Itemid,1/ HTTP/1.0" 200 6475 "http://csdb.ufanet.ru/content/blogcategory/1/66/5/10/" "Mozilla/5.0 (Windows NT 5.1) AppleWebKit/536.5 (KHTML, like Gecko) Chrome/19.0.1084.52 Safari/536.5"
95.105.76.15 - - [05/Jun/2012:12:17:17 +0600] "GET /content/blogcategory/1/66/ HTTP/1.0" 200 7327 "http://csdb.ufanet.ru/component/option,com_frontpage/Itemid,1/" "Mozilla/5.0 (Windows NT 5.1) AppleWebKit/536.5 (KHTML, like Gecko) Chrome/19.0.1084.52 Safari/536.5"
83.221.214.155 - - [05/Jun/2012:12:17:26 +0600] "OPTIONS / HTTP/1.0" 200 24021 "-" "Microsoft-WebDAV-MiniRedir/6.1.7601"
83.221.214.155 - - [05/Jun/2012:12:17:26 +0600] "PROPFIND / HTTP/1.0" 200 24011 "-" "Microsoft-WebDAV-MiniRedir/6.1.7601"
83.221.214.155 - - [05/Jun/2012:12:17:27 +0600] "PROPFIND / HTTP/1.0" 200 24021 "-" "Microsoft-WebDAV-MiniRedir/6.1.7601"
95.105.76.15 - - [05/Jun/2012:12:17:39 +0600] "GET /content/view/1016/66/ HTTP/1.0" 200 5689 "http://csdb.ufanet.ru/content/blogcategory/1/66/" "Mozilla/5.0 (Windows NT 5.1) AppleWebKit/536.5 (KHTML, like Gecko) Chrome/19.0.1084.52 Safari/536.5"
213.180.206.197 - - [05/Jun/2012:12:17:45 +0600] "GET / HTTP/1.0" 200 24021 "-" "Mozilla/5.0 (compatible; YandexMetrika/2.0; +http://yandex.com/bots)"
95.105.76.15 - - [05/Jun/2012:12:17:46 +0600] "GET /content/blogcategory/1/66/ HTTP/1.0" 200 7327 "http://csdb.ufanet.ru/component/option,com_frontpage/Itemid,1/" "Mozilla/5.0 (Windows NT 5.1) AppleWebKit/536.5 (KHTML, like Gecko) Chrome/19.0.1084.52 Safari/536.5"
81.30.223.50 - - [05/Jun/2012:12:17:59 +0600] "GET / HTTP/1.0" 200 6473 "-" "Mozilla/5.0 (Windows NT 5.1; rv:12.0) Gecko/20100101 Firefox/12.0"
90.189.15.107 - - [05/Jun/2012:12:18:05 +0600] "GET /content/view/128/47 HTTP/1.0" 200 12516 "http://yandex.ru/yandsearch?text=%D0%BC%D1%83%D0%B7%D0%B5%D0%B9+%D0%BF%D1%80%D0%B8+%D0%B1%D0%B8%D0%B1%D0%BB%D0%B8%D0%BE%D1%82%D0%B5%D0%BA%D0%B5&clid=46510&lr=68" "Mozilla/5.0 (Windows NT 5.1; rv:12.0) Gecko/20100101 Firefox/12.0"
136.169.147.204 - - [05/Jun/2012:12:18:41 +0600] "GET / HTTP/1.0" 200 6475 "http://yandex.ru/yandsearch?text=%D0%A1%D0%B0%D0%B9%D1%82+%D0%A6%D0%A1%D0%94%D0%91+%D0%A3%D0%A4%D0%90&lr=172" "Mozilla/5.0 (Windows NT 5.1; rv:12.0) Gecko/20100101 Firefox/12.0"
136.169.147.204 - - [05/Jun/2012:12:18:42 +0600] "GET /images/cgdb.swf HTTP/1.0" 200 19792297 "http://csdb.ufanet.ru/" "Mozilla/5.0 (Windows NT 5.1; rv:12.0) Gecko/20100101 Firefox/12.0"
81.30.223.50 - - [05/Jun/2012:12:18:51 +0600] "GET /content/blogcategory/1/66/ HTTP/1.0" 200 7327 "http://csdb.ufanet.ru/" "Mozilla/5.0 (Windows NT 5.1; rv:12.0) Gecko/20100101 Firefox/12.0"
136.169.147.204 - - [05/Jun/2012:12:19:05 +0600] "GET /content/view/382/158/ HTTP/1.0" 200 6377 "http://csdb.ufanet.ru/" "Mozilla/5.0 (Windows NT 5.1; rv:12.0) Gecko/20100101 Firefox/12.0"
136.169.147.204 - - [05/Jun/2012:12:19:06 +0600] "GET /%22%22%22%22%22http://csdb.ufanet.ru/templates/csdb/images/strelka.gif%22%22%22%22%22 HTTP/1.0" 404 392 "http://csdb.ufanet.ru/content/view/382/158/" "Mozilla/5.0 (Windows NT 5.1; rv:12.0) Gecko/20100101 Firefox/12.0"
136.169.147.204 - - [05/Jun/2012:12:19:14 +0600] "GET /content/category/7/20/52/ HTTP/1.0" 200 5714 "http://csdb.ufanet.ru/content/view/382/158/" "Mozilla/5.0 (Windows NT 5.1; rv:12.0) Gecko/20100101 Firefox/12.0"
136.169.147.204 - - [05/Jun/2012:12:19:27 +0600] "GET /content/blogcategory/1/66/ HTTP/1.0" 200 7326 "http://csdb.ufanet.ru/content/category/7/20/52/" "Mozilla/5.0 (Windows NT 5.1; rv:12.0) Gecko/20100101 Firefox/12.0"
90.189.15.107 - - [05/Jun/2012:12:19:54 +0600] "GET /content/view/14/47/ HTTP/1.0" 200 6338 "http://csdb.ufanet.ru/content/view/128/47" "Mozilla/5.0 (Windows NT 5.1; rv:12.0) Gecko/20100101 Firefox/12.0"
136.169.147.204 - - [05/Jun/2012:12:20:17 +0600] "GET /content/category/12/40/86/ HTTP/1.0" 200 5632 "http://csdb.ufanet.ru/content/blogcategory/1/66/" "Mozilla/5.0 (Windows NT 5.1; rv:12.0) Gecko/20100101 Firefox/12.0"
136.169.147.204 - - [05/Jun/2012:12:20:24 +0600] "GET /content/view/357/86/ HTTP/1.0" 200 6795 "http://csdb.ufanet.ru/content/category/12/40/86/" "Mozilla/5.0 (Windows NT 5.1; rv:12.0) Gecko/20100101 Firefox/12.0"
136.169.147.204 - - [05/Jun/2012:12:20:55 +0600] "GET /content/view/356/86/ HTTP/1.0" 200 8047 "http://csdb.ufanet.ru/content/view/357/86/" "Mozilla/5.0 (Windows NT 5.1; rv:12.0) Gecko/20100101 Firefox/12.0"
81.30.223.50 - - [05/Jun/2012:12:21:27 +0600] "GET /content/blogcategory/1/66/5/5/ HTTP/1.0" 200 6936 "http://csdb.ufanet.ru/content/blogcategory/1/66/" "Mozilla/5.0 (Windows NT 5.1; rv:12.0) Gecko/20100101 Firefox/12.0"
95.108.141.3 - - [05/Jun/2012:12:21:57 +0600] "HEAD /content/category/14/43/192/ HTTP/1.0" 200 - "-" "Mozilla/5.0 (compatible; YandexSitelinks; Dyatel; +http://yandex.com/bots)"
136.169.147.204 - - [05/Jun/2012:12:22:25 +0600] "GET /content/view/357/86/ HTTP/1.0" 200 6794 "http://csdb.ufanet.ru/content/view/356/86/" "Mozilla/5.0 (Windows NT 5.1; rv:12.0) Gecko/20100101 Firefox/12.0"
136.169.147.204 - - [05/Jun/2012:12:22:32 +0600] "GET /content/category/12/40/86/ HTTP/1.0" 200 5631 "http://csdb.ufanet.ru/content/view/357/86/" "Mozilla/5.0 (Windows NT 5.1; rv:12.0) Gecko/20100101 Firefox/12.0"
178.154.163.30 - - [05/Jun/2012:12:22:48 +0600] "GET /content/view/561/149/ HTTP/1.0" 200 5092 "-" "Mozilla/5.0 (compatible; YandexBot/3.0; +http://yandex.com/bots)"
81.30.223.50 - - [05/Jun/2012:12:23:11 +0600] "GET /content/blogcategory/1/66/5/10/ HTTP/1.0" 200 7745 "http://csdb.ufanet.ru/content/blogcategory/1/66/5/5/" "Mozilla/5.0 (Windows NT 5.1; rv:12.0) Gecko/20100101 Firefox/12.0"
95.110.117.70 - - [05/Jun/2012:12:24:02 +0600] "GET /content/view/282/ HTTP/1.0" 200 31133 "http://yandex.ru/yandsearch?text=%D0%B1%D0%B8%D0%B1%D0%BB%D0%B8%D0%BE%D1%82%D0%B5%D1%87%D0%BD%D0%B0%D1%8F+%D0%BD%D0%BE%D1%87%D1%8C+%D0%B2+%D1%83%D1%84%D0%B5&lr=172" "Mozilla/4.0 (compatible; MSIE 6.0; Windows NT 5.1; SV1; .NET CLR 1.1.4322)"
136.169.147.204 - - [05/Jun/2012:12:25:48 +0600] "GET /content/view/356/86/ HTTP/1.0" 200 8046 "http://csdb.ufanet.ru/content/category/12/40/86/" "Mozilla/5.0 (Windows NT 5.1; rv:12.0) Gecko/20100101 Firefox/12.0"
136.169.147.204 - - [05/Jun/2012:12:25:53 +0600] "GET /content/category/12/40/86/ HTTP/1.0" 200 5632 "http://csdb.ufanet.ru/content/view/357/86/" "Mozilla/5.0 (Windows NT 5.1; rv:12.0) Gecko/20100101 Firefox/12.0"
136.169.147.204 - - [05/Jun/2012:12:26:06 +0600] "GET /content/view/1001/1/ HTTP/1.0" 200 19716 "http://yandex.ru/yandsearch?text=%D0%A1%D0%B0%D0%B9%D1%82+%D0%A6%D0%A1%D0%94%D0%91+%D0%A3%D0%A4%D0%90&lr=172" "Mozilla/5.0 (Windows NT 5.1; rv:12.0) Gecko/20100101 Firefox/12.0"
178.154.163.30 - - [05/Jun/2012:12:28:48 +0600] "GET /content/view/313/211/ HTTP/1.0" 200 4520 "-" "Mozilla/5.0 (compatible; YandexBot/3.0; +http://yandex.com/bots)"
66.249.66.77 - - [05/Jun/2012:12:31:15 +0600] "GET /content/view/841/115/ HTTP/1.0" 200 20757 "-" "Mozilla/5.0 (compatible; Googlebot/2.1; +http://www.google.com/bot.html)"
178.154.163.30 - - [05/Jun/2012:12:32:17 +0600] "GET /content/view/128/47 HTTP/1.0" 200 12519 "-" "Mozilla/5.0 (compatible; YandexDirect/3.0; +http://yandex.com/bots)"
83.169.60.25 - - [05/Jun/2012:12:32:40 +0600] "GET / HTTP/1.0" 200 24021 "-" "Mozilla/5.0 (Windows; U; Windows NT 6.0; de; rv:1.9.0.6) Gecko/2009011913 Firefox/3.0.6"
83.169.60.25 - - [05/Jun/2012:12:32:40 +0600] "GET /20e6a4bb032fcfae5d.php HTTP/1.0" 404 299 "-" "Mozilla/5.0 (Windows; U; Windows NT 6.0; de; rv:1.9.0.6) Gecko/2009011913 Firefox/3.0.6"
66.249.66.77 - - [05/Jun/2012:12:34:08 +0600] "GET /content/view/485/5/ HTTP/1.0" 200 6549 "-" "Mozilla/5.0 (compatible; Googlebot/2.1; +http://www.google.com/bot.html)"
81.30.223.50 - - [05/Jun/2012:12:34:47 +0600] "GET / HTTP/1.0" 200 6473 "-" "Mozilla/5.0 (Windows NT 5.1; rv:12.0) Gecko/20100101 Firefox/12.0"
81.30.223.50 - - [05/Jun/2012:12:34:54 +0600] "GET /content/blogcategory/1/66/ HTTP/1.0" 200 7326 "http://csdb.ufanet.ru/" "Mozilla/5.0 (Windows NT 5.1; rv:12.0) Gecko/20100101 Firefox/12.0"
66.249.71.59 - - [05/Jun/2012:12:35:22 +0600] "GET /content/view/721/ HTTP/1.0" 200 4727 "-" "Mozilla/5.0 (compatible; Googlebot/2.1; +http://www.google.com/bot.html)"
81.30.223.50 - - [05/Jun/2012:12:35:24 +0600] "GET /content/blogcategory/1/66/5/5/ HTTP/1.0" 200 6936 "http://csdb.ufanet.ru/content/blogcategory/1/66/" "Mozilla/5.0 (Windows NT 5.1; rv:12.0) Gecko/20100101 Firefox/12.0"
136.169.147.204 - - [05/Jun/2012:12:36:04 +0600] "GET / HTTP/1.0" 200 6473 "-" "Mozilla/5.0 (Windows NT 6.1; rv:12.0) Gecko/20100101 Firefox/12.0"
136.169.147.204 - - [05/Jun/2012:12:36:04 +0600] "GET /images/cgdb.swf HTTP/1.0" 200 19792297 "http://csdb.ufanet.ru/" "Mozilla/5.0 (Windows NT 6.1; rv:12.0) Gecko/20100101 Firefox/12.0"
136.169.147.204 - - [05/Jun/2012:12:36:08 +0600] "GET /content/category/7/20/52/ HTTP/1.0" 200 5717 "http://csdb.ufanet.ru/" "Mozilla/5.0 (Windows NT 6.1; rv:12.0) Gecko/20100101 Firefox/12.0"
66.249.66.77 - - [05/Jun/2012:12:36:37 +0600] "GET /content/view/198/ HTTP/1.0" 200 5583 "-" "Mozilla/5.0 (compatible; Googlebot/2.1; +http://www.google.com/bot.html)"
178.154.163.30 - - [05/Jun/2012:12:37:52 +0600] "GET /files/ucazatel/zoshenk.pdf HTTP/1.0" 304 - "-" "Mozilla/5.0 (compatible; YandexBot/3.0; +http://yandex.com/bots)"
136.169.147.204 - - [05/Jun/2012:12:37:53 +0600] "GET /content/view/253/56/ HTTP/1.0" 200 4411 "http://yandex.ru/yandsearch?text=%D0%B1%D0%B0%D0%B9%D0%BA%D0%BE%D0%B2%D0%B0+%D0%90%D0%BD%D0%B6%D0%B5%D0%BB%D0%B0+%D0%9C%D0%B8%D1%85%D0%B0%D0%B9%D0%BB%D0%BE%D0%B2%D0%BD%D0%B0&lr=172" "Mozilla/5.0 (Windows NT 6.1; rv:12.0) Gecko/20100101 Firefox/12.0"
65.52.110.191 - - [05/Jun/2012:12:38:37 +0600] "GET /content/view/576/210/ HTTP/1.0" 200 4920 "-" "Mozilla/5.0 (compatible; bingbot/2.0; +http://www.bing.com/bingbot.htm)"
66.249.66.77 - - [05/Jun/2012:12:39:05 +0600] "GET /content/view/529/1/ HTTP/1.0" 200 6605 "-" "Mozilla/5.0 (compatible; Googlebot/2.1; +http://www.google.com/bot.html)"
178.154.163.30 - - [05/Jun/2012:12:41:55 +0600] "GET /files/ucazatel/Mumitrol.pdf HTTP/1.0" 200 634741 "-" "Mozilla/5.0 (compatible; YandexDirect/3.0; +http://yandex.com/bots)"
66.249.66.77 - - [05/Jun/2012:12:43:23 +0600] "GET /content/view/261/1/ HTTP/1.0" 200 6934 "-" "Mozilla/5.0 (compatible; Googlebot/2.1; +http://www.google.com/bot.html)"
66.249.66.77 - - [05/Jun/2012:12:44:15 +0600] "GET /content/view/231/ HTTP/1.0" 200 4696 "-" "Mozilla/5.0 (compatible; Googlebot/2.1; +http://www.google.com/bot.html)"
178.154.163.30 - - [05/Jun/2012:12:46:15 +0600] "GET /files/scen_prazd/denpravoslavnoiknigi.pdf HTTP/1.0" 304 - "-" "Mozilla/5.0 (compatible; YandexBot/3.0; +http://yandex.com/bots)"
66.249.66.77 - - [05/Jun/2012:12:47:17 +0600] "GET /content/view/806/90/ HTTP/1.0" 200 4279 "-" "Mozilla/5.0 (compatible; Googlebot/2.1; +http://www.google.com/bot.html)"
31.8.211.18 - - [05/Jun/2012:12:47:18 +0600] "GET /content/blogcategory/1/66 HTTP/1.0" 200 7327 "http://yandex.ru/yandsearch?text=%D0%B1%D0%B8%D0%B1%D0%BB%D0%B8%D0%BE%D1%82%D0%B5%D1%87%D0%BD%D1%8B%D0%B5+%D0%B2%D1%8B%D1%81%D1%82%D0%B0%D0%B2%D0%BA%D0%B8+%D0%BD%D0%B0+%D0%B1%D0%B0%D1%88%D0%BA%D0%B8%D1%80%D1%81%D0%BA%D0%BE%D0%BC+%D1%8F%D0%B7%D1%8B%D0%BA%D0%B5&clid=41124&lr=172" "Mozilla/4.0 (compatible; MSIE 6.0; Windows NT 5.1; SV1)"
65.52.104.19 - - [05/Jun/2012:12:49:24 +0600] "GET /content/view/106/53/ HTTP/1.0" 200 5641 "-" "Mozilla/5.0 (compatible; bingbot/2.0; +http://www.bing.com/bingbot.htm)"
81.30.223.50 - - [05/Jun/2012:12:51:40 +0600] "GET / HTTP/1.0" 200 6474 "-" "Mozilla/5.0 (Windows NT 5.1; rv:12.0) Gecko/20100101 Firefox/12.0"
136.169.147.204 - - [05/Jun/2012:12:51:48 +0600] "GET / HTTP/1.0" 200 6438 "-" "Opera/9.80 (Windows NT 5.1; U; ru) Presto/2.10.229 Version/11.64"
81.30.223.50 - - [05/Jun/2012:12:51:49 +0600] "GET /content/blogcategory/1/66/ HTTP/1.0" 200 7326 "http://csdb.ufanet.ru/" "Mozilla/5.0 (Windows NT 5.1; rv:12.0) Gecko/20100101 Firefox/12.0"
136.169.147.204 - - [05/Jun/2012:12:51:52 +0600] "GET /content/blogcategory/1/66/ HTTP/1.0" 200 7283 "http://csdb.ufanet.ru/" "Opera/9.80 (Windows NT 5.1; U; ru) Presto/2.10.229 Version/11.64"
136.169.147.204 - - [05/Jun/2012:12:51:57 +0600] "GET /mb38/ HTTP/1.0" 200 14902 "http://csdb.ufanet.ru/content/blogcategory/1/66/" "Opera/9.80 (Windows NT 5.1; U; ru) Presto/2.10.229 Version/11.64"
136.169.147.204 - - [05/Jun/2012:12:51:58 +0600] "GET /images/mb/img38/free_access.swf HTTP/1.0" 200 7947129 "http://csdb.ufanet.ru/mb38/" "Opera/9.80 (Windows NT 5.1; U; ru) Presto/2.10.229 Version/11.64"
81.30.223.50 - - [05/Jun/2012:12:52:05 +0600] "GET /content/view/1016/66/ HTTP/1.0" 200 5687 "http://csdb.ufanet.ru/content/blogcategory/1/66/" "Mozilla/5.0 (Windows NT 5.1; rv:12.0) Gecko/20100101 Firefox/12.0"
178.154.163.30 - - [05/Jun/2012:12:52:05 +0600] "GET /content/view/723/55/ HTTP/1.0" 200 5122 "-" "Mozilla/5.0 (compatible; YandexBot/3.0; +http://yandex.com/bots)"
81.30.223.50 - - [05/Jun/2012:12:52:18 +0600] "GET /content/blogcategory/1/66/ HTTP/1.0" 200 7325 "http://csdb.ufanet.ru/" "Mozilla/5.0 (Windows NT 5.1; rv:12.0) Gecko/20100101 Firefox/12.0"
66.249.66.77 - - [05/Jun/2012:12:52:33 +0600] "GET /content/view/1001/145/ HTTP/1.0" 200 19274 "-" "Mozilla/5.0 (compatible; Googlebot/2.1; +http://www.google.com/bot.html)"
81.30.223.50 - - [05/Jun/2012:12:55:21 +0600] "GET /content/blogcategory/1/66/5/5/ HTTP/1.0" 200 6934 "http://csdb.ufanet.ru/content/blogcategory/1/66/" "Mozilla/5.0 (Windows NT 5.1; rv:12.0) Gecko/20100101 Firefox/12.0"
81.90.9.42 - - [05/Jun/2012:12:56:11 +0600] "GET /files/ucazatel/Zochenko.pdf HTTP/1.0" 200 2124737 "http://www.google.ru/url?sa=t&rct=j&q=%D0%BE%D1%82%D0%B7%D1%8B%D0%B2%20%D0%BF%D0%BE%20%D1%80%D0%B0%D1%81%D1%81%D0%BA%D0%B0%D0%B7%D1%83%20%D0%BA%D0%B0%D0%BB%D0%BE%D1%88%D0%B8%20%D0%B8%20%D0%BC%D0%BE%D1%80%D0%BE%D0%B6%D0%B5%D0%BD%D0%BE%D0%B5%20%D0%BF%D0%BE%20%D0%B7%D0%BE%D1%89%D0%B5%D0%BD%D0%BA%D0%BE&source=web&cd=12&ved=0CFgQFjABOAo&url=http%3A%2F%2Fcsdb.ufanet.ru%2Ffiles%2Fucazatel%2FZochenko.pdf&ei=aKrNT-zUJYOe-wadzclg&usg=AFQjCNEh1gfBUcaF7HbY0ZvJuH2SqoeHjw&cad=rjt" "Mozilla/4.0 (compatible; MSIE 8.0; Windows NT 5.1; Trident/4.0; .NET CLR 1.1.4322; .NET CLR 3.0.4506.2152; .NET CLR 3.5.30729; .NET CLR 2.0.50727; BRI/2)"
81.90.9.42 - - [05/Jun/2012:12:56:12 +0600] "GET /files/ucazatel/Zochenko.pdf HTTP/1.0" 206 2116647 "-" "Mozilla/4.0 (compatible; MSIE 8.0; Windows NT 5.1; Trident/4.0; .NET CLR 1.1.4322; .NET CLR 3.0.4506.2152; .NET CLR 3.5.30729; .NET CLR 2.0.50727; BRI/2)"
81.90.9.42 - - [05/Jun/2012:12:56:30 +0600] "GET /files/ucazatel/Zochenko.pdf HTTP/1.0" 206 132592 "-" "Mozilla/4.0 (compatible; MSIE 8.0; Windows NT 5.1; Trident/4.0; .NET CLR 1.1.4322; .NET CLR 3.0.4506.2152; .NET CLR 3.5.30729; .NET CLR 2.0.50727; BRI/2)"
81.90.9.42 - - [05/Jun/2012:12:56:30 +0600] "GET /files/ucazatel/Zochenko.pdf HTTP/1.0" 206 1024 "-" "Mozilla/4.0 (compatible; MSIE 8.0; Windows NT 5.1; Trident/4.0; .NET CLR 1.1.4322; .NET CLR 3.0.4506.2152; .NET CLR 3.5.30729; .NET CLR 2.0.50727; BRI/2)"
178.154.163.30 - - [05/Jun/2012:12:56:41 +0600] "GET /content/view/1001/146/ HTTP/1.0" 200 19275 "-" "Mozilla/5.0 (compatible; YandexBot/3.0; +http://yandex.com/bots)"
213.180.206.197 - - [05/Jun/2012:12:56:51 +0600] "GET / HTTP/1.0" 200 24021 "-" "Mozilla/5.0 (compatible; YandexMetrika/2.0; +http://yandex.com/bots)"
81.90.9.42 - - [05/Jun/2012:12:57:16 +0600] "GET /files/ucazatel/Zochenko.pdf HTTP/1.0" 206 98695 "-" "Mozilla/4.0 (compatible; MSIE 8.0; Windows NT 5.1; Trident/4.0; .NET CLR 1.1.4322; .NET CLR 3.0.4506.2152; .NET CLR 3.5.30729; .NET CLR 2.0.50727; BRI/2)"
81.90.9.42 - - [05/Jun/2012:12:57:16 +0600] "GET /files/ucazatel/Zochenko.pdf HTTP/1.0" 206 1024 "-" "Mozilla/4.0 (compatible; MSIE 8.0; Windows NT 5.1; Trident/4.0; .NET CLR 1.1.4322; .NET CLR 3.0.4506.2152; .NET CLR 3.5.30729; .NET CLR 2.0.50727; BRI/2)"
81.90.9.42 - - [05/Jun/2012:12:57:16 +0600] "GET /files/ucazatel/Zochenko.pdf HTTP/1.0" 206 1024 "-" "Mozilla/4.0 (compatible; MSIE 8.0; Windows NT 5.1; Trident/4.0; .NET CLR 1.1.4322; .NET CLR 3.0.4506.2152; .NET CLR 3.5.30729; .NET CLR 2.0.50727; BRI/2)"
81.90.9.42 - - [05/Jun/2012:12:57:16 +0600] "GET /files/ucazatel/Zochenko.pdf HTTP/1.0" 206 586 "-" "Mozilla/4.0 (compatible; MSIE 8.0; Windows NT 5.1; Trident/4.0; .NET CLR 1.1.4322; .NET CLR 3.0.4506.2152; .NET CLR 3.5.30729; .NET CLR 2.0.50727; BRI/2)"
81.90.9.42 - - [05/Jun/2012:12:57:16 +0600] "GET /files/ucazatel/Zochenko.pdf HTTP/1.0" 206 1024 "-" "Mozilla/4.0 (compatible; MSIE 8.0; Windows NT 5.1; Trident/4.0; .NET CLR 1.1.4322; .NET CLR 3.0.4506.2152; .NET CLR 3.5.30729; .NET CLR 2.0.50727; BRI/2)"
81.90.9.42 - - [05/Jun/2012:12:57:16 +0600] "GET /files/ucazatel/Zochenko.pdf HTTP/1.0" 206 487 "-" "Mozilla/4.0 (compatible; MSIE 8.0; Windows NT 5.1; Trident/4.0; .NET CLR 1.1.4322; .NET CLR 3.0.4506.2152; .NET CLR 3.5.30729; .NET CLR 2.0.50727; BRI/2)"
81.90.9.42 - - [05/Jun/2012:12:57:16 +0600] "GET /files/ucazatel/Zochenko.pdf HTTP/1.0" 206 1024 "-" "Mozilla/4.0 (compatible; MSIE 8.0; Windows NT 5.1; Trident/4.0; .NET CLR 1.1.4322; .NET CLR 3.0.4506.2152; .NET CLR 3.5.30729; .NET CLR 2.0.50727; BRI/2)"
81.90.9.42 - - [05/Jun/2012:12:57:16 +0600] "GET /files/ucazatel/Zochenko.pdf HTTP/1.0" 206 126 "-" "Mozilla/4.0 (compatible; MSIE 8.0; Windows NT 5.1; Trident/4.0; .NET CLR 1.1.4322; .NET CLR 3.0.4506.2152; .NET CLR 3.5.30729; .NET CLR 2.0.50727; BRI/2)"
81.90.9.42 - - [05/Jun/2012:12:57:16 +0600] "GET /files/ucazatel/Zochenko.pdf HTTP/1.0" 206 123 "-" "Mozilla/4.0 (compatible; MSIE 8.0; Windows NT 5.1; Trident/4.0; .NET CLR 1.1.4322; .NET CLR 3.0.4506.2152; .NET CLR 3.5.30729; .NET CLR 2.0.50727; BRI/2)"
81.90.9.42 - - [05/Jun/2012:12:57:16 +0600] "GET /files/ucazatel/Zochenko.pdf HTTP/1.0" 206 1024 "-" "Mozilla/4.0 (compatible; MSIE 8.0; Windows NT 5.1; Trident/4.0; .NET CLR 1.1.4322; .NET CLR 3.0.4506.2152; .NET CLR 3.5.30729; .NET CLR 2.0.50727; BRI/2)"
81.90.9.42 - - [05/Jun/2012:12:57:16 +0600] "GET /files/ucazatel/Zochenko.pdf HTTP/1.0" 206 290 "-" "Mozilla/4.0 (compatible; MSIE 8.0; Windows NT 5.1; Trident/4.0; .NET CLR 1.1.4322; .NET CLR 3.0.4506.2152; .NET CLR 3.5.30729; .NET CLR 2.0.50727; BRI/2)"
81.90.9.42 - - [05/Jun/2012:12:57:16 +0600] "GET /files/ucazatel/Zochenko.pdf HTTP/1.0" 206 216 "-" "Mozilla/4.0 (compatible; MSIE 8.0; Windows NT 5.1; Trident/4.0; .NET CLR 1.1.4322; .NET CLR 3.0.4506.2152; .NET CLR 3.5.30729; .NET CLR 2.0.50727; BRI/2)"
81.90.9.42 - - [05/Jun/2012:12:57:16 +0600] "GET /files/ucazatel/Zochenko.pdf HTTP/1.0" 206 11345 "-" "Mozilla/4.0 (compatible; MSIE 8.0; Windows NT 5.1; Trident/4.0; .NET CLR 1.1.4322; .NET CLR 3.0.4506.2152; .NET CLR 3.5.30729; .NET CLR 2.0.50727; BRI/2)"
81.90.9.42 - - [05/Jun/2012:12:57:16 +0600] "GET /files/ucazatel/Zochenko.pdf HTTP/1.0" 206 943 "-" "Mozilla/4.0 (compatible; MSIE 8.0; Windows NT 5.1; Trident/4.0; .NET CLR 1.1.4322; .NET CLR 3.0.4506.2152; .NET CLR 3.5.30729; .NET CLR 2.0.50727; BRI/2)"
81.90.9.42 - - [05/Jun/2012:12:57:16 +0600] "GET /files/ucazatel/Zochenko.pdf HTTP/1.0" 206 88 "-" "Mozilla/4.0 (compatible; MSIE 8.0; Windows NT 5.1; Trident/4.0; .NET CLR 1.1.4322; .NET CLR 3.0.4506.2152; .NET CLR 3.5.30729; .NET CLR 2.0.50727; BRI/2)"
81.90.9.42 - - [05/Jun/2012:12:57:16 +0600] "GET /files/ucazatel/Zochenko.pdf HTTP/1.0" 206 26192 "-" "Mozilla/4.0 (compatible; MSIE 8.0; Windows NT 5.1; Trident/4.0; .NET CLR 1.1.4322; .NET CLR 3.0.4506.2152; .NET CLR 3.5.30729; .NET CLR 2.0.50727; BRI/2)"
81.90.9.42 - - [05/Jun/2012:12:57:17 +0600] "GET /files/ucazatel/Zochenko.pdf HTTP/1.0" 206 503 "-" "Mozilla/4.0 (compatible; MSIE 8.0; Windows NT 5.1; Trident/4.0; .NET CLR 1.1.4322; .NET CLR 3.0.4506.2152; .NET CLR 3.5.30729; .NET CLR 2.0.50727; BRI/2)"
81.90.9.42 - - [05/Jun/2012:12:57:17 +0600] "GET /files/ucazatel/Zochenko.pdf HTTP/1.0" 206 528 "-" "Mozilla/4.0 (compatible; MSIE 8.0; Windows NT 5.1; Trident/4.0; .NET CLR 1.1.4322; .NET CLR 3.0.4506.2152; .NET CLR 3.5.30729; .NET CLR 2.0.50727; BRI/2)"
81.90.9.42 - - [05/Jun/2012:12:57:23 +0600] "GET /files/ucazatel/Zochenko.pdf HTTP/1.0" 206 18752 "-" "Mozilla/4.0 (compatible; MSIE 8.0; Windows NT 5.1; Trident/4.0; .NET CLR 1.1.4322; .NET CLR 3.0.4506.2152; .NET CLR 3.5.30729; .NET CLR 2.0.50727; BRI/2)"
81.90.9.42 - - [05/Jun/2012:12:57:23 +0600] "GET /files/ucazatel/Zochenko.pdf HTTP/1.0" 206 7 "-" "Mozilla/4.0 (compatible; MSIE 8.0; Windows NT 5.1; Trident/4.0; .NET CLR 1.1.4322; .NET CLR 3.0.4506.2152; .NET CLR 3.5.30729; .NET CLR 2.0.50727; BRI/2)"
81.90.9.42 - - [05/Jun/2012:12:57:32 +0600] "GET /files/ucazatel/Zochenko.pdf HTTP/1.0" 206 217000 "-" "Mozilla/4.0 (compatible; MSIE 8.0; Windows NT 5.1; Trident/4.0; .NET CLR 1.1.4322; .NET CLR 3.0.4506.2152; .NET CLR 3.5.30729; .NET CLR 2.0.50727; BRI/2)"
81.90.9.42 - - [05/Jun/2012:12:57:32 +0600] "GET /files/ucazatel/Zochenko.pdf HTTP/1.0" 206 6324 "-" "Mozilla/4.0 (compatible; MSIE 8.0; Windows NT 5.1; Trident/4.0; .NET CLR 1.1.4322; .NET CLR 3.0.4506.2152; .NET CLR 3.5.30729; .NET CLR 2.0.50727; BRI/2)"
81.90.9.42 - - [05/Jun/2012:12:57:33 +0600] "GET /files/ucazatel/Zochenko.pdf HTTP/1.0" 206 6820 "-" "Mozilla/4.0 (compatible; MSIE 8.0; Windows NT 5.1; Trident/4.0; .NET CLR 1.1.4322; .NET CLR 3.0.4506.2152; .NET CLR 3.5.30729; .NET CLR 2.0.50727; BRI/2)"
81.90.9.42 - - [05/Jun/2012:12:57:34 +0600] "GET /files/ucazatel/Zochenko.pdf HTTP/1.0" 206 6271 "-" "Mozilla/4.0 (compatible; MSIE 8.0; Windows NT 5.1; Trident/4.0; .NET CLR 1.1.4322; .NET CLR 3.0.4506.2152; .NET CLR 3.5.30729; .NET CLR 2.0.50727; BRI/2)"
81.90.9.42 - - [05/Jun/2012:12:57:35 +0600] "GET /files/ucazatel/Zochenko.pdf HTTP/1.0" 206 157728 "-" "Mozilla/4.0 (compatible; MSIE 8.0; Windows NT 5.1; Trident/4.0; .NET CLR 1.1.4322; .NET CLR 3.0.4506.2152; .NET CLR 3.5.30729; .NET CLR 2.0.50727; BRI/2)"
81.90.9.42 - - [05/Jun/2012:12:57:37 +0600] "GET /files/ucazatel/Zochenko.pdf HTTP/1.0" 206 6039 "-" "Mozilla/4.0 (compatible; MSIE 8.0; Windows NT 5.1; Trident/4.0; .NET CLR 1.1.4322; .NET CLR 3.0.4506.2152; .NET CLR 3.5.30729; .NET CLR 2.0.50727; BRI/2)"
81.90.9.42 - - [05/Jun/2012:12:57:39 +0600] "GET /files/ucazatel/Zochenko.pdf HTTP/1.0" 206 46499 "-" "Mozilla/4.0 (compatible; MSIE 8.0; Windows NT 5.1; Trident/4.0; .NET CLR 1.1.4322; .NET CLR 3.0.4506.2152; .NET CLR 3.5.30729; .NET CLR 2.0.50727; BRI/2)"
66.249.66.77 - - [05/Jun/2012:12:57:39 +0600] "GET /content/view/815/67/ HTTP/1.0" 200 3790 "-" "Mozilla/5.0 (compatible; Googlebot/2.1; +http://www.google.com/bot.html)"
81.90.9.42 - - [05/Jun/2012:12:57:42 +0600] "GET /files/ucazatel/Zochenko.pdf HTTP/1.0" 206 5497 "-" "Mozilla/4.0 (compatible; MSIE 8.0; Windows NT 5.1; Trident/4.0; .NET CLR 1.1.4322; .NET CLR 3.0.4506.2152; .NET CLR 3.5.30729; .NET CLR 2.0.50727; BRI/2)"
81.90.9.42 - - [05/Jun/2012:12:57:50 +0600] "GET /files/ucazatel/Zochenko.pdf HTTP/1.0" 206 33496 "-" "Mozilla/4.0 (compatible; MSIE 8.0; Windows NT 5.1; Trident/4.0; .NET CLR 1.1.4322; .NET CLR 3.0.4506.2152; .NET CLR 3.5.30729; .NET CLR 2.0.50727; BRI/2)"
81.90.9.42 - - [05/Jun/2012:12:57:53 +0600] "GET /files/ucazatel/Zochenko.pdf HTTP/1.0" 206 6444 "-" "Mozilla/4.0 (compatible; MSIE 8.0; Windows NT 5.1; Trident/4.0; .NET CLR 1.1.4322; .NET CLR 3.0.4506.2152; .NET CLR 3.5.30729; .NET CLR 2.0.50727; BRI/2)"
81.90.9.42 - - [05/Jun/2012:12:57:55 +0600] "GET /files/ucazatel/Zochenko.pdf HTTP/1.0" 206 88768 "-" "Mozilla/4.0 (compatible; MSIE 8.0; Windows NT 5.1; Trident/4.0; .NET CLR 1.1.4322; .NET CLR 3.0.4506.2152; .NET CLR 3.5.30729; .NET CLR 2.0.50727; BRI/2)"
81.90.9.42 - - [05/Jun/2012:12:57:57 +0600] "GET /files/ucazatel/Zochenko.pdf HTTP/1.0" 206 112402 "-" "Mozilla/4.0 (compatible; MSIE 8.0; Windows NT 5.1; Trident/4.0; .NET CLR 1.1.4322; .NET CLR 3.0.4506.2152; .NET CLR 3.5.30729; .NET CLR 2.0.50727; BRI/2)"
81.90.9.42 - - [05/Jun/2012:12:58:00 +0600] "GET /files/ucazatel/Zochenko.pdf HTTP/1.0" 206 5846 "-" "Mozilla/4.0 (compatible; MSIE 8.0; Windows NT 5.1; Trident/4.0; .NET CLR 1.1.4322; .NET CLR 3.0.4506.2152; .NET CLR 3.5.30729; .NET CLR 2.0.50727; BRI/2)"
178.154.163.30 - - [05/Jun/2012:12:58:20 +0600] "GET /files/ucazatel/UFA430.pdf HTTP/1.0" 304 - "-" "Mozilla/5.0 (compatible; YandexBot/3.0; +http://yandex.com/bots)"
136.169.147.204 - - [05/Jun/2012:12:59:22 +0600] "GET / HTTP/1.0" 200 6473 "-" "Mozilla/5.0 (Windows NT 6.1) AppleWebKit/536.5 (KHTML, like Gecko) Chrome/19.0.1084.52 Safari/536.5"
178.154.163.30 - - [05/Jun/2012:12:59:42 +0600] "GET /content/view/1001/52/ HTTP/1.0" 200 19287 "-" "Mozilla/5.0 (compatible; YandexBot/3.0; +http://yandex.com/bots)"
66.249.66.77 - - [05/Jun/2012:12:59:49 +0600] "GET /content/view/580/90/ HTTP/1.0" 200 3573 "-" "Mozilla/5.0 (compatible; Googlebot/2.1; +http://www.google.com/bot.html)"
136.169.147.204 - - [05/Jun/2012:12:59:54 +0600] "GET /content/blogcategory/1/66/ HTTP/1.0" 200 7325 "http://csdb.ufanet.ru/" "Mozilla/5.0 (Windows NT 6.1) AppleWebKit/536.5 (KHTML, like Gecko) Chrome/19.0.1084.52 Safari/536.5"
178.154.163.30 - - [05/Jun/2012:13:00:19 +0600] "GET /content/view/735/1/ HTTP/1.0" 200 6418 "-" "Mozilla/5.0 (compatible; YandexBot/3.0; +http://yandex.com/bots)"
136.169.147.204 - - [05/Jun/2012:13:00:28 +0600] "GET /content/blogcategory/1/66/5/5/ HTTP/1.0" 200 6936 "http://csdb.ufanet.ru/content/blogcategory/1/66/" "Mozilla/5.0 (Windows NT 6.1) AppleWebKit/536.5 (KHTML, like Gecko) Chrome/19.0.1084.52 Safari/536.5"
178.154.163.30 - - [05/Jun/2012:13:00:31 +0600] "GET /content/view/783/154/ HTTP/1.0" 200 5095 "-" "Mozilla/5.0 (compatible; YandexBot/3.0; +http://yandex.com/bots)"
136.169.147.204 - - [05/Jun/2012:13:00:42 +0600] "GET /content/blogcategory/1/66/5/10/ HTTP/1.0" 200 7746 "http://csdb.ufanet.ru/content/blogcategory/1/66/5/5/" "Mozilla/5.0 (Windows NT 6.1) AppleWebKit/536.5 (KHTML, like Gecko) Chrome/19.0.1084.52 Safari/536.5"
178.154.163.30 - - [05/Jun/2012:13:00:48 +0600] "GET /content/view/695/194/ HTTP/1.0" 200 5109 "-" "Mozilla/5.0 (compatible; YandexBot/3.0; +http://yandex.com/bots)"
178.154.163.30 - - [05/Jun/2012:13:00:59 +0600] "GET /content/view/1001/133/ HTTP/1.0" 200 19278 "-" "Mozilla/5.0 (compatible; YandexBot/3.0; +http://yandex.com/bots)"
178.154.163.30 - - [05/Jun/2012:13:01:11 +0600] "GET /content/view/733/223/ HTTP/1.0" 200 4786 "-" "Mozilla/5.0 (compatible; YandexBot/3.0; +http://yandex.com/bots)"
178.154.163.30 - - [05/Jun/2012:13:01:18 +0600] "GET /content/view/721/90/ HTTP/1.0" 200 4341 "-" "Mozilla/5.0 (compatible; YandexBot/3.0; +http://yandex.com/bots)"
178.154.163.30 - - [05/Jun/2012:13:01:29 +0600] "GET /content/view/1001/123/ HTTP/1.0" 200 19289 "-" "Mozilla/5.0 (compatible; YandexBot/3.0; +http://yandex.com/bots)"
178.154.163.30 - - [05/Jun/2012:13:01:46 +0600] "GET /content/view/752/192/ HTTP/1.0" 200 5137 "-" "Mozilla/5.0 (compatible; YandexBot/3.0; +http://yandex.com/bots)"
178.154.163.30 - - [05/Jun/2012:13:01:56 +0600] "GET /content/view/454/144/ HTTP/1.0" 200 5086 "-" "Mozilla/5.0 (compatible; YandexBot/3.0; +http://yandex.com/bots)"
178.154.163.30 - - [05/Jun/2012:13:02:03 +0600] "GET /content/view/822/225/ HTTP/1.0" 200 5101 "-" "Mozilla/5.0 (compatible; YandexBot/3.0; +http://yandex.com/bots)"
136.169.147.204 - - [05/Jun/2012:13:02:12 +0600] "GET / HTTP/1.0" 200 6436 "-" "Opera/9.80 (Windows NT 5.1; U; ru) Presto/2.10.229 Version/11.64"
178.154.163.30 - - [05/Jun/2012:13:02:13 +0600] "GET /content/view/794/219/ HTTP/1.0" 200 5664 "-" "Mozilla/5.0 (compatible; YandexBot/3.0; +http://yandex.com/bots)"
136.169.147.204 - - [05/Jun/2012:13:02:14 +0600] "GET /images/cgdb.swf HTTP/1.0" 200 19792297 "http://csdb.ufanet.ru/" "Opera/9.80 (Windows NT 5.1; U; ru) Presto/2.10.229 Version/11.64"
178.154.163.30 - - [05/Jun/2012:13:02:18 +0600] "GET /content/view/250/66/ HTTP/1.0" 200 7040 "-" "Mozilla/5.0 (compatible; YandexBot/3.0; +http://yandex.com/bots)"
66.249.66.77 - - [05/Jun/2012:13:02:24 +0600] "GET /content/view/817/90/ HTTP/1.0" 200 4231 "-" "Mozilla/5.0 (compatible; Googlebot/2.1; +http://www.google.com/bot.html)"
178.154.163.30 - - [05/Jun/2012:13:02:26 +0600] "GET /content/view/410/144/ HTTP/1.0" 200 5086 "-" "Mozilla/5.0 (compatible; YandexBot/3.0; +http://yandex.com/bots)"
136.169.147.204 - - [05/Jun/2012:13:02:33 +0600] "GET /administrator HTTP/1.0" 301 323 "-" "Mozilla/5.0 (Windows; U; Windows NT 5.1; ru; rv:1.9.2.13) Gecko/20101203 Firefox/3.6.13"
178.154.163.30 - - [05/Jun/2012:13:02:33 +0600] "GET /content/view/728/105/ HTTP/1.0" 200 5085 "-" "Mozilla/5.0 (compatible; YandexBot/3.0; +http://yandex.com/bots)"
136.169.147.204 - - [05/Jun/2012:13:02:38 +0600] "GET /administrator/ HTTP/1.0" 200 1314 "-" "Mozilla/5.0 (Windows; U; Windows NT 5.1; ru; rv:1.9.2.13) Gecko/20101203 Firefox/3.6.13"
136.169.147.204 - - [05/Jun/2012:13:02:44 +0600] "POST /administrator/index.php HTTP/1.0" 200 54 "http://csdb.ufanet.ru/administrator/" "Mozilla/5.0 (Windows; U; Windows NT 5.1; ru; rv:1.9.2.13) Gecko/20101203 Firefox/3.6.13"
136.169.147.204 - - [05/Jun/2012:13:02:44 +0600] "GET /administrator/index2.php HTTP/1.0" 200 9680 "http://csdb.ufanet.ru/administrator/index.php" "Mozilla/5.0 (Windows; U; Windows NT 5.1; ru; rv:1.9.2.13) Gecko/20101203 Firefox/3.6.13"
178.154.163.30 - - [05/Jun/2012:13:02:46 +0600] "GET /content/view/463/66/ HTTP/1.0" 200 6301 "-" "Mozilla/5.0 (compatible; YandexBot/3.0; +http://yandex.com/bots)"
136.169.147.204 - - [05/Jun/2012:13:02:52 +0600] "GET /administrator/index2.php?option=com_content&sectionid=3 HTTP/1.0" 200 10281 "http://csdb.ufanet.ru/administrator/index2.php" "Mozilla/5.0 (Windows; U; Windows NT 5.1; ru; rv:1.9.2.13) Gecko/20101203 Firefox/3.6.13"
136.169.147.204 - - [05/Jun/2012:13:02:58 +0600] "POST /administrator/index2.php?option=com_content HTTP/1.0" 200 10285 "http://csdb.ufanet.ru/administrator/index2.php?option=com_content&sectionid=3" "Mozilla/5.0 (Windows; U; Windows NT 5.1; ru; rv:1.9.2.13) Gecko/20101203 Firefox/3.6.13"
178.154.163.30 - - [05/Jun/2012:13:03:00 +0600] "GET /content/view/558/160/ HTTP/1.0" 200 5130 "-" "Mozilla/5.0 (compatible; YandexBot/3.0; +http://yandex.com/bots)"
136.169.147.204 - - [05/Jun/2012:13:03:06 +0600] "GET /administrator/index2.php?option=com_content&sectionid=3&task=edit&hidemainmenu=1&id=919 HTTP/1.0" 200 50706 "http://csdb.ufanet.ru/administrator/index2.php?option=com_content" "Mozilla/5.0 (Windows; U; Windows NT 5.1; ru; rv:1.9.2.13) Gecko/20101203 Firefox/3.6.13"
66.249.66.77 - - [05/Jun/2012:13:05:52 +0600] "GET /content/view/945/1/ HTTP/1.0" 200 6630 "-" "Mozilla/5.0 (compatible; Googlebot/2.1; +http://www.google.com/bot.html)"
178.154.163.30 - - [05/Jun/2012:13:05:52 +0600] "GET /content/view/53/47 HTTP/1.0" 200 7366 "-" "Mozilla/5.0 (compatible; YandexDirect/3.0; +http://yandex.com/bots)"
136.169.147.204 - - [05/Jun/2012:13:07:05 +0600] "POST /administrator/index2.php HTTP/1.0" 301 - "http://csdb.ufanet.ru/administrator/index2.php?option=com_content&sectionid=3&task=edit&hidemainmenu=1&id=919" "Mozilla/5.0 (Windows; U; Windows NT 5.1; ru; rv:1.9.2.13) Gecko/20101203 Firefox/3.6.13"
136.169.147.204 - - [05/Jun/2012:13:07:05 +0600] "GET /administrator/index2.php?option=com_content&sectionid=3&task=edit&hidemainmenu=1&id=919&mosmsg=%C8%E7%EC%E5%ED%E5%ED%E8%FF+%F3%F1%EF%E5%F8%ED%EE+%F1%EE%F5%F0%E0%ED%E5%ED%FB+%E2%3A+%CF%D0%C8%C3%CB%C0%D8%C0%C5%CC+%C2+%C8%DE%CD%C5 HTTP/1.0" 200 50781 "http://csdb.ufanet.ru/administrator/index2.php?option=com_content&sectionid=3&task=edit&hidemainmenu=1&id=919" "Mozilla/5.0 (Windows; U; Windows NT 5.1; ru; rv:1.9.2.13) Gecko/20101203 Firefox/3.6.13"
136.169.147.204 - - [05/Jun/2012:13:07:10 +0600] "GET / HTTP/1.0" 200 6433 "-" "Opera/9.80 (Windows NT 5.1; U; ru) Presto/2.10.229 Version/11.64"
81.30.223.50 - - [05/Jun/2012:13:08:33 +0600] "GET /content/blogcategory/1/66/ HTTP/1.0" 200 7327 "-" "Mozilla/5.0 (Windows NT 5.1; rv:12.0) Gecko/20100101 Firefox/12.0"
136.169.147.204 - - [05/Jun/2012:13:08:36 +0600] "POST /administrator/index2.php HTTP/1.0" 301 - "http://csdb.ufanet.ru/administrator/index2.php?option=com_content&sectionid=3&task=edit&hidemainmenu=1&id=919&mosmsg=%C8%E7%EC%E5%ED%E5%ED%E8%FF+%F3%F1%EF%E5%F8%ED%EE+%F1%EE%F5%F0%E0%ED%E5%ED%FB+%E2%3A+%CF%D0%C8%C3%CB%C0%D8%C0%C5%CC+%C2+%C8%DE%CD%C5" "Mozilla/5.0 (Windows; U; Windows NT 5.1; ru; rv:1.9.2.13) Gecko/20101203 Firefox/3.6.13"
136.169.147.204 - - [05/Jun/2012:13:08:36 +0600] "GET /administrator/index2.php?option=com_content&sectionid=3&mosmsg=%D3%F1%EF%E5%F8%ED%EE+%F1%EE%F5%F0%E0%ED%E5%ED%EE%3A+%CF%D0%C8%C3%CB%C0%D8%C0%C5%CC+%C2+%C8%DE%CD%C5 HTTP/1.0" 200 10321 "http://csdb.ufanet.ru/administrator/index2.php?option=com_content&sectionid=3&task=edit&hidemainmenu=1&id=919&mosmsg=%C8%E7%EC%E5%ED%E5%ED%E8%FF+%F3%F1%EF%E5%F8%ED%EE+%F1%EE%F5%F0%E0%ED%E5%ED%FB+%E2%3A+%CF%D0%C8%C3%CB%C0%D8%C0%C5%CC+%C2+%C8%DE%CD%C5" "Mozilla/5.0 (Windows; U; Windows NT 5.1; ru; rv:1.9.2.13) Gecko/20101203 Firefox/3.6.13"
81.30.223.50 - - [05/Jun/2012:13:08:39 +0600] "GET /content/view/1016/66/ HTTP/1.0" 200 5689 "http://csdb.ufanet.ru/content/blogcategory/1/66/" "Mozilla/5.0 (Windows NT 5.1; rv:12.0) Gecko/20100101 Firefox/12.0"
136.169.147.204 - - [05/Jun/2012:13:08:40 +0600] "GET / HTTP/1.0" 200 6430 "-" "Opera/9.80 (Windows NT 5.1; U; ru) Presto/2.10.229 Version/11.64"
136.169.147.204 - - [05/Jun/2012:13:08:47 +0600] "GET /administrator/index2.php?option=logout HTTP/1.0" 301 - "http://csdb.ufanet.ru/administrator/index2.php?option=com_content&sectionid=3&mosmsg=%D3%F1%EF%E5%F8%ED%EE+%F1%EE%F5%F0%E0%ED%E5%ED%EE%3A+%CF%D0%C8%C3%CB%C0%D8%C0%C5%CC+%C2+%C8%DE%CD%C5" "Mozilla/5.0 (Windows; U; Windows NT 5.1; ru; rv:1.9.2.13) Gecko/20101203 Firefox/3.6.13"
136.169.147.204 - - [05/Jun/2012:13:08:47 +0600] "GET /administrator/index.php HTTP/1.0" 200 1314 "http://csdb.ufanet.ru/administrator/index2.php?option=com_content&sectionid=3&mosmsg=%D3%F1%EF%E5%F8%ED%EE+%F1%EE%F5%F0%E0%ED%E5%ED%EE%3A+%CF%D0%C8%C3%CB%C0%D8%C0%C5%CC+%C2+%C8%DE%CD%C5" "Mozilla/5.0 (Windows; U; Windows NT 5.1; ru; rv:1.9.2.13) Gecko/20101203 Firefox/3.6.13"
81.30.223.50 - - [05/Jun/2012:13:08:51 +0600] "GET /content/blogcategory/1/66/ HTTP/1.0" 200 7326 "-" "Mozilla/5.0 (Windows NT 5.1; rv:12.0) Gecko/20100101 Firefox/12.0"
37.112.27.213 - - [05/Jun/2012:13:08:56 +0600] "GET / HTTP/1.0" 200 6429 "http://yandex.ru/yandsearch?text=csdb.ufanet.ru&lr=213" "Opera/9.80 (Windows NT 6.1; U; ru) Presto/2.6.30 Version/10.63"
37.112.27.213 - - [05/Jun/2012:13:08:56 +0600] "GET /images/cgdb.swf HTTP/1.0" 200 19792297 "http://csdb.ufanet.ru/" "Opera/9.80 (Windows NT 6.1; U; ru) Presto/2.6.30 Version/10.63"
81.30.54.82 - - [05/Jun/2012:13:09:23 +0600] "GET / HTTP/1.0" 200 6465 "-" "Mozilla/5.0 (Windows NT 6.1; WOW64) AppleWebKit/536.5 (KHTML, like Gecko) Chrome/19.0.1084.52 Safari/536.5"
81.30.54.82 - - [05/Jun/2012:13:09:26 +0600] "GET /images/cgdb.swf HTTP/1.0" 200 19792297 "http://csdb.ufanet.ru/" "Mozilla/5.0 (Windows NT 6.1; WOW64) AppleWebKit/536.5 (KHTML, like Gecko) Chrome/19.0.1084.52 Safari/536.5"
81.30.223.50 - - [05/Jun/2012:13:10:02 +0600] "GET /content/blogcategory/1/66/5/5/ HTTP/1.0" 200 6936 "http://csdb.ufanet.ru/content/blogcategory/1/66/" "Mozilla/5.0 (Windows NT 5.1; rv:12.0) Gecko/20100101 Firefox/12.0"
178.154.163.30 - - [05/Jun/2012:13:13:04 +0600] "GET /content/view/337/47 HTTP/1.0" 200 6935 "-" "Mozilla/5.0 (compatible; YandexBot/3.0; +http://yandex.com/bots)"
95.55.123.47 - - [05/Jun/2012:13:17:39 +0600] "GET /files/articles/panorama2.pdf HTTP/1.0" 200 433595 "-" "Mozilla/5.0 (X11; U; Linux x86_64; en-US; rv:1.9.2a1pre) Gecko/20090807 Minefield/3.6a1pre"
178.154.163.30 - - [05/Jun/2012:13:18:01 +0600] "GET /content/category/14/42/183/ HTTP/1.0" 200 5776 "-" "Mozilla/5.0 (compatible; YandexBot/3.0; +http://yandex.com/bots)"
178.154.163.30 - - [05/Jun/2012:13:18:18 +0600] "GET / HTTP/1.0" 200 6466 "-" "Mozilla/5.0 (compatible; YandexDirect/3.0; +http://yandex.com/bots)"
178.154.163.30 - - [05/Jun/2012:13:19:10 +0600] "GET /content/view/310/91 HTTP/1.0" 200 6109 "-" "Mozilla/5.0 (compatible; YandexDirect/3.0; +http://yandex.com/bots)"
68.233.226.103 - - [05/Jun/2012:13:19:29 +0600] "GET /content/view/793/183/content/view/793/1/ HTTP/1.0" 200 13043 "-" "Mozilla/5.0 (Windows NT 5.1) AppleWebKit/535.2 (KHTML, like Gecko) Chrome/15.0.872.0 Safari/535.2"
95.27.246.147 - - [05/Jun/2012:13:21:20 +0600] "GET /content/blogcategory/49/234/ HTTP/1.0" 200 6073 "http://yandex.ru/yandsearch?text=%eb%e5%f2%ee+%e8+%ea%ed%e8%e3%e0&lr=213" "Mozilla/4.0 (compatible; MSIE 8.0; Windows NT 5.1; Trident/4.0; .NET CLR 1.1.4322; .NET CLR 2.0.50727; .NET CLR 3.0.4506.2152; .NET CLR 3.5.30729)"
66.249.66.77 - - [05/Jun/2012:13:24:53 +0600] "GET /content/view/806/67/ HTTP/1.0" 200 3723 "-" "Mozilla/5.0 (compatible; Googlebot/2.1; +http://www.google.com/bot.html)"
