213.180.206.197 - - [02/Jun/2012:20:57:10 +0600] "GET / HTTP/1.0" 200 25323 "-" "Mozilla/5.0 (compatible; YandexMetrika/2.0; +http://yandex.com/bots)"
213.236.208.22 - - [02/Jun/2012:20:58:42 +0600] "GET / HTTP/1.0" 200 6881 "-" "Opera/9.80 (X11; Linux x86_64) Presto/2.12.344 Version/12.00"
213.236.208.22 - - [02/Jun/2012:20:58:44 +0600] "GET /images/cgdb.swf HTTP/1.0" 200 19792297 "http://csdb.ufanet.ru/" "Opera/9.80 (X11; Linux x86_64) Presto/2.12.344 Version/12.00"
213.236.208.22 - - [02/Jun/2012:20:58:44 +0600] "GET /images/cgdb.swf HTTP/1.0" 200 19792297 "http://csdb.ufanet.ru/" "Opera/9.80 (X11; Linux x86_64) Presto/2.12.344 Version/12.00"
66.249.66.77 - - [02/Jun/2012:21:04:06 +0600] "GET /content/view/950/120/ HTTP/1.0" 200 5060 "-" "Mozilla/5.0 (compatible; Googlebot/2.1; +http://www.google.com/bot.html)"
157.55.17.103 - - [02/Jun/2012:21:06:05 +0600] "GET /component/option,com_joomap/Itemid,64/ HTTP/1.0" 200 19467 "-" "Mozilla/5.0 (compatible; bingbot/2.0; +http://www.bing.com/bingbot.htm)"
213.236.208.22 - - [02/Jun/2012:21:09:23 +0600] "GET / HTTP/1.0" 200 6882 "-" "Opera/9.80 (X11; Linux x86_64) Presto/2.12.344 Version/12.00"
213.236.208.22 - - [02/Jun/2012:21:09:24 +0600] "GET /images/cgdb.swf HTTP/1.0" 200 19792297 "http://csdb.ufanet.ru/" "Opera/9.80 (X11; Linux x86_64) Presto/2.12.344 Version/12.00"
213.236.208.22 - - [02/Jun/2012:21:09:25 +0600] "GET /images/cgdb.swf HTTP/1.0" 200 19792297 "http://csdb.ufanet.ru/" "Opera/9.80 (X11; Linux x86_64) Presto/2.12.344 Version/12.00"
31.130.68.6 - - [02/Jun/2012:21:09:25 +0600] "GET /content/view/323/163/ HTTP/1.0" 200 11621 "http://go.mail.ru/search?q=%EF%EE%E4%F1%EE%EB%ED%F3%F8%EA%E8+%E1%E5%F1%EF%EB%E0%F2%ED%FB%E5+%E8%E3%F0%FB&fr=chrome" "Mozilla/5.0 (Windows NT 6.1) AppleWebKit/536.5 (KHTML, like Gecko) Chrome/19.0.1084.52 Safari/536.5"
31.130.68.6 - - [02/Jun/2012:21:09:29 +0600] "GET /mambots/content/jw_allvideos/players/mediaplayer_4.0.46.swf HTTP/1.0" 200 38096 "http://csdb.ufanet.ru/content/view/323/163/" "Mozilla/5.0 (Windows NT 6.1) AppleWebKit/536.5 (KHTML, like Gecko) Chrome/19.0.1084.52 Safari/536.5"
31.130.68.6 - - [02/Jun/2012:21:09:31 +0600] "GET /images/stories/videos/podsol.flv HTTP/1.0" 200 5602055 "http://csdb.ufanet.ru/mambots/content/jw_allvideos/players/mediaplayer_4.0.46.swf" "Mozilla/5.0 (Windows NT 6.1) AppleWebKit/536.5 (KHTML, like Gecko) Chrome/19.0.1084.52 Safari/536.5"
66.249.66.77 - - [02/Jun/2012:21:12:17 +0600] "GET /content/view/931/56/ HTTP/1.0" 200 3967 "-" "Mozilla/5.0 (compatible; Googlebot/2.1; +http://www.google.com/bot.html)"
66.249.66.77 - - [02/Jun/2012:21:13:47 +0600] "GET /content/view/920/66/ HTTP/1.0" 200 6659 "-" "Mozilla/5.0 (compatible; Googlebot/2.1; +http://www.google.com/bot.html)"
66.249.66.77 - - [02/Jun/2012:21:17:39 +0600] "GET /content/view/931/90/ HTTP/1.0" 200 4493 "-" "Mozilla/5.0 (compatible; Googlebot/2.1; +http://www.google.com/bot.html)"
178.154.163.30 - - [02/Jun/2012:21:17:55 +0600] "GET /content/view/323/163/ HTTP/1.0" 200 11621 "-" "Mozilla/5.0 (compatible; YandexBot/3.0; +http://yandex.com/bots)"
66.249.66.77 - - [02/Jun/2012:21:18:37 +0600] "GET /content/view/879/142/ HTTP/1.0" 200 5060 "-" "Mozilla/5.0 (compatible; Googlebot/2.1; +http://www.google.com/bot.html)"
66.249.66.77 - - [02/Jun/2012:21:19:56 +0600] "GET /content/view/1001/192/ HTTP/1.0" 200 19250 "-" "Mozilla/5.0 (compatible; Googlebot/2.1; +http://www.google.com/bot.html)"
66.249.66.77 - - [02/Jun/2012:21:20:53 +0600] "GET /content/view/821/194/ HTTP/1.0" 200 5081 "-" "Mozilla/5.0 (compatible; Googlebot/2.1; +http://www.google.com/bot.html)"
37.212.62.81 - - [02/Jun/2012:21:27:12 +0600] "GET /content/view/53/47/ HTTP/1.0" 200 7297 "http://go.mail.ru/search?mailru=1&mg=1&q=%D0%BC%D0%B5%D1%80%D0%B8%D0%BF%D1%80%D0%B8%D1%8F%D1%82%D0%B8%D0%B5+%22%D1%80%D0%B0%D0%B7%D0%BD%D0%BE%D1%86%D0%B2%D0%B5%D1%82%D0%BD%D1%8B%D0%B9+%D0%BC%D0%B8%D1%80+%D0%B4%D0%B5%D1%82%D1%81%D1%82%D0%B2%D0%B0%22" "Opera/9.80 (Windows NT 5.1; U; ru) Presto/2.10.229 Version/11.64"
213.180.206.197 - - [02/Jun/2012:21:27:22 +0600] "GET / HTTP/1.0" 200 25323 "-" "Mozilla/5.0 (compatible; YandexMetrika/2.0; +http://yandex.com/bots)"
66.249.66.77 - - [02/Jun/2012:21:27:31 +0600] "GET /content/view/454/192/ HTTP/1.0" 200 5079 "-" "Mozilla/5.0 (compatible; Googlebot/2.1; +http://www.google.com/bot.html)"
37.212.62.81 - - [02/Jun/2012:21:27:35 +0600] "GET /content/view/888/256/ HTTP/1.0" 200 8215 "http://csdb.ufanet.ru/content/view/53/47/" "Opera/9.80 (Windows NT 5.1; U; ru) Presto/2.10.229 Version/11.64"
37.212.62.81 - - [02/Jun/2012:21:41:02 +0600] "GET /content/view/53/47 HTTP/1.0" 200 7300 "http://yandex.by/yandsearch?text=%D1%81%D1%86%D0%B5%D0%BD%D0%B0%D1%80%D0%B8%D0%B9+%D0%BC%D0%B5%D1%80%D0%BE%D0%BF%D1%80%D0%B8%D1%8F%D1%82%D0%B8%D1%8F+%22%D0%A0%D0%B0%D0%B7%D0%BD%D0%BE%D1%86%D0%B2%D0%B5%D1%82%D0%BD%D1%8B%D0%B9+%D0%BC+%D0%B8%D1%80+%D0%B4%D0%B5%D1%82%D1%81%D1%82%D0%B2%D0%B0%22&clid=9403&lr=157" "Opera/9.80 (Windows NT 5.1; U; ru) Presto/2.10.229 Version/11.64"
207.46.204.181 - - [02/Jun/2012:21:44:42 +0600] "GET /content/view/538/183/ HTTP/1.0" 200 6519 "-" "Mozilla/5.0 (compatible; bingbot/2.0; +http://www.bing.com/bingbot.htm)"
157.55.16.219 - - [02/Jun/2012:21:46:14 +0600] "GET /content/view/693/154/ HTTP/1.0" 200 5065 "-" "Mozilla/5.0 (compatible; bingbot/2.0; +http://www.bing.com/bingbot.htm)"
66.249.66.77 - - [02/Jun/2012:21:47:24 +0600] "GET /content/view/1001/142/ HTTP/1.0" 200 19235 "-" "Mozilla/5.0 (compatible; Googlebot/2.1; +http://www.google.com/bot.html)"
66.249.66.77 - - [02/Jun/2012:21:48:41 +0600] "GET /content/view/931/ HTTP/1.0" 200 4870 "-" "Mozilla/5.0 (compatible; Googlebot/2.1; +http://www.google.com/bot.html)"
68.233.226.103 - - [02/Jun/2012:21:49:55 +0600] "GET /content/view/983/86/ HTTP/1.0" 200 21148 "-" "Mozilla/5.0 (Windows NT 5.1) AppleWebKit/535.2 (KHTML, like Gecko) Chrome/15.0.872.0 Safari/535.2"
157.55.17.195 - - [02/Jun/2012:21:53:44 +0600] "GET /content/view/74/ HTTP/1.0" 200 6250 "-" "Mozilla/5.0 (compatible; bingbot/2.0; +http://www.bing.com/bingbot.htm)"
66.249.66.77 - - [02/Jun/2012:21:57:05 +0600] "GET /index2.php?option=com_content&task=view&id=824&pop=1&page=0 HTTP/1.0" 200 1287 "-" "Mozilla/5.0 (compatible; Googlebot/2.1; +http://www.google.com/bot.html)"
213.180.206.197 - - [02/Jun/2012:21:59:28 +0600] "GET / HTTP/1.0" 200 25318 "-" "Mozilla/5.0 (compatible; YandexMetrika/2.0; +http://yandex.com/bots)"
68.233.226.103 - - [02/Jun/2012:22:02:18 +0600] "GET /content/view/793/114/content/view/793/1/ HTTP/1.0" 200 15800 "-" "Mozilla/5.0 (Windows NT 5.1) AppleWebKit/535.2 (KHTML, like Gecko) Chrome/15.0.872.0 Safari/535.2"
66.249.72.137 - - [02/Jun/2012:22:02:35 +0600] "GET /content/view/983/1/ HTTP/1.0" 200 6389 "-" "Mozilla/5.0 (compatible; Googlebot/2.1; +http://www.google.com/bot.html)"
157.55.16.219 - - [02/Jun/2012:22:04:20 +0600] "GET /content/view/401/ HTTP/1.0" 200 4806 "-" "Mozilla/5.0 (compatible; bingbot/2.0; +http://www.bing.com/bingbot.htm)"
109.187.213.106 - - [02/Jun/2012:22:06:27 +0600] "GET /content/view/575/183/ HTTP/1.0" 200 6554 "http://www.google.ru/imgres?q=%D1%82%D0%B5%D1%80%D0%B5%D0%B3%D1%83%D0%BB%D0%BE%D0%B2&hl=ru&newwindow=1&sa=X&biw=885&bih=587&tbm=isch&prmd=imvns&tbnid=n3Dm5kbvR155JM:&imgrefurl=http://csdb.ufanet.ru/content/view/575/183/&docid=v-guBJ7eAgwMPM&imgurl=http://csdb.ufanet.ru/images/stories/teregylov/00%252520teregulov.jpg&w=800&h=778&ei=_znKT4nVGoaW-wad_slg&zoom=1&iact=hc&vpx=625&vpy=61&dur=674&hovh=211&hovw=220&tx=157&ty=111&sig=107225764021784443190&page=1&tbnh=112&tbnw=138&start=0&ndsp=17&ved=1t:429,r:10,s:0,i:91" "Mozilla/5.0 (Windows NT 5.1) AppleWebKit/535.11 (KHTML, like Gecko) Chrome/17.0.963.56 Safari/535.11 CoolNovo/2.0.2.26"
109.187.213.106 - - [02/Jun/2012:22:06:31 +0600] "GET /content/view/575/183/ HTTP/1.0" 200 6554 "http://www.google.ru/imgres?q=%D1%82%D0%B5%D1%80%D0%B5%D0%B3%D1%83%D0%BB%D0%BE%D0%B2&hl=ru&newwindow=1&sa=X&biw=885&bih=587&tbm=isch&prmd=imvns&tbnid=n3Dm5kbvR155JM:&imgrefurl=http://csdb.ufanet.ru/content/view/575/183/&docid=v-guBJ7eAgwMPM&imgurl=http://csdb.ufanet.ru/images/stories/teregylov/00%252520teregulov.jpg&w=800&h=778&ei=_znKT4nVGoaW-wad_slg&zoom=1&iact=hc&vpx=625&vpy=61&dur=674&hovh=211&hovw=220&tx=157&ty=111&sig=107225764021784443190&page=1&tbnh=112&tbnw=138&start=0&ndsp=17&ved=1t:429,r:10,s:0,i:91" "Mozilla/5.0 (Windows NT 5.1) AppleWebKit/535.11 (KHTML, like Gecko) Chrome/17.0.963.56 Safari/535.11 CoolNovo/2.0.2.26"
46.191.181.142 - - [02/Jun/2012:22:07:59 +0600] "GET /content/category/11/38/81/ HTTP/1.0" 200 3705 "-" "Mozilla/5.0 (Windows NT 6.1; WOW64) AppleWebKit/536.5 (KHTML, like Gecko) Chrome/19.0.1084.52 Safari/536.5"
46.191.181.142 - - [02/Jun/2012:22:08:05 +0600] "GET / HTTP/1.0" 200 6947 "http://csdb.ufanet.ru/content/category/11/38/81/" "Mozilla/5.0 (Windows NT 6.1; WOW64) AppleWebKit/536.5 (KHTML, like Gecko) Chrome/19.0.1084.52 Safari/536.5"
46.191.181.142 - - [02/Jun/2012:22:08:05 +0600] "GET /images/cgdb.swf HTTP/1.0" 200 19792297 "http://csdb.ufanet.ru/" "Mozilla/5.0 (Windows NT 6.1; WOW64) AppleWebKit/536.5 (KHTML, like Gecko) Chrome/19.0.1084.52 Safari/536.5"
46.191.181.142 - - [02/Jun/2012:22:08:07 +0600] "GET /mb38/ HTTP/1.0" 200 14902 "http://csdb.ufanet.ru/" "Mozilla/5.0 (Windows NT 6.1; WOW64) AppleWebKit/536.5 (KHTML, like Gecko) Chrome/19.0.1084.52 Safari/536.5"
46.191.181.142 - - [02/Jun/2012:22:08:08 +0600] "GET /images/mb/img38/free_access.swf HTTP/1.0" 200 7947129 "http://csdb.ufanet.ru/mb38/" "Mozilla/5.0 (Windows NT 6.1; WOW64) AppleWebKit/536.5 (KHTML, like Gecko) Chrome/19.0.1084.52 Safari/536.5"
46.191.181.142 - - [02/Jun/2012:22:09:16 +0600] "GET /images/mb/img38/free_access.swf HTTP/1.0" 206 1 "http://csdb.ufanet.ru/mb38/" "Mozilla/5.0 (Windows NT 6.1; WOW64) AppleWebKit/536.5 (KHTML, like Gecko) Chrome/19.0.1084.52 Safari/536.5"
46.191.181.142 - - [02/Jun/2012:22:09:16 +0600] "GET /images/mb/img38/free_access.swf HTTP/1.0" 206 5565432 "http://csdb.ufanet.ru/mb38/" "Mozilla/5.0 (Windows NT 6.1; WOW64) AppleWebKit/536.5 (KHTML, like Gecko) Chrome/19.0.1084.52 Safari/536.5"
66.249.66.77 - - [02/Jun/2012:22:20:14 +0600] "GET /content/view/751/141/ HTTP/1.0" 200 5057 "-" "Mozilla/5.0 (compatible; Googlebot/2.1; +http://www.google.com/bot.html)"
46.187.62.25 - - [02/Jun/2012:22:24:23 +0600] "GET /content/view/53/47/ HTTP/1.0" 200 7336 "http://www.google.ru/url?sa=t&rct=j&q=%D1%81%D1%86%D0%B5%D0%BD%D0%B0%D1%80%D0%B8%D0%B8+%D0%BA+%D1%8E%D0%B1%D0%B8%D0%BB%D0%B5%D1%8E+%D0%B4%D0%B8%D1%80%D0%B5%D0%BA%D1%82%D0%BE%D1%80%D0%B0+%D0%B1%D0%B8%D0%B1%D0%BB%D0%B8%D0%BE%D1%82%D0%B5%D0%BA%D0%B8&source=web&cd=21&ved=0CFgQFjAAOBQ&url=http%3A%2F%2Fcsdb.ufanet.ru%2Fcontent%2Fview%2F53%2F47%2F&ei=GT7KT67LGsya-gbAocVg&usg=AFQjCNF6o4KcqLLmeh4J7c6RftwAd23QCQ" "Mozilla/4.0 (compatible; MSIE 8.0; Windows NT 5.1; Trident/4.0; Maxthon; .NET CLR 3.0.04506.30; InfoPath.1; .NET CLR 3.0.04506.648; .NET CLR 1.1.4322; .NET CLR 3.0.4506.2152; .NET CLR 3.5.30729; .NET CLR 2.0.50727)"
66.249.66.77 - - [02/Jun/2012:22:32:06 +0600] "GET /content/view/728/141/ HTTP/1.0" 200 5057 "-" "Mozilla/5.0 (compatible; Googlebot/2.1; +http://www.google.com/bot.html)"
157.55.17.195 - - [02/Jun/2012:22:33:14 +0600] "GET /content/blogcategory/46/222/ HTTP/1.0" 200 6865 "-" "Mozilla/5.0 (compatible; bingbot/2.0; +http://www.bing.com/bingbot.htm)"
68.233.226.103 - - [02/Jun/2012:22:33:47 +0600] "GET /content/view/793/117/content/view/795/1/ HTTP/1.0" 200 16499 "-" "Mozilla/5.0 (Windows NT 5.1) AppleWebKit/535.2 (KHTML, like Gecko) Chrome/15.0.872.0 Safari/535.2"
66.249.66.77 - - [02/Jun/2012:22:34:24 +0600] "GET /content/view/695/141/ HTTP/1.0" 200 5059 "-" "Mozilla/5.0 (compatible; Googlebot/2.1; +http://www.google.com/bot.html)"
213.180.206.197 - - [02/Jun/2012:22:35:02 +0600] "GET / HTTP/1.0" 200 25308 "-" "Mozilla/5.0 (compatible; YandexMetrika/2.0; +http://yandex.com/bots)"
66.249.66.77 - - [02/Jun/2012:22:35:11 +0600] "GET /index.php?option=com_joomap&view=google HTTP/1.0" 200 67061 "-" "Mozilla/5.0 (compatible; Googlebot/2.1; +http://www.google.com/bot.html)"
95.108.151.244 - - [02/Jun/2012:22:35:22 +0600] "GET / HTTP/1.0" 200 6918 "-" "Mozilla/5.0 (compatible; YandexBot/3.0; +http://yandex.com/bots)"
95.108.151.244 - - [02/Jun/2012:22:35:23 +0600] "GET / HTTP/1.0" 200 6923 "-" "Mozilla/5.0 (compatible; YandexBot/3.0; +http://yandex.com/bots)"
109.104.173.52 - - [02/Jun/2012:22:36:00 +0600] "GET /content/blogcategory/1/66/ HTTP/1.0" 200 7623 "-" "Mozilla/5.0 (Windows NT 6.1) AppleWebKit/536.5 (KHTML, like Gecko) Chrome/19.0.1084.52 Safari/536.5"
68.233.226.103 - - [02/Jun/2012:22:38:46 +0600] "GET /content/view/989/86/ HTTP/1.0" 200 20419 "-" "Mozilla/5.0 (Windows NT 5.1) AppleWebKit/535.2 (KHTML, like Gecko) Chrome/15.0.872.0 Safari/535.2"
68.233.226.103 - - [02/Jun/2012:22:40:13 +0600] "GET /content/view/793/122/content/view/704/183/ HTTP/1.0" 200 12896 "-" "Mozilla/5.0 (Windows NT 5.1) AppleWebKit/535.2 (KHTML, like Gecko) Chrome/15.0.872.0 Safari/535.2"
66.249.66.77 - - [02/Jun/2012:22:44:30 +0600] "GET /content/view/264/66/ HTTP/1.0" 200 6414 "-" "Mozilla/5.0 (compatible; Googlebot/2.1; +http://www.google.com/bot.html)"
66.249.66.77 - - [02/Jun/2012:22:44:43 +0600] "GET /content/view/821/86/ HTTP/1.0" 200 5083 "-" "Mozilla/5.0 (compatible; Googlebot/2.1; +http://www.google.com/bot.html)"
95.54.136.140 - - [02/Jun/2012:22:51:03 +0600] "GET /content/view/524/66/ HTTP/1.0" 200 5930 "http://www.google.com/url?sa=t&rct=j&q=%D1%8E%D0%BD%D0%BD%D1%8B%D0%B5%20%D1%82%D0%B0%D0%BB%D0%B0%D0%BD%D1%82%D1%8B%20%D1%81%D1%82%D0%B8%D1%85%D0%BE%D1%82%D0%B2%D0%BE%D1%80%D0%B5%D0%BD%D0%B8%D1%8F&source=web&cd=20&ved=0CGoQFjAJOAo&url=http%3A%2F%2Fcsdb.ufanet.ru%2Fcontent%2Fview%2F524%2F66%2F&ei=QUTKT-zlHsba4QS3hJQl&usg=AFQjCNGkCU6M-0vVJN3FhCUm3vDkG0Oi7Q" "Mozilla/5.0 (Windows NT 6.1; WOW64) AppleWebKit/536.5 (KHTML, like Gecko) Chrome/19.0.1084.52 Safari/536.5"
157.55.17.195 - - [02/Jun/2012:22:51:43 +0600] "GET /index.php?option=com_content&task=view&id=66&Itemid=55 HTTP/1.0" 200 7353 "-" "Mozilla/5.0 (compatible; bingbot/2.0; +http://www.bing.com/bingbot.htm)"
94.41.17.210 - - [02/Jun/2012:23:00:14 +0600] "GET / HTTP/1.0" 200 6920 "-" "Mozilla/5.0 (Windows NT 6.1; WOW64) AppleWebKit/536.5 (KHTML, like Gecko) Chrome/19.0.1084.52 Safari/536.5"
94.41.17.210 - - [02/Jun/2012:23:01:48 +0600] "GET /content/view/983/1/ HTTP/1.0" 200 6415 "http://csdb.ufanet.ru/" "Mozilla/5.0 (Windows NT 6.1; WOW64) AppleWebKit/536.5 (KHTML, like Gecko) Chrome/19.0.1084.52 Safari/536.5"
94.41.17.210 - - [02/Jun/2012:23:01:56 +0600] "GET /content/blogcategory/1/66/ HTTP/1.0" 200 7625 "http://csdb.ufanet.ru/content/view/983/1/" "Mozilla/5.0 (Windows NT 6.1; WOW64) AppleWebKit/536.5 (KHTML, like Gecko) Chrome/19.0.1084.52 Safari/536.5"
176.36.55.14 - - [02/Jun/2012:23:10:43 +0600] "GET /index.php HTTP/1.0" 200 25363 "http://csdb.ufanet.ru/index.php" "Mozilla/4.0 (compatible; MSIE 6.0; Windows NT 5.1; SV1; .NET CLR 1.1.4322; XMPP Tiscali Communicator v.10.0.2; .NET CLR 2.0.50727)"
213.180.206.197 - - [02/Jun/2012:23:18:41 +0600] "GET / HTTP/1.0" 200 25323 "-" "Mozilla/5.0 (compatible; YandexMetrika/2.0; +http://yandex.com/bots)"
68.233.226.103 - - [02/Jun/2012:23:20:57 +0600] "GET /content/view/793/128/index.php HTTP/1.0" 200 31029 "-" "Mozilla/5.0 (Windows NT 5.1) AppleWebKit/535.2 (KHTML, like Gecko) Chrome/15.0.872.0 Safari/535.2"
2.95.193.198 - - [02/Jun/2012:23:25:08 +0600] "GET /content/view/388/183/ HTTP/1.0" 200 6490 "http://www.google.ru/url?sa=t&rct=j&q=%D1%83%D1%84%D0%B0%D0%BD%D0%B5%D1%82%20%D0%B8%D1%80%D0%B8%D0%BD%D0%B0&source=web&cd=1&ved=0CFIQFjAA&url=http%3A%2F%2Fcsdb.ufanet.ru%2Fcontent%2Fview%2F388%2F183%2F&ei=YkzKT8egGur-4QS82f0V&usg=AFQjCNG7_WgvPX-SpJvvyLsiPasO-6i4pQ&cad=rja" "Mozilla/5.0 (Windows NT 6.1; rv:12.0) Gecko/20100101 Firefox/12.0"
109.104.173.52 - - [02/Jun/2012:23:32:53 +0600] "GET /content/blogcategory/1/66/ HTTP/1.0" 200 7627 "-" "Mozilla/5.0 (Windows NT 6.1) AppleWebKit/536.5 (KHTML, like Gecko) Chrome/19.0.1084.52 Safari/536.5"
68.233.226.103 - - [02/Jun/2012:23:42:12 +0600] "GET /content/view/793/114/content/view/794/1/ HTTP/1.0" 200 15800 "-" "Mozilla/5.0 (Windows NT 5.1) AppleWebKit/535.2 (KHTML, like Gecko) Chrome/15.0.872.0 Safari/535.2"
66.249.66.77 - - [02/Jun/2012:23:43:21 +0600] "GET /content/view/50/51/ HTTP/1.0" 200 3004 "-" "Mozilla/5.0 (compatible; Googlebot/2.1; +http://www.google.com/bot.html)"
66.249.66.77 - - [02/Jun/2012:23:49:07 +0600] "GET /content/view/378/105/ HTTP/1.0" 200 7232 "-" "Mozilla/5.0 (compatible; Googlebot/2.1; +http://www.google.com/bot.html)"
68.233.226.103 - - [02/Jun/2012:23:53:05 +0600] "GET /content/view/793/119/index.php HTTP/1.0" 200 16196 "-" "Mozilla/5.0 (Windows NT 5.1) AppleWebKit/535.2 (KHTML, like Gecko) Chrome/15.0.872.0 Safari/535.2"
66.249.66.77 - - [02/Jun/2012:23:53:41 +0600] "GET /content/view/57/53/ HTTP/1.0" 200 21300 "-" "Mozilla/5.0 (compatible; Googlebot/2.1; +http://www.google.com/bot.html)"
68.233.226.103 - - [02/Jun/2012:23:56:00 +0600] "GET /content/view/982/86/ HTTP/1.0" 200 21601 "-" "Mozilla/5.0 (Windows NT 5.1) AppleWebKit/535.2 (KHTML, like Gecko) Chrome/15.0.872.0 Safari/535.2"
213.174.154.216 - - [02/Jun/2012:23:56:03 +0600] "GET / HTTP/1.0" 200 25318 "http://china.yandex.ru" "yandexbot/Made in China"
66.249.66.77 - - [02/Jun/2012:23:58:51 +0600] "GET /content/view/536/ HTTP/1.0" 200 3990 "-" "Mozilla/5.0 (compatible; Googlebot/2.1; +http://www.google.com/bot.html)"
178.154.163.30 - - [02/Jun/2012:23:58:54 +0600] "GET /content/view/699/183/ HTTP/1.0" 200 6580 "-" "Mozilla/5.0 (compatible; YandexBot/3.0; +http://yandex.com/bots)"
157.55.17.145 - - [03/Jun/2012:00:01:14 +0600] "GET /index.php?option=com_content&task=view&id=137&Itemid=66 HTTP/1.0" 200 6400 "-" "Mozilla/5.0 (compatible; bingbot/2.0; +http://www.bing.com/bingbot.htm)"
66.249.66.77 - - [03/Jun/2012:00:05:57 +0600] "GET /content/view/544/1/ HTTP/1.0" 200 5468 "-" "Mozilla/5.0 (compatible; Googlebot/2.1; +http://www.google.com/bot.html)"
178.154.163.30 - - [03/Jun/2012:00:06:29 +0600] "GET /component/option,com_search/Itemid,5/ HTTP/1.0" 200 5592 "-" "Mozilla/5.0 (compatible; YandexBot/3.0; +http://yandex.com/bots)"
213.180.206.197 - - [03/Jun/2012:00:08:30 +0600] "GET / HTTP/1.0" 200 25323 "-" "Mozilla/5.0 (compatible; YandexMetrika/2.0; +http://yandex.com/bots)"
83.169.60.25 - - [03/Jun/2012:00:09:45 +0600] "GET / HTTP/1.0" 200 25318 "-" "Mozilla/5.0 (Windows; U; Windows NT 6.0; de; rv:1.9.0.6) Gecko/2009011913 Firefox/3.0.6"
83.169.60.25 - - [03/Jun/2012:00:09:45 +0600] "GET /20e6a4bb032fcfae5d.php HTTP/1.0" 404 299 "-" "Mozilla/5.0 (Windows; U; Windows NT 6.0; de; rv:1.9.0.6) Gecko/2009011913 Firefox/3.0.6"
178.154.163.30 - - [03/Jun/2012:00:11:18 +0600] "GET /content/view/970/86/ HTTP/1.0" 200 5083 "-" "Mozilla/5.0 (compatible; YandexBot/3.0; +http://yandex.com/bots)"
66.249.66.77 - - [03/Jun/2012:00:13:20 +0600] "GET /content/view/401/ HTTP/1.0" 200 4807 "-" "Mozilla/5.0 (compatible; Googlebot/2.1; +http://www.google.com/bot.html)"
178.154.163.30 - - [03/Jun/2012:00:17:06 +0600] "GET /content/section/6/53/ HTTP/1.0" 200 5187 "-" "Mozilla/5.0 (compatible; YandexBot/3.0; +http://yandex.com/bots)"
157.55.17.103 - - [03/Jun/2012:00:18:44 +0600] "GET /content/view/195/72/ HTTP/1.0" 200 4231 "-" "Mozilla/5.0 (compatible; bingbot/2.0; +http://www.bing.com/bingbot.htm)"
66.249.66.77 - - [03/Jun/2012:00:20:48 +0600] "GET /content/view/983/123/ HTTP/1.0" 200 6003 "-" "Mozilla/5.0 (compatible; Googlebot/2.1; +http://www.google.com/bot.html)"
66.249.66.77 - - [03/Jun/2012:00:23:23 +0600] "GET /content/view/561/1/ HTTP/1.0" 200 5468 "-" "Mozilla/5.0 (compatible; Googlebot/2.1; +http://www.google.com/bot.html)"
178.154.163.30 - - [03/Jun/2012:00:23:58 +0600] "GET /content/view/382/158/ HTTP/1.0" 200 6348 "-" "Mozilla/5.0 (compatible; YandexBot/3.0; +http://yandex.com/bots)"
109.104.173.52 - - [03/Jun/2012:00:25:44 +0600] "GET /content/blogcategory/1/66/ HTTP/1.0" 200 7625 "-" "Mozilla/5.0 (Windows NT 6.1) AppleWebKit/536.5 (KHTML, like Gecko) Chrome/19.0.1084.52 Safari/536.5"
157.55.17.145 - - [03/Jun/2012:00:31:16 +0600] "GET /content/blogcategory/1/66/5/80/ HTTP/1.0" 200 7244 "-" "Mozilla/5.0 (compatible; bingbot/2.0; +http://www.bing.com/bingbot.htm)"
157.55.17.147 - - [03/Jun/2012:00:35:16 +0600] "GET /content/view/950/154/ HTTP/1.0" 200 5065 "-" "Mozilla/5.0 (compatible; bingbot/2.0; +http://www.bing.com/bingbot.htm)"
66.249.66.77 - - [03/Jun/2012:00:35:20 +0600] "GET /content/view/932/5/ HTTP/1.0" 200 5827 "-" "Mozilla/5.0 (compatible; Googlebot/2.1; +http://www.google.com/bot.html)"
178.154.163.30 - - [03/Jun/2012:00:36:03 +0600] "GET /component/option,com_facileforms/Itemid,71/ HTTP/1.0" 200 5221 "-" "Mozilla/5.0 (compatible; YandexBot/3.0; +http://yandex.com/bots)"
66.249.66.77 - - [03/Jun/2012:00:37:16 +0600] "GET /content/view/561/126/ HTTP/1.0" 200 5069 "-" "Mozilla/5.0 (compatible; Googlebot/2.1; +http://www.google.com/bot.html)"
66.249.66.77 - - [03/Jun/2012:00:39:13 +0600] "GET /content/view/932/ HTTP/1.0" 200 4740 "-" "Mozilla/5.0 (compatible; Googlebot/2.1; +http://www.google.com/bot.html)"
178.154.163.30 - - [03/Jun/2012:00:41:08 +0600] "GET /content/view/52/47/ HTTP/1.0" 200 6545 "-" "Mozilla/5.0 (compatible; YandexBot/3.0; +http://yandex.com/bots)"
188.233.181.24 - - [03/Jun/2012:00:43:36 +0600] "GET /content/view/282/ HTTP/1.0" 200 31103 "http://yandex.ru/yandsearch?text=%D0%9B%D1%83%D1%87%D1%88%D0%B8%D0%B5+%D1%8E%D0%BD%D1%8B%D0%B5+%D1%87%D0%B8%D1%82%D0%B0%D1%82%D0%B5%D0%BB%D0%B8+%D0%B1%D0%B8%D0%B1%D0%BB%D0%B8%D0%BE%D1%82%D0%B5%D0%BA%D0%B8&lr=38" "Mozilla/5.0 (Windows NT 5.1; rv:12.0) Gecko/20100101 Firefox/12.0"
65.52.108.145 - - [03/Jun/2012:00:43:42 +0600] "GET /content/view/145/66/ HTTP/1.0" 200 7761 "-" "Mozilla/5.0 (compatible; bingbot/2.0; +http://www.bing.com/bingbot.htm)"
178.154.163.30 - - [03/Jun/2012:00:47:11 +0600] "GET /content/view/356/86/ HTTP/1.0" 200 8017 "-" "Mozilla/5.0 (compatible; YandexBot/3.0; +http://yandex.com/bots)"
141.101.21.242 - - [03/Jun/2012:00:49:26 +0600] "GET /content/view/288/122/ HTTP/1.0" 200 39583 "http://www.google.ru/url?sa=t&rct=j&q=%D1%81%D1%86%D0%B5%D0%BD%D0%B0%D1%80%D0%B8%D0%B9%20%D0%BC%D0%B5%D1%80%D0%BE%D0%BF%D1%80%D0%B8%D1%8F%D1%82%D0%B8%D1%8F%20%D0%B4%D0%B5%D1%82%D1%81%D0%BA%D0%BE%D0%B9%20%D0%B1%D0%B8%D0%B1%D0%BB%D0%B8%D0%BE%D1%82%D0%B5%D0%BA%D0%B8%20%D0%BF%D1%80%D0%BE%20%D1%81%D0%BF%D0%BE%D1%80%D1%82&source=web&cd=8&sqi=2&ved=0CGYQFjAH&url=http%3A%2F%2Fcsdb.ufanet.ru%2Fcontent%2Fview%2F288%2F122%2F&ei=lF_KT__vEo_b4QTk9PEr&usg=AFQjCNFNeF7LwkJiFA6jFcjo_bv_vcbvBA&cad=rjt" "Opera/9.80 (Windows NT 6.1; WOW64; U; Edition Ukraine Local; ru) Presto/2.10.229 Version/11.64"
178.154.163.30 - - [03/Jun/2012:00:51:43 +0600] "GET /content/category/14/43/192/ HTTP/1.0" 200 5357 "-" "Mozilla/5.0 (compatible; YandexBot/3.0; +http://yandex.com/bots)"
213.180.206.197 - - [03/Jun/2012:00:52:44 +0600] "GET / HTTP/1.0" 200 25318 "-" "Mozilla/5.0 (compatible; YandexMetrika/2.0; +http://yandex.com/bots)"
65.52.108.200 - - [03/Jun/2012:00:52:49 +0600] "GET /index.php?option=com_content&task=view&id=121&Itemid=66 HTTP/1.0" 200 5674 "-" "Mozilla/5.0 (compatible; bingbot/2.0; +http://www.bing.com/bingbot.htm)"
65.52.108.145 - - [03/Jun/2012:00:53:14 +0600] "GET /content/view/435/211/ HTTP/1.0" 200 3684 "-" "Mozilla/5.0 (compatible; bingbot/2.0; +http://www.bing.com/bingbot.htm)"
178.154.163.30 - - [03/Jun/2012:00:57:24 +0600] "GET /component/option,com_contact/Itemid,3/ HTTP/1.0" 200 6551 "-" "Mozilla/5.0 (compatible; YandexBot/3.0; +http://yandex.com/bots)"
178.154.163.30 - - [03/Jun/2012:01:02:14 +0600] "GET /content/category/14/42/183/ HTTP/1.0" 200 5743 "-" "Mozilla/5.0 (compatible; YandexBot/3.0; +http://yandex.com/bots)"
68.233.226.103 - - [03/Jun/2012:01:05:09 +0600] "GET /content/view/793/123/content/view/795/1/ HTTP/1.0" 200 12896 "-" "Mozilla/5.0 (Windows NT 5.1) AppleWebKit/535.2 (KHTML, like Gecko) Chrome/15.0.872.0 Safari/535.2"
178.154.163.30 - - [03/Jun/2012:01:09:08 +0600] "GET /content/view/52/47 HTTP/1.0" 200 6543 "-" "Mozilla/5.0 (compatible; YandexBot/3.0; +http://yandex.com/bots)"
66.249.66.77 - - [03/Jun/2012:01:09:16 +0600] "GET /content/view/934/5/ HTTP/1.0" 200 5724 "-" "Mozilla/5.0 (compatible; Googlebot/2.1; +http://www.google.com/bot.html)"
68.233.226.103 - - [03/Jun/2012:01:11:33 +0600] "GET /content/view/793/123/content/view/811/1/ HTTP/1.0" 200 12896 "-" "Mozilla/5.0 (Windows NT 5.1) AppleWebKit/535.2 (KHTML, like Gecko) Chrome/15.0.872.0 Safari/535.2"
66.249.66.77 - - [03/Jun/2012:01:12:11 +0600] "GET /content/view/580/137/ HTTP/1.0" 200 5065 "-" "Mozilla/5.0 (compatible; Googlebot/2.1; +http://www.google.com/bot.html)"
178.154.163.30 - - [03/Jun/2012:01:14:39 +0600] "GET /content/view/310/91/ HTTP/1.0" 200 6110 "-" "Mozilla/5.0 (compatible; YandexBot/3.0; +http://yandex.com/bots)"
194.8.155.153 - - [03/Jun/2012:01:16:52 +0600] "GET /content/view/53/47 HTTP/1.0" 200 7300 "http://yandex.ru/yandsearch?p=1&text=%D0%90+%D0%B2%D0%BC%D0%B5%D1%81%D1%82%D0%BE+%D0%B4%D0%B5%D1%82%D1%81%D1%82%D0%B2%D0%B0+%D0%B2%D0%BE%D0%B9%D0%BD%D0%B0+%D1%81%D1%86%D0%B5%D0%BD%D0%B0%D1%80%D0%B8%D0%B8+%D0%B2+%D0%B1%D0%B8%D0%B1%D0%BB%D0%B8%D0%BE%D1%82%D0%B5%D0%BA%D0%B0%D1%85&clid=9403&lr=11" "Opera/9.80 (Windows NT 6.1; WOW64; U; ru) Presto/2.10.229 Version/11.62"
66.249.66.77 - - [03/Jun/2012:01:19:37 +0600] "GET /content/view/934/ HTTP/1.0" 200 4637 "-" "Mozilla/5.0 (compatible; Googlebot/2.1; +http://www.google.com/bot.html)"
178.154.163.30 - - [03/Jun/2012:01:23:09 +0600] "GET /content/category/12/40/86/ HTTP/1.0" 200 5599 "-" "Mozilla/5.0 (compatible; YandexBot/3.0; +http://yandex.com/bots)"
66.249.66.77 - - [03/Jun/2012:01:23:30 +0600] "GET /content/view/932/56/ HTTP/1.0" 200 3845 "-" "Mozilla/5.0 (compatible; Googlebot/2.1; +http://www.google.com/bot.html)"
66.249.66.77 - - [03/Jun/2012:01:24:29 +0600] "GET /content/view/1001/126/ HTTP/1.0" 200 19245 "-" "Mozilla/5.0 (compatible; Googlebot/2.1; +http://www.google.com/bot.html)"
66.249.66.77 - - [03/Jun/2012:01:24:47 +0600] "GET /content/view/293/90/ HTTP/1.0" 200 5177 "-" "Mozilla/5.0 (compatible; Googlebot/2.1; +http://www.google.com/bot.html)"
109.104.173.52 - - [03/Jun/2012:01:25:16 +0600] "GET /content/blogcategory/1/66/ HTTP/1.0" 200 7626 "-" "Mozilla/5.0 (Windows NT 6.1) AppleWebKit/536.5 (KHTML, like Gecko) Chrome/19.0.1084.52 Safari/536.5"
178.154.163.30 - - [03/Jun/2012:01:25:43 +0600] "GET /content/view/657/86/ HTTP/1.0" 200 5099 "-" "Mozilla/5.0 (compatible; YandexBot/3.0; +http://yandex.com/bots)"
77.79.183.142 - - [03/Jun/2012:01:27:18 +0600] "GET /content/view/325/166/ HTTP/1.0" 200 10648 "http://www.google.com/url?sa=t&rct=j&q=&esrc=s&source=web&cd=8&ved=0CIsBEBYwBw&url=http%3A%2F%2Fcsdb.ufanet.ru%2Fcontent%2Fview%2F325%2F166%2F&ei=-WjKT5GXLMbk4QT_wNku&usg=AFQjCNFsHT-dR_TrWCbm0Ciky1celJWipw&sig2=wfDzKmNwFyBTNKt45BFoZQ" "Mozilla/5.0 (Windows NT 6.1; WOW64) AppleWebKit/535.19 (KHTML, like Gecko) Chrome/18.0.1025.165 Safari/535.19 YI"
178.154.163.30 - - [03/Jun/2012:01:31:54 +0600] "GET /content/view/580/143/ HTTP/1.0" 200 5058 "-" "Mozilla/5.0 (compatible; YandexBot/3.0; +http://yandex.com/bots)"
65.52.108.145 - - [03/Jun/2012:01:32:14 +0600] "GET /content/view/312/78/ HTTP/1.0" 200 3868 "-" "Mozilla/5.0 (compatible; bingbot/2.0; +http://www.bing.com/bingbot.htm)"
65.52.111.67 - - [03/Jun/2012:01:34:27 +0600] "GET /files/roditeli/childread2.pdf HTTP/1.0" 200 986862 "-" "Mozilla/4.0 (compatible; MSIE 7.0; Windows NT 5.1;  SV1;  .NET CLR 1.1.4325;  .NET CLR 2.0.50727;  .NET CLR 3.0.30729;  .NET CLR 3.5.30729)"
213.180.206.197 - - [03/Jun/2012:01:35:05 +0600] "GET / HTTP/1.0" 200 25318 "-" "Mozilla/5.0 (compatible; YandexMetrika/2.0; +http://yandex.com/bots)"
66.249.66.77 - - [03/Jun/2012:01:36:14 +0600] "GET /content/view/1001/137/ HTTP/1.0" 200 19246 "-" "Mozilla/5.0 (compatible; Googlebot/2.1; +http://www.google.com/bot.html)"
68.233.226.103 - - [03/Jun/2012:01:37:05 +0600] "GET /content/view/976/86/ HTTP/1.0" 200 28498 "-" "Mozilla/5.0 (Windows NT 5.1) AppleWebKit/535.2 (KHTML, like Gecko) Chrome/15.0.872.0 Safari/535.2"
178.154.163.30 - - [03/Jun/2012:01:37:27 +0600] "GET /content/view/387/183/ HTTP/1.0" 200 6104 "-" "Mozilla/5.0 (compatible; YandexBot/3.0; +http://yandex.com/bots)"
207.46.204.31 - - [03/Jun/2012:01:41:20 +0600] "GET /content/view/326/167/ HTTP/1.0" 200 8369 "-" "msnbot-media/1.1 (+http://search.msn.com/msnbot.htm)"
178.154.163.30 - - [03/Jun/2012:01:44:22 +0600] "GET /content/view/816/66/ HTTP/1.0" 200 5976 "-" "Mozilla/5.0 (compatible; YandexBot/3.0; +http://yandex.com/bots)"
66.249.66.77 - - [03/Jun/2012:01:44:31 +0600] "GET /content/view/723/107/ HTTP/1.0" 200 5061 "-" "Mozilla/5.0 (compatible; Googlebot/2.1; +http://www.google.com/bot.html)"
78.111.156.230 - - [03/Jun/2012:01:48:17 +0600] "GET /content/view/927/245 HTTP/1.0" 200 7632 "http://yandex.ru/yandsearch?p=22&text=%D0%B2%D0%B5%D1%80%D0%BA%D0%B8%D0%BD+%D1%8D%D0%B4%D1%83%D0%B0%D1%80%D0%B4&lr=5" "Mozilla/5.0 (Windows NT 5.1; rv:12.0) Gecko/20100101 Firefox/12.0"
178.154.163.30 - - [03/Jun/2012:01:50:35 +0600] "GET /index2.php?option=com_content&task=view&id=982&pop=1&page=0&Itemid=114 HTTP/1.0" 200 1718 "-" "Mozilla/5.0 (compatible; YandexBot/3.0; +http://yandex.com/bots)"
65.52.109.62 - - [03/Jun/2012:01:53:12 +0600] "GET /content/view/793/53/ HTTP/1.0" 200 5106 "-" "Mozilla/5.0 (compatible; bingbot/2.0; +http://www.bing.com/bingbot.htm)"
178.154.163.30 - - [03/Jun/2012:01:56:51 +0600] "GET /content/view/780/66/ HTTP/1.0" 200 5999 "-" "Mozilla/5.0 (compatible; YandexBot/3.0; +http://yandex.com/bots)"
66.249.66.77 - - [03/Jun/2012:01:59:03 +0600] "GET /content/view/462/66/ HTTP/1.0" 200 5789 "-" "Mozilla/5.0 (compatible; Googlebot/2.1; +http://www.google.com/bot.html)"
68.233.226.103 - - [03/Jun/2012:02:00:06 +0600] "GET /content/view/793/125/content/view/793/1/ HTTP/1.0" 200 19051 "-" "Mozilla/5.0 (Windows NT 5.1) AppleWebKit/535.2 (KHTML, like Gecko) Chrome/15.0.872.0 Safari/535.2"
178.154.163.30 - - [03/Jun/2012:02:03:02 +0600] "GET /content/view/98/66/ HTTP/1.0" 200 5723 "-" "Mozilla/5.0 (compatible; YandexBot/3.0; +http://yandex.com/bots)"
66.249.66.77 - - [03/Jun/2012:02:06:30 +0600] "GET /cgi-bin/zgate?form+26623+test.xml+simple.xsl+rus HTTP/1.0" 200 5427 "-" "Mozilla/5.0 (compatible; Googlebot/2.1; +http://www.google.com/bot.html)"
178.154.163.30 - - [03/Jun/2012:02:09:13 +0600] "GET /content/category/1/28/53/ HTTP/1.0" 200 5322 "-" "Mozilla/5.0 (compatible; YandexBot/3.0; +http://yandex.com/bots)"
213.180.206.197 - - [03/Jun/2012:02:10:15 +0600] "GET / HTTP/1.0" 200 25323 "-" "Mozilla/5.0 (compatible; YandexMetrika/2.0; +http://yandex.com/bots)"
68.233.226.103 - - [03/Jun/2012:02:12:32 +0600] "GET /content/view/1001/86/ HTTP/1.0" 200 335967 "-" "Mozilla/5.0 (Windows NT 5.1) AppleWebKit/535.2 (KHTML, like Gecko) Chrome/15.0.872.0 Safari/535.2"
66.249.71.59 - - [03/Jun/2012:02:14:55 +0600] "GET /content/view/459/66/ HTTP/1.0" 200 5925 "-" "Mozilla/5.0 (compatible; Googlebot/2.1; +http://www.google.com/bot.html)"
178.154.163.30 - - [03/Jun/2012:02:16:03 +0600] "GET /content/view/830/66/ HTTP/1.0" 200 5914 "-" "Mozilla/5.0 (compatible; YandexBot/3.0; +http://yandex.com/bots)"
65.52.111.85 - - [03/Jun/2012:02:16:43 +0600] "GET /content/view/976/47/ HTTP/1.0" 200 6959 "-" "Mozilla/4.0 (compatible; MSIE 7.0; Windows NT 5.2;  SV1;  .NET CLR 1.1.4325;  .NET CLR 2.0.40607;  .NET CLR 3.0.30729;  .NET CLR 3.5.30729;  InfoPath.2)"
178.154.163.30 - - [03/Jun/2012:02:23:17 +0600] "GET /content/view/227/66/ HTTP/1.0" 200 5669 "-" "Mozilla/5.0 (compatible; YandexBot/3.0; +http://yandex.com/bots)"
68.233.226.103 - - [03/Jun/2012:02:25:42 +0600] "GET /content/view/793/125/content/view/794/1/ HTTP/1.0" 200 19051 "-" "Mozilla/5.0 (Windows NT 5.1) AppleWebKit/535.2 (KHTML, like Gecko) Chrome/15.0.872.0 Safari/535.2"
178.154.163.30 - - [03/Jun/2012:02:26:38 +0600] "GET /content/blogcategory/1/66/ HTTP/1.0" 200 7626 "-" "Mozilla/5.0 (compatible; YandexBot/3.0; +http://yandex.com/bots)"
109.104.173.52 - - [03/Jun/2012:02:27:39 +0600] "GET /content/blogcategory/1/66/ HTTP/1.0" 200 7628 "-" "Mozilla/5.0 (Windows NT 6.1) AppleWebKit/536.5 (KHTML, like Gecko) Chrome/19.0.1084.52 Safari/536.5"
178.154.163.30 - - [03/Jun/2012:02:31:43 +0600] "GET /content/view/327/166/ HTTP/1.0" 200 17533 "-" "Mozilla/5.0 (compatible; YandexBot/3.0; +http://yandex.com/bots)"
66.249.66.77 - - [03/Jun/2012:02:33:17 +0600] "GET /content/view/723/64/ HTTP/1.0" 200 5061 "-" "Mozilla/5.0 (compatible; Googlebot/2.1; +http://www.google.com/bot.html)"
66.249.66.77 - - [03/Jun/2012:02:37:09 +0600] "GET /content/view/835/66/ HTTP/1.0" 200 5839 "-" "Mozilla/5.0 (compatible; Googlebot/2.1; +http://www.google.com/bot.html)"
66.249.66.77 - - [03/Jun/2012:02:37:48 +0600] "GET /content/view/789/66/ HTTP/1.0" 200 5921 "-" "Mozilla/5.0 (compatible; Googlebot/2.1; +http://www.google.com/bot.html)"
178.154.163.30 - - [03/Jun/2012:02:38:46 +0600] "GET /content/view/327/85/ HTTP/1.0" 200 16595 "-" "Mozilla/5.0 (compatible; YandexBot/3.0; +http://yandex.com/bots)"
109.104.173.52 - - [03/Jun/2012:02:40:08 +0600] "GET /content/blogcategory/1/66/ HTTP/1.0" 200 7627 "-" "Mozilla/5.0 (Windows NT 6.1) AppleWebKit/536.5 (KHTML, like Gecko) Chrome/19.0.1084.52 Safari/536.5"
157.55.17.145 - - [03/Jun/2012:02:43:43 +0600] "GET /content/view/12/160/ HTTP/1.0" 200 7399 "-" "Mozilla/5.0 (compatible; bingbot/2.0; +http://www.bing.com/bingbot.htm)"
178.154.163.30 - - [03/Jun/2012:02:44:44 +0600] "GET /content/view/705/1/ HTTP/1.0" 200 5469 "-" "Mozilla/5.0 (compatible; YandexBot/3.0; +http://yandex.com/bots)"
213.180.206.197 - - [03/Jun/2012:02:46:23 +0600] "GET / HTTP/1.0" 200 25318 "-" "Mozilla/5.0 (compatible; YandexMetrika/2.0; +http://yandex.com/bots)"
157.55.17.147 - - [03/Jun/2012:02:50:14 +0600] "GET /files/scen_prazd/Jitelidrujnoiplaneti.pdf HTTP/1.0" 200 85027 "-" "Mozilla/5.0 (compatible; bingbot/2.0; +http://www.bing.com/bingbot.htm)"
178.154.163.30 - - [03/Jun/2012:02:51:03 +0600] "GET /content/view/693/105/ HTTP/1.0" 200 5060 "-" "Mozilla/5.0 (compatible; YandexBot/3.0; +http://yandex.com/bots)"
157.55.17.147 - - [03/Jun/2012:02:51:43 +0600] "GET /index.php?option=com_content&task=view&id=24&Itemid=49 HTTP/1.0" 200 3751 "-" "Mozilla/5.0 (compatible; bingbot/2.0; +http://www.bing.com/bingbot.htm)"
66.249.66.77 - - [03/Jun/2012:02:53:03 +0600] "GET /content/view/751/64/ HTTP/1.0" 200 5061 "-" "Mozilla/5.0 (compatible; Googlebot/2.1; +http://www.google.com/bot.html)"
66.249.66.77 - - [03/Jun/2012:02:54:15 +0600] "GET /content/view/783/1/ HTTP/1.0" 200 5466 "-" "Mozilla/5.0 (compatible; Googlebot/2.1; +http://www.google.com/bot.html)"
178.154.163.30 - - [03/Jun/2012:02:57:12 +0600] "GET /content/view/233/66/ HTTP/1.0" 200 5949 "-" "Mozilla/5.0 (compatible; YandexBot/3.0; +http://yandex.com/bots)"
66.249.66.77 - - [03/Jun/2012:02:57:46 +0600] "GET /content/view/915/ HTTP/1.0" 200 4669 "-" "Mozilla/5.0 (compatible; Googlebot/2.1; +http://www.google.com/bot.html)"
178.154.163.30 - - [03/Jun/2012:03:03:24 +0600] "GET /content/view/976/152/ HTTP/1.0" 200 6956 "-" "Mozilla/5.0 (compatible; YandexBot/3.0; +http://yandex.com/bots)"
178.154.163.30 - - [03/Jun/2012:03:09:03 +0600] "GET /content/view/240/66/ HTTP/1.0" 200 5774 "-" "Mozilla/5.0 (compatible; YandexBot/3.0; +http://yandex.com/bots)"
31.131.100.36 - - [03/Jun/2012:03:10:34 +0600] "GET / HTTP/1.0" 200 25323 "-" "Mozilla/3.6 (compatible; MSIE 7.0; Windows NT 6.1; en-US; rv:1.9.2.16) Gecko/20110319 MRA 5.6 (build 03278) Firefox/3.6.16"
95.24.175.197 - - [03/Jun/2012:03:12:38 +0600] "GET /content/category/20/51/239 HTTP/1.0" 200 16262 "http://yandex.ru/yandsearch?text=%e8%f1%eb%e0%ed%e0%e5%e2%e0+%ef%ee%eb%e8%ed%e0&lr=213" "Mozilla/5.0 (Windows; U; Windows NT 5.1; en-US) AppleWebKit/534.7 (KHTML, like Gecko) Chrome/7.0.517.44 Safari/534.7"
95.221.91.145 - - [03/Jun/2012:03:14:04 +0600] "GET /mb38/ HTTP/1.0" 200 14902 "http://yandex.ru/yandsearch?text=%f0%e5%f1%ef%f3%e1%eb%e8%ea%e0%ed%f1%ea%e0%ff+%e4%e5%f2%f1%ea%e0%ff+%e1%e8%e1%eb%e8%ee%f2%e5%ea%e0&lr=213" "Mozilla/5.0 (Windows; U; Windows NT 5.1; ru; rv:1.9.2.12) Gecko/20101026 Firefox/3.6.12 ( .NET CLR 3.5.30729) YB/5.1.3"
95.221.91.145 - - [03/Jun/2012:03:14:09 +0600] "GET /images/mb/img38/free_access.swf HTTP/1.0" 200 7947129 "http://csdb.ufanet.ru/mb38/" "Mozilla/5.0 (Windows; U; Windows NT 5.1; ru; rv:1.9.2.12) Gecko/20101026 Firefox/3.6.12 ( .NET CLR 3.5.30729) YB/5.1.3"
66.249.66.77 - - [03/Jun/2012:03:14:20 +0600] "GET /content/view/916/ HTTP/1.0" 200 5061 "-" "Mozilla/5.0 (compatible; Googlebot/2.1; +http://www.google.com/bot.html)"
178.154.163.30 - - [03/Jun/2012:03:15:01 +0600] "GET /content/view/949/222/ HTTP/1.0" 200 5376 "-" "Mozilla/5.0 (compatible; YandexBot/3.0; +http://yandex.com/bots)"
66.249.71.59 - - [03/Jun/2012:03:15:07 +0600] "GET /content/view/793/52/ HTTP/1.0" 200 5094 "-" "Mozilla/5.0 (compatible; Googlebot/2.1; +http://www.google.com/bot.html)"
128.72.123.9 - - [03/Jun/2012:03:15:28 +0600] "GET /index.php?option=com_content&task=view&id=127&Itemid=62 HTTP/1.0" 200 15222 "http://yandex.ru/yandsearch?text=%e2%e0%eb%e8%f2+%f5%f3%e4%e0%e9%e1%e5%f0%e4%e8%ed&lr=213" "Mozilla/4.0 (compatible; MSIE 8.0; Windows NT 5.1; Trident/4.0; .NET CLR 2.0.50727; .NET CLR 3.0.4506.2152; .NET CLR 3.5.30729; InfoPath.1)"
66.249.66.77 - - [03/Jun/2012:03:20:15 +0600] "GET /content/view/917/ HTTP/1.0" 200 4813 "-" "Mozilla/5.0 (compatible; Googlebot/2.1; +http://www.google.com/bot.html)"
178.154.163.30 - - [03/Jun/2012:03:21:28 +0600] "GET /content/view/250/66/ HTTP/1.0" 200 7011 "-" "Mozilla/5.0 (compatible; YandexBot/3.0; +http://yandex.com/bots)"
176.195.202.158 - - [03/Jun/2012:03:24:54 +0600] "GET /content/view/204/47 HTTP/1.0" 200 10172 "http://yandex.ru/yandsearch?text=%e1%e8%e1%eb%e8%ee%f2%e5%ea%e8+%f3%f4%fb&lr=213" "Mozilla/4.0 (compatible; MSIE 6.0; Windows NT 5.1; SV1; InfoPath.1)"
213.180.206.197 - - [03/Jun/2012:03:25:08 +0600] "GET / HTTP/1.0" 200 25313 "-" "Mozilla/5.0 (compatible; YandexMetrika/2.0; +http://yandex.com/bots)"
178.154.163.30 - - [03/Jun/2012:03:25:57 +0600] "GET /files/ucazatel/Salavat2.pdf HTTP/1.0" 200 345749 "-" "Mozilla/5.0 (compatible; YandexDirect/3.0; +http://yandex.com/bots)"
66.249.66.77 - - [03/Jun/2012:03:27:26 +0600] "GET /content/view/793/183/ HTTP/1.0" 200 5095 "-" "Mozilla/5.0 (compatible; Googlebot/2.1; +http://www.google.com/bot.html)"
65.52.108.200 - - [03/Jun/2012:03:29:51 +0600] "GET /content/view/752/1/ HTTP/1.0" 200 5470 "-" "Mozilla/5.0 (compatible; bingbot/2.0; +http://www.bing.com/bingbot.htm)"
66.249.66.77 - - [03/Jun/2012:03:30:08 +0600] "GET /content/view/793/157/ HTTP/1.0" 200 5092 "-" "Mozilla/5.0 (compatible; Googlebot/2.1; +http://www.google.com/bot.html)"
178.154.163.30 - - [03/Jun/2012:03:31:01 +0600] "GET /content/view/769/222/ HTTP/1.0" 200 5285 "-" "Mozilla/5.0 (compatible; YandexBot/3.0; +http://yandex.com/bots)"
107.22.142.49 - - [03/Jun/2012:03:36:27 +0600] "GET / HTTP/1.0" 200 25323 "-" "Mozilla/5.0 (compatible; NetcraftSurveyAgent/1.0; +info@netcraft.com)"
178.154.163.30 - - [03/Jun/2012:03:36:34 +0600] "GET /content/view/500/66 HTTP/1.0" 200 5953 "-" "Mozilla/5.0 (compatible; YandexBot/3.0; +http://yandex.com/bots)"
37.112.20.181 - - [03/Jun/2012:03:36:38 +0600] "GET / HTTP/1.0" 200 6918 "http://yandex.ru/yandsearch?text=%e1%e8%e1%eb%e8%ee%f2%e5%ea%e0&lr=213" "Mozilla/5.0 (Windows; U; Windows NT 5.1; ru; rv:1.9.2.12) Gecko/20101026 Firefox/3.6.12 ( .NET CLR 3.5.30729; .NET4.0E) YB/5.1.3"
37.112.20.181 - - [03/Jun/2012:03:36:44 +0600] "GET /images/cgdb.swf HTTP/1.0" 200 19792297 "http://csdb.ufanet.ru/" "Mozilla/5.0 (Windows; U; Windows NT 5.1; ru; rv:1.9.2.12) Gecko/20101026 Firefox/3.6.12 ( .NET CLR 3.5.30729; .NET4.0E) YB/5.1.3"
95.220.151.129 - - [03/Jun/2012:03:37:12 +0600] "GET /content/view/281/ HTTP/1.0" 200 36100 "http://yandex.ru/yandsearch?text=%D0%B2%D1%81%D1%91+%D0%BE+%D1%85%D1%83%D0%B4%D0%BE%D0%B6%D0%BD%D0%B8%D0%BA%D0%B5+%D0%B0%D0%BD%D0%B0%D1%82%D0%BE%D0%BB%D0%B8%D0%B9+%D1%84%D0%B0%D0%B4%D0%B5%D0%B5%D0%B2+%D0%B8%D0%B7+%D1%83%D1%84%D1%8B&lr=213" "Mozilla/4.0 (compatible; MSIE 7.0; Windows NT 5.1; .NET CLR 1.1.4322; .NET CLR 2.0.50727)"
31.131.100.36 - - [03/Jun/2012:03:39:06 +0600] "GET / HTTP/1.0" 200 25318 "-" "Mozilla/3.6 (compatible; MSIE 7.0; Windows NT 6.1; en-US; rv:1.9.2.16) Gecko/20110319 MRA 5.6 (build 03278) Firefox/3.6.16"
66.249.66.77 - - [03/Jun/2012:03:40:21 +0600] "GET /content/view/920/ HTTP/1.0" 200 5574 "-" "Mozilla/5.0 (compatible; Googlebot/2.1; +http://www.google.com/bot.html)"
178.154.163.30 - - [03/Jun/2012:03:41:39 +0600] "GET /content/view/323/166/ HTTP/1.0" 200 11631 "-" "Mozilla/5.0 (compatible; YandexBot/3.0; +http://yandex.com/bots)"
66.249.66.77 - - [03/Jun/2012:03:43:27 +0600] "GET /content/view/795/119/ HTTP/1.0" 200 5060 "-" "Mozilla/5.0 (compatible; Googlebot/2.1; +http://www.google.com/bot.html)"
95.108.141.3 - - [03/Jun/2012:03:44:05 +0600] "HEAD /content/category/14/42/183/ HTTP/1.0" 200 - "-" "Mozilla/5.0 (compatible; YandexSitelinks; Dyatel; +http://yandex.com/bots)"
95.220.170.45 - - [03/Jun/2012:03:44:26 +0600] "GET /files/ucazatel/Salavat2.pdf HTTP/1.0" 200 345749 "http://yandex.ru/yandsearch?text=%D0%BC%D1%83%D0%B7%D0%B5%D0%B9+%D1%81%D0%B0%D0%BB%D0%B0%D0%B2%D0%B0%D1%82%D0%B0+%D1%8E%D0%BB%D0%B0%D0%B5%D0%B2%D0%B0&lr=213" "Mozilla/4.0 (compatible; MSIE 8.0; Windows NT 5.1; Trident/4.0; .NET CLR 2.0.50727)"
178.154.163.30 - - [03/Jun/2012:03:46:54 +0600] "GET /content/view/553/66/ HTTP/1.0" 200 5947 "-" "Mozilla/5.0 (compatible; YandexBot/3.0; +http://yandex.com/bots)"
195.91.235.65 - - [03/Jun/2012:03:47:20 +0600] "GET /content/view/357/86/ HTTP/1.0" 200 6765 "http://www.google.ru/imgres?q=%D1%88%D0%BB%D0%B5%D0%BC%D0%BE%D1%84%D0%BE%D0%BD+%D1%82%D0%B0%D0%BD%D0%BA%D0%B8%D1%81%D1%82%D0%B0+%D0%92%D0%9E%D0%92+%D1%84%D0%BE%D1%82%D0%BE&num=10&hl=ru&newwindow=1&biw=800&bih=441&tbm=isch&tbnid=GxpT3diilIEF5M:&imgrefurl=http://csdb.ufanet.ru/content/view/357/86/&docid=SHUDd3D466jRUM&imgurl=http://csdb.ufanet.ru/images/museum/%2525D0%2525AD%2525D0%2525BA%2525D1%252581%2525D0%2525BF%2525D0%2525BE%2525D0%2525BD%2525D0%2525B0%2525D1%252582%2525D1%25258B%252520%2525D0%2525B2%2525D1%252580%2525D0%2525B5%2525D0%2525BC%2525D0%2525B5%2525D0%2525BD%252520%2525D0%252592%2525D0%25259E%2525D0%252592/%2525D0%25259E%2525D0%2525B4%2525D0%2525B5%2525D0%2525B6%2525D0%2525B4%2525D0%2525B0/%2525D0%2525A8%2525D0%2525BB%2525D0%2525B5%2525D0%2525BC%252520%2525D1%252582%2525D0%2525B0%2525D0%2525BD%2525D0%2525BA%2525D0%2525B8%2525D1%252581%2525D1%252582%2525D0%2525B02.JPG&w=3264&h=2176&ei=4InKT_y-KciWOp3R1OcP&zoom=1&iact=rc&dur=509&sig=109904531401453029727&sqi=2&page=1&tbnh=121&tbnw=182&start=0&ndsp=8&ved=1t:429,r:0,s:0,i:68&tx=108&ty=83" "Mozilla/5.0 (Windows NT 5.1) AppleWebKit/535.11 (KHTML, like Gecko) Chrome/17.0.963.79 Safari/535.11 YE"
195.91.235.65 - - [03/Jun/2012:03:47:27 +0600] "GET /content/view/357/86/ HTTP/1.0" 200 6766 "http://www.google.ru/imgres?q=%D1%88%D0%BB%D0%B5%D0%BC%D0%BE%D1%84%D0%BE%D0%BD+%D1%82%D0%B0%D0%BD%D0%BA%D0%B8%D1%81%D1%82%D0%B0+%D0%92%D0%9E%D0%92+%D1%84%D0%BE%D1%82%D0%BE&num=10&hl=ru&newwindow=1&biw=800&bih=441&tbm=isch&tbnid=GxpT3diilIEF5M:&imgrefurl=http://csdb.ufanet.ru/content/view/357/86/&docid=SHUDd3D466jRUM&imgurl=http://csdb.ufanet.ru/images/museum/%2525D0%2525AD%2525D0%2525BA%2525D1%252581%2525D0%2525BF%2525D0%2525BE%2525D0%2525BD%2525D0%2525B0%2525D1%252582%2525D1%25258B%252520%2525D0%2525B2%2525D1%252580%2525D0%2525B5%2525D0%2525BC%2525D0%2525B5%2525D0%2525BD%252520%2525D0%252592%2525D0%25259E%2525D0%252592/%2525D0%25259E%2525D0%2525B4%2525D0%2525B5%2525D0%2525B6%2525D0%2525B4%2525D0%2525B0/%2525D0%2525A8%2525D0%2525BB%2525D0%2525B5%2525D0%2525BC%252520%2525D1%252582%2525D0%2525B0%2525D0%2525BD%2525D0%2525BA%2525D0%2525B8%2525D1%252581%2525D1%252582%2525D0%2525B02.JPG&w=3264&h=2176&ei=4InKT_y-KciWOp3R1OcP&zoom=1&iact=rc&dur=509&sig=109904531401453029727&sqi=2&page=1&tbnh=121&tbnw=182&start=0&ndsp=8&ved=1t:429,r:0,s:0,i:68&tx=108&ty=83" "Mozilla/5.0 (Windows NT 5.1) AppleWebKit/535.11 (KHTML, like Gecko) Chrome/17.0.963.79 Safari/535.11 YE"
195.91.235.65 - - [03/Jun/2012:03:47:29 +0600] "GET /content/view/357/86/ HTTP/1.0" 200 6765 "http://www.google.ru/imgres?q=%D1%88%D0%BB%D0%B5%D0%BC%D0%BE%D1%84%D0%BE%D0%BD+%D1%82%D0%B0%D0%BD%D0%BA%D0%B8%D1%81%D1%82%D0%B0+%D0%92%D0%9E%D0%92+%D1%84%D0%BE%D1%82%D0%BE&num=10&hl=ru&newwindow=1&biw=800&bih=441&tbm=isch&tbnid=GxpT3diilIEF5M:&imgrefurl=http://csdb.ufanet.ru/content/view/357/86/&docid=SHUDd3D466jRUM&imgurl=http://csdb.ufanet.ru/images/museum/%2525D0%2525AD%2525D0%2525BA%2525D1%252581%2525D0%2525BF%2525D0%2525BE%2525D0%2525BD%2525D0%2525B0%2525D1%252582%2525D1%25258B%252520%2525D0%2525B2%2525D1%252580%2525D0%2525B5%2525D0%2525BC%2525D0%2525B5%2525D0%2525BD%252520%2525D0%252592%2525D0%25259E%2525D0%252592/%2525D0%25259E%2525D0%2525B4%2525D0%2525B5%2525D0%2525B6%2525D0%2525B4%2525D0%2525B0/%2525D0%2525A8%2525D0%2525BB%2525D0%2525B5%2525D0%2525BC%252520%2525D1%252582%2525D0%2525B0%2525D0%2525BD%2525D0%2525BA%2525D0%2525B8%2525D1%252581%2525D1%252582%2525D0%2525B02.JPG&w=3264&h=2176&ei=4InKT_y-KciWOp3R1OcP&zoom=1&iact=rc&dur=509&sig=109904531401453029727&sqi=2&page=1&tbnh=121&tbnw=182&start=0&ndsp=8&ved=1t:429,r:0,s:0,i:68&tx=108&ty=83" "Mozilla/5.0 (Windows NT 5.1) AppleWebKit/535.11 (KHTML, like Gecko) Chrome/17.0.963.79 Safari/535.11 YE"
157.55.16.219 - - [03/Jun/2012:03:51:16 +0600] "GET /content/view/819/1/ HTTP/1.0" 200 5493 "-" "Mozilla/5.0 (compatible; bingbot/2.0; +http://www.bing.com/bingbot.htm)"
178.154.163.30 - - [03/Jun/2012:03:52:19 +0600] "GET /content/view/322/167/ HTTP/1.0" 200 7268 "-" "Mozilla/5.0 (compatible; YandexBot/3.0; +http://yandex.com/bots)"
95.25.183.30 - - [03/Jun/2012:03:53:41 +0600] "GET /content/view/258/66 HTTP/1.0" 200 7990 "http://yandex.ru/yandsearch?text=%D1%82%D0%B2%D0%BE%D1%80%D1%87%D0%B5%D1%81%D0%BA%D0%B8%D0%B5+%D0%BF%D1%80%D0%BE%D0%B5%D0%BA%D1%82%D1%8B+%D0%B1%D0%B8%D0%B1%D0%BB%D0%B8%D0%BE%D1%82%D0%B5%D0%BA%D0%B0%D1%80%D0%B5%D0%B9+%D1%80%D0%B1+%22%D1%87%D0%B8%D1%82%D0%B0%D1%8E%D1%89%D0%B8%D0%B9+%D0%B1%D0%B0%D1%88%D0%BA%D0%BE%D1%80%D1%82%D0%BE%D1%81%D1%82%D0%B0%D0%BD%22&lr=213" "Opera/9.60 (Windows NT 5.1; U; ru) Presto/2.1.1"
157.55.16.219 - - [03/Jun/2012:03:53:44 +0600] "GET /content/view/811/53/ HTTP/1.0" 200 5127 "-" "Mozilla/5.0 (compatible; bingbot/2.0; +http://www.bing.com/bingbot.htm)"
178.154.163.30 - - [03/Jun/2012:03:54:47 +0600] "GET /content/view/876/1/ HTTP/1.0" 200 5495 "-" "Mozilla/5.0 (compatible; YandexBot/3.0; +http://yandex.com/bots)"
178.154.163.30 - - [03/Jun/2012:03:54:49 +0600] "GET /content/view/357/86/ HTTP/1.0" 200 6764 "-" "Mozilla/5.0 (compatible; YandexBot/3.0; +http://yandex.com/bots)"
176.195.235.16 - - [03/Jun/2012:03:57:28 +0600] "GET /content/view/53/47 HTTP/1.0" 200 7325 "http://yandex.ru/yandsearch?text=%D1%81%D1%86%D0%B5%D0%BD%D0%B0%D1%80%D0%B8%D0%B9+%D0%BE%D1%82%D0%BA%D1%80%D1%8B%D1%82%D0%B8%D1%8F+%D0%B1%D0%B8%D0%B1%D0%BB%D0%B8%D0%BE%D1%82%D0%B5%D0%BA%D0%B8&lr=213" "Mozilla/5.0 (Windows; U; Windows NT 5.1; ru; rv:1.9.2.12) Gecko/20101026 Firefox/3.6.12 sputnik 2.3.0.96 YB/5.1.3"
68.233.226.103 - - [03/Jun/2012:03:59:04 +0600] "GET /content/view/793/125/content/view/795/1/ HTTP/1.0" 200 19051 "-" "Mozilla/5.0 (Windows NT 5.1) AppleWebKit/535.2 (KHTML, like Gecko) Chrome/15.0.872.0 Safari/535.2"
178.154.163.30 - - [03/Jun/2012:04:00:12 +0600] "GET /content/view/667/66/ HTTP/1.0" 200 5910 "-" "Mozilla/5.0 (compatible; YandexBot/3.0; +http://yandex.com/bots)"
157.55.17.147 - - [03/Jun/2012:04:00:13 +0600] "GET /content/blogcategory/49/234/ HTTP/1.0" 200 6073 "-" "Mozilla/5.0 (compatible; bingbot/2.0; +http://www.bing.com/bingbot.htm)"
66.249.66.77 - - [03/Jun/2012:04:01:25 +0600] "GET /content/view/828/ HTTP/1.0" 200 4655 "-" "Mozilla/5.0 (compatible; Googlebot/2.1; +http://www.google.com/bot.html)"
