95.211.81.86 - - [31/May/2012:04:04:15 +0600] "GET /index2.php?option=com_content&task=view&id=983&pop=1&page=0&Itemid=1 HTTP/1.0" 200 3462 "-" "SolomonoBot/1.02 (http://www.solomono.ru)"
95.211.81.86 - - [31/May/2012:04:03:51 +0600] "GET /content/view/845/223 HTTP/1.0" 200 18436 "-" "SolomonoBot/1.02 (http://www.solomono.ru)"
95.211.81.86 - - [31/May/2012:04:03:47 +0600] "GET /content/blogcategory/47/223 HTTP/1.0" 200 34013 "-" "SolomonoBot/1.02 (http://www.solomono.ru)"
95.211.81.86 - - [31/May/2012:04:04:09 +0600] "GET /content/view/325/166 HTTP/1.0" 200 30896 "-" "SolomonoBot/1.02 (http://www.solomono.ru)"
95.211.81.86 - - [31/May/2012:04:04:21 +0600] "GET /content/view/748/210 HTTP/1.0" 200 13879 "-" "SolomonoBot/1.02 (http://www.solomono.ru)"
95.211.81.86 - - [31/May/2012:04:03:45 +0600] "GET /content/view/256/66 HTTP/1.0" 200 21935 "-" "SolomonoBot/1.02 (http://www.solomono.ru)"
95.211.81.86 - - [31/May/2012:04:03:57 +0600] "GET /content/view/118/53 HTTP/1.0" 200 21892 "-" "SolomonoBot/1.02 (http://www.solomono.ru)"
95.211.81.86 - - [31/May/2012:04:04:03 +0600] "GET /content/view/250/66 HTTP/1.0" 200 23933 "-" "SolomonoBot/1.02 (http://www.solomono.ru)"
213.186.127.3 - - [31/May/2012:04:03:52 +0600] "GET /content/view/976/ HTTP/1.0" 200 5961 "-" "Mozilla/5.0 (compatible; AhrefsBot/3.0; +http://ahrefs.com/robot/)"
95.211.81.86 - - [31/May/2012:04:05:19 +0600] "GET /content/view/905/222 HTTP/1.0" 200 16842 "-" "SolomonoBot/1.02 (http://www.solomono.ru)"
95.211.81.86 - - [31/May/2012:04:05:01 +0600] "GET /content/view/970/105 HTTP/1.0" 200 54604 "-" "SolomonoBot/1.02 (http://www.solomono.ru)"
213.186.127.14 - - [31/May/2012:04:05:55 +0600] "GET /content/view/976/105/ HTTP/1.0" 200 7030 "-" "Mozilla/5.0 (compatible; AhrefsBot/3.0; +http://ahrefs.com/robot/)"
95.211.81.86 - - [31/May/2012:04:03:46 +0600] "GET /content/category/14/42/content/view/22/157 HTTP/1.0" 200 17961 "-" "SolomonoBot/1.02 (http://www.solomono.ru)"
213.186.120.196 - - [31/May/2012:04:06:34 +0600] "GET /content/view/727/47/ HTTP/1.0" 200 7313 "-" "Mozilla/5.0 (compatible; AhrefsBot/3.0; +http://ahrefs.com/robot/)"
95.211.81.86 - - [31/May/2012:04:07:53 +0600] "GET /content/view/873/249 HTTP/1.0" 200 13808 "-" "SolomonoBot/1.02 (http://www.solomono.ru)"
95.211.81.86 - - [31/May/2012:04:04:38 +0600] "GET /content/view/252/66 HTTP/1.0" 200 24122 "-" "SolomonoBot/1.02 (http://www.solomono.ru)"
178.154.163.30 - - [31/May/2012:04:04:20 +0600] "GET /content/view/53/47 HTTP/1.0" 200 7421 "-" "Mozilla/5.0 (compatible; YandexDirect/3.0; +http://yandex.com/bots)"
95.211.81.86 - - [31/May/2012:04:04:49 +0600] "GET /content/view/470/66 HTTP/1.0" 200 21502 "-" "SolomonoBot/1.02 (http://www.solomono.ru)"
95.211.81.86 - - [31/May/2012:04:07:37 +0600] "GET /content/view/311/92 HTTP/1.0" 200 14350 "-" "SolomonoBot/1.02 (http://www.solomono.ru)"
95.211.81.86 - - [31/May/2012:04:04:44 +0600] "GET /content/view/202/66 HTTP/1.0" 200 25133 "-" "SolomonoBot/1.02 (http://www.solomono.ru)"
95.211.81.86 - - [31/May/2012:04:04:33 +0600] "GET /content/view/893/66 HTTP/1.0" 200 21419 "-" "SolomonoBot/1.02 (http://www.solomono.ru)"
95.211.81.86 - - [31/May/2012:04:05:58 +0600] "GET /content/view/727/47 HTTP/1.0" 200 24374 "-" "SolomonoBot/1.02 (http://www.solomono.ru)"
95.211.81.86 - - [31/May/2012:04:04:27 +0600] "GET /content/view/551/66 HTTP/1.0" 200 22104 "-" "SolomonoBot/1.02 (http://www.solomono.ru)"
95.211.81.86 - - [31/May/2012:04:03:45 +0600] "GET /content/view/249/66 HTTP/1.0" 200 21409 "-" "SolomonoBot/1.02 (http://www.solomono.ru)"
95.211.81.86 - - [31/May/2012:04:09:27 +0600] "GET /component/option,com_wrapper/Itemid,246 HTTP/1.0" 200 14065 "-" "SolomonoBot/1.02 (http://www.solomono.ru)"
95.211.81.86 - - [31/May/2012:04:05:19 +0600] "GET /content/view/937/183 HTTP/1.0" 200 24979 "-" "SolomonoBot/1.02 (http://www.solomono.ru)"
95.211.81.86 - - [31/May/2012:04:07:53 +0600] "GET /content/category/4/17/194 HTTP/1.0" 200 23524 "-" "SolomonoBot/1.02 (http://www.solomono.ru)"
95.211.81.86 - - [31/May/2012:04:08:51 +0600] "GET /component/option,com_wrapper/Itemid,251 HTTP/1.0" 200 11483 "-" "SolomonoBot/1.02 (http://www.solomono.ru)"
95.211.81.86 - - [31/May/2012:04:07:51 +0600] "GET /content/category/8/23/55 HTTP/1.0" 200 20150 "-" "SolomonoBot/1.02 (http://www.solomono.ru)"
95.211.81.86 - - [31/May/2012:04:06:39 +0600] "GET /content/view/930/66 HTTP/1.0" 200 21867 "-" "SolomonoBot/1.02 (http://www.solomono.ru)"
95.211.81.86 - - [31/May/2012:04:05:54 +0600] "GET /content/view/185/66 HTTP/1.0" 200 21690 "-" "SolomonoBot/1.02 (http://www.solomono.ru)"
95.211.81.86 - - [31/May/2012:04:06:07 +0600] "GET /content/view/198/66 HTTP/1.0" 200 23287 "-" "SolomonoBot/1.02 (http://www.solomono.ru)"
95.211.81.86 - - [31/May/2012:04:05:54 +0600] "GET /content/view/472/66 HTTP/1.0" 200 21539 "-" "SolomonoBot/1.02 (http://www.solomono.ru)"
95.211.81.86 - - [31/May/2012:04:06:21 +0600] "GET /content/view/895/66 HTTP/1.0" 200 22147 "-" "SolomonoBot/1.02 (http://www.solomono.ru)"
95.211.81.86 - - [31/May/2012:04:06:22 +0600] "GET /content/view/476/66 HTTP/1.0" 200 22179 "-" "SolomonoBot/1.02 (http://www.solomono.ru)"
95.211.81.86 - - [31/May/2012:04:04:55 +0600] "GET /content/view/746/66 HTTP/1.0" 200 21955 "-" "SolomonoBot/1.02 (http://www.solomono.ru)"
95.211.81.86 - - [31/May/2012:04:09:00 +0600] "GET /content/view/312/91 HTTP/1.0" 200 13812 "-" "SolomonoBot/1.02 (http://www.solomono.ru)"
95.211.81.86 - - [31/May/2012:04:05:06 +0600] "GET /content/view/891/66 HTTP/1.0" 200 21530 "-" "SolomonoBot/1.02 (http://www.solomono.ru)"
95.211.81.86 - - [31/May/2012:04:08:17 +0600] "GET /content/view/809/66 HTTP/1.0" 200 23320 "-" "SolomonoBot/1.02 (http://www.solomono.ru)"
213.186.127.2 - - [31/May/2012:04:07:55 +0600] "GET /content/view/976/157/ HTTP/1.0" 200 7046 "-" "Mozilla/5.0 (compatible; AhrefsBot/3.0; +http://ahrefs.com/robot/)"
95.211.81.86 - - [31/May/2012:04:06:21 +0600] "GET /content/view/532/66 HTTP/1.0" 200 22562 "-" "SolomonoBot/1.02 (http://www.solomono.ru)"
95.211.81.86 - - [31/May/2012:04:09:56 +0600] "GET /index2.php?option=com_content&task=view&id=992&pop=1&page=0&Itemid=66 HTTP/1.0" 200 3244 "-" "SolomonoBot/1.02 (http://www.solomono.ru)"
213.186.127.10 - - [31/May/2012:04:09:48 +0600] "GET /content/view/794/ HTTP/1.0" 200 4649 "-" "Mozilla/5.0 (compatible; AhrefsBot/3.0; +http://ahrefs.com/robot/)"
95.211.81.86 - - [31/May/2012:04:08:51 +0600] "GET /component/option,com_registration/content/view/794/1 HTTP/1.0" 200 22620 "-" "SolomonoBot/1.02 (http://www.solomono.ru)"
95.211.81.86 - - [31/May/2012:04:09:18 +0600] "GET /content/category/2/14/157 HTTP/1.0" 200 24370 "-" "SolomonoBot/1.02 (http://www.solomono.ru)"
95.211.81.86 - - [31/May/2012:04:08:51 +0600] "GET /content/view/934/66 HTTP/1.0" 200 21391 "-" "SolomonoBot/1.02 (http://www.solomono.ru)"
95.211.81.86 - - [31/May/2012:04:09:50 +0600] "GET /content/view/721/66 HTTP/1.0" 200 21648 "-" "SolomonoBot/1.02 (http://www.solomono.ru)"
95.211.81.86 - - [31/May/2012:04:10:44 +0600] "GET /content/view/18/content/view/811/1 HTTP/1.0" 200 13558 "-" "SolomonoBot/1.02 (http://www.solomono.ru)"
95.211.81.86 - - [31/May/2012:04:08:12 +0600] "GET /content/category/5/18/content/view/22/157 HTTP/1.0" 200 16132 "-" "SolomonoBot/1.02 (http://www.solomono.ru)"
95.211.81.86 - - [31/May/2012:04:10:03 +0600] "GET /content/view/655/210 HTTP/1.0" 200 14098 "-" "SolomonoBot/1.02 (http://www.solomono.ru)"
- - - [31/May/2012:04:12:31 +0600] "OPTIONS * HTTP/1.0" 200 - "-" "Apache/2.2.3 (CentOS) (internal dummy connection)"
95.211.81.86 - - [31/May/2012:04:08:15 +0600] "GET /content/view/393/183 HTTP/1.0" 200 25928 "-" "SolomonoBot/1.02 (http://www.solomono.ru)"
- - - [31/May/2012:04:12:33 +0600] "OPTIONS * HTTP/1.0" 200 - "-" "Apache/2.2.3 (CentOS) (internal dummy connection)"
- - - [31/May/2012:04:12:37 +0600] "OPTIONS * HTTP/1.0" 200 - "-" "Apache/2.2.3 (CentOS) (internal dummy connection)"
95.211.81.86 - - [31/May/2012:04:08:04 +0600] "GET /content/view/932/66 HTTP/1.0" 200 21511 "-" "SolomonoBot/1.02 (http://www.solomono.ru)"
95.211.81.86 - - [31/May/2012:04:09:30 +0600] "GET /content/view/211/66 HTTP/1.0" 200 22837 "-" "SolomonoBot/1.02 (http://www.solomono.ru)"
95.211.81.86 - - [31/May/2012:04:09:49 +0600] "GET /content/view/93/66 HTTP/1.0" 200 21728 "-" "SolomonoBot/1.02 (http://www.solomono.ru)"
95.211.81.86 - - [31/May/2012:04:09:50 +0600] "GET /content/view/944/66 HTTP/1.0" 200 21361 "-" "SolomonoBot/1.02 (http://www.solomono.ru)"
213.186.127.6 - - [31/May/2012:04:09:18 +0600] "GET /content/view/976/158/ HTTP/1.0" 200 7034 "-" "Mozilla/5.0 (compatible; AhrefsBot/3.0; +http://ahrefs.com/robot/)"
95.211.81.86 - - [31/May/2012:04:08:51 +0600] "GET /content/category/14/42/content/view/989/1 HTTP/1.0" 200 17961 "-" "SolomonoBot/1.02 (http://www.solomono.ru)"
178.154.163.30 - - [31/May/2012:04:08:42 +0600] "GET /content/view/53/47 HTTP/1.0" 200 7421 "-" "Mozilla/5.0 (compatible; YandexDirect/3.0; +http://yandex.com/bots)"
95.211.81.86 - - [31/May/2012:04:09:19 +0600] "GET /content/view/946/66 HTTP/1.0" 200 21962 "-" "SolomonoBot/1.02 (http://www.solomono.ru)"
95.211.81.86 - - [31/May/2012:04:09:18 +0600] "GET /content/view/799/66 HTTP/1.0" 200 22440 "-" "SolomonoBot/1.02 (http://www.solomono.ru)"
95.211.81.86 - - [31/May/2012:04:09:16 +0600] "GET /content/view/875/66 HTTP/1.0" 200 21739 "-" "SolomonoBot/1.02 (http://www.solomono.ru)"
95.211.81.86 - - [31/May/2012:04:10:00 +0600] "GET /content/view/213/66 HTTP/1.0" 200 22208 "-" "SolomonoBot/1.02 (http://www.solomono.ru)"
95.211.81.86 - - [31/May/2012:04:10:45 +0600] "GET /content/view/779/210 HTTP/1.0" 200 13146 "-" "SolomonoBot/1.02 (http://www.solomono.ru)"
178.154.163.30 - - [31/May/2012:04:11:27 +0600] "GET /content/view/754/84/ HTTP/1.0" 200 4197 "-" "Mozilla/5.0 (compatible; YandexBot/3.0; +http://yandex.com/bots)"
- - - [31/May/2012:04:13:26 +0600] "OPTIONS * HTTP/1.0" 200 - "-" "Apache/2.2.3 (CentOS) (internal dummy connection)"
- - - [31/May/2012:04:13:24 +0600] "OPTIONS * HTTP/1.0" 200 - "-" "Apache/2.2.3 (CentOS) (internal dummy connection)"
- - - [31/May/2012:04:13:25 +0600] "OPTIONS * HTTP/1.0" 200 - "-" "Apache/2.2.3 (CentOS) (internal dummy connection)"
- - - [31/May/2012:04:13:28 +0600] "OPTIONS * HTTP/1.0" 200 - "-" "Apache/2.2.3 (CentOS) (internal dummy connection)"
- - - [31/May/2012:04:13:20 +0600] "OPTIONS * HTTP/1.0" 200 - "-" "Apache/2.2.3 (CentOS) (internal dummy connection)"
- - - [31/May/2012:04:13:22 +0600] "OPTIONS * HTTP/1.0" 200 - "-" "Apache/2.2.3 (CentOS) (internal dummy connection)"
213.186.127.2 - - [31/May/2012:04:10:50 +0600] "GET /content/category/6/21/53/ HTTP/1.0" 200 5354 "-" "Mozilla/5.0 (compatible; AhrefsBot/3.0; +http://ahrefs.com/robot/)"
213.186.127.11 - - [31/May/2012:04:11:46 +0600] "GET /content/view/337/47/ HTTP/1.0" 200 6985 "-" "Mozilla/5.0 (compatible; AhrefsBot/3.0; +http://ahrefs.com/robot/)"
95.211.81.86 - - [31/May/2012:04:10:45 +0600] "GET /content/category/12/40/content/view/811/1 HTTP/1.0" 200 14710 "-" "SolomonoBot/1.02 (http://www.solomono.ru)"
213.186.127.12 - - [31/May/2012:04:11:16 +0600] "GET /content/view/976/47/ HTTP/1.0" 200 7043 "-" "Mozilla/5.0 (compatible; AhrefsBot/3.0; +http://ahrefs.com/robot/)"
95.211.81.86 - - [31/May/2012:04:10:52 +0600] "GET /content/view/97/66 HTTP/1.0" 200 22448 "-" "SolomonoBot/1.02 (http://www.solomono.ru)"
- - - [31/May/2012:04:13:58 +0600] "OPTIONS * HTTP/1.0" 200 - "-" "Apache/2.2.3 (CentOS) (internal dummy connection)"
95.211.81.86 - - [31/May/2012:04:10:50 +0600] "GET /content/view/215/66 HTTP/1.0" 200 23185 "-" "SolomonoBot/1.02 (http://www.solomono.ru)"
- - - [31/May/2012:04:13:56 +0600] "OPTIONS * HTTP/1.0" 200 - "-" "Apache/2.2.3 (CentOS) (internal dummy connection)"
- - - [31/May/2012:04:13:59 +0600] "OPTIONS * HTTP/1.0" 200 - "-" "Apache/2.2.3 (CentOS) (internal dummy connection)"
- - - [31/May/2012:04:13:23 +0600] "OPTIONS * HTTP/1.0" 200 - "-" "Apache/2.2.3 (CentOS) (internal dummy connection)"
- - - [31/May/2012:04:13:23 +0600] "OPTIONS * HTTP/1.0" 200 - "-" "Apache/2.2.3 (CentOS) (internal dummy connection)"
95.211.81.86 - - [31/May/2012:04:11:16 +0600] "GET /content/view/976/158 HTTP/1.0" 200 28909 "-" "SolomonoBot/1.02 (http://www.solomono.ru)"
- - - [31/May/2012:04:14:03 +0600] "OPTIONS * HTTP/1.0" 200 - "-" "Apache/2.2.3 (CentOS) (internal dummy connection)"
- - - [31/May/2012:04:14:04 +0600] "OPTIONS * HTTP/1.0" 200 - "-" "Apache/2.2.3 (CentOS) (internal dummy connection)"
- - - [31/May/2012:04:14:01 +0600] "OPTIONS * HTTP/1.0" 200 - "-" "Apache/2.2.3 (CentOS) (internal dummy connection)"
- - - [31/May/2012:04:14:05 +0600] "OPTIONS * HTTP/1.0" 200 - "-" "Apache/2.2.3 (CentOS) (internal dummy connection)"
- - - [31/May/2012:04:14:02 +0600] "OPTIONS * HTTP/1.0" 200 - "-" "Apache/2.2.3 (CentOS) (internal dummy connection)"
- - - [31/May/2012:04:14:06 +0600] "OPTIONS * HTTP/1.0" 200 - "-" "Apache/2.2.3 (CentOS) (internal dummy connection)"
68.233.226.103 - - [31/May/2012:04:10:44 +0600] "GET /content/view/793/114/index.php?option=com_contact&Itemid=3 HTTP/1.0" 200 16458 "-" "Mozilla/5.0 (Windows NT 5.1) AppleWebKit/535.2 (KHTML, like Gecko) Chrome/15.0.872.0 Safari/535.2"
212.113.37.106 - - [31/May/2012:04:11:42 +0600] "GET /content/view/976/5/ HTTP/1.0" 200 7031 "-" "Mozilla/5.0 (compatible; AhrefsBot/3.0; +http://ahrefs.com/robot/)"
- - - [31/May/2012:04:14:08 +0600] "OPTIONS * HTTP/1.0" 200 - "-" "Apache/2.2.3 (CentOS) (internal dummy connection)"
212.113.37.105 - - [31/May/2012:04:12:09 +0600] "GET /content/view/976/53/ HTTP/1.0" 200 7057 "-" "Mozilla/5.0 (compatible; AhrefsBot/3.0; +http://ahrefs.com/robot/)"
213.186.119.137 - - [31/May/2012:04:12:10 +0600] "GET /content/view/794/157/ HTTP/1.0" 200 5732 "-" "Mozilla/5.0 (compatible; AhrefsBot/3.0; +http://ahrefs.com/robot/)"
- - - [31/May/2012:04:14:09 +0600] "OPTIONS * HTTP/1.0" 200 - "-" "Apache/2.2.3 (CentOS) (internal dummy connection)"
178.154.163.30 - - [31/May/2012:04:12:41 +0600] "GET /content/view/754/84/ HTTP/1.0" 200 4198 "-" "Mozilla/5.0 (compatible; YandexBot/3.0; +http://yandex.com/bots)"
- - - [31/May/2012:04:14:10 +0600] "OPTIONS * HTTP/1.0" 200 - "-" "Apache/2.2.3 (CentOS) (internal dummy connection)"
213.186.122.3 - - [31/May/2012:04:13:31 +0600] "GET /content/view/794/158/ HTTP/1.0" 200 5718 "-" "Mozilla/5.0 (compatible; AhrefsBot/3.0; +http://ahrefs.com/robot/)"
- - - [31/May/2012:04:14:11 +0600] "OPTIONS * HTTP/1.0" 200 - "-" "Apache/2.2.3 (CentOS) (internal dummy connection)"
- - - [31/May/2012:04:14:12 +0600] "OPTIONS * HTTP/1.0" 200 - "-" "Apache/2.2.3 (CentOS) (internal dummy connection)"
- - - [31/May/2012:04:14:14 +0600] "OPTIONS * HTTP/1.0" 200 - "-" "Apache/2.2.3 (CentOS) (internal dummy connection)"
- - - [31/May/2012:04:14:13 +0600] "OPTIONS * HTTP/1.0" 200 - "-" "Apache/2.2.3 (CentOS) (internal dummy connection)"
213.186.119.132 - - [31/May/2012:04:14:52 +0600] "GET /content/view/982/105/ HTTP/1.0" 200 6163 "-" "Mozilla/5.0 (compatible; AhrefsBot/3.0; +http://ahrefs.com/robot/)"
213.186.127.8 - - [31/May/2012:04:15:20 +0600] "GET /content/view/794/3/ HTTP/1.0" 200 5715 "-" "Mozilla/5.0 (compatible; AhrefsBot/3.0; +http://ahrefs.com/robot/)"
213.186.127.3 - - [31/May/2012:04:15:48 +0600] "GET /content/view/982/157/ HTTP/1.0" 200 6176 "-" "Mozilla/5.0 (compatible; AhrefsBot/3.0; +http://ahrefs.com/robot/)"
66.249.66.77 - - [31/May/2012:04:17:36 +0600] "GET /index2.php?option=com_content&task=view&id=801&pop=1&page=0&Itemid=66 HTTP/1.0" 200 1473 "-" "Mozilla/5.0 (compatible; Googlebot/2.1; +http://www.google.com/bot.html)"
212.113.37.105 - - [31/May/2012:04:18:36 +0600] "GET /content/view/982/47/ HTTP/1.0" 200 6170 "-" "Mozilla/5.0 (compatible; AhrefsBot/3.0; +http://ahrefs.com/robot/)"
66.249.66.77 - - [31/May/2012:04:18:41 +0600] "GET /content/view/403/151/ HTTP/1.0" 200 5151 "-" "Mozilla/5.0 (compatible; Googlebot/2.1; +http://www.google.com/bot.html)"
83.169.60.25 - - [31/May/2012:04:18:46 +0600] "GET / HTTP/1.0" 200 24198 "-" "Mozilla/5.0 (Windows; U; Windows NT 6.0; de; rv:1.9.0.6) Gecko/2009011913 Firefox/3.0.6"
83.169.60.25 - - [31/May/2012:04:18:47 +0600] "GET /20e6a4bb032fcfae5d.php HTTP/1.0" 404 299 "-" "Mozilla/5.0 (Windows; U; Windows NT 6.0; de; rv:1.9.0.6) Gecko/2009011913 Firefox/3.0.6"
213.186.119.136 - - [31/May/2012:04:19:05 +0600] "GET /content/view/794/5/ HTTP/1.0" 200 5715 "-" "Mozilla/5.0 (compatible; AhrefsBot/3.0; +http://ahrefs.com/robot/)"
66.249.66.77 - - [31/May/2012:04:19:25 +0600] "GET /content/view/405/123/ HTTP/1.0" 200 5161 "-" "Mozilla/5.0 (compatible; Googlebot/2.1; +http://www.google.com/bot.html)"
213.186.119.133 - - [31/May/2012:04:19:33 +0600] "GET /content/view/982/5/ HTTP/1.0" 200 6162 "-" "Mozilla/5.0 (compatible; AhrefsBot/3.0; +http://ahrefs.com/robot/)"
213.186.119.133 - - [31/May/2012:04:20:04 +0600] "GET / HTTP/1.0" 200 6461 "-" "Mozilla/5.0 (compatible; AhrefsBot/3.0; +http://ahrefs.com/robot/)"
66.249.66.77 - - [31/May/2012:04:20:30 +0600] "GET /content/view/648/149/ HTTP/1.0" 200 5145 "-" "Mozilla/5.0 (compatible; Googlebot/2.1; +http://www.google.com/bot.html)"
213.186.127.7 - - [31/May/2012:04:20:43 +0600] "GET /content/view/982/53/ HTTP/1.0" 200 6183 "-" "Mozilla/5.0 (compatible; AhrefsBot/3.0; +http://ahrefs.com/robot/)"
213.186.127.11 - - [31/May/2012:04:20:56 +0600] "GET /content/view/794/53/ HTTP/1.0" 200 5742 "-" "Mozilla/5.0 (compatible; AhrefsBot/3.0; +http://ahrefs.com/robot/)"
66.249.66.77 - - [31/May/2012:04:21:13 +0600] "GET /content/view/783/240/ HTTP/1.0" 200 5146 "-" "Mozilla/5.0 (compatible; Googlebot/2.1; +http://www.google.com/bot.html)"
213.186.120.196 - - [31/May/2012:04:21:25 +0600] "GET /content/view/982/66/ HTTP/1.0" 200 6176 "-" "Mozilla/5.0 (compatible; AhrefsBot/3.0; +http://ahrefs.com/robot/)"
213.186.127.3 - - [31/May/2012:04:22:20 +0600] "GET /content/view/982/86/ HTTP/1.0" 200 6175 "-" "Mozilla/5.0 (compatible; AhrefsBot/3.0; +http://ahrefs.com/robot/)"
178.154.163.30 - - [31/May/2012:04:22:42 +0600] "GET /content/view/406/ HTTP/1.0" 200 5596 "-" "Mozilla/5.0 (compatible; YandexBot/3.0; +http://yandex.com/bots)"
212.113.37.105 - - [31/May/2012:04:22:48 +0600] "GET /content/view/794/66/ HTTP/1.0" 200 5728 "-" "Mozilla/5.0 (compatible; AhrefsBot/3.0; +http://ahrefs.com/robot/)"
213.186.127.8 - - [31/May/2012:04:23:16 +0600] "GET /content/view/983/ HTTP/1.0" 200 5071 "-" "Mozilla/5.0 (compatible; AhrefsBot/3.0; +http://ahrefs.com/robot/)"
213.186.127.5 - - [31/May/2012:04:23:49 +0600] "GET /content/view/128/47/ HTTP/1.0" 200 12578 "-" "Mozilla/5.0 (compatible; AhrefsBot/3.0; +http://ahrefs.com/robot/)"
66.249.66.77 - - [31/May/2012:04:24:06 +0600] "GET /content/view/544/1/ HTTP/1.0" 200 5555 "-" "Mozilla/5.0 (compatible; Googlebot/2.1; +http://www.google.com/bot.html)"
213.186.119.133 - - [31/May/2012:04:24:12 +0600] "GET /content/view/983/105/ HTTP/1.0" 200 6148 "-" "Mozilla/5.0 (compatible; AhrefsBot/3.0; +http://ahrefs.com/robot/)"
213.186.127.8 - - [31/May/2012:04:24:40 +0600] "GET /content/view/794/86/ HTTP/1.0" 200 5728 "-" "Mozilla/5.0 (compatible; AhrefsBot/3.0; +http://ahrefs.com/robot/)"
213.186.119.141 - - [31/May/2012:04:25:18 +0600] "GET /content/view/983/157/ HTTP/1.0" 200 6163 "-" "Mozilla/5.0 (compatible; AhrefsBot/3.0; +http://ahrefs.com/robot/)"
213.186.119.140 - - [31/May/2012:04:25:41 +0600] "GET /content/view/392/192/ HTTP/1.0" 200 6733 "-" "Mozilla/5.0 (compatible; AhrefsBot/3.0; +http://ahrefs.com/robot/)"
213.186.119.132 - - [31/May/2012:04:26:32 +0600] "GET /content/view/811/ HTTP/1.0" 200 4558 "-" "Mozilla/5.0 (compatible; AhrefsBot/3.0; +http://ahrefs.com/robot/)"
66.249.71.59 - - [31/May/2012:04:27:00 +0600] "GET /content/view/793/253/ HTTP/1.0" 200 5158 "-" "Mozilla/5.0 (compatible; Googlebot/2.1; +http://www.google.com/bot.html)"
213.186.120.196 - - [31/May/2012:04:27:36 +0600] "GET /content/category/4/16/160/ HTTP/1.0" 200 5390 "-" "Mozilla/5.0 (compatible; AhrefsBot/3.0; +http://ahrefs.com/robot/)"
213.186.122.3 - - [31/May/2012:04:27:57 +0600] "GET /content/view/983/47/ HTTP/1.0" 200 6156 "-" "Mozilla/5.0 (compatible; AhrefsBot/3.0; +http://ahrefs.com/robot/)"
178.154.163.30 - - [31/May/2012:04:28:22 +0600] "GET /content/view/693/1/ HTTP/1.0" 200 5557 "-" "Mozilla/5.0 (compatible; YandexBot/3.0; +http://yandex.com/bots)"
213.186.127.4 - - [31/May/2012:04:28:32 +0600] "GET / HTTP/1.0" 200 6463 "-" "Mozilla/5.0 (compatible; AhrefsBot/3.0; +http://ahrefs.com/robot/)"
213.186.127.11 - - [31/May/2012:04:28:53 +0600] "GET /content/view/983/5/ HTTP/1.0" 200 6145 "-" "Mozilla/5.0 (compatible; AhrefsBot/3.0; +http://ahrefs.com/robot/)"
213.186.127.11 - - [31/May/2012:04:29:49 +0600] "GET /content/view/983/53/ HTTP/1.0" 200 6172 "-" "Mozilla/5.0 (compatible; AhrefsBot/3.0; +http://ahrefs.com/robot/)"
68.233.226.103 - - [31/May/2012:04:29:56 +0600] "GET /content/view/775/240/ HTTP/1.0" 200 18941 "-" "Mozilla/5.0 (Windows NT 5.1) AppleWebKit/535.2 (KHTML, like Gecko) Chrome/15.0.872.0 Safari/535.2"
66.249.71.59 - - [31/May/2012:04:30:15 +0600] "GET /content/view/793/5/ HTTP/1.0" 200 5149 "-" "Mozilla/5.0 (compatible; Googlebot/2.1; +http://www.google.com/bot.html)"
66.249.66.77 - - [31/May/2012:04:30:37 +0600] "GET /content/view/793/52/ HTTP/1.0" 200 5180 "-" "Mozilla/5.0 (compatible; Googlebot/2.1; +http://www.google.com/bot.html)"
213.186.127.3 - - [31/May/2012:04:30:44 +0600] "GET /content/view/983/86/ HTTP/1.0" 200 6158 "-" "Mozilla/5.0 (compatible; AhrefsBot/3.0; +http://ahrefs.com/robot/)"
66.249.66.77 - - [31/May/2012:04:32:00 +0600] "GET /content/view/403/123/ HTTP/1.0" 200 5163 "-" "Mozilla/5.0 (compatible; Googlebot/2.1; +http://www.google.com/bot.html)"
66.249.66.77 - - [31/May/2012:04:32:47 +0600] "GET /content/view/795/119/ HTTP/1.0" 200 5143 "-" "Mozilla/5.0 (compatible; Googlebot/2.1; +http://www.google.com/bot.html)"
213.186.122.2 - - [31/May/2012:04:33:31 +0600] "GET /content/view/989/157/ HTTP/1.0" 200 5595 "-" "Mozilla/5.0 (compatible; AhrefsBot/3.0; +http://ahrefs.com/robot/)"
213.186.127.12 - - [31/May/2012:04:34:00 +0600] "GET /content/view/811/3/ HTTP/1.0" 200 5637 "-" "Mozilla/5.0 (compatible; AhrefsBot/3.0; +http://ahrefs.com/robot/)"
213.186.127.13 - - [31/May/2012:04:34:29 +0600] "GET /content/view/989/158/ HTTP/1.0" 200 5582 "-" "Mozilla/5.0 (compatible; AhrefsBot/3.0; +http://ahrefs.com/robot/)"
95.108.129.207 - - [31/May/2012:04:34:51 +0600] "GET / HTTP/1.0" 200 24198 "-" "Mozilla/5.0 (compatible; YandexMetrika/2.0; +http://yandex.com/bots)"
213.186.119.142 - - [31/May/2012:04:35:04 +0600] "GET /cgi-bin/zgate?Init+test.xml,simple.xsl+rus HTTP/1.0" 200 5033 "-" "Mozilla/5.0 (compatible; AhrefsBot/3.0; +http://ahrefs.com/robot/)"
66.249.66.77 - - [31/May/2012:04:35:18 +0600] "GET /content/view/821/64/ HTTP/1.0" 200 5148 "-" "Mozilla/5.0 (compatible; Googlebot/2.1; +http://www.google.com/bot.html)"
212.113.37.106 - - [31/May/2012:04:35:25 +0600] "GET /content/view/989/3/ HTTP/1.0" 200 5578 "-" "Mozilla/5.0 (compatible; AhrefsBot/3.0; +http://ahrefs.com/robot/)"
213.186.127.11 - - [31/May/2012:04:35:52 +0600] "GET /content/view/811/47/ HTTP/1.0" 200 5652 "-" "Mozilla/5.0 (compatible; AhrefsBot/3.0; +http://ahrefs.com/robot/)"
213.186.127.13 - - [31/May/2012:04:36:20 +0600] "GET /content/view/989/47/ HTTP/1.0" 200 5591 "-" "Mozilla/5.0 (compatible; AhrefsBot/3.0; +http://ahrefs.com/robot/)"
66.249.71.59 - - [31/May/2012:04:36:45 +0600] "GET /content/view/812/252/ HTTP/1.0" 200 5145 "-" "Mozilla/5.0 (compatible; Googlebot/2.1; +http://www.google.com/bot.html)"
213.186.119.137 - - [31/May/2012:04:36:56 +0600] "GET /content/view/433/91/ HTTP/1.0" 200 5965 "-" "Mozilla/5.0 (compatible; AhrefsBot/3.0; +http://ahrefs.com/robot/)"
178.154.163.30 - - [31/May/2012:04:37:12 +0600] "GET /files/articles/IBobsluzhivanie.pdf HTTP/1.0" 304 - "-" "Mozilla/5.0 (compatible; YandexBot/3.0; +http://yandex.com/bots)"
213.186.127.4 - - [31/May/2012:04:37:44 +0600] "GET /content/view/811/5/ HTTP/1.0" 200 5638 "-" "Mozilla/5.0 (compatible; AhrefsBot/3.0; +http://ahrefs.com/robot/)"
212.113.37.105 - - [31/May/2012:04:38:13 +0600] "GET /content/view/989/53/ HTTP/1.0" 200 5603 "-" "Mozilla/5.0 (compatible; AhrefsBot/3.0; +http://ahrefs.com/robot/)"
213.186.127.5 - - [31/May/2012:04:38:49 +0600] "GET /content/view/19/157/ HTTP/1.0" 200 5986 "-" "Mozilla/5.0 (compatible; AhrefsBot/3.0; +http://ahrefs.com/robot/)"
66.249.71.59 - - [31/May/2012:04:39:17 +0600] "GET /content/view/821/66/ HTTP/1.0" 200 5177 "-" "Mozilla/5.0 (compatible; Googlebot/2.1; +http://www.google.com/bot.html)"
213.186.120.196 - - [31/May/2012:04:39:37 +0600] "GET /content/view/811/53/ HTTP/1.0" 200 5665 "-" "Mozilla/5.0 (compatible; AhrefsBot/3.0; +http://ahrefs.com/robot/)"
66.249.66.77 - - [31/May/2012:04:39:38 +0600] "GET /content/view/819/239/ HTTP/1.0" 200 3004 "-" "Mozilla/5.0 (compatible; Googlebot/2.1; +http://www.google.com/bot.html)"
213.186.119.143 - - [31/May/2012:04:40:05 +0600] "GET /content/view/989/86/ HTTP/1.0" 200 5592 "-" "Mozilla/5.0 (compatible; AhrefsBot/3.0; +http://ahrefs.com/robot/)"
213.186.127.28 - - [31/May/2012:04:40:41 +0600] "GET /content/view/488/219/ HTTP/1.0" 200 6051 "-" "Mozilla/5.0 (compatible; AhrefsBot/3.0; +http://ahrefs.com/robot/)"
213.186.122.3 - - [31/May/2012:04:41:00 +0600] "GET /files/scen_prazd/openNDK.pdf HTTP/1.0" 200 115591 "-" "Mozilla/5.0 (compatible; AhrefsBot/3.0; +http://ahrefs.com/robot/)"
213.186.119.134 - - [31/May/2012:04:41:56 +0600] "GET /index2.php?option=com_contact&task=vcard&contact_id=1&no_html=1 HTTP/1.0" 200 528 "-" "Mozilla/5.0 (compatible; AhrefsBot/3.0; +http://ahrefs.com/robot/)"
213.186.127.5 - - [31/May/2012:04:42:35 +0600] "GET /content/category/4/17/194/ HTTP/1.0" 200 5560 "-" "Mozilla/5.0 (compatible; AhrefsBot/3.0; +http://ahrefs.com/robot/)"
212.113.37.105 - - [31/May/2012:04:42:52 +0600] "GET /index2.php?option=com_contact&task=view&contact_id=1&Itemid=3&pop=1 HTTP/1.0" 200 2085 "-" "Mozilla/5.0 (compatible; AhrefsBot/3.0; +http://ahrefs.com/robot/)"
213.186.127.8 - - [31/May/2012:04:44:26 +0600] "GET /content/view/502/225/ HTTP/1.0" 200 7335 "-" "Mozilla/5.0 (compatible; AhrefsBot/3.0; +http://ahrefs.com/robot/)"
213.186.127.3 - - [31/May/2012:04:44:44 +0600] "GET /index2.php?option=com_content&task=view&id=310&pop=1&page=0&Itemid=91 HTTP/1.0" 200 3426 "-" "Mozilla/5.0 (compatible; AhrefsBot/3.0; +http://ahrefs.com/robot/)"
213.186.127.4 - - [31/May/2012:04:45:40 +0600] "GET /index2.php?option=com_content&task=view&id=378&pop=1&page=0&Itemid=105 HTTP/1.0" 200 2885 "-" "Mozilla/5.0 (compatible; AhrefsBot/3.0; +http://ahrefs.com/robot/)"
178.154.163.30 - - [31/May/2012:04:45:56 +0600] "GET /component/option,com_contact/Itemid,3 HTTP/1.0" 200 6641 "-" "Mozilla/5.0 (compatible; YandexBot/3.0; +http://yandex.com/bots)"
78.37.156.123 - - [31/May/2012:04:47:39 +0600] "GET / HTTP/1.0" 200 6412 "http://www.google.ru/url?sa=t&rct=j&q=%D0%B3%D0%BE%D1%80%D0%BE%D0%B4%D1%81%D0%BA%D0%B0%D1%8F%20%D0%B4%D0%B5%D1%82%D1%81%D0%BA%D0%B0%D1%8F%20%D0%B1%D0%B8%D0%B1%D0%BB%D0%B8%D0%BE%D1%82%D0%B5%D0%BA%D0%B8&source=web&cd=4&ved=0CGgQFjAD&url=http%3A%2F%2Fcsdb.ufanet.ru%2F&ei=GaPGT4LNCav24QTL_5TyBQ&usg=AFQjCNGr3-VhEuv4mWftvIFQmFcbxmmeUQ" "Opera/9.80 (Windows NT 6.1; WOW64; U; ru) Presto/2.10.229 Version/11.64"
78.37.156.123 - - [31/May/2012:04:47:42 +0600] "GET /images/cgdb.swf HTTP/1.0" 200 19792297 "http://csdb.ufanet.ru/" "Opera/9.80 (Windows NT 6.1; WOW64; U; ru) Presto/2.10.229 Version/11.64"
78.37.156.123 - - [31/May/2012:04:47:42 +0600] "GET /images/cgdb.swf HTTP/1.0" 200 19792297 "http://csdb.ufanet.ru/" "Opera/9.80 (Windows NT 6.1; WOW64; U; ru) Presto/2.10.229 Version/11.64"
78.37.156.123 - - [31/May/2012:04:47:53 +0600] "GET /images/cgdb.swf HTTP/1.0" 200 19792297 "http://csdb.ufanet.ru/" "Opera/9.80 (Windows NT 6.1; WOW64; U; ru) Presto/2.10.229 Version/11.64"
78.37.156.123 - - [31/May/2012:04:47:55 +0600] "GET /content/section/6/53/ HTTP/1.0" 200 5236 "http://csdb.ufanet.ru/" "Opera/9.80 (Windows NT 6.1; WOW64; U; ru) Presto/2.10.229 Version/11.64"
78.37.156.123 - - [31/May/2012:04:48:00 +0600] "GET /content/view/382/158/ HTTP/1.0" 200 6392 "http://csdb.ufanet.ru/content/section/6/53/" "Opera/9.80 (Windows NT 6.1; WOW64; U; ru) Presto/2.10.229 Version/11.64"
78.37.156.123 - - [31/May/2012:04:48:01 +0600] "GET /%22%22%22%22%22http://csdb.ufanet.ru/templates/csdb/images/strelka.gif%22%22%22%22%22 HTTP/1.0" 404 392 "http://csdb.ufanet.ru/content/view/382/158/" "Opera/9.80 (Windows NT 6.1; WOW64; U; ru) Presto/2.10.229 Version/11.64"
78.37.156.123 - - [31/May/2012:04:48:04 +0600] "GET /content/category/4/16/160/ HTTP/1.0" 200 5349 "http://csdb.ufanet.ru/content/view/382/158/" "Opera/9.80 (Windows NT 6.1; WOW64; U; ru) Presto/2.10.229 Version/11.64"
78.37.156.123 - - [31/May/2012:04:48:05 +0600] "GET /content/view/15/160/ HTTP/1.0" 200 5831 "http://csdb.ufanet.ru/content/category/4/16/160/" "Opera/9.80 (Windows NT 6.1; WOW64; U; ru) Presto/2.10.229 Version/11.64"
78.37.156.123 - - [31/May/2012:04:48:07 +0600] "GET /component/option,com_frontpage/Itemid,1/ HTTP/1.0" 200 6443 "http://csdb.ufanet.ru/content/view/15/160/" "Opera/9.80 (Windows NT 6.1; WOW64; U; ru) Presto/2.10.229 Version/11.64"
78.37.156.123 - - [31/May/2012:04:48:08 +0600] "GET /images/cgdb.swf HTTP/1.0" 200 19792297 "http://csdb.ufanet.ru/component/option,com_frontpage/Itemid,1/" "Opera/9.80 (Windows NT 6.1; WOW64; U; ru) Presto/2.10.229 Version/11.64"
78.37.156.123 - - [31/May/2012:04:48:12 +0600] "GET /content/view/382/158/ HTTP/1.0" 200 6391 "http://csdb.ufanet.ru/component/option,com_frontpage/Itemid,1/" "Opera/9.80 (Windows NT 6.1; WOW64; U; ru) Presto/2.10.229 Version/11.64"
78.37.156.123 - - [31/May/2012:04:48:12 +0600] "GET /%22%22%22%22%22http://csdb.ufanet.ru/templates/csdb/images/strelka.gif%22%22%22%22%22 HTTP/1.0" 404 392 "http://csdb.ufanet.ru/content/view/382/158/" "Opera/9.80 (Windows NT 6.1; WOW64; U; ru) Presto/2.10.229 Version/11.64"
78.37.156.123 - - [31/May/2012:04:48:14 +0600] "GET /content/category/4/16/160/ HTTP/1.0" 200 5350 "http://csdb.ufanet.ru/content/view/382/158/" "Opera/9.80 (Windows NT 6.1; WOW64; U; ru) Presto/2.10.229 Version/11.64"
78.37.156.123 - - [31/May/2012:04:48:16 +0600] "GET /content/view/15/160/ HTTP/1.0" 200 5832 "http://csdb.ufanet.ru/content/category/4/16/160/" "Opera/9.80 (Windows NT 6.1; WOW64; U; ru) Presto/2.10.229 Version/11.64"
78.37.156.123 - - [31/May/2012:04:48:27 +0600] "GET /component/option,com_contact/Itemid,3/ HTTP/1.0" 200 6592 "http://csdb.ufanet.ru/content/view/15/160/" "Opera/9.80 (Windows NT 6.1; WOW64; U; ru) Presto/2.10.229 Version/11.64"
78.37.156.123 - - [31/May/2012:04:48:34 +0600] "GET /component/option,com_facileforms/Itemid,71/ HTTP/1.0" 200 5266 "http://csdb.ufanet.ru/component/option,com_contact/Itemid,3/" "Opera/9.80 (Windows NT 6.1; WOW64; U; ru) Presto/2.10.229 Version/11.64"
78.37.156.123 - - [31/May/2012:04:48:35 +0600] "GET /index2.php?option=com_facileforms&Itemid=71&ff_form=11&ff_frame=1&ff_border=1 HTTP/1.0" 200 4054 "http://csdb.ufanet.ru/component/option,com_facileforms/Itemid,71/" "Opera/9.80 (Windows NT 6.1; WOW64; U; ru) Presto/2.10.229 Version/11.64"
78.37.156.123 - - [31/May/2012:04:48:37 +0600] "GET /components/com_facileforms/secimage.php?sessid=2q7votm0ut1lrg84fe217utmd1 HTTP/1.0" 200 270 "http://csdb.ufanet.ru/index2.php?option=com_facileforms&Itemid=71&ff_form=11&ff_frame=1&ff_border=1" "Opera/9.80 (Windows NT 6.1; WOW64; U; ru) Presto/2.10.229 Version/11.64"
213.186.119.131 - - [31/May/2012:04:48:56 +0600] "GET /content/view/970/157/ HTTP/1.0" 200 11187 "-" "Mozilla/5.0 (compatible; AhrefsBot/3.0; +http://ahrefs.com/robot/)"
66.249.66.77 - - [31/May/2012:04:49:24 +0600] "GET /content/view/952/235/ HTTP/1.0" 200 4201 "-" "Mozilla/5.0 (compatible; Googlebot/2.1; +http://www.google.com/bot.html)"
212.113.37.105 - - [31/May/2012:04:49:26 +0600] "GET /index2.php?option=com_content&task=view&id=983&pop=1&page=0&Itemid=1 HTTP/1.0" 200 1708 "-" "Mozilla/5.0 (compatible; AhrefsBot/3.0; +http://ahrefs.com/robot/)"
66.249.66.77 - - [31/May/2012:04:49:50 +0600] "GET /content/view/821/55/ HTTP/1.0" 200 5186 "-" "Mozilla/5.0 (compatible; Googlebot/2.1; +http://www.google.com/bot.html)"
213.186.119.143 - - [31/May/2012:04:50:04 +0600] "GET /content/category/11/37/78 HTTP/1.0" 200 3399 "-" "Mozilla/5.0 (compatible; AhrefsBot/3.0; +http://ahrefs.com/robot/)"
213.186.127.14 - - [31/May/2012:04:50:20 +0600] "GET /index2.php?option=com_content&task=view&id=989&pop=1&page=0&Itemid=1 HTTP/1.0" 200 1132 "-" "Mozilla/5.0 (compatible; AhrefsBot/3.0; +http://ahrefs.com/robot/)"
213.186.122.2 - - [31/May/2012:04:50:48 +0600] "GET /content/view/970/158/ HTTP/1.0" 200 11175 "-" "Mozilla/5.0 (compatible; AhrefsBot/3.0; +http://ahrefs.com/robot/)"
213.186.120.196 - - [31/May/2012:04:51:56 +0600] "GET /content/view/522/192/ HTTP/1.0" 200 6959 "-" "Mozilla/5.0 (compatible; AhrefsBot/3.0; +http://ahrefs.com/robot/)"
178.154.163.30 - - [31/May/2012:04:52:30 +0600] "GET /component/option,com_contact/Itemid,3/ HTTP/1.0" 200 6641 "-" "Mozilla/5.0 (compatible; YandexBot/3.0; +http://yandex.com/bots)"
213.186.127.8 - - [31/May/2012:04:52:40 +0600] "GET /content/view/970/3/ HTTP/1.0" 200 11168 "-" "Mozilla/5.0 (compatible; AhrefsBot/3.0; +http://ahrefs.com/robot/)"
65.52.108.145 - - [31/May/2012:04:55:41 +0600] "GET /content/blogcategory/1/66/5/275/ HTTP/1.0" 200 7137 "-" "Mozilla/5.0 (compatible; bingbot/2.0; +http://www.bing.com/bingbot.htm)"
66.249.66.77 - - [31/May/2012:04:58:17 +0600] "GET /content/view/751/141/ HTTP/1.0" 200 5144 "-" "Mozilla/5.0 (compatible; Googlebot/2.1; +http://www.google.com/bot.html)"
66.249.66.77 - - [31/May/2012:04:58:26 +0600] "GET /content/view/922/192/ HTTP/1.0" 200 5183 "-" "Mozilla/5.0 (compatible; Googlebot/2.1; +http://www.google.com/bot.html)"
66.249.66.77 - - [31/May/2012:04:58:48 +0600] "GET /content/view/50/51/ HTTP/1.0" 200 3004 "-" "Mozilla/5.0 (compatible; Googlebot/2.1; +http://www.google.com/bot.html)"
66.249.71.59 - - [31/May/2012:04:59:32 +0600] "GET /content/view/530/128/ HTTP/1.0" 200 5139 "-" "Mozilla/5.0 (compatible; Googlebot/2.1; +http://www.google.com/bot.html)"
66.249.71.59 - - [31/May/2012:05:00:15 +0600] "GET /content/view/534/135/ HTTP/1.0" 200 5151 "-" "Mozilla/5.0 (compatible; Googlebot/2.1; +http://www.google.com/bot.html)"
178.154.163.30 - - [31/May/2012:05:01:10 +0600] "GET /content/view/483/66 HTTP/1.0" 200 7185 "-" "Mozilla/5.0 (compatible; YandexBot/3.0; +http://yandex.com/bots)"
66.249.66.77 - - [31/May/2012:05:01:20 +0600] "GET /content/view/405/124/ HTTP/1.0" 200 5148 "-" "Mozilla/5.0 (compatible; Googlebot/2.1; +http://www.google.com/bot.html)"
66.249.66.77 - - [31/May/2012:05:02:25 +0600] "GET /content/view/535/128/ HTTP/1.0" 200 5139 "-" "Mozilla/5.0 (compatible; Googlebot/2.1; +http://www.google.com/bot.html)"
66.249.71.59 - - [31/May/2012:05:03:52 +0600] "GET /content/view/561/1/ HTTP/1.0" 200 5558 "-" "Mozilla/5.0 (compatible; Googlebot/2.1; +http://www.google.com/bot.html)"
66.249.66.77 - - [31/May/2012:05:03:57 +0600] "GET /content/view/562/128/ HTTP/1.0" 200 5139 "-" "Mozilla/5.0 (compatible; Googlebot/2.1; +http://www.google.com/bot.html)"
66.249.71.59 - - [31/May/2012:05:04:57 +0600] "GET /content/view/560/147/ HTTP/1.0" 200 5151 "-" "Mozilla/5.0 (compatible; Googlebot/2.1; +http://www.google.com/bot.html)"
193.106.201.210 - - [31/May/2012:05:06:21 +0600] "GET /index.php HTTP/1.0" 200 24203 "http://csdb.ufanet.ru/index.php" "Mozilla/4.0 (compatible; MSIE 6.0; Windows NT 5.0)"
178.154.163.30 - - [31/May/2012:05:09:52 +0600] "GET /content/view/989/143/ HTTP/1.0" 200 5585 "-" "Mozilla/5.0 (compatible; YandexBot/3.0; +http://yandex.com/bots)"
64.121.56.246 - - [31/May/2012:05:13:21 +0600] "HEAD / HTTP/1.0" 200 - "-" "Mozilla/5.0 (compatible; pmoz.info ODP link checker; +http://pmoz.info/doc/botinfo.htm)"
66.249.66.77 - - [31/May/2012:05:13:58 +0600] "GET /content/view/534/152/ HTTP/1.0" 200 5154 "-" "Mozilla/5.0 (compatible; Googlebot/2.1; +http://www.google.com/bot.html)"
66.249.66.77 - - [31/May/2012:05:14:20 +0600] "GET /content/category/6/15/53/ HTTP/1.0" 200 5410 "-" "Mozilla/5.0 (compatible; Googlebot/2.1; +http://www.google.com/bot.html)"
66.249.66.77 - - [31/May/2012:05:16:53 +0600] "GET /content/view/534/71/ HTTP/1.0" 200 5149 "-" "Mozilla/5.0 (compatible; Googlebot/2.1; +http://www.google.com/bot.html)"
66.249.66.77 - - [31/May/2012:05:16:57 +0600] "GET /content/view/561/126/ HTTP/1.0" 200 5153 "-" "Mozilla/5.0 (compatible; Googlebot/2.1; +http://www.google.com/bot.html)"
178.154.163.30 - - [31/May/2012:05:18:31 +0600] "GET /content/view/989/132/ HTTP/1.0" 200 5572 "-" "Mozilla/5.0 (compatible; YandexBot/3.0; +http://yandex.com/bots)"
66.249.71.59 - - [31/May/2012:05:19:23 +0600] "GET /content/view/562/153/ HTTP/1.0" 200 5142 "-" "Mozilla/5.0 (compatible; Googlebot/2.1; +http://www.google.com/bot.html)"
66.249.66.77 - - [31/May/2012:05:20:49 +0600] "GET /content/view/562/140/ HTTP/1.0" 200 5151 "-" "Mozilla/5.0 (compatible; Googlebot/2.1; +http://www.google.com/bot.html)"
66.249.66.77 - - [31/May/2012:05:21:11 +0600] "GET /content/view/561/137/ HTTP/1.0" 200 5152 "-" "Mozilla/5.0 (compatible; Googlebot/2.1; +http://www.google.com/bot.html)"
66.249.66.77 - - [31/May/2012:05:21:54 +0600] "GET /content/view/580/105/ HTTP/1.0" 200 5145 "-" "Mozilla/5.0 (compatible; Googlebot/2.1; +http://www.google.com/bot.html)"
66.249.66.77 - - [31/May/2012:05:24:04 +0600] "GET /content/view/580/157/ HTTP/1.0" 200 5174 "-" "Mozilla/5.0 (compatible; Googlebot/2.1; +http://www.google.com/bot.html)"
66.249.66.77 - - [31/May/2012:05:25:20 +0600] "GET /content/view/403/124/ HTTP/1.0" 200 5149 "-" "Mozilla/5.0 (compatible; Googlebot/2.1; +http://www.google.com/bot.html)"
66.249.66.77 - - [31/May/2012:05:26:17 +0600] "GET /content/view/558/124/ HTTP/1.0" 200 5150 "-" "Mozilla/5.0 (compatible; Googlebot/2.1; +http://www.google.com/bot.html)"
178.154.163.30 - - [31/May/2012:05:27:08 +0600] "GET /content/view/648/ HTTP/1.0" 200 4078 "-" "Mozilla/5.0 (compatible; YandexBot/3.0; +http://yandex.com/bots)"
66.249.66.77 - - [31/May/2012:05:28:50 +0600] "GET /content/view/405/147/ HTTP/1.0" 200 5152 "-" "Mozilla/5.0 (compatible; Googlebot/2.1; +http://www.google.com/bot.html)"
66.249.66.77 - - [31/May/2012:05:29:31 +0600] "GET /content/view/659/160/ HTTP/1.0" 200 5188 "-" "Mozilla/5.0 (compatible; Googlebot/2.1; +http://www.google.com/bot.html)"
68.233.226.103 - - [31/May/2012:05:29:32 +0600] "GET /content/view/793/114/index.php?option=com_search&Itemid=5 HTTP/1.0" 200 16458 "-" "Mozilla/5.0 (Windows NT 5.1) AppleWebKit/535.2 (KHTML, like Gecko) Chrome/15.0.872.0 Safari/535.2"
95.108.129.207 - - [31/May/2012:05:30:35 +0600] "GET / HTTP/1.0" 200 24193 "-" "Mozilla/5.0 (compatible; YandexMetrika/2.0; +http://yandex.com/bots)"
66.249.66.77 - - [31/May/2012:05:32:03 +0600] "GET /content/view/659/90/ HTTP/1.0" 200 3584 "-" "Mozilla/5.0 (compatible; Googlebot/2.1; +http://www.google.com/bot.html)"
66.249.66.77 - - [31/May/2012:05:35:41 +0600] "GET /content/view/695/239/ HTTP/1.0" 200 3004 "-" "Mozilla/5.0 (compatible; Googlebot/2.1; +http://www.google.com/bot.html)"
178.154.163.30 - - [31/May/2012:05:36:16 +0600] "GET /content/view/742/223/ HTTP/1.0" 200 5999 "-" "Mozilla/5.0 (compatible; YandexBot/3.0; +http://yandex.com/bots)"
66.249.66.77 - - [31/May/2012:05:37:08 +0600] "GET /content/view/580/90/ HTTP/1.0" 200 3573 "-" "Mozilla/5.0 (compatible; Googlebot/2.1; +http://www.google.com/bot.html)"
66.249.66.77 - - [31/May/2012:05:38:37 +0600] "GET /content/view/795/105/ HTTP/1.0" 200 5144 "-" "Mozilla/5.0 (compatible; Googlebot/2.1; +http://www.google.com/bot.html)"
178.154.163.30 - - [31/May/2012:05:45:18 +0600] "GET /content/view/989/158/ HTTP/1.0" 200 5585 "-" "Mozilla/5.0 (compatible; YandexBot/3.0; +http://yandex.com/bots)"
66.249.66.77 - - [31/May/2012:05:45:19 +0600] "GET /content/view/723/64/ HTTP/1.0" 200 5148 "-" "Mozilla/5.0 (compatible; Googlebot/2.1; +http://www.google.com/bot.html)"
66.249.66.77 - - [31/May/2012:05:49:48 +0600] "GET /content/view/697/132/ HTTP/1.0" 200 5140 "-" "Mozilla/5.0 (compatible; Googlebot/2.1; +http://www.google.com/bot.html)"
66.249.66.77 - - [31/May/2012:05:51:50 +0600] "GET /content/view/697/219/ HTTP/1.0" 200 5145 "-" "Mozilla/5.0 (compatible; Googlebot/2.1; +http://www.google.com/bot.html)"
66.249.66.77 - - [31/May/2012:05:52:11 +0600] "GET /content/view/723/117/ HTTP/1.0" 200 5152 "-" "Mozilla/5.0 (compatible; Googlebot/2.1; +http://www.google.com/bot.html)"
66.249.66.77 - - [31/May/2012:05:52:20 +0600] "GET /content/view/728/135/ HTTP/1.0" 200 5149 "-" "Mozilla/5.0 (compatible; Googlebot/2.1; +http://www.google.com/bot.html)"
66.249.66.77 - - [31/May/2012:05:52:35 +0600] "GET /content/view/140/1/ HTTP/1.0" 200 6377 "-" "Mozilla/5.0 (compatible; Googlebot/2.1; +http://www.google.com/bot.html)"
66.249.71.59 - - [31/May/2012:05:52:46 +0600] "GET /content/view/293/1/ HTTP/1.0" 200 7069 "-" "Mozilla/5.0 (compatible; Googlebot/2.1; +http://www.google.com/bot.html)"
66.249.66.77 - - [31/May/2012:05:53:50 +0600] "GET /content/view/728/53/ HTTP/1.0" 200 5191 "-" "Mozilla/5.0 (compatible; Googlebot/2.1; +http://www.google.com/bot.html)"
78.37.156.123 - - [31/May/2012:05:54:00 +0600] "GET / HTTP/1.0" 200 6443 "http://kamkniga.ru/item1078.html" "Opera/9.80 (Windows NT 6.1; WOW64; U; ru) Presto/2.10.229 Version/11.64"
78.37.156.123 - - [31/May/2012:05:54:01 +0600] "GET /images/cgdb.swf HTTP/1.0" 200 19792297 "http://csdb.ufanet.ru/" "Opera/9.80 (Windows NT 6.1; WOW64; U; ru) Presto/2.10.229 Version/11.64"
78.37.156.123 - - [31/May/2012:05:54:07 +0600] "GET /content/view/382/158/ HTTP/1.0" 200 6391 "http://csdb.ufanet.ru/" "Opera/9.80 (Windows NT 6.1; WOW64; U; ru) Presto/2.10.229 Version/11.64"
78.37.156.123 - - [31/May/2012:05:54:08 +0600] "GET /%22%22%22%22%22http://csdb.ufanet.ru/templates/csdb/images/strelka.gif%22%22%22%22%22 HTTP/1.0" 404 392 "http://csdb.ufanet.ru/content/view/382/158/" "Opera/9.80 (Windows NT 6.1; WOW64; U; ru) Presto/2.10.229 Version/11.64"
78.37.156.123 - - [31/May/2012:05:54:11 +0600] "GET /content/category/4/16/160/ HTTP/1.0" 200 5347 "http://csdb.ufanet.ru/content/view/382/158/" "Opera/9.80 (Windows NT 6.1; WOW64; U; ru) Presto/2.10.229 Version/11.64"
66.249.66.77 - - [31/May/2012:05:54:11 +0600] "GET /content/view/751/156/ HTTP/1.0" 200 5152 "-" "Mozilla/5.0 (compatible; Googlebot/2.1; +http://www.google.com/bot.html)"
178.154.163.30 - - [31/May/2012:05:54:12 +0600] "GET /content/view/250/66 HTTP/1.0" 200 7095 "-" "Mozilla/5.0 (compatible; YandexBot/3.0; +http://yandex.com/bots)"
78.37.156.123 - - [31/May/2012:05:54:13 +0600] "GET /content/view/15/160/ HTTP/1.0" 200 5832 "http://csdb.ufanet.ru/content/category/4/16/160/" "Opera/9.80 (Windows NT 6.1; WOW64; U; ru) Presto/2.10.229 Version/11.64"
78.37.156.123 - - [31/May/2012:05:55:15 +0600] "GET /component/option,com_search/Itemid,5/ HTTP/1.0" 200 5639 "http://csdb.ufanet.ru/content/view/15/160/" "Opera/9.80 (Windows NT 6.1; WOW64; U; ru) Presto/2.10.229 Version/11.64"
78.37.156.123 - - [31/May/2012:05:55:17 +0600] "GET /component/option,com_contact/Itemid,3/ HTTP/1.0" 200 6593 "http://csdb.ufanet.ru/component/option,com_search/Itemid,5/" "Opera/9.80 (Windows NT 6.1; WOW64; U; ru) Presto/2.10.229 Version/11.64"
78.37.156.123 - - [31/May/2012:05:55:24 +0600] "GET /content/view/382/158/ HTTP/1.0" 200 6391 "http://csdb.ufanet.ru/component/option,com_contact/Itemid,3/" "Opera/9.80 (Windows NT 6.1; WOW64; U; ru) Presto/2.10.229 Version/11.64"
78.37.156.123 - - [31/May/2012:05:55:24 +0600] "GET /%22%22%22%22%22http://csdb.ufanet.ru/templates/csdb/images/strelka.gif%22%22%22%22%22 HTTP/1.0" 404 392 "http://csdb.ufanet.ru/content/view/382/158/" "Opera/9.80 (Windows NT 6.1; WOW64; U; ru) Presto/2.10.229 Version/11.64"
78.37.156.123 - - [31/May/2012:05:55:26 +0600] "GET /content/category/4/16/160/ HTTP/1.0" 200 5349 "http://csdb.ufanet.ru/content/view/382/158/" "Opera/9.80 (Windows NT 6.1; WOW64; U; ru) Presto/2.10.229 Version/11.64"
78.37.156.123 - - [31/May/2012:05:55:28 +0600] "GET /content/view/13/160/ HTTP/1.0" 200 6264 "http://csdb.ufanet.ru/content/category/4/16/160/" "Opera/9.80 (Windows NT 6.1; WOW64; U; ru) Presto/2.10.229 Version/11.64"
66.249.66.77 - - [31/May/2012:05:55:39 +0600] "GET /content/view/751/219/ HTTP/1.0" 200 5147 "-" "Mozilla/5.0 (compatible; Googlebot/2.1; +http://www.google.com/bot.html)"
46.30.167.163 - - [31/May/2012:05:55:44 +0600] "GET /index.php HTTP/1.0" 200 24243 "-" "Mozilla/4.0 (compatible; MSIE 6.0; Windows NT 5.1; SV1)"
78.37.156.123 - - [31/May/2012:05:57:20 +0600] "GET /content/view/13/51/ HTTP/1.0" 200 4224 "http://www.google.ru/url?sa=t&rct=j&q=&esrc=s&source=web&cd=2&ved=0CFYQFjAB&url=http%3A%2F%2Fcsdb.ufanet.ru%2Fcontent%2Fview%2F13%2F51%2F&ei=3bPGT673Cab54QTIv9jfCg&usg=AFQjCNEqlhF4WC1Oo6MkgF7BsL2MGFuOnw&sig2=6etZ7rB0mrviSmdQ2b9m8g" "Opera/9.80 (Windows NT 6.1; WOW64; U; ru) Presto/2.10.229 Version/11.64"
78.37.156.123 - - [31/May/2012:05:57:40 +0600] "GET /index.php?option=com_content&task=view&id=85&Itemid=62 HTTP/1.0" 200 8935 "http://www.google.ru/url?sa=t&rct=j&q=&esrc=s&source=web&cd=2&ved=0CFIQFjAB&url=http%3A%2F%2Fcsdb.ufanet.ru%2Findex.php%3Foption%3Dcom_content%26task%3Dview%26id%3D85%26Itemid%3D62&ei=7LPGT57HMvD04QThoeiLCw&usg=AFQjCNFE0zCyihKiFldMtRvAw51z5a1pnw&sig2=wj6lAU6_HqKjwe_d2ySNCg" "Opera/9.80 (Windows NT 6.1; WOW64; U; ru) Presto/2.10.229 Version/11.64"
78.37.156.123 - - [31/May/2012:05:58:14 +0600] "GET /content/section/8/55/ HTTP/1.0" 200 5239 "http://csdb.ufanet.ru/component/option,com_contact/Itemid,3/" "Opera/9.80 (Windows NT 6.1; WOW64; U; ru) Presto/2.10.229 Version/11.64"
78.37.156.123 - - [31/May/2012:06:00:12 +0600] "GET /content/view/12/160/ HTTP/1.0" 200 7437 "http://csdb.ufanet.ru/content/view/13/160/" "Opera/9.80 (Windows NT 6.1; WOW64; U; ru) Presto/2.10.229 Version/11.64"
66.249.66.77 - - [31/May/2012:06:01:06 +0600] "GET /content/view/752/110/ HTTP/1.0" 200 5148 "-" "Mozilla/5.0 (compatible; Googlebot/2.1; +http://www.google.com/bot.html)"
78.37.156.123 - - [31/May/2012:06:01:48 +0600] "GET /content/section/6/53/ HTTP/1.0" 200 5235 "http://csdb.ufanet.ru/content/section/8/55/" "Opera/9.80 (Windows NT 6.1; WOW64; U; ru) Presto/2.10.229 Version/11.64"
78.37.156.123 - - [31/May/2012:06:01:51 +0600] "GET /content/category/6/21/53/ HTTP/1.0" 200 5314 "http://csdb.ufanet.ru/content/section/6/53/" "Opera/9.80 (Windows NT 6.1; WOW64; U; ru) Presto/2.10.229 Version/11.64"
78.37.156.123 - - [31/May/2012:06:01:52 +0600] "GET /content/view/63/53/ HTTP/1.0" 200 5772 "http://csdb.ufanet.ru/content/category/6/21/53/" "Opera/9.80 (Windows NT 6.1; WOW64; U; ru) Presto/2.10.229 Version/11.64"
78.37.156.123 - - [31/May/2012:06:01:55 +0600] "GET /content/view/382/158/ HTTP/1.0" 200 6390 "http://csdb.ufanet.ru/content/view/63/53/" "Opera/9.80 (Windows NT 6.1; WOW64; U; ru) Presto/2.10.229 Version/11.64"
78.37.156.123 - - [31/May/2012:06:01:55 +0600] "GET /%22%22%22%22%22http://csdb.ufanet.ru/templates/csdb/images/strelka.gif%22%22%22%22%22 HTTP/1.0" 404 392 "http://csdb.ufanet.ru/content/view/382/158/" "Opera/9.80 (Windows NT 6.1; WOW64; U; ru) Presto/2.10.229 Version/11.64"
78.37.156.123 - - [31/May/2012:06:02:00 +0600] "GET /component/option,com_wrapper/Itemid,235/ HTTP/1.0" 200 4512 "http://csdb.ufanet.ru/content/view/382/158/" "Opera/9.80 (Windows NT 6.1; WOW64; U; ru) Presto/2.10.229 Version/11.64"
78.37.156.123 - - [31/May/2012:06:02:01 +0600] "GET /cgi-bin/zgate?Init+test.xml,simple.xsl+rus HTTP/1.0" 200 5033 "http://csdb.ufanet.ru/component/option,com_wrapper/Itemid,235/" "Opera/9.80 (Windows NT 6.1; WOW64; U; ru) Presto/2.10.229 Version/11.64"
78.37.156.123 - - [31/May/2012:06:02:04 +0600] "GET /component/option,com_contact/Itemid,3/ HTTP/1.0" 200 6598 "http://csdb.ufanet.ru/component/option,com_wrapper/Itemid,235/" "Opera/9.80 (Windows NT 6.1; WOW64; U; ru) Presto/2.10.229 Version/11.64"
66.249.66.77 - - [31/May/2012:06:02:11 +0600] "GET /content/view/775/157/ HTTP/1.0" 200 5164 "-" "Mozilla/5.0 (compatible; Googlebot/2.1; +http://www.google.com/bot.html)"
178.154.163.30 - - [31/May/2012:06:02:25 +0600] "GET /content/view/13/51/ HTTP/1.0" 200 4238 "-" "Mozilla/5.0 (compatible; YandexBot/3.0; +http://yandex.com/bots)"
78.37.156.123 - - [31/May/2012:06:03:29 +0600] "GET / HTTP/1.0" 200 6443 "http://csdb.ufanet.ru/index.php?option=com_content&task=view&id=85&Itemid=62" "Opera/9.80 (Windows NT 6.1; WOW64; U; ru) Presto/2.10.229 Version/11.64"
78.37.156.123 - - [31/May/2012:06:03:29 +0600] "GET /images/cgdb.swf HTTP/1.0" 200 19792297 "http://csdb.ufanet.ru/" "Opera/9.80 (Windows NT 6.1; WOW64; U; ru) Presto/2.10.229 Version/11.64"
78.37.156.123 - - [31/May/2012:06:03:49 +0600] "GET /images/cgdb.swf HTTP/1.0" 200 19792297 "http://csdb.ufanet.ru/" "Opera/9.80 (Windows NT 6.1; WOW64; U; ru) Presto/2.10.229 Version/11.64"
78.37.156.123 - - [31/May/2012:06:03:52 +0600] "GET /content/section/8/55/ HTTP/1.0" 200 5241 "http://csdb.ufanet.ru/" "Opera/9.80 (Windows NT 6.1; WOW64; U; ru) Presto/2.10.229 Version/11.64"
78.37.156.123 - - [31/May/2012:06:04:00 +0600] "GET /content/category/8/23/55/ HTTP/1.0" 200 5318 "http://csdb.ufanet.ru/content/section/8/55/" "Opera/9.80 (Windows NT 6.1; WOW64; U; ru) Presto/2.10.229 Version/11.64"
78.37.156.123 - - [31/May/2012:06:04:02 +0600] "GET /content/view/77/55/ HTTP/1.0" 200 5920 "http://csdb.ufanet.ru/content/category/8/23/55/" "Opera/9.80 (Windows NT 6.1; WOW64; U; ru) Presto/2.10.229 Version/11.64"
66.249.66.77 - - [31/May/2012:06:04:44 +0600] "GET /content/view/773/1/ HTTP/1.0" 200 5584 "-" "Mozilla/5.0 (compatible; Googlebot/2.1; +http://www.google.com/bot.html)"
78.37.156.123 - - [31/May/2012:06:04:48 +0600] "GET /content/category/4/16/160/ HTTP/1.0" 200 5349 "http://csdb.ufanet.ru/content/view/15/160/" "Opera/9.80 (Windows NT 6.1; WOW64; U; ru) Presto/2.10.229 Version/11.64"
78.37.156.123 - - [31/May/2012:06:04:51 +0600] "GET /content/view/13/160/ HTTP/1.0" 200 6265 "http://csdb.ufanet.ru/content/category/4/16/160/" "Opera/9.80 (Windows NT 6.1; WOW64; U; ru) Presto/2.10.229 Version/11.64"
