178.154.163.30 - - [30/May/2012:11:33:50 +0600] "GET /content/view/793/105/ HTTP/1.0" 200 5145 "-" "Mozilla/5.0 (compatible; YandexBot/3.0; +http://yandex.com/bots)"
66.249.66.77 - - [30/May/2012:11:34:45 +0600] "GET /content/view/316/5/ HTTP/1.0" 200 5910 "-" "Mozilla/5.0 (compatible; Googlebot/2.1; +http://www.google.com/bot.html)"
213.174.154.216 - - [30/May/2012:11:35:16 +0600] "GET / HTTP/1.0" 200 24243 "http://china.yandex.ru" "yandexbot/Made in China"
178.154.163.30 - - [30/May/2012:11:35:23 +0600] "GET /content/view/991/66/ HTTP/1.0" 200 6151 "-" "Mozilla/5.0 (compatible; YandexBot/3.0; +http://yandex.com/bots)"
213.174.154.216 - - [30/May/2012:11:35:46 +0600] "GET /content/view/983/66/ HTTP/1.0" 200 22030 "http://china.yandex.ru" "yandexbot/Made in China"
178.154.163.30 - - [30/May/2012:11:37:02 +0600] "GET /content/view/920/66/ HTTP/1.0" 200 6737 "-" "Mozilla/5.0 (compatible; YandexBot/3.0; +http://yandex.com/bots)"
178.154.163.30 - - [30/May/2012:11:38:30 +0600] "GET /content/view/286/149/ HTTP/1.0" 200 8621 "-" "Mozilla/5.0 (compatible; YandexBot/3.0; +http://yandex.com/bots)"
178.154.163.30 - - [30/May/2012:11:39:28 +0600] "GET /content/view/53/47 HTTP/1.0" 200 7418 "-" "Mozilla/5.0 (compatible; YandexDirect/3.0; +http://yandex.com/bots)"
178.154.163.30 - - [30/May/2012:11:40:57 +0600] "GET /content/view/670/66/ HTTP/1.0" 200 6316 "-" "Mozilla/5.0 (compatible; YandexBot/3.0; +http://yandex.com/bots)"
217.69.135.29 - - [30/May/2012:11:41:29 +0600] "HEAD / HTTP/1.0" 200 - "-" "Mozilla/5.0 (Windows; U; Windows NT 6.0; ru; rv:1.9.1.3) Gecko/20090824 MRA 5.5 (build 02812) Firefox/3.5.3 MRSpy/0.3.11 (.NET CLR 3.5.30729)"
178.154.163.30 - - [30/May/2012:11:42:30 +0600] "GET /content/view/811/256/ HTTP/1.0" 200 5645 "-" "Mozilla/5.0 (compatible; YandexBot/3.0; +http://yandex.com/bots)"
95.27.105.87 - - [30/May/2012:11:42:37 +0600] "GET /content/category/20/51/239 HTTP/1.0" 200 51150 "http://yandex.ru/yandsearch?text=%e2%e0%f0%f2%e0%ed%ee%e2+%e0%f0%f2%e5%ec+%e8%e2%e0%ed%ee%e2%e8%f7" "Mozilla/4.0 (compatible; MSIE 7.0; Windows NT 5.1; .NET CLR 2.0.50727; .NET CLR 3.0.4506.2152; .NET CLR 3.5.30729)"
157.55.17.103 - - [30/May/2012:11:42:55 +0600] "GET /content/view/103/152/ HTTP/1.0" 200 10880 "-" "Mozilla/5.0 (compatible; bingbot/2.0; +http://www.bing.com/bingbot.htm)"
66.249.66.77 - - [30/May/2012:11:44:00 +0600] "GET /content/view/145/5/ HTTP/1.0" 200 7839 "-" "Mozilla/5.0 (compatible; Googlebot/2.1; +http://www.google.com/bot.html)"
66.249.71.59 - - [30/May/2012:11:44:11 +0600] "GET /content/view/696/90/ HTTP/1.0" 200 4419 "-" "Mozilla/5.0 (compatible; Googlebot/2.1; +http://www.google.com/bot.html)"
178.154.163.30 - - [30/May/2012:11:44:20 +0600] "GET /content/view/523/210/ HTTP/1.0" 200 4390 "-" "Mozilla/5.0 (compatible; YandexBot/3.0; +http://yandex.com/bots)"
66.249.66.77 - - [30/May/2012:11:47:11 +0600] "GET /content/view/358/5/ HTTP/1.0" 200 6146 "-" "Mozilla/5.0 (compatible; Googlebot/2.1; +http://www.google.com/bot.html)"
178.154.163.30 - - [30/May/2012:11:47:19 +0600] "GET /content/view/897/66 HTTP/1.0" 200 5968 "-" "Mozilla/5.0 (compatible; YandexBot/3.0; +http://yandex.com/bots)"
94.41.150.232 - - [30/May/2012:11:48:01 +0600] "GET /administrator/ HTTP/1.0" 200 1314 "-" "Mozilla/5.0 (Windows NT 6.1; WOW64; rv:12.0) Gecko/20100101 Firefox/12.0"
94.41.150.232 - - [30/May/2012:11:48:13 +0600] "POST /administrator/index.php HTTP/1.0" 200 54 "http://csdb.ufanet.ru/administrator/" "Mozilla/5.0 (Windows NT 6.1; WOW64; rv:12.0) Gecko/20100101 Firefox/12.0"
94.41.150.232 - - [30/May/2012:11:48:13 +0600] "GET /administrator/index2.php HTTP/1.0" 200 6557 "http://csdb.ufanet.ru/administrator/index.php" "Mozilla/5.0 (Windows NT 6.1; WOW64; rv:12.0) Gecko/20100101 Firefox/12.0"
94.41.150.232 - - [30/May/2012:11:48:19 +0600] "GET /administrator/index2.php?option=com_content&sectionid=1 HTTP/1.0" 200 9116 "http://csdb.ufanet.ru/administrator/index2.php" "Mozilla/5.0 (Windows NT 6.1; WOW64; rv:12.0) Gecko/20100101 Firefox/12.0"
94.41.150.232 - - [30/May/2012:11:48:28 +0600] "POST /administrator/index2.php?option=com_content HTTP/1.0" 200 9157 "http://csdb.ufanet.ru/administrator/index2.php?option=com_content&sectionid=1" "Mozilla/5.0 (Windows NT 6.1; WOW64; rv:12.0) Gecko/20100101 Firefox/12.0"
109.184.226.151 - - [30/May/2012:11:48:30 +0600] "GET /content/view/53/47/ HTTP/1.0" 200 7421 "http://go.mail.ru/search?q=%D1%81%D1%86%D0%B5%D0%BD%D0%B0%D1%80%D0%B8%D0%B9%20%D0%B1%D0%B8%D0%B1%D0%BB%D0%B8%D0%BE%D1%82%D0%B5%D1%87%D0%BD%D0%BE%D0%B3%D0%BE%20%D0%BC%D0%B5%D1%80%D0%BE%D0%BF%D1%80%D0%B8%D1%8F%D1%82%D0%B8%D1%8F%20%20%D0%BA%20%D0%B4%D0%BD%D1%8E%20%D0%B7%D0%B0%D1%89%D0%B8%D1%82%D1%8B%20%D0%B4%D0%B5%D1%82%D0%B5&num=10&rch=e&sf=10" "Mozilla/5.0 (Windows NT 5.1) AppleWebKit/535.7 (KHTML, like Gecko) Chrome/16.0.912.77 Safari/535.7"
94.41.150.232 - - [30/May/2012:11:48:31 +0600] "POST /administrator/index2.php?option=com_content HTTP/1.0" 200 49905 "http://csdb.ufanet.ru/administrator/index2.php?option=com_content" "Mozilla/5.0 (Windows NT 6.1; WOW64; rv:12.0) Gecko/20100101 Firefox/12.0"
66.249.66.77 - - [30/May/2012:11:48:51 +0600] "GET /content/view/579/5/ HTTP/1.0" 200 5959 "-" "Mozilla/5.0 (compatible; Googlebot/2.1; +http://www.google.com/bot.html)"
178.154.163.30 - - [30/May/2012:11:49:25 +0600] "GET /content/view/747/66/ HTTP/1.0" 200 6015 "-" "Mozilla/5.0 (compatible; YandexBot/3.0; +http://yandex.com/bots)"
95.108.141.3 - - [30/May/2012:11:49:33 +0600] "HEAD /content/category/7/20/52/ HTTP/1.0" 200 - "-" "Mozilla/5.0 (compatible; YandexSitelinks; Dyatel; +http://yandex.com/bots)"
94.41.150.232 - - [30/May/2012:11:50:13 +0600] "POST /administrator/index2.php HTTP/1.0" 301 - "http://csdb.ufanet.ru/administrator/index2.php?option=com_content" "Mozilla/5.0 (Windows NT 6.1; WOW64; rv:12.0) Gecko/20100101 Firefox/12.0"
94.41.150.232 - - [30/May/2012:11:50:13 +0600] "GET /administrator/index2.php?option=com_content&sectionid=1&mosmsg=%D3%F1%EF%E5%F8%ED%EE+%F1%EE%F5%F0%E0%ED%E5%ED%EE%3A+%AB%C0%E7+%E4%E0+%E1%F3%EA%E8+%E2%E5%E4%F3%F2+%EA+%ED%E0%F3%EA%E5%BB HTTP/1.0" 200 9159 "http://csdb.ufanet.ru/administrator/index2.php?option=com_content" "Mozilla/5.0 (Windows NT 6.1; WOW64; rv:12.0) Gecko/20100101 Firefox/12.0"
85.26.232.159 - - [30/May/2012:11:50:57 +0600] "GET /content/view/127/130/ HTTP/1.0" 200 17456 "http://www.google.ru/search?hl=ru&newwindow=1&client=ms-android-sonyericsson&gl=ru&source=android-launcher-search&sky=mrdr&q=%D0%BC%D1%83%D1%81%D1%82%D0%B0%D0%B9+%D0%BA%D0%B0%D1%80%D0%B8%D0%BC+%D1%82%D1%80%D0%B8+%D0%B4%D0%BD%D1%8F+%D0%BF%D0%BE%D0%B4%D1%80%D1%8F%D0%B4&oq=%D1%82%D1%80%D0%B8+%D0%B4%D0%BD%D1%8F+%D0%BF%D0%BE%D0%B4%D1%80%D1%8F%D0%B4+%D0%BC%D1%83%D1%81%D1%82%D0%B0%D0%B9+&aq=0bK&aqi=g-bK1&aql=&gs_l=mobile-gws-serp.1.0.0i8i30.5656.14628.0.16182.8.8.0.0.0.0.1493.4588.1j5-1j0j3.5.0...0.0.SmFHCXTGot4" "Mozilla/5.0 (Linux; U; Android 2.1-update1; ru-ru; SonyEricssonE15i Build/2.1.1.A.0.6) AppleWebKit/530.17 (KHTML, like Gecko) Version/4.0 Mobile Safari/530.17"
66.249.66.77 - - [30/May/2012:11:51:11 +0600] "GET /content/view/661/67/ HTTP/1.0" 200 4032 "-" "Mozilla/5.0 (compatible; Googlebot/2.1; +http://www.google.com/bot.html)"
94.41.150.232 - - [30/May/2012:11:52:15 +0600] "GET /administrator/index2.php?option=com_content&sectionid=1&task=edit&hidemainmenu=1&id=995 HTTP/1.0" 200 58400 "http://csdb.ufanet.ru/administrator/index2.php?option=com_content&sectionid=1&mosmsg=%D3%F1%EF%E5%F8%ED%EE+%F1%EE%F5%F0%E0%ED%E5%ED%EE%3A+%AB%C0%E7+%E4%E0+%E1%F3%EA%E8+%E2%E5%E4%F3%F2+%EA+%ED%E0%F3%EA%E5%BB" "Mozilla/5.0 (Windows NT 6.1; WOW64; rv:12.0) Gecko/20100101 Firefox/12.0"
94.41.150.232 - - [30/May/2012:11:52:22 +0600] "POST /administrator/index2.php HTTP/1.0" 301 - "http://csdb.ufanet.ru/administrator/index2.php?option=com_content&sectionid=1&task=edit&hidemainmenu=1&id=995" "Mozilla/5.0 (Windows NT 6.1; WOW64; rv:12.0) Gecko/20100101 Firefox/12.0"
94.41.150.232 - - [30/May/2012:11:52:22 +0600] "GET /administrator/index2.php?option=com_content&sectionid=1 HTTP/1.0" 200 9132 "http://csdb.ufanet.ru/administrator/index2.php?option=com_content&sectionid=1&task=edit&hidemainmenu=1&id=995" "Mozilla/5.0 (Windows NT 6.1; WOW64; rv:12.0) Gecko/20100101 Firefox/12.0"
94.41.150.232 - - [30/May/2012:11:52:26 +0600] "POST /administrator/index2.php?option=com_content HTTP/1.0" 301 - "http://csdb.ufanet.ru/administrator/index2.php?option=com_content&sectionid=1" "Mozilla/5.0 (Windows NT 6.1; WOW64; rv:12.0) Gecko/20100101 Firefox/12.0"
94.41.150.232 - - [30/May/2012:11:52:26 +0600] "GET /administrator/index2.php?option=com_content&sectionid=1&mosmsg=1%20%CE%E1%FA%E5%EA%F2(%FB)%20%F3%F1%EF%E5%F8%ED%EE%20%F1%ED%FF%F2(%FB)%20%F1%20%EF%F3%E1%EB%E8%EA%E0%F6%E8%E8 HTTP/1.0" 200 9170 "http://csdb.ufanet.ru/administrator/index2.php?option=com_content&sectionid=1" "Mozilla/5.0 (Windows NT 6.1; WOW64; rv:12.0) Gecko/20100101 Firefox/12.0"
94.41.150.232 - - [30/May/2012:11:52:30 +0600] "GET /administrator/index2.php?option=com_content&sectionid=1&task=edit&hidemainmenu=1&id=995 HTTP/1.0" 200 58400 "http://csdb.ufanet.ru/administrator/index2.php?option=com_content&sectionid=1&mosmsg=1%20%CE%E1%FA%E5%EA%F2(%FB)%20%F3%F1%EF%E5%F8%ED%EE%20%F1%ED%FF%F2(%FB)%20%F1%20%EF%F3%E1%EB%E8%EA%E0%F6%E8%E8" "Mozilla/5.0 (Windows NT 6.1; WOW64; rv:12.0) Gecko/20100101 Firefox/12.0"
94.41.150.232 - - [30/May/2012:11:52:55 +0600] "POST /administrator/index2.php HTTP/1.0" 301 - "http://csdb.ufanet.ru/administrator/index2.php?option=com_content&sectionid=1&task=edit&hidemainmenu=1&id=995" "Mozilla/5.0 (Windows NT 6.1; WOW64; rv:12.0) Gecko/20100101 Firefox/12.0"
94.41.150.232 - - [30/May/2012:11:52:55 +0600] "GET /administrator/index2.php?option=com_content&sectionid=1 HTTP/1.0" 200 9139 "http://csdb.ufanet.ru/administrator/index2.php?option=com_content&sectionid=1&task=edit&hidemainmenu=1&id=995" "Mozilla/5.0 (Windows NT 6.1; WOW64; rv:12.0) Gecko/20100101 Firefox/12.0"
178.154.163.30 - - [30/May/2012:11:53:04 +0600] "GET /content/view/39/160/ HTTP/1.0" 200 5821 "-" "Mozilla/5.0 (compatible; YandexBot/3.0; +http://yandex.com/bots)"
94.41.150.232 - - [30/May/2012:11:54:24 +0600] "GET /administrator/index2.php?option=logout HTTP/1.0" 301 - "http://csdb.ufanet.ru/administrator/index2.php?option=com_content&sectionid=1" "Mozilla/5.0 (Windows NT 6.1; WOW64; rv:12.0) Gecko/20100101 Firefox/12.0"
94.41.150.232 - - [30/May/2012:11:54:24 +0600] "GET /administrator/index.php HTTP/1.0" 200 1314 "http://csdb.ufanet.ru/administrator/index2.php?option=com_content&sectionid=1" "Mozilla/5.0 (Windows NT 6.1; WOW64; rv:12.0) Gecko/20100101 Firefox/12.0"
178.154.163.30 - - [30/May/2012:11:54:47 +0600] "GET /content/view/241/66/ HTTP/1.0" 200 5833 "-" "Mozilla/5.0 (compatible; YandexBot/3.0; +http://yandex.com/bots)"
178.154.163.30 - - [30/May/2012:11:56:19 +0600] "GET /content/view/991/66/ HTTP/1.0" 200 6153 "-" "Mozilla/5.0 (compatible; YandexBot/3.0; +http://yandex.com/bots)"
109.187.244.36 - - [30/May/2012:11:56:59 +0600] "GET /content/view/284/ HTTP/1.0" 200 6152 "http://search.qip.ru/search/3?query=%D0%BE%D1%84%D0%BE%D1%80%D0%BC%D0%BB%D0%B5%D0%BD%D0%B8%D0%B5+%D0%B4%D0%B5%D1%82%D1%81%D0%BA%D0%BE%D0%B3%D0%BE+%D1%83%D0%B3%D0%BE%D0%BB%D0%BA%D0%B0+%D1%83%D1%84%D0%B0&sort=rlv" "Mozilla/5.0 (compatible; MSIE 9.0; Windows NT 6.1; Trident/5.0)"
109.187.244.36 - - [30/May/2012:11:57:47 +0600] "GET /content/view/794/ HTTP/1.0" 200 4650 "http://csdb.ufanet.ru/content/view/284/" "Mozilla/5.0 (compatible; MSIE 9.0; Windows NT 6.1; Trident/5.0)"
178.154.163.30 - - [30/May/2012:11:57:53 +0600] "GET /files/scen_prazd/dorogavkosmos.pdf HTTP/1.0" 304 - "-" "Mozilla/5.0 (compatible; YandexBot/3.0; +http://yandex.com/bots)"
109.187.244.36 - - [30/May/2012:11:58:23 +0600] "GET /content/view/989/ HTTP/1.0" 200 4494 "http://csdb.ufanet.ru/content/view/794/" "Mozilla/5.0 (compatible; MSIE 9.0; Windows NT 6.1; Trident/5.0)"
66.249.66.77 - - [30/May/2012:11:59:20 +0600] "GET /content/view/567/5/ HTTP/1.0" 200 5907 "-" "Mozilla/5.0 (compatible; Googlebot/2.1; +http://www.google.com/bot.html)"
74.125.18.154 - - [30/May/2012:11:59:22 +0600] "GET /content/view/282/120/ HTTP/1.0" 200 32345 "http://www.google.com/search" "Mozilla/5.0 (X11; Linux x86_64) AppleWebKit/535.1 (KHTML, like Gecko; Google Web Preview) Chrome/12.0.742 Safari/535.1"
178.154.163.30 - - [30/May/2012:11:59:43 +0600] "GET /content/view/529/66/ HTTP/1.0" 200 6265 "-" "Mozilla/5.0 (compatible; YandexBot/3.0; +http://yandex.com/bots)"
66.249.66.77 - - [30/May/2012:11:59:45 +0600] "GET /content/view/649/5/ HTTP/1.0" 200 6097 "-" "Mozilla/5.0 (compatible; Googlebot/2.1; +http://www.google.com/bot.html)"
178.154.163.30 - - [30/May/2012:12:01:08 +0600] "GET /content/view/783/150/ HTTP/1.0" 200 5150 "-" "Mozilla/5.0 (compatible; YandexBot/3.0; +http://yandex.com/bots)"
66.249.66.77 - - [30/May/2012:12:01:22 +0600] "GET /content/view/665/67/ HTTP/1.0" 200 3876 "-" "Mozilla/5.0 (compatible; Googlebot/2.1; +http://www.google.com/bot.html)"
66.249.66.77 - - [30/May/2012:12:01:46 +0600] "GET /content/view/98/ HTTP/1.0" 200 4715 "-" "Mozilla/5.0 (compatible; Googlebot/2.1; +http://www.google.com/bot.html)"
94.41.150.232 - - [30/May/2012:12:02:04 +0600] "GET / HTTP/1.0" 200 6489 "-" "Mozilla/5.0 (Windows NT 6.1; WOW64) AppleWebKit/536.5 (KHTML, like Gecko) Chrome/19.0.1084.52 Safari/536.5"
94.41.150.232 - - [30/May/2012:12:02:07 +0600] "GET /mb38/ HTTP/1.0" 200 14902 "http://csdb.ufanet.ru/" "Mozilla/5.0 (Windows NT 6.1; WOW64) AppleWebKit/536.5 (KHTML, like Gecko) Chrome/19.0.1084.52 Safari/536.5"
94.41.150.232 - - [30/May/2012:12:02:07 +0600] "GET /images/mb/img38/free_access.swf HTTP/1.0" 200 7947129 "http://csdb.ufanet.ru/mb38/" "Mozilla/5.0 (Windows NT 6.1; WOW64) AppleWebKit/536.5 (KHTML, like Gecko) Chrome/19.0.1084.52 Safari/536.5"
178.154.163.30 - - [30/May/2012:12:02:25 +0600] "GET /content/view/249/66/ HTTP/1.0" 200 5853 "-" "Mozilla/5.0 (compatible; YandexBot/3.0; +http://yandex.com/bots)"
178.154.163.30 - - [30/May/2012:12:04:00 +0600] "GET / HTTP/1.0" 200 6485 "-" "Mozilla/5.0 (compatible; YandexDirect/3.0; +http://yandex.com/bots)"
109.207.13.67 - - [30/May/2012:12:04:06 +0600] "GET /content/view/243/52/content/view/950/1/content/view/794/1/content/view/811/1/content/view/793/1/content/view/794/1/content/view/794/1/content/view/811/1/content/view/794/1/content/view/793/1/content/view/811/1/files/ucazatel/territo HTTP/1.0" 200 5558 "-" "Mozilla/5.0 (X11; U; Linux x86_64; en-US) AppleWebKit/533.3 (KHTML, like Gecko) Qt/4.7.1 Safari/533.3"
109.207.13.67 - - [30/May/2012:12:04:10 +0600] "GET /content/view/356/86/content/view/793/1/content/view/952/1/ HTTP/1.0" 200 11275 "-" "Mozilla/5.0 (X11; U; Linux x86_64; en-US) AppleWebKit/533.3 (KHTML, like Gecko) Qt/4.7.1 Safari/533.3"
109.207.13.67 - - [30/May/2012:12:04:13 +0600] "GET /content/view/243/52/content/view/950/1/content/view/811/1/content/view/811/1/content/view/794/1/content/view/794/1/content/view/793/1/content/view/794/1/content/view/811/1/content/view/811/1/content/view/794/1/content/view/794/1/ HTTP/1.0" 200 5558 "-" "Mozilla/5.0 (X11; U; Linux x86_64; en-US) AppleWebKit/533.3 (KHTML, like Gecko) Qt/4.7.1 Safari/533.3"
109.207.13.67 - - [30/May/2012:12:04:18 +0600] "GET /content/view/243/52/content/view/950/1/content/view/794/1/content/view/811/1/content/view/793/1/content/view/794/1/content/view/794/1/content/view/793/1/content/view/794/1/content/view/794/1/content/view/794/1/files/ucazatel/territo HTTP/1.0" 200 5558 "-" "Mozilla/5.0 (X11; U; Linux x86_64; en-US) AppleWebKit/533.3 (KHTML, like Gecko) Qt/4.7.1 Safari/533.3"
109.207.13.67 - - [30/May/2012:12:04:23 +0600] "GET /content/view/243/52/content/view/950/1/content/view/793/1/content/view/793/1/content/view/793/1/content/view/811/1/content/view/794/1/content/view/811/1/content/view/794/1/content/view/794/1/content/view/793/1/content/view/811/1/con HTTP/1.0" 200 5558 "-" "Mozilla/5.0 (X11; U; Linux x86_64; en-US) AppleWebKit/533.3 (KHTML, like Gecko) Qt/4.7.1 Safari/533.3"
109.207.13.67 - - [30/May/2012:12:04:27 +0600] "GET /content/view/22/157/content/view/794/1/ HTTP/1.0" 200 4816 "-" "Mozilla/5.0 (X11; U; Linux x86_64; en-US) AppleWebKit/533.3 (KHTML, like Gecko) Qt/4.7.1 Safari/533.3"
109.207.13.67 - - [30/May/2012:12:04:32 +0600] "GET /content/view/243/52/content/view/950/1/content/view/794/1/content/view/811/1/content/view/811/1/content/view/811/1/content/view/793/1/content/view/811/1/content/view/793/1/content/view/793/1/content/view/811/1/content/view/794/1/fil HTTP/1.0" 200 5558 "-" "Mozilla/5.0 (X11; U; Linux x86_64; en-US) AppleWebKit/533.3 (KHTML, like Gecko) Qt/4.7.1 Safari/533.3"
66.249.66.77 - - [30/May/2012:12:04:35 +0600] "GET /content/view/565/ HTTP/1.0" 200 4789 "-" "Mozilla/5.0 (compatible; Googlebot/2.1; +http://www.google.com/bot.html)"
109.207.13.67 - - [30/May/2012:12:04:36 +0600] "GET /content/view/243/52/content/view/950/1/content/view/811/1/content/view/811/1/content/view/793/1/content/view/793/1/content/view/794/1/content/view/794/1/content/view/793/1/content/view/793/1/content/view/811/1/content/view/811/1/con HTTP/1.0" 200 5558 "-" "Mozilla/5.0 (X11; U; Linux x86_64; en-US) AppleWebKit/533.3 (KHTML, like Gecko) Qt/4.7.1 Safari/533.3"
109.207.13.67 - - [30/May/2012:12:04:39 +0600] "GET /content/view/22/157/content/view/940/1/content/view/952/1/content/view/952/1/content/view/793/1/ HTTP/1.0" 200 4815 "-" "Mozilla/5.0 (X11; U; Linux x86_64; en-US) AppleWebKit/533.3 (KHTML, like Gecko) Qt/4.7.1 Safari/533.3"
109.207.13.67 - - [30/May/2012:12:04:44 +0600] "GET /content/view/243/52/content/view/950/1/content/view/794/1/content/view/793/1/content/view/793/1/content/view/794/1/content/view/811/1/content/view/793/1/content/view/793/1/content/view/811/1/content/view/794/1/ HTTP/1.0" 200 5558 "-" "Mozilla/5.0 (X11; U; Linux x86_64; en-US) AppleWebKit/533.3 (KHTML, like Gecko) Qt/4.7.1 Safari/533.3"
66.249.66.77 - - [30/May/2012:12:05:24 +0600] "GET /content/view/651/ HTTP/1.0" 200 5318 "-" "Mozilla/5.0 (compatible; Googlebot/2.1; +http://www.google.com/bot.html)"
178.154.163.30 - - [30/May/2012:12:05:39 +0600] "GET /content/view/775/129/ HTTP/1.0" 200 5156 "-" "Mozilla/5.0 (compatible; YandexBot/3.0; +http://yandex.com/bots)"
159.224.88.20 - - [30/May/2012:12:05:44 +0600] "GET / HTTP/1.0" 200 6486 "-" "Mozilla/4.0 (compatible; MSIE 6.0; Windows NT 5.1; SV1)"
109.187.244.36 - - [30/May/2012:12:06:14 +0600] "GET /content/view/982/ HTTP/1.0" 200 5089 "http://csdb.ufanet.ru/content/view/989/" "Mozilla/5.0 (compatible; MSIE 9.0; Windows NT 6.1; Trident/5.0)"
109.187.244.36 - - [30/May/2012:12:07:06 +0600] "GET /content/view/982/ HTTP/1.0" 200 5088 "http://csdb.ufanet.ru/content/view/989/" "Mozilla/5.0 (compatible; MSIE 9.0; Windows NT 6.1; Trident/5.0)"
178.154.163.30 - - [30/May/2012:12:07:10 +0600] "GET /content/view/438/66/ HTTP/1.0" 200 6284 "-" "Mozilla/5.0 (compatible; YandexBot/3.0; +http://yandex.com/bots)"
109.187.244.36 - - [30/May/2012:12:07:14 +0600] "GET /component/option,com_frontpage/Itemid,1/ HTTP/1.0" 200 6489 "http://csdb.ufanet.ru/content/view/982/" "Mozilla/5.0 (compatible; MSIE 9.0; Windows NT 6.1; Trident/5.0)"
109.187.244.36 - - [30/May/2012:12:07:15 +0600] "GET /images/cgdb.swf HTTP/1.0" 200 19792297 "http://csdb.ufanet.ru/component/option,com_frontpage/Itemid,1/" "Mozilla/5.0 (compatible; MSIE 9.0; Windows NT 6.1; Trident/5.0)"
109.187.244.36 - - [30/May/2012:12:07:34 +0600] "GET /content/blogcategory/1/66/ HTTP/1.0" 200 7565 "http://csdb.ufanet.ru/component/option,com_frontpage/Itemid,1/" "Mozilla/5.0 (compatible; MSIE 9.0; Windows NT 6.1; Trident/5.0)"
95.108.141.3 - - [30/May/2012:12:08:06 +0600] "HEAD /content/section/6/53 HTTP/1.0" 200 - "-" "Mozilla/5.0 (compatible; YandexSitelinks; Dyatel; +http://yandex.com/bots)"
178.154.163.30 - - [30/May/2012:12:08:52 +0600] "GET /content/view/794/106/ HTTP/1.0" 200 5726 "-" "Mozilla/5.0 (compatible; YandexBot/3.0; +http://yandex.com/bots)"
178.154.163.30 - - [30/May/2012:12:10:24 +0600] "GET /content/view/860/245/ HTTP/1.0" 200 7929 "-" "Mozilla/5.0 (compatible; YandexBot/3.0; +http://yandex.com/bots)"
95.108.141.3 - - [30/May/2012:12:11:06 +0600] "HEAD /content/category/14/43/192/ HTTP/1.0" 200 - "-" "Mozilla/5.0 (compatible; YandexSitelinks; Dyatel; +http://yandex.com/bots)"
178.154.163.30 - - [30/May/2012:12:11:48 +0600] "GET /content/view/313/227 HTTP/1.0" 200 4533 "-" "Mozilla/5.0 (compatible; YandexBot/3.0; +http://yandex.com/bots)"
178.154.163.30 - - [30/May/2012:12:13:14 +0600] "GET /content/view/464/210/ HTTP/1.0" 200 4506 "-" "Mozilla/5.0 (compatible; YandexBot/3.0; +http://yandex.com/bots)"
95.108.129.207 - - [30/May/2012:12:13:49 +0600] "GET / HTTP/1.0" 200 24238 "-" "Mozilla/5.0 (compatible; YandexMetrika/2.0; +http://yandex.com/bots)"
178.154.163.30 - - [30/May/2012:12:14:54 +0600] "GET /content/view/713/66/ HTTP/1.0" 200 6466 "-" "Mozilla/5.0 (compatible; YandexBot/3.0; +http://yandex.com/bots)"
128.68.160.253 - - [30/May/2012:12:15:13 +0600] "GET /content/view/385/164 HTTP/1.0" 200 33369 "http://yandex.ru/yandsearch?text=%22+%f8%ea%ee%eb%e0+%f2%ee%eb%e5%f0%e0%ed%f2%ed%ee%f1%f2%e8%22" "Mozilla/4.0 (compatible; MSIE 6.0; Windows NT 5.1; SV1)"
66.249.66.77 - - [30/May/2012:12:16:17 +0600] "GET /content/view/256/ HTTP/1.0" 200 4908 "-" "Mozilla/5.0 (compatible; Googlebot/2.1; +http://www.google.com/bot.html)"
83.169.60.25 - - [30/May/2012:12:16:28 +0600] "GET / HTTP/1.0" 200 24243 "-" "Mozilla/5.0 (Windows; U; Windows NT 6.0; de; rv:1.9.0.6) Gecko/2009011913 Firefox/3.0.6"
83.169.60.25 - - [30/May/2012:12:16:29 +0600] "GET /20e6a4bb032fcfae5d.php HTTP/1.0" 404 299 "-" "Mozilla/5.0 (Windows; U; Windows NT 6.0; de; rv:1.9.0.6) Gecko/2009011913 Firefox/3.0.6"
178.154.163.30 - - [30/May/2012:12:16:46 +0600] "GET /content/view/562/183/ HTTP/1.0" 200 5167 "-" "Mozilla/5.0 (compatible; YandexBot/3.0; +http://yandex.com/bots)"
178.154.163.30 - - [30/May/2012:12:17:28 +0600] "GET /content/view/991/66/ HTTP/1.0" 200 6151 "-" "Mozilla/5.0 (compatible; YandexBot/3.0; +http://yandex.com/bots)"
178.154.163.30 - - [30/May/2012:12:19:14 +0600] "GET /content/view/480/66/ HTTP/1.0" 200 6001 "-" "Mozilla/5.0 (compatible; YandexBot/3.0; +http://yandex.com/bots)"
66.249.71.59 - - [30/May/2012:12:19:31 +0600] "GET /content/view/573/5/ HTTP/1.0" 200 6320 "-" "Mozilla/5.0 (compatible; Googlebot/2.1; +http://www.google.com/bot.html)"
65.52.108.200 - - [30/May/2012:12:19:47 +0600] "GET /content/view/59/53/ HTTP/1.0" 200 21651 "-" "Mozilla/5.0 (compatible; bingbot/2.0; +http://www.bing.com/bingbot.htm)"
178.154.163.30 - - [30/May/2012:12:20:55 +0600] "GET /content/view/743/66/ HTTP/1.0" 200 5986 "-" "Mozilla/5.0 (compatible; YandexBot/3.0; +http://yandex.com/bots)"
66.249.71.59 - - [30/May/2012:12:23:58 +0600] "GET /content/view/553/ HTTP/1.0" 200 4938 "-" "Mozilla/5.0 (compatible; Googlebot/2.1; +http://www.google.com/bot.html)"
178.154.163.30 - - [30/May/2012:12:25:52 +0600] "GET /content/view/325/81/ HTTP/1.0" 200 9652 "-" "Mozilla/5.0 (compatible; YandexBot/3.0; +http://yandex.com/bots)"
178.154.163.30 - - [30/May/2012:12:27:15 +0600] "GET /content/view/514/138/ HTTP/1.0" 200 5149 "-" "Mozilla/5.0 (compatible; YandexBot/3.0; +http://yandex.com/bots)"
178.154.163.30 - - [30/May/2012:12:29:07 +0600] "GET /content/view/361/66/ HTTP/1.0" 200 6130 "-" "Mozilla/5.0 (compatible; YandexBot/3.0; +http://yandex.com/bots)"
176.213.238.128 - - [30/May/2012:12:31:42 +0600] "GET /content/view/53/47/ HTTP/1.0" 200 7419 "http://go.mail.ru/search?q=%D1%81%D1%86%D0%B5%D0%BD%D0%B0%D1%80%D0%B8%D0%B8%20%D0%B4%D0%BB%D1%8F%20%D0%B1%D0%B8%D0%B1%D0%BB%D0%B8%D0%BE%D1%82%D0%B5%D0%BA&num=10&rch=e&sf=10" "Mozilla/5.0 (Windows NT 6.1) AppleWebKit/536.5 (KHTML, like Gecko) Chrome/19.0.1084.52 Safari/536.5"
178.154.163.30 - - [30/May/2012:12:31:49 +0600] "GET /content/view/409/66 HTTP/1.0" 200 6673 "-" "Mozilla/5.0 (compatible; YandexBot/3.0; +http://yandex.com/bots)"
176.213.238.128 - - [30/May/2012:12:32:17 +0600] "GET /content/view/87/107/ HTTP/1.0" 200 8477 "http://csdb.ufanet.ru/content/view/53/47/" "Mozilla/5.0 (Windows NT 6.1) AppleWebKit/536.5 (KHTML, like Gecko) Chrome/19.0.1084.52 Safari/536.5"
178.154.163.30 - - [30/May/2012:12:33:28 +0600] "GET /content/view/656/210/ HTTP/1.0" 200 4190 "-" "Mozilla/5.0 (compatible; YandexBot/3.0; +http://yandex.com/bots)"
178.154.163.30 - - [30/May/2012:12:35:03 +0600] "GET /content/view/686/66/ HTTP/1.0" 200 6061 "-" "Mozilla/5.0 (compatible; YandexBot/3.0; +http://yandex.com/bots)"
178.154.163.30 - - [30/May/2012:12:36:36 +0600] "GET /content/view/865/245/ HTTP/1.0" 200 5892 "-" "Mozilla/5.0 (compatible; YandexBot/3.0; +http://yandex.com/bots)"
68.233.226.103 - - [30/May/2012:12:37:03 +0600] "GET /content/view/793/106/content/view/795/1/ HTTP/1.0" 200 15643 "-" "Mozilla/5.0 (Windows NT 5.1) AppleWebKit/535.2 (KHTML, like Gecko) Chrome/15.0.872.0 Safari/535.2"
178.154.163.30 - - [30/May/2012:12:38:04 +0600] "GET /index2.php?option=com_content&task=view&id=69&pop=1&page=385&Itemid=66 HTTP/1.0" 200 1463 "-" "Mozilla/5.0 (compatible; YandexBot/3.0; +http://yandex.com/bots)"
178.154.163.30 - - [30/May/2012:12:38:29 +0600] "GET /content/view/991/66/ HTTP/1.0" 200 6153 "-" "Mozilla/5.0 (compatible; YandexBot/3.0; +http://yandex.com/bots)"
66.249.66.77 - - [30/May/2012:12:38:30 +0600] "GET /content/view/653/5/ HTTP/1.0" 200 6366 "-" "Mozilla/5.0 (compatible; Googlebot/2.1; +http://www.google.com/bot.html)"
178.121.19.39 - - [30/May/2012:12:38:38 +0600] "GET / HTTP/1.0" 200 6445 "http://www.teenbook.ru/vzrosl/biblios/biblioteki_rossii/" "Opera/9.80 (Windows NT 5.1; U; MRA 5.10 (build 5310); ru) Presto/2.10.229 Version/11.64"
178.121.19.39 - - [30/May/2012:12:38:42 +0600] "GET /images/cgdb.swf HTTP/1.0" 200 19792297 "http://csdb.ufanet.ru/" "Opera/9.80 (Windows NT 5.1; U; MRA 5.10 (build 5310); ru) Presto/2.10.229 Version/11.64"
66.249.66.77 - - [30/May/2012:12:38:48 +0600] "GET /content/view/944/66/ HTTP/1.0" 200 5841 "-" "Mozilla/5.0 (compatible; Googlebot/2.1; +http://www.google.com/bot.html)"
178.121.19.39 - - [30/May/2012:12:39:38 +0600] "GET /content/view/382/158/ HTTP/1.0" 200 6390 "http://csdb.ufanet.ru/" "Opera/9.80 (Windows NT 5.1; U; MRA 5.10 (build 5310); ru) Presto/2.10.229 Version/11.64"
178.121.19.39 - - [30/May/2012:12:39:38 +0600] "GET /%22%22%22%22%22http://csdb.ufanet.ru/templates/csdb/images/strelka.gif%22%22%22%22%22 HTTP/1.0" 404 392 "http://csdb.ufanet.ru/content/view/382/158/" "Opera/9.80 (Windows NT 5.1; U; MRA 5.10 (build 5310); ru) Presto/2.10.229 Version/11.64"
178.121.19.39 - - [30/May/2012:12:39:44 +0600] "GET /component/option,com_contact/Itemid,3/ HTTP/1.0" 200 6593 "http://csdb.ufanet.ru/content/view/382/158/" "Opera/9.80 (Windows NT 5.1; U; MRA 5.10 (build 5310); ru) Presto/2.10.229 Version/11.64"
178.154.163.30 - - [30/May/2012:12:40:03 +0600] "GET /files/ucazatel/zoshenk.pdf HTTP/1.0" 304 - "-" "Mozilla/5.0 (compatible; YandexBot/3.0; +http://yandex.com/bots)"
213.186.119.138 - - [30/May/2012:12:40:09 +0600] "GET / HTTP/1.0" 200 6488 "-" "Mozilla/5.0 (compatible; AhrefsBot/3.0; +http://ahrefs.com/robot/)"
178.121.19.39 - - [30/May/2012:12:40:12 +0600] "GET /content/blogcategory/1/66/ HTTP/1.0" 200 7514 "http://csdb.ufanet.ru/component/option,com_contact/Itemid,3/" "Opera/9.80 (Windows NT 5.1; U; MRA 5.10 (build 5310); ru) Presto/2.10.229 Version/11.64"
31.8.76.183 - - [30/May/2012:12:41:28 +0600] "GET /content/view/53/47 HTTP/1.0" 200 7378 "http://yandex.ru/yandsearch?text=%D0%9A%D0%BD%D0%B8%D0%B6%D0%BD%D1%8B%D0%B9++%D1%81%D0%B0%D0%B1%D0%B0%D0%BD%D1%82%D1%83%D0%B9+%D1%81%D1%86%D0%B5%D0%BD%D0%B0%D1%80%D0%B8%D0%B9&lr=172" "Opera/9.80 (Windows NT 5.1; U; ru) Presto/2.10.229 Version/11.64"
178.154.163.30 - - [30/May/2012:12:41:59 +0600] "GET /content/view/188/66/ HTTP/1.0" 200 5845 "-" "Mozilla/5.0 (compatible; YandexBot/3.0; +http://yandex.com/bots)"
210.21.230.126 - - [30/May/2012:12:42:33 +0600] "GET /content/view/983/66/ HTTP/1.0" 200 22035 "-" "Mozilla/4.0 (compatible; MSIE 7.0; Windows NT 6.0; Trident/5.0) AppleWebKit/535.11 (KHTML, like Gecko) Chrome/17.0.963.12 Safari/535.11"
65.52.110.199 - - [30/May/2012:12:42:43 +0600] "GET /component/option,com_contact/Itemid,3/ HTTP/1.0" 200 6639 "-" "Mozilla/5.0 (compatible; bingbot/2.0; +http://www.bing.com/bingbot.htm)"
31.8.76.183 - - [30/May/2012:12:42:49 +0600] "GET /content/view/52/47/ HTTP/1.0" 200 6579 "http://csdb.ufanet.ru/content/view/53/47" "Opera/9.80 (Windows NT 5.1; U; ru) Presto/2.10.229 Version/11.64"
95.110.70.33 - - [30/May/2012:12:42:59 +0600] "GET /content/view/258/66/ HTTP/1.0" 200 8111 "http://go.mail.ru/search?mailru=1&iewtf=%E2%98%A0&q=%D0%B8%D0%BD%D0%BD%D0%BE%D0%B2%D0%B0%D1%86%D0%B8%D0%B8+%D0%B2+%D0%B4%D0%B5%D1%82%D1%81%D0%BA%D0%BE%D0%B9+%D0%B1%D0%B8%D0%B1%D0%BB%D0%B8%D0%BE%D1%82%D0%B5%D0%BA%D0%B5&us=16" "Mozilla/4.0 (compatible; MSIE 8.0; Windows NT 5.1; Trident/4.0; EasyBits GO v1.0; .NET CLR 1.1.4322; .NET CLR 2.0.50727; .NET CLR 3.0.4506.2152; .NET CLR 3.5.30729; InfoPath.2)"
31.8.76.183 - - [30/May/2012:12:43:12 +0600] "GET /files/ucazatel/territoriy.pdf HTTP/1.0" 200 240351 "http://csdb.ufanet.ru/content/view/52/47/" "Opera/9.80 (Windows NT 5.1; U; ru) Presto/2.10.229 Version/11.64"
178.154.163.30 - - [30/May/2012:12:43:36 +0600] "GET /content/view/821/66/ HTTP/1.0" 200 5177 "-" "Mozilla/5.0 (compatible; YandexBot/3.0; +http://yandex.com/bots)"
31.8.76.183 - - [30/May/2012:12:43:58 +0600] "GET /content/view/53/47/ HTTP/1.0" 200 7375 "http://csdb.ufanet.ru/content/view/52/47/" "Opera/9.80 (Windows NT 5.1; U; ru) Presto/2.10.229 Version/11.64"
31.8.76.183 - - [30/May/2012:12:44:07 +0600] "GET /content/view/886/254/ HTTP/1.0" 200 8777 "http://csdb.ufanet.ru/content/view/53/47/" "Opera/9.80 (Windows NT 5.1; U; ru) Presto/2.10.229 Version/11.64"
83.174.198.48 - - [30/May/2012:12:44:29 +0600] "GET /content/view/976/1/ HTTP/1.0" 200 7454 "http://yandex.ru/yandsearch?text=%D0%9F%D0%BB%D0%B0%D0%BD++%D0%BC%D0%B5%D1%80%D0%BE%D0%BF%D1%80%D0%B8%D1%8F%D1%82%D0%B8%D1%8F++%22%D0%94%D0%B5%D0%BD%D1%8C++%D0%B7%D0%B0%D1%89%D0%B8%D1%82%D1%8B++%D0%B4%D0%B5%D1%82%D0%B5%D0%B9%22&clid=140884&lr=172" "Mozilla/4.0 (compatible; MSIE 6.0; Windows NT 5.1; SV1; .NET CLR 2.0.50727; .NET CLR 1.1.4322)"
188.40.32.134 - - [30/May/2012:12:44:54 +0600] "GET / HTTP/1.0" 200 24244 "-" "-"
31.8.76.183 - - [30/May/2012:12:45:01 +0600] "GET /content/view/53/47 HTTP/1.0" 200 7378 "http://yandex.ru/yandsearch?text=%D0%9A%D0%BD%D0%B8%D0%B6%D0%BD%D1%8B%D0%B9++%D1%81%D0%B0%D0%B1%D0%B0%D0%BD%D1%82%D1%83%D0%B9+%D1%81%D1%86%D0%B5%D0%BD%D0%B0%D1%80%D0%B8%D0%B9&lr=172" "Opera/9.80 (Windows NT 5.1; U; ru) Presto/2.10.229 Version/11.64"
31.8.76.183 - - [30/May/2012:12:45:10 +0600] "GET /content/view/888/256/ HTTP/1.0" 200 8300 "http://csdb.ufanet.ru/content/view/53/47" "Opera/9.80 (Windows NT 5.1; U; ru) Presto/2.10.229 Version/11.64"
178.154.163.30 - - [30/May/2012:12:45:11 +0600] "GET /content/view/754/222/ HTTP/1.0" 200 5192 "-" "Mozilla/5.0 (compatible; YandexBot/3.0; +http://yandex.com/bots)"
178.154.163.30 - - [30/May/2012:12:46:38 +0600] "GET /content/view/695/138/ HTTP/1.0" 200 5148 "-" "Mozilla/5.0 (compatible; YandexBot/3.0; +http://yandex.com/bots)"
94.50.194.75 - - [30/May/2012:12:46:47 +0600] "GET /files/ucazatel/UFA430.pdf HTTP/1.0" 200 438765 "http://yandex.ru/yandsearch?p=9&text=%D0%B7%D0%B8%D0%BB%D0%B0%D0%B8%D1%80%20%D0%B3%D0%B8%D0%BC%D0%BD%D0%B0%D0%B7%D0%B8%D1%8F%20%D0%B8%20%D0%B1%D0%B0%D0%B1%D0%B8%D1%87%D0%B0%20%D0%BE%D1%82%D0%BA%D1%80%D1%8B%D1%82%D0%B8%D1%8F%20%D1%80%D0%B0%D1%85%D0%B8%D0%BC%D0%BE%D0%B2%D0%B0%20%D0%B4%20%D0%B7%D0%B0%D0%B9%D0%BD%D1%83%D0%BB%D0%BB%D0%B8%D0%BD%D0%B0&lr=973" "Mozilla/4.0 (compatible; MSIE 8.0; Windows NT 5.1; Trident/4.0; InfoPath.2)"
94.41.82.194 - - [30/May/2012:12:47:51 +0600] "GET / HTTP/1.0" 200 6489 "http://yandex.ru/yandsearch?text=csdb.ufanet.ru&lr=172" "Mozilla/5.0 (Windows NT 5.1) AppleWebKit/536.5 (KHTML, like Gecko) Chrome/19.0.1084.46 Safari/536.5"
94.41.82.194 - - [30/May/2012:12:47:53 +0600] "GET /content/blogcategory/1/66/ HTTP/1.0" 200 7564 "http://csdb.ufanet.ru/" "Mozilla/5.0 (Windows NT 5.1) AppleWebKit/536.5 (KHTML, like Gecko) Chrome/19.0.1084.46 Safari/536.5"
94.41.82.194 - - [30/May/2012:12:47:59 +0600] "GET / HTTP/1.0" 200 6490 "http://yandex.ru/yandsearch?text=csdb.ufanet.ru&lr=172" "Mozilla/5.0 (Windows NT 5.1) AppleWebKit/536.5 (KHTML, like Gecko) Chrome/19.0.1084.46 Safari/536.5"
178.154.163.30 - - [30/May/2012:12:48:25 +0600] "GET /content/view/516/66/ HTTP/1.0" 200 6058 "-" "Mozilla/5.0 (compatible; YandexBot/3.0; +http://yandex.com/bots)"
207.46.204.181 - - [30/May/2012:12:49:14 +0600] "GET / HTTP/1.0" 200 6489 "-" "Mozilla/5.0 (compatible; bingbot/2.0; +http://www.bing.com/bingbot.htm)"
178.154.163.30 - - [30/May/2012:12:50:02 +0600] "GET /content/view/559/234/ HTTP/1.0" 200 6044 "-" "Mozilla/5.0 (compatible; YandexBot/3.0; +http://yandex.com/bots)"
178.154.163.30 - - [30/May/2012:12:51:41 +0600] "GET /content/view/362/66/ HTTP/1.0" 200 5923 "-" "Mozilla/5.0 (compatible; YandexBot/3.0; +http://yandex.com/bots)"
2.95.145.156 - - [30/May/2012:12:52:52 +0600] "GET /content/view/976/1/ HTTP/1.0" 200 7453 "http://yandex.ru/yandsearch?text=%D0%BF%D1%80%D0%BE%D0%B3%D1%80%D0%B0%D0%BC%D0%BC%D0%B0+%D0%BC%D0%B5%D1%80%D0%BE%D0%BF%D1%80%D0%B8%D1%8F%D1%82%D0%B8%D0%B9+%D0%B2+%D1%83%D1%84%D0%B5+%D0%BD%D0%B0+%D0%B4%D0%B5%D0%BD%D1%8C+%D0%B7%D0%B0%D1%89%D0%B8%D1%82%D1%8B+%D0%B4%D0%B5%D1%82%D0%B5%D0%B9&clid=1214621&lr=172" "Mozilla/5.0 (compatible; MSIE 9.0; Windows NT 6.1; WOW64; Trident/5.0)"
178.154.163.30 - - [30/May/2012:12:53:16 +0600] "GET /files/ucazatel/UFA430.pdf HTTP/1.0" 304 - "-" "Mozilla/5.0 (compatible; YandexBot/3.0; +http://yandex.com/bots)"
213.186.122.2 - - [30/May/2012:12:53:56 +0600] "GET /content/view/435/211/ HTTP/1.0" 200 3682 "-" "Mozilla/5.0 (compatible; AhrefsBot/3.0; +http://ahrefs.com/robot/)"
178.154.163.30 - - [30/May/2012:12:54:49 +0600] "GET /content/view/207/66/ HTTP/1.0" 200 6369 "-" "Mozilla/5.0 (compatible; YandexBot/3.0; +http://yandex.com/bots)"
178.154.163.30 - - [30/May/2012:12:56:17 +0600] "GET /content/view/711/1/ HTTP/1.0" 200 5587 "-" "Mozilla/5.0 (compatible; YandexBot/3.0; +http://yandex.com/bots)"
178.154.163.30 - - [30/May/2012:12:58:05 +0600] "GET /content/view/374/66/ HTTP/1.0" 200 6647 "-" "Mozilla/5.0 (compatible; YandexBot/3.0; +http://yandex.com/bots)"
178.154.163.30 - - [30/May/2012:12:59:34 +0600] "GET /content/view/991/66/ HTTP/1.0" 200 6151 "-" "Mozilla/5.0 (compatible; YandexBot/3.0; +http://yandex.com/bots)"
178.154.163.30 - - [30/May/2012:13:01:09 +0600] "GET /content/view/793/125/ HTTP/1.0" 200 5154 "-" "Mozilla/5.0 (compatible; YandexBot/3.0; +http://yandex.com/bots)"
66.249.66.77 - - [30/May/2012:13:01:40 +0600] "GET /content/view/434/5/ HTTP/1.0" 200 7802 "-" "Mozilla/5.0 (compatible; Googlebot/2.1; +http://www.google.com/bot.html)"
79.140.108.178 - - [30/May/2012:13:02:11 +0600] "GET /content/view/234/66/ HTTP/1.0" 200 6060 "http://yandex.ru/yandsearch?p=1&text=%D0%BA%D0%B0%D0%BA+%D0%BF%D1%80%D0%BE%D0%B2%D0%B5%D1%81%D1%82%D0%B8+%D0%BF%D1%83%D1%88%D0%BA%D0%B8%D0%BD%D1%81%D0%BA%D0%B8%D0%B9+%D0%B4%D0%B5%D0%BD%D1%8C+%D1%80%D0%BE%D1%81%D1%81%D0%B8%D0%B8+%D0%B2+%D0%B1%D0%B8%D0%B1%D0%BB%D0%B8%D0%BE%D1%82%D0%B5%D0%BA%D0%B5&lr=13" "Mozilla/5.0 (Windows NT 5.1) AppleWebKit/536.5 (KHTML, like Gecko) Chrome/19.0.1084.52 Safari/536.5"
178.123.157.49 - - [30/May/2012:13:02:51 +0600] "GET /content/view/323/163/ HTTP/1.0" 200 11583 "http://www.google.ru/url?sa=t&rct=j&q=%D1%80%D0%BE%D0%BB%D0%B5%D0%B2%D1%8B%D0%B5%20%D0%B8%D0%B3%D1%80%D1%8B%20%D0%B4%D0%BB%D1%8F%20%D0%B4%D0%B5%D1%82%D0%B5%D0%B9%20%D0%BF%D0%BE%D0%B4%D1%80%D0%BE%D1%81%D1%82%D0%BA%D0%BE%D0%B2&source=web&cd=53&ved=0CGMQtwIwAjgy&url=http%3A%2F%2Fcsdb.ufanet.ru%2Fcontent%2Fview%2F323%2F163%2F&ei=EsbFT46mE5KN4gSw7eHTBQ&usg=AFQjCNELXb2ElnKUFO8Di9zM9vK_wwchug&cad=rjt" "Opera/9.80 (Windows NT 5.1; U; en) Presto/2.10.229 Version/11.64"
178.123.157.49 - - [30/May/2012:13:02:55 +0600] "GET /mambots/content/jw_allvideos/players/mediaplayer_4.0.46.swf HTTP/1.0" 200 38096 "http://csdb.ufanet.ru/content/view/323/163/" "Opera/9.80 (Windows NT 5.1; U; en) Presto/2.10.229 Version/11.64"
178.123.157.49 - - [30/May/2012:13:02:55 +0600] "GET /mambots/content/jw_allvideos/players/mediaplayer_4.0.46.swf HTTP/1.0" 200 38096 "http://csdb.ufanet.ru/content/view/323/163/" "Opera/9.80 (Windows NT 5.1; U; en) Presto/2.10.229 Version/11.64"
178.123.157.49 - - [30/May/2012:13:02:56 +0600] "GET /images/stories/videos/podsol.flv HTTP/1.0" 200 5602055 "http://csdb.ufanet.ru/mambots/content/jw_allvideos/players/mediaplayer_4.0.46.swf" "Opera/9.80 (Windows NT 5.1; U; en) Presto/2.10.229 Version/11.64"
178.123.157.49 - - [30/May/2012:13:03:05 +0600] "GET /images/stories/videos/podsol.flv HTTP/1.0" 200 5602055 "http://csdb.ufanet.ru/mambots/content/jw_allvideos/players/mediaplayer_4.0.46.swf" "Opera/9.80 (Windows NT 5.1; U; en) Presto/2.10.229 Version/11.64"
178.154.163.30 - - [30/May/2012:13:03:30 +0600] "GET /content/view/395/66/ HTTP/1.0" 200 6155 "-" "Mozilla/5.0 (compatible; YandexBot/3.0; +http://yandex.com/bots)"
66.249.66.77 - - [30/May/2012:13:04:01 +0600] "GET /content/view/730/5/ HTTP/1.0" 200 6801 "-" "Mozilla/5.0 (compatible; Googlebot/2.1; +http://www.google.com/bot.html)"
178.154.163.30 - - [30/May/2012:13:05:10 +0600] "GET /content/view/820/113/ HTTP/1.0" 200 5146 "-" "Mozilla/5.0 (compatible; YandexBot/3.0; +http://yandex.com/bots)"
66.249.66.77 - - [30/May/2012:13:06:51 +0600] "GET /content/view/452/5/ HTTP/1.0" 200 7152 "-" "Mozilla/5.0 (compatible; Googlebot/2.1; +http://www.google.com/bot.html)"
178.154.163.30 - - [30/May/2012:13:06:56 +0600] "GET /content/view/498/66/ HTTP/1.0" 200 6519 "-" "Mozilla/5.0 (compatible; YandexBot/3.0; +http://yandex.com/bots)"
94.229.21.18 - - [30/May/2012:13:07:17 +0600] "GET /content/view/976/1/ HTTP/1.0" 200 7432 "http://yandex.ru/yandsearch?text=%D0%BC%D0%B5%D1%80%D0%BE%D0%BF%D1%80%D0%B8%D1%8F%D1%82%D0%B8%D1%8F+%D0%BD%D0%B0+%D0%B4%D0%B5%D0%BD%D1%8C+%D0%B7%D0%B0%D1%89%D0%B8%D1%82%D1%8B+%D0%B4%D0%B5%D1%82%D0%B5%D0%B9&lr=172&rstr=-172" "Mozilla/4.0 (compatible; MSIE 8.0; Windows NT 6.1; WOW64; Trident/4.0; SLCC2; .NET CLR 2.0.50727; .NET CLR 3.5.30729; .NET CLR 3.0.30729)"
66.249.71.59 - - [30/May/2012:13:07:40 +0600] "GET /content/view/464/5/ HTTP/1.0" 200 6296 "-" "Mozilla/5.0 (compatible; Googlebot/2.1; +http://www.google.com/bot.html)"
95.108.129.207 - - [30/May/2012:13:08:15 +0600] "GET / HTTP/1.0" 200 24203 "-" "Mozilla/5.0 (compatible; YandexMetrika/2.0; +http://yandex.com/bots)"
178.154.163.30 - - [30/May/2012:13:08:35 +0600] "GET /content/view/127/130 HTTP/1.0" 200 17453 "-" "Mozilla/5.0 (compatible; YandexBot/3.0; +http://yandex.com/bots)"
66.249.66.77 - - [30/May/2012:13:10:03 +0600] "GET /component/option,com_true/Itemid,103/func,detail/catid,1/id,12/ HTTP/1.0" 200 5674 "-" "Mozilla/5.0 (compatible; Googlebot/2.1; +http://www.google.com/bot.html)"
178.154.163.30 - - [30/May/2012:13:10:19 +0600] "GET /content/view/394/183/ HTTP/1.0" 200 6618 "-" "Mozilla/5.0 (compatible; YandexBot/3.0; +http://yandex.com/bots)"
213.186.127.7 - - [30/May/2012:13:10:42 +0600] "GET /content/view/449/66/ HTTP/1.0" 200 6209 "-" "Mozilla/5.0 (compatible; AhrefsBot/3.0; +http://ahrefs.com/robot/)"
66.249.66.77 - - [30/May/2012:13:11:42 +0600] "GET /content/view/220/5/ HTTP/1.0" 200 6540 "-" "Mozilla/5.0 (compatible; Googlebot/2.1; +http://www.google.com/bot.html)"
178.154.163.30 - - [30/May/2012:13:11:48 +0600] "GET /content/view/530/194/ HTTP/1.0" 200 5162 "-" "Mozilla/5.0 (compatible; YandexBot/3.0; +http://yandex.com/bots)"
91.143.54.170 - - [30/May/2012:13:12:03 +0600] "GET /content/blogcategory/49/234/ HTTP/1.0" 200 15471 "http://yandex.ru/yandsearch?text=%D0%BB%D0%B5%D1%82%D0%BE+%D0%B8+%D0%BA%D0%BD%D0%B8%D0%B3%D0%B0&lr=11184" "Mozilla/4.0 (compatible; MSIE 8.0; Windows NT 5.1; Trident/4.0; InfoPath.2; .NET CLR 1.1.4322; .NET CLR 2.0.50727; .NET CLR 3.0.4506.2152; .NET CLR 3.5.30729; OfficeLiveConnector.1.3; OfficeLivePatch.0.0; .NET4.0C; BRI/2)"
91.143.54.170 - - [30/May/2012:13:12:04 +0600] "GET /content/view/559/234/ HTTP/1.0" 200 15322 "http://yandex.ru/yandsearch?text=%D0%BB%D0%B5%D1%82%D0%BE+%D0%B8+%D0%BA%D0%BD%D0%B8%D0%B3%D0%B0&lr=11184" "Mozilla/4.0 (compatible; MSIE 8.0; Windows NT 5.1; Trident/4.0; InfoPath.2; .NET CLR 1.1.4322; .NET CLR 2.0.50727; .NET CLR 3.0.4506.2152; .NET CLR 3.5.30729; OfficeLiveConnector.1.3; OfficeLivePatch.0.0; .NET4.0C; BRI/2)"
178.154.163.30 - - [30/May/2012:13:13:24 +0600] "GET /content/view/721/66/ HTTP/1.0" 200 5871 "-" "Mozilla/5.0 (compatible; YandexBot/3.0; +http://yandex.com/bots)"
31.8.76.183 - - [30/May/2012:13:14:56 +0600] "GET /content/view/54/47 HTTP/1.0" 200 7426 "http://yandex.ru/yandsearch?p=2&text=%D0%B1%D0%B8%D0%B1%D0%BB%D0%B8%D0%BE%D1%82%D0%B5%D0%BA%D0%B0-%D0%B0%D0%BF%D1%82%D0%B5%D0%BA%D0%B0+%D0%B4%D0%BB%D1%8F+%D0%B4%D1%83%D1%88%D0%B8&lr=172" "Opera/9.80 (Windows NT 5.1; U; ru) Presto/2.10.229 Version/11.64"
31.8.76.183 - - [30/May/2012:13:15:35 +0600] "GET /files/articles/bibl.pdf HTTP/1.0" 200 50969 "http://csdb.ufanet.ru/content/view/54/47" "Opera/9.80 (Windows NT 5.1; U; ru) Presto/2.10.229 Version/11.64"
66.249.66.77 - - [30/May/2012:13:16:09 +0600] "GET /content/view/99/5/ HTTP/1.0" 200 6109 "-" "Mozilla/5.0 (compatible; Googlebot/2.1; +http://www.google.com/bot.html)"
31.8.76.183 - - [30/May/2012:13:16:10 +0600] "GET /content/view/287/123/ HTTP/1.0" 200 7104 "http://csdb.ufanet.ru/content/view/54/47" "Opera/9.80 (Windows NT 5.1; U; ru) Presto/2.10.229 Version/11.64"
66.249.66.77 - - [30/May/2012:13:17:16 +0600] "GET /content/view/114/5/ HTTP/1.0" 200 6267 "-" "Mozilla/5.0 (compatible; Googlebot/2.1; +http://www.google.com/bot.html)"
178.154.163.30 - - [30/May/2012:13:18:15 +0600] "GET /content/view/728/116/ HTTP/1.0" 200 5148 "-" "Mozilla/5.0 (compatible; YandexBot/3.0; +http://yandex.com/bots)"
207.46.204.181 - - [30/May/2012:13:18:46 +0600] "GET /files/ucazatel/gafuri.pdf HTTP/1.0" 200 1130949 "-" "Mozilla/5.0 (compatible; bingbot/2.0; +http://www.bing.com/bingbot.htm)"
68.233.226.103 - - [30/May/2012:13:19:51 +0600] "GET /content/view/793/106/index.php HTTP/1.0" 200 15639 "-" "Mozilla/5.0 (Windows NT 5.1) AppleWebKit/535.2 (KHTML, like Gecko) Chrome/15.0.872.0 Safari/535.2"
178.154.163.30 - - [30/May/2012:13:19:59 +0600] "GET /content/view/239/66/ HTTP/1.0" 200 6455 "-" "Mozilla/5.0 (compatible; YandexBot/3.0; +http://yandex.com/bots)"
178.154.163.30 - - [30/May/2012:13:20:37 +0600] "GET /content/view/991/66/ HTTP/1.0" 200 6153 "-" "Mozilla/5.0 (compatible; YandexBot/3.0; +http://yandex.com/bots)"
178.154.163.30 - - [30/May/2012:13:22:22 +0600] "GET /content/category/20/51/239 HTTP/1.0" 200 16261 "-" "Mozilla/5.0 (compatible; YandexBot/3.0; +http://yandex.com/bots)"
66.249.71.59 - - [30/May/2012:13:23:33 +0600] "GET /content/view/245/5/ HTTP/1.0" 200 5969 "-" "Mozilla/5.0 (compatible; Googlebot/2.1; +http://www.google.com/bot.html)"
178.154.163.30 - - [30/May/2012:13:23:56 +0600] "GET /content/view/262/66/ HTTP/1.0" 200 5997 "-" "Mozilla/5.0 (compatible; YandexBot/3.0; +http://yandex.com/bots)"
66.249.66.77 - - [30/May/2012:13:25:13 +0600] "GET /content/view/370/5/ HTTP/1.0" 200 5975 "-" "Mozilla/5.0 (compatible; Googlebot/2.1; +http://www.google.com/bot.html)"
178.154.163.30 - - [30/May/2012:13:25:43 +0600] "GET /content/view/417/56/ HTTP/1.0" 200 3851 "-" "Mozilla/5.0 (compatible; YandexBot/3.0; +http://yandex.com/bots)"
178.154.163.30 - - [30/May/2012:13:27:08 +0600] "GET /content/view/493/222/ HTTP/1.0" 200 5075 "-" "Mozilla/5.0 (compatible; YandexBot/3.0; +http://yandex.com/bots)"
178.154.163.30 - - [30/May/2012:13:28:35 +0600] "GET /content/view/846/223/ HTTP/1.0" 200 6432 "-" "Mozilla/5.0 (compatible; YandexBot/3.0; +http://yandex.com/bots)"
178.154.163.30 - - [30/May/2012:13:30:07 +0600] "GET /files/ucazatel/salavat.pdf HTTP/1.0" 304 - "-" "Mozilla/5.0 (compatible; YandexBot/3.0; +http://yandex.com/bots)"
66.249.66.77 - - [30/May/2012:13:30:24 +0600] "GET /content/view/667/5/ HTTP/1.0" 200 5987 "-" "Mozilla/5.0 (compatible; Googlebot/2.1; +http://www.google.com/bot.html)"
66.249.66.77 - - [30/May/2012:13:31:18 +0600] "GET /content/view/399/5/ HTTP/1.0" 200 6214 "-" "Mozilla/5.0 (compatible; Googlebot/2.1; +http://www.google.com/bot.html)"
178.154.163.30 - - [30/May/2012:13:31:46 +0600] "GET /content/view/644/66/ HTTP/1.0" 200 6048 "-" "Mozilla/5.0 (compatible; YandexBot/3.0; +http://yandex.com/bots)"
68.233.226.103 - - [30/May/2012:13:32:39 +0600] "GET /content/view/793/106/index.php?option=com_contact&Itemid=3 HTTP/1.0" 200 15639 "-" "Mozilla/5.0 (Windows NT 5.1) AppleWebKit/535.2 (KHTML, like Gecko) Chrome/15.0.872.0 Safari/535.2"
66.249.71.59 - - [30/May/2012:13:33:03 +0600] "GET /content/view/381/5/ HTTP/1.0" 200 6079 "-" "Mozilla/5.0 (compatible; Googlebot/2.1; +http://www.google.com/bot.html)"
178.154.163.30 - - [30/May/2012:13:33:32 +0600] "GET /content/view/822/125/ HTTP/1.0" 200 5155 "-" "Mozilla/5.0 (compatible; YandexBot/3.0; +http://yandex.com/bots)"
83.174.198.48 - - [30/May/2012:13:34:03 +0600] "GET /content/view/976/1/ HTTP/1.0" 200 7431 "http://yandex.ru/yandsearch?text=%D0%BF%D0%BB%D0%B0%D0%BD+%D0%BC%D0%B5%D1%80%D0%BE%D0%BF%D1%80%D0%B8%D1%8F%D1%82%D0%B8%D0%B9+%D0%BA%D0%BE+%D0%B4%D0%BD%D1%8E+%D0%B7%D0%B0%D1%89%D0%B8%D1%82%D1%8B+%D0%B4%D0%B5%D1%82%D0%B5%D0%B9&clid=140884&lr=172" "Mozilla/4.0 (compatible; MSIE 6.0; Windows NT 5.1; SV1; .NET CLR 2.0.50727; .NET CLR 1.1.4322)"
178.154.163.30 - - [30/May/2012:13:35:18 +0600] "GET /content/view/928/245/ HTTP/1.0" 200 6087 "-" "Mozilla/5.0 (compatible; YandexBot/3.0; +http://yandex.com/bots)"
178.154.163.30 - - [30/May/2012:13:37:00 +0600] "GET /content/view/456/129/ HTTP/1.0" 200 5157 "-" "Mozilla/5.0 (compatible; YandexBot/3.0; +http://yandex.com/bots)"
93.74.233.45 - - [30/May/2012:13:37:41 +0600] "GET / HTTP/1.0" 200 6465 "http://www.teenbook.ru/vzrosl/biblios/biblioteki_rossii/" "Mozilla/5.0 (Windows NT 6.0; rv:12.0) Gecko/20100101 Firefox/12.0"
93.74.233.45 - - [30/May/2012:13:37:42 +0600] "GET /images/cgdb.swf HTTP/1.0" 200 19792297 "http://csdb.ufanet.ru/" "Mozilla/5.0 (Windows NT 6.0; rv:12.0) Gecko/20100101 Firefox/12.0"
93.74.233.45 - - [30/May/2012:13:38:11 +0600] "GET /content/category/7/20/52/ HTTP/1.0" 200 5767 "http://csdb.ufanet.ru/" "Mozilla/5.0 (Windows NT 6.0; rv:12.0) Gecko/20100101 Firefox/12.0"
178.154.163.30 - - [30/May/2012:13:38:27 +0600] "GET /content/view/923/222/ HTTP/1.0" 200 5293 "-" "Mozilla/5.0 (compatible; YandexBot/3.0; +http://yandex.com/bots)"
93.74.233.45 - - [30/May/2012:13:38:44 +0600] "GET /content/view/643/52/ HTTP/1.0" 200 8085 "http://csdb.ufanet.ru/content/category/7/20/52/" "Mozilla/5.0 (Windows NT 6.0; rv:12.0) Gecko/20100101 Firefox/12.0"
178.154.163.30 - - [30/May/2012:13:40:12 +0600] "GET /content/view/823/183/ HTTP/1.0" 200 5179 "-" "Mozilla/5.0 (compatible; YandexBot/3.0; +http://yandex.com/bots)"
178.187.60.29 - - [30/May/2012:13:40:32 +0600] "GET /content/view/559/234/ HTTP/1.0" 200 6043 "http://yandex.ru/yandsearch?p=1&text=%D0%B7%D0%B0%D0%B4%D0%B0%D0%BD%D0%B8%D1%8F%20%D0%BA%20%D0%BB%D0%B5%D1%82%D0%BD%D0%B8%D0%BC%20%D1%87%D1%82%D0%B5%D0%BD%D0%B8%D1%8F%D0%BC%20%D0%B2%20%D0%B1%D0%B8%D0%B1%D0%BB%D0%B8%D0%BE%D1%82%D0%B5%D0%BA%D0%B0%D1%85&clid=1842852&lr=197" "Mozilla/5.0 (Windows NT 6.1; rv:10.0) Gecko/20100101 Firefox/10.0"
94.41.150.232 - - [30/May/2012:13:40:41 +0600] "GET / HTTP/1.0" 200 6490 "-" "Mozilla/5.0 (Windows NT 6.1; WOW64) AppleWebKit/536.5 (KHTML, like Gecko) Chrome/19.0.1084.52 Safari/536.5"
178.154.163.30 - - [30/May/2012:13:41:39 +0600] "GET /content/view/144/66/ HTTP/1.0" 200 6329 "-" "Mozilla/5.0 (compatible; YandexBot/3.0; +http://yandex.com/bots)"
178.154.163.30 - - [30/May/2012:13:43:17 +0600] "GET /content/view/819/149/ HTTP/1.0" 200 5146 "-" "Mozilla/5.0 (compatible; YandexBot/3.0; +http://yandex.com/bots)"
66.249.66.77 - - [30/May/2012:13:43:26 +0600] "GET /content/view/346/ HTTP/1.0" 200 5672 "-" "Mozilla/5.0 (compatible; Googlebot/2.1; +http://www.google.com/bot.html)"
178.154.163.30 - - [30/May/2012:13:46:13 +0600] "GET /content/view/555/66/ HTTP/1.0" 200 6343 "-" "Mozilla/5.0 (compatible; YandexBot/3.0; +http://yandex.com/bots)"
81.30.211.112 - - [30/May/2012:13:46:24 +0600] "GET /content/blogcategory/1/66 HTTP/1.0" 200 7564 "http://yandex.ru/yandsearch?text=wcl%2C+eaf&from=fx3&clid=46510&lr=172" "Mozilla/5.0 (Windows; U; Windows NT 5.1; ru; rv:1.9.2.28) Gecko/20120306 AskTbNRO2/3.15.1.22229 Firefox/3.6.28"
109.187.136.13 - - [30/May/2012:13:47:45 +0600] "GET /content/view/289/154/ HTTP/1.0" 200 9861 "http://yandex.ru/yandsearch?p=1&text=%D0%B8%D0%BD%D1%84%D0%BE%D1%80%D0%BC%D0%B0%D1%86%D0%B8%D1%8F+%D0%BE+%D0%BF%D1%80%D0%BE%D0%B2%D0%B5%D0%B4%D0%B5%D0%BD%D0%B8%D0%B8+%D0%B4%D0%BD%D1%8F+%D0%B7%D0%B0%D1%89%D0%B8%D1%82%D1%8B+%D0%B4%D0%B5%D1%82%D0%B5%D0%B9&clid=48577&lr=20668" "Mozilla/5.0 (Windows NT 5.1; rv:12.0) Gecko/20100101 Firefox/12.0"
178.154.163.30 - - [30/May/2012:13:47:55 +0600] "GET /content/view/795/140/ HTTP/1.0" 200 5152 "-" "Mozilla/5.0 (compatible; YandexBot/3.0; +http://yandex.com/bots)"
66.249.66.77 - - [30/May/2012:13:48:02 +0600] "GET /content/view/421/5/ HTTP/1.0" 200 6388 "-" "Mozilla/5.0 (compatible; Googlebot/2.1; +http://www.google.com/bot.html)"
178.154.163.30 - - [30/May/2012:13:49:12 +0600] "GET /content/view/746/66/ HTTP/1.0" 200 6183 "-" "Mozilla/5.0 (compatible; YandexBot/3.0; +http://yandex.com/bots)"
31.180.172.63 - - [30/May/2012:13:50:40 +0600] "GET /content/view/204/47 HTTP/1.0" 200 10213 "http://yandex.ru/yandsearch?text=%D1%82%D0%BE%D0%BB%D0%B5%D1%80%D0%B0%D0%BD%D1%82%D0%BD%D0%BE%D1%81%D1%82%D1%8C+%D0%B8+%D0%B1%D0%B8%D0%B1%D0%BB%D0%B8%D0%BE%D1%82%D0%B5%D0%BA%D0%B0&clid=9403&lr=38" "Opera/9.80 (Windows NT 6.0; U; ru) Presto/2.10.229 Version/11.64"
193.34.160.67 - - [30/May/2012:13:51:07 +0600] "GET /content/view/869/243/ HTTP/1.0" 200 26431 "-" "Mozilla/4.0 (compatible; MSIE 7.0; Windows NT 5.1; Trident/4.0; WebMoney Advisor; MRSPUTNIK 2, 1, 0, 7 SW; MRA 5.5 (build 02842); RadioClicker LITE; .NET CLR 1.1.4322; .NET CLR 2.0.50727; .NET CLR 3.0.4506.2152; .NET CLR 3.5.30729)"
