66.249.66.77 - - [01/Jun/2012:17:18:51 +0600] "GET /content/view/1001/106/ HTTP/1.0" 200 19279 "-" "Mozilla/5.0 (compatible; Googlebot/2.1; +http://www.google.com/bot.html)"
95.220.252.87 - - [01/Jun/2012:17:20:48 +0600] "GET /files/scen_prazd/openNDK.pdf HTTP/1.0" 200 115591 "http://yandex.ru/yandsearch?text=%f1%f6%e5%ed%e0%f0%e8%e9+%ee%f2%ea%f0%fb%f2%e8%e5+%f1%ec%e5%ed%fb+%ef%e8%ee%ed%e5%f0%e8%ff&lr=213" "Mozilla/4.0 (compatible; MSIE 8.0; Windows NT 6.1; Trident/4.0; SLCC2; .NET CLR 2.0.50727; .NET CLR 3.5.30729; .NET CLR 3.0.30729; Media Center PC 6.0)"
95.25.163.168 - - [01/Jun/2012:17:21:17 +0600] "GET /files/ucazatel/gogol.pdf HTTP/1.0" 200 661633 "http://yandex.ru/yandsearch?text=%f8%e0%f4%f0%e0%ed%f1%ea%e0%ff+%fd.%f4.&lr=213" "Mozilla/4.0 (compatible; MSIE 6.0; Windows NT 5.1; SV1; .NET CLR 2.0.50727; .NET CLR 3.0.4506.2152; .NET CLR 3.5.30729)"
95.221.126.16 - - [01/Jun/2012:17:22:10 +0600] "GET /content/view/322/162 HTTP/1.0" 200 7334 "http://yandex.ru/yandsearch?text=%ed%e0%e3%eb%ff%e4%ed%ee%f1%f2%fc+%f1%e8%f1%f2%e5%ec%e0%f2%e8%f7%e5%f1%ea%ee%e9+%ea%e0%f0%f2%ee%f2%e5%ea%e8+%f1%f2%e0%f2%e5%e9+%e4%e5%f2%f1%ea%ee%e9+%e1%e8%e1%eb%e8%ee%f2%e5%ea%e8&lr=213" "Mozilla/5.0 (Windows; U; Windows NT 6.1; ru; rv:1.9.2.12) Gecko/20101026 Firefox/3.6.12 YB/5.1.3"
136.169.152.139 - - [01/Jun/2012:17:23:03 +0600] "GET /content/view/40/194/ HTTP/1.0" 200 5817 "http://www.google.ru/url?sa=t&rct=j&q=%D0%B1%D0%B8%D0%B1%D0%BB%D0%B8%D0%BE%D1%82%D0%B5%D0%BA%D0%B0%2038%20%D1%83%D1%84%D0%B0&source=web&cd=1&sqi=2&ved=0CFsQFjAA&url=http%3A%2F%2Fcsdb.ufanet.ru%2Fcontent%2Fview%2F40%2F194%2F&ei=E6bIT77kGYvP4QT2ysAy&usg=AFQjCNFmbhluGOVeYZ6nKeUlwT0VcgxklA&cad=rjt" "Mozilla/5.0 (iPad; CPU OS 5_1_1 like Mac OS X) AppleWebKit/534.46 (KHTML, like Gecko) Version/5.1 Mobile/9B206 Safari/7534.48.3"
94.41.94.178 - - [01/Jun/2012:17:23:13 +0600] "GET /content/category/20/51/239 HTTP/1.0" 200 16262 "http://yandex.ru/yandsearch?text=csdb.ufanet.ru+%D0%B4%D0%B5%D1%82%D1%81%D0%BA%D0%B0%D1%8F+%D0%B1%D0%B8%D0%B1%D0%BB%D0%B8%D0%BE%D1%82%D0%B5%D0%BA%D0%B0%E2%84%9617&clid=740028&lr=172" "Mozilla/5.0 (Windows NT 6.1; rv:11.0) Gecko/20100101 Firefox/11.0"
136.169.152.139 - - [01/Jun/2012:17:23:37 +0600] "GET /content/view/41/194/ HTTP/1.0" 200 5770 "http://csdb.ufanet.ru/content/view/40/194/" "Mozilla/5.0 (iPad; CPU OS 5_1_1 like Mac OS X) AppleWebKit/534.46 (KHTML, like Gecko) Version/5.1 Mobile/9B206 Safari/7534.48.3"
95.25.163.42 - - [01/Jun/2012:17:23:43 +0600] "GET /content/view/976/1/ HTTP/1.0" 200 7402 "http://yandex.ru/yandsearch?text=%ec%e5%f0%ee%ef%f0%e8%ff%f2%e8%ff+%ea%ee+%e4%ed%fe+%e7%e0%f9%e8%f2%fb+%e4%e5%f2%e5%e9&lr=213" "Mozilla/4.0 (compatible; MSIE 6.0; Windows NT 5.1; SV1)"
68.233.226.103 - - [01/Jun/2012:17:23:44 +0600] "GET /content/view/752/47/ HTTP/1.0" 200 18664 "-" "Mozilla/5.0 (Windows NT 5.1) AppleWebKit/535.2 (KHTML, like Gecko) Chrome/15.0.872.0 Safari/535.2"
136.169.152.139 - - [01/Jun/2012:17:23:51 +0600] "GET /content/view/204/47/ HTTP/1.0" 200 10204 "http://www.google.ru/url?sa=t&rct=j&q=%D0%B4%D0%B5%D1%82%D1%81%D0%BA%D0%B8%D0%B5%20%D0%B1%D0%B8%D0%B1%D0%BB%D0%B8%D0%BE%D1%82%D0%B5%D0%BA%D0%B8%20%D1%83%D1%84%D1%8B&source=web&cd=1&ved=0CGYQFjAA&url=http%3A%2F%2Fcsdb.ufanet.ru%2Fcontent%2Fview%2F204%2F47%2F&ei=D6bIT9XTHMr04QSXvbw3&usg=AFQjCNHq-a7xRJ0ytVIeOUW6Qa9yO1lXKg" "Mozilla/5.0 (iPad; CPU OS 5_1_1 like Mac OS X) AppleWebKit/534.46 (KHTML, like Gecko) Mobile/9B206"
94.41.94.178 - - [01/Jun/2012:17:25:38 +0600] "GET /content/view/57/53 HTTP/1.0" 200 21331 "http://yandex.ru/yandsearch?text=csdb.ufanet.ru&clid=740028&lr=172&rstr=-172" "Mozilla/5.0 (Windows NT 6.1; rv:11.0) Gecko/20100101 Firefox/11.0"
94.41.94.178 - - [01/Jun/2012:17:26:20 +0600] "GET /content/view/397/189/ HTTP/1.0" 200 5412 "http://csdb.ufanet.ru/content/view/57/53" "Mozilla/5.0 (Windows NT 6.1; rv:11.0) Gecko/20100101 Firefox/11.0"
94.41.94.178 - - [01/Jun/2012:17:26:23 +0600] "GET /mambots/content/jw_allvideos/players/mediaplayer_4.0.46.swf HTTP/1.0" 200 38096 "http://csdb.ufanet.ru/content/view/397/189/" "Mozilla/5.0 (Windows NT 6.1; rv:11.0) Gecko/20100101 Firefox/11.0"
94.41.94.178 - - [01/Jun/2012:17:26:25 +0600] "GET /images/stories/videos/main1.flv HTTP/1.0" 200 5858127 "-" "Mozilla/5.0 (Windows NT 6.1; rv:11.0) Gecko/20100101 Firefox/11.0"
213.180.206.197 - - [01/Jun/2012:17:27:33 +0600] "GET / HTTP/1.0" 200 25511 "-" "Mozilla/5.0 (compatible; YandexMetrika/2.0; +http://yandex.com/bots)"
66.249.66.77 - - [01/Jun/2012:17:27:33 +0600] "GET /content/view/516/5/ HTTP/1.0" 200 5990 "-" "Mozilla/5.0 (compatible; Googlebot/2.1; +http://www.google.com/bot.html)"
68.233.226.103 - - [01/Jun/2012:17:28:34 +0600] "GET /content/blogcategory/1/66/5/250/content/view/13/51/content/view/794/1/ HTTP/1.0" 200 18413 "-" "Mozilla/5.0 (Windows NT 5.1) AppleWebKit/535.2 (KHTML, like Gecko) Chrome/15.0.872.0 Safari/535.2"
66.249.66.77 - - [01/Jun/2012:17:28:34 +0600] "GET /content/view/793/52/ HTTP/1.0" 200 5124 "-" "Mozilla/5.0 (compatible; Googlebot/2.1; +http://www.google.com/bot.html)"
66.249.66.77 - - [01/Jun/2012:17:30:17 +0600] "GET /content/view/513/5/ HTTP/1.0" 200 5809 "-" "Mozilla/5.0 (compatible; Googlebot/2.1; +http://www.google.com/bot.html)"
66.249.66.77 - - [01/Jun/2012:17:31:13 +0600] "GET /content/view/1001/149/ HTTP/1.0" 200 19269 "-" "Mozilla/5.0 (compatible; Googlebot/2.1; +http://www.google.com/bot.html)"
94.41.94.178 - - [01/Jun/2012:17:31:23 +0600] "GET / HTTP/1.0" 200 6976 "http://yandex.ru/yandsearch?text=csdb.ufanet.ru&clid=740028&lr=172&rstr=-172" "Mozilla/5.0 (Windows NT 6.1; rv:11.0) Gecko/20100101 Firefox/11.0"
66.249.66.77 - - [01/Jun/2012:17:31:39 +0600] "GET /content/view/448/ HTTP/1.0" 200 5348 "-" "Mozilla/5.0 (compatible; Googlebot/2.1; +http://www.google.com/bot.html)"
94.41.94.178 - - [01/Jun/2012:17:32:37 +0600] "POST / HTTP/1.0" 200 197 "http://csdb.ufanet.ru/" "Mozilla/5.0 (Windows NT 6.1; rv:11.0) Gecko/20100101 Firefox/11.0"
94.41.94.178 - - [01/Jun/2012:17:32:42 +0600] "GET / HTTP/1.0" 200 6976 "http://yandex.ru/yandsearch?text=csdb.ufanet.ru&clid=740028&lr=172&rstr=-172" "Mozilla/5.0 (Windows NT 6.1; rv:11.0) Gecko/20100101 Firefox/11.0"
74.125.17.86 - - [01/Jun/2012:17:33:00 +0600] "GET /content/view/280/118/ HTTP/1.0" 200 33990 "http://www.google.com/search" "Mozilla/5.0 (X11; Linux x86_64) AppleWebKit/535.1 (KHTML, like Gecko; Google Web Preview) Chrome/12.0.742 Safari/535.1"
178.154.163.30 - - [01/Jun/2012:17:33:04 +0600] "GET /content/view/40/194/ HTTP/1.0" 200 5815 "-" "Mozilla/5.0 (compatible; YandexBot/3.0; +http://yandex.com/bots)"
178.122.110.199 - - [01/Jun/2012:17:33:45 +0600] "GET /content/view/280/118/ HTTP/1.0" 200 33986 "http://www.google.by/url?sa=t&rct=j&q=%D0%BB%D0%B5%D1%82%D0%BE%20%D0%B8%20%D0%BA%D0%BD%D0%B8%D0%B3%D0%B0%20%D1%81%D1%86%D0%B5%D0%BD%D0%B0%D1%80%D0%B8%D0%B8&source=web&cd=58&ved=0CF0QFjAHODI&url=http%3A%2F%2Fcsdb.ufanet.ru%2Fcontent%2Fview%2F280%2F118%2F&ei=XajIT7b_E4_N4QTu_5kM&usg=AFQjCNEXBMgcSvp1GGOAAhtZfeSMaRR6Tw" "Mozilla/5.0 (Windows NT 5.1; rv:11.0) Gecko/20100101 Firefox/11.0"
66.249.66.77 - - [01/Jun/2012:17:34:29 +0600] "GET /content/view/1001/157/ HTTP/1.0" 200 19285 "-" "Mozilla/5.0 (compatible; Googlebot/2.1; +http://www.google.com/bot.html)"
65.52.111.7 - - [01/Jun/2012:17:34:42 +0600] "GET /index.php?option=com_content&task=view&id=125&Itemid=62 HTTP/1.0" 200 5569 "-" "Mozilla/5.0 (compatible; bingbot/2.0; +http://www.bing.com/bingbot.htm)"
94.41.94.178 - - [01/Jun/2012:17:34:47 +0600] "POST / HTTP/1.0" 200 197 "http://csdb.ufanet.ru/" "Mozilla/5.0 (Windows NT 6.1; rv:11.0) Gecko/20100101 Firefox/11.0"
94.41.94.178 - - [01/Jun/2012:17:34:51 +0600] "GET / HTTP/1.0" 200 6977 "http://yandex.ru/yandsearch?text=csdb.ufanet.ru&clid=740028&lr=172&rstr=-172" "Mozilla/5.0 (Windows NT 6.1; rv:11.0) Gecko/20100101 Firefox/11.0"
94.41.94.178 - - [01/Jun/2012:17:36:12 +0600] "POST / HTTP/1.0" 200 197 "http://csdb.ufanet.ru/" "Mozilla/5.0 (Windows NT 6.1; rv:11.0) Gecko/20100101 Firefox/11.0"
178.154.163.30 - - [01/Jun/2012:17:36:13 +0600] "GET /content/view/57/53 HTTP/1.0" 200 21331 "-" "Mozilla/5.0 (compatible; YandexBot/3.0; +http://yandex.com/bots)"
94.41.94.178 - - [01/Jun/2012:17:36:15 +0600] "GET / HTTP/1.0" 200 6976 "http://yandex.ru/yandsearch?text=csdb.ufanet.ru&clid=740028&lr=172&rstr=-172" "Mozilla/5.0 (Windows NT 6.1; rv:11.0) Gecko/20100101 Firefox/11.0"
94.180.197.197 - - [01/Jun/2012:17:36:58 +0600] "GET / HTTP/1.0" 200 6933 "http://yandex.ru/yandsearch?text=%e1%e8%e1%eb%e8%ee%f2%e5%ea%e0&lr=213" "Opera/9.80 (Windows NT 5.1; U; ru) Presto/2.6.30 Version/10.63"
94.180.197.197 - - [01/Jun/2012:17:37:01 +0600] "GET /images/cgdb.swf HTTP/1.0" 200 19792297 "http://csdb.ufanet.ru/" "Opera/9.80 (Windows NT 5.1; U; ru) Presto/2.6.30 Version/10.63"
66.249.66.77 - - [01/Jun/2012:17:37:06 +0600] "GET /content/view/1001/160/ HTTP/1.0" 200 19295 "-" "Mozilla/5.0 (compatible; Googlebot/2.1; +http://www.google.com/bot.html)"
66.249.66.77 - - [01/Jun/2012:17:38:08 +0600] "GET /content/view/812/252/ HTTP/1.0" 200 5081 "-" "Mozilla/5.0 (compatible; Googlebot/2.1; +http://www.google.com/bot.html)"
66.249.66.77 - - [01/Jun/2012:17:41:12 +0600] "GET /content/view/254/ HTTP/1.0" 200 5699 "-" "Mozilla/5.0 (compatible; Googlebot/2.1; +http://www.google.com/bot.html)"
213.87.140.101 - - [01/Jun/2012:17:41:46 +0600] "GET /content/view/976/1/ HTTP/1.0" 200 7401 "http://yandex.ru/yandsearch?p=1&text=%D0%BC%D0%B5%D1%80%D0%BE%D0%BF%D1%80%D0%B8%D1%8F%D1%82%D0%B8%D0%B5+%D0%BA%D0%BE+%D0%B4%D0%BD%D1%8E+%D0%B7%D0%B0%D1%89%D0%B8%D1%82%D1%8B+%D0%B4%D0%B5%D1%82%D0%B5%D0%B9+%D0%B2+%D0%B1%D0%B8%D0%B1%D0%BB%D0%B8%D0%BE%D1%82%D0%B5%D0%BA%D0%B5&lr=213" "Mozilla/5.0 (Windows NT 6.1; WOW64) AppleWebKit/535.2 (KHTML, like Gecko) Chrome/15.0.874.120 Safari/535.2"
66.249.66.77 - - [01/Jun/2012:17:42:14 +0600] "GET /content/view/144/1/ HTTP/1.0" 200 6683 "-" "Mozilla/5.0 (compatible; Googlebot/2.1; +http://www.google.com/bot.html)"
95.220.252.87 - - [01/Jun/2012:17:43:04 +0600] "GET /content/view/282/ HTTP/1.0" 200 31135 "http://yandex.ru/yandsearch?text=csdb.ufanet.ru&lr=213" "Mozilla/4.0 (compatible; MSIE 6.0; Windows NT 5.1; SV1)"
65.52.110.199 - - [01/Jun/2012:17:43:44 +0600] "GET /content/view/970/55/ HTTP/1.0" 200 5125 "-" "Mozilla/5.0 (compatible; bingbot/2.0; +http://www.bing.com/bingbot.htm)"
66.249.66.77 - - [01/Jun/2012:17:43:56 +0600] "GET /content/view/819/239/ HTTP/1.0" 200 3004 "-" "Mozilla/5.0 (compatible; Googlebot/2.1; +http://www.google.com/bot.html)"
66.249.66.77 - - [01/Jun/2012:17:45:37 +0600] "GET /content/view/794/115/ HTTP/1.0" 200 5662 "-" "Mozilla/5.0 (compatible; Googlebot/2.1; +http://www.google.com/bot.html)"
92.62.49.214 - - [01/Jun/2012:17:46:16 +0600] "GET /content/view/385/164 HTTP/1.0" 200 9882 "http://yandex.ru/yandsearch?text=%D0%94%D1%80%D1%83%D0%B3%D0%BE%D0%B9%2C+%D0%B4%D1%80%D1%83%D0%B3%D0%B8%D0%B5%2C+%D0%BE+%D0%B4%D1%80%D1%83%D0%B3%D0%B8%D1%85%3A++%D0%94%D0%B5%D1%82%D1%81%D0%BA%D0%B8%D0%B9+%D0%BF%D1%80%D0%BE%D0%B5%D0%BA%D1%82+%D0%9B%D1%8E%D0%B4%D0%BC%D0%B8%D0%BB%D1%8B+%D0%A3%D0%BB%D0%B8%D1%86%D0%BA%D0%BE%D0%B9.+%D0%A1%D0%B5%D0%BC%D1%8C%D1%8F+%D1%83+%D0%BD%D0%B0%D1%81+%D0%B8+%D1%83+%D0%B4%D1%80%D1%83%D0%B3%D0%B8%D1%85+++++++++++++++++%28%D0%B8+%D0%B4%D1%80.+%D0%BA%D0%BD%D0%B8%D0%B3%D0%B8+%D1%81%D0%B5%D1%80%D0%B8%D0%B8%29%09%D0%A2%D0%B8%D0%BC%D0%B5%D0%BD%D1%87%D0%B8%D0%BA+%D0%92.%D0%9C.+&clid=46511&lr=2" "Mozilla/5.0 (Windows; U; Windows NT 5.1; ru; rv:1.9.2.13) Gecko/20101203 Firefox/3.6.13"
65.52.109.62 - - [01/Jun/2012:17:46:41 +0600] "GET /content/view/473/218/ HTTP/1.0" 200 3673 "-" "Mozilla/5.0 (compatible; bingbot/2.0; +http://www.bing.com/bingbot.htm)"
92.62.49.214 - - [01/Jun/2012:17:47:03 +0600] "GET /content/view/397/189/ HTTP/1.0" 200 5411 "http://csdb.ufanet.ru/content/view/385/164" "Mozilla/5.0 (Windows; U; Windows NT 5.1; ru; rv:1.9.2.13) Gecko/20101203 Firefox/3.6.13"
92.62.49.214 - - [01/Jun/2012:17:47:03 +0600] "GET /content/view/397/189/ HTTP/1.0" 200 5411 "http://csdb.ufanet.ru/content/view/385/164" "Mozilla/5.0 (Windows; U; Windows NT 5.1; ru; rv:1.9.2.13) Gecko/20101203 Firefox/3.6.13"
92.62.49.214 - - [01/Jun/2012:17:47:04 +0600] "GET /mambots/content/jw_allvideos/players/mediaplayer_4.0.46.swf HTTP/1.0" 200 38096 "http://csdb.ufanet.ru/content/view/397/189/" "Mozilla/5.0 (Windows; U; Windows NT 5.1; ru; rv:1.9.2.13) Gecko/20101203 Firefox/3.6.13"
92.62.49.214 - - [01/Jun/2012:17:47:04 +0600] "GET /images/stories/videos/main1.flv HTTP/1.0" 200 5858127 "-" "Mozilla/5.0 (Windows; U; Windows NT 5.1; ru; rv:1.9.2.13) Gecko/20101203 Firefox/3.6.13"
66.249.66.77 - - [01/Jun/2012:17:47:38 +0600] "GET /content/view/821/64/ HTTP/1.0" 200 5094 "-" "Mozilla/5.0 (compatible; Googlebot/2.1; +http://www.google.com/bot.html)"
68.233.226.103 - - [01/Jun/2012:17:48:19 +0600] "GET /content/blogcategory/1/66/5/250/content/view/13/51/content/view/811/1/ HTTP/1.0" 200 18418 "-" "Mozilla/5.0 (Windows NT 5.1) AppleWebKit/535.2 (KHTML, like Gecko) Chrome/15.0.872.0 Safari/535.2"
68.233.226.103 - - [01/Jun/2012:17:50:32 +0600] "GET /content/blogcategory/1/66/5/250/content/view/13/51/content/view/970/1/ HTTP/1.0" 200 18418 "-" "Mozilla/5.0 (Windows NT 5.1) AppleWebKit/535.2 (KHTML, like Gecko) Chrome/15.0.872.0 Safari/535.2"
178.154.163.30 - - [01/Jun/2012:17:52:04 +0600] "GET /content/view/385/164 HTTP/1.0" 200 9881 "-" "Mozilla/5.0 (compatible; YandexBot/3.0; +http://yandex.com/bots)"
66.249.66.77 - - [01/Jun/2012:17:52:47 +0600] "GET /content/view/738/90/ HTTP/1.0" 200 4867 "-" "Mozilla/5.0 (compatible; Googlebot/2.1; +http://www.google.com/bot.html)"
66.249.66.77 - - [01/Jun/2012:17:54:21 +0600] "GET /content/view/741/90/ HTTP/1.0" 200 4594 "-" "Mozilla/5.0 (compatible; Googlebot/2.1; +http://www.google.com/bot.html)"
66.249.66.77 - - [01/Jun/2012:17:55:21 +0600] "GET /content/view/745/90/ HTTP/1.0" 200 4866 "-" "Mozilla/5.0 (compatible; Googlebot/2.1; +http://www.google.com/bot.html)"
66.249.66.77 - - [01/Jun/2012:17:55:41 +0600] "GET /content/view/1001/194/ HTTP/1.0" 200 19286 "-" "Mozilla/5.0 (compatible; Googlebot/2.1; +http://www.google.com/bot.html)"
68.233.226.103 - - [01/Jun/2012:17:56:07 +0600] "GET /content/view/1001/1/ HTTP/1.0" 200 337474 "-" "Mozilla/5.0 (Windows NT 5.1) AppleWebKit/535.2 (KHTML, like Gecko) Chrome/15.0.872.0 Safari/535.2"
66.249.66.77 - - [01/Jun/2012:17:56:42 +0600] "GET /index2.php?option=com_content&task=view&id=1001&pop=1&page=0&Itemid=1 HTTP/1.0" 200 14337 "-" "Mozilla/5.0 (compatible; Googlebot/2.1; +http://www.google.com/bot.html)"
66.249.72.137 - - [01/Jun/2012:18:00:02 +0600] "GET /content/view/952/235/ HTTP/1.0" 200 4143 "-" "Mozilla/5.0 (compatible; Googlebot/2.1; +http://www.google.com/bot.html)"
66.249.72.137 - - [01/Jun/2012:18:00:08 +0600] "GET /content/view/541/90/ HTTP/1.0" 200 4531 "-" "Mozilla/5.0 (compatible; Googlebot/2.1; +http://www.google.com/bot.html)"
66.249.66.77 - - [01/Jun/2012:18:01:23 +0600] "GET /content/view/738/67/ HTTP/1.0" 200 4317 "-" "Mozilla/5.0 (compatible; Googlebot/2.1; +http://www.google.com/bot.html)"
178.154.163.30 - - [01/Jun/2012:18:01:37 +0600] "GET / HTTP/1.0" 200 6976 "-" "Mozilla/5.0 (compatible; YandexDirect/3.0; +http://yandex.com/bots)"
66.249.66.77 - - [01/Jun/2012:18:03:24 +0600] "GET /content/view/536/ HTTP/1.0" 200 4020 "-" "Mozilla/5.0 (compatible; Googlebot/2.1; +http://www.google.com/bot.html)"
65.52.111.7 - - [01/Jun/2012:18:03:48 +0600] "GET /index.php?option=com_content&task=view&id=124&Itemid=62 HTTP/1.0" 200 7096 "-" "Mozilla/5.0 (compatible; bingbot/2.0; +http://www.bing.com/bingbot.htm)"
66.249.66.77 - - [01/Jun/2012:18:05:04 +0600] "GET /content/view/739/67/ HTTP/1.0" 200 3985 "-" "Mozilla/5.0 (compatible; Googlebot/2.1; +http://www.google.com/bot.html)"
66.249.66.77 - - [01/Jun/2012:18:05:24 +0600] "GET /content/view/695/239/ HTTP/1.0" 200 3004 "-" "Mozilla/5.0 (compatible; Googlebot/2.1; +http://www.google.com/bot.html)"
68.233.226.103 - - [01/Jun/2012:18:05:29 +0600] "GET /content/view/752/66/ HTTP/1.0" 200 18658 "-" "Mozilla/5.0 (Windows NT 5.1) AppleWebKit/535.2 (KHTML, like Gecko) Chrome/15.0.872.0 Safari/535.2"
68.233.226.103 - - [01/Jun/2012:18:08:53 +0600] "GET /content/view/752/183/ HTTP/1.0" 200 18673 "-" "Mozilla/5.0 (Windows NT 5.1) AppleWebKit/535.2 (KHTML, like Gecko) Chrome/15.0.872.0 Safari/535.2"
66.249.66.77 - - [01/Jun/2012:18:09:26 +0600] "GET /content/view/226/5/ HTTP/1.0" 200 5806 "-" "Mozilla/5.0 (compatible; Googlebot/2.1; +http://www.google.com/bot.html)"
66.249.66.77 - - [01/Jun/2012:18:10:59 +0600] "GET /content/view/996/66/ HTTP/1.0" 200 6957 "-" "Mozilla/5.0 (compatible; Googlebot/2.1; +http://www.google.com/bot.html)"
66.249.66.77 - - [01/Jun/2012:18:11:07 +0600] "GET /content/view/219/5/ HTTP/1.0" 200 6062 "-" "Mozilla/5.0 (compatible; Googlebot/2.1; +http://www.google.com/bot.html)"
66.249.66.77 - - [01/Jun/2012:18:11:25 +0600] "GET /content/view/1001/52/ HTTP/1.0" 200 19278 "-" "Mozilla/5.0 (compatible; Googlebot/2.1; +http://www.google.com/bot.html)"
66.249.66.77 - - [01/Jun/2012:18:11:47 +0600] "GET /content/view/697/132/ HTTP/1.0" 200 5083 "-" "Mozilla/5.0 (compatible; Googlebot/2.1; +http://www.google.com/bot.html)"
213.180.206.197 - - [01/Jun/2012:18:16:22 +0600] "GET / HTTP/1.0" 200 25470 "-" "Mozilla/5.0 (compatible; YandexMetrika/2.0; +http://yandex.com/bots)"
66.249.66.77 - - [01/Jun/2012:18:16:30 +0600] "GET /content/view/709/56/ HTTP/1.0" 200 3927 "-" "Mozilla/5.0 (compatible; Googlebot/2.1; +http://www.google.com/bot.html)"
66.249.66.77 - - [01/Jun/2012:18:17:51 +0600] "GET /content/view/723/107/ HTTP/1.0" 200 5094 "-" "Mozilla/5.0 (compatible; Googlebot/2.1; +http://www.google.com/bot.html)"
46.249.0.31 - - [01/Jun/2012:18:17:51 +0600] "GET /content/view/281 HTTP/1.0" 200 36129 "http://go.mail.ru/search?q=%D0%B4%D0%BE%D1%88%D0%BA%D0%BE%D0%BB%D1%8C%D0%BD%D0%BE%D0%B5+%D0%B2%D0%BE%D1%81%D0%BF%D0%B8%D1%82%D0%B0%D0%BD%D0%B8%D0%B5++%D0%92%D0%AB%D0%A0%D0%A3%D0%A7%D0%90%D0%9B%D0%9E%D0%A7%D0%9A%D0%90+%28+%D0%BD%D0%B0%D0%B3%D0%BB%D1%8F%D0%B4%D0%BD%D0%BE%D1%81%D1%82%D1%8C+%D0%B4%D0%BB%D1%8F+%D0%B4%D0%B5%D1%82%D1%81%D0%BA%D0%B8%D1%85+%D1%81%D0%B0%D0%B4%D0%BE%D0%B2%3A+%D1%81%D1%85%D0%B5%D0%BC%D1%8B%2C+%D0%B0%D0%BB%D0%B3%D0%BE%D1%80%D0%B8%D1%82%D0%BC%D1%8B%2C+%D0%BC%D0%BE%D0%B4%D0%B5%D0%BB%D0%B8+%D0%B8+%D0%BC%D0%BD%D0%BE%D0%B3%D0%BE%D0%B5+%D0%B4%D1%80%D1%83%D0%B3%D0%BE%D0%B5+%29+" "Mozilla/5.0 (Windows NT 6.1; WOW64) AppleWebKit/535.11 (KHTML, like Gecko) Chrome/17.0.963.46 Safari/535.11 MRCHROME"
46.249.0.31 - - [01/Jun/2012:18:18:05 +0600] "GET /content/category/5/18/47/ HTTP/1.0" 200 5520 "http://csdb.ufanet.ru/content/view/281" "Mozilla/5.0 (Windows NT 6.1; WOW64) AppleWebKit/535.11 (KHTML, like Gecko) Chrome/17.0.963.46 Safari/535.11 MRCHROME"
46.249.0.31 - - [01/Jun/2012:18:18:12 +0600] "GET /content/section/6/53/ HTTP/1.0" 200 5216 "http://csdb.ufanet.ru/content/category/5/18/47/" "Mozilla/5.0 (Windows NT 6.1; WOW64) AppleWebKit/535.11 (KHTML, like Gecko) Chrome/17.0.963.46 Safari/535.11 MRCHROME"
46.249.0.31 - - [01/Jun/2012:18:18:14 +0600] "GET /content/category/6/21/53/ HTTP/1.0" 200 5299 "http://csdb.ufanet.ru/content/section/6/53/" "Mozilla/5.0 (Windows NT 6.1; WOW64) AppleWebKit/535.11 (KHTML, like Gecko) Chrome/17.0.963.46 Safari/535.11 MRCHROME"
68.233.226.103 - - [01/Jun/2012:18:21:56 +0600] "GET /content/view/752/160/ HTTP/1.0" 200 18830 "-" "Mozilla/5.0 (Windows NT 5.1) AppleWebKit/535.2 (KHTML, like Gecko) Chrome/15.0.872.0 Safari/535.2"
66.249.66.77 - - [01/Jun/2012:18:22:11 +0600] "GET /content/view/710/56/ HTTP/1.0" 200 3849 "-" "Mozilla/5.0 (compatible; Googlebot/2.1; +http://www.google.com/bot.html)"
66.249.66.77 - - [01/Jun/2012:18:24:00 +0600] "GET /content/view/1001/64/ HTTP/1.0" 200 19275 "-" "Mozilla/5.0 (compatible; Googlebot/2.1; +http://www.google.com/bot.html)"
95.137.66.185 - - [01/Jun/2012:18:27:00 +0600] "GET /content/view/241/66/ HTTP/1.0" 200 5778 "http://www.google.ru/url?sa=t&rct=j&q=%D0%B4%D0%B5%D0%BD%D1%8C%20%D0%BF%D0%B0%D0%BC%D1%8F%D1%82%D0%B8%20%D0%B8%20%D1%81%D0%BA%D0%BE%D1%80%D0%B1%D0%B8%20%D0%B2%D1%8B%D1%81%D1%82%D0%B0%D0%B2%D0%BA%D0%B8%20%D0%B2%20%D0%B1%D0%B8%D0%B1%D0%BB%D0%B8%D0%BE%D1%82%D0%B5%D0%BA%D0%B0%D1%85&source=web&cd=2&sqi=2&ved=0CFQQFjAB&url=http%3A%2F%2Fcsdb.ufanet.ru%2Fcontent%2Fview%2F241%2F66%2F&ei=CLXIT-j7DbDZ4QSvp_XuDw&usg=AFQjCNEBk6EhuS2fxbbd8TP389ez2UpLNA&cad=rjt" "Mozilla/5.0 (Windows NT 5.1; rv:12.0) Gecko/20100101 Firefox/12.0"
66.249.66.77 - - [01/Jun/2012:18:28:13 +0600] "GET /content/view/1001/252/ HTTP/1.0" 200 19265 "-" "Mozilla/5.0 (compatible; Googlebot/2.1; +http://www.google.com/bot.html)"
178.154.163.30 - - [01/Jun/2012:18:34:08 +0600] "GET /content/view/241/66/ HTTP/1.0" 200 5778 "-" "Mozilla/5.0 (compatible; YandexBot/3.0; +http://yandex.com/bots)"
66.249.66.77 - - [01/Jun/2012:18:34:09 +0600] "GET /content/view/186/5/ HTTP/1.0" 200 5837 "-" "Mozilla/5.0 (compatible; Googlebot/2.1; +http://www.google.com/bot.html)"
92.112.69.57 - - [01/Jun/2012:18:34:42 +0600] "GET /content/view/14/47/ HTTP/1.0" 200 6340 "-" "Mozilla/5.0 (Windows NT 5.0; rv:12.0) Gecko/20100101 Firefox/12.0"
66.249.66.77 - - [01/Jun/2012:18:35:50 +0600] "GET /content/view/723/117/ HTTP/1.0" 200 5095 "-" "Mozilla/5.0 (compatible; Googlebot/2.1; +http://www.google.com/bot.html)"
109.207.13.31 - - [01/Jun/2012:18:36:14 +0600] "GET / HTTP/1.0" 200 6913 "-" "SearchBot"
95.128.244.10 - - [01/Jun/2012:18:36:32 +0600] "GET /content/view/57/53 HTTP/1.0" 200 21330 "http://yandex.ru/yandsearch?text=%D1%8E.+%D0%B2%D0%B8%D0%B9%D1%80%D0%B0.+%D1%81%D0%B0%D0%BC%D1%8B%D0%B5+%D0%B2%D0%B5%D1%81%D0%B5%D0%BB%D1%8B%D0%B5+%D0%B7%D0%B0%D0%B2%D0%B8%D0%B9%D0%B9%D1%80%D0%B0%D0%BB%D1%8C%D0%BD%D1%8B%D0%B5+%D0%B8%D1%81%D1%82%D0%BE%D1%80%D0%B8%D0%B8.+%D0%BE%D1%81%D0%BD%D0%BE%D0%B2%D0%BD%D0%B0%D1%8F+%D0%BC%D1%8B%D1%81%D0%BB%D1%8C&clid=1787317&lr=213" "Mozilla/5.0 (compatible; MSIE 9.0; Windows NT 6.1; WOW64; Trident/5.0)"
68.233.226.103 - - [01/Jun/2012:18:36:50 +0600] "GET /content/view/752/194/ HTTP/1.0" 200 18658 "-" "Mozilla/5.0 (Windows NT 5.1) AppleWebKit/535.2 (KHTML, like Gecko) Chrome/15.0.872.0 Safari/535.2"
217.118.90.131 - - [01/Jun/2012:18:37:35 +0600] "GET /component/option,com_joomap/Itemid,64/ HTTP/1.0" 200 19512 "http://www.bing.com/search?q=%D0%BB%D0%B8%D0%B7%D0%B0+%D0%B0%D0%B3%D0%B8%D1%88%D0%B5%D0%B2%D0%B0&form=AARTDF&pc=MAAR&src=IE-SearchBox" "Mozilla/4.0 (compatible; MSIE 8.0; Windows NT 6.1; Trident/4.0; SLCC2; .NET CLR 2.0.50727; .NET CLR 3.5.30729; .NET CLR 3.0.30729; eSobiSubscriber 2.0.4.16; MAAR; .NET4.0C)"
217.118.90.233 - - [01/Jun/2012:18:38:28 +0600] "GET /content/view/868/223/ HTTP/1.0" 200 5039 "http://csdb.ufanet.ru/component/option,com_joomap/Itemid,64/" "Mozilla/4.0 (compatible; MSIE 8.0; Windows NT 6.1; Trident/4.0; SLCC2; .NET CLR 2.0.50727; .NET CLR 3.5.30729; .NET CLR 3.0.30729; eSobiSubscriber 2.0.4.16; MAAR; .NET4.0C)"
217.118.90.233 - - [01/Jun/2012:18:39:25 +0600] "GET /component/option,com_joomap/Itemid,64/ HTTP/1.0" 200 19505 "http://www.bing.com/search?q=%D0%BB%D0%B8%D0%B7%D0%B0+%D0%B0%D0%B3%D0%B8%D1%88%D0%B5%D0%B2%D0%B0&form=AARTDF&pc=MAAR&src=IE-SearchBox" "Mozilla/4.0 (compatible; MSIE 8.0; Windows NT 6.1; Trident/4.0; SLCC2; .NET CLR 2.0.50727; .NET CLR 3.5.30729; .NET CLR 3.0.30729; eSobiSubscriber 2.0.4.16; MAAR; .NET4.0C)"
68.233.226.103 - - [01/Jun/2012:18:39:31 +0600] "GET /content/view/1001/5/ HTTP/1.0" 200 335881 "-" "Mozilla/5.0 (Windows NT 5.1) AppleWebKit/535.2 (KHTML, like Gecko) Chrome/15.0.872.0 Safari/535.2"
66.249.66.77 - - [01/Jun/2012:18:40:35 +0600] "GET /content/view/552/67/ HTTP/1.0" 200 4068 "-" "Mozilla/5.0 (compatible; Googlebot/2.1; +http://www.google.com/bot.html)"
217.118.90.233 - - [01/Jun/2012:18:41:38 +0600] "GET /content/category/14/42/183/ HTTP/1.0" 200 5776 "http://csdb.ufanet.ru/component/option,com_joomap/Itemid,64/" "Mozilla/4.0 (compatible; MSIE 8.0; Windows NT 6.1; Trident/4.0; SLCC2; .NET CLR 2.0.50727; .NET CLR 3.5.30729; .NET CLR 3.0.30729; eSobiSubscriber 2.0.4.16; MAAR; .NET4.0C)"
66.249.66.77 - - [01/Jun/2012:18:43:24 +0600] "GET /content/view/997/66/ HTTP/1.0" 200 5999 "-" "Mozilla/5.0 (compatible; Googlebot/2.1; +http://www.google.com/bot.html)"
217.118.90.26 - - [01/Jun/2012:18:47:12 +0600] "GET /content/view/699/183/ HTTP/1.0" 200 6610 "http://csdb.ufanet.ru/content/category/14/42/183/" "Mozilla/4.0 (compatible; MSIE 8.0; Windows NT 6.1; Trident/4.0; SLCC2; .NET CLR 2.0.50727; .NET CLR 3.5.30729; .NET CLR 3.0.30729; eSobiSubscriber 2.0.4.16; MAAR; .NET4.0C)"
217.118.90.26 - - [01/Jun/2012:18:47:39 +0600] "GET /content/view/699/183/1/1/ HTTP/1.0" 200 6530 "http://csdb.ufanet.ru/content/view/699/183/" "Mozilla/4.0 (compatible; MSIE 8.0; Windows NT 6.1; Trident/4.0; SLCC2; .NET CLR 2.0.50727; .NET CLR 3.5.30729; .NET CLR 3.0.30729; eSobiSubscriber 2.0.4.16; MAAR; .NET4.0C)"
217.118.90.26 - - [01/Jun/2012:18:47:59 +0600] "GET /content/view/699/183/1/2/ HTTP/1.0" 200 6291 "http://csdb.ufanet.ru/content/view/699/183/1/1/" "Mozilla/4.0 (compatible; MSIE 8.0; Windows NT 6.1; Trident/4.0; SLCC2; .NET CLR 2.0.50727; .NET CLR 3.5.30729; .NET CLR 3.0.30729; eSobiSubscriber 2.0.4.16; MAAR; .NET4.0C)"
217.118.90.26 - - [01/Jun/2012:18:48:15 +0600] "GET /content/view/699/183/ HTTP/1.0" 200 6614 "http://csdb.ufanet.ru/content/view/699/183/1/2/" "Mozilla/4.0 (compatible; MSIE 8.0; Windows NT 6.1; Trident/4.0; SLCC2; .NET CLR 2.0.50727; .NET CLR 3.5.30729; .NET CLR 3.0.30729; eSobiSubscriber 2.0.4.16; MAAR; .NET4.0C)"
178.154.163.30 - - [01/Jun/2012:18:48:50 +0600] "GET /content/view/14/47/ HTTP/1.0" 200 6340 "-" "Mozilla/5.0 (compatible; YandexBot/3.0; +http://yandex.com/bots)"
66.249.66.77 - - [01/Jun/2012:18:50:26 +0600] "GET /content/view/794/107/ HTTP/1.0" 200 5669 "-" "Mozilla/5.0 (compatible; Googlebot/2.1; +http://www.google.com/bot.html)"
66.249.66.77 - - [01/Jun/2012:18:56:46 +0600] "GET /content/view/728/53/ HTTP/1.0" 200 5134 "-" "Mozilla/5.0 (compatible; Googlebot/2.1; +http://www.google.com/bot.html)"
178.45.233.145 - - [01/Jun/2012:18:57:54 +0600] "GET /content/view/128/47 HTTP/1.0" 200 12516 "http://yandex.ru/yandsearch?p=5&text=%D0%BE+%D0%BC%D0%B8%D0%BD%D0%B8-%D0%BC%D1%83%D0%B7%D0%B5%D1%8F%D1%85&clid=37000&lr=42" "Mozilla/5.0 (Windows NT 6.1; rv:10.0.2) Gecko/20100101 Firefox/10.0.2"
213.180.206.197 - - [01/Jun/2012:18:58:27 +0600] "GET / HTTP/1.0" 200 25505 "-" "Mozilla/5.0 (compatible; YandexMetrika/2.0; +http://yandex.com/bots)"
66.249.66.77 - - [01/Jun/2012:18:59:34 +0600] "GET /content/view/794/108/ HTTP/1.0" 200 5675 "-" "Mozilla/5.0 (compatible; Googlebot/2.1; +http://www.google.com/bot.html)"
66.249.72.137 - - [01/Jun/2012:19:03:58 +0600] "GET /content/view/735/67/ HTTP/1.0" 200 3981 "-" "Mozilla/5.0 (compatible; Googlebot/2.1; +http://www.google.com/bot.html)"
66.249.66.77 - - [01/Jun/2012:19:04:19 +0600] "GET /content/view/752/110/ HTTP/1.0" 200 5095 "-" "Mozilla/5.0 (compatible; Googlebot/2.1; +http://www.google.com/bot.html)"
95.105.73.233 - - [01/Jun/2012:19:06:27 +0600] "GET / HTTP/1.0" 200 6909 "-" "Opera/9.80 (Windows NT 5.1; U; ru) Presto/2.10.229 Version/11.62"
95.105.73.233 - - [01/Jun/2012:19:06:27 +0600] "GET /images/cgdb.swf HTTP/1.0" 200 19792297 "http://csdb.ufanet.ru/" "Opera/9.80 (Windows NT 5.1; U; ru) Presto/2.10.229 Version/11.62"
95.105.73.233 - - [01/Jun/2012:19:06:29 +0600] "GET /content/blogcategory/1/66/ HTTP/1.0" 200 7612 "http://csdb.ufanet.ru/" "Opera/9.80 (Windows NT 5.1; U; ru) Presto/2.10.229 Version/11.62"
95.105.73.233 - - [01/Jun/2012:19:06:47 +0600] "GET /content/view/996/66/ HTTP/1.0" 200 6917 "http://csdb.ufanet.ru/content/blogcategory/1/66/" "Opera/9.80 (Windows NT 5.1; U; ru) Presto/2.10.229 Version/11.62"
178.45.233.145 - - [01/Jun/2012:19:07:46 +0600] "GET /content/view/14/47/ HTTP/1.0" 200 6337 "http://csdb.ufanet.ru/content/view/128/47" "Mozilla/5.0 (Windows NT 6.1; rv:10.0.2) Gecko/20100101 Firefox/10.0.2"
178.45.233.145 - - [01/Jun/2012:19:07:51 +0600] "GET /content/view/128/47/ HTTP/1.0" 200 12516 "http://csdb.ufanet.ru/content/view/14/47/" "Mozilla/5.0 (Windows NT 6.1; rv:10.0.2) Gecko/20100101 Firefox/10.0.2"
66.249.72.137 - - [01/Jun/2012:19:08:52 +0600] "GET /content/view/227/5/ HTTP/1.0" 200 5686 "-" "Mozilla/5.0 (compatible; Googlebot/2.1; +http://www.google.com/bot.html)"
66.249.66.77 - - [01/Jun/2012:19:09:13 +0600] "GET /content/view/1001/115/ HTTP/1.0" 200 19267 "-" "Mozilla/5.0 (compatible; Googlebot/2.1; +http://www.google.com/bot.html)"
66.249.72.137 - - [01/Jun/2012:19:11:25 +0600] "GET /content/view/922/150/ HTTP/1.0" 200 5096 "-" "Mozilla/5.0 (compatible; Googlebot/2.1; +http://www.google.com/bot.html)"
178.124.209.0 - - [01/Jun/2012:19:12:19 +0600] "GET /content/view/643/52 HTTP/1.0" 200 7986 "-" "Opera/9.62 (Windows NT 5.2; U; ru) Presto/2.1.1"
178.154.163.30 - - [01/Jun/2012:19:13:45 +0600] "GET /content/view/128/47/ HTTP/1.0" 200 12516 "-" "Mozilla/5.0 (compatible; YandexBot/3.0; +http://yandex.com/bots)"
66.249.66.77 - - [01/Jun/2012:19:13:47 +0600] "GET /content/view/773/1/ HTTP/1.0" 200 5527 "-" "Mozilla/5.0 (compatible; Googlebot/2.1; +http://www.google.com/bot.html)"
178.154.163.30 - - [01/Jun/2012:19:14:21 +0600] "GET /content/view/996/66/ HTTP/1.0" 200 6958 "-" "Mozilla/5.0 (compatible; YandexBot/3.0; +http://yandex.com/bots)"
66.249.72.137 - - [01/Jun/2012:19:15:23 +0600] "GET /content/view/1000/66/ HTTP/1.0" 200 6120 "-" "Mozilla/5.0 (compatible; Googlebot/2.1; +http://www.google.com/bot.html)"
66.249.66.77 - - [01/Jun/2012:19:17:31 +0600] "GET /content/view/775/157/ HTTP/1.0" 200 5112 "-" "Mozilla/5.0 (compatible; Googlebot/2.1; +http://www.google.com/bot.html)"
66.249.66.77 - - [01/Jun/2012:19:18:35 +0600] "GET /content/view/1001/107/ HTTP/1.0" 200 19272 "-" "Mozilla/5.0 (compatible; Googlebot/2.1; +http://www.google.com/bot.html)"
66.249.66.77 - - [01/Jun/2012:19:19:13 +0600] "GET /content/view/409/90/ HTTP/1.0" 200 5169 "-" "Mozilla/5.0 (compatible; Googlebot/2.1; +http://www.google.com/bot.html)"
66.249.72.137 - - [01/Jun/2012:19:22:36 +0600] "GET /content/view/230/ HTTP/1.0" 200 5661 "-" "Mozilla/5.0 (compatible; Googlebot/2.1; +http://www.google.com/bot.html)"
66.249.72.137 - - [01/Jun/2012:19:29:56 +0600] "GET /content/view/1001/53/ HTTP/1.0" 200 19297 "-" "Mozilla/5.0 (compatible; Googlebot/2.1; +http://www.google.com/bot.html)"
66.249.66.77 - - [01/Jun/2012:19:30:23 +0600] "GET /content/view/775/235/ HTTP/1.0" 200 4143 "-" "Mozilla/5.0 (compatible; Googlebot/2.1; +http://www.google.com/bot.html)"
207.46.199.15 - - [01/Jun/2012:19:30:32 +0600] "GET /index.php?option=com_content&task=view&id=57&Itemid=53 HTTP/1.0" 200 21325 "-" "Mozilla/4.0 (compatible; MSIE 7.0; Windows NT 5.2;  SV1;  .NET CLR 1.1.4322;  .NET CLR 2.0.40607;  .NET CLR 3.0.30729;  .NET CLR 3.5.30707;  MS-RTC LM 8)"
213.180.206.197 - - [01/Jun/2012:19:31:55 +0600] "GET / HTTP/1.0" 200 25470 "-" "Mozilla/5.0 (compatible; YandexMetrika/2.0; +http://yandex.com/bots)"
66.249.66.77 - - [01/Jun/2012:19:32:10 +0600] "GET /content/view/121/66/ HTTP/1.0" 200 5707 "-" "Mozilla/5.0 (compatible; Googlebot/2.1; +http://www.google.com/bot.html)"
66.249.66.77 - - [01/Jun/2012:19:35:25 +0600] "GET /content/view/695/157/ HTTP/1.0" 200 5111 "-" "Mozilla/5.0 (compatible; Googlebot/2.1; +http://www.google.com/bot.html)"
66.249.72.137 - - [01/Jun/2012:19:36:01 +0600] "GET /content/view/1001/110/ HTTP/1.0" 200 19277 "-" "Mozilla/5.0 (compatible; Googlebot/2.1; +http://www.google.com/bot.html)"
207.46.204.181 - - [01/Jun/2012:19:36:13 +0600] "GET / HTTP/1.0" 200 6953 "-" "Mozilla/5.0 (compatible; bingbot/2.0; +http://www.bing.com/bingbot.htm)"
68.233.226.103 - - [01/Jun/2012:19:39:03 +0600] "GET /content/view/793/111/index.php?option=com_search&Itemid=5 HTTP/1.0" 200 16411 "-" "Mozilla/5.0 (Windows NT 5.1) AppleWebKit/535.2 (KHTML, like Gecko) Chrome/15.0.872.0 Safari/535.2"
66.249.66.77 - - [01/Jun/2012:19:41:00 +0600] "GET /content/view/1001/117/ HTTP/1.0" 200 19276 "-" "Mozilla/5.0 (compatible; Googlebot/2.1; +http://www.google.com/bot.html)"
95.108.151.244 - - [01/Jun/2012:19:41:01 +0600] "GET / HTTP/1.0" 200 6953 "-" "Mozilla/5.0 (compatible; YandexBot/3.0; +http://yandex.com/bots)"
95.108.151.244 - - [01/Jun/2012:19:41:02 +0600] "GET / HTTP/1.0" 200 6953 "-" "Mozilla/5.0 (compatible; YandexBot/3.0; +http://yandex.com/bots)"
66.249.72.137 - - [01/Jun/2012:19:42:07 +0600] "GET /content/view/1001/132/ HTTP/1.0" 200 19262 "-" "Mozilla/5.0 (compatible; Googlebot/2.1; +http://www.google.com/bot.html)"
66.249.66.77 - - [01/Jun/2012:19:43:56 +0600] "GET /content/view/900/5/ HTTP/1.0" 200 5770 "-" "Mozilla/5.0 (compatible; Googlebot/2.1; +http://www.google.com/bot.html)"
213.87.134.136 - - [01/Jun/2012:19:44:37 +0600] "GET /content/view/448/66/ HTTP/1.0" 200 6435 "http://www.google.ru/search?q=%D1%85%D0%B0%D0%B9%D1%80%D1%83%D1%82%D0%B4%D0%B8%D0%BD%D0%BE%D0%B2%D0%B0+%D0%B4%D0%B8%D0%B0%D0%BD%D0%B0&hl=ru&newwindow=1&client=safari&prmd=imvnso&ei=1YvDT8WFFqaQ4gTF_7mNCg&start=30&sa=N&biw=480&bih=268" "Mozilla/5.0 (iPhone; CPU iPhone OS 5_1_1 like Mac OS X) AppleWebKit/534.46 (KHTML, like Gecko) Version/5.1 Mobile/9B206 Safari/7534.48.3"
178.154.163.30 - - [01/Jun/2012:19:44:41 +0600] "GET /content/view/204/47 HTTP/1.0" 200 10204 "-" "Mozilla/5.0 (compatible; YandexDirect/3.0; +http://yandex.com/bots)"
66.249.66.77 - - [01/Jun/2012:19:45:26 +0600] "GET /content/view/1001/235/ HTTP/1.0" 200 18294 "-" "Mozilla/5.0 (compatible; Googlebot/2.1; +http://www.google.com/bot.html)"
66.249.66.77 - - [01/Jun/2012:19:48:21 +0600] "GET /content/view/783/1/ HTTP/1.0" 200 5502 "-" "Mozilla/5.0 (compatible; Googlebot/2.1; +http://www.google.com/bot.html)"
66.249.66.77 - - [01/Jun/2012:19:50:26 +0600] "GET /content/view/775/128/ HTTP/1.0" 200 5085 "-" "Mozilla/5.0 (compatible; Googlebot/2.1; +http://www.google.com/bot.html)"
66.249.66.77 - - [01/Jun/2012:19:53:45 +0600] "GET /content/view/899/ HTTP/1.0" 200 4851 "-" "Mozilla/5.0 (compatible; Googlebot/2.1; +http://www.google.com/bot.html)"
66.249.66.77 - - [01/Jun/2012:19:53:48 +0600] "GET /content/view/900/ HTTP/1.0" 200 4684 "-" "Mozilla/5.0 (compatible; Googlebot/2.1; +http://www.google.com/bot.html)"
66.249.66.77 - - [01/Jun/2012:19:53:56 +0600] "GET /content/view/795/119/ HTTP/1.0" 200 5089 "-" "Mozilla/5.0 (compatible; Googlebot/2.1; +http://www.google.com/bot.html)"
95.25.163.168 - - [01/Jun/2012:19:56:33 +0600] "GET /files/ucazatel/gogol.pdf HTTP/1.0" 200 661633 "http://yandex.ru/yandsearch?text=%f8%e0%f4%f0%e0%ed%f1%ea%e0%ff+%fd.%f4." "Mozilla/4.0 (compatible; MSIE 6.0; Windows NT 5.1; SV1; .NET CLR 2.0.50727; InfoPath.2)"
95.25.163.168 - - [01/Jun/2012:19:56:34 +0600] "GET /files/ucazatel/gogol.pdf HTTP/1.0" 200 661633 "http://yandex.ru/yandsearch?text=%f8%e0%f4%f0%e0%ed%f1%ea%e0%ff+%fd.%f4." "Mozilla/4.0 (compatible; MSIE 6.0; Windows NT 5.1; SV1; .NET CLR 2.0.50727; InfoPath.2)"
66.249.66.77 - - [01/Jun/2012:19:58:09 +0600] "GET /content/view/786/66/ HTTP/1.0" 200 5802 "-" "Mozilla/5.0 (compatible; Googlebot/2.1; +http://www.google.com/bot.html)"
66.249.66.77 - - [01/Jun/2012:20:00:37 +0600] "GET /content/view/1001/150/ HTTP/1.0" 200 19275 "-" "Mozilla/5.0 (compatible; Googlebot/2.1; +http://www.google.com/bot.html)"
66.249.72.137 - - [01/Jun/2012:20:02:34 +0600] "GET /content/view/795/66/ HTTP/1.0" 200 5112 "-" "Mozilla/5.0 (compatible; Googlebot/2.1; +http://www.google.com/bot.html)"
213.180.206.197 - - [01/Jun/2012:20:03:30 +0600] "GET / HTTP/1.0" 200 25470 "-" "Mozilla/5.0 (compatible; YandexMetrika/2.0; +http://yandex.com/bots)"
213.180.22.143 - - [01/Jun/2012:20:05:03 +0600] "GET / HTTP/1.0" 200 6953 "http://yandex.ru/yandsearch?p=2&clid=49585&text=%D0%B4%D0%B5%D1%82%D1%81%D0%BA%D0%B0%D1%8F+%D0%B1%D0%B8%D0%B1%D0%BB%D0%B8%D0%BE%D1%82%D0%B5%D0%BA%D0%B0&lr=21037" "Mozilla/4.0 (compatible; MSIE 8.0; Windows NT 5.1; Trident/4.0; MRA 5.10 (build 5339); .NET CLR 1.1.4322; .NET CLR 3.0.04506.30; .NET CLR 3.0.04506.648; .NET CLR 3.0.4506.2152; .NET CLR 3.5.30729; OfficeLiveConnector.1.3; OfficeLivePatch.0.0; .NET CLR 2.0.50727)"
213.180.22.143 - - [01/Jun/2012:20:05:04 +0600] "GET /images/cgdb.swf HTTP/1.0" 200 19792297 "http://csdb.ufanet.ru/" "Mozilla/4.0 (compatible; MSIE 8.0; Windows NT 5.1; Trident/4.0; MRA 5.10 (build 5339); .NET CLR 1.1.4322; .NET CLR 3.0.04506.30; .NET CLR 3.0.04506.648; .NET CLR 3.0.4506.2152; .NET CLR 3.5.30729; OfficeLiveConnector.1.3; OfficeLivePatch.0.0; .NET CLR 2.0.50727)"
95.25.163.42 - - [01/Jun/2012:20:05:08 +0600] "GET /content/view/976/1/ HTTP/1.0" 200 29911 "http://yandex.ru/yandsearch?text=%ec%e5%f0%ee%ef%f0%e8%ff%f2%e8%ff+%ea%ee+%e4%ed%fe+%e7%e0%f9%e8%f2%fb+%e4%e5%f2%e5%e9" "Mozilla/4.0 (compatible; MSIE 6.0; Windows NT 5.0)"
66.249.72.137 - - [01/Jun/2012:20:05:17 +0600] "GET /content/view/802/5/ HTTP/1.0" 200 5831 "-" "Mozilla/5.0 (compatible; Googlebot/2.1; +http://www.google.com/bot.html)"
66.249.66.77 - - [01/Jun/2012:20:07:48 +0600] "GET /content/view/1001/108/ HTTP/1.0" 200 19278 "-" "Mozilla/5.0 (compatible; Googlebot/2.1; +http://www.google.com/bot.html)"
66.249.72.137 - - [01/Jun/2012:20:08:23 +0600] "GET /content/view/801/5/ HTTP/1.0" 200 5977 "-" "Mozilla/5.0 (compatible; Googlebot/2.1; +http://www.google.com/bot.html)"
66.249.66.77 - - [01/Jun/2012:20:09:19 +0600] "GET /content/view/883/5/ HTTP/1.0" 200 6002 "-" "Mozilla/5.0 (compatible; Googlebot/2.1; +http://www.google.com/bot.html)"
66.249.72.137 - - [01/Jun/2012:20:12:20 +0600] "GET /content/view/998/66/ HTTP/1.0" 200 5783 "-" "Mozilla/5.0 (compatible; Googlebot/2.1; +http://www.google.com/bot.html)"
66.249.66.77 - - [01/Jun/2012:20:12:22 +0600] "GET /content/view/901/ HTTP/1.0" 200 4708 "-" "Mozilla/5.0 (compatible; Googlebot/2.1; +http://www.google.com/bot.html)"
66.249.66.77 - - [01/Jun/2012:20:15:02 +0600] "GET /index2.php?option=com_content&task=view&id=1000&pop=1&page=0&Itemid=66 HTTP/1.0" 200 1628 "-" "Mozilla/5.0 (compatible; Googlebot/2.1; +http://www.google.com/bot.html)"
188.115.169.25 - - [01/Jun/2012:20:16:52 +0600] "GET /index.php HTTP/1.0" 200 25470 "http://csdb.ufanet.ru/index.php" "Mozilla/4.0 (compatible; MSIE 6.0; Windows NT 5.1) Netscape/8.0.4"
66.249.66.77 - - [01/Jun/2012:20:17:07 +0600] "GET /content/view/807/5/ HTTP/1.0" 200 5854 "-" "Mozilla/5.0 (compatible; Googlebot/2.1; +http://www.google.com/bot.html)"
91.201.64.24 - - [01/Jun/2012:20:18:24 +0600] "GET /content/view/970/1/ HTTP/1.0" 200 5499 "-" "Mozilla/5.0 (X11; U; Linux i686; pl; rv:1.8.0.7) Gecko/20060914 Firefox/1.5.0.7 (Swiftfox)"
66.249.66.77 - - [01/Jun/2012:20:21:31 +0600] "GET /content/view/807/1/ HTTP/1.0" 200 6247 "-" "Mozilla/5.0 (compatible; Googlebot/2.1; +http://www.google.com/bot.html)"
65.52.109.62 - - [01/Jun/2012:20:21:41 +0600] "GET /content/view/812/1/ HTTP/1.0" 200 5498 "-" "Mozilla/5.0 (compatible; bingbot/2.0; +http://www.bing.com/bingbot.htm)"
178.154.163.30 - - [01/Jun/2012:20:22:02 +0600] "GET / HTTP/1.0" 200 6950 "-" "Mozilla/5.0 (compatible; YandexDirect/3.0; +http://yandex.com/bots)"
66.249.66.77 - - [01/Jun/2012:20:23:09 +0600] "GET /content/view/795/160/ HTTP/1.0" 200 5117 "-" "Mozilla/5.0 (compatible; Googlebot/2.1; +http://www.google.com/bot.html)"
66.249.66.77 - - [01/Jun/2012:20:23:45 +0600] "GET /content/view/1001/119/ HTTP/1.0" 200 19268 "-" "Mozilla/5.0 (compatible; Googlebot/2.1; +http://www.google.com/bot.html)"
178.154.163.30 - - [01/Jun/2012:20:24:47 +0600] "GET /content/category/20/51/239 HTTP/1.0" 200 16262 "-" "Mozilla/5.0 (compatible; YandexDirect/3.0; +http://yandex.com/bots)"
207.46.13.143 - - [01/Jun/2012:20:26:44 +0600] "GET /index.php?option=com_content&task=view&id=17&Itemid=49 HTTP/1.0" 200 3755 "-" "Mozilla/5.0 (compatible; bingbot/2.0; +http://www.bing.com/bingbot.htm)"
212.92.241.83 - - [01/Jun/2012:20:26:57 +0600] "GET /content/blogcategory/1/66/ HTTP/1.0" 200 7656 "-" "Mozilla/5.0 (Windows NT 6.1) AppleWebKit/536.5 (KHTML, like Gecko) Chrome/19.0.1084.52 Safari/536.5"
66.249.72.137 - - [01/Jun/2012:20:27:37 +0600] "GET /content/view/816/5/ HTTP/1.0" 200 5993 "-" "Mozilla/5.0 (compatible; Googlebot/2.1; +http://www.google.com/bot.html)"
66.249.66.77 - - [01/Jun/2012:20:29:19 +0600] "GET /content/view/819/51/ HTTP/1.0" 200 3004 "-" "Mozilla/5.0 (compatible; Googlebot/2.1; +http://www.google.com/bot.html)"
66.249.66.77 - - [01/Jun/2012:20:32:22 +0600] "GET /content/view/819/90/ HTTP/1.0" 200 3592 "-" "Mozilla/5.0 (compatible; Googlebot/2.1; +http://www.google.com/bot.html)"
83.169.60.25 - - [01/Jun/2012:20:32:33 +0600] "GET / HTTP/1.0" 200 25470 "-" "Mozilla/5.0 (Windows; U; Windows NT 6.0; de; rv:1.9.0.6) Gecko/2009011913 Firefox/3.0.6"
83.169.60.25 - - [01/Jun/2012:20:32:33 +0600] "GET /20e6a4bb032fcfae5d.php HTTP/1.0" 404 299 "-" "Mozilla/5.0 (Windows; U; Windows NT 6.0; de; rv:1.9.0.6) Gecko/2009011913 Firefox/3.0.6"
65.52.110.199 - - [01/Jun/2012:20:33:42 +0600] "GET /content/view/433/78/ HTTP/1.0" 200 5742 "-" "Mozilla/5.0 (compatible; bingbot/2.0; +http://www.bing.com/bingbot.htm)"
178.154.163.30 - - [01/Jun/2012:20:34:51 +0600] "GET /content/blogcategory/1/66/ HTTP/1.0" 200 7657 "-" "Mozilla/5.0 (compatible; YandexBot/3.0; +http://yandex.com/bots)"
213.180.206.197 - - [01/Jun/2012:20:36:43 +0600] "GET / HTTP/1.0" 200 25455 "-" "Mozilla/5.0 (compatible; YandexMetrika/2.0; +http://yandex.com/bots)"
37.45.162.33 - - [01/Jun/2012:20:38:40 +0600] "GET /content/view/452/210 HTTP/1.0" 200 5338 "http://yandex.by/yandsearch?text=%D0%BF%D0%B0%D1%80%D1%82%D1%80%D0%B5%D1%82+%D0%B4%D0%B5%D1%82%D1%81%D0%BA%D0%B8%D0%B9+%D0%B1%D0%B8%D0%B1%D0%BB%D0%B8%D0%BE%D1%82%D0%B5%D0%BA%D0%B0&lr=157" "Mozilla/5.0 (Windows NT 5.1; rv:12.0) Gecko/20100101 Firefox/12.0"
37.45.162.33 - - [01/Jun/2012:20:39:01 +0600] "GET /content/view/311/92/ HTTP/1.0" 200 4735 "http://csdb.ufanet.ru/content/view/452/210" "Mozilla/5.0 (Windows NT 5.1; rv:12.0) Gecko/20100101 Firefox/12.0"
65.52.108.145 - - [01/Jun/2012:20:40:42 +0600] "GET /content/view/279/ HTTP/1.0" 200 7422 "-" "Mozilla/5.0 (compatible; bingbot/2.0; +http://www.bing.com/bingbot.htm)"
178.154.163.30 - - [01/Jun/2012:20:41:26 +0600] "GET /content/view/57/53 HTTP/1.0" 200 21331 "-" "Mozilla/5.0 (compatible; YandexDirect/3.0; +http://yandex.com/bots)"
68.233.226.103 - - [01/Jun/2012:20:44:49 +0600] "GET /content/view/1001/ HTTP/1.0" 200 330478 "-" "Mozilla/5.0 (Windows NT 5.1) AppleWebKit/535.2 (KHTML, like Gecko) Chrome/15.0.872.0 Safari/535.2"
66.249.66.77 - - [01/Jun/2012:20:45:13 +0600] "GET /content/view/818/5/ HTTP/1.0" 200 5856 "-" "Mozilla/5.0 (compatible; Googlebot/2.1; +http://www.google.com/bot.html)"
178.154.163.30 - - [01/Jun/2012:20:45:44 +0600] "GET /content/view/311/92/ HTTP/1.0" 200 4734 "-" "Mozilla/5.0 (compatible; YandexBot/3.0; +http://yandex.com/bots)"
217.26.6.100 - - [01/Jun/2012:20:49:55 +0600] "GET /content/view/204/47/ HTTP/1.0" 200 10201 "http://www.google.ru/url?sa=t&rct=j&q=%D0%BC%D0%B5%D1%80%D0%BE%D0%BF%D1%80%D0%B8%D1%8F%D1%82%D0%B8%D1%8F%20%D0%B4%D0%B5%D1%82%D1%81%D0%BA%D0%B8%D1%85%20%D0%B1%D0%B8%D0%B1%D0%BB%D0%B8%D0%BE%D1%82%D0%B5%D0%BA%20%D0%BA%20%D0%B4%D0%BD%D1%8E%20%D0%B8%D0%BD%D0%B2%D0%B0%D0%BB%D0%B8%D0%B4%D0%B0&source=web&cd=1&ved=0CGIQFjAA&url=http%3A%2F%2Fcsdb.ufanet.ru%2Fcontent%2Fview%2F204%2F47%2F&ei=LtbIT43qHLPV4QSnjbUI&usg=AFQjCNHq-a7xRJ0ytVIeOUW6Qa9yO1lXKg&cad=rjt" "Mozilla/5.0 (Windows NT 6.1; rv:12.0) Gecko/20100101 Firefox/12.0"
95.105.17.173 - - [01/Jun/2012:20:50:42 +0600] "GET /content/view/281/119/ HTTP/1.0" 200 37295 "http://www.google.ru/url?sa=t&rct=j&q=%D1%85%D0%B0%D1%81%D0%B0%D0%BD%D0%BE%D0%B2%D0%B0%20%D0%BB%D0%B8%D0%BB%D0%B8%D1%8F%20%D0%B0%D0%BD%D0%B0%D1%81%D0%BE%D0%B2%D0%BD%D0%B0&source=web&cd=61&ved=0CE0QFjAAODw&url=http%3A%2F%2Fcsdb.ufanet.ru%2Fcontent%2Fview%2F281%2F119%2F&ei=sNbIT8imCova4QTNkKH7Dw&usg=AFQjCNExZ-K_GxBfx_vryc9DqHJVVaovEw&cad=rjt" "Mozilla/5.0 (Windows NT 6.1) AppleWebKit/536.5 (KHTML, like Gecko) Chrome/19.0.1084.52 Safari/536.5"
65.52.111.7 - - [01/Jun/2012:20:52:10 +0600] "GET /content/view/269/ HTTP/1.0" 200 4478 "-" "Mozilla/5.0 (compatible; bingbot/2.0; +http://www.bing.com/bingbot.htm)"
66.249.66.77 - - [01/Jun/2012:20:53:57 +0600] "GET /index2.php?option=com_content&task=view&id=998&pop=1&page=0&Itemid=66 HTTP/1.0" 200 1306 "-" "Mozilla/5.0 (compatible; Googlebot/2.1; +http://www.google.com/bot.html)"
66.249.66.77 - - [01/Jun/2012:20:55:20 +0600] "GET /content/view/879/127/ HTTP/1.0" 200 5089 "-" "Mozilla/5.0 (compatible; Googlebot/2.1; +http://www.google.com/bot.html)"
66.249.66.77 - - [01/Jun/2012:20:56:32 +0600] "GET /content/view/817/5/ HTTP/1.0" 200 5700 "-" "Mozilla/5.0 (compatible; Googlebot/2.1; +http://www.google.com/bot.html)"
66.249.66.77 - - [01/Jun/2012:20:57:26 +0600] "GET /content/view/562/152/ HTTP/1.0" 200 5099 "-" "Mozilla/5.0 (compatible; Googlebot/2.1; +http://www.google.com/bot.html)"
66.249.72.137 - - [01/Jun/2012:20:57:31 +0600] "GET /content/view/822/1/ HTTP/1.0" 200 5502 "-" "Mozilla/5.0 (compatible; Googlebot/2.1; +http://www.google.com/bot.html)"
66.249.72.137 - - [01/Jun/2012:20:58:19 +0600] "GET /content/view/825/66/ HTTP/1.0" 200 5837 "-" "Mozilla/5.0 (compatible; Googlebot/2.1; +http://www.google.com/bot.html)"
66.249.66.77 - - [01/Jun/2012:20:59:08 +0600] "GET /content/view/879/121/ HTTP/1.0" 200 5095 "-" "Mozilla/5.0 (compatible; Googlebot/2.1; +http://www.google.com/bot.html)"
66.249.66.77 - - [01/Jun/2012:21:01:59 +0600] "GET /files/articles/panorama3.pdf HTTP/1.0" 200 637841 "-" "Mozilla/5.0 (compatible; Googlebot/2.1; +http://www.google.com/bot.html)"
212.92.241.83 - - [01/Jun/2012:21:04:06 +0600] "GET /content/blogcategory/1/66/ HTTP/1.0" 200 7658 "-" "Mozilla/5.0 (Windows NT 6.1) AppleWebKit/536.5 (KHTML, like Gecko) Chrome/19.0.1084.52 Safari/536.5"
66.249.66.77 - - [01/Jun/2012:21:05:17 +0600] "GET /content/view/907/5/ HTTP/1.0" 200 5867 "-" "Mozilla/5.0 (compatible; Googlebot/2.1; +http://www.google.com/bot.html)"
66.249.72.137 - - [01/Jun/2012:21:08:11 +0600] "GET /content/view/909/5/ HTTP/1.0" 200 5658 "-" "Mozilla/5.0 (compatible; Googlebot/2.1; +http://www.google.com/bot.html)"
66.249.72.137 - - [01/Jun/2012:21:08:15 +0600] "GET /content/view/879/133/ HTTP/1.0" 200 5099 "-" "Mozilla/5.0 (compatible; Googlebot/2.1; +http://www.google.com/bot.html)"
213.180.206.197 - - [01/Jun/2012:21:10:17 +0600] "GET / HTTP/1.0" 200 25470 "-" "Mozilla/5.0 (compatible; YandexMetrika/2.0; +http://yandex.com/bots)"
66.249.66.77 - - [01/Jun/2012:21:10:44 +0600] "GET /content/view/909/ HTTP/1.0" 200 4571 "-" "Mozilla/5.0 (compatible; Googlebot/2.1; +http://www.google.com/bot.html)"
66.249.66.77 - - [01/Jun/2012:21:11:55 +0600] "GET /content/view/908/ HTTP/1.0" 200 5031 "-" "Mozilla/5.0 (compatible; Googlebot/2.1; +http://www.google.com/bot.html)"
66.249.72.137 - - [01/Jun/2012:21:12:09 +0600] "GET /content/view/879/132/ HTTP/1.0" 200 5085 "-" "Mozilla/5.0 (compatible; Googlebot/2.1; +http://www.google.com/bot.html)"
178.154.163.30 - - [01/Jun/2012:21:27:37 +0600] "GET /content/view/976/1/ HTTP/1.0" 200 7378 "-" "Mozilla/5.0 (compatible; YandexDirect/3.0; +http://yandex.com/bots)"
68.233.226.103 - - [01/Jun/2012:21:32:47 +0600] "GET /content/view/793/114/content/view/659/1/ HTTP/1.0" 200 15947 "-" "Mozilla/5.0 (Windows NT 5.1) AppleWebKit/535.2 (KHTML, like Gecko) Chrome/15.0.872.0 Safari/535.2"
94.41.207.123 - - [01/Jun/2012:21:34:15 +0600] "GET / HTTP/1.0" 200 6912 "http://go.mail.ru/search?q=%D0%B1%D0%B8%D0%B1%D0%BB%D0%B8%D0%BE%D1%82%D0%B5%D0%BA%D0%B0+%D1%85%D1%83%D0%B4%D0%B0%D0%B9%D0%B1%D0%B5%D1%80%D0%B4%D0%B8%D0%BD%D0%B0" "Opera/9.80 (Windows NT 6.1; U; Edition Yx; ru) Presto/2.10.229 Version/11.64"
94.41.207.123 - - [01/Jun/2012:21:34:15 +0600] "GET /images/cgdb.swf HTTP/1.0" 200 19792297 "http://csdb.ufanet.ru/" "Opera/9.80 (Windows NT 6.1; U; Edition Yx; ru) Presto/2.10.229 Version/11.64"
94.41.207.123 - - [01/Jun/2012:21:34:15 +0600] "GET /images/cgdb.swf HTTP/1.0" 200 19792297 "http://csdb.ufanet.ru/" "Opera/9.80 (Windows NT 6.1; U; Edition Yx; ru) Presto/2.10.229 Version/11.64"
94.41.207.123 - - [01/Jun/2012:21:34:47 +0600] "GET /content/blogcategory/1/66/ HTTP/1.0" 200 7612 "http://csdb.ufanet.ru/" "Opera/9.80 (Windows NT 6.1; U; Edition Yx; ru) Presto/2.10.229 Version/11.64"
66.249.66.77 - - [01/Jun/2012:21:37:58 +0600] "GET /content/view/907/ HTTP/1.0" 200 4779 "-" "Mozilla/5.0 (compatible; Googlebot/2.1; +http://www.google.com/bot.html)"
95.220.252.87 - - [01/Jun/2012:21:42:10 +0600] "GET /files/scen_prazd/openNDK.pdf HTTP/1.0" 200 115591 "http://yandex.ru/yandsearch?text=%D0%B0%D0%B2%D1%82%D0%BE%D1%80+%D0%B4%D0%B5%D1%82%D1%81%D0%BA%D0%BE%D0%B9+%D0%BA%D0%BD%D0%B8%D0%B3%D0%B8+%D0%B3%D0%B4%D0%B5+%D0%BE%D0%B4%D0%B8%D0%BD+%D0%B8%D0%B7+%D0%B3%D0%B5%D1%80%D0%BE%D0%B5%D0%B2+%D1%81%D0%BF%D0%B8%D0%B5%D1%88%D1%8C%D0%BF%D0%B5%D0%B9&lr=213" "Mozilla/4.0 (compatible; MSIE 8.0; Windows NT 5.1; Trident/4.0)"
213.180.206.197 - - [01/Jun/2012:21:43:49 +0600] "GET / HTTP/1.0" 200 25505 "-" "Mozilla/5.0 (compatible; YandexMetrika/2.0; +http://yandex.com/bots)"
66.249.66.77 - - [01/Jun/2012:21:44:27 +0600] "GET /content/view/821/55/ HTTP/1.0" 200 5126 "-" "Mozilla/5.0 (compatible; Googlebot/2.1; +http://www.google.com/bot.html)"
66.249.66.77 - - [01/Jun/2012:21:45:30 +0600] "GET /content/blogcategory/1/66/5/50/ HTTP/1.0" 200 7746 "-" "Mozilla/5.0 (compatible; Googlebot/2.1; +http://www.google.com/bot.html)"
66.249.66.77 - - [01/Jun/2012:21:45:33 +0600] "GET /content/view/1001/127/ HTTP/1.0" 200 19269 "-" "Mozilla/5.0 (compatible; Googlebot/2.1; +http://www.google.com/bot.html)"
66.249.72.137 - - [01/Jun/2012:21:46:11 +0600] "GET /content/view/1001/133/ HTTP/1.0" 200 19278 "-" "Mozilla/5.0 (compatible; Googlebot/2.1; +http://www.google.com/bot.html)"
66.249.72.137 - - [01/Jun/2012:21:47:35 +0600] "GET /content/view/1001/121/ HTTP/1.0" 200 19275 "-" "Mozilla/5.0 (compatible; Googlebot/2.1; +http://www.google.com/bot.html)"
66.249.72.137 - - [01/Jun/2012:21:48:19 +0600] "GET /component/option,com_true/Itemid,232/func,detail/catid,1/id,12/ HTTP/1.0" 200 5187 "-" "Mozilla/5.0 (compatible; Googlebot/2.1; +http://www.google.com/bot.html)"
