178.154.163.30 - - [02/Jun/2012:16:25:56 +0600] "GET /content/view/922/5/ HTTP/1.0" 200 5062 "-" "Mozilla/5.0 (compatible; YandexBot/3.0; +http://yandex.com/bots)"
178.154.163.30 - - [02/Jun/2012:16:25:58 +0600] "GET /content/view/456/113/ HTTP/1.0" 200 5061 "-" "Mozilla/5.0 (compatible; YandexBot/3.0; +http://yandex.com/bots)"
178.154.163.30 - - [02/Jun/2012:16:26:01 +0600] "GET /content/view/794/120/ HTTP/1.0" 200 5636 "-" "Mozilla/5.0 (compatible; YandexBot/3.0; +http://yandex.com/bots)"
178.154.163.30 - - [02/Jun/2012:16:26:04 +0600] "GET /content/view/37/194/ HTTP/1.0" 200 5947 "-" "Mozilla/5.0 (compatible; YandexBot/3.0; +http://yandex.com/bots)"
178.154.163.30 - - [02/Jun/2012:16:26:06 +0600] "GET /content/view/470/66 HTTP/1.0" 200 5805 "-" "Mozilla/5.0 (compatible; YandexBot/3.0; +http://yandex.com/bots)"
178.154.163.30 - - [02/Jun/2012:16:26:09 +0600] "GET /content/view/312/161/ HTTP/1.0" 200 4112 "-" "Mozilla/5.0 (compatible; YandexBot/3.0; +http://yandex.com/bots)"
178.154.163.30 - - [02/Jun/2012:16:26:12 +0600] "GET /content/view/57/53 HTTP/1.0" 200 21298 "-" "Mozilla/5.0 (compatible; YandexBot/3.0; +http://yandex.com/bots)"
178.154.163.30 - - [02/Jun/2012:16:26:14 +0600] "GET /content/view/333/181/ HTTP/1.0" 200 4611 "-" "Mozilla/5.0 (compatible; YandexBot/3.0; +http://yandex.com/bots)"
178.154.163.30 - - [02/Jun/2012:16:26:16 +0600] "GET /content/view/327/196/ HTTP/1.0" 200 17518 "-" "Mozilla/5.0 (compatible; YandexBot/3.0; +http://yandex.com/bots)"
178.154.163.30 - - [02/Jun/2012:16:26:19 +0600] "GET /content/view/989/240/ HTTP/1.0" 200 5533 "-" "Mozilla/5.0 (compatible; YandexBot/3.0; +http://yandex.com/bots)"
178.154.163.30 - - [02/Jun/2012:16:26:22 +0600] "GET /content/view/793/192/ HTTP/1.0" 200 5094 "-" "Mozilla/5.0 (compatible; YandexBot/3.0; +http://yandex.com/bots)"
178.154.163.30 - - [02/Jun/2012:16:26:25 +0600] "GET /index.php?option=com_content&task=view&id=156&Itemid=52 HTTP/1.0" 200 6084 "-" "Mozilla/5.0 (compatible; YandexBot/3.0; +http://yandex.com/bots)"
178.154.163.30 - - [02/Jun/2012:16:26:27 +0600] "GET /files/scen_prazd/Raznocvet.doc HTTP/1.0" 304 - "-" "Mozilla/5.0 (compatible; YandexBot/3.0; +http://yandex.com/bots)"
178.154.163.30 - - [02/Jun/2012:16:26:30 +0600] "GET /content/view/280/ HTTP/1.0" 200 32807 "-" "Mozilla/5.0 (compatible; YandexBot/3.0; +http://yandex.com/bots)"
178.154.163.30 - - [02/Jun/2012:16:26:32 +0600] "GET /content/view/147 HTTP/1.0" 200 3989 "-" "Mozilla/5.0 (compatible; YandexBot/3.0; +http://yandex.com/bots)"
178.154.163.30 - - [02/Jun/2012:16:26:35 +0600] "GET /files/scen_prazd/wooman.pdf HTTP/1.0" 304 - "-" "Mozilla/5.0 (compatible; YandexBot/3.0; +http://yandex.com/bots)"
178.154.163.30 - - [02/Jun/2012:16:26:38 +0600] "GET /content/view/40/160/ HTTP/1.0" 200 5798 "-" "Mozilla/5.0 (compatible; YandexBot/3.0; +http://yandex.com/bots)"
178.154.163.30 - - [02/Jun/2012:16:26:40 +0600] "GET /content/view/664/66 HTTP/1.0" 200 5834 "-" "Mozilla/5.0 (compatible; YandexBot/3.0; +http://yandex.com/bots)"
178.154.163.30 - - [02/Jun/2012:16:26:42 +0600] "GET /content/blogcategory/1/66 HTTP/1.0" 200 7625 "-" "Mozilla/5.0 (compatible; YandexBot/3.0; +http://yandex.com/bots)"
178.154.163.30 - - [02/Jun/2012:16:26:45 +0600] "GET /content/view/772/66 HTTP/1.0" 200 6433 "-" "Mozilla/5.0 (compatible; YandexBot/3.0; +http://yandex.com/bots)"
178.154.163.30 - - [02/Jun/2012:16:26:47 +0600] "GET /content/view/989/107/ HTTP/1.0" 200 5537 "-" "Mozilla/5.0 (compatible; YandexBot/3.0; +http://yandex.com/bots)"
178.154.163.30 - - [02/Jun/2012:16:26:50 +0600] "GET /content/view/558/105/ HTTP/1.0" 200 5058 "-" "Mozilla/5.0 (compatible; YandexBot/3.0; +http://yandex.com/bots)"
178.154.163.30 - - [02/Jun/2012:16:26:52 +0600] "GET /content/view/530/113/ HTTP/1.0" 200 5059 "-" "Mozilla/5.0 (compatible; YandexBot/3.0; +http://yandex.com/bots)"
178.154.163.30 - - [02/Jun/2012:16:26:55 +0600] "GET /files/ucazatel/Zochenko.pdf HTTP/1.0" 304 - "-" "Mozilla/5.0 (compatible; YandexBot/3.0; +http://yandex.com/bots)"
178.154.163.30 - - [02/Jun/2012:16:26:57 +0600] "GET /content/view/454/90/ HTTP/1.0" 200 3558 "-" "Mozilla/5.0 (compatible; YandexBot/3.0; +http://yandex.com/bots)"
66.249.66.77 - - [02/Jun/2012:16:29:59 +0600] "GET /content/view/895/56/ HTTP/1.0" 200 3958 "-" "Mozilla/5.0 (compatible; Googlebot/2.1; +http://www.google.com/bot.html)"
66.249.72.137 - - [02/Jun/2012:16:30:34 +0600] "GET /content/view/99/66/ HTTP/1.0" 200 6045 "-" "Mozilla/5.0 (compatible; Googlebot/2.1; +http://www.google.com/bot.html)"
66.249.66.77 - - [02/Jun/2012:16:31:34 +0600] "GET /content/view/247/5/ HTTP/1.0" 200 5689 "-" "Mozilla/5.0 (compatible; Googlebot/2.1; +http://www.google.com/bot.html)"
66.249.66.77 - - [02/Jun/2012:16:31:54 +0600] "GET /content/view/291/90/ HTTP/1.0" 200 4544 "-" "Mozilla/5.0 (compatible; Googlebot/2.1; +http://www.google.com/bot.html)"
157.55.17.77 - - [02/Jun/2012:16:34:25 +0600] "GET /index.php?option=com_content&task=view&id=90&Itemid=62 HTTP/1.0" 200 10811 "-" "Mozilla/4.0 (compatible; MSIE 7.0; Windows NT 5.2;  SV1;  .NET CLR 1.1.4322;  .NET CLR 2.0.40607;  .NET CLR 3.0.04506.648)"
66.249.66.77 - - [02/Jun/2012:16:34:35 +0600] "GET /index.php?option=com_content&task=view&id=81&Itemid=62 HTTP/1.0" 200 9368 "-" "Mozilla/5.0 (compatible; Googlebot/2.1; +http://www.google.com/bot.html)"
217.69.134.91 - - [02/Jun/2012:16:34:44 +0600] "GET /content/view/181/72/ HTTP/1.0" 200 11392 "-" "Mozilla/5.0 (compatible; Mail.RU/2.0)"
217.69.134.91 - - [02/Jun/2012:16:34:58 +0600] "GET /content/view/962/222/ HTTP/1.0" 200 17359 "-" "Mozilla/5.0 (compatible; Mail.RU/2.0)"
217.69.134.91 - - [02/Jun/2012:16:35:20 +0600] "GET /content/view/858/85/ HTTP/1.0" 200 25458 "-" "Mozilla/5.0 (compatible; Mail.RU/2.0)"
217.69.134.91 - - [02/Jun/2012:16:35:28 +0600] "GET /content/view/194/72/ HTTP/1.0" 200 10563 "-" "Mozilla/5.0 (compatible; Mail.RU/2.0)"
217.69.134.91 - - [02/Jun/2012:16:35:31 +0600] "GET /content/view/195/72/ HTTP/1.0" 200 10439 "-" "Mozilla/5.0 (compatible; Mail.RU/2.0)"
217.69.134.91 - - [02/Jun/2012:16:35:34 +0600] "GET /content/category/4/16/160/ HTTP/1.0" 200 19863 "-" "Mozilla/5.0 (compatible; Mail.RU/2.0)"
217.69.134.91 - - [02/Jun/2012:16:35:36 +0600] "GET /content/category/6/15/53/ HTTP/1.0" 200 19799 "-" "Mozilla/5.0 (compatible; Mail.RU/2.0)"
217.69.134.91 - - [02/Jun/2012:16:35:48 +0600] "GET /content/view/567/66/ HTTP/1.0" 200 20754 "-" "Mozilla/5.0 (compatible; Mail.RU/2.0)"
217.69.134.91 - - [02/Jun/2012:16:36:23 +0600] "GET /content/view/389/183/ HTTP/1.0" 200 25707 "-" "Mozilla/5.0 (compatible; Mail.RU/2.0)"
217.69.134.91 - - [02/Jun/2012:16:36:42 +0600] "GET /content/view/265/66/ HTTP/1.0" 200 20469 "-" "Mozilla/5.0 (compatible; Mail.RU/2.0)"
217.69.134.91 - - [02/Jun/2012:16:36:48 +0600] "GET /content/view/144/66/ HTTP/1.0" 200 21604 "-" "Mozilla/5.0 (compatible; Mail.RU/2.0)"
217.69.134.91 - - [02/Jun/2012:16:36:53 +0600] "GET /content/view/264/56/ HTTP/1.0" 200 10796 "-" "Mozilla/5.0 (compatible; Mail.RU/2.0)"
217.69.134.91 - - [02/Jun/2012:16:36:58 +0600] "GET /content/view/248/66/ HTTP/1.0" 200 20725 "-" "Mozilla/5.0 (compatible; Mail.RU/2.0)"
217.69.134.91 - - [02/Jun/2012:16:37:30 +0600] "GET /content/view/472/66/ HTTP/1.0" 200 20864 "-" "Mozilla/5.0 (compatible; Mail.RU/2.0)"
217.69.134.91 - - [02/Jun/2012:16:37:50 +0600] "GET /content/view/274/66/ HTTP/1.0" 200 20376 "-" "Mozilla/5.0 (compatible; Mail.RU/2.0)"
217.69.134.91 - - [02/Jun/2012:16:38:03 +0600] "GET /content/view/114/66/ HTTP/1.0" 200 21408 "-" "Mozilla/5.0 (compatible; Mail.RU/2.0)"
217.69.134.91 - - [02/Jun/2012:16:38:20 +0600] "GET /content/view/388/183/ HTTP/1.0" 200 25614 "-" "Mozilla/5.0 (compatible; Mail.RU/2.0)"
217.69.134.91 - - [02/Jun/2012:16:38:46 +0600] "GET /content/view/553/66/ HTTP/1.0" 200 21036 "-" "Mozilla/5.0 (compatible; Mail.RU/2.0)"
217.69.134.91 - - [02/Jun/2012:16:38:57 +0600] "GET /content/view/407/66/ HTTP/1.0" 200 21304 "-" "Mozilla/5.0 (compatible; Mail.RU/2.0)"
217.69.134.91 - - [02/Jun/2012:16:39:06 +0600] "GET /content/view/120/66/ HTTP/1.0" 200 21266 "-" "Mozilla/5.0 (compatible; Mail.RU/2.0)"
217.69.134.91 - - [02/Jun/2012:16:39:16 +0600] "GET /content/view/516/66/ HTTP/1.0" 200 20928 "-" "Mozilla/5.0 (compatible; Mail.RU/2.0)"
217.69.134.91 - - [02/Jun/2012:16:39:22 +0600] "GET /content/view/72/66/ HTTP/1.0" 200 20814 "-" "Mozilla/5.0 (compatible; Mail.RU/2.0)"
217.69.134.91 - - [02/Jun/2012:16:39:27 +0600] "GET /content/view/158/66/ HTTP/1.0" 200 22079 "-" "Mozilla/5.0 (compatible; Mail.RU/2.0)"
217.69.134.91 - - [02/Jun/2012:16:39:33 +0600] "GET /content/view/121/66/ HTTP/1.0" 200 20530 "-" "Mozilla/5.0 (compatible; Mail.RU/2.0)"
217.69.134.91 - - [02/Jun/2012:16:39:39 +0600] "GET /content/view/532/66/ HTTP/1.0" 200 21892 "-" "Mozilla/5.0 (compatible; Mail.RU/2.0)"
217.69.134.91 - - [02/Jun/2012:16:39:42 +0600] "GET /content/view/470/66/ HTTP/1.0" 200 20837 "-" "Mozilla/5.0 (compatible; Mail.RU/2.0)"
217.69.134.91 - - [02/Jun/2012:16:39:57 +0600] "GET /content/view/297/66/ HTTP/1.0" 200 21421 "-" "Mozilla/5.0 (compatible; Mail.RU/2.0)"
217.69.134.91 - - [02/Jun/2012:16:40:05 +0600] "GET /content/view/374/66/ HTTP/1.0" 200 22980 "-" "Mozilla/5.0 (compatible; Mail.RU/2.0)"
217.69.134.91 - - [02/Jun/2012:16:40:16 +0600] "GET /content/view/134/66/ HTTP/1.0" 200 20788 "-" "Mozilla/5.0 (compatible; Mail.RU/2.0)"
217.69.134.91 - - [02/Jun/2012:16:40:25 +0600] "GET /content/view/281/119/ HTTP/1.0" 200 107378 "-" "Mozilla/5.0 (compatible; Mail.RU/2.0)"
217.69.134.91 - - [02/Jun/2012:16:40:38 +0600] "GET /content/view/976/66/ HTTP/1.0" 200 28483 "-" "Mozilla/5.0 (compatible; Mail.RU/2.0)"
217.69.134.91 - - [02/Jun/2012:16:40:45 +0600] "GET /content/view/265/67/ HTTP/1.0" 200 9047 "-" "Mozilla/5.0 (compatible; Mail.RU/2.0)"
217.69.134.91 - - [02/Jun/2012:16:41:01 +0600] "GET /content/view/267/67/ HTTP/1.0" 200 10237 "-" "Mozilla/5.0 (compatible; Mail.RU/2.0)"
217.69.134.91 - - [02/Jun/2012:16:41:11 +0600] "GET /content/view/976/47/ HTTP/1.0" 200 28484 "-" "Mozilla/5.0 (compatible; Mail.RU/2.0)"
65.52.108.145 - - [02/Jun/2012:16:42:43 +0600] "GET /index.php?option=com_content&task=view&id=81&Itemid=62 HTTP/1.0" 200 9367 "-" "Mozilla/5.0 (compatible; bingbot/2.0; +http://www.bing.com/bingbot.htm)"
66.249.66.77 - - [02/Jun/2012:16:44:19 +0600] "GET /content/view/301/90/ HTTP/1.0" 200 4373 "-" "Mozilla/5.0 (compatible; Googlebot/2.1; +http://www.google.com/bot.html)"
217.69.134.91 - - [02/Jun/2012:16:46:12 +0600] "GET /content/view/743/66/ HTTP/1.0" 200 21067 "-" "Mozilla/5.0 (compatible; Mail.RU/2.0)"
213.180.206.197 - - [02/Jun/2012:16:49:09 +0600] "GET / HTTP/1.0" 200 25323 "-" "Mozilla/5.0 (compatible; YandexMetrika/2.0; +http://yandex.com/bots)"
66.249.66.77 - - [02/Jun/2012:16:49:41 +0600] "GET /content/view/757/90/ HTTP/1.0" 200 4690 "-" "Mozilla/5.0 (compatible; Googlebot/2.1; +http://www.google.com/bot.html)"
66.249.66.77 - - [02/Jun/2012:16:51:02 +0600] "GET /content/view/292/90/ HTTP/1.0" 200 4761 "-" "Mozilla/5.0 (compatible; Googlebot/2.1; +http://www.google.com/bot.html)"
217.69.134.91 - - [02/Jun/2012:16:56:58 +0600] "GET /sitemap.xml HTTP/1.0" 404 292 "-" "Mozilla/5.0 (compatible; Mail.RU/2.0)"
217.69.134.91 - - [02/Jun/2012:16:57:07 +0600] "GET /content/view/92/108/ HTTP/1.0" 200 32757 "-" "Mozilla/5.0 (compatible; Mail.RU/2.0)"
217.69.134.91 - - [02/Jun/2012:16:58:40 +0600] "GET /content/view/973/66/ HTTP/1.0" 200 22056 "-" "Mozilla/5.0 (compatible; Mail.RU/2.0)"
217.69.134.91 - - [02/Jun/2012:16:58:48 +0600] "GET /content/view/970/53/ HTTP/1.0" 200 18663 "-" "Mozilla/5.0 (compatible; Mail.RU/2.0)"
217.69.134.91 - - [02/Jun/2012:16:58:58 +0600] "GET /content/view/480/1/ HTTP/1.0" 200 22351 "-" "Mozilla/5.0 (compatible; Mail.RU/2.0)"
217.69.134.91 - - [02/Jun/2012:16:59:04 +0600] "GET /content/view/280/118/ HTTP/1.0" 200 92180 "-" "Mozilla/5.0 (compatible; Mail.RU/2.0)"
217.69.134.91 - - [02/Jun/2012:16:59:10 +0600] "GET /content/category/11/39/83/ HTTP/1.0" 200 9232 "-" "Mozilla/5.0 (compatible; Mail.RU/2.0)"
217.69.134.91 - - [02/Jun/2012:16:59:16 +0600] "GET /content/view/984/183/1/0/ HTTP/1.0" 200 25463 "-" "Mozilla/5.0 (compatible; Mail.RU/2.0)"
217.69.134.91 - - [02/Jun/2012:16:59:20 +0600] "GET /content/view/970/55/ HTTP/1.0" 200 18669 "-" "Mozilla/5.0 (compatible; Mail.RU/2.0)"
217.69.134.91 - - [02/Jun/2012:16:59:25 +0600] "GET /content/view/976/ HTTP/1.0" 200 22808 "-" "Mozilla/5.0 (compatible; Mail.RU/2.0)"
68.233.226.103 - - [02/Jun/2012:16:59:29 +0600] "GET /content/view/793/122/content/view/659/1/ HTTP/1.0" 200 12896 "-" "Mozilla/5.0 (Windows NT 5.1) AppleWebKit/535.2 (KHTML, like Gecko) Chrome/15.0.872.0 Safari/535.2"
217.69.134.91 - - [02/Jun/2012:16:59:30 +0600] "GET /content/view/983/ HTTP/1.0" 200 15530 "-" "Mozilla/5.0 (compatible; Mail.RU/2.0)"
217.69.134.91 - - [02/Jun/2012:16:59:34 +0600] "GET /content/view/982/66/ HTTP/1.0" 200 21596 "-" "Mozilla/5.0 (compatible; Mail.RU/2.0)"
217.69.134.91 - - [02/Jun/2012:16:59:39 +0600] "GET /content/view/976/55/ HTTP/1.0" 200 28662 "-" "Mozilla/5.0 (compatible; Mail.RU/2.0)"
217.69.134.91 - - [02/Jun/2012:16:59:44 +0600] "GET /content/view/277/153/ HTTP/1.0" 200 23054 "-" "Mozilla/5.0 (compatible; Mail.RU/2.0)"
217.69.134.91 - - [02/Jun/2012:16:59:49 +0600] "GET /content/view/982/52/ HTTP/1.0" 200 21586 "-" "Mozilla/5.0 (compatible; Mail.RU/2.0)"
217.69.134.91 - - [02/Jun/2012:16:59:53 +0600] "GET /content/view/976/157/ HTTP/1.0" 200 28496 "-" "Mozilla/5.0 (compatible; Mail.RU/2.0)"
217.69.134.91 - - [02/Jun/2012:16:59:56 +0600] "GET /content/view/989/47/ HTTP/1.0" 200 20415 "-" "Mozilla/5.0 (compatible; Mail.RU/2.0)"
217.69.134.91 - - [02/Jun/2012:17:00:01 +0600] "GET /content/view/989/66/ HTTP/1.0" 200 20414 "-" "Mozilla/5.0 (compatible; Mail.RU/2.0)"
217.69.134.91 - - [02/Jun/2012:17:00:05 +0600] "GET /content/view/989/1/ HTTP/1.0" 200 21762 "-" "Mozilla/5.0 (compatible; Mail.RU/2.0)"
217.69.134.91 - - [02/Jun/2012:17:00:09 +0600] "GET /content/view/193/72/ HTTP/1.0" 200 9491 "-" "Mozilla/5.0 (compatible; Mail.RU/2.0)"
217.69.134.91 - - [02/Jun/2012:17:00:13 +0600] "GET /content/view/982/235/ HTTP/1.0" 200 16629 "-" "Mozilla/5.0 (compatible; Mail.RU/2.0)"
217.69.134.91 - - [02/Jun/2012:17:00:17 +0600] "GET /content/view/976/235/ HTTP/1.0" 200 23472 "-" "Mozilla/5.0 (compatible; Mail.RU/2.0)"
217.69.134.91 - - [02/Jun/2012:17:00:21 +0600] "GET /content/view/993/1/ HTTP/1.0" 200 19822 "-" "Mozilla/5.0 (compatible; Mail.RU/2.0)"
217.69.134.91 - - [02/Jun/2012:17:00:25 +0600] "GET /content/view/992/66/ HTTP/1.0" 200 21319 "-" "Mozilla/5.0 (compatible; Mail.RU/2.0)"
217.69.134.91 - - [02/Jun/2012:17:00:29 +0600] "GET /content/view/433/217/ HTTP/1.0" 200 20354 "-" "Mozilla/5.0 (compatible; Mail.RU/2.0)"
217.69.134.91 - - [02/Jun/2012:17:00:33 +0600] "GET /index2.php?Itemid=222&id=852&option=com_content&page=9&pop=1&task=view HTTP/1.0" 200 3259 "-" "Mozilla/5.0 (compatible; Mail.RU/2.0)"
217.69.134.91 - - [02/Jun/2012:17:00:37 +0600] "GET /content/view/989/235/ HTTP/1.0" 200 15470 "-" "Mozilla/5.0 (compatible; Mail.RU/2.0)"
178.154.163.30 - - [02/Jun/2012:17:00:39 +0600] "GET /content/view/45/160/ HTTP/1.0" 200 5761 "-" "Mozilla/5.0 (compatible; YandexBot/3.0; +http://yandex.com/bots)"
95.37.51.118 - - [02/Jun/2012:17:01:42 +0600] "GET /content/blogcategory/49/234/ HTTP/1.0" 200 6074 "http://www.google.ru/url?sa=t&rct=j&q=%D1%80%D0%B0%D0%B1%D0%BE%D1%82%D0%B0%20%D0%B4%D0%B5%D1%82%D1%81%D0%BA%D0%B8%D1%85%20%20%D0%B1%D0%B8%D0%B1%D0%BB%D0%B8%D0%BE%D1%82%D0%B5%D0%BA%20%D0%BB%D0%B5%D1%82%D0%BE%D0%BC&source=web&cd=5&ved=0CHwQFjAE&url=http%3A%2F%2Fcsdb.ufanet.ru%2Fcontent%2Fblogcategory%2F49%2F234%2F&ei=tfHJT7KzKKrl4QTxmrAY&usg=AFQjCNGNbgjDnG2m4JHaWqfS2sb84d3Tag&cad=rjt" "Mozilla/5.0 (Windows NT 5.1; rv:8.0.1) Gecko/20100101 Firefox/8.0.1"
66.249.66.77 - - [02/Jun/2012:17:07:49 +0600] "GET /index.php?option=com_content&task=view&id=89&Itemid=62 HTTP/1.0" 200 9392 "-" "Mozilla/5.0 (compatible; Googlebot/2.1; +http://www.google.com/bot.html)"
178.154.163.30 - - [02/Jun/2012:17:09:20 +0600] "GET /content/blogcategory/49/234/ HTTP/1.0" 200 6075 "-" "Mozilla/5.0 (compatible; YandexBot/3.0; +http://yandex.com/bots)"
109.187.244.198 - - [02/Jun/2012:17:11:07 +0600] "GET /content/view/127/130/ HTTP/1.0" 200 45204 "http://www.google.ru/url?sa=t&rct=j&q=%D0%BF%D0%B5%D0%B4%D0%B0%D0%B3%D0%BE%D0%B3%D0%B8%D1%87%D0%B5%D1%81%D0%BA%D0%B0%D1%8F%20%D1%86%D0%B5%D0%BD%D0%BD%D0%BE%D1%81%D1%82%D1%8C%20%D0%BF%D0%BE%D0%B2%D0%B5%D1%81%D1%82%D0%B8%20%D0%BC%D1%83%D1%81%D1%82%D0%B0%D1%8F%20%D0%BA%D0%B0%D1%80%D0%B8%D0%BC%D0%BE%D0%B2%D0%B0%20%D0%B4%D0%BE%D0%BB%D0%B3%D0%BE%D0%B5%20%D0%B4%D0%BE%D0%BB%D0%B3%D0%BE%D0%B5%20%D0%B4%D0%B5%D1%82%D1%81%D1%82%D0%B2%D0%BE&source=web&cd=2&ved=0CFoQFjAB&url=http%3A%2F%2Fcsdb.ufanet.ru%2Fcontent%2Fview%2F127%2F130%2F&ei=xPTJT9vGNs2hOvqqrOsP&usg=AFQjCNHpGD30914QxYa5Xv1wVkxWNZstmg&cad=rjt" "Opera/9.80 (Windows NT 5.1; U; ru) Presto/2.10.229 Version/11.64"
109.187.244.198 - - [02/Jun/2012:17:12:58 +0600] "GET /content/view/127/130/ HTTP/1.0" 200 45204 "http://www.google.ru/url?sa=t&rct=j&q=%D0%BF%D0%B5%D0%B4%D0%B0%D0%B3%D0%BE%D0%B3%D0%B8%D1%87%D0%B5%D1%81%D0%BA%D0%B0%D1%8F%20%D1%86%D0%B5%D0%BD%D0%BD%D0%BE%D1%81%D1%82%D1%8C%20%D0%BF%D0%BE%D0%B2%D0%B5%D1%81%D1%82%D0%B8%20%D0%BC%D1%83%D1%81%D1%82%D0%B0%D1%8F%20%D0%BA%D0%B0%D1%80%D0%B8%D0%BC%D0%BE%D0%B2%D0%B0%20%D0%B4%D0%BE%D0%BB%D0%B3%D0%BE%D0%B5%20%D0%B4%D0%BE%D0%BB%D0%B3%D0%BE%D0%B5%20%D0%B4%D0%B5%D1%82%D1%81%D1%82%D0%B2%D0%BE&source=web&cd=4&ved=0CFkQFjAD&url=http%3A%2F%2Fcsdb.ufanet.ru%2Fcontent%2Fview%2F127%2F130%2F&ei=H_XJT4LXHYftOfbyoPoP&usg=AFQjCNHpGD30914QxYa5Xv1wVkxWNZstmg&cad=rjt" "Opera/9.80 (Windows NT 5.1; U; ru) Presto/2.10.229 Version/11.64"
66.249.66.77 - - [02/Jun/2012:17:15:53 +0600] "GET /content/view/455/90/ HTTP/1.0" 200 5037 "-" "Mozilla/5.0 (compatible; Googlebot/2.1; +http://www.google.com/bot.html)"
66.249.66.77 - - [02/Jun/2012:17:17:54 +0600] "GET /content/view/960/56/ HTTP/1.0" 200 5105 "-" "Mozilla/5.0 (compatible; Googlebot/2.1; +http://www.google.com/bot.html)"
207.46.204.181 - - [02/Jun/2012:17:21:46 +0600] "GET /files/scen_prazd/denpravoslavnoiknigi.pdf HTTP/1.0" 200 103199 "-" "Mozilla/5.0 (compatible; bingbot/2.0; +http://www.bing.com/bingbot.htm)"
213.180.206.197 - - [02/Jun/2012:17:23:55 +0600] "GET / HTTP/1.0" 200 25363 "-" "Mozilla/5.0 (compatible; YandexMetrika/2.0; +http://yandex.com/bots)"
178.154.163.30 - - [02/Jun/2012:17:28:02 +0600] "GET /content/view/580/47/ HTTP/1.0" 200 5087 "-" "Mozilla/5.0 (compatible; YandexBot/3.0; +http://yandex.com/bots)"
216.157.73.242 - - [02/Jun/2012:17:30:49 +0600] "GET /index.php HTTP/1.0" 200 25318 "-" "Mozilla/5.0 (compatible; MSIE 6.0; Windows NT 5.1; SV1)"
216.157.73.242 - - [02/Jun/2012:17:30:53 +0600] "GET /component/option,com_frontpage/Itemid,1/ HTTP/1.0" 200 25398 "-" "Mozilla/5.0 (compatible; MSIE 6.0; Windows NT 5.1; SV1)"
91.135.197.250 - - [02/Jun/2012:17:31:06 +0600] "GET /content/blogcategory/1/66/ HTTP/1.0" 200 30858 "-" "Mozilla/5.0 (compatible; MSIE 6.0; Windows NT 5.1; SV1)"
103.3.220.204 - - [02/Jun/2012:17:31:51 +0600] "GET /content/blogcategory/1/66/ HTTP/1.0" 200 30853 "-" "Mozilla/5.0 (compatible; MSIE 6.0; Windows NT 5.1; SV1)"
103.3.221.201 - - [02/Jun/2012:17:31:55 +0600] "GET /content/view/382/158/ HTTP/1.0" 200 22906 "-" "Mozilla/5.0 (compatible; MSIE 6.0; Windows NT 5.1; SV1)"
103.3.222.8 - - [02/Jun/2012:17:31:58 +0600] "GET /content/category/7/20/52/ HTTP/1.0" 200 22118 "-" "Mozilla/5.0 (compatible; MSIE 6.0; Windows NT 5.1; SV1)"
103.3.220.204 - - [02/Jun/2012:17:32:01 +0600] "GET /content/section/6/53/ HTTP/1.0" 200 19127 "-" "Mozilla/5.0 (compatible; MSIE 6.0; Windows NT 5.1; SV1)"
103.3.222.9 - - [02/Jun/2012:17:32:03 +0600] "GET /content/category/5/18/47/ HTTP/1.0" 200 20880 "-" "Mozilla/5.0 (compatible; MSIE 6.0; Windows NT 5.1; SV1)"
103.3.220.202 - - [02/Jun/2012:17:32:06 +0600] "GET /content/section/8/55/ HTTP/1.0" 200 19151 "-" "Mozilla/5.0 (compatible; MSIE 6.0; Windows NT 5.1; SV1)"
103.3.221.203 - - [02/Jun/2012:17:32:08 +0600] "GET /content/view/378/105/ HTTP/1.0" 200 23446 "-" "Mozilla/5.0 (compatible; MSIE 6.0; Windows NT 5.1; SV1)"
103.3.221.201 - - [02/Jun/2012:17:32:11 +0600] "GET /content/category/14/42/183/ HTTP/1.0" 200 22894 "-" "Mozilla/5.0 (compatible; MSIE 6.0; Windows NT 5.1; SV1)"
103.3.222.9 - - [02/Jun/2012:17:32:13 +0600] "GET /content/category/14/43/192/ HTTP/1.0" 200 19948 "-" "Mozilla/5.0 (compatible; MSIE 6.0; Windows NT 5.1; SV1)"
103.3.220.203 - - [02/Jun/2012:17:32:16 +0600] "GET /content/category/12/40/86/ HTTP/1.0" 200 20100 "-" "Mozilla/5.0 (compatible; MSIE 6.0; Windows NT 5.1; SV1)"
103.3.222.8 - - [02/Jun/2012:17:32:18 +0600] "GET /content/view/1001/1/ HTTP/1.0" 200 337326 "-" "Mozilla/5.0 (compatible; MSIE 6.0; Windows NT 5.1; SV1)"
103.3.220.203 - - [02/Jun/2012:17:32:26 +0600] "GET /content/view/989/1/ HTTP/1.0" 200 21802 "-" "Mozilla/5.0 (compatible; MSIE 6.0; Windows NT 5.1; SV1)"
103.3.221.203 - - [02/Jun/2012:17:32:28 +0600] "GET /content/view/982/1/ HTTP/1.0" 200 22961 "-" "Mozilla/5.0 (compatible; MSIE 6.0; Windows NT 5.1; SV1)"
103.3.222.8 - - [02/Jun/2012:17:32:31 +0600] "GET /content/view/976/1/ HTTP/1.0" 200 29804 "-" "Mozilla/5.0 (compatible; MSIE 6.0; Windows NT 5.1; SV1)"
157.55.17.103 - - [02/Jun/2012:17:32:47 +0600] "GET /index.php?option=com_content&task=view&id=20&Itemid=49 HTTP/1.0" 200 4062 "-" "Mozilla/5.0 (compatible; bingbot/2.0; +http://www.bing.com/bingbot.htm)"
190.120.230.146 - - [02/Jun/2012:17:33:52 +0600] "GET /content/view/983/66/ HTTP/1.0" 200 21133 "-" "Mozilla/5.0 (compatible; MSIE 6.0; Windows NT 5.1; SV1)"
190.120.230.146 - - [02/Jun/2012:17:34:05 +0600] "GET /content/view/983/1/ HTTP/1.0" 200 22517 "-" "Mozilla/5.0 (compatible; MSIE 6.0; Windows NT 5.1; SV1)"
190.120.230.146 - - [02/Jun/2012:17:34:11 +0600] "GET /content/view/18/157/ HTTP/1.0" 200 21923 "-" "Mozilla/5.0 (compatible; MSIE 6.0; Windows NT 5.1; SV1)"
66.249.66.77 - - [02/Jun/2012:17:34:16 +0600] "GET /content/view/960/5/ HTTP/1.0" 200 7044 "-" "Mozilla/5.0 (compatible; Googlebot/2.1; +http://www.google.com/bot.html)"
190.120.230.146 - - [02/Jun/2012:17:34:17 +0600] "GET /content/view/20/157/ HTTP/1.0" 200 21932 "-" "Mozilla/5.0 (compatible; MSIE 6.0; Windows NT 5.1; SV1)"
66.249.66.77 - - [02/Jun/2012:17:37:55 +0600] "GET /content/view/560/66/ HTTP/1.0" 200 5100 "-" "Mozilla/5.0 (compatible; Googlebot/2.1; +http://www.google.com/bot.html)"
85.26.164.188 - - [02/Jun/2012:17:39:41 +0600] "GET /content/view/53/47 HTTP/1.0" 200 7333 "http://yandex.ru/yandsearch?text=%D1%81%D0%B0%D0%B1%D0%B0%D0%BD%D1%82%D1%83%D0%B9+%D1%81%D1%86%D0%B5%D0%BD%D0%B0%D1%80%D0%B8%D0%B9+%D0%BC%D0%B0%D1%81%D1%81%D0%BE%D0%B2%D0%BA%D0%B0&lr=47" "Mozilla/5.0 (Windows NT 6.1; WOW64; rv:12.0) Gecko/20100101 Firefox/12.0"
150.70.64.194 - - [02/Jun/2012:17:43:31 +0600] "GET /content/view/53/47 HTTP/1.0" 200 28746 "-" "Mozilla/4.0 (compatible; MSIE 6.0; Windows NT 5.1)"
66.249.66.77 - - [02/Jun/2012:17:44:53 +0600] "GET /content/view/960/90/ HTTP/1.0" 200 5633 "-" "Mozilla/5.0 (compatible; Googlebot/2.1; +http://www.google.com/bot.html)"
180.76.6.36 - - [02/Jun/2012:17:52:25 +0600] "GET / HTTP/1.0" 200 6922 "-" "Mozilla/5.0 (compatible; Baiduspider/2.0; +http://www.baidu.com/search/spider.html)"
66.249.66.77 - - [02/Jun/2012:17:54:32 +0600] "GET /content/view/827/ HTTP/1.0" 200 4686 "-" "Mozilla/5.0 (compatible; Googlebot/2.1; +http://www.google.com/bot.html)"
213.87.133.253 - - [02/Jun/2012:17:54:34 +0600] "GET /content/view/52/47/ HTTP/1.0" 200 6544 "http://www.google.ru/url?sa=t&rct=j&q=%D1%85%D0%B0%D0%B4%D0%B8%D1%8F+%D0%B4%D0%B0%D0%B2%D0%BB%D0%B5%D1%82%D1%88%D0%B8%D0%BD%D0%B0+%D1%81%D0%BF%D0%B8%D1%81%D0%BE%D0%BA+%D0%BB%D0%B8%D1%82%D0%B5%D1%80%D0%B0%D1%82%D1%83%D1%80%D1%8B&source=web&cd=2&ved=0CFIQFjAB&url=http%3A%2F%2Fcsdb.ufanet.ru%2Fcontent%2Fview%2F52%2F47%2F&ei=5v7JT5huwZQ6qODN9w8&usg=AFQjCNFiTpXYqRRdgtIRgwxOzd4EZ-bo0g&cad=rjt" "Mozilla/5.0 (Windows NT 6.1) AppleWebKit/535.19 (KHTML, like Gecko) Chrome/18.0.1025.164 Safari/535.19 YE"
188.134.91.146 - - [02/Jun/2012:17:55:09 +0600] "GET /content/view/885/253/ HTTP/1.0" 200 29371 "http://csdb.ufanet.ru/content/view/885/253/" "Mozilla/4.0 (compatible; MSIE 6.0; Windows 98; Win 9x 4.90)"
213.180.206.197 - - [02/Jun/2012:17:56:08 +0600] "GET / HTTP/1.0" 200 25323 "-" "Mozilla/5.0 (compatible; YandexMetrika/2.0; +http://yandex.com/bots)"
66.249.66.77 - - [02/Jun/2012:17:56:13 +0600] "GET /content/view/832/ HTTP/1.0" 200 4534 "-" "Mozilla/5.0 (compatible; Googlebot/2.1; +http://www.google.com/bot.html)"
213.87.133.253 - - [02/Jun/2012:17:56:25 +0600] "GET /content/view/52/ HTTP/1.0" 200 5474 "http://www.google.ru/url?sa=t&rct=j&q=%D1%85%D0%B0%D0%B4%D0%B8%D1%8F+%D0%B4%D0%B0%D0%B2%D0%BB%D0%B5%D1%82%D1%88%D0%B8%D0%BD%D0%B0+%D1%81%D0%BF%D0%B8%D1%81%D0%BE%D0%BA+%D0%BB%D0%B8%D1%82%D0%B5%D1%80%D0%B0%D1%82%D1%83%D1%80%D1%8B+%D0%BA%D0%BD%D0%B8%D0%B3%D0%B8&source=web&cd=4&ved=0CGUQFjAD&url=http%3A%2F%2Fcsdb.ufanet.ru%2Fcontent%2Fview%2F52%2F&ei=G__JT_CpJ4mCOs-8-PYP&usg=AFQjCNFMN4CjVAsSFrWfMY8qdcl_Twh1Gg&cad=rjt" "Mozilla/5.0 (Windows NT 6.1) AppleWebKit/535.19 (KHTML, like Gecko) Chrome/18.0.1025.164 Safari/535.19 YE"
109.104.173.52 - - [02/Jun/2012:18:04:29 +0600] "GET /content/blogcategory/1/66/ HTTP/1.0" 200 7626 "-" "Mozilla/5.0 (Windows NT 6.1) AppleWebKit/536.5 (KHTML, like Gecko) Chrome/19.0.1084.52 Safari/536.5"
66.249.66.77 - - [02/Jun/2012:18:05:13 +0600] "GET /content/view/732/91/ HTTP/1.0" 200 4618 "-" "Mozilla/5.0 (compatible; Googlebot/2.1; +http://www.google.com/bot.html)"
178.154.163.30 - - [02/Jun/2012:18:10:53 +0600] "GET /content/view/342/85/ HTTP/1.0" 200 4325 "-" "Mozilla/5.0 (compatible; YandexBot/3.0; +http://yandex.com/bots)"
178.154.163.30 - - [02/Jun/2012:18:10:55 +0600] "GET /content/view/922/1/ HTTP/1.0" 200 5495 "-" "Mozilla/5.0 (compatible; YandexBot/3.0; +http://yandex.com/bots)"
178.154.163.30 - - [02/Jun/2012:18:10:57 +0600] "GET /content/view/238/66/ HTTP/1.0" 200 6342 "-" "Mozilla/5.0 (compatible; YandexBot/3.0; +http://yandex.com/bots)"
178.154.163.30 - - [02/Jun/2012:18:11:00 +0600] "GET /content/view/811/137/ HTTP/1.0" 200 5066 "-" "Mozilla/5.0 (compatible; YandexBot/3.0; +http://yandex.com/bots)"
178.154.163.30 - - [02/Jun/2012:18:11:02 +0600] "GET /content/view/989/117/ HTTP/1.0" 200 5540 "-" "Mozilla/5.0 (compatible; YandexBot/3.0; +http://yandex.com/bots)"
178.154.163.30 - - [02/Jun/2012:18:11:04 +0600] "GET /content/view/433/93/ HTTP/1.0" 200 5983 "-" "Mozilla/5.0 (compatible; YandexBot/3.0; +http://yandex.com/bots)"
178.154.163.30 - - [02/Jun/2012:18:11:07 +0600] "GET /content/view/989/254/ HTTP/1.0" 200 5543 "-" "Mozilla/5.0 (compatible; YandexBot/3.0; +http://yandex.com/bots)"
178.154.163.30 - - [02/Jun/2012:18:11:11 +0600] "GET /content/view/989/256/ HTTP/1.0" 200 5536 "-" "Mozilla/5.0 (compatible; YandexBot/3.0; +http://yandex.com/bots)"
178.154.163.30 - - [02/Jun/2012:18:11:13 +0600] "GET /content/view/562/194/ HTTP/1.0" 200 5080 "-" "Mozilla/5.0 (compatible; YandexBot/3.0; +http://yandex.com/bots)"
178.154.163.30 - - [02/Jun/2012:18:11:16 +0600] "GET /content/view/723/110/ HTTP/1.0" 200 5064 "-" "Mozilla/5.0 (compatible; YandexBot/3.0; +http://yandex.com/bots)"
178.154.163.30 - - [02/Jun/2012:18:11:19 +0600] "GET /content/view/193/75/ HTTP/1.0" 200 3852 "-" "Mozilla/5.0 (compatible; YandexBot/3.0; +http://yandex.com/bots)"
178.154.163.30 - - [02/Jun/2012:18:11:22 +0600] "GET /content/blogcategory/1/66/ HTTP/1.0" 200 7625 "-" "Mozilla/5.0 (compatible; YandexBot/3.0; +http://yandex.com/bots)"
66.249.66.77 - - [02/Jun/2012:18:15:58 +0600] "GET /content/view/914/90/ HTTP/1.0" 200 4367 "-" "Mozilla/5.0 (compatible; Googlebot/2.1; +http://www.google.com/bot.html)"
192.162.19.83 - - [02/Jun/2012:18:19:39 +0600] "GET /index.php HTTP/1.0" 200 25323 "http://csdb.ufanet.ru/index.php" "Mozilla/4.0 (compatible; MSIE 6.0; Windows NT 5.1; SV1; .NET CLR 1.1.4322; .NET CLR 2.0.50727)"
66.249.72.137 - - [02/Jun/2012:18:20:00 +0600] "GET /content/view/915/56/ HTTP/1.0" 200 3757 "-" "Mozilla/5.0 (compatible; Googlebot/2.1; +http://www.google.com/bot.html)"
66.249.66.77 - - [02/Jun/2012:18:22:21 +0600] "GET /content/view/916/90/ HTTP/1.0" 200 4677 "-" "Mozilla/5.0 (compatible; Googlebot/2.1; +http://www.google.com/bot.html)"
66.249.66.77 - - [02/Jun/2012:18:23:21 +0600] "GET /content/view/920/90/ HTTP/1.0" 200 5207 "-" "Mozilla/5.0 (compatible; Googlebot/2.1; +http://www.google.com/bot.html)"
66.249.72.137 - - [02/Jun/2012:18:24:42 +0600] "GET /content/view/915/90/ HTTP/1.0" 200 4284 "-" "Mozilla/5.0 (compatible; Googlebot/2.1; +http://www.google.com/bot.html)"
157.55.16.219 - - [02/Jun/2012:18:25:44 +0600] "GET /content/view/819/120/ HTTP/1.0" 200 5060 "-" "Mozilla/5.0 (compatible; bingbot/2.0; +http://www.bing.com/bingbot.htm)"
213.180.206.197 - - [02/Jun/2012:18:32:10 +0600] "GET / HTTP/1.0" 200 25318 "-" "Mozilla/5.0 (compatible; YandexMetrika/2.0; +http://yandex.com/bots)"
178.129.242.51 - - [02/Jun/2012:18:33:39 +0600] "GET /content/view/442/210 HTTP/1.0" 200 4574 "http://images.yandex.ru/yandsearch?p=2&text=%D0%B7%D0%B0%D0%BB%D0%B8%D0%BC%D0%BE%D0%B2&lr=172&noreask=1&rpt=image" "Mozilla/5.0 (Windows NT 5.1) AppleWebKit/536.5 (KHTML, like Gecko) Chrome/19.0.1084.52 Safari/536.5"
65.52.111.7 - - [02/Jun/2012:18:33:44 +0600] "GET /content/view/794/47/ HTTP/1.0" 200 5646 "-" "Mozilla/5.0 (compatible; bingbot/2.0; +http://www.bing.com/bingbot.htm)"
66.249.66.77 - - [02/Jun/2012:18:39:11 +0600] "GET /content/view/929/56/ HTTP/1.0" 200 3699 "-" "Mozilla/5.0 (compatible; Googlebot/2.1; +http://www.google.com/bot.html)"
66.249.66.77 - - [02/Jun/2012:18:43:15 +0600] "GET /content/view/929/5/ HTTP/1.0" 200 5691 "-" "Mozilla/5.0 (compatible; Googlebot/2.1; +http://www.google.com/bot.html)"
85.26.232.36 - - [02/Jun/2012:18:44:19 +0600] "GET /files/ucazatel/Salavat2.pdf HTTP/1.0" 200 345749 "http://yandex.ru/yandsearch?p=4&text=%D0%B8%D0%BD%D0%BD%D0%B0+%D0%B3%D0%B2%D0%BE%D0%B7%D0%B4%D0%B8%D0%BA%D0%BE%D0%B2%D0%B0&lr=172" "Mozilla/5.0 (compatible; MSIE 9.0; Windows NT 6.1; WOW64; Trident/5.0)"
85.26.232.36 - - [02/Jun/2012:18:44:42 +0600] "GET /files/ucazatel/Salavat2.pdf HTTP/1.0" 206 80469 "http://yandex.ru/yandsearch?p=4&text=%D0%B8%D0%BD%D0%BD%D0%B0+%D0%B3%D0%B2%D0%BE%D0%B7%D0%B4%D0%B8%D0%BA%D0%BE%D0%B2%D0%B0&lr=172" "Mozilla/5.0 (compatible; MSIE 9.0; Windows NT 6.1; WOW64; Trident/5.0)"
207.46.204.181 - - [02/Jun/2012:18:49:19 +0600] "GET /index.php?option=com_content&task=view&id=26&Itemid=49 HTTP/1.0" 200 3929 "-" "Mozilla/5.0 (compatible; bingbot/2.0; +http://www.bing.com/bingbot.htm)"
109.104.173.52 - - [02/Jun/2012:18:50:21 +0600] "GET /content/blogcategory/1/66/ HTTP/1.0" 200 7624 "-" "Mozilla/5.0 (Windows NT 6.1) AppleWebKit/536.5 (KHTML, like Gecko) Chrome/19.0.1084.52 Safari/536.5"
109.187.233.148 - - [02/Jun/2012:18:55:20 +0600] "GET / HTTP/1.0" 200 6880 "http://link.2gis.ru/32FAEA05/grym/20120201/ufa/8807d0000035e?http://csdb.ufanet.ru" "Opera/9.80 (Windows NT 6.1; U; ru) Presto/2.10.229 Version/11.64"
109.187.233.148 - - [02/Jun/2012:18:55:24 +0600] "GET /images/cgdb.swf HTTP/1.0" 200 19792297 "http://csdb.ufanet.ru/" "Opera/9.80 (Windows NT 6.1; U; ru) Presto/2.10.229 Version/11.64"
178.154.163.30 - - [02/Jun/2012:18:55:40 +0600] "GET /content/view/970/5/ HTTP/1.0" 200 5063 "-" "Mozilla/5.0 (compatible; YandexBot/3.0; +http://yandex.com/bots)"
109.187.233.148 - - [02/Jun/2012:18:55:49 +0600] "GET /content/category/14/42/183/ HTTP/1.0" 200 5703 "http://csdb.ufanet.ru/" "Opera/9.80 (Windows NT 6.1; U; ru) Presto/2.10.229 Version/11.64"
213.108.248.110 - - [02/Jun/2012:19:00:11 +0600] "POST / HTTP/1.0" 200 25358 "-" "-"
213.108.248.110 - - [02/Jun/2012:19:00:11 +0600] "GET / HTTP/1.0" 200 25363 "-" "-"
178.154.163.30 - - [02/Jun/2012:19:03:31 +0600] "GET /content/view/989/126/ HTTP/1.0" 200 5543 "-" "Mozilla/5.0 (compatible; YandexBot/3.0; +http://yandex.com/bots)"
178.154.163.30 - - [02/Jun/2012:19:03:33 +0600] "GET /content/view/827/66 HTTP/1.0" 200 5782 "-" "Mozilla/5.0 (compatible; YandexBot/3.0; +http://yandex.com/bots)"
178.154.163.30 - - [02/Jun/2012:19:03:35 +0600] "GET /content/view/793/183/ HTTP/1.0" 200 5097 "-" "Mozilla/5.0 (compatible; YandexBot/3.0; +http://yandex.com/bots)"
178.154.163.30 - - [02/Jun/2012:19:03:37 +0600] "GET /content/view/989/128/ HTTP/1.0" 200 5530 "-" "Mozilla/5.0 (compatible; YandexBot/3.0; +http://yandex.com/bots)"
178.154.163.30 - - [02/Jun/2012:19:03:40 +0600] "GET /content/view/648/113/ HTTP/1.0" 200 5061 "-" "Mozilla/5.0 (compatible; YandexBot/3.0; +http://yandex.com/bots)"
178.154.163.30 - - [02/Jun/2012:19:03:42 +0600] "GET /content/view/793/55/ HTTP/1.0" 200 5104 "-" "Mozilla/5.0 (compatible; YandexBot/3.0; +http://yandex.com/bots)"
178.154.163.30 - - [02/Jun/2012:19:03:45 +0600] "GET /content/view/467/66 HTTP/1.0" 200 6170 "-" "Mozilla/5.0 (compatible; YandexBot/3.0; +http://yandex.com/bots)"
178.154.163.30 - - [02/Jun/2012:19:03:47 +0600] "GET /index.php?option=com_content&task=blogcategory&id=1&Itemid=66&limit=5&limitstart=30 HTTP/1.0" 200 7058 "-" "Mozilla/5.0 (compatible; YandexBot/3.0; +http://yandex.com/bots)"
178.154.163.30 - - [02/Jun/2012:19:03:50 +0600] "GET / HTTP/1.0" 200 6948 "-" "Mozilla/5.0 (compatible; YandexBot/3.0; +http://yandex.com/bots)"
66.249.66.77 - - [02/Jun/2012:19:06:06 +0600] "GET /content/view/929/90/ HTTP/1.0" 200 4235 "-" "Mozilla/5.0 (compatible; Googlebot/2.1; +http://www.google.com/bot.html)"
66.249.66.77 - - [02/Jun/2012:19:07:36 +0600] "GET /content/view/929/ HTTP/1.0" 200 4604 "-" "Mozilla/5.0 (compatible; Googlebot/2.1; +http://www.google.com/bot.html)"
66.249.66.77 - - [02/Jun/2012:19:11:54 +0600] "GET /content/view/930/5/ HTTP/1.0" 200 5945 "-" "Mozilla/5.0 (compatible; Googlebot/2.1; +http://www.google.com/bot.html)"
66.249.66.77 - - [02/Jun/2012:19:14:47 +0600] "GET /content/view/930/90/ HTTP/1.0" 200 4482 "-" "Mozilla/5.0 (compatible; Googlebot/2.1; +http://www.google.com/bot.html)"
157.55.17.195 - - [02/Jun/2012:19:14:48 +0600] "GET /files/ucazatel/Zochenko.pdf HTTP/1.0" 200 2124737 "-" "Mozilla/5.0 (compatible; bingbot/2.0; +http://www.bing.com/bingbot.htm)"
66.249.66.77 - - [02/Jun/2012:19:15:09 +0600] "GET /content/view/930/56/ HTTP/1.0" 200 3967 "-" "Mozilla/5.0 (compatible; Googlebot/2.1; +http://www.google.com/bot.html)"
66.249.66.77 - - [02/Jun/2012:19:15:31 +0600] "GET /content/view/930/ HTTP/1.0" 200 4862 "-" "Mozilla/5.0 (compatible; Googlebot/2.1; +http://www.google.com/bot.html)"
68.233.226.103 - - [02/Jun/2012:19:17:12 +0600] "GET /content/view/793/106/content/view/794/1/ HTTP/1.0" 200 14981 "-" "Mozilla/5.0 (Windows NT 5.1) AppleWebKit/535.2 (KHTML, like Gecko) Chrome/15.0.872.0 Safari/535.2"
66.249.66.77 - - [02/Jun/2012:19:20:32 +0600] "GET /content/view/931/5/ HTTP/1.0" 200 5956 "-" "Mozilla/5.0 (compatible; Googlebot/2.1; +http://www.google.com/bot.html)"
94.41.17.210 - - [02/Jun/2012:19:22:34 +0600] "GET / HTTP/1.0" 200 6920 "-" "Mozilla/5.0 (Windows NT 6.1; WOW64) AppleWebKit/536.5 (KHTML, like Gecko) Chrome/19.0.1084.52 Safari/536.5"
213.180.206.197 - - [02/Jun/2012:19:22:47 +0600] "GET / HTTP/1.0" 200 25323 "-" "Mozilla/5.0 (compatible; YandexMetrika/2.0; +http://yandex.com/bots)"
94.41.17.210 - - [02/Jun/2012:19:23:25 +0600] "GET /content/blogcategory/1/66/ HTTP/1.0" 200 7626 "http://csdb.ufanet.ru/" "Mozilla/5.0 (Windows NT 6.1; WOW64) AppleWebKit/536.5 (KHTML, like Gecko) Chrome/19.0.1084.52 Safari/536.5"
157.55.17.103 - - [02/Jun/2012:19:25:10 +0600] "GET /content/view/242/66/ HTTP/1.0" 200 5906 "-" "Mozilla/5.0 (compatible; bingbot/2.0; +http://www.bing.com/bingbot.htm)"
109.104.173.52 - - [02/Jun/2012:19:37:44 +0600] "GET /content/blogcategory/1/66/ HTTP/1.0" 200 7626 "-" "Mozilla/5.0 (Windows NT 6.1) AppleWebKit/536.5 (KHTML, like Gecko) Chrome/19.0.1084.52 Safari/536.5"
66.249.66.77 - - [02/Jun/2012:19:38:37 +0600] "GET /content/view/403/151/ HTTP/1.0" 200 5065 "-" "Mozilla/5.0 (compatible; Googlebot/2.1; +http://www.google.com/bot.html)"
68.233.226.103 - - [02/Jun/2012:19:40:58 +0600] "GET /content/view/793/123/content/view/659/1/ HTTP/1.0" 200 12896 "-" "Mozilla/5.0 (Windows NT 5.1) AppleWebKit/535.2 (KHTML, like Gecko) Chrome/15.0.872.0 Safari/535.2"
66.249.66.77 - - [02/Jun/2012:19:41:47 +0600] "GET /content/view/498/1/ HTTP/1.0" 200 6813 "-" "Mozilla/5.0 (compatible; Googlebot/2.1; +http://www.google.com/bot.html)"
66.249.66.77 - - [02/Jun/2012:19:46:30 +0600] "GET /content/view/535/119/ HTTP/1.0" 200 5058 "-" "Mozilla/5.0 (compatible; Googlebot/2.1; +http://www.google.com/bot.html)"
66.249.66.77 - - [02/Jun/2012:19:48:48 +0600] "GET /content/view/212/67/ HTTP/1.0" 200 4965 "-" "Mozilla/5.0 (compatible; Googlebot/2.1; +http://www.google.com/bot.html)"
66.249.66.77 - - [02/Jun/2012:19:49:08 +0600] "GET /content/view/537/ HTTP/1.0" 200 5856 "-" "Mozilla/5.0 (compatible; Googlebot/2.1; +http://www.google.com/bot.html)"
109.104.173.52 - - [02/Jun/2012:19:59:09 +0600] "GET /content/blogcategory/1/66/ HTTP/1.0" 200 7625 "-" "Mozilla/5.0 (Windows NT 6.1) AppleWebKit/536.5 (KHTML, like Gecko) Chrome/19.0.1084.52 Safari/536.5"
178.239.56.252 - - [02/Jun/2012:20:01:52 +0600] "GET /administrator/ HTTP/1.0" 200 2775 "-" "User-Agent: Mozilla/5.0 (Windows; U; Windows NT 5.2; en-US; rv:1.9.0.6) Gecko/2009011913 Firefox/4.0.1"
178.239.56.252 - - [02/Jun/2012:20:01:52 +0600] "POST /administrator/index.php HTTP/1.0" 200 274 "-" "User-Agent: Mozilla/5.0 (Windows; U; Windows NT 5.2; en-US; rv:1.9.0.6) Gecko/2009011913 Firefox/4.0.1"
178.239.56.252 - - [02/Jun/2012:20:01:52 +0600] "POST /administrator/index.php HTTP/1.0" 200 274 "-" "User-Agent: Mozilla/5.0 (Windows; U; Windows NT 5.2; en-US; rv:1.9.0.6) Gecko/2009011913 Firefox/4.0.1"
178.239.56.252 - - [02/Jun/2012:20:01:53 +0600] "POST /administrator/index.php HTTP/1.0" 200 274 "-" "User-Agent: Mozilla/5.0 (Windows; U; Windows NT 5.2; en-US; rv:1.9.0.6) Gecko/2009011913 Firefox/4.0.1"
178.239.56.252 - - [02/Jun/2012:20:01:53 +0600] "POST /administrator/index.php HTTP/1.0" 200 274 "-" "User-Agent: Mozilla/5.0 (Windows; U; Windows NT 5.2; en-US; rv:1.9.0.6) Gecko/2009011913 Firefox/4.0.1"
178.239.56.252 - - [02/Jun/2012:20:01:53 +0600] "POST /administrator/index.php HTTP/1.0" 200 274 "-" "User-Agent: Mozilla/5.0 (Windows; U; Windows NT 5.2; en-US; rv:1.9.0.6) Gecko/2009011913 Firefox/4.0.1"
178.239.56.252 - - [02/Jun/2012:20:01:53 +0600] "POST /administrator/index.php HTTP/1.0" 200 274 "-" "User-Agent: Mozilla/5.0 (Windows; U; Windows NT 5.2; en-US; rv:1.9.0.6) Gecko/2009011913 Firefox/4.0.1"
178.239.56.252 - - [02/Jun/2012:20:01:53 +0600] "POST /administrator/index.php HTTP/1.0" 200 274 "-" "User-Agent: Mozilla/5.0 (Windows; U; Windows NT 5.2; en-US; rv:1.9.0.6) Gecko/2009011913 Firefox/4.0.1"
178.239.56.252 - - [02/Jun/2012:20:01:53 +0600] "POST /administrator/index.php HTTP/1.0" 200 274 "-" "User-Agent: Mozilla/5.0 (Windows; U; Windows NT 5.2; en-US; rv:1.9.0.6) Gecko/2009011913 Firefox/4.0.1"
178.239.56.252 - - [02/Jun/2012:20:01:54 +0600] "POST /administrator/index.php HTTP/1.0" 200 274 "-" "User-Agent: Mozilla/5.0 (Windows; U; Windows NT 5.2; en-US; rv:1.9.0.6) Gecko/2009011913 Firefox/4.0.1"
178.239.56.252 - - [02/Jun/2012:20:01:54 +0600] "POST /administrator/index.php HTTP/1.0" 200 274 "-" "User-Agent: Mozilla/5.0 (Windows; U; Windows NT 5.2; en-US; rv:1.9.0.6) Gecko/2009011913 Firefox/4.0.1"
178.239.56.252 - - [02/Jun/2012:20:01:54 +0600] "POST /administrator/index.php HTTP/1.0" 200 274 "-" "User-Agent: Mozilla/5.0 (Windows; U; Windows NT 5.2; en-US; rv:1.9.0.6) Gecko/2009011913 Firefox/4.0.1"
178.239.56.252 - - [02/Jun/2012:20:01:54 +0600] "POST /administrator/index.php HTTP/1.0" 200 274 "-" "User-Agent: Mozilla/5.0 (Windows; U; Windows NT 5.2; en-US; rv:1.9.0.6) Gecko/2009011913 Firefox/4.0.1"
178.239.56.252 - - [02/Jun/2012:20:01:54 +0600] "POST /administrator/index.php HTTP/1.0" 200 274 "-" "User-Agent: Mozilla/5.0 (Windows; U; Windows NT 5.2; en-US; rv:1.9.0.6) Gecko/2009011913 Firefox/4.0.1"
178.239.56.252 - - [02/Jun/2012:20:01:55 +0600] "POST /administrator/index.php HTTP/1.0" 200 274 "-" "User-Agent: Mozilla/5.0 (Windows; U; Windows NT 5.2; en-US; rv:1.9.0.6) Gecko/2009011913 Firefox/4.0.1"
178.239.56.252 - - [02/Jun/2012:20:01:55 +0600] "POST /administrator/index.php HTTP/1.0" 200 274 "-" "User-Agent: Mozilla/5.0 (Windows; U; Windows NT 5.2; en-US; rv:1.9.0.6) Gecko/2009011913 Firefox/4.0.1"
178.239.56.252 - - [02/Jun/2012:20:01:55 +0600] "POST /administrator/index.php HTTP/1.0" 200 274 "-" "User-Agent: Mozilla/5.0 (Windows; U; Windows NT 5.2; en-US; rv:1.9.0.6) Gecko/2009011913 Firefox/4.0.1"
178.239.56.252 - - [02/Jun/2012:20:01:55 +0600] "POST /administrator/index.php HTTP/1.0" 200 274 "-" "User-Agent: Mozilla/5.0 (Windows; U; Windows NT 5.2; en-US; rv:1.9.0.6) Gecko/2009011913 Firefox/4.0.1"
178.239.56.252 - - [02/Jun/2012:20:01:55 +0600] "POST /administrator/index.php HTTP/1.0" 200 274 "-" "User-Agent: Mozilla/5.0 (Windows; U; Windows NT 5.2; en-US; rv:1.9.0.6) Gecko/2009011913 Firefox/4.0.1"
178.239.56.252 - - [02/Jun/2012:20:01:55 +0600] "POST /administrator/index.php HTTP/1.0" 200 274 "-" "User-Agent: Mozilla/5.0 (Windows; U; Windows NT 5.2; en-US; rv:1.9.0.6) Gecko/2009011913 Firefox/4.0.1"
178.239.56.252 - - [02/Jun/2012:20:01:56 +0600] "POST /administrator/index.php HTTP/1.0" 200 274 "-" "User-Agent: Mozilla/5.0 (Windows; U; Windows NT 5.2; en-US; rv:1.9.0.6) Gecko/2009011913 Firefox/4.0.1"
178.239.56.252 - - [02/Jun/2012:20:01:56 +0600] "POST /administrator/index.php HTTP/1.0" 200 274 "-" "User-Agent: Mozilla/5.0 (Windows; U; Windows NT 5.2; en-US; rv:1.9.0.6) Gecko/2009011913 Firefox/4.0.1"
178.239.56.252 - - [02/Jun/2012:20:01:56 +0600] "POST /administrator/index.php HTTP/1.0" 200 274 "-" "User-Agent: Mozilla/5.0 (Windows; U; Windows NT 5.2; en-US; rv:1.9.0.6) Gecko/2009011913 Firefox/4.0.1"
178.239.56.252 - - [02/Jun/2012:20:01:56 +0600] "POST /administrator/index.php HTTP/1.0" 200 274 "-" "User-Agent: Mozilla/5.0 (Windows; U; Windows NT 5.2; en-US; rv:1.9.0.6) Gecko/2009011913 Firefox/4.0.1"
178.239.56.252 - - [02/Jun/2012:20:01:56 +0600] "POST /administrator/index.php HTTP/1.0" 200 274 "-" "User-Agent: Mozilla/5.0 (Windows; U; Windows NT 5.2; en-US; rv:1.9.0.6) Gecko/2009011913 Firefox/4.0.1"
178.239.56.252 - - [02/Jun/2012:20:01:57 +0600] "POST /administrator/index.php HTTP/1.0" 200 274 "-" "User-Agent: Mozilla/5.0 (Windows; U; Windows NT 5.2; en-US; rv:1.9.0.6) Gecko/2009011913 Firefox/4.0.1"
178.239.56.252 - - [02/Jun/2012:20:01:57 +0600] "POST /administrator/index.php HTTP/1.0" 200 274 "-" "User-Agent: Mozilla/5.0 (Windows; U; Windows NT 5.2; en-US; rv:1.9.0.6) Gecko/2009011913 Firefox/4.0.1"
178.239.56.252 - - [02/Jun/2012:20:01:57 +0600] "POST /administrator/index.php HTTP/1.0" 200 274 "-" "User-Agent: Mozilla/5.0 (Windows; U; Windows NT 5.2; en-US; rv:1.9.0.6) Gecko/2009011913 Firefox/4.0.1"
178.239.56.252 - - [02/Jun/2012:20:01:57 +0600] "POST /administrator/index.php HTTP/1.0" 200 274 "-" "User-Agent: Mozilla/5.0 (Windows; U; Windows NT 5.2; en-US; rv:1.9.0.6) Gecko/2009011913 Firefox/4.0.1"
178.239.56.252 - - [02/Jun/2012:20:01:57 +0600] "POST /administrator/index.php HTTP/1.0" 200 274 "-" "User-Agent: Mozilla/5.0 (Windows; U; Windows NT 5.2; en-US; rv:1.9.0.6) Gecko/2009011913 Firefox/4.0.1"
178.239.56.252 - - [02/Jun/2012:20:01:57 +0600] "POST /administrator/index.php HTTP/1.0" 200 274 "-" "User-Agent: Mozilla/5.0 (Windows; U; Windows NT 5.2; en-US; rv:1.9.0.6) Gecko/2009011913 Firefox/4.0.1"
178.239.56.252 - - [02/Jun/2012:20:01:58 +0600] "POST /administrator/index.php HTTP/1.0" 200 274 "-" "User-Agent: Mozilla/5.0 (Windows; U; Windows NT 5.2; en-US; rv:1.9.0.6) Gecko/2009011913 Firefox/4.0.1"
178.239.56.252 - - [02/Jun/2012:20:01:58 +0600] "POST /administrator/index.php HTTP/1.0" 200 274 "-" "User-Agent: Mozilla/5.0 (Windows; U; Windows NT 5.2; en-US; rv:1.9.0.6) Gecko/2009011913 Firefox/4.0.1"
178.239.56.252 - - [02/Jun/2012:20:01:58 +0600] "POST /administrator/index.php HTTP/1.0" 200 274 "-" "User-Agent: Mozilla/5.0 (Windows; U; Windows NT 5.2; en-US; rv:1.9.0.6) Gecko/2009011913 Firefox/4.0.1"
68.233.226.103 - - [02/Jun/2012:20:03:13 +0600] "GET /content/view/793/123/content/view/793/1/ HTTP/1.0" 200 12896 "-" "Mozilla/5.0 (Windows NT 5.1) AppleWebKit/535.2 (KHTML, like Gecko) Chrome/15.0.872.0 Safari/535.2"
136.169.128.101 - - [02/Jun/2012:20:03:49 +0600] "GET / HTTP/1.0" 200 6922 "-" "Mozilla/5.0 (Windows; U; Windows NT 6.1; ru; rv:1.9.2.22) Gecko/20110902 Firefox/3.6.22 sputnik 2.4.0.54 WebMoney Advisor"
136.169.128.101 - - [02/Jun/2012:20:03:51 +0600] "GET /images/cgdb.swf HTTP/1.0" 200 19792297 "http://csdb.ufanet.ru/" "Mozilla/5.0 (Windows; U; Windows NT 6.1; ru; rv:1.9.2.22) Gecko/20110902 Firefox/3.6.22 sputnik 2.4.0.54 WebMoney Advisor"
136.169.128.101 - - [02/Jun/2012:20:03:52 +0600] "GET /content/blogcategory/1/66/ HTTP/1.0" 200 7625 "http://csdb.ufanet.ru/" "Mozilla/5.0 (Windows; U; Windows NT 6.1; ru; rv:1.9.2.22) Gecko/20110902 Firefox/3.6.22 sputnik 2.4.0.54 WebMoney Advisor"
95.66.192.2 - - [02/Jun/2012:20:04:36 +0600] "GET /content/view/59/53/ HTTP/1.0" 200 21570 "http://www.google.ru/imgres?q=%D0%B1%D1%83%D0%BC%D0%B0%D0%B6%D0%BD%D1%8B%D0%B5+%D0%BC%D0%BE%D0%B4%D0%B5%D0%BB%D0%B8+%D0%BB%D0%B5%D0%B2%D1%88%D0%B0&start=80&hl=ru&newwindow=1&safe=off&sa=X&rlz=1C1CHFA_enRU484RU484&qscrl=1&biw=1176&bih=724&tbm=isch&prmd=imvns&tbnid=DzbCGc8qXzlcPM:&imgrefurl=http://csdb.ufanet.ru/content/view/59/53/&docid=bzo8vnZMDqUqbM&imgurl=http://csdb.ufanet.ru/images/091211/09.jpg&w=235&h=309&ei=Uh3KT8fCC6fU4QT67pEO&zoom=1&iact=hc&vpx=756&vpy=4&dur=1773&hovh=247&hovw=188&tx=110&ty=220&sig=106147094009028451791&page=5&tbnh=175&tbnw=128&ndsp=24&ved=1t:429,r:38,s:80,i:192" "Mozilla/5.0 (Macintosh; Intel Mac OS X 10_6_3) AppleWebKit/536.5 (KHTML, like Gecko) Chrome/19.0.1084.53 Safari/536.5"
66.249.66.77 - - [02/Jun/2012:20:06:51 +0600] "GET /content/view/775/235/ HTTP/1.0" 200 4068 "-" "Mozilla/5.0 (compatible; Googlebot/2.1; +http://www.google.com/bot.html)"
66.249.66.77 - - [02/Jun/2012:20:06:58 +0600] "GET /content/view/1001/151/ HTTP/1.0" 200 19240 "-" "Mozilla/5.0 (compatible; Googlebot/2.1; +http://www.google.com/bot.html)"
83.169.60.25 - - [02/Jun/2012:20:06:58 +0600] "GET / HTTP/1.0" 200 25358 "-" "Mozilla/5.0 (Windows; U; Windows NT 6.0; de; rv:1.9.0.6) Gecko/2009011913 Firefox/3.0.6"
83.169.60.25 - - [02/Jun/2012:20:06:59 +0600] "GET /20e6a4bb032fcfae5d.php HTTP/1.0" 404 299 "-" "Mozilla/5.0 (Windows; U; Windows NT 6.0; de; rv:1.9.0.6) Gecko/2009011913 Firefox/3.0.6"
207.46.204.181 - - [02/Jun/2012:20:08:48 +0600] "GET / HTTP/1.0" 200 6949 "-" "Mozilla/5.0 (compatible; bingbot/2.0; +http://www.bing.com/bingbot.htm)"
66.249.66.77 - - [02/Jun/2012:20:10:53 +0600] "GET /content/view/751/219/ HTTP/1.0" 200 5058 "-" "Mozilla/5.0 (compatible; Googlebot/2.1; +http://www.google.com/bot.html)"
193.47.80.39 - - [02/Jun/2012:20:11:13 +0600] "GET / HTTP/1.0" 200 6946 "-" "Mozilla/5.0 (compatible; Exabot/3.0; +http://www.exabot.com/go/robot)"
66.249.66.77 - - [02/Jun/2012:20:11:21 +0600] "GET /content/view/879/138/ HTTP/1.0" 200 5062 "-" "Mozilla/5.0 (compatible; Googlebot/2.1; +http://www.google.com/bot.html)"
178.154.163.30 - - [02/Jun/2012:20:14:43 +0600] "GET /content/view/59/53/ HTTP/1.0" 200 21573 "-" "Mozilla/5.0 (compatible; YandexBot/3.0; +http://yandex.com/bots)"
66.249.66.77 - - [02/Jun/2012:20:18:05 +0600] "GET /content/view/561/132/ HTTP/1.0" 200 5052 "-" "Mozilla/5.0 (compatible; Googlebot/2.1; +http://www.google.com/bot.html)"
213.180.206.197 - - [02/Jun/2012:20:18:38 +0600] "GET / HTTP/1.0" 200 25363 "-" "Mozilla/5.0 (compatible; YandexMetrika/2.0; +http://yandex.com/bots)"
66.249.66.77 - - [02/Jun/2012:20:25:29 +0600] "GET /content/view/659/90/ HTTP/1.0" 200 3553 "-" "Mozilla/5.0 (compatible; Googlebot/2.1; +http://www.google.com/bot.html)"
109.104.173.52 - - [02/Jun/2012:20:29:02 +0600] "GET /content/blogcategory/1/66/ HTTP/1.0" 200 7625 "-" "Mozilla/5.0 (Windows NT 6.1) AppleWebKit/536.5 (KHTML, like Gecko) Chrome/19.0.1084.52 Safari/536.5"
66.249.66.77 - - [02/Jun/2012:20:32:25 +0600] "GET /content/view/657/1/ HTTP/1.0" 200 5468 "-" "Mozilla/5.0 (compatible; Googlebot/2.1; +http://www.google.com/bot.html)"
66.249.66.77 - - [02/Jun/2012:20:33:04 +0600] "GET /content/view/560/55/ HTTP/1.0" 200 5109 "-" "Mozilla/5.0 (compatible; Googlebot/2.1; +http://www.google.com/bot.html)"
66.249.66.77 - - [02/Jun/2012:20:33:54 +0600] "GET /content/view/580/219/ HTTP/1.0" 200 5060 "-" "Mozilla/5.0 (compatible; Googlebot/2.1; +http://www.google.com/bot.html)"
66.249.66.77 - - [02/Jun/2012:20:34:41 +0600] "GET /images/mb/img38/free_access.swf HTTP/1.0" 200 7947129 "-" "Mozilla/5.0 (compatible; Googlebot/2.1; +http://www.google.com/bot.html)"
66.249.66.77 - - [02/Jun/2012:20:35:22 +0600] "GET /content/view/952/120/ HTTP/1.0" 200 5062 "-" "Mozilla/5.0 (compatible; Googlebot/2.1; +http://www.google.com/bot.html)"
68.233.226.103 - - [02/Jun/2012:20:35:48 +0600] "GET /content/view/793/123/content/view/794/1/ HTTP/1.0" 200 12896 "-" "Mozilla/5.0 (Windows NT 5.1) AppleWebKit/535.2 (KHTML, like Gecko) Chrome/15.0.872.0 Safari/535.2"
66.249.66.77 - - [02/Jun/2012:20:36:01 +0600] "GET /content/view/922/66/ HTTP/1.0" 200 5100 "-" "Mozilla/5.0 (compatible; Googlebot/2.1; +http://www.google.com/bot.html)"
66.249.66.77 - - [02/Jun/2012:20:37:00 +0600] "GET /content/view/922/150/ HTTP/1.0" 200 5066 "-" "Mozilla/5.0 (compatible; Googlebot/2.1; +http://www.google.com/bot.html)"
66.249.66.77 - - [02/Jun/2012:20:39:56 +0600] "GET /content/view/879/192/ HTTP/1.0" 200 5079 "-" "Mozilla/5.0 (compatible; Googlebot/2.1; +http://www.google.com/bot.html)"
178.154.163.30 - - [02/Jun/2012:20:45:10 +0600] "GET /content/view/21/157/ HTTP/1.0" 200 6114 "-" "Mozilla/5.0 (compatible; YandexBot/3.0; +http://yandex.com/bots)"
66.249.66.77 - - [02/Jun/2012:20:51:24 +0600] "GET /content/view/1001/138/ HTTP/1.0" 200 19238 "-" "Mozilla/5.0 (compatible; Googlebot/2.1; +http://www.google.com/bot.html)"
