213.180.206.197 - - [03/Jun/2012:04:02:57 +0600] "GET / HTTP/1.0" 200 25318 "-" "Mozilla/5.0 (compatible; YandexMetrika/2.0; +http://yandex.com/bots)"
178.154.163.30 - - [03/Jun/2012:04:06:15 +0600] "GET /files/roditeli/buklet.pdf HTTP/1.0" 304 - "-" "Mozilla/5.0 (compatible; YandexBot/3.0; +http://yandex.com/bots)"
213.180.206.197 - - [03/Jun/2012:04:08:36 +0600] "GET / HTTP/1.0" 200 25323 "-" "Mozilla/5.0 (compatible; YandexMetrika/2.0; +http://yandex.com/bots)"
66.249.66.77 - - [03/Jun/2012:04:09:23 +0600] "GET /content/view/454/155/ HTTP/1.0" 200 5067 "-" "Mozilla/5.0 (compatible; Googlebot/2.1; +http://www.google.com/bot.html)"
178.154.163.30 - - [03/Jun/2012:04:12:05 +0600] "GET /content/view/384/92/ HTTP/1.0" 200 5864 "-" "Mozilla/5.0 (compatible; YandexBot/3.0; +http://yandex.com/bots)"
178.154.163.30 - - [03/Jun/2012:04:18:39 +0600] "GET /content/view/970/123/ HTTP/1.0" 200 5079 "-" "Mozilla/5.0 (compatible; YandexBot/3.0; +http://yandex.com/bots)"
207.46.194.136 - - [03/Jun/2012:04:18:47 +0600] "GET /content/blogcategory/1/66/ HTTP/1.0" 200 7581 "-" "msnbot-media/1.1 (+http://search.msn.com/msnbot.htm)"
178.154.163.30 - - [03/Jun/2012:04:24:25 +0600] "GET /content/view/275/155/ HTTP/1.0" 200 41124 "-" "Mozilla/5.0 (compatible; YandexBot/3.0; +http://yandex.com/bots)"
66.249.66.77 - - [03/Jun/2012:04:24:36 +0600] "GET /content/view/829/ HTTP/1.0" 200 4652 "-" "Mozilla/5.0 (compatible; Googlebot/2.1; +http://www.google.com/bot.html)"
66.249.66.77 - - [03/Jun/2012:04:27:01 +0600] "GET /content/view/812/252/ HTTP/1.0" 200 5056 "-" "Mozilla/5.0 (compatible; Googlebot/2.1; +http://www.google.com/bot.html)"
178.154.163.30 - - [03/Jun/2012:04:30:16 +0600] "GET /content/view/940/157/ HTTP/1.0" 200 5099 "-" "Mozilla/5.0 (compatible; YandexBot/3.0; +http://yandex.com/bots)"
66.249.66.77 - - [03/Jun/2012:04:30:20 +0600] "GET /content/view/72/67/ HTTP/1.0" 200 3832 "-" "Mozilla/5.0 (compatible; Googlebot/2.1; +http://www.google.com/bot.html)"
157.55.17.195 - - [03/Jun/2012:04:32:45 +0600] "GET /content/view/793/52/ HTTP/1.0" 200 5095 "-" "Mozilla/5.0 (compatible; bingbot/2.0; +http://www.bing.com/bingbot.htm)"
178.154.163.30 - - [03/Jun/2012:04:36:30 +0600] "GET /content/view/392/183/ HTTP/1.0" 200 6648 "-" "Mozilla/5.0 (compatible; YandexBot/3.0; +http://yandex.com/bots)"
83.169.60.25 - - [03/Jun/2012:04:37:53 +0600] "GET / HTTP/1.0" 200 25323 "-" "Mozilla/5.0 (Windows; U; Windows NT 6.0; de; rv:1.9.0.6) Gecko/2009011913 Firefox/3.0.6"
83.169.60.25 - - [03/Jun/2012:04:37:55 +0600] "GET /20e6a4bb032fcfae5d.php HTTP/1.0" 404 299 "-" "Mozilla/5.0 (Windows; U; Windows NT 6.0; de; rv:1.9.0.6) Gecko/2009011913 Firefox/3.0.6"
68.233.226.103 - - [03/Jun/2012:04:40:34 +0600] "GET /content/view/793/125/content/view/811/1/ HTTP/1.0" 200 19051 "-" "Mozilla/5.0 (Windows NT 5.1) AppleWebKit/535.2 (KHTML, like Gecko) Chrome/15.0.872.0 Safari/535.2"
178.154.163.30 - - [03/Jun/2012:04:42:32 +0600] "GET /component/option,com_joomap/Itemid,64 HTTP/1.0" 200 19461 "-" "Mozilla/5.0 (compatible; YandexBot/3.0; +http://yandex.com/bots)"
68.233.226.103 - - [03/Jun/2012:04:44:32 +0600] "GET /content/view/793/125/index.php HTTP/1.0" 200 19047 "-" "Mozilla/5.0 (Windows NT 5.1) AppleWebKit/535.2 (KHTML, like Gecko) Chrome/15.0.872.0 Safari/535.2"
66.249.66.77 - - [03/Jun/2012:04:45:50 +0600] "GET /content/view/1001/155/ HTTP/1.0" 200 19247 "-" "Mozilla/5.0 (compatible; Googlebot/2.1; +http://www.google.com/bot.html)"
213.180.206.197 - - [03/Jun/2012:04:46:26 +0600] "GET / HTTP/1.0" 200 25318 "-" "Mozilla/5.0 (compatible; YandexMetrika/2.0; +http://yandex.com/bots)"
157.55.17.147 - - [03/Jun/2012:04:46:46 +0600] "GET /content/view/77/55/ HTTP/1.0" 200 5878 "-" "Mozilla/5.0 (compatible; bingbot/2.0; +http://www.bing.com/bingbot.htm)"
95.220.151.129 - - [03/Jun/2012:04:48:24 +0600] "GET /files/ucazatel/UFA430.pdf HTTP/1.0" 200 438765 "http://yandex.ru/yandsearch?text=%D0%BA%D0%B0%D1%80%D0%B0%D0%BC%D0%BE%D0%B2+%D1%81%D0%B0%D0%BB%D0%B0%D0%B2%D0%B0%D1%82&lr=213" "Mozilla/4.0 (compatible; MSIE 6.0; Windows NT 5.1; SV1; GTB6.6)"
66.249.71.59 - - [03/Jun/2012:04:49:26 +0600] "GET /content/view/155/52/ HTTP/1.0" 200 6293 "-" "Mozilla/5.0 (compatible; Googlebot/2.1; +http://www.google.com/bot.html)"
66.249.66.77 - - [03/Jun/2012:04:52:00 +0600] "GET /content/view/819/201/ HTTP/1.0" 200 5059 "-" "Mozilla/5.0 (compatible; Googlebot/2.1; +http://www.google.com/bot.html)"
178.154.163.30 - - [03/Jun/2012:04:52:09 +0600] "GET /content/blogcategory/1/66/5/5/ HTTP/1.0" 200 7345 "-" "Mozilla/5.0 (compatible; YandexBot/3.0; +http://yandex.com/bots)"
178.154.163.30 - - [03/Jun/2012:04:55:48 +0600] "GET /content/section/8/55 HTTP/1.0" 200 5191 "-" "Mozilla/5.0 (compatible; YandexBot/3.0; +http://yandex.com/bots)"
178.154.163.30 - - [03/Jun/2012:04:59:17 +0600] "GET /index.php HTTP/1.0" 200 6922 "-" "Mozilla/5.0 (compatible; YandexBot/3.0; +http://yandex.com/bots)"
213.133.123.53 - - [03/Jun/2012:05:00:00 +0600] "GET / HTTP/1.0" 200 6919 "-" "Mozilla/5.0 (Windows NT 6.1; WOW64; rv:2.0.1) Gecko/20100101 Firefox/4.0.1 WebMoney Advisor"
66.249.66.77 - - [03/Jun/2012:05:03:09 +0600] "GET /content/view/34/194/ HTTP/1.0" 200 5801 "-" "Mozilla/5.0 (compatible; Googlebot/2.1; +http://www.google.com/bot.html)"
66.249.66.77 - - [03/Jun/2012:05:04:17 +0600] "GET /content/view/71/67/ HTTP/1.0" 200 3900 "-" "Mozilla/5.0 (compatible; Googlebot/2.1; +http://www.google.com/bot.html)"
66.249.71.59 - - [03/Jun/2012:05:05:04 +0600] "GET /content/view/521/183/ HTTP/1.0" 200 7039 "-" "Mozilla/5.0 (compatible; Googlebot/2.1; +http://www.google.com/bot.html)"
66.249.66.77 - - [03/Jun/2012:05:06:51 +0600] "GET /content/view/94/67/ HTTP/1.0" 200 4679 "-" "Mozilla/5.0 (compatible; Googlebot/2.1; +http://www.google.com/bot.html)"
178.154.163.30 - - [03/Jun/2012:05:07:02 +0600] "GET /content/blogcategory/1/66/5/15/ HTTP/1.0" 200 8182 "-" "Mozilla/5.0 (compatible; YandexBot/3.0; +http://yandex.com/bots)"
178.154.163.30 - - [03/Jun/2012:05:11:00 +0600] "GET /content/blogcategory/1/66/5/5 HTTP/1.0" 200 7345 "-" "Mozilla/5.0 (compatible; YandexBot/3.0; +http://yandex.com/bots)"
66.249.66.77 - - [03/Jun/2012:05:13:57 +0600] "GET /content/view/863/223/ HTTP/1.0" 200 5111 "-" "Mozilla/5.0 (compatible; Googlebot/2.1; +http://www.google.com/bot.html)"
178.154.163.30 - - [03/Jun/2012:05:14:39 +0600] "GET /content/blogcategory/45/210 HTTP/1.0" 200 5123 "-" "Mozilla/5.0 (compatible; YandexBot/3.0; +http://yandex.com/bots)"
66.249.66.77 - - [03/Jun/2012:05:15:06 +0600] "GET /content/view/819/239/ HTTP/1.0" 200 3004 "-" "Mozilla/5.0 (compatible; Googlebot/2.1; +http://www.google.com/bot.html)"
66.249.66.77 - - [03/Jun/2012:05:16:48 +0600] "GET / HTTP/1.0" 200 6922 "-" "SAMSUNG-SGH-E250/1.0 Profile/MIDP-2.0 Configuration/CLDC-1.1 UP.Browser/6.2.3.3.c.1.101 (GUI) MMP/2.0 (compatible; Googlebot-Mobile/2.1; +http://www.google.com/bot.html)"
178.154.163.30 - - [03/Jun/2012:05:19:15 +0600] "GET /content/view/322/162/ HTTP/1.0" 200 7322 "-" "Mozilla/5.0 (compatible; YandexBot/3.0; +http://yandex.com/bots)"
150.70.75.36 - - [03/Jun/2012:05:21:08 +0600] "GET / HTTP/1.0" 200 25308 "-" "Mozilla/4.0 (compatible; MSIE 6.0; Windows NT 5.1)"
178.154.163.30 - - [03/Jun/2012:05:22:33 +0600] "GET /content/blogcategory/45/210/9/0/ HTTP/1.0" 200 5123 "-" "Mozilla/5.0 (compatible; YandexBot/3.0; +http://yandex.com/bots)"
68.233.226.103 - - [03/Jun/2012:05:22:48 +0600] "GET /content/view/793/123/index.php HTTP/1.0" 200 12896 "-" "Mozilla/5.0 (Windows NT 5.1) AppleWebKit/535.2 (KHTML, like Gecko) Chrome/15.0.872.0 Safari/535.2"
66.249.66.77 - - [03/Jun/2012:05:23:10 +0600] "GET /content/view/93/67/ HTTP/1.0" 200 3852 "-" "Mozilla/5.0 (compatible; Googlebot/2.1; +http://www.google.com/bot.html)"
213.180.206.197 - - [03/Jun/2012:05:24:04 +0600] "GET / HTTP/1.0" 200 25323 "-" "Mozilla/5.0 (compatible; YandexMetrika/2.0; +http://yandex.com/bots)"
66.249.66.77 - - [03/Jun/2012:05:26:17 +0600] "GET /content/view/989/1/ HTTP/1.0" 200 5933 "-" "Mozilla/5.0 (compatible; Googlebot/2.1; +http://www.google.com/bot.html)"
178.154.163.30 - - [03/Jun/2012:05:26:36 +0600] "GET /content/category/11/54/245/ HTTP/1.0" 200 5389 "-" "Mozilla/5.0 (compatible; YandexBot/3.0; +http://yandex.com/bots)"
178.154.163.30 - - [03/Jun/2012:05:29:51 +0600] "GET /content/view/522/192/ HTTP/1.0" 200 6869 "-" "Mozilla/5.0 (compatible; YandexBot/3.0; +http://yandex.com/bots)"
95.108.141.3 - - [03/Jun/2012:05:32:09 +0600] "HEAD /content/section/8/55 HTTP/1.0" 200 - "-" "Mozilla/5.0 (compatible; YandexSitelinks; Dyatel; +http://yandex.com/bots)"
178.154.163.30 - - [03/Jun/2012:05:32:58 +0600] "GET /content/view/538/183 HTTP/1.0" 200 6520 "-" "Mozilla/5.0 (compatible; YandexBot/3.0; +http://yandex.com/bots)"
66.249.66.77 - - [03/Jun/2012:05:36:20 +0600] "GET /content/view/989/113/ HTTP/1.0" 200 5534 "-" "Mozilla/5.0 (compatible; Googlebot/2.1; +http://www.google.com/bot.html)"
178.154.163.30 - - [03/Jun/2012:05:36:44 +0600] "GET /content/view/42/160/ HTTP/1.0" 200 5784 "-" "Mozilla/5.0 (compatible; YandexBot/3.0; +http://yandex.com/bots)"
66.249.66.77 - - [03/Jun/2012:05:38:02 +0600] "GET /content/view/819/51/ HTTP/1.0" 200 3004 "-" "Mozilla/5.0 (compatible; Googlebot/2.1; +http://www.google.com/bot.html)"
178.154.163.30 - - [03/Jun/2012:05:40:28 +0600] "GET /content/view/492/222/ HTTP/1.0" 200 4838 "-" "Mozilla/5.0 (compatible; YandexBot/3.0; +http://yandex.com/bots)"
178.154.163.30 - - [03/Jun/2012:05:44:08 +0600] "GET /content/view/385/165/ HTTP/1.0" 200 9962 "-" "Mozilla/5.0 (compatible; YandexBot/3.0; +http://yandex.com/bots)"
178.154.163.30 - - [03/Jun/2012:05:47:28 +0600] "GET /content/view/437/66/ HTTP/1.0" 200 6029 "-" "Mozilla/5.0 (compatible; YandexBot/3.0; +http://yandex.com/bots)"
66.249.71.59 - - [03/Jun/2012:05:48:39 +0600] "GET /content/view/989/105/ HTTP/1.0" 200 5529 "-" "Mozilla/5.0 (compatible; Googlebot/2.1; +http://www.google.com/bot.html)"
66.249.71.59 - - [03/Jun/2012:05:49:13 +0600] "GET /content/view/534/107/ HTTP/1.0" 200 5064 "-" "Mozilla/5.0 (compatible; Googlebot/2.1; +http://www.google.com/bot.html)"
178.154.163.30 - - [03/Jun/2012:05:51:09 +0600] "GET /content/view/745/66/ HTTP/1.0" 200 6293 "-" "Mozilla/5.0 (compatible; YandexBot/3.0; +http://yandex.com/bots)"
68.233.226.103 - - [03/Jun/2012:05:52:32 +0600] "GET /content/view/793/123/index.php?option=com_contact&Itemid=3 HTTP/1.0" 200 12896 "-" "Mozilla/5.0 (Windows NT 5.1) AppleWebKit/535.2 (KHTML, like Gecko) Chrome/15.0.872.0 Safari/535.2"
66.249.66.77 - - [03/Jun/2012:05:52:40 +0600] "GET /content/view/989/108/ HTTP/1.0" 200 5546 "-" "Mozilla/5.0 (compatible; Googlebot/2.1; +http://www.google.com/bot.html)"
178.154.163.30 - - [03/Jun/2012:05:55:01 +0600] "GET /content/view/800/66 HTTP/1.0" 200 7153 "-" "Mozilla/5.0 (compatible; YandexBot/3.0; +http://yandex.com/bots)"
178.154.163.30 - - [03/Jun/2012:05:58:42 +0600] "GET /content/view/59/53 HTTP/1.0" 200 21572 "-" "Mozilla/5.0 (compatible; YandexBot/3.0; +http://yandex.com/bots)"
213.180.206.197 - - [03/Jun/2012:06:00:23 +0600] "GET / HTTP/1.0" 200 25323 "-" "Mozilla/5.0 (compatible; YandexMetrika/2.0; +http://yandex.com/bots)"
66.249.66.77 - - [03/Jun/2012:06:01:44 +0600] "GET /content/view/819/90/ HTTP/1.0" 200 3562 "-" "Mozilla/5.0 (compatible; Googlebot/2.1; +http://www.google.com/bot.html)"
178.154.163.30 - - [03/Jun/2012:06:02:27 +0600] "GET /content/view/473/78/ HTTP/1.0" 200 3400 "-" "Mozilla/5.0 (compatible; YandexBot/3.0; +http://yandex.com/bots)"
207.46.194.251 - - [03/Jun/2012:06:03:50 +0600] "GET /content/view/59/53/ HTTP/1.0" 200 21569 "-" "Mozilla/4.0 (compatible; MSIE 7.0; Windows NT 5.2;  SLCC1;  .NET CLR 1.1.4325)"
65.52.111.7 - - [03/Jun/2012:06:04:12 +0600] "GET /content/view/768/222/ HTTP/1.0" 200 4953 "-" "Mozilla/5.0 (compatible; bingbot/2.0; +http://www.bing.com/bingbot.htm)"
178.154.163.30 - - [03/Jun/2012:06:05:45 +0600] "GET /content/view/38/160/ HTTP/1.0" 200 5665 "-" "Mozilla/5.0 (compatible; YandexBot/3.0; +http://yandex.com/bots)"
66.249.66.77 - - [03/Jun/2012:06:08:47 +0600] "GET /content/view/989/109/ HTTP/1.0" 200 5549 "-" "Mozilla/5.0 (compatible; Googlebot/2.1; +http://www.google.com/bot.html)"
178.154.163.30 - - [03/Jun/2012:06:09:17 +0600] "GET /content/view/869/243/ HTTP/1.0" 200 10147 "-" "Mozilla/5.0 (compatible; YandexBot/3.0; +http://yandex.com/bots)"
157.55.17.103 - - [03/Jun/2012:06:11:35 +0600] "GET /index.php?option=com_content&task=view&id=97&Itemid=66 HTTP/1.0" 200 6099 "-" "Mozilla/5.0 (compatible; bingbot/2.0; +http://www.bing.com/bingbot.htm)"
178.154.163.30 - - [03/Jun/2012:06:12:24 +0600] "GET /content/view/140/66/ HTTP/1.0" 200 5904 "-" "Mozilla/5.0 (compatible; YandexBot/3.0; +http://yandex.com/bots)"
178.154.163.30 - - [03/Jun/2012:06:15:47 +0600] "GET /content/view/952/235/ HTTP/1.0" 200 4068 "-" "Mozilla/5.0 (compatible; YandexBot/3.0; +http://yandex.com/bots)"
66.249.66.77 - - [03/Jun/2012:06:17:02 +0600] "GET /content/view/989/110/ HTTP/1.0" 200 5542 "-" "Mozilla/5.0 (compatible; Googlebot/2.1; +http://www.google.com/bot.html)"
66.249.66.77 - - [03/Jun/2012:06:17:45 +0600] "GET /content/view/821/64/ HTTP/1.0" 200 5062 "-" "Mozilla/5.0 (compatible; Googlebot/2.1; +http://www.google.com/bot.html)"
66.249.71.59 - - [03/Jun/2012:06:18:28 +0600] "GET /content/view/989/120/ HTTP/1.0" 200 5535 "-" "Mozilla/5.0 (compatible; Googlebot/2.1; +http://www.google.com/bot.html)"
178.154.163.30 - - [03/Jun/2012:06:19:07 +0600] "GET /content/view/976/124/ HTTP/1.0" 200 6961 "-" "Mozilla/5.0 (compatible; YandexBot/3.0; +http://yandex.com/bots)"
66.249.71.59 - - [03/Jun/2012:06:20:40 +0600] "GET /content/view/989/111/ HTTP/1.0" 200 5539 "-" "Mozilla/5.0 (compatible; Googlebot/2.1; +http://www.google.com/bot.html)"
178.154.163.30 - - [03/Jun/2012:06:22:55 +0600] "GET /content/view/21/76/ HTTP/1.0" 200 4137 "-" "Mozilla/5.0 (compatible; YandexBot/3.0; +http://yandex.com/bots)"
178.154.163.30 - - [03/Jun/2012:06:26:05 +0600] "GET /content/category/20/51/239/ HTTP/1.0" 200 16262 "-" "Mozilla/5.0 (compatible; YandexBot/3.0; +http://yandex.com/bots)"
66.249.66.77 - - [03/Jun/2012:06:27:39 +0600] "GET /content/view/822/64/ HTTP/1.0" 200 5063 "-" "Mozilla/5.0 (compatible; Googlebot/2.1; +http://www.google.com/bot.html)"
66.249.66.77 - - [03/Jun/2012:06:28:09 +0600] "GET /content/view/989/119/ HTTP/1.0" 200 5534 "-" "Mozilla/5.0 (compatible; Googlebot/2.1; +http://www.google.com/bot.html)"
157.55.17.145 - - [03/Jun/2012:06:28:18 +0600] "GET /content/view/940/47/ HTTP/1.0" 200 5098 "-" "Mozilla/5.0 (compatible; bingbot/2.0; +http://www.bing.com/bingbot.htm)"
66.249.66.77 - - [03/Jun/2012:06:28:41 +0600] "GET /content/view/822/1/ HTTP/1.0" 200 5469 "-" "Mozilla/5.0 (compatible; Googlebot/2.1; +http://www.google.com/bot.html)"
65.52.111.216 - - [03/Jun/2012:06:29:24 +0600] "GET /content/view/276/ HTTP/1.0" 200 30057 "-" "Mozilla/4.0 (compatible; MSIE 7.0; Windows NT 5.1;  SLCC1;  .NET CLR 1.1.4322;  .NET CLR 2.0.40607;  .NET CLR 3.0.04506.648)"
178.154.163.30 - - [03/Jun/2012:06:29:52 +0600] "GET /content/view/861/245/ HTTP/1.0" 200 7045 "-" "Mozilla/5.0 (compatible; YandexBot/3.0; +http://yandex.com/bots)"
178.154.163.30 - - [03/Jun/2012:06:33:22 +0600] "GET /content/view/864/245/ HTTP/1.0" 200 6328 "-" "Mozilla/5.0 (compatible; YandexBot/3.0; +http://yandex.com/bots)"
68.233.226.103 - - [03/Jun/2012:06:35:29 +0600] "GET /content/view/793/128/index.php?option=com_contact&Itemid=3 HTTP/1.0" 200 31029 "-" "Mozilla/5.0 (Windows NT 5.1) AppleWebKit/535.2 (KHTML, like Gecko) Chrome/15.0.872.0 Safari/535.2"
178.154.163.30 - - [03/Jun/2012:06:36:49 +0600] "GET /content/view/399/67/ HTTP/1.0" 200 4160 "-" "Mozilla/5.0 (compatible; YandexBot/3.0; +http://yandex.com/bots)"
178.154.163.30 - - [03/Jun/2012:06:40:03 +0600] "GET /content/view/923/222/ HTTP/1.0" 200 5278 "-" "Mozilla/5.0 (compatible; YandexBot/3.0; +http://yandex.com/bots)"
178.154.163.30 - - [03/Jun/2012:06:43:21 +0600] "GET /content/view/571/66 HTTP/1.0" 200 5843 "-" "Mozilla/5.0 (compatible; YandexBot/3.0; +http://yandex.com/bots)"
213.180.206.197 - - [03/Jun/2012:06:43:53 +0600] "GET / HTTP/1.0" 200 25323 "-" "Mozilla/5.0 (compatible; YandexMetrika/2.0; +http://yandex.com/bots)"
178.154.163.30 - - [03/Jun/2012:06:46:38 +0600] "GET /files/ucazatel/Mumitrol.pdf HTTP/1.0" 304 - "-" "Mozilla/5.0 (compatible; YandexBot/3.0; +http://yandex.com/bots)"
66.249.66.77 - - [03/Jun/2012:06:48:31 +0600] "GET /content/view/1001/111/ HTTP/1.0" 200 19242 "-" "Mozilla/5.0 (compatible; Googlebot/2.1; +http://www.google.com/bot.html)"
178.154.163.30 - - [03/Jun/2012:06:50:11 +0600] "GET /files/articles/panorama2.pdf HTTP/1.0" 304 - "-" "Mozilla/5.0 (compatible; YandexBot/3.0; +http://yandex.com/bots)"
178.154.163.30 - - [03/Jun/2012:06:53:31 +0600] "GET /content/view/563/53 HTTP/1.0" 200 7204 "-" "Mozilla/5.0 (compatible; YandexBot/3.0; +http://yandex.com/bots)"
178.154.163.30 - - [03/Jun/2012:06:56:59 +0600] "GET /content/view/891/66/ HTTP/1.0" 200 5809 "-" "Mozilla/5.0 (compatible; YandexBot/3.0; +http://yandex.com/bots)"
178.154.163.30 - - [03/Jun/2012:07:00:07 +0600] "GET /content/view/529/66 HTTP/1.0" 200 6173 "-" "Mozilla/5.0 (compatible; YandexBot/3.0; +http://yandex.com/bots)"
178.154.163.30 - - [03/Jun/2012:07:03:12 +0600] "GET /content/view/883/66/ HTTP/1.0" 200 5991 "-" "Mozilla/5.0 (compatible; YandexBot/3.0; +http://yandex.com/bots)"
85.26.241.208 - - [03/Jun/2012:07:03:44 +0600] "GET /content/view/289/154/ HTTP/1.0" 200 9785 "http://go.mail.ru/search?q=%D0%A1%D0%BF%D1%80%D0%B0%D0%B2%D0%BE%D1%87%D0%BD%D0%BE-%D0%B1%D0%B8%D0%B1%D0%BB%D0%B8%D0%BE%D0%B3%D1%80%D0%B0%D1%84%D0%B8%D1%87%D0%B5%D1%81%D0%BA%D0%BE%D0%B5+%D0%BE%D0%B1%D1%81%D0%BB%D1%83%D0%B6%D0%B8%D0%B2%D0%B0%D0%BD%D0%B8%D0%B5+%D0%B2+%D0%B4%D0%B5%D1%82%D1%81%D0%BA%D0%BE%D0%B9+%D0%B1%D0%B8%D0%B1%D0%BB%D0%B8%D0%BE%D1%82%D0%B5%D0%BA%D0%B5" "Mozilla/5.0 (compatible; MSIE 9.0; Windows NT 6.1; Trident/5.0)"
157.55.16.219 - - [03/Jun/2012:07:06:25 +0600] "GET /content/view/88/106/ HTTP/1.0" 200 18627 "-" "Mozilla/5.0 (compatible; bingbot/2.0; +http://www.bing.com/bingbot.htm)"
178.154.163.30 - - [03/Jun/2012:07:06:35 +0600] "GET /files/ucazatel/Sholohov.pdf HTTP/1.0" 304 - "-" "Mozilla/5.0 (compatible; YandexBot/3.0; +http://yandex.com/bots)"
178.154.163.30 - - [03/Jun/2012:07:10:27 +0600] "GET /content/view/472/66/ HTTP/1.0" 200 5795 "-" "Mozilla/5.0 (compatible; YandexBot/3.0; +http://yandex.com/bots)"
178.154.163.30 - - [03/Jun/2012:07:13:39 +0600] "GET /content/view/485/67/ HTTP/1.0" 200 4541 "-" "Mozilla/5.0 (compatible; YandexBot/3.0; +http://yandex.com/bots)"
207.46.194.252 - - [03/Jun/2012:07:16:09 +0600] "GET /files/ucazatel/ukazsvet.pdf HTTP/1.0" 200 227068 "-" "Mozilla/4.0 (compatible; MSIE 7.0; Windows NT 5.1;  SLCC1;  .NET CLR 1.1.4322;  .NET CLR 2.0.50727;  .NET CLR 3.0.30729;  .NET CLR 3.5.30729;  InfoPath.2)"
178.154.163.30 - - [03/Jun/2012:07:17:10 +0600] "GET /content/view/925/245/ HTTP/1.0" 200 7777 "-" "Mozilla/5.0 (compatible; YandexBot/3.0; +http://yandex.com/bots)"
178.154.163.30 - - [03/Jun/2012:07:21:08 +0600] "GET /content/view/443/66/ HTTP/1.0" 200 5881 "-" "Mozilla/5.0 (compatible; YandexBot/3.0; +http://yandex.com/bots)"
157.55.16.219 - - [03/Jun/2012:07:21:24 +0600] "GET /content/view/53/47/ HTTP/1.0" 200 7334 "-" "Mozilla/5.0 (compatible; bingbot/2.0; +http://www.bing.com/bingbot.htm)"
178.154.163.30 - - [03/Jun/2012:07:24:40 +0600] "GET /content/view/178/75/ HTTP/1.0" 200 5209 "-" "Mozilla/5.0 (compatible; YandexBot/3.0; +http://yandex.com/bots)"
213.180.206.197 - - [03/Jun/2012:07:27:17 +0600] "GET / HTTP/1.0" 200 25323 "-" "Mozilla/5.0 (compatible; YandexMetrika/2.0; +http://yandex.com/bots)"
178.154.163.30 - - [03/Jun/2012:07:28:13 +0600] "GET /content/view/768/222/ HTTP/1.0" 200 4952 "-" "Mozilla/5.0 (compatible; YandexBot/3.0; +http://yandex.com/bots)"
178.154.163.30 - - [03/Jun/2012:07:31:55 +0600] "GET /content/view/858/81/ HTTP/1.0" 200 11476 "-" "Mozilla/5.0 (compatible; YandexBot/3.0; +http://yandex.com/bots)"
178.154.163.30 - - [03/Jun/2012:07:35:42 +0600] "GET /content/view/751/105/ HTTP/1.0" 200 5060 "-" "Mozilla/5.0 (compatible; YandexBot/3.0; +http://yandex.com/bots)"
178.154.163.30 - - [03/Jun/2012:07:38:47 +0600] "GET /content/view/463/66/ HTTP/1.0" 200 6269 "-" "Mozilla/5.0 (compatible; YandexBot/3.0; +http://yandex.com/bots)"
66.249.66.77 - - [03/Jun/2012:07:41:02 +0600] "GET /content/view/201/67/ HTTP/1.0" 200 3004 "-" "Mozilla/5.0 (compatible; Googlebot/2.1; +http://www.google.com/bot.html)"
2.133.204.196 - - [03/Jun/2012:07:41:14 +0600] "GET /content/view/506/204/ HTTP/1.0" 200 6918 "http://go.mail.ru/search_images?rch=l&type=all&is=0&q=%D1%85%D0%BE%D1%80%D0%BE%D1%88%D0%B5%D0%B3%D0%BE+%D0%B4%D0%BD%D1%8F+%D0%BA%D0%B0%D1%80%D1%82%D0%B8%D0%BD%D0%BA%D0%B8&us=12&usln=1#w=673&h=500&s=44080&pic=http%3A%2F%2Fcsdb.ufanet.ru%2Fimages%2Fnewsf8%2Ftworchestvo%2F8.jpg&page=http%3A%2F%2Fcsdb.ufanet.ru%2Fcontent%2Fview%2F506%2F204%2F&descr=%D0%A5%D0%BE%D1%80%D0%BE%D1%88%D0%B8%D0%B9%20%D0%B4%D0%B5%D0%BD%D1%8C" "Mozilla/5.0 (Windows NT 5.1) AppleWebKit/536.5 (KHTML, like Gecko) Chrome/19.0.1084.52 Safari/536.5"
178.154.163.30 - - [03/Jun/2012:07:41:52 +0600] "GET /content/view/184/66 HTTP/1.0" 200 6220 "-" "Mozilla/5.0 (compatible; YandexBot/3.0; +http://yandex.com/bots)"
66.249.66.77 - - [03/Jun/2012:07:42:00 +0600] "GET /content/category/11/37/77/ HTTP/1.0" 200 4203 "-" "Mozilla/5.0 (compatible; Googlebot/2.1; +http://www.google.com/bot.html)"
178.154.163.30 - - [03/Jun/2012:07:45:30 +0600] "GET /index2.php?option=com_content&task=view&id=983&pop=1&page=0&Itemid=114 HTTP/1.0" 200 1708 "-" "Mozilla/5.0 (compatible; YandexBot/3.0; +http://yandex.com/bots)"
66.249.71.59 - - [03/Jun/2012:07:46:57 +0600] "GET /content/blogcategory/35/75/9/9/ HTTP/1.0" 200 5459 "-" "Mozilla/5.0 (compatible; Googlebot/2.1; +http://www.google.com/bot.html)"
178.154.163.30 - - [03/Jun/2012:07:49:08 +0600] "GET /content/view/28/51/ HTTP/1.0" 200 3995 "-" "Mozilla/5.0 (compatible; YandexBot/3.0; +http://yandex.com/bots)"
66.249.66.77 - - [03/Jun/2012:07:49:45 +0600] "GET /content/view/279/ HTTP/1.0" 200 7400 "-" "Mozilla/5.0 (compatible; Googlebot/2.1; +http://www.google.com/bot.html)"
66.249.66.77 - - [03/Jun/2012:07:51:55 +0600] "GET /content/view/235/66/ HTTP/1.0" 200 5102 "-" "Mozilla/5.0 (compatible; Googlebot/2.1; +http://www.google.com/bot.html)"
66.249.66.77 - - [03/Jun/2012:07:52:55 +0600] "GET /content/view/282/120 HTTP/1.0" 200 32251 "-" "Mozilla/5.0 (compatible; Googlebot/2.1; +http://www.google.com/bot.html)"
178.154.163.30 - - [03/Jun/2012:07:53:05 +0600] "GET /content/view/326/167 HTTP/1.0" 200 8394 "-" "Mozilla/5.0 (compatible; YandexBot/3.0; +http://yandex.com/bots)"
66.249.66.77 - - [03/Jun/2012:07:54:14 +0600] "GET /content/view/218/ HTTP/1.0" 200 7312 "-" "Mozilla/5.0 (compatible; Googlebot/2.1; +http://www.google.com/bot.html)"
66.249.71.59 - - [03/Jun/2012:07:54:34 +0600] "GET /content/view/325/ HTTP/1.0" 200 10511 "-" "Mozilla/5.0 (compatible; Googlebot/2.1; +http://www.google.com/bot.html)"
66.249.72.91 - - [03/Jun/2012:07:55:14 +0600] "GET /content/view/300/66/ HTTP/1.0" 200 5866 "-" "Mozilla/5.0 (compatible; Googlebot/2.1; +http://www.google.com/bot.html)"
66.249.66.77 - - [03/Jun/2012:07:55:34 +0600] "GET /content/view/326/ HTTP/1.0" 200 8303 "-" "Mozilla/5.0 (compatible; Googlebot/2.1; +http://www.google.com/bot.html)"
66.249.66.77 - - [03/Jun/2012:07:55:54 +0600] "GET /content/view/357/86/ HTTP/1.0" 200 6764 "-" "Mozilla/5.0 (compatible; Googlebot/2.1; +http://www.google.com/bot.html)"
178.154.163.30 - - [03/Jun/2012:07:56:08 +0600] "GET /content/view/830/66 HTTP/1.0" 200 5917 "-" "Mozilla/5.0 (compatible; YandexBot/3.0; +http://yandex.com/bots)"
66.249.66.77 - - [03/Jun/2012:07:56:33 +0600] "GET /content/view/488/219/ HTTP/1.0" 200 5971 "-" "Mozilla/5.0 (compatible; Googlebot/2.1; +http://www.google.com/bot.html)"
66.249.66.77 - - [03/Jun/2012:07:58:53 +0600] "GET /content/view/456/64/ HTTP/1.0" 200 5064 "-" "Mozilla/5.0 (compatible; Googlebot/2.1; +http://www.google.com/bot.html)"
178.154.163.30 - - [03/Jun/2012:07:59:30 +0600] "GET /content/view/413/183/ HTTP/1.0" 200 6489 "-" "Mozilla/5.0 (compatible; YandexBot/3.0; +http://yandex.com/bots)"
66.249.66.77 - - [03/Jun/2012:08:01:31 +0600] "GET /content/view/520/ HTTP/1.0" 200 3989 "-" "Mozilla/5.0 (compatible; Googlebot/2.1; +http://www.google.com/bot.html)"
66.249.66.77 - - [03/Jun/2012:08:01:51 +0600] "GET /content/view/811/149/ HTTP/1.0" 200 5062 "-" "Mozilla/5.0 (compatible; Googlebot/2.1; +http://www.google.com/bot.html)"
178.154.163.30 - - [03/Jun/2012:08:03:22 +0600] "GET /content/view/417/66/ HTTP/1.0" 200 5857 "-" "Mozilla/5.0 (compatible; YandexBot/3.0; +http://yandex.com/bots)"
66.249.71.59 - - [03/Jun/2012:08:03:50 +0600] "GET /content/view/703/66/ HTTP/1.0" 200 6501 "-" "Mozilla/5.0 (compatible; Googlebot/2.1; +http://www.google.com/bot.html)"
66.249.71.59 - - [03/Jun/2012:08:04:30 +0600] "GET /content/view/793/235/ HTTP/1.0" 200 4068 "-" "Mozilla/5.0 (compatible; Googlebot/2.1; +http://www.google.com/bot.html)"
66.249.71.59 - - [03/Jun/2012:08:05:55 +0600] "GET /content/view/179/75/ HTTP/1.0" 200 3997 "-" "Mozilla/5.0 (compatible; Googlebot/2.1; +http://www.google.com/bot.html)"
66.249.66.77 - - [03/Jun/2012:08:06:11 +0600] "GET /content/view/728/160/ HTTP/1.0" 200 5096 "-" "Mozilla/5.0 (compatible; Googlebot/2.1; +http://www.google.com/bot.html)"
213.180.206.197 - - [03/Jun/2012:08:06:38 +0600] "GET / HTTP/1.0" 200 25323 "-" "Mozilla/5.0 (compatible; YandexMetrika/2.0; +http://yandex.com/bots)"
83.169.60.25 - - [03/Jun/2012:08:06:42 +0600] "GET / HTTP/1.0" 200 25318 "-" "Mozilla/5.0 (Windows; U; Windows NT 6.0; de; rv:1.9.0.6) Gecko/2009011913 Firefox/3.0.6"
83.169.60.25 - - [03/Jun/2012:08:06:42 +0600] "GET /20e6a4bb032fcfae5d.php HTTP/1.0" 404 299 "-" "Mozilla/5.0 (Windows; U; Windows NT 6.0; de; rv:1.9.0.6) Gecko/2009011913 Firefox/3.0.6"
178.154.163.30 - - [03/Jun/2012:08:07:07 +0600] "GET /content/view/577/66/ HTTP/1.0" 200 6228 "-" "Mozilla/5.0 (compatible; YandexBot/3.0; +http://yandex.com/bots)"
178.154.163.30 - - [03/Jun/2012:08:10:38 +0600] "GET /files/roditeli/childrenread.pdf HTTP/1.0" 304 - "-" "Mozilla/5.0 (compatible; YandexBot/3.0; +http://yandex.com/bots)"
178.154.163.30 - - [03/Jun/2012:08:14:30 +0600] "GET /content/view/372/66/ HTTP/1.0" 200 5871 "-" "Mozilla/5.0 (compatible; YandexBot/3.0; +http://yandex.com/bots)"
66.249.66.77 - - [03/Jun/2012:08:15:25 +0600] "GET /content/view/558/141/ HTTP/1.0" 200 5060 "-" "Mozilla/5.0 (compatible; Googlebot/2.1; +http://www.google.com/bot.html)"
66.249.71.59 - - [03/Jun/2012:08:15:41 +0600] "GET /index2.php?option=com_content&task=view&id=172&pop=1&page=9&Itemid=75 HTTP/1.0" 200 1678 "-" "Mozilla/5.0 (compatible; Googlebot/2.1; +http://www.google.com/bot.html)"
66.249.71.59 - - [03/Jun/2012:08:15:45 +0600] "GET /content/view/534/234/ HTTP/1.0" 200 3005 "-" "Mozilla/5.0 (compatible; Googlebot/2.1; +http://www.google.com/bot.html)"
66.249.66.77 - - [03/Jun/2012:08:16:45 +0600] "GET /content/view/793/115/ HTTP/1.0" 200 5061 "-" "Mozilla/5.0 (compatible; Googlebot/2.1; +http://www.google.com/bot.html)"
178.154.163.30 - - [03/Jun/2012:08:17:52 +0600] "GET /content/view/524/66/ HTTP/1.0" 200 5930 "-" "Mozilla/5.0 (compatible; YandexBot/3.0; +http://yandex.com/bots)"
178.154.163.30 - - [03/Jun/2012:08:21:31 +0600] "GET /content/view/534/1/ HTTP/1.0" 200 5469 "-" "Mozilla/5.0 (compatible; YandexBot/3.0; +http://yandex.com/bots)"
66.249.66.77 - - [03/Jun/2012:08:22:03 +0600] "GET /content/view/704/ HTTP/1.0" 200 3989 "-" "Mozilla/5.0 (compatible; Googlebot/2.1; +http://www.google.com/bot.html)"
178.154.163.30 - - [03/Jun/2012:08:25:17 +0600] "GET /content/view/834/223/ HTTP/1.0" 200 5065 "-" "Mozilla/5.0 (compatible; YandexBot/3.0; +http://yandex.com/bots)"
178.154.163.30 - - [03/Jun/2012:08:25:41 +0600] "GET /content/view/53/47 HTTP/1.0" 200 7337 "-" "Mozilla/5.0 (compatible; YandexDirect/3.0; +http://yandex.com/bots)"
178.154.163.30 - - [03/Jun/2012:08:29:15 +0600] "GET /goroddetstva/ HTTP/1.0" 304 - "-" "Mozilla/5.0 (compatible; YandexBot/3.0; +http://yandex.com/bots)"
66.249.66.77 - - [03/Jun/2012:08:31:00 +0600] "GET /index2.php?option=com_content&task=view&id=703&pop=1&page=0&Itemid=66 HTTP/1.0" 200 2042 "-" "Mozilla/5.0 (compatible; Googlebot/2.1; +http://www.google.com/bot.html)"
178.154.163.30 - - [03/Jun/2012:08:33:01 +0600] "GET /content/view/322/162 HTTP/1.0" 200 7321 "-" "Mozilla/5.0 (compatible; YandexBot/3.0; +http://yandex.com/bots)"
66.249.66.77 - - [03/Jun/2012:08:34:17 +0600] "GET /content/view/535/201/ HTTP/1.0" 200 5058 "-" "Mozilla/5.0 (compatible; Googlebot/2.1; +http://www.google.com/bot.html)"
66.249.66.77 - - [03/Jun/2012:08:35:31 +0600] "GET /content/view/180/75/ HTTP/1.0" 200 3851 "-" "Mozilla/5.0 (compatible; Googlebot/2.1; +http://www.google.com/bot.html)"
178.154.163.30 - - [03/Jun/2012:08:36:07 +0600] "GET /content/view/474/222/ HTTP/1.0" 200 5777 "-" "Mozilla/5.0 (compatible; YandexBot/3.0; +http://yandex.com/bots)"
178.154.163.30 - - [03/Jun/2012:08:39:22 +0600] "GET /content/view/325/165/ HTTP/1.0" 200 10647 "-" "Mozilla/5.0 (compatible; YandexBot/3.0; +http://yandex.com/bots)"
66.249.66.77 - - [03/Jun/2012:08:39:55 +0600] "GET /content/view/876/128/ HTTP/1.0" 200 5055 "-" "Mozilla/5.0 (compatible; Googlebot/2.1; +http://www.google.com/bot.html)"
213.180.206.197 - - [03/Jun/2012:08:42:19 +0600] "GET / HTTP/1.0" 200 25318 "-" "Mozilla/5.0 (compatible; YandexMetrika/2.0; +http://yandex.com/bots)"
178.154.163.30 - - [03/Jun/2012:08:43:24 +0600] "GET /content/view/498/66/ HTTP/1.0" 200 6442 "-" "Mozilla/5.0 (compatible; YandexBot/3.0; +http://yandex.com/bots)"
178.154.163.30 - - [03/Jun/2012:08:46:59 +0600] "GET /content/view/290/156/ HTTP/1.0" 200 10107 "-" "Mozilla/5.0 (compatible; YandexBot/3.0; +http://yandex.com/bots)"
178.154.163.30 - - [03/Jun/2012:08:50:27 +0600] "GET /content/view/860/245/ HTTP/1.0" 200 7910 "-" "Mozilla/5.0 (compatible; YandexBot/3.0; +http://yandex.com/bots)"
66.249.66.77 - - [03/Jun/2012:08:52:10 +0600] "GET /content/view/812/254/ HTTP/1.0" 200 5073 "-" "Mozilla/5.0 (compatible; Googlebot/2.1; +http://www.google.com/bot.html)"
178.154.163.30 - - [03/Jun/2012:08:53:49 +0600] "GET /files/ucazatel/Salavat2.pdf HTTP/1.0" 200 345749 "-" "Mozilla/5.0 (compatible; YandexDirect/3.0; +http://yandex.com/bots)"
178.154.163.30 - - [03/Jun/2012:08:57:34 +0600] "GET /content/view/256/66/ HTTP/1.0" 200 5921 "-" "Mozilla/5.0 (compatible; YandexBot/3.0; +http://yandex.com/bots)"
66.249.66.77 - - [03/Jun/2012:08:58:27 +0600] "GET /content/view/989/122/ HTTP/1.0" 200 5546 "-" "Mozilla/5.0 (compatible; Googlebot/2.1; +http://www.google.com/bot.html)"
66.249.66.77 - - [03/Jun/2012:09:00:29 +0600] "GET /index2.php?option=com_content&task=view&id=180&pop=1&page=0&Itemid=75 HTTP/1.0" 200 1378 "-" "Mozilla/5.0 (compatible; Googlebot/2.1; +http://www.google.com/bot.html)"
178.154.163.30 - - [03/Jun/2012:09:01:15 +0600] "GET /content/view/733/223/ HTTP/1.0" 200 4771 "-" "Mozilla/5.0 (compatible; YandexBot/3.0; +http://yandex.com/bots)"
178.154.163.30 - - [03/Jun/2012:09:04:34 +0600] "GET /content/view/856/243/ HTTP/1.0" 200 12011 "-" "Mozilla/5.0 (compatible; YandexBot/3.0; +http://yandex.com/bots)"
178.154.163.30 - - [03/Jun/2012:09:07:49 +0600] "GET /content/view/29/49/ HTTP/1.0" 200 3544 "-" "Mozilla/5.0 (compatible; YandexBot/3.0; +http://yandex.com/bots)"
178.154.163.30 - - [03/Jun/2012:09:11:23 +0600] "GET / HTTP/1.0" 200 6922 "-" "Mozilla/5.0 (compatible; YandexBot/3.0; +http://yandex.com/bots)"
178.154.163.30 - - [03/Jun/2012:09:14:35 +0600] "GET /index.php?option=com_joomap&view=google HTTP/1.0" 200 67061 "-" "Mozilla/5.0 (compatible; YandexBot/3.0; +http://yandex.com/bots)"
213.180.206.197 - - [03/Jun/2012:09:18:08 +0600] "GET / HTTP/1.0" 200 25323 "-" "Mozilla/5.0 (compatible; YandexMetrika/2.0; +http://yandex.com/bots)"
178.154.163.30 - - [03/Jun/2012:09:18:08 +0600] "GET /mb38/ HTTP/1.0" 304 - "-" "Mozilla/5.0 (compatible; YandexBot/3.0; +http://yandex.com/bots)"
207.46.204.181 - - [03/Jun/2012:09:18:15 +0600] "GET /index.php?option=com_content&task=view&id=102&Itemid=62 HTTP/1.0" 200 7702 "-" "Mozilla/5.0 (compatible; bingbot/2.0; +http://www.bing.com/bingbot.htm)"
68.233.226.103 - - [03/Jun/2012:09:18:56 +0600] "GET /content/view/793/150/index.php?option=com_contact&Itemid=3 HTTP/1.0" 200 12896 "-" "Mozilla/5.0 (Windows NT 5.1) AppleWebKit/535.2 (KHTML, like Gecko) Chrome/15.0.872.0 Safari/535.2"
95.108.141.3 - - [03/Jun/2012:09:18:56 +0600] "HEAD /component/option,com_search/Itemid,5/ HTTP/1.0" 200 - "-" "Mozilla/5.0 (compatible; YandexSitelinks; Dyatel; +http://yandex.com/bots)"
178.154.163.30 - - [03/Jun/2012:09:21:22 +0600] "GET /content/category/5/18/47/ HTTP/1.0" 200 5491 "-" "Mozilla/5.0 (compatible; YandexBot/3.0; +http://yandex.com/bots)"
193.169.234.5 - - [03/Jun/2012:09:22:33 +0600] "GET / HTTP/1.0" 200 25323 "http://csdb.ufanet.ru/" "Openstat/Bot"
66.249.66.77 - - [03/Jun/2012:09:23:54 +0600] "GET /content/view/971/1/ HTTP/1.0" 200 5469 "-" "Mozilla/5.0 (compatible; Googlebot/2.1; +http://www.google.com/bot.html)"
66.249.66.77 - - [03/Jun/2012:09:24:33 +0600] "GET /content/view/820/192/ HTTP/1.0" 200 5097 "-" "Mozilla/5.0 (compatible; Googlebot/2.1; +http://www.google.com/bot.html)"
178.154.163.30 - - [03/Jun/2012:09:24:49 +0600] "GET /content/view/976/1/ HTTP/1.0" 200 7348 "-" "Mozilla/5.0 (compatible; YandexBot/3.0; +http://yandex.com/bots)"
178.154.163.30 - - [03/Jun/2012:09:27:46 +0600] "GET /content/section/8/55/ HTTP/1.0" 200 5189 "-" "Mozilla/5.0 (compatible; YandexBot/3.0; +http://yandex.com/bots)"
178.154.163.30 - - [03/Jun/2012:09:31:07 +0600] "GET /component/option,com_joomap/Itemid,64/ HTTP/1.0" 200 19470 "-" "Mozilla/5.0 (compatible; YandexBot/3.0; +http://yandex.com/bots)"
178.154.163.30 - - [03/Jun/2012:09:34:34 +0600] "GET /content/category/7/20/52/ HTTP/1.0" 200 5682 "-" "Mozilla/5.0 (compatible; YandexBot/3.0; +http://yandex.com/bots)"
178.154.163.30 - - [03/Jun/2012:09:38:15 +0600] "GET /content/view/985/66/ HTTP/1.0" 200 6225 "-" "Mozilla/5.0 (compatible; YandexBot/3.0; +http://yandex.com/bots)"
178.154.163.30 - - [03/Jun/2012:09:41:30 +0600] "GET /content/view/986/210/ HTTP/1.0" 200 4059 "-" "Mozilla/5.0 (compatible; YandexBot/3.0; +http://yandex.com/bots)"
178.154.163.30 - - [03/Jun/2012:09:44:51 +0600] "GET /content/view/316/66/ HTTP/1.0" 200 5839 "-" "Mozilla/5.0 (compatible; YandexBot/3.0; +http://yandex.com/bots)"
207.46.204.181 - - [03/Jun/2012:09:47:44 +0600] "GET /content/blogcategory/1/66/5/0/ HTTP/1.0" 200 7627 "-" "Mozilla/5.0 (compatible; bingbot/2.0; +http://www.bing.com/bingbot.htm)"
178.154.163.30 - - [03/Jun/2012:09:48:35 +0600] "GET /content/view/311/211/ HTTP/1.0" 200 4740 "-" "Mozilla/5.0 (compatible; YandexBot/3.0; +http://yandex.com/bots)"
66.249.71.59 - - [03/Jun/2012:09:50:00 +0600] "GET /index2.php?option=com_content&task=view&id=740&pop=1&page=0&Itemid=5 HTTP/1.0" 200 1901 "-" "Mozilla/5.0 (compatible; Googlebot/2.1; +http://www.google.com/bot.html)"
178.154.163.30 - - [03/Jun/2012:09:51:18 +0600] "GET /content/view/695/105/ HTTP/1.0" 200 5058 "-" "Mozilla/5.0 (compatible; YandexBot/3.0; +http://yandex.com/bots)"
68.233.226.103 - - [03/Jun/2012:09:53:21 +0600] "GET /content/view/793/150/index.php?option=com_search&Itemid=5 HTTP/1.0" 200 12896 "-" "Mozilla/5.0 (Windows NT 5.1) AppleWebKit/535.2 (KHTML, like Gecko) Chrome/15.0.872.0 Safari/535.2"
213.180.206.197 - - [03/Jun/2012:09:53:36 +0600] "GET / HTTP/1.0" 200 25323 "-" "Mozilla/5.0 (compatible; YandexMetrika/2.0; +http://yandex.com/bots)"
178.154.163.30 - - [03/Jun/2012:09:54:07 +0600] "GET /content/view/485/66/ HTTP/1.0" 200 6537 "-" "Mozilla/5.0 (compatible; YandexBot/3.0; +http://yandex.com/bots)"
95.108.141.3 - - [03/Jun/2012:09:55:08 +0600] "HEAD /mb38/ HTTP/1.0" 200 - "-" "Mozilla/5.0 (compatible; YandexSitelinks; Dyatel; +http://yandex.com/bots)"
178.154.163.30 - - [03/Jun/2012:09:57:32 +0600] "GET /content/view/734/222/ HTTP/1.0" 200 4707 "-" "Mozilla/5.0 (compatible; YandexBot/3.0; +http://yandex.com/bots)"
81.30.184.200 - - [03/Jun/2012:09:59:59 +0600] "GET / HTTP/1.0" 200 6922 "-" "Mozilla/5.0 (X11; Linux i686) AppleWebKit/536.5 (KHTML, like Gecko) Chrome/19.0.1084.52 Safari/536.5"
81.30.184.200 - - [03/Jun/2012:10:00:01 +0600] "GET /images/cgdb.swf HTTP/1.0" 206 1 "http://csdb.ufanet.ru/" "Mozilla/5.0 (X11; Linux i686) AppleWebKit/536.5 (KHTML, like Gecko) Chrome/19.0.1084.52 Safari/536.5"
81.30.184.200 - - [03/Jun/2012:10:00:02 +0600] "GET /images/cgdb.swf HTTP/1.0" 206 14276689 "http://csdb.ufanet.ru/" "Mozilla/5.0 (X11; Linux i686) AppleWebKit/536.5 (KHTML, like Gecko) Chrome/19.0.1084.52 Safari/536.5"
81.30.184.200 - - [03/Jun/2012:10:00:02 +0600] "GET /content/view/397/189/ HTTP/1.0" 200 5398 "http://csdb.ufanet.ru/" "Mozilla/5.0 (X11; Linux i686) AppleWebKit/536.5 (KHTML, like Gecko) Chrome/19.0.1084.52 Safari/536.5"
81.30.184.200 - - [03/Jun/2012:10:00:05 +0600] "GET /images/stories/videos/main1.flv HTTP/1.0" 206 1 "http://csdb.ufanet.ru/mambots/content/jw_allvideos/players/mediaplayer_4.0.46.swf" "Mozilla/5.0 (X11; Linux i686) AppleWebKit/536.5 (KHTML, like Gecko) Chrome/19.0.1084.52 Safari/536.5"
81.30.184.200 - - [03/Jun/2012:10:00:05 +0600] "GET /component/option,com_wrapper/Itemid,246/ HTTP/1.0" 200 4298 "http://csdb.ufanet.ru/content/view/397/189/" "Mozilla/5.0 (X11; Linux i686) AppleWebKit/536.5 (KHTML, like Gecko) Chrome/19.0.1084.52 Safari/536.5"
81.30.184.200 - - [03/Jun/2012:10:00:05 +0600] "GET /cgi-bin/zgate?Init+test.xml,simple.xsl+rus HTTP/1.0" 200 445 "http://csdb.ufanet.ru/component/option,com_wrapper/Itemid,246/" "Mozilla/5.0 (X11; Linux i686) AppleWebKit/536.5 (KHTML, like Gecko) Chrome/19.0.1084.52 Safari/536.5"
178.154.163.30 - - [03/Jun/2012:10:00:50 +0600] "GET /content/view/464/210/ HTTP/1.0" 200 4506 "-" "Mozilla/5.0 (compatible; YandexBot/3.0; +http://yandex.com/bots)"
178.154.163.30 - - [03/Jun/2012:10:03:57 +0600] "GET /content/view/281/ HTTP/1.0" 200 36100 "-" "Mozilla/5.0 (compatible; YandexBot/3.0; +http://yandex.com/bots)"
178.154.163.30 - - [03/Jun/2012:10:04:30 +0600] "GET /content/view/397/189/ HTTP/1.0" 200 5398 "-" "Mozilla/5.0 (compatible; YandexBot/3.0; +http://yandex.com/bots)"
178.154.163.30 - - [03/Jun/2012:10:04:32 +0600] "GET /component/option,com_wrapper/Itemid,246/ HTTP/1.0" 200 4296 "-" "Mozilla/5.0 (compatible; YandexBot/3.0; +http://yandex.com/bots)"
157.55.17.147 - - [03/Jun/2012:10:04:43 +0600] "GET /index.php?option=com_content&task=view&id=67&Itemid=55 HTTP/1.0" 200 6320 "-" "Mozilla/5.0 (compatible; bingbot/2.0; +http://www.bing.com/bingbot.htm)"
178.154.163.30 - - [03/Jun/2012:10:07:46 +0600] "GET /content/view/880/66/ HTTP/1.0" 200 5875 "-" "Mozilla/5.0 (compatible; YandexBot/3.0; +http://yandex.com/bots)"
178.154.163.30 - - [03/Jun/2012:10:10:56 +0600] "GET /content/view/772/66/ HTTP/1.0" 200 6432 "-" "Mozilla/5.0 (compatible; YandexBot/3.0; +http://yandex.com/bots)"
178.154.163.30 - - [03/Jun/2012:10:15:33 +0600] "GET /content/view/854/243/ HTTP/1.0" 200 6396 "-" "Mozilla/5.0 (compatible; YandexBot/3.0; +http://yandex.com/bots)"
77.79.176.17 - - [03/Jun/2012:10:18:14 +0600] "GET /content/view/100/54/ HTTP/1.0" 200 3961 "-" "Mozilla/4.0 (compatible; MSIE 8.0; Windows NT 5.1; Trident/4.0; MRSPUTNIK 2, 4, 0, 471; .NET CLR 1.1.4322; .NET CLR 2.0.50727; .NET CLR 3.0.4506.2152; .NET CLR 3.5.30729)"
77.79.176.17 - - [03/Jun/2012:10:18:18 +0600] "GET /content/view/106/54/ HTTP/1.0" 200 3583 "http://csdb.ufanet.ru/content/view/100/54/" "Mozilla/4.0 (compatible; MSIE 8.0; Windows NT 5.1; Trident/4.0; MRSPUTNIK 2, 4, 0, 471; .NET CLR 1.1.4322; .NET CLR 2.0.50727; .NET CLR 3.0.4506.2152; .NET CLR 3.5.30729)"
77.79.176.17 - - [03/Jun/2012:10:18:21 +0600] "GET /content/view/109/129/ HTTP/1.0" 200 6144 "http://csdb.ufanet.ru/content/view/106/54/" "Mozilla/4.0 (compatible; MSIE 8.0; Windows NT 5.1; Trident/4.0; MRSPUTNIK 2, 4, 0, 471; .NET CLR 1.1.4322; .NET CLR 2.0.50727; .NET CLR 3.0.4506.2152; .NET CLR 3.5.30729)"
77.79.176.17 - - [03/Jun/2012:10:18:23 +0600] "GET /content/blogcategory/1/66/ HTTP/1.0" 200 7625 "http://csdb.ufanet.ru/content/view/109/129/" "Mozilla/4.0 (compatible; MSIE 8.0; Windows NT 5.1; Trident/4.0; MRSPUTNIK 2, 4, 0, 471; .NET CLR 1.1.4322; .NET CLR 2.0.50727; .NET CLR 3.0.4506.2152; .NET CLR 3.5.30729)"
178.154.163.30 - - [03/Jun/2012:10:18:37 +0600] "GET /content/view/286/149/ HTTP/1.0" 200 8535 "-" "Mozilla/5.0 (compatible; YandexBot/3.0; +http://yandex.com/bots)"
77.79.176.17 - - [03/Jun/2012:10:19:17 +0600] "GET /content/view/397/189/ HTTP/1.0" 200 5398 "http://csdb.ufanet.ru/content/blogcategory/1/66/" "Mozilla/4.0 (compatible; MSIE 8.0; Windows NT 5.1; Trident/4.0; MRSPUTNIK 2, 4, 0, 471; .NET CLR 1.1.4322; .NET CLR 2.0.50727; .NET CLR 3.0.4506.2152; .NET CLR 3.5.30729)"
77.79.176.17 - - [03/Jun/2012:10:19:19 +0600] "GET /mambots/content/jw_allvideos/players/mediaplayer_4.0.46.swf HTTP/1.0" 200 38096 "http://csdb.ufanet.ru/content/view/397/189/" "Mozilla/4.0 (compatible; MSIE 8.0; Windows NT 5.1; Trident/4.0; MRSPUTNIK 2, 4, 0, 471; .NET CLR 1.1.4322; .NET CLR 2.0.50727; .NET CLR 3.0.4506.2152; .NET CLR 3.5.30729)"
77.79.176.17 - - [03/Jun/2012:10:19:19 +0600] "GET /images/stories/videos/main1.flv HTTP/1.0" 200 5858127 "http://csdb.ufanet.ru/mambots/content/jw_allvideos/players/mediaplayer_4.0.46.swf" "Mozilla/4.0 (compatible; MSIE 8.0; Windows NT 5.1; Trident/4.0; MRSPUTNIK 2, 4, 0, 471; .NET CLR 1.1.4322; .NET CLR 2.0.50727; .NET CLR 3.0.4506.2152; .NET CLR 3.5.30729)"
77.79.176.17 - - [03/Jun/2012:10:19:21 +0600] "GET /content/blogcategory/46/222/ HTTP/1.0" 200 6865 "http://csdb.ufanet.ru/content/view/397/189/" "Mozilla/4.0 (compatible; MSIE 8.0; Windows NT 5.1; Trident/4.0; MRSPUTNIK 2, 4, 0, 471; .NET CLR 1.1.4322; .NET CLR 2.0.50727; .NET CLR 3.0.4506.2152; .NET CLR 3.5.30729)"
178.154.163.30 - - [03/Jun/2012:10:21:51 +0600] "GET /content/view/35/194/ HTTP/1.0" 200 5743 "-" "Mozilla/5.0 (compatible; YandexBot/3.0; +http://yandex.com/bots)"
46.191.216.28 - - [03/Jun/2012:10:22:27 +0600] "GET / HTTP/1.0" 200 6904 "http://www.webufa.ru/?p=biblio" "Opera/9.80 (Windows NT 5.1; U; en) Presto/2.10.229 Version/11.64"
46.191.216.28 - - [03/Jun/2012:10:22:28 +0600] "GET /images/cgdb.swf HTTP/1.0" 200 19792297 "http://www.csdb.ufanet.ru/" "Opera/9.80 (Windows NT 5.1; U; en) Presto/2.10.229 Version/11.64"
46.191.216.28 - - [03/Jun/2012:10:23:28 +0600] "GET /content/view/397/189/ HTTP/1.0" 200 5377 "http://www.csdb.ufanet.ru/" "Opera/9.80 (Windows NT 5.1; U; en) Presto/2.10.229 Version/11.64"
46.191.216.28 - - [03/Jun/2012:10:23:28 +0600] "GET /mambots/content/jw_allvideos/players/mediaplayer_4.0.46.swf HTTP/1.0" 200 38096 "http://csdb.ufanet.ru/content/view/397/189/" "Opera/9.80 (Windows NT 5.1; U; en) Presto/2.10.229 Version/11.64"
46.191.216.28 - - [03/Jun/2012:10:23:29 +0600] "GET /images/stories/videos/main1.flv HTTP/1.0" 200 5858127 "http://csdb.ufanet.ru/mambots/content/jw_allvideos/players/mediaplayer_4.0.46.swf" "Opera/9.80 (Windows NT 5.1; U; en) Presto/2.10.229 Version/11.64"
46.191.216.28 - - [03/Jun/2012:10:23:52 +0600] "GET /component/option,com_contact/Itemid,3/ HTTP/1.0" 200 6513 "http://www.csdb.ufanet.ru/" "Opera/9.80 (Windows NT 5.1; U; en) Presto/2.10.229 Version/11.64"
46.191.216.28 - - [03/Jun/2012:10:24:03 +0600] "GET /content/category/7/20/52/ HTTP/1.0" 200 5650 "http://csdb.ufanet.ru/component/option,com_contact/Itemid,3/" "Opera/9.80 (Windows NT 5.1; U; en) Presto/2.10.229 Version/11.64"
46.191.216.28 - - [03/Jun/2012:10:24:10 +0600] "GET /component/option,com_facileforms/Itemid,71/ HTTP/1.0" 200 5182 "http://csdb.ufanet.ru/content/category/7/20/52/" "Opera/9.80 (Windows NT 5.1; U; en) Presto/2.10.229 Version/11.64"
46.191.216.28 - - [03/Jun/2012:10:24:11 +0600] "GET /index2.php?option=com_facileforms&Itemid=71&ff_form=11&ff_frame=1&ff_border=1 HTTP/1.0" 200 4046 "http://csdb.ufanet.ru/component/option,com_facileforms/Itemid,71/" "Opera/9.80 (Windows NT 5.1; U; en) Presto/2.10.229 Version/11.64"
46.191.216.28 - - [03/Jun/2012:10:24:11 +0600] "GET /components/com_facileforms/secimage.php?sessid=22os6kog2rvnmjm6d91i47mvn4 HTTP/1.0" 200 270 "http://csdb.ufanet.ru/index2.php?option=com_facileforms&Itemid=71&ff_form=11&ff_frame=1&ff_border=1" "Opera/9.80 (Windows NT 5.1; U; en) Presto/2.10.229 Version/11.64"
68.233.226.103 - - [03/Jun/2012:10:24:12 +0600] "GET /content/view/793/154/content/view/659/1/ HTTP/1.0" 200 17279 "-" "Mozilla/5.0 (Windows NT 5.1) AppleWebKit/535.2 (KHTML, like Gecko) Chrome/15.0.872.0 Safari/535.2"
46.191.216.28 - - [03/Jun/2012:10:24:37 +0600] "GET /content/view/382/158/ HTTP/1.0" 200 6310 "http://csdb.ufanet.ru/component/option,com_facileforms/Itemid,71/" "Opera/9.80 (Windows NT 5.1; U; en) Presto/2.10.229 Version/11.64"
46.191.216.28 - - [03/Jun/2012:10:24:37 +0600] "GET /%22%22%22%22%22http://csdb.ufanet.ru/templates/csdb/images/strelka.gif%22%22%22%22%22 HTTP/1.0" 404 392 "http://csdb.ufanet.ru/content/view/382/158/" "Opera/9.80 (Windows NT 5.1; U; en) Presto/2.10.229 Version/11.64"
46.191.216.28 - - [03/Jun/2012:10:24:42 +0600] "GET /content/category/7/20/52/ HTTP/1.0" 200 5648 "http://csdb.ufanet.ru/content/view/382/158/" "Opera/9.80 (Windows NT 5.1; U; en) Presto/2.10.229 Version/11.64"
46.191.216.28 - - [03/Jun/2012:10:24:45 +0600] "GET /content/view/379/52/ HTTP/1.0" 200 6159 "http://csdb.ufanet.ru/content/category/7/20/52/" "Opera/9.80 (Windows NT 5.1; U; en) Presto/2.10.229 Version/11.64"
178.154.163.30 - - [03/Jun/2012:10:24:54 +0600] "GET /content/view/989/129/ HTTP/1.0" 200 5548 "-" "Mozilla/5.0 (compatible; YandexBot/3.0; +http://yandex.com/bots)"
46.191.216.28 - - [03/Jun/2012:10:24:55 +0600] "GET /content/view/976/1/ HTTP/1.0" 200 7313 "http://csdb.ufanet.ru/content/view/379/52/" "Opera/9.80 (Windows NT 5.1; U; en) Presto/2.10.229 Version/11.64"
46.191.216.28 - - [03/Jun/2012:10:25:10 +0600] "GET /content/blogcategory/1/66/ HTTP/1.0" 200 7582 "http://csdb.ufanet.ru/content/view/976/1/" "Opera/9.80 (Windows NT 5.1; U; en) Presto/2.10.229 Version/11.64"
178.154.163.30 - - [03/Jun/2012:10:27:11 +0600] "GET /component/option,com_contact/Itemid,3/ HTTP/1.0" 200 6553 "-" "Mozilla/5.0 (compatible; YandexBot/3.0; +http://yandex.com/bots)"
213.180.206.197 - - [03/Jun/2012:10:28:21 +0600] "GET / HTTP/1.0" 200 25364 "-" "Mozilla/5.0 (compatible; YandexMetrika/2.0; +http://yandex.com/bots)"
178.154.163.30 - - [03/Jun/2012:10:29:51 +0600] "GET /content/view/382/158/ HTTP/1.0" 200 6348 "-" "Mozilla/5.0 (compatible; YandexBot/3.0; +http://yandex.com/bots)"
178.154.163.30 - - [03/Jun/2012:10:29:54 +0600] "GET /content/view/379/52/ HTTP/1.0" 200 6196 "-" "Mozilla/5.0 (compatible; YandexBot/3.0; +http://yandex.com/bots)"
178.154.163.30 - - [03/Jun/2012:10:33:26 +0600] "GET /content/view/267/66/ HTTP/1.0" 200 6274 "-" "Mozilla/5.0 (compatible; YandexBot/3.0; +http://yandex.com/bots)"
178.154.163.30 - - [03/Jun/2012:10:36:25 +0600] "GET /content/view/989/131/ HTTP/1.0" 200 5541 "-" "Mozilla/5.0 (compatible; YandexBot/3.0; +http://yandex.com/bots)"
66.249.71.59 - - [03/Jun/2012:10:36:56 +0600] "GET /index.php?option=com_content&task=view&id=53&Itemid=47 HTTP/1.0" 200 7336 "-" "Mozilla/5.0 (compatible; Googlebot/2.1; +http://www.google.com/bot.html)"
66.249.71.59 - - [03/Jun/2012:10:39:15 +0600] "GET /content/view/502/225/ HTTP/1.0" 200 7251 "-" "Mozilla/5.0 (compatible; Googlebot/2.1; +http://www.google.com/bot.html)"
178.154.163.30 - - [03/Jun/2012:10:39:29 +0600] "GET /content/view/989/148/ HTTP/1.0" 200 5526 "-" "Mozilla/5.0 (compatible; YandexBot/3.0; +http://yandex.com/bots)"
95.108.141.3 - - [03/Jun/2012:10:39:34 +0600] "HEAD /content/blogcategory/1/66 HTTP/1.0" 200 - "-" "Mozilla/5.0 (compatible; YandexSitelinks; Dyatel; +http://yandex.com/bots)"
66.249.66.77 - - [03/Jun/2012:10:41:14 +0600] "GET /content/view/821/192/ HTTP/1.0" 200 5081 "-" "Mozilla/5.0 (compatible; Googlebot/2.1; +http://www.google.com/bot.html)"
178.154.163.30 - - [03/Jun/2012:10:42:26 +0600] "GET /content/view/494/56/ HTTP/1.0" 200 3819 "-" "Mozilla/5.0 (compatible; YandexBot/3.0; +http://yandex.com/bots)"
178.154.163.30 - - [03/Jun/2012:10:44:46 +0600] "GET /content/view/53/47 HTTP/1.0" 200 7334 "-" "Mozilla/5.0 (compatible; YandexDirect/3.0; +http://yandex.com/bots)"
178.154.163.30 - - [03/Jun/2012:10:47:48 +0600] "GET /content/view/326/81/ HTTP/1.0" 200 7460 "-" "Mozilla/5.0 (compatible; YandexBot/3.0; +http://yandex.com/bots)"
178.154.163.30 - - [03/Jun/2012:10:50:58 +0600] "GET /component/option,com_frontpage/Itemid,1/ HTTP/1.0" 200 6922 "-" "Mozilla/5.0 (compatible; YandexBot/3.0; +http://yandex.com/bots)"
178.154.163.30 - - [03/Jun/2012:10:54:00 +0600] "GET /content/view/234/66/ HTTP/1.0" 200 5973 "-" "Mozilla/5.0 (compatible; YandexBot/3.0; +http://yandex.com/bots)"
178.154.163.30 - - [03/Jun/2012:10:59:51 +0600] "GET /content/view/128/47 HTTP/1.0" 200 12468 "-" "Mozilla/5.0 (compatible; YandexBot/3.0; +http://yandex.com/bots)"
178.154.163.30 - - [03/Jun/2012:11:02:56 +0600] "GET /content/blogcategory/45/210/ HTTP/1.0" 200 5123 "-" "Mozilla/5.0 (compatible; YandexBot/3.0; +http://yandex.com/bots)"
213.180.206.197 - - [03/Jun/2012:11:03:46 +0600] "GET / HTTP/1.0" 200 25323 "-" "Mozilla/5.0 (compatible; YandexMetrika/2.0; +http://yandex.com/bots)"
178.154.163.30 - - [03/Jun/2012:11:05:51 +0600] "GET /content/view/128/47/ HTTP/1.0" 200 12467 "-" "Mozilla/5.0 (compatible; YandexBot/3.0; +http://yandex.com/bots)"
66.249.66.77 - - [03/Jun/2012:11:08:43 +0600] "GET /content/view/1001/225/ HTTP/1.0" 200 19249 "-" "Mozilla/5.0 (compatible; Googlebot/2.1; +http://www.google.com/bot.html)"
178.154.163.30 - - [03/Jun/2012:11:08:45 +0600] "GET /content/category/6/15/53/ HTTP/1.0" 200 5322 "-" "Mozilla/5.0 (compatible; YandexBot/3.0; +http://yandex.com/bots)"
178.154.163.30 - - [03/Jun/2012:11:11:42 +0600] "GET /content/view/14/47/ HTTP/1.0" 200 6307 "-" "Mozilla/5.0 (compatible; YandexBot/3.0; +http://yandex.com/bots)"
