94.41.236.195 - - [02/Jun/2012:09:43:33 +0600] "GET /content/view/323/163/ HTTP/1.0" 200 11634 "http://csdb.ufanet.ru/content/view/385/164/" "Mozilla/5.0 (Windows NT 6.1; WOW64) AppleWebKit/536.5 (KHTML, like Gecko) Chrome/19.0.1084.52 Safari/536.5"
94.41.236.195 - - [02/Jun/2012:09:43:33 +0600] "GET /images/stories/videos/podsol.flv HTTP/1.0" 200 5602055 "http://csdb.ufanet.ru/mambots/content/jw_allvideos/players/mediaplayer_4.0.46.swf" "Mozilla/5.0 (Windows NT 6.1; WOW64) AppleWebKit/536.5 (KHTML, like Gecko) Chrome/19.0.1084.52 Safari/536.5"
94.41.236.195 - - [02/Jun/2012:09:43:38 +0600] "GET /content/view/873/249/ HTTP/1.0" 200 4091 "http://csdb.ufanet.ru/content/view/323/163/" "Mozilla/5.0 (Windows NT 6.1; WOW64) AppleWebKit/536.5 (KHTML, like Gecko) Chrome/19.0.1084.52 Safari/536.5"
94.41.236.195 - - [02/Jun/2012:09:43:46 +0600] "GET /content/category/11/54/245/ HTTP/1.0" 200 5402 "http://csdb.ufanet.ru/content/view/873/249/" "Mozilla/5.0 (Windows NT 6.1; WOW64) AppleWebKit/536.5 (KHTML, like Gecko) Chrome/19.0.1084.52 Safari/536.5"
94.41.236.195 - - [02/Jun/2012:09:43:57 +0600] "GET / HTTP/1.0" 200 6975 "http://csdb.ufanet.ru/content/category/11/54/245/" "Mozilla/5.0 (Windows NT 6.1; WOW64) AppleWebKit/536.5 (KHTML, like Gecko) Chrome/19.0.1084.52 Safari/536.5"
178.154.163.30 - - [02/Jun/2012:09:44:57 +0600] "GET /content/view/982/1/ HTTP/1.0" 200 6539 "-" "Mozilla/5.0 (compatible; YandexBot/3.0; +http://yandex.com/bots)"
178.154.163.30 - - [02/Jun/2012:09:45:01 +0600] "GET /content/view/976/1/ HTTP/1.0" 200 7402 "-" "Mozilla/5.0 (compatible; YandexBot/3.0; +http://yandex.com/bots)"
94.41.236.195 - - [02/Jun/2012:09:45:07 +0600] "GET /content/blogcategory/1/66/ HTTP/1.0" 200 7659 "http://csdb.ufanet.ru/" "Mozilla/5.0 (Windows NT 6.1; WOW64) AppleWebKit/536.5 (KHTML, like Gecko) Chrome/19.0.1084.52 Safari/536.5"
94.41.236.195 - - [02/Jun/2012:09:45:12 +0600] "GET /content/blogcategory/1/66/5/5/ HTTP/1.0" 200 7378 "http://csdb.ufanet.ru/content/blogcategory/1/66/" "Mozilla/5.0 (Windows NT 6.1; WOW64) AppleWebKit/536.5 (KHTML, like Gecko) Chrome/19.0.1084.52 Safari/536.5"
94.41.236.195 - - [02/Jun/2012:09:45:19 +0600] "GET /content/blogcategory/1/66/5/10/ HTTP/1.0" 200 7478 "http://csdb.ufanet.ru/content/blogcategory/1/66/5/5/" "Mozilla/5.0 (Windows NT 6.1; WOW64) AppleWebKit/536.5 (KHTML, like Gecko) Chrome/19.0.1084.52 Safari/536.5"
94.41.236.195 - - [02/Jun/2012:09:45:40 +0600] "GET /content/view/987/66/ HTTP/1.0" 200 6310 "http://csdb.ufanet.ru/content/blogcategory/1/66/5/10/" "Mozilla/5.0 (Windows NT 6.1; WOW64) AppleWebKit/536.5 (KHTML, like Gecko) Chrome/19.0.1084.52 Safari/536.5"
178.154.163.30 - - [02/Jun/2012:09:46:49 +0600] "GET /content/blogcategory/45/210/ HTTP/1.0" 200 5123 "-" "Mozilla/5.0 (compatible; YandexBot/3.0; +http://yandex.com/bots)"
178.154.163.30 - - [02/Jun/2012:09:46:51 +0600] "GET /content/view/975/210/ HTTP/1.0" 200 4447 "-" "Mozilla/5.0 (compatible; YandexBot/3.0; +http://yandex.com/bots)"
94.41.236.195 - - [02/Jun/2012:09:47:38 +0600] "GET /content/view/985/66/ HTTP/1.0" 200 6254 "http://csdb.ufanet.ru/content/view/987/66/" "Mozilla/5.0 (Windows NT 6.1; WOW64) AppleWebKit/536.5 (KHTML, like Gecko) Chrome/19.0.1084.52 Safari/536.5"
94.41.236.195 - - [02/Jun/2012:09:47:41 +0600] "GET /content/view/978/66/ HTTP/1.0" 200 6060 "http://csdb.ufanet.ru/content/view/985/66/" "Mozilla/5.0 (Windows NT 6.1; WOW64) AppleWebKit/536.5 (KHTML, like Gecko) Chrome/19.0.1084.52 Safari/536.5"
94.41.236.195 - - [02/Jun/2012:09:48:14 +0600] "GET /content/view/985/66/ HTTP/1.0" 200 6255 "http://csdb.ufanet.ru/content/view/978/66/" "Mozilla/5.0 (Windows NT 6.1; WOW64) AppleWebKit/536.5 (KHTML, like Gecko) Chrome/19.0.1084.52 Safari/536.5"
94.41.236.195 - - [02/Jun/2012:09:48:16 +0600] "GET /content/view/987/66/ HTTP/1.0" 200 6312 "http://csdb.ufanet.ru/content/view/985/66/" "Mozilla/5.0 (Windows NT 6.1; WOW64) AppleWebKit/536.5 (KHTML, like Gecko) Chrome/19.0.1084.52 Safari/536.5"
94.41.236.195 - - [02/Jun/2012:09:48:25 +0600] "GET /content/view/985/66/ HTTP/1.0" 200 6256 "http://csdb.ufanet.ru/content/view/987/66/" "Mozilla/5.0 (Windows NT 6.1; WOW64) AppleWebKit/536.5 (KHTML, like Gecko) Chrome/19.0.1084.52 Safari/536.5"
94.41.236.195 - - [02/Jun/2012:09:48:27 +0600] "GET /content/view/978/66/ HTTP/1.0" 200 6062 "http://csdb.ufanet.ru/content/view/985/66/" "Mozilla/5.0 (Windows NT 6.1; WOW64) AppleWebKit/536.5 (KHTML, like Gecko) Chrome/19.0.1084.52 Safari/536.5"
94.41.236.195 - - [02/Jun/2012:09:48:31 +0600] "GET /content/view/981/66/ HTTP/1.0" 200 5908 "http://csdb.ufanet.ru/content/view/978/66/" "Mozilla/5.0 (Windows NT 6.1; WOW64) AppleWebKit/536.5 (KHTML, like Gecko) Chrome/19.0.1084.52 Safari/536.5"
94.41.236.195 - - [02/Jun/2012:09:48:33 +0600] "GET /content/view/980/66/ HTTP/1.0" 200 5712 "http://csdb.ufanet.ru/content/view/981/66/" "Mozilla/5.0 (Windows NT 6.1; WOW64) AppleWebKit/536.5 (KHTML, like Gecko) Chrome/19.0.1084.52 Safari/536.5"
94.41.236.195 - - [02/Jun/2012:09:48:35 +0600] "GET /content/view/979/66/ HTTP/1.0" 200 5762 "http://csdb.ufanet.ru/content/view/980/66/" "Mozilla/5.0 (Windows NT 6.1; WOW64) AppleWebKit/536.5 (KHTML, like Gecko) Chrome/19.0.1084.52 Safari/536.5"
94.41.236.195 - - [02/Jun/2012:09:48:38 +0600] "GET /content/view/977/66/ HTTP/1.0" 200 5924 "http://csdb.ufanet.ru/content/view/979/66/" "Mozilla/5.0 (Windows NT 6.1; WOW64) AppleWebKit/536.5 (KHTML, like Gecko) Chrome/19.0.1084.52 Safari/536.5"
94.41.236.195 - - [02/Jun/2012:09:48:40 +0600] "GET /content/view/974/66/ HTTP/1.0" 200 5713 "http://csdb.ufanet.ru/content/view/977/66/" "Mozilla/5.0 (Windows NT 6.1; WOW64) AppleWebKit/536.5 (KHTML, like Gecko) Chrome/19.0.1084.52 Safari/536.5"
94.41.236.195 - - [02/Jun/2012:09:48:42 +0600] "GET /content/view/973/66/ HTTP/1.0" 200 6119 "http://csdb.ufanet.ru/content/view/974/66/" "Mozilla/5.0 (Windows NT 6.1; WOW64) AppleWebKit/536.5 (KHTML, like Gecko) Chrome/19.0.1084.52 Safari/536.5"
94.41.236.195 - - [02/Jun/2012:09:48:45 +0600] "GET /content/view/972/66/ HTTP/1.0" 200 6641 "http://csdb.ufanet.ru/content/view/973/66/" "Mozilla/5.0 (Windows NT 6.1; WOW64) AppleWebKit/536.5 (KHTML, like Gecko) Chrome/19.0.1084.52 Safari/536.5"
178.154.163.30 - - [02/Jun/2012:09:48:48 +0600] "GET /content/view/580/66/ HTTP/1.0" 200 5120 "-" "Mozilla/5.0 (compatible; YandexBot/3.0; +http://yandex.com/bots)"
66.249.66.77 - - [02/Jun/2012:09:49:04 +0600] "GET /content/view/215/1/ HTTP/1.0" 200 7024 "-" "Mozilla/5.0 (compatible; Googlebot/2.1; +http://www.google.com/bot.html)"
94.41.236.195 - - [02/Jun/2012:09:49:06 +0600] "GET /content/view/968/66/ HTTP/1.0" 200 6492 "http://csdb.ufanet.ru/content/view/972/66/" "Mozilla/5.0 (Windows NT 6.1; WOW64) AppleWebKit/536.5 (KHTML, like Gecko) Chrome/19.0.1084.52 Safari/536.5"
178.154.163.30 - - [02/Jun/2012:09:49:25 +0600] "GET /content/view/970/1/ HTTP/1.0" 200 5527 "-" "Mozilla/5.0 (compatible; YandexBot/3.0; +http://yandex.com/bots)"
178.154.163.30 - - [02/Jun/2012:09:49:27 +0600] "GET /content/view/385/164 HTTP/1.0" 200 9881 "-" "Mozilla/5.0 (compatible; YandexBot/3.0; +http://yandex.com/bots)"
178.154.163.30 - - [02/Jun/2012:09:49:30 +0600] "GET /content/view/811/71/ HTTP/1.0" 200 5094 "-" "Mozilla/5.0 (compatible; YandexBot/3.0; +http://yandex.com/bots)"
178.154.163.30 - - [02/Jun/2012:09:49:32 +0600] "GET /content/view/204/47/ HTTP/1.0" 200 10206 "-" "Mozilla/5.0 (compatible; YandexBot/3.0; +http://yandex.com/bots)"
178.154.163.30 - - [02/Jun/2012:09:49:34 +0600] "GET /content/view/310/91 HTTP/1.0" 200 6109 "-" "Mozilla/5.0 (compatible; YandexBot/3.0; +http://yandex.com/bots)"
178.154.163.30 - - [02/Jun/2012:09:49:37 +0600] "GET /mb38/ HTTP/1.0" 304 - "-" "Mozilla/5.0 (compatible; YandexBot/3.0; +http://yandex.com/bots)"
178.154.163.30 - - [02/Jun/2012:09:49:39 +0600] "GET /content/view/385/164/ HTTP/1.0" 200 9880 "-" "Mozilla/5.0 (compatible; YandexBot/3.0; +http://yandex.com/bots)"
94.41.236.195 - - [02/Jun/2012:09:49:40 +0600] "GET /content/view/965/66/ HTTP/1.0" 200 6038 "http://csdb.ufanet.ru/content/view/968/66/" "Mozilla/5.0 (Windows NT 6.1; WOW64) AppleWebKit/536.5 (KHTML, like Gecko) Chrome/19.0.1084.52 Safari/536.5"
178.154.163.30 - - [02/Jun/2012:09:49:41 +0600] "GET /content/view/993/1/ HTTP/1.0" 200 5528 "-" "Mozilla/5.0 (compatible; YandexBot/3.0; +http://yandex.com/bots)"
94.41.236.195 - - [02/Jun/2012:09:49:42 +0600] "GET /content/view/966/66/ HTTP/1.0" 200 6008 "http://csdb.ufanet.ru/content/view/965/66/" "Mozilla/5.0 (Windows NT 6.1; WOW64) AppleWebKit/536.5 (KHTML, like Gecko) Chrome/19.0.1084.52 Safari/536.5"
178.154.163.30 - - [02/Jun/2012:09:49:44 +0600] "GET /content/view/53/47/ HTTP/1.0" 200 7367 "-" "Mozilla/5.0 (compatible; YandexBot/3.0; +http://yandex.com/bots)"
94.41.236.195 - - [02/Jun/2012:09:49:45 +0600] "GET /content/view/967/66/ HTTP/1.0" 200 5789 "http://csdb.ufanet.ru/content/view/966/66/" "Mozilla/5.0 (Windows NT 6.1; WOW64) AppleWebKit/536.5 (KHTML, like Gecko) Chrome/19.0.1084.52 Safari/536.5"
178.154.163.30 - - [02/Jun/2012:09:49:46 +0600] "GET /content/category/6/15/53/ HTTP/1.0" 200 5354 "-" "Mozilla/5.0 (compatible; YandexBot/3.0; +http://yandex.com/bots)"
94.41.236.195 - - [02/Jun/2012:09:49:47 +0600] "GET /content/view/964/66/ HTTP/1.0" 200 5930 "http://csdb.ufanet.ru/content/view/967/66/" "Mozilla/5.0 (Windows NT 6.1; WOW64) AppleWebKit/536.5 (KHTML, like Gecko) Chrome/19.0.1084.52 Safari/536.5"
178.154.163.30 - - [02/Jun/2012:09:49:49 +0600] "GET /content/view/793/138/ HTTP/1.0" 200 5092 "-" "Mozilla/5.0 (compatible; YandexBot/3.0; +http://yandex.com/bots)"
94.41.236.195 - - [02/Jun/2012:09:49:49 +0600] "GET /content/view/960/66/ HTTP/1.0" 200 7089 "http://csdb.ufanet.ru/content/view/964/66/" "Mozilla/5.0 (Windows NT 6.1; WOW64) AppleWebKit/536.5 (KHTML, like Gecko) Chrome/19.0.1084.52 Safari/536.5"
178.154.163.30 - - [02/Jun/2012:09:49:52 +0600] "GET /content/view/820/113/ HTTP/1.0" 200 5086 "-" "Mozilla/5.0 (compatible; YandexBot/3.0; +http://yandex.com/bots)"
178.154.163.30 - - [02/Jun/2012:09:49:55 +0600] "GET /content/view/519/90/ HTTP/1.0" 200 3612 "-" "Mozilla/5.0 (compatible; YandexBot/3.0; +http://yandex.com/bots)"
178.154.163.30 - - [02/Jun/2012:09:49:57 +0600] "GET /files/ucazatel/UFA430.pdf HTTP/1.0" 304 - "-" "Mozilla/5.0 (compatible; YandexBot/3.0; +http://yandex.com/bots)"
178.154.163.30 - - [02/Jun/2012:09:50:00 +0600] "GET /content/view/258/66 HTTP/1.0" 200 8051 "-" "Mozilla/5.0 (compatible; YandexBot/3.0; +http://yandex.com/bots)"
178.154.163.30 - - [02/Jun/2012:09:50:02 +0600] "GET /files/scen_prazd/denpravoslavnoiknigi.pdf HTTP/1.0" 304 - "-" "Mozilla/5.0 (compatible; YandexBot/3.0; +http://yandex.com/bots)"
178.154.163.30 - - [02/Jun/2012:09:50:05 +0600] "GET /content/view/795/140/ HTTP/1.0" 200 5095 "-" "Mozilla/5.0 (compatible; YandexBot/3.0; +http://yandex.com/bots)"
178.154.163.30 - - [02/Jun/2012:09:50:07 +0600] "GET /content/view/519/138/ HTTP/1.0" 200 5092 "-" "Mozilla/5.0 (compatible; YandexBot/3.0; +http://yandex.com/bots)"
178.154.163.30 - - [02/Jun/2012:09:50:10 +0600] "GET /index2.php?option=com_content&task=view&id=989&pop=1&page=0&Itemid=105 HTTP/1.0" 200 1132 "-" "Mozilla/5.0 (compatible; YandexBot/3.0; +http://yandex.com/bots)"
178.154.163.30 - - [02/Jun/2012:09:50:12 +0600] "GET /content/view/823/183/ HTTP/1.0" 200 5126 "-" "Mozilla/5.0 (compatible; YandexBot/3.0; +http://yandex.com/bots)"
178.154.163.30 - - [02/Jun/2012:09:50:15 +0600] "GET /content/view/822/125/ HTTP/1.0" 200 5100 "-" "Mozilla/5.0 (compatible; YandexBot/3.0; +http://yandex.com/bots)"
178.154.163.30 - - [02/Jun/2012:09:50:17 +0600] "GET /content/view/282/ HTTP/1.0" 200 31134 "-" "Mozilla/5.0 (compatible; YandexBot/3.0; +http://yandex.com/bots)"
178.154.163.30 - - [02/Jun/2012:09:50:20 +0600] "GET /content/view/82/109/ HTTP/1.0" 200 9676 "-" "Mozilla/5.0 (compatible; YandexBot/3.0; +http://yandex.com/bots)"
178.154.163.30 - - [02/Jun/2012:09:50:23 +0600] "GET /files/ucazatel/zoshenk.pdf HTTP/1.0" 304 - "-" "Mozilla/5.0 (compatible; YandexBot/3.0; +http://yandex.com/bots)"
178.154.163.30 - - [02/Jun/2012:09:50:26 +0600] "GET /content/view/865/245/ HTTP/1.0" 200 5890 "-" "Mozilla/5.0 (compatible; YandexBot/3.0; +http://yandex.com/bots)"
178.154.163.30 - - [02/Jun/2012:09:50:29 +0600] "GET /content/view/695/138/ HTTP/1.0" 200 5091 "-" "Mozilla/5.0 (compatible; YandexBot/3.0; +http://yandex.com/bots)"
94.41.236.195 - - [02/Jun/2012:09:50:31 +0600] "GET /content/view/959/66/ HTTP/1.0" 200 6655 "http://csdb.ufanet.ru/content/view/960/66/" "Mozilla/5.0 (Windows NT 6.1; WOW64) AppleWebKit/536.5 (KHTML, like Gecko) Chrome/19.0.1084.52 Safari/536.5"
178.154.163.30 - - [02/Jun/2012:09:50:31 +0600] "GET /content/view/876/133/ HTTP/1.0" 200 5098 "-" "Mozilla/5.0 (compatible; YandexBot/3.0; +http://yandex.com/bots)"
178.154.163.30 - - [02/Jun/2012:09:50:33 +0600] "GET /index2.php?option=com_content&task=view&id=989&pop=1&page=0&Itemid=157 HTTP/1.0" 200 1132 "-" "Mozilla/5.0 (compatible; YandexBot/3.0; +http://yandex.com/bots)"
94.41.236.195 - - [02/Jun/2012:09:50:35 +0600] "GET /content/view/958/66/ HTTP/1.0" 200 5852 "http://csdb.ufanet.ru/content/view/959/66/" "Mozilla/5.0 (Windows NT 6.1; WOW64) AppleWebKit/536.5 (KHTML, like Gecko) Chrome/19.0.1084.52 Safari/536.5"
178.154.163.30 - - [02/Jun/2012:09:50:36 +0600] "GET /content/view/812/124/ HTTP/1.0" 200 5097 "-" "Mozilla/5.0 (compatible; YandexBot/3.0; +http://yandex.com/bots)"
94.41.236.195 - - [02/Jun/2012:09:50:37 +0600] "GET /content/view/957/66/ HTTP/1.0" 200 5900 "http://csdb.ufanet.ru/content/view/958/66/" "Mozilla/5.0 (Windows NT 6.1; WOW64) AppleWebKit/536.5 (KHTML, like Gecko) Chrome/19.0.1084.52 Safari/536.5"
178.154.163.30 - - [02/Jun/2012:09:50:38 +0600] "GET /content/view/728/116/ HTTP/1.0" 200 5092 "-" "Mozilla/5.0 (compatible; YandexBot/3.0; +http://yandex.com/bots)"
94.41.236.195 - - [02/Jun/2012:09:50:39 +0600] "GET /content/view/955/66/ HTTP/1.0" 200 6135 "http://csdb.ufanet.ru/content/view/957/66/" "Mozilla/5.0 (Windows NT 6.1; WOW64) AppleWebKit/536.5 (KHTML, like Gecko) Chrome/19.0.1084.52 Safari/536.5"
178.154.163.30 - - [02/Jun/2012:09:50:40 +0600] "GET /content/view/693/47/ HTTP/1.0" 200 5139 "-" "Mozilla/5.0 (compatible; YandexBot/3.0; +http://yandex.com/bots)"
178.154.163.30 - - [02/Jun/2012:09:50:43 +0600] "GET /content/view/752/152/ HTTP/1.0" 200 5098 "-" "Mozilla/5.0 (compatible; YandexBot/3.0; +http://yandex.com/bots)"
94.41.236.195 - - [02/Jun/2012:09:50:45 +0600] "GET /content/view/954/66/ HTTP/1.0" 200 5819 "http://csdb.ufanet.ru/content/view/955/66/" "Mozilla/5.0 (Windows NT 6.1; WOW64) AppleWebKit/536.5 (KHTML, like Gecko) Chrome/19.0.1084.52 Safari/536.5"
178.154.163.30 - - [02/Jun/2012:09:50:46 +0600] "GET /content/view/234/66 HTTP/1.0" 200 6005 "-" "Mozilla/5.0 (compatible; YandexBot/3.0; +http://yandex.com/bots)"
94.41.236.195 - - [02/Jun/2012:09:50:48 +0600] "GET /content/view/948/66/ HTTP/1.0" 200 6099 "http://csdb.ufanet.ru/content/view/954/66/" "Mozilla/5.0 (Windows NT 6.1; WOW64) AppleWebKit/536.5 (KHTML, like Gecko) Chrome/19.0.1084.52 Safari/536.5"
178.154.163.30 - - [02/Jun/2012:09:50:48 +0600] "GET /content/view/456/129/ HTTP/1.0" 200 5102 "-" "Mozilla/5.0 (compatible; YandexBot/3.0; +http://yandex.com/bots)"
178.154.163.30 - - [02/Jun/2012:09:50:51 +0600] "GET /content/category/8/23/55 HTTP/1.0" 200 5301 "-" "Mozilla/5.0 (compatible; YandexBot/3.0; +http://yandex.com/bots)"
94.41.236.195 - - [02/Jun/2012:09:50:51 +0600] "GET /content/view/947/66/ HTTP/1.0" 200 5777 "http://csdb.ufanet.ru/content/view/948/66/" "Mozilla/5.0 (Windows NT 6.1; WOW64) AppleWebKit/536.5 (KHTML, like Gecko) Chrome/19.0.1084.52 Safari/536.5"
178.154.163.30 - - [02/Jun/2012:09:50:53 +0600] "GET /content/view/821/66/ HTTP/1.0" 200 5118 "-" "Mozilla/5.0 (compatible; YandexBot/3.0; +http://yandex.com/bots)"
94.41.236.195 - - [02/Jun/2012:09:50:53 +0600] "GET /content/view/946/66/ HTTP/1.0" 200 5864 "http://csdb.ufanet.ru/content/view/947/66/" "Mozilla/5.0 (Windows NT 6.1; WOW64) AppleWebKit/536.5 (KHTML, like Gecko) Chrome/19.0.1084.52 Safari/536.5"
178.154.163.30 - - [02/Jun/2012:09:50:56 +0600] "GET /content/view/775/129/ HTTP/1.0" 200 5098 "-" "Mozilla/5.0 (compatible; YandexBot/3.0; +http://yandex.com/bots)"
178.154.163.30 - - [02/Jun/2012:09:50:58 +0600] "GET /content/view/558/55/ HTTP/1.0" 200 5135 "-" "Mozilla/5.0 (compatible; YandexBot/3.0; +http://yandex.com/bots)"
178.154.163.30 - - [02/Jun/2012:09:51:01 +0600] "GET /content/view/562/183/ HTTP/1.0" 200 5112 "-" "Mozilla/5.0 (compatible; YandexBot/3.0; +http://yandex.com/bots)"
178.154.163.30 - - [02/Jun/2012:09:51:03 +0600] "GET /content/view/409/66 HTTP/1.0" 200 6625 "-" "Mozilla/5.0 (compatible; YandexBot/3.0; +http://yandex.com/bots)"
178.154.163.30 - - [02/Jun/2012:09:51:06 +0600] "GET /content/view/745/56/ HTTP/1.0" 200 4312 "-" "Mozilla/5.0 (compatible; YandexBot/3.0; +http://yandex.com/bots)"
178.154.163.30 - - [02/Jun/2012:09:51:08 +0600] "GET /index2.php?option=com_content&task=view&id=69&pop=1&page=385&Itemid=66 HTTP/1.0" 200 1463 "-" "Mozilla/5.0 (compatible; YandexBot/3.0; +http://yandex.com/bots)"
66.249.66.77 - - [02/Jun/2012:09:51:10 +0600] "GET /content/view/580/149/ HTTP/1.0" 200 5091 "-" "Mozilla/5.0 (compatible; Googlebot/2.1; +http://www.google.com/bot.html)"
178.154.163.30 - - [02/Jun/2012:09:51:11 +0600] "GET /index2.php?option=com_content&task=view&id=55&pop=1&page=385&Itemid=66 HTTP/1.0" 200 2121 "-" "Mozilla/5.0 (compatible; YandexBot/3.0; +http://yandex.com/bots)"
178.154.163.30 - - [02/Jun/2012:09:51:13 +0600] "GET /content/view/559/234/ HTTP/1.0" 200 6044 "-" "Mozilla/5.0 (compatible; YandexBot/3.0; +http://yandex.com/bots)"
178.154.163.30 - - [02/Jun/2012:09:51:16 +0600] "GET /content/view/723/156/ HTTP/1.0" 200 5098 "-" "Mozilla/5.0 (compatible; YandexBot/3.0; +http://yandex.com/bots)"
178.154.163.30 - - [02/Jun/2012:09:51:18 +0600] "GET /content/view/819/149/ HTTP/1.0" 200 5089 "-" "Mozilla/5.0 (compatible; YandexBot/3.0; +http://yandex.com/bots)"
178.154.163.30 - - [02/Jun/2012:09:51:21 +0600] "GET /content/view/313/227 HTTP/1.0" 200 4533 "-" "Mozilla/5.0 (compatible; YandexBot/3.0; +http://yandex.com/bots)"
178.154.163.30 - - [02/Jun/2012:09:51:24 +0600] "GET /content/view/711/1/ HTTP/1.0" 200 5527 "-" "Mozilla/5.0 (compatible; YandexBot/3.0; +http://yandex.com/bots)"
178.154.163.30 - - [02/Jun/2012:09:51:26 +0600] "GET /content/view/783/150/ HTTP/1.0" 200 5095 "-" "Mozilla/5.0 (compatible; YandexBot/3.0; +http://yandex.com/bots)"
178.154.163.30 - - [02/Jun/2012:09:51:29 +0600] "GET /content/view/514/138/ HTTP/1.0" 200 5093 "-" "Mozilla/5.0 (compatible; YandexBot/3.0; +http://yandex.com/bots)"
178.154.163.30 - - [02/Jun/2012:09:51:32 +0600] "GET /content/view/530/194/ HTTP/1.0" 200 5110 "-" "Mozilla/5.0 (compatible; YandexBot/3.0; +http://yandex.com/bots)"
178.154.163.30 - - [02/Jun/2012:09:51:35 +0600] "GET /content/view/794/106/ HTTP/1.0" 200 5673 "-" "Mozilla/5.0 (compatible; YandexBot/3.0; +http://yandex.com/bots)"
178.154.163.30 - - [02/Jun/2012:09:51:38 +0600] "GET /content/view/302/66 HTTP/1.0" 200 6260 "-" "Mozilla/5.0 (compatible; YandexBot/3.0; +http://yandex.com/bots)"
178.154.163.30 - - [02/Jun/2012:09:51:41 +0600] "GET /content/view/793/125/ HTTP/1.0" 200 5098 "-" "Mozilla/5.0 (compatible; YandexBot/3.0; +http://yandex.com/bots)"
178.154.163.30 - - [02/Jun/2012:09:51:43 +0600] "GET /content/view/530/117/ HTTP/1.0" 200 5095 "-" "Mozilla/5.0 (compatible; YandexBot/3.0; +http://yandex.com/bots)"
178.154.163.30 - - [02/Jun/2012:09:51:46 +0600] "GET /content/view/127/130 HTTP/1.0" 200 17403 "-" "Mozilla/5.0 (compatible; YandexBot/3.0; +http://yandex.com/bots)"
178.154.163.30 - - [02/Jun/2012:09:51:48 +0600] "GET /content/view/325/81/ HTTP/1.0" 200 9653 "-" "Mozilla/5.0 (compatible; YandexBot/3.0; +http://yandex.com/bots)"
178.154.163.30 - - [02/Jun/2012:09:51:51 +0600] "GET /index2.php?option=com_content&task=view&id=60&pop=1&page=385&Itemid=66 HTTP/1.0" 200 2404 "-" "Mozilla/5.0 (compatible; YandexBot/3.0; +http://yandex.com/bots)"
178.154.163.30 - - [02/Jun/2012:09:51:53 +0600] "GET /content/view/417/56/ HTTP/1.0" 200 3852 "-" "Mozilla/5.0 (compatible; YandexBot/3.0; +http://yandex.com/bots)"
178.154.163.30 - - [02/Jun/2012:09:51:56 +0600] "GET /index.php?option=com_content&task=view&id=127&Itemid=62 HTTP/1.0" 200 15221 "-" "Mozilla/5.0 (compatible; YandexBot/3.0; +http://yandex.com/bots)"
178.154.163.30 - - [02/Jun/2012:09:51:58 +0600] "GET /component/option,com_wrapper/Itemid,246/ HTTP/1.0" 200 4309 "-" "Mozilla/5.0 (compatible; YandexBot/3.0; +http://yandex.com/bots)"
178.154.163.30 - - [02/Jun/2012:09:52:01 +0600] "GET /content/category/17/53/243/ HTTP/1.0" 200 5460 "-" "Mozilla/5.0 (compatible; YandexBot/3.0; +http://yandex.com/bots)"
178.154.163.30 - - [02/Jun/2012:09:52:03 +0600] "GET /content/view/323/163/ HTTP/1.0" 200 11633 "-" "Mozilla/5.0 (compatible; YandexBot/3.0; +http://yandex.com/bots)"
66.249.66.77 - - [02/Jun/2012:09:52:50 +0600] "GET /content/view/139/1/ HTTP/1.0" 200 6490 "-" "Mozilla/5.0 (compatible; Googlebot/2.1; +http://www.google.com/bot.html)"
66.249.66.77 - - [02/Jun/2012:09:56:09 +0600] "GET /content/view/253/90/ HTTP/1.0" 200 4971 "-" "Mozilla/5.0 (compatible; Googlebot/2.1; +http://www.google.com/bot.html)"
66.249.66.77 - - [02/Jun/2012:10:00:59 +0600] "GET /content/view/565/1/ HTTP/1.0" 200 6230 "-" "Mozilla/5.0 (compatible; Googlebot/2.1; +http://www.google.com/bot.html)"
66.249.66.77 - - [02/Jun/2012:10:04:39 +0600] "GET /content/view/794/255/ HTTP/1.0" 200 5684 "-" "Mozilla/5.0 (compatible; Googlebot/2.1; +http://www.google.com/bot.html)"
65.52.110.199 - - [02/Jun/2012:10:07:13 +0600] "GET /files/roditeli/childread2.pdf HTTP/1.0" 200 986862 "-" "Mozilla/5.0 (compatible; bingbot/2.0; +http://www.bing.com/bingbot.htm)"
213.180.206.197 - - [02/Jun/2012:10:07:17 +0600] "GET / HTTP/1.0" 200 25470 "-" "Mozilla/5.0 (compatible; YandexMetrika/2.0; +http://yandex.com/bots)"
217.69.135.29 - - [02/Jun/2012:10:15:00 +0600] "HEAD / HTTP/1.0" 200 - "-" "Mozilla/5.0 (Windows; U; Windows NT 6.0; ru; rv:1.9.1.3) Gecko/20090824 MRA 5.5 (build 02812) Firefox/3.5.3 MRSpy/0.3.11 (.NET CLR 3.5.30729)"
66.249.66.77 - - [02/Jun/2012:10:18:54 +0600] "GET /content/view/794/252/ HTTP/1.0" 200 5659 "-" "Mozilla/5.0 (compatible; Googlebot/2.1; +http://www.google.com/bot.html)"
178.154.163.30 - - [02/Jun/2012:10:20:39 +0600] "GET /content/view/291/66/ HTTP/1.0" 200 6049 "-" "Mozilla/5.0 (compatible; YandexBot/3.0; +http://yandex.com/bots)"
66.249.66.77 - - [02/Jun/2012:10:22:53 +0600] "GET /content/view/955/ HTTP/1.0" 200 5036 "-" "Mozilla/5.0 (compatible; Googlebot/2.1; +http://www.google.com/bot.html)"
95.108.141.3 - - [02/Jun/2012:10:25:21 +0600] "HEAD /component/option,com_wrapper/Itemid,235/ HTTP/1.0" 200 - "-" "Mozilla/5.0 (compatible; YandexSitelinks; Dyatel; +http://yandex.com/bots)"
207.46.13.143 - - [02/Jun/2012:10:28:47 +0600] "GET /content/view/793/66/ HTTP/1.0" 200 5126 "-" "Mozilla/5.0 (compatible; bingbot/2.0; +http://www.bing.com/bingbot.htm)"
68.233.226.103 - - [02/Jun/2012:10:31:50 +0600] "GET /content/view/793/128/content/view/794/1/ HTTP/1.0" 200 31180 "-" "Mozilla/5.0 (Windows NT 5.1) AppleWebKit/535.2 (KHTML, like Gecko) Chrome/15.0.872.0 Safari/535.2"
66.249.66.77 - - [02/Jun/2012:10:32:50 +0600] "GET /content/view/944/ HTTP/1.0" 200 4688 "-" "Mozilla/5.0 (compatible; Googlebot/2.1; +http://www.google.com/bot.html)"
213.180.206.197 - - [02/Jun/2012:10:39:17 +0600] "GET / HTTP/1.0" 200 25470 "-" "Mozilla/5.0 (compatible; YandexMetrika/2.0; +http://yandex.com/bots)"
66.249.72.137 - - [02/Jun/2012:10:39:44 +0600] "GET /content/view/1001/255/ HTTP/1.0" 200 19286 "-" "Mozilla/5.0 (compatible; Googlebot/2.1; +http://www.google.com/bot.html)"
95.108.141.3 - - [02/Jun/2012:10:57:01 +0600] "HEAD /content/category/7/20/52/ HTTP/1.0" 200 - "-" "Mozilla/5.0 (compatible; YandexSitelinks; Dyatel; +http://yandex.com/bots)"
68.233.226.103 - - [02/Jun/2012:11:03:44 +0600] "GET /content/view/793/128/content/view/795/1/ HTTP/1.0" 200 31180 "-" "Mozilla/5.0 (Windows NT 5.1) AppleWebKit/535.2 (KHTML, like Gecko) Chrome/15.0.872.0 Safari/535.2"
213.180.206.197 - - [02/Jun/2012:11:10:50 +0600] "GET / HTTP/1.0" 200 25470 "-" "Mozilla/5.0 (compatible; YandexMetrika/2.0; +http://yandex.com/bots)"
95.108.141.3 - - [02/Jun/2012:11:13:33 +0600] "HEAD /content/section/6/53 HTTP/1.0" 200 - "-" "Mozilla/5.0 (compatible; YandexSitelinks; Dyatel; +http://yandex.com/bots)"
95.108.141.3 - - [02/Jun/2012:11:16:22 +0600] "HEAD /content/category/14/43/192/ HTTP/1.0" 200 - "-" "Mozilla/5.0 (compatible; YandexSitelinks; Dyatel; +http://yandex.com/bots)"
50.22.176.226 - - [02/Jun/2012:11:23:13 +0600] "GET / HTTP/1.0" 200 25470 "-" "-"
85.233.77.5 - - [02/Jun/2012:11:34:02 +0600] "GET /content/view/204/47/ HTTP/1.0" 200 33233 "http://www.google.ru/url?sa=t&rct=j&q=&esrc=s&source=web&cd=17&ved=0CGAQFjAGOAo&url=http%3A%2F%2Fcsdb.ufanet.ru%2Fcontent%2Fview%2F204%2F47%2F&ei=WaXJT42AFc6F-wbB_7Fg&usg=AFQjCNHq-a7xRJ0ytVIeOUW6Qa9yO1lXKg&sig2=yec59VADPb1V2rpI8iJKbA" "Mozilla/5.0 (Windows NT 5.1) AppleWebKit/535.2 (KHTML, like Gecko) Comodo_Dragon/15.0.3.0 Chrome/15.0.874.102 Safari/535.2"
213.180.206.197 - - [02/Jun/2012:11:42:33 +0600] "GET / HTTP/1.0" 200 25470 "-" "Mozilla/5.0 (compatible; YandexMetrika/2.0; +http://yandex.com/bots)"
178.154.163.30 - - [02/Jun/2012:11:52:46 +0600] "GET /content/view/204/47/ HTTP/1.0" 200 10204 "-" "Mozilla/5.0 (compatible; YandexBot/3.0; +http://yandex.com/bots)"
66.249.66.77 - - [02/Jun/2012:11:55:18 +0600] "GET /content/view/752/156/ HTTP/1.0" 200 5096 "-" "Mozilla/5.0 (compatible; Googlebot/2.1; +http://www.google.com/bot.html)"
66.249.66.77 - - [02/Jun/2012:11:58:51 +0600] "GET /content/view/137/1/ HTTP/1.0" 200 6818 "-" "Mozilla/5.0 (compatible; Googlebot/2.1; +http://www.google.com/bot.html)"
66.249.66.77 - - [02/Jun/2012:12:03:57 +0600] "GET /content/view/560/194/ HTTP/1.0" 200 5129 "-" "Mozilla/5.0 (compatible; Googlebot/2.1; +http://www.google.com/bot.html)"
68.233.226.103 - - [02/Jun/2012:12:06:16 +0600] "GET /content/view/775/156/ HTTP/1.0" 200 18418 "-" "Mozilla/5.0 (Windows NT 5.1) AppleWebKit/535.2 (KHTML, like Gecko) Chrome/15.0.872.0 Safari/535.2"
66.249.66.77 - - [02/Jun/2012:12:07:11 +0600] "GET /content/view/405/147/ HTTP/1.0" 200 5096 "-" "Mozilla/5.0 (compatible; Googlebot/2.1; +http://www.google.com/bot.html)"
66.249.66.77 - - [02/Jun/2012:12:07:31 +0600] "GET /content/view/755/223/ HTTP/1.0" 200 4885 "-" "Mozilla/5.0 (compatible; Googlebot/2.1; +http://www.google.com/bot.html)"
66.249.66.77 - - [02/Jun/2012:12:08:31 +0600] "GET /content/view/360/1/ HTTP/1.0" 200 6855 "-" "Mozilla/5.0 (compatible; Googlebot/2.1; +http://www.google.com/bot.html)"
66.249.66.77 - - [02/Jun/2012:12:09:30 +0600] "GET /index2.php?option=com_content&task=view&id=797&pop=1&page=0&Itemid=1 HTTP/1.0" 200 1288 "-" "Mozilla/5.0 (compatible; Googlebot/2.1; +http://www.google.com/bot.html)"
46.250.86.101 - - [02/Jun/2012:12:12:23 +0600] "GET /content/view/53/47/ HTTP/1.0" 200 7366 "http://www.google.ru/url?sa=t&rct=j&q=%D1%81.%D0%BC%D0%B8%D1%85%D0%B0%D0%BB%D0%BA%D0%BE%D0%B2%20%D1%81%D1%86%D0%B5%D0%BD%D0%B0%D1%80%D0%B8%D0%B8%20%D0%BC%D0%B5%D1%80%D0%BE%D0%BF%D1%80%D0%B8%D1%8F%D1%82%D0%B8%D1%8F&source=web&cd=6&sqi=2&ved=0CF0QFjAF&url=http%3A%2F%2Fcsdb.ufanet.ru%2Fcontent%2Fview%2F53%2F47%2F&ei=jq7JT-eoLfH74QSbhK0N&usg=AFQjCNF6o4KcqLLmeh4J7c6RftwAd23QCQ&cad=rjt" "Mozilla/5.0 (Windows; U; Windows NT 5.1; ru; rv:1.9.2.28) Gecko/20120306 AskTbFF/3.14.1.20007 Firefox/3.6.28 ( .NET CLR 3.5.30729)"
46.250.86.101 - - [02/Jun/2012:12:13:24 +0600] "GET /files/scen_prazd/Jitelidrujnoiplaneti.pdf HTTP/1.0" 200 85027 "http://csdb.ufanet.ru/content/view/53/47/" "Mozilla/5.0 (Windows; U; Windows NT 5.1; ru; rv:1.9.2.28) Gecko/20120306 AskTbFF/3.14.1.20007 Firefox/3.6.28 ( .NET CLR 3.5.30729)"
194.226.214.125 - - [02/Jun/2012:12:13:35 +0600] "GET / HTTP/1.0" 200 25470 "http://window.edu.ru/catalog" "Mozilla/5.0 (Windows; U; Windows NT 6.0; ru; rv:1.9.1.5) Gecko/20091102 Firefox/3.5.5 (.NET CLR 3.5.30729)"
46.250.86.101 - - [02/Jun/2012:12:13:45 +0600] "GET /content/view/126/145/ HTTP/1.0" 200 7829 "http://csdb.ufanet.ru/content/view/53/47/" "Mozilla/5.0 (Windows; U; Windows NT 5.1; ru; rv:1.9.2.28) Gecko/20120306 AskTbFF/3.14.1.20007 Firefox/3.6.28 ( .NET CLR 3.5.30729)"
213.180.206.197 - - [02/Jun/2012:12:16:08 +0600] "GET / HTTP/1.0" 200 25510 "-" "Mozilla/5.0 (compatible; YandexMetrika/2.0; +http://yandex.com/bots)"
46.250.86.101 - - [02/Jun/2012:12:16:45 +0600] "GET /content/view/53/47/ HTTP/1.0" 200 7365 "http://www.google.ru/url?sa=t&rct=j&q=%D1%81.%D0%BC%D0%B8%D1%85%D0%B0%D0%BB%D0%BA%D0%BE%D0%B2%20%D1%81%D1%86%D0%B5%D0%BD%D0%B0%D1%80%D0%B8%D0%B8%20%D0%BC%D0%B5%D1%80%D0%BE%D0%BF%D1%80%D0%B8%D1%8F%D1%82%D0%B8%D1%8F&source=web&cd=6&sqi=2&ved=0CF0QFjAF&url=http%3A%2F%2Fcsdb.ufanet.ru%2Fcontent%2Fview%2F53%2F47%2F&ei=jq7JT-eoLfH74QSbhK0N&usg=AFQjCNF6o4KcqLLmeh4J7c6RftwAd23QCQ&cad=rjt" "Mozilla/5.0 (Windows; U; Windows NT 5.1; ru; rv:1.9.2.28) Gecko/20120306 AskTbFF/3.14.1.20007 Firefox/3.6.28 ( .NET CLR 3.5.30729)"
66.249.72.137 - - [02/Jun/2012:12:19:47 +0600] "GET /content/view/950/55/ HTTP/1.0" 200 5124 "-" "Mozilla/5.0 (compatible; Googlebot/2.1; +http://www.google.com/bot.html)"
178.154.163.30 - - [02/Jun/2012:12:20:27 +0600] "GET /content/view/126/145/ HTTP/1.0" 200 7830 "-" "Mozilla/5.0 (compatible; YandexBot/3.0; +http://yandex.com/bots)"
66.249.66.77 - - [02/Jun/2012:12:20:47 +0600] "GET /content/view/757/67/ HTTP/1.0" 200 4161 "-" "Mozilla/5.0 (compatible; Googlebot/2.1; +http://www.google.com/bot.html)"
109.191.245.48 - - [02/Jun/2012:12:22:35 +0600] "GET /content/view/113/66/ HTTP/1.0" 200 6736 "http://go.mail.ru/search?q=%D0%BB%D0%B5%D1%82%D0%BE+%D0%BA%D0%BD%D0%B8%D0%B3%D0%B8+%D1%8F+%D0%B4%D1%80%D1%83%D0%B7%D1%8C%D1%8F" "Mozilla/5.0 (Windows; U; Windows NT 5.1; ru; rv:1.9.2.24) Gecko/20111103 MRA 5.5 (build 02842) Firefox/3.6.24 sputnik 2.5.2.66"
109.191.245.48 - - [02/Jun/2012:12:22:40 +0600] "GET /content/category/7/20/52/ HTTP/1.0" 200 5715 "http://csdb.ufanet.ru/content/view/113/66/" "Mozilla/5.0 (Windows; U; Windows NT 5.1; ru; rv:1.9.2.24) Gecko/20111103 MRA 5.5 (build 02842) Firefox/3.6.24 sputnik 2.5.2.66"
109.191.245.48 - - [02/Jun/2012:12:22:47 +0600] "GET /content/view/843/52/ HTTP/1.0" 200 5592 "http://csdb.ufanet.ru/content/category/7/20/52/" "Mozilla/5.0 (Windows; U; Windows NT 5.1; ru; rv:1.9.2.24) Gecko/20111103 MRA 5.5 (build 02842) Firefox/3.6.24 sputnik 2.5.2.66"
66.249.66.77 - - [02/Jun/2012:12:25:46 +0600] "GET /content/view/1001/156/ HTTP/1.0" 200 19278 "-" "Mozilla/5.0 (compatible; Googlebot/2.1; +http://www.google.com/bot.html)"
66.249.66.77 - - [02/Jun/2012:12:26:25 +0600] "GET /content/view/793/ HTTP/1.0" 200 4019 "-" "Mozilla/5.0 (compatible; Googlebot/2.1; +http://www.google.com/bot.html)"
66.249.66.77 - - [02/Jun/2012:12:30:24 +0600] "GET /content/view/883/ HTTP/1.0" 200 4928 "-" "Mozilla/5.0 (compatible; Googlebot/2.1; +http://www.google.com/bot.html)"
83.169.60.25 - - [02/Jun/2012:12:31:28 +0600] "GET / HTTP/1.0" 200 25511 "-" "Mozilla/5.0 (Windows; U; Windows NT 6.0; de; rv:1.9.0.6) Gecko/2009011913 Firefox/3.0.6"
83.169.60.25 - - [02/Jun/2012:12:31:29 +0600] "GET /20e6a4bb032fcfae5d.php HTTP/1.0" 404 299 "-" "Mozilla/5.0 (Windows; U; Windows NT 6.0; de; rv:1.9.0.6) Gecko/2009011913 Firefox/3.0.6"
157.55.17.145 - - [02/Jun/2012:12:31:43 +0600] "GET /content/view/697/154/ HTTP/1.0" 200 5095 "-" "Mozilla/5.0 (compatible; bingbot/2.0; +http://www.bing.com/bingbot.htm)"
66.249.66.77 - - [02/Jun/2012:12:42:50 +0600] "GET /content/view/1001/147/ HTTP/1.0" 200 19279 "-" "Mozilla/5.0 (compatible; Googlebot/2.1; +http://www.google.com/bot.html)"
95.110.70.249 - - [02/Jun/2012:12:45:02 +0600] "GET /content/view/275/155/ HTTP/1.0" 200 41077 "http://www.google.ru/url?sa=t&rct=j&q=%D0%BA%D0%BE%D0%BD%D1%81%D0%BF%D0%B5%D0%BA%D1%82%20%D0%B7%D0%B0%D0%BD%D1%8F%D1%82%D0%B8%D1%8F%20%D0%B2%20%D0%B4%D0%B5%D1%82%D1%81%D0%BA%D0%BE%D0%BC%20%D1%81%D0%B0%D0%B4%D1%83%20%D0%BE%20%D0%B1%D0%B0%D1%88%D0%BA%D0%B8%D1%80%D1%81%D0%BA%D0%BE%D0%BC%20%D0%B3%D0%B5%D1%80%D0%BE%D0%B5%20%D1%81%D0%B0%D0%BB%D0%B0%D0%B2%D0%B0%D1%82%20%D1%8E%D0%BB%D0%B0%D0%B5%D0%B2&source=web&cd=11&ved=0CEYQFjAAOAo&url=http%3A%2F%2Fcsdb.ufanet.ru%2Fcontent%2Fview%2F275%2F155%2F&ei=Z7bJT77cLMKd-QayqsRg&usg=AFQjCNFHWyOzrYEI4THkFO0wyOghOHpZ7Q&cad=rjt" "Opera/9.80 (Windows NT 5.1; U; ru) Presto/2.10.229 Version/11.61"
178.154.163.30 - - [02/Jun/2012:12:47:28 +0600] "GET /content/view/452/210 HTTP/1.0" 200 5338 "-" "Mozilla/5.0 (compatible; YandexDirect/3.0; +http://yandex.com/bots)"
66.249.72.137 - - [02/Jun/2012:12:48:40 +0600] "GET /content/view/697/122/ HTTP/1.0" 200 5105 "-" "Mozilla/5.0 (compatible; Googlebot/2.1; +http://www.google.com/bot.html)"
65.52.109.62 - - [02/Jun/2012:12:50:13 +0600] "GET /content/view/14/47/ HTTP/1.0" 200 6338 "-" "Mozilla/5.0 (compatible; bingbot/2.0; +http://www.bing.com/bingbot.htm)"
68.233.226.103 - - [02/Jun/2012:12:50:14 +0600] "GET /content/view/783/content/view/795/1/ HTTP/1.0" 200 13043 "-" "Mozilla/5.0 (Windows NT 5.1) AppleWebKit/535.2 (KHTML, like Gecko) Chrome/15.0.872.0 Safari/535.2"
213.180.206.197 - - [02/Jun/2012:12:50:32 +0600] "GET / HTTP/1.0" 200 25465 "-" "Mozilla/5.0 (compatible; YandexMetrika/2.0; +http://yandex.com/bots)"
66.249.72.137 - - [02/Jun/2012:12:51:38 +0600] "GET /content/view/793/158/ HTTP/1.0" 200 5094 "-" "Mozilla/5.0 (compatible; Googlebot/2.1; +http://www.google.com/bot.html)"
213.141.142.213 - - [02/Jun/2012:12:52:17 +0600] "GET /content/view/356/86/ HTTP/1.0" 200 8044 "http://www.google.ru/imgres?start=42&num=10&um=1&hl=ru&newwindow=1&biw=1280&bih=650&tbm=isch&tbnid=rTVfgtaVzgLrIM:&imgrefurl=http://csdb.ufanet.ru/content/view/356/86/&docid=JTkMH9VqhFF5HM&imgurl=http://csdb.ufanet.ru/images/museum/%2525D0%2525AD%2525D0%2525BA%2525D1%252581%2525D0%2525BF%2525D0%2525BE%2525D0%2525BD%2525D0%2525B0%2525D1%252582%2525D1%25258B%252520%2525D0%2525B2%2525D1%252580%2525D0%2525B5%2525D0%2525BC%2525D0%2525B5%2525D0%2525BD%252520%2525D0%252592%2525D0%25259E%2525D0%252592/%2525D0%25259F%2525D1%252580%2525D0%2525B5%2525D0%2525B4%2525D0%2525BC%2525D0%2525B5%2525D1%252582%2525D1%25258B/%2525D0%25259F%2525D1%252580%2525D0%2525B8%2525D0%2525BD%2525D0%2525B0%2525D0%2525B4%2525D0%2525BB%2525D0%2525B5%2525D0%2525B6%2525D0%2525BD%2525D0%2525BE%2525D1%252581%2525D1%252582%2525D0%2525B8%252520%2525D1%252585%2525D1%252583%2525D0%2525B4%2525D0%2525BE%2525D0%2525B6%2525D0%2525BD%2525D0%2525B8%2525D0%2525BA%2525D0%2525B04.JPG&w=3264&h=2176&ei=97fJT8npNsqq-AadmMlg&zoom=1&iact=rc&dur=517&sig=106085847574456488801&page=3&tbnh=141&tbnw=190&ndsp=25&ved=1t:429,r:4,s:42,i:66&tx=109&ty=81" "Mozilla/5.0 (Windows NT 5.1) AppleWebKit/536.5 (KHTML, like Gecko) Chrome/19.0.1084.52 Safari/536.5"
213.141.142.213 - - [02/Jun/2012:12:52:20 +0600] "GET /content/view/356/86/ HTTP/1.0" 200 8046 "http://www.google.ru/imgres?start=42&num=10&um=1&hl=ru&newwindow=1&biw=1280&bih=650&tbm=isch&tbnid=rTVfgtaVzgLrIM:&imgrefurl=http://csdb.ufanet.ru/content/view/356/86/&docid=JTkMH9VqhFF5HM&imgurl=http://csdb.ufanet.ru/images/museum/%2525D0%2525AD%2525D0%2525BA%2525D1%252581%2525D0%2525BF%2525D0%2525BE%2525D0%2525BD%2525D0%2525B0%2525D1%252582%2525D1%25258B%252520%2525D0%2525B2%2525D1%252580%2525D0%2525B5%2525D0%2525BC%2525D0%2525B5%2525D0%2525BD%252520%2525D0%252592%2525D0%25259E%2525D0%252592/%2525D0%25259F%2525D1%252580%2525D0%2525B5%2525D0%2525B4%2525D0%2525BC%2525D0%2525B5%2525D1%252582%2525D1%25258B/%2525D0%25259F%2525D1%252580%2525D0%2525B8%2525D0%2525BD%2525D0%2525B0%2525D0%2525B4%2525D0%2525BB%2525D0%2525B5%2525D0%2525B6%2525D0%2525BD%2525D0%2525BE%2525D1%252581%2525D1%252582%2525D0%2525B8%252520%2525D1%252585%2525D1%252583%2525D0%2525B4%2525D0%2525BE%2525D0%2525B6%2525D0%2525BD%2525D0%2525B8%2525D0%2525BA%2525D0%2525B04.JPG&w=3264&h=2176&ei=97fJT8npNsqq-AadmMlg&zoom=1&iact=rc&dur=517&sig=106085847574456488801&page=3&tbnh=141&tbnw=190&ndsp=25&ved=1t:429,r:4,s:42,i:66&tx=109&ty=81" "Mozilla/5.0 (Windows NT 5.1) AppleWebKit/536.5 (KHTML, like Gecko) Chrome/19.0.1084.52 Safari/536.5"
213.141.142.213 - - [02/Jun/2012:12:52:21 +0600] "GET /content/view/356/86/ HTTP/1.0" 200 8046 "-" "Mozilla/5.0 (Windows NT 5.1) AppleWebKit/536.5 (KHTML, like Gecko) Chrome/19.0.1084.52 Safari/536.5"
213.141.142.213 - - [02/Jun/2012:12:52:30 +0600] "GET /content/view/356/86/ HTTP/1.0" 200 8045 "http://www.google.ru/imgres?start=42&num=10&um=1&hl=ru&newwindow=1&biw=1280&bih=650&tbm=isch&tbnid=rTVfgtaVzgLrIM:&imgrefurl=http://csdb.ufanet.ru/content/view/356/86/&docid=JTkMH9VqhFF5HM&imgurl=http://csdb.ufanet.ru/images/museum/%2525D0%2525AD%2525D0%2525BA%2525D1%252581%2525D0%2525BF%2525D0%2525BE%2525D0%2525BD%2525D0%2525B0%2525D1%252582%2525D1%25258B%252520%2525D0%2525B2%2525D1%252580%2525D0%2525B5%2525D0%2525BC%2525D0%2525B5%2525D0%2525BD%252520%2525D0%252592%2525D0%25259E%2525D0%252592/%2525D0%25259F%2525D1%252580%2525D0%2525B5%2525D0%2525B4%2525D0%2525BC%2525D0%2525B5%2525D1%252582%2525D1%25258B/%2525D0%25259F%2525D1%252580%2525D0%2525B8%2525D0%2525BD%2525D0%2525B0%2525D0%2525B4%2525D0%2525BB%2525D0%2525B5%2525D0%2525B6%2525D0%2525BD%2525D0%2525BE%2525D1%252581%2525D1%252582%2525D0%2525B8%252520%2525D1%252585%2525D1%252583%2525D0%2525B4%2525D0%2525BE%2525D0%2525B6%2525D0%2525BD%2525D0%2525B8%2525D0%2525BA%2525D0%2525B04.JPG&w=3264&h=2176&ei=97fJT8npNsqq-AadmMlg&zoom=1&iact=hc&vpx=800&vpy=165&dur=2003&hovh=183&hovw=275&tx=172&ty=74&sig=106085847574456488801&page=3&tbnh=141&tbnw=190&ndsp=25&ved=1t:429,r:4,s:42,i:66" "Mozilla/5.0 (Windows NT 5.1) AppleWebKit/536.5 (KHTML, like Gecko) Chrome/19.0.1084.52 Safari/536.5"
213.141.142.213 - - [02/Jun/2012:12:52:32 +0600] "GET /content/view/356/86/ HTTP/1.0" 200 8048 "http://www.google.ru/imgres?start=42&num=10&um=1&hl=ru&newwindow=1&biw=1280&bih=650&tbm=isch&tbnid=rTVfgtaVzgLrIM:&imgrefurl=http://csdb.ufanet.ru/content/view/356/86/&docid=JTkMH9VqhFF5HM&imgurl=http://csdb.ufanet.ru/images/museum/%2525D0%2525AD%2525D0%2525BA%2525D1%252581%2525D0%2525BF%2525D0%2525BE%2525D0%2525BD%2525D0%2525B0%2525D1%252582%2525D1%25258B%252520%2525D0%2525B2%2525D1%252580%2525D0%2525B5%2525D0%2525BC%2525D0%2525B5%2525D0%2525BD%252520%2525D0%252592%2525D0%25259E%2525D0%252592/%2525D0%25259F%2525D1%252580%2525D0%2525B5%2525D0%2525B4%2525D0%2525BC%2525D0%2525B5%2525D1%252582%2525D1%25258B/%2525D0%25259F%2525D1%252580%2525D0%2525B8%2525D0%2525BD%2525D0%2525B0%2525D0%2525B4%2525D0%2525BB%2525D0%2525B5%2525D0%2525B6%2525D0%2525BD%2525D0%2525BE%2525D1%252581%2525D1%252582%2525D0%2525B8%252520%2525D1%252585%2525D1%252583%2525D0%2525B4%2525D0%2525BE%2525D0%2525B6%2525D0%2525BD%2525D0%2525B8%2525D0%2525BA%2525D0%2525B04.JPG&w=3264&h=2176&ei=97fJT8npNsqq-AadmMlg&zoom=1&iact=hc&vpx=800&vpy=165&dur=2003&hovh=183&hovw=275&tx=172&ty=74&sig=106085847574456488801&page=3&tbnh=141&tbnw=190&ndsp=25&ved=1t:429,r:4,s:42,i:66" "Mozilla/5.0 (Windows NT 5.1) AppleWebKit/536.5 (KHTML, like Gecko) Chrome/19.0.1084.52 Safari/536.5"
66.249.72.137 - - [02/Jun/2012:12:54:57 +0600] "GET /content/view/418/201/ HTTP/1.0" 200 5808 "-" "Mozilla/5.0 (compatible; Googlebot/2.1; +http://www.google.com/bot.html)"
178.154.163.30 - - [02/Jun/2012:12:58:01 +0600] "GET /content/view/356/86/ HTTP/1.0" 200 8047 "-" "Mozilla/5.0 (compatible; YandexBot/3.0; +http://yandex.com/bots)"
66.249.66.77 - - [02/Jun/2012:12:59:56 +0600] "GET /content/view/335/ HTTP/1.0" 200 6586 "-" "Mozilla/5.0 (compatible; Googlebot/2.1; +http://www.google.com/bot.html)"
66.249.66.77 - - [02/Jun/2012:13:02:22 +0600] "GET /content/view/723/183/ HTTP/1.0" 200 5110 "-" "Mozilla/5.0 (compatible; Googlebot/2.1; +http://www.google.com/bot.html)"
66.249.66.77 - - [02/Jun/2012:13:09:56 +0600] "GET /content/view/1001/122/ HTTP/1.0" 200 19286 "-" "Mozilla/5.0 (compatible; Googlebot/2.1; +http://www.google.com/bot.html)"
46.0.25.192 - - [02/Jun/2012:13:12:45 +0600] "GET /content/view/464/210 HTTP/1.0" 200 4489 "http://yandex.ru/yandsearch?text=%D0%9F%D1%80%D0%BE%D0%BD%D1%83%D0%BC%D0%B5%D1%80%D1%83%D0%B9+%D1%81%D0%BE%D0%B1%D1%8B%D1%82%D0%B8%D1%8F%2C+%D0%BF%D1%80%D0%BE%D0%B8%D0%B7%D0%BE%D1%88%D0%B5%D0%B4%D1%88%D0%B8%D0%B5+%D1%81+%D0%B3%D0%BB%D0%B0%D0%B2%D0%BD%D1%8B%D0%BC+%D0%B3%D0%B5%D1%80%D0%BE%D0%B5%D0%BC%2C%D0%B2+%D1%81%D0%BE%D0%BE%D1%82%D0%B2%D0%B5%D1%82%D1%81%D1%82%D0%B2%D0%B8%D0%B8+%D1%81+%D0%B8%D1%85+%D0%BF%D0%BE%D1%81%D0%BB%D0%B5%D0%B4%D0%BE%D0%B2%D0%B0%D1%82%D0%B5%D0%BB%D1%8C%D0%BD%D0%BE%D1%81%D1%82%D1%8C%D1%8E.+%D0%9A%D0%9E%D0%9D%D0%95%D0%9A+%D0%93%D0%9E%D0%A0%D0%91%D0%A3%D0%9D%D0%9E%D0%9A&clid=9403&lr=51" "Opera/9.80 (Windows NT 6.1; U; ru) Presto/2.2.15 Version/10.01"
207.46.204.181 - - [02/Jun/2012:13:13:16 +0600] "GET /content/view/73/51/ HTTP/1.0" 200 3004 "-" "Mozilla/5.0 (compatible; bingbot/2.0; +http://www.bing.com/bingbot.htm)"
46.146.97.71 - - [02/Jun/2012:13:14:55 +0600] "GET /content/view/967/56/ HTTP/1.0" 200 3759 "-" "Mozilla/5.0 (Windows; U; Windows NT 6.1; ru; rv:1.9.1.1) Gecko/20090715 Firefox/3.5.1 WebMoney Advisor"
95.105.13.54 - - [02/Jun/2012:13:18:29 +0600] "GET / HTTP/1.0" 200 6950 "http://yandex.ru/yandsearch?text=%D0%B3%D0%BE%D1%80%D0%BE%D0%B4%D1%81%D0%BA%D0%B0%D1%8F+%D0%B1%D0%B8%D0%B1%D0%BB%D0%B8%D0%BE%D1%82%D0%B5%D0%BA%D0%B0+%D1%83%D1%84%D0%B0&clid=1725448&lr=172" "Mozilla/5.0 (Windows NT 5.1; rv:11.0) Gecko/20100101 Firefox/11.0"
95.105.13.54 - - [02/Jun/2012:13:18:30 +0600] "GET /images/cgdb.swf HTTP/1.0" 200 19792297 "http://csdb.ufanet.ru/" "Mozilla/5.0 (Windows NT 5.1; rv:11.0) Gecko/20100101 Firefox/11.0"
213.180.206.197 - - [02/Jun/2012:13:23:11 +0600] "GET / HTTP/1.0" 200 25460 "-" "Mozilla/5.0 (compatible; YandexMetrika/2.0; +http://yandex.com/bots)"
66.249.72.137 - - [02/Jun/2012:13:29:50 +0600] "GET /content/view/489/52/ HTTP/1.0" 200 5128 "-" "Mozilla/5.0 (compatible; Googlebot/2.1; +http://www.google.com/bot.html)"
66.249.66.77 - - [02/Jun/2012:13:31:01 +0600] "GET /content/view/1001/158/ HTTP/1.0" 200 19274 "-" "Mozilla/5.0 (compatible; Googlebot/2.1; +http://www.google.com/bot.html)"
66.249.66.77 - - [02/Jun/2012:13:31:49 +0600] "GET /content/view/325/165/ HTTP/1.0" 200 10659 "-" "Mozilla/5.0 (compatible; Googlebot/2.1; +http://www.google.com/bot.html)"
193.34.160.8 - - [02/Jun/2012:13:33:49 +0600] "GET /content/view/204/47/ HTTP/1.0" 200 10167 "-" "Opera/9.80 (Windows NT 6.1; U; ru) Presto/2.10.229 Version/11.64"
66.249.66.77 - - [02/Jun/2012:13:34:29 +0600] "GET /content/view/385/164/ HTTP/1.0" 200 9880 "-" "Mozilla/5.0 (compatible; Googlebot/2.1; +http://www.google.com/bot.html)"
178.154.163.30 - - [02/Jun/2012:13:34:59 +0600] "GET /content/view/53/47 HTTP/1.0" 200 7365 "-" "Mozilla/5.0 (compatible; YandexDirect/3.0; +http://yandex.com/bots)"
66.249.72.137 - - [02/Jun/2012:13:37:17 +0600] "GET /content/view/430/207/ HTTP/1.0" 200 4170 "-" "Mozilla/5.0 (compatible; Googlebot/2.1; +http://www.google.com/bot.html)"
81.30.184.200 - - [02/Jun/2012:13:37:17 +0600] "GET / HTTP/1.0" 200 6951 "-" "Mozilla/5.0 (Windows NT 5.1) AppleWebKit/536.5 (KHTML, like Gecko) Chrome/19.0.1084.52 Safari/536.5"
81.30.184.200 - - [02/Jun/2012:13:37:20 +0600] "GET /images/cgdb.swf HTTP/1.0" 200 19792297 "http://csdb.ufanet.ru/" "Mozilla/5.0 (Windows NT 5.1) AppleWebKit/536.5 (KHTML, like Gecko) Chrome/19.0.1084.52 Safari/536.5"
81.30.184.200 - - [02/Jun/2012:13:37:28 +0600] "GET /component/option,com_wrapper/Itemid,235/ HTTP/1.0" 200 4487 "http://csdb.ufanet.ru/" "Mozilla/5.0 (Windows NT 5.1) AppleWebKit/536.5 (KHTML, like Gecko) Chrome/19.0.1084.52 Safari/536.5"
81.30.184.200 - - [02/Jun/2012:13:37:28 +0600] "GET /cgi-bin/zgate?Init+test.xml,simple.xsl+rus HTTP/1.0" 200 445 "http://csdb.ufanet.ru/component/option,com_wrapper/Itemid,235/" "Mozilla/5.0 (Windows NT 5.1) AppleWebKit/536.5 (KHTML, like Gecko) Chrome/19.0.1084.52 Safari/536.5"
81.30.184.200 - - [02/Jun/2012:13:38:37 +0600] "GET /administrator/ HTTP/1.0" 200 1314 "-" "Mozilla/5.0 (Windows NT 5.1; rv:11.0) Gecko/20100101 Firefox/11.0"
81.30.184.200 - - [02/Jun/2012:13:38:49 +0600] "POST /administrator/index.php HTTP/1.0" 200 54 "http://csdb.ufanet.ru/administrator/" "Mozilla/5.0 (Windows NT 5.1; rv:11.0) Gecko/20100101 Firefox/11.0"
81.30.184.200 - - [02/Jun/2012:13:38:49 +0600] "GET /administrator/index2.php HTTP/1.0" 200 6526 "http://csdb.ufanet.ru/administrator/index.php" "Mozilla/5.0 (Windows NT 5.1; rv:11.0) Gecko/20100101 Firefox/11.0"
81.30.184.200 - - [02/Jun/2012:13:38:58 +0600] "GET /administrator/index2.php?option=com_menus&menutype=mainmenu HTTP/1.0" 200 8443 "http://csdb.ufanet.ru/administrator/index2.php" "Mozilla/5.0 (Windows NT 5.1; rv:11.0) Gecko/20100101 Firefox/11.0"
81.30.184.200 - - [02/Jun/2012:13:39:06 +0600] "POST /administrator/index2.php HTTP/1.0" 301 - "http://csdb.ufanet.ru/administrator/index2.php?option=com_menus&menutype=mainmenu" "Mozilla/5.0 (Windows NT 5.1; rv:11.0) Gecko/20100101 Firefox/11.0"
81.30.184.200 - - [02/Jun/2012:13:39:06 +0600] "GET /administrator/index2.php?option=com_menus&menutype=mainmenu HTTP/1.0" 200 8443 "http://csdb.ufanet.ru/administrator/index2.php?option=com_menus&menutype=mainmenu" "Mozilla/5.0 (Windows NT 5.1; rv:11.0) Gecko/20100101 Firefox/11.0"
81.30.184.200 - - [02/Jun/2012:13:39:09 +0600] "GET /administrator/index2.php?option=logout HTTP/1.0" 301 - "http://csdb.ufanet.ru/administrator/index2.php?option=com_menus&menutype=mainmenu" "Mozilla/5.0 (Windows NT 5.1; rv:11.0) Gecko/20100101 Firefox/11.0"
81.30.184.200 - - [02/Jun/2012:13:39:09 +0600] "GET /administrator/index.php HTTP/1.0" 200 1314 "http://csdb.ufanet.ru/administrator/index2.php?option=com_menus&menutype=mainmenu" "Mozilla/5.0 (Windows NT 5.1; rv:11.0) Gecko/20100101 Firefox/11.0"
66.249.66.77 - - [02/Jun/2012:13:43:53 +0600] "GET /content/view/562/128/ HTTP/1.0" 200 5054 "-" "Mozilla/5.0 (compatible; Googlebot/2.1; +http://www.google.com/bot.html)"
66.249.66.77 - - [02/Jun/2012:13:44:10 +0600] "GET /content/view/558/219/ HTTP/1.0" 200 5059 "-" "Mozilla/5.0 (compatible; Googlebot/2.1; +http://www.google.com/bot.html)"
95.32.185.162 - - [02/Jun/2012:13:45:41 +0600] "GET /content/view/234/66/ HTTP/1.0" 200 5974 "http://yandex.ru/yandsearch?text=%D0%BF%D1%83%D1%88%D0%BA%D0%B8%D0%BD%D1%81%D0%BA%D0%B8%D0%B9+%D0%B4%D0%B5%D0%BD%D1%8C+%D0%B2+%D0%B1%D0%B8%D0%B1%D0%BB%D0%B8%D0%BE%D1%82%D0%B5%D0%BA%D0%B5.+%D0%BF%D1%80%D0%B5%D0%B7%D0%B5%D0%BD%D1%82%D0%B0%D1%86%D0%B8%D1%8F&lr=193" "Mozilla/4.0 (compatible; MSIE 8.0; Windows NT 5.1; Trident/4.0; MRSPUTNIK 2, 3, 0, 299; .NET CLR 1.1.4322; InfoPath.2; .NET CLR 2.0.50727; AskTbFF/5.9.1.14019)"
178.154.163.30 - - [02/Jun/2012:13:46:09 +0600] "GET /component/option,com_wrapper/Itemid,235/ HTTP/1.0" 200 4432 "-" "Mozilla/5.0 (compatible; YandexBot/3.0; +http://yandex.com/bots)"
66.249.66.77 - - [02/Jun/2012:13:46:50 +0600] "GET /content/view/558/124/ HTTP/1.0" 200 5066 "-" "Mozilla/5.0 (compatible; Googlebot/2.1; +http://www.google.com/bot.html)"
66.249.66.77 - - [02/Jun/2012:13:47:10 +0600] "GET /content/view/128/47/ HTTP/1.0" 200 12470 "-" "Mozilla/5.0 (compatible; Googlebot/2.1; +http://www.google.com/bot.html)"
66.249.66.77 - - [02/Jun/2012:13:47:50 +0600] "GET /content/view/323/163/ HTTP/1.0" 200 11622 "-" "Mozilla/5.0 (compatible; Googlebot/2.1; +http://www.google.com/bot.html)"
157.55.16.219 - - [02/Jun/2012:13:48:19 +0600] "GET /content/view/754/222/ HTTP/1.0" 200 5174 "-" "Mozilla/5.0 (compatible; bingbot/2.0; +http://www.bing.com/bingbot.htm)"
66.249.66.77 - - [02/Jun/2012:13:48:50 +0600] "GET /content/view/355/1/ HTTP/1.0" 200 6346 "-" "Mozilla/5.0 (compatible; Googlebot/2.1; +http://www.google.com/bot.html)"
68.233.226.103 - - [02/Jun/2012:13:52:06 +0600] "GET /content/view/791/1/content/view/659/1/ HTTP/1.0" 200 12896 "-" "Mozilla/5.0 (Windows NT 5.1) AppleWebKit/535.2 (KHTML, like Gecko) Chrome/15.0.872.0 Safari/535.2"
66.249.66.77 - - [02/Jun/2012:13:52:29 +0600] "GET /index.php?option=com_content&task=view&id=66&Itemid=55 HTTP/1.0" 200 7353 "-" "Mozilla/5.0 (compatible; Googlebot/2.1; +http://www.google.com/bot.html)"
213.180.206.197 - - [02/Jun/2012:13:55:29 +0600] "GET / HTTP/1.0" 200 25318 "-" "Mozilla/5.0 (compatible; YandexMetrika/2.0; +http://yandex.com/bots)"
109.187.201.88 - - [02/Jun/2012:13:56:29 +0600] "GET /content/view/204/47/ HTTP/1.0" 200 10175 "http://go.mail.ru/search?mailru=1&q=%D0%94%D0%B5%D1%82%D1%81%D0%BA%D0%B8%D0%B5+%D0%B1%D0%B8%D0%B1%D0%BB%D0%B8%D0%BE%D1%82%D0%B5%D0%BA%D0%B8+%D0%B3.+%D0%A3%D1%84%D0%B0" "Mozilla/5.0 (Windows; U; Windows NT 6.0; ru; rv:1.9.2.8) Gecko/20100722 Firefox/3.6.8 sputnik 2.4.0.49 WebMoney Advisor"
109.187.201.88 - - [02/Jun/2012:13:57:27 +0600] "GET /content/view/382/158/ HTTP/1.0" 200 6347 "http://csdb.ufanet.ru/content/view/204/47/" "Mozilla/5.0 (Windows; U; Windows NT 6.0; ru; rv:1.9.2.8) Gecko/20100722 Firefox/3.6.8 sputnik 2.4.0.49 WebMoney Advisor"
109.187.201.88 - - [02/Jun/2012:13:57:27 +0600] "GET /content/view/382/158/ HTTP/1.0" 200 6350 "http://csdb.ufanet.ru/content/view/204/47/" "Mozilla/5.0 (Windows; U; Windows NT 6.0; ru; rv:1.9.2.8) Gecko/20100722 Firefox/3.6.8 sputnik 2.4.0.49 WebMoney Advisor"
109.187.201.88 - - [02/Jun/2012:13:57:27 +0600] "GET /%22%22%22%22%22http://csdb.ufanet.ru/templates/csdb/images/strelka.gif%22%22%22%22%22 HTTP/1.0" 404 392 "http://csdb.ufanet.ru/content/view/382/158/" "Mozilla/5.0 (Windows; U; Windows NT 6.0; ru; rv:1.9.2.8) Gecko/20100722 Firefox/3.6.8 sputnik 2.4.0.49 WebMoney Advisor"
109.187.201.88 - - [02/Jun/2012:13:58:15 +0600] "GET /content/view/204/47/ HTTP/1.0" 200 10175 "http://go.mail.ru/search?mailru=1&q=%D0%94%D0%B5%D1%82%D1%81%D0%BA%D0%B8%D0%B5+%D0%B1%D0%B8%D0%B1%D0%BB%D0%B8%D0%BE%D1%82%D0%B5%D0%BA%D0%B8+%D0%B3.+%D0%A3%D1%84%D0%B0" "Mozilla/5.0 (Windows; U; Windows NT 6.0; ru; rv:1.9.2.8) Gecko/20100722 Firefox/3.6.8 sputnik 2.4.0.49 WebMoney Advisor"
109.187.201.88 - - [02/Jun/2012:13:58:25 +0600] "GET /component/option,com_contact/Itemid,3/ HTTP/1.0" 200 6556 "http://csdb.ufanet.ru/content/view/204/47/" "Mozilla/5.0 (Windows; U; Windows NT 6.0; ru; rv:1.9.2.8) Gecko/20100722 Firefox/3.6.8 sputnik 2.4.0.49 WebMoney Advisor"
