109.187.201.88 - - [02/Jun/2012:13:58:40 +0600] "GET /content/view/204/47/ HTTP/1.0" 200 10176 "http://go.mail.ru/search?mailru=1&q=%D0%94%D0%B5%D1%82%D1%81%D0%BA%D0%B8%D0%B5+%D0%B1%D0%B8%D0%B1%D0%BB%D0%B8%D0%BE%D1%82%D0%B5%D0%BA%D0%B8+%D0%B3.+%D0%A3%D1%84%D0%B0" "Mozilla/5.0 (Windows; U; Windows NT 6.0; ru; rv:1.9.2.8) Gecko/20100722 Firefox/3.6.8 sputnik 2.4.0.49 WebMoney Advisor"
66.249.66.77 - - [02/Jun/2012:13:58:48 +0600] "GET /content/view/795/105/ HTTP/1.0" 200 5061 "-" "Mozilla/5.0 (compatible; Googlebot/2.1; +http://www.google.com/bot.html)"
93.128.254.3 - - [02/Jun/2012:13:59:02 +0600] "GET / HTTP/1.0" 200 25354 "-" "Mozilla/5.0 (compatible; MJ12bot/v1.4.3; http://www.majestic12.co.uk/bot.php?+)"
109.187.201.88 - - [02/Jun/2012:13:59:33 +0600] "GET /content/view/204/47/ HTTP/1.0" 200 10172 "http://go.mail.ru/search?mailru=1&q=%D0%94%D0%B5%D1%82%D1%81%D0%BA%D0%B8%D0%B5+%D0%B1%D0%B8%D0%B1%D0%BB%D0%B8%D0%BE%D1%82%D0%B5%D0%BA%D0%B8+%D1%83%D1%84%D0%B0" "Mozilla/5.0 (Windows; U; Windows NT 6.0; ru; rv:1.9.2.8) Gecko/20100722 Firefox/3.6.8 sputnik 2.4.0.49 WebMoney Advisor"
109.187.201.88 - - [02/Jun/2012:13:59:44 +0600] "GET /content/view/31/194/ HTTP/1.0" 200 5794 "http://csdb.ufanet.ru/content/view/204/47/" "Mozilla/5.0 (Windows; U; Windows NT 6.0; ru; rv:1.9.2.8) Gecko/20100722 Firefox/3.6.8 sputnik 2.4.0.49 WebMoney Advisor"
109.187.201.88 - - [02/Jun/2012:13:59:44 +0600] "GET /content/view/31/194/ HTTP/1.0" 200 5793 "http://csdb.ufanet.ru/content/view/204/47/" "Mozilla/5.0 (Windows; U; Windows NT 6.0; ru; rv:1.9.2.8) Gecko/20100722 Firefox/3.6.8 sputnik 2.4.0.49 WebMoney Advisor"
109.187.201.88 - - [02/Jun/2012:13:59:56 +0600] "GET /content/view/204/47/ HTTP/1.0" 200 10173 "http://go.mail.ru/search?mailru=1&q=%D0%94%D0%B5%D1%82%D1%81%D0%BA%D0%B8%D0%B5+%D0%B1%D0%B8%D0%B1%D0%BB%D0%B8%D0%BE%D1%82%D0%B5%D0%BA%D0%B8+%D1%83%D1%84%D0%B0" "Mozilla/5.0 (Windows; U; Windows NT 6.0; ru; rv:1.9.2.8) Gecko/20100722 Firefox/3.6.8 sputnik 2.4.0.49 WebMoney Advisor"
109.187.201.88 - - [02/Jun/2012:14:00:01 +0600] "GET /content/view/310/91/ HTTP/1.0" 200 6108 "http://csdb.ufanet.ru/content/view/204/47/" "Mozilla/5.0 (Windows; U; Windows NT 6.0; ru; rv:1.9.2.8) Gecko/20100722 Firefox/3.6.8 sputnik 2.4.0.49 WebMoney Advisor"
109.187.201.88 - - [02/Jun/2012:14:00:01 +0600] "GET /content/view/310/91/ HTTP/1.0" 200 6108 "http://csdb.ufanet.ru/content/view/204/47/" "Mozilla/5.0 (Windows; U; Windows NT 6.0; ru; rv:1.9.2.8) Gecko/20100722 Firefox/3.6.8 sputnik 2.4.0.49 WebMoney Advisor"
109.187.201.88 - - [02/Jun/2012:14:00:25 +0600] "GET /content/view/204/47/ HTTP/1.0" 200 10172 "http://go.mail.ru/search?mailru=1&q=%D0%94%D0%B5%D1%82%D1%81%D0%BA%D0%B8%D0%B5+%D0%B1%D0%B8%D0%B1%D0%BB%D0%B8%D0%BE%D1%82%D0%B5%D0%BA%D0%B8+%D1%83%D1%84%D0%B0" "Mozilla/5.0 (Windows; U; Windows NT 6.0; ru; rv:1.9.2.8) Gecko/20100722 Firefox/3.6.8 sputnik 2.4.0.49 WebMoney Advisor"
66.249.66.77 - - [02/Jun/2012:14:00:27 +0600] "GET /files/ucazatel/Zochenko.pdf HTTP/1.0" 200 2124737 "-" "Mozilla/5.0 (compatible; Googlebot/2.1; +http://www.google.com/bot.html)"
109.187.201.88 - - [02/Jun/2012:14:00:43 +0600] "GET /content/view/397/189/ HTTP/1.0" 200 5396 "http://csdb.ufanet.ru/content/view/204/47/" "Mozilla/5.0 (Windows; U; Windows NT 6.0; ru; rv:1.9.2.8) Gecko/20100722 Firefox/3.6.8 sputnik 2.4.0.49 WebMoney Advisor"
109.187.201.88 - - [02/Jun/2012:14:00:43 +0600] "GET /content/view/397/189/ HTTP/1.0" 200 5398 "http://csdb.ufanet.ru/content/view/204/47/" "Mozilla/5.0 (Windows; U; Windows NT 6.0; ru; rv:1.9.2.8) Gecko/20100722 Firefox/3.6.8 sputnik 2.4.0.49 WebMoney Advisor"
109.187.201.88 - - [02/Jun/2012:14:00:44 +0600] "GET /mambots/content/jw_allvideos/players/mediaplayer_4.0.46.swf HTTP/1.0" 200 38096 "http://csdb.ufanet.ru/content/view/397/189/" "Mozilla/5.0 (Windows; U; Windows NT 6.0; ru; rv:1.9.2.8) Gecko/20100722 Firefox/3.6.8 sputnik 2.4.0.49 WebMoney Advisor"
109.187.201.88 - - [02/Jun/2012:14:00:45 +0600] "GET /images/stories/videos/main1.flv HTTP/1.0" 200 5858127 "-" "Mozilla/5.0 (Windows; U; Windows NT 6.0; ru; rv:1.9.2.8) Gecko/20100722 Firefox/3.6.8 sputnik 2.4.0.49 WebMoney Advisor"
109.187.201.88 - - [02/Jun/2012:14:00:54 +0600] "GET /content/view/204/47/ HTTP/1.0" 200 10174 "http://go.mail.ru/search?mailru=1&q=%D0%94%D0%B5%D1%82%D1%81%D0%BA%D0%B8%D0%B5+%D0%B1%D0%B8%D0%B1%D0%BB%D0%B8%D0%BE%D1%82%D0%B5%D0%BA%D0%B8+%D1%83%D1%84%D0%B0" "Mozilla/5.0 (Windows; U; Windows NT 6.0; ru; rv:1.9.2.8) Gecko/20100722 Firefox/3.6.8 sputnik 2.4.0.49 WebMoney Advisor"
109.187.201.88 - - [02/Jun/2012:14:01:00 +0600] "GET /content/view/30/194/ HTTP/1.0" 200 5711 "http://csdb.ufanet.ru/content/view/204/47/" "Mozilla/5.0 (Windows; U; Windows NT 6.0; ru; rv:1.9.2.8) Gecko/20100722 Firefox/3.6.8 sputnik 2.4.0.49 WebMoney Advisor"
109.187.201.88 - - [02/Jun/2012:14:01:00 +0600] "GET /content/view/30/194/ HTTP/1.0" 200 5710 "http://csdb.ufanet.ru/content/view/204/47/" "Mozilla/5.0 (Windows; U; Windows NT 6.0; ru; rv:1.9.2.8) Gecko/20100722 Firefox/3.6.8 sputnik 2.4.0.49 WebMoney Advisor"
109.187.201.88 - - [02/Jun/2012:14:01:05 +0600] "GET /content/view/204/47/ HTTP/1.0" 200 10173 "http://go.mail.ru/search?mailru=1&q=%D0%94%D0%B5%D1%82%D1%81%D0%BA%D0%B8%D0%B5+%D0%B1%D0%B8%D0%B1%D0%BB%D0%B8%D0%BE%D1%82%D0%B5%D0%BA%D0%B8+%D1%83%D1%84%D0%B0" "Mozilla/5.0 (Windows; U; Windows NT 6.0; ru; rv:1.9.2.8) Gecko/20100722 Firefox/3.6.8 sputnik 2.4.0.49 WebMoney Advisor"
109.187.201.88 - - [02/Jun/2012:14:01:08 +0600] "GET /mb38/ HTTP/1.0" 200 14902 "http://csdb.ufanet.ru/content/view/204/47/" "Mozilla/5.0 (Windows; U; Windows NT 6.0; ru; rv:1.9.2.8) Gecko/20100722 Firefox/3.6.8 sputnik 2.4.0.49 WebMoney Advisor"
109.187.201.88 - - [02/Jun/2012:14:01:08 +0600] "GET /mb38/ HTTP/1.0" 200 14902 "http://csdb.ufanet.ru/content/view/204/47/" "Mozilla/5.0 (Windows; U; Windows NT 6.0; ru; rv:1.9.2.8) Gecko/20100722 Firefox/3.6.8 sputnik 2.4.0.49 WebMoney Advisor"
109.187.201.88 - - [02/Jun/2012:14:01:09 +0600] "GET /images/mb/img38/free_access.swf HTTP/1.0" 200 7947129 "http://csdb.ufanet.ru/mb38/" "Mozilla/5.0 (Windows; U; Windows NT 6.0; ru; rv:1.9.2.8) Gecko/20100722 Firefox/3.6.8 sputnik 2.4.0.49 WebMoney Advisor"
109.187.201.88 - - [02/Jun/2012:14:01:14 +0600] "GET /content/view/204/47/ HTTP/1.0" 200 10174 "http://go.mail.ru/search?mailru=1&q=%D0%94%D0%B5%D1%82%D1%81%D0%BA%D0%B8%D0%B5+%D0%B1%D0%B8%D0%B1%D0%BB%D0%B8%D0%BE%D1%82%D0%B5%D0%BA%D0%B8+%D1%83%D1%84%D0%B0" "Mozilla/5.0 (Windows; U; Windows NT 6.0; ru; rv:1.9.2.8) Gecko/20100722 Firefox/3.6.8 sputnik 2.4.0.49 WebMoney Advisor"
109.187.201.88 - - [02/Jun/2012:14:01:25 +0600] "GET /content/view/34/194/ HTTP/1.0" 200 5796 "http://csdb.ufanet.ru/content/view/204/47/" "Mozilla/5.0 (Windows; U; Windows NT 6.0; ru; rv:1.9.2.8) Gecko/20100722 Firefox/3.6.8 sputnik 2.4.0.49 WebMoney Advisor"
109.187.201.88 - - [02/Jun/2012:14:01:25 +0600] "GET /content/view/34/194/ HTTP/1.0" 200 5802 "http://csdb.ufanet.ru/content/view/204/47/" "Mozilla/5.0 (Windows; U; Windows NT 6.0; ru; rv:1.9.2.8) Gecko/20100722 Firefox/3.6.8 sputnik 2.4.0.49 WebMoney Advisor"
109.187.201.88 - - [02/Jun/2012:14:01:31 +0600] "GET /content/view/204/47/ HTTP/1.0" 200 10172 "http://go.mail.ru/search?mailru=1&q=%D0%94%D0%B5%D1%82%D1%81%D0%BA%D0%B8%D0%B5+%D0%B1%D0%B8%D0%B1%D0%BB%D0%B8%D0%BE%D1%82%D0%B5%D0%BA%D0%B8+%D1%83%D1%84%D0%B0" "Mozilla/5.0 (Windows; U; Windows NT 6.0; ru; rv:1.9.2.8) Gecko/20100722 Firefox/3.6.8 sputnik 2.4.0.49 WebMoney Advisor"
109.187.201.88 - - [02/Jun/2012:14:01:40 +0600] "GET /content/view/45/194/ HTTP/1.0" 200 5752 "http://csdb.ufanet.ru/content/view/204/47/" "Mozilla/5.0 (Windows; U; Windows NT 6.0; ru; rv:1.9.2.8) Gecko/20100722 Firefox/3.6.8 sputnik 2.4.0.49 WebMoney Advisor"
109.187.201.88 - - [02/Jun/2012:14:01:40 +0600] "GET /content/view/45/194/ HTTP/1.0" 200 5749 "http://csdb.ufanet.ru/content/view/204/47/" "Mozilla/5.0 (Windows; U; Windows NT 6.0; ru; rv:1.9.2.8) Gecko/20100722 Firefox/3.6.8 sputnik 2.4.0.49 WebMoney Advisor"
109.187.201.88 - - [02/Jun/2012:14:01:45 +0600] "GET /content/view/204/47/ HTTP/1.0" 200 10171 "http://go.mail.ru/search?mailru=1&q=%D0%94%D0%B5%D1%82%D1%81%D0%BA%D0%B8%D0%B5+%D0%B1%D0%B8%D0%B1%D0%BB%D0%B8%D0%BE%D1%82%D0%B5%D0%BA%D0%B8+%D1%83%D1%84%D0%B0" "Mozilla/5.0 (Windows; U; Windows NT 6.0; ru; rv:1.9.2.8) Gecko/20100722 Firefox/3.6.8 sputnik 2.4.0.49 WebMoney Advisor"
109.104.173.52 - - [02/Jun/2012:14:02:01 +0600] "GET /content/blogcategory/1/66/ HTTP/1.0" 200 7623 "-" "Mozilla/5.0 (Windows NT 6.1) AppleWebKit/536.5 (KHTML, like Gecko) Chrome/19.0.1084.52 Safari/536.5"
109.187.201.88 - - [02/Jun/2012:14:02:21 +0600] "GET /content/view/31/194/ HTTP/1.0" 200 5795 "http://csdb.ufanet.ru/content/view/204/47/" "Mozilla/5.0 (Windows; U; Windows NT 6.0; ru; rv:1.9.2.8) Gecko/20100722 Firefox/3.6.8 sputnik 2.4.0.49 WebMoney Advisor"
109.187.201.88 - - [02/Jun/2012:14:02:21 +0600] "GET /content/view/31/194/ HTTP/1.0" 200 5795 "http://csdb.ufanet.ru/content/view/204/47/" "Mozilla/5.0 (Windows; U; Windows NT 6.0; ru; rv:1.9.2.8) Gecko/20100722 Firefox/3.6.8 sputnik 2.4.0.49 WebMoney Advisor"
109.187.201.88 - - [02/Jun/2012:14:02:27 +0600] "GET /content/view/204/47/ HTTP/1.0" 200 10176 "http://go.mail.ru/search?mailru=1&q=%D0%94%D0%B5%D1%82%D1%81%D0%BA%D0%B8%D0%B5+%D0%B1%D0%B8%D0%B1%D0%BB%D0%B8%D0%BE%D1%82%D0%B5%D0%BA%D0%B8+%D1%83%D1%84%D0%B0" "Mozilla/5.0 (Windows; U; Windows NT 6.0; ru; rv:1.9.2.8) Gecko/20100722 Firefox/3.6.8 sputnik 2.4.0.49 WebMoney Advisor"
109.187.201.88 - - [02/Jun/2012:14:02:30 +0600] "GET /content/view/310/91/ HTTP/1.0" 200 6109 "http://csdb.ufanet.ru/content/view/204/47/" "Mozilla/5.0 (Windows; U; Windows NT 6.0; ru; rv:1.9.2.8) Gecko/20100722 Firefox/3.6.8 sputnik 2.4.0.49 WebMoney Advisor"
109.187.201.88 - - [02/Jun/2012:14:02:31 +0600] "GET /content/view/310/91/ HTTP/1.0" 200 6108 "http://csdb.ufanet.ru/content/view/204/47/" "Mozilla/5.0 (Windows; U; Windows NT 6.0; ru; rv:1.9.2.8) Gecko/20100722 Firefox/3.6.8 sputnik 2.4.0.49 WebMoney Advisor"
66.249.66.77 - - [02/Jun/2012:14:02:47 +0600] "GET /content/view/249/1/ HTTP/1.0" 200 6175 "-" "Mozilla/5.0 (compatible; Googlebot/2.1; +http://www.google.com/bot.html)"
68.233.226.103 - - [02/Jun/2012:14:04:47 +0600] "GET /content/view/793/120/index.php?option=com_contact&Itemid=3 HTTP/1.0" 200 15658 "-" "Mozilla/5.0 (Windows NT 5.1) AppleWebKit/535.2 (KHTML, like Gecko) Chrome/15.0.872.0 Safari/535.2"
66.249.66.77 - - [02/Jun/2012:14:06:06 +0600] "GET /content/view/752/135/ HTTP/1.0" 200 5064 "-" "Mozilla/5.0 (compatible; Googlebot/2.1; +http://www.google.com/bot.html)"
66.249.72.137 - - [02/Jun/2012:14:07:46 +0600] "GET /content/view/273/1/ HTTP/1.0" 200 6227 "-" "Mozilla/5.0 (compatible; Googlebot/2.1; +http://www.google.com/bot.html)"
46.159.70.184 - - [02/Jun/2012:14:07:50 +0600] "GET / HTTP/1.0" 200 25364 "\xcd\xcd\xcd\xcd\xcd\xcd\xcd\xcd\xcd\xcd\xcd\xcd\xcd\xcd\xcd\xcd\xcd\xcd\xcd\xcd\xcd\xcd\xcd\xcd\xcd\xcd\xcd\xcd\xcd\xcd\xcd\xcd\xcd\xcd\xcd\xcd\xcd\xcd\xcd\xcd\xcd\xcd\xcd\xcd\xcd\xcd\xcd\xcd\xcd\xcd\xcd\xcd\xcd\xcd\xcd\xcd\xcd\xcd\xcd\xcd\xcd\xcd\xcd\xcd\xcd\xcd\xcd\xcd\xcd\xcd\xcd\xcd\xcd\xcd\xcd\xcd\xcd\xcd\xcd\xcd\xcd\xcd\xcd\xcd\xcd\xcd\xcd\xcd\xcd\xcd\xcd\xcd\xcd\xcd\xcd\xcd\xcd\xcd\xcd\xcd\xcd\xcd\xcd\xcd\xcd\xcd\xcd\xcd\xcd\xcd\xcd\xcd\xcd\xcd\xcd\xcd\xcd\xcd\xcd\xcd\xcd\xcd\xcd\xcd\xcd\xcd\xcd\xcd\xcd\xcd\xcd\xcd\xcd\xcd\xcd\xcd\xcd\xcd\xcd\xcd\xcd\xcd\xcd\xcd\xcd\xcd\xcd\xcd\xcd\xcd\xcd\xcd\xcd\xcd\xcd\xcd\xcd\xcd\xcd\xcd\xcd\xcd\xcd\xcd\xcd\xcd\xcd\xcd\xcd\xcd\xcd\xcd\xcd\xcd\xcd\xcd\xcd\xcd\xcd\xcd\xcd\xcd\xcd\xcd\xcd\xcd\xcd\xcd\xcd\xcd\xcd\xcd\xcd\xcd\xcd\xcd\xcd\xcd\xcd\xcd\xcd\xcd\xcd\xcd\xcd\xcd\xcd\xcd\xcd\xcd\xcd\xcd\xcd\xcd\xcd\xcd\xcd\xcd\xcd\xcd\xcd\xcd\xcd\xcd\xcd\xcd\xcd\xcd\xcd\xcd\xcd\xcd\xcd\xcd\xcd\xcd\xcd\xcd\xcd\xcd\xcd\xcd\xcd\xcd\xcd\xcd\xcd\xcd\xcd\xcd\xcd\xcd\xcd\xcd\xcd\xcd\xcd\xcd\xcd\xcd\xcd\xcd\xcd\xcd\xcd\xcd\xcd\xcd\xcd\xcd\xcd\xcd\xcd\xcd\xcd\xcd\xcd\xcd\xcd\xcd\xcd\xcd\xcd\xcd\xcd\xcd\xcd\xcd\xcd\xcd\xcd\xcd\xcd\xcd\xcd\xcd\xcd\xcd\xcd\xcd\xcd\xcd\xcd\xcd\xcd\xcd\xcd\xcd\xcd\xcd\xcd\xcd\xcd\xcd\xcd\xcd\xcd\xcd\xcd\xcd\xcd\xcd\xcd\xcd\xcd\xcd\xcd\xcd\xcd\xcd\xcd\xcd\xcd\xcd\xcd\xcd\xcd\xcd\xcd\xcd\xcd\xcd\xcd\xcd\xcd\xcd\xcd\xcd\xcd\xcd\xcd\xcd\xcd\xcd\xcd\xcd\xcd\xcd\xcd\xcd\xcd\xcd\xcd\xcd\xcd\xcd\xcd\xcd\xcd\xcd\xcd\xcd\xcd\xcd\xcd\xcd\xcd\xcd\xcd\xcd\xcd\xcd\xcd\xcd\xcd\xcd\xcd\xcd\xcd\xcd\xcd\xcd\xcd\xcd\xcd\xcd\xcd\xcd\xcd\xcd\xcd\xcd\xcd\xcd\xcd\xcd\xcd\xcd\xcd\xcd\xcd\xcd\xcd\xcd\xcd\xcd\xcd\xcd\xcd\xcd\xcd\xcd\xcd\xcd\xcd\xcd\xcd\xcd\xcd\xcd\xcd\xcd\xcd\xcd\xcd\xcd\xcd\xcd\xcd\xcd\xcd\xcd\xcd\xcd\xcd\xcd\xcd\xcd\xcd\xcd\xcd\xcd\xcd\xcd\xcd\xcd\xcd\xcd\xcd\xcd\xcd\xcd\xcd\xcd\xcd\xcd\xcd\xcd\xcd\xcd\xcd\xcd\xcd\xcd\xcd\xcd\xcd\xcd\xcd\xcd\xcd\xcd\xcd\xcd\xcd\xcd\xcd\xcd\xcd\xcd\xcd\xcd\xcd\xcd\xcd\xcd\xcd\xcd\xcd\xcd\xcd\xcd\xcd\xcd\xcd\xcd\xcd\xcd\xcd\xcd\xcd\xcd\xfd\xfd\xfd\xfd" "Mozila/4.0 (compatible; MSIE 6.0; Windows NT 5.1"
178.154.163.30 - - [02/Jun/2012:14:08:42 +0600] "GET /content/view/30/194/ HTTP/1.0" 200 5711 "-" "Mozilla/5.0 (compatible; YandexBot/3.0; +http://yandex.com/bots)"
66.249.72.137 - - [02/Jun/2012:14:09:25 +0600] "GET /content/view/952/118/ HTTP/1.0" 200 5058 "-" "Mozilla/5.0 (compatible; Googlebot/2.1; +http://www.google.com/bot.html)"
66.249.66.77 - - [02/Jun/2012:14:09:46 +0600] "GET /content/view/54/47/ HTTP/1.0" 200 7397 "-" "Mozilla/5.0 (compatible; Googlebot/2.1; +http://www.google.com/bot.html)"
66.249.66.77 - - [02/Jun/2012:14:16:03 +0600] "GET /index.php?option=com_content&task=view&id=140&Itemid=66 HTTP/1.0" 200 5904 "-" "Mozilla/5.0 (compatible; Googlebot/2.1; +http://www.google.com/bot.html)"
66.249.66.77 - - [02/Jun/2012:14:19:02 +0600] "GET /content/view/282/120/ HTTP/1.0" 200 32250 "-" "Mozilla/5.0 (compatible; Googlebot/2.1; +http://www.google.com/bot.html)"
95.37.51.118 - - [02/Jun/2012:14:22:34 +0600] "GET /content/view/284/ HTTP/1.0" 200 6067 "http://yandex.ru/yandsearch?text=%D0%BD%D0%BE%D0%B2%D1%8B%D0%B5+%D0%B2%D0%B5%D1%8F%D0%BD%D0%B8%D1%8F+%D0%B2+%D0%BB%D0%B5%D1%82%D0%BD%D0%B8%D1%85++%D1%87%D1%82%D0%B5%D0%BD%D0%B8%D1%8F%D1%85+%D0%B2+%D0%B4%D0%B5%D1%82%D1%81%D0%BA%D0%BE%D0%B9+%D0%B1%D0%B8%D0%B1%D0%BB%D0%B8%D0%BE%D1%82%D0%B5%D0%BA%D0%B5&lr=47" "Mozilla/5.0 (Windows NT 5.1; rv:8.0.1) Gecko/20100101 Firefox/8.0.1"
66.249.66.77 - - [02/Jun/2012:14:23:01 +0600] "GET /content/view/772/1/ HTTP/1.0" 200 6808 "-" "Mozilla/5.0 (compatible; Googlebot/2.1; +http://www.google.com/bot.html)"
66.249.66.77 - - [02/Jun/2012:14:25:20 +0600] "GET /index2.php?option=com_content&task=view&id=520&pop=1&page=0&Itemid=1 HTTP/1.0" 200 560 "-" "Mozilla/5.0 (compatible; Googlebot/2.1; +http://www.google.com/bot.html)"
66.249.66.77 - - [02/Jun/2012:14:25:24 +0600] "GET /mb38/ HTTP/1.0" 304 - "-" "Mozilla/5.0 (compatible; Googlebot/2.1; +http://www.google.com/bot.html)"
178.234.151.202 - - [02/Jun/2012:14:26:36 +0600] "GET / HTTP/1.0" 200 6881 "http://yandex.ru/yandsearch?text=%D0%A1%D0%B0%D0%B9%D1%82+%D1%86%D0%B5%D0%BD%D1%82%D1%80%D0%B0%D0%BB%D1%8C%D0%BD%D0%BE%D0%B9+%D0%B1%D0%B8%D0%B1%D0%BB%D0%B8%D0%BE%D1%82%D0%B5%D0%BA%D0%B8+%D0%B3.%D0%A3%D1%84%D1%8B&lr=10713" "Opera/9.80 (Windows NT 6.1; U; ru) Presto/2.10.229 Version/11.60"
178.234.151.202 - - [02/Jun/2012:14:26:40 +0600] "GET /images/cgdb.swf HTTP/1.0" 200 19792297 "http://csdb.ufanet.ru/" "Opera/9.80 (Windows NT 6.1; U; ru) Presto/2.10.229 Version/11.60"
178.234.151.202 - - [02/Jun/2012:14:26:41 +0600] "GET /images/cgdb.swf HTTP/1.0" 200 19792297 "http://csdb.ufanet.ru/" "Opera/9.80 (Windows NT 6.1; U; ru) Presto/2.10.229 Version/11.60"
178.234.151.202 - - [02/Jun/2012:14:28:37 +0600] "GET /content/category/14/42/183/ HTTP/1.0" 200 5701 "http://csdb.ufanet.ru/" "Opera/9.80 (Windows NT 6.1; U; ru) Presto/2.10.229 Version/11.60"
66.249.66.77 - - [02/Jun/2012:14:28:40 +0600] "GET /content/view/761/90/ HTTP/1.0" 200 4647 "-" "Mozilla/5.0 (compatible; Googlebot/2.1; +http://www.google.com/bot.html)"
178.234.151.202 - - [02/Jun/2012:14:28:50 +0600] "GET /content/view/545/183/ HTTP/1.0" 200 7001 "http://csdb.ufanet.ru/content/category/14/42/183/" "Opera/9.80 (Windows NT 6.1; U; ru) Presto/2.10.229 Version/11.60"
178.234.151.202 - - [02/Jun/2012:14:29:35 +0600] "GET /content/blogcategory/1/66/ HTTP/1.0" 200 7580 "http://csdb.ufanet.ru/content/view/545/183/" "Opera/9.80 (Windows NT 6.1; U; ru) Presto/2.10.229 Version/11.60"
213.180.206.197 - - [02/Jun/2012:14:30:01 +0600] "GET / HTTP/1.0" 200 25363 "-" "Mozilla/5.0 (compatible; YandexMetrika/2.0; +http://yandex.com/bots)"
178.234.151.202 - - [02/Jun/2012:14:32:15 +0600] "GET /content/blogcategory/1/66/5/5/ HTTP/1.0" 200 7301 "http://csdb.ufanet.ru/content/blogcategory/1/66/" "Opera/9.80 (Windows NT 6.1; U; ru) Presto/2.10.229 Version/11.60"
178.234.151.202 - - [02/Jun/2012:14:33:00 +0600] "GET /content/view/991/66/ HTTP/1.0" 200 6034 "http://csdb.ufanet.ru/content/blogcategory/1/66/5/5/" "Opera/9.80 (Windows NT 6.1; U; ru) Presto/2.10.229 Version/11.60"
178.234.151.202 - - [02/Jun/2012:14:33:21 +0600] "GET /content/view/990/66/ HTTP/1.0" 200 6380 "http://csdb.ufanet.ru/content/view/991/66/" "Opera/9.80 (Windows NT 6.1; U; ru) Presto/2.10.229 Version/11.60"
178.234.151.202 - - [02/Jun/2012:14:33:45 +0600] "GET /content/view/988/66/ HTTP/1.0" 200 6097 "http://csdb.ufanet.ru/content/view/990/66/" "Opera/9.80 (Windows NT 6.1; U; ru) Presto/2.10.229 Version/11.60"
178.234.151.202 - - [02/Jun/2012:14:34:51 +0600] "GET /content/view/987/66/ HTTP/1.0" 200 6240 "http://csdb.ufanet.ru/content/view/988/66/" "Opera/9.80 (Windows NT 6.1; U; ru) Presto/2.10.229 Version/11.60"
178.234.151.202 - - [02/Jun/2012:14:35:22 +0600] "GET /content/view/985/66/ HTTP/1.0" 200 6186 "http://csdb.ufanet.ru/content/view/987/66/" "Opera/9.80 (Windows NT 6.1; U; ru) Presto/2.10.229 Version/11.60"
178.234.151.202 - - [02/Jun/2012:14:35:52 +0600] "GET /content/view/978/66/ HTTP/1.0" 200 5994 "http://csdb.ufanet.ru/content/view/985/66/" "Opera/9.80 (Windows NT 6.1; U; ru) Presto/2.10.229 Version/11.60"
178.234.151.202 - - [02/Jun/2012:14:36:21 +0600] "GET /content/view/981/66/ HTTP/1.0" 200 5840 "http://csdb.ufanet.ru/content/view/978/66/" "Opera/9.80 (Windows NT 6.1; U; ru) Presto/2.10.229 Version/11.60"
178.234.151.202 - - [02/Jun/2012:14:36:29 +0600] "GET /content/view/980/66/ HTTP/1.0" 200 5643 "http://csdb.ufanet.ru/content/view/981/66/" "Opera/9.80 (Windows NT 6.1; U; ru) Presto/2.10.229 Version/11.60"
178.234.151.202 - - [02/Jun/2012:14:36:39 +0600] "GET /content/view/979/66/ HTTP/1.0" 200 5691 "http://csdb.ufanet.ru/content/view/980/66/" "Opera/9.80 (Windows NT 6.1; U; ru) Presto/2.10.229 Version/11.60"
178.234.151.202 - - [02/Jun/2012:14:36:47 +0600] "GET /content/view/977/66/ HTTP/1.0" 200 5854 "http://csdb.ufanet.ru/content/view/979/66/" "Opera/9.80 (Windows NT 6.1; U; ru) Presto/2.10.229 Version/11.60"
178.234.151.202 - - [02/Jun/2012:14:37:13 +0600] "GET /content/view/974/66/ HTTP/1.0" 200 5644 "http://csdb.ufanet.ru/content/view/977/66/" "Opera/9.80 (Windows NT 6.1; U; ru) Presto/2.10.229 Version/11.60"
178.234.151.202 - - [02/Jun/2012:14:37:29 +0600] "GET /content/view/973/66/ HTTP/1.0" 200 6050 "http://csdb.ufanet.ru/content/view/974/66/" "Opera/9.80 (Windows NT 6.1; U; ru) Presto/2.10.229 Version/11.60"
178.234.151.202 - - [02/Jun/2012:14:37:52 +0600] "GET /content/view/972/66/ HTTP/1.0" 200 6575 "http://csdb.ufanet.ru/content/view/973/66/" "Opera/9.80 (Windows NT 6.1; U; ru) Presto/2.10.229 Version/11.60"
178.234.151.202 - - [02/Jun/2012:14:37:58 +0600] "GET /content/view/968/66/ HTTP/1.0" 200 6426 "http://csdb.ufanet.ru/content/view/972/66/" "Opera/9.80 (Windows NT 6.1; U; ru) Presto/2.10.229 Version/11.60"
178.234.151.202 - - [02/Jun/2012:14:38:08 +0600] "GET /content/view/965/66/ HTTP/1.0" 200 5968 "http://csdb.ufanet.ru/content/view/968/66/" "Opera/9.80 (Windows NT 6.1; U; ru) Presto/2.10.229 Version/11.60"
178.154.163.30 - - [02/Jun/2012:14:38:10 +0600] "GET /content/blogcategory/1/66/5/5/ HTTP/1.0" 200 7346 "-" "Mozilla/5.0 (compatible; YandexBot/3.0; +http://yandex.com/bots)"
178.234.151.202 - - [02/Jun/2012:14:38:16 +0600] "GET /content/view/966/66/ HTTP/1.0" 200 5937 "http://csdb.ufanet.ru/content/view/965/66/" "Opera/9.80 (Windows NT 6.1; U; ru) Presto/2.10.229 Version/11.60"
66.249.66.77 - - [02/Jun/2012:14:38:17 +0600] "GET /content/view/358/1/ HTTP/1.0" 200 6479 "-" "Mozilla/5.0 (compatible; Googlebot/2.1; +http://www.google.com/bot.html)"
178.234.151.202 - - [02/Jun/2012:14:38:29 +0600] "GET /content/view/967/66/ HTTP/1.0" 200 5721 "http://csdb.ufanet.ru/content/view/966/66/" "Opera/9.80 (Windows NT 6.1; U; ru) Presto/2.10.229 Version/11.60"
178.234.151.202 - - [02/Jun/2012:14:38:35 +0600] "GET /content/view/964/66/ HTTP/1.0" 200 5862 "http://csdb.ufanet.ru/content/view/967/66/" "Opera/9.80 (Windows NT 6.1; U; ru) Presto/2.10.229 Version/11.60"
178.234.151.202 - - [02/Jun/2012:14:38:44 +0600] "GET /content/view/960/66/ HTTP/1.0" 200 7022 "http://csdb.ufanet.ru/content/view/964/66/" "Opera/9.80 (Windows NT 6.1; U; ru) Presto/2.10.229 Version/11.60"
178.234.151.202 - - [02/Jun/2012:14:40:01 +0600] "GET /content/view/959/66/ HTTP/1.0" 200 6586 "http://csdb.ufanet.ru/content/view/960/66/" "Opera/9.80 (Windows NT 6.1; U; ru) Presto/2.10.229 Version/11.60"
178.234.151.202 - - [02/Jun/2012:14:40:14 +0600] "GET /content/view/958/66/ HTTP/1.0" 200 5775 "http://csdb.ufanet.ru/content/view/959/66/" "Opera/9.80 (Windows NT 6.1; U; ru) Presto/2.10.229 Version/11.60"
178.234.151.202 - - [02/Jun/2012:14:40:25 +0600] "GET /content/view/957/66/ HTTP/1.0" 200 5832 "http://csdb.ufanet.ru/content/view/958/66/" "Opera/9.80 (Windows NT 6.1; U; ru) Presto/2.10.229 Version/11.60"
178.234.151.202 - - [02/Jun/2012:14:40:40 +0600] "GET /content/view/955/66/ HTTP/1.0" 200 6059 "http://csdb.ufanet.ru/content/view/957/66/" "Opera/9.80 (Windows NT 6.1; U; ru) Presto/2.10.229 Version/11.60"
178.234.151.202 - - [02/Jun/2012:14:41:03 +0600] "GET /content/view/954/66/ HTTP/1.0" 200 5751 "http://csdb.ufanet.ru/content/view/955/66/" "Opera/9.80 (Windows NT 6.1; U; ru) Presto/2.10.229 Version/11.60"
178.234.151.202 - - [02/Jun/2012:14:41:12 +0600] "GET /content/view/397/189/ HTTP/1.0" 200 5377 "http://csdb.ufanet.ru/content/view/954/66/" "Opera/9.80 (Windows NT 6.1; U; ru) Presto/2.10.229 Version/11.60"
178.234.151.202 - - [02/Jun/2012:14:41:15 +0600] "GET /mambots/content/jw_allvideos/players/mediaplayer_4.0.46.swf HTTP/1.0" 200 38096 "http://csdb.ufanet.ru/content/view/397/189/" "Opera/9.80 (Windows NT 6.1; U; ru) Presto/2.10.229 Version/11.60"
178.234.151.202 - - [02/Jun/2012:14:41:16 +0600] "GET /mambots/content/jw_allvideos/players/mediaplayer_4.0.46.swf HTTP/1.0" 200 38096 "http://csdb.ufanet.ru/content/view/397/189/" "Opera/9.80 (Windows NT 6.1; U; ru) Presto/2.10.229 Version/11.60"
178.234.151.202 - - [02/Jun/2012:14:41:16 +0600] "GET /images/stories/videos/main1.flv HTTP/1.0" 200 5858127 "http://csdb.ufanet.ru/mambots/content/jw_allvideos/players/mediaplayer_4.0.46.swf" "Opera/9.80 (Windows NT 6.1; U; ru) Presto/2.10.229 Version/11.60"
66.249.66.77 - - [02/Jun/2012:14:41:17 +0600] "GET /content/view/92/62/ HTTP/1.0" 200 9154 "-" "Mozilla/5.0 (compatible; Googlebot/2.1; +http://www.google.com/bot.html)"
66.249.66.77 - - [02/Jun/2012:14:42:06 +0600] "GET /content/view/1001/47/ HTTP/1.0" 200 19255 "-" "Mozilla/5.0 (compatible; Googlebot/2.1; +http://www.google.com/bot.html)"
66.249.66.77 - - [02/Jun/2012:14:42:36 +0600] "GET /content/view/490/1/ HTTP/1.0" 200 6379 "-" "Mozilla/5.0 (compatible; Googlebot/2.1; +http://www.google.com/bot.html)"
66.249.66.77 - - [02/Jun/2012:14:42:54 +0600] "GET /content/view/1001/219/ HTTP/1.0" 200 19239 "-" "Mozilla/5.0 (compatible; Googlebot/2.1; +http://www.google.com/bot.html)"
178.154.163.30 - - [02/Jun/2012:14:44:31 +0600] "GET /content/view/987/66/ HTTP/1.0" 200 6283 "-" "Mozilla/5.0 (compatible; YandexBot/3.0; +http://yandex.com/bots)"
178.154.163.30 - - [02/Jun/2012:14:44:41 +0600] "GET /content/view/985/66/ HTTP/1.0" 200 6223 "-" "Mozilla/5.0 (compatible; YandexBot/3.0; +http://yandex.com/bots)"
178.154.163.30 - - [02/Jun/2012:14:44:43 +0600] "GET /content/view/978/66/ HTTP/1.0" 200 6033 "-" "Mozilla/5.0 (compatible; YandexBot/3.0; +http://yandex.com/bots)"
178.154.163.30 - - [02/Jun/2012:14:44:58 +0600] "GET /content/view/974/66/ HTTP/1.0" 200 5681 "-" "Mozilla/5.0 (compatible; YandexBot/3.0; +http://yandex.com/bots)"
178.154.163.30 - - [02/Jun/2012:14:45:00 +0600] "GET /content/view/973/66/ HTTP/1.0" 200 6087 "-" "Mozilla/5.0 (compatible; YandexBot/3.0; +http://yandex.com/bots)"
178.154.163.30 - - [02/Jun/2012:14:45:03 +0600] "GET /content/view/968/66/ HTTP/1.0" 200 6467 "-" "Mozilla/5.0 (compatible; YandexBot/3.0; +http://yandex.com/bots)"
178.154.163.30 - - [02/Jun/2012:14:45:05 +0600] "GET /content/view/972/66/ HTTP/1.0" 200 6614 "-" "Mozilla/5.0 (compatible; YandexBot/3.0; +http://yandex.com/bots)"
178.154.163.30 - - [02/Jun/2012:14:45:13 +0600] "GET /content/view/980/66/ HTTP/1.0" 200 5685 "-" "Mozilla/5.0 (compatible; YandexBot/3.0; +http://yandex.com/bots)"
178.154.163.30 - - [02/Jun/2012:14:45:15 +0600] "GET /content/view/981/66/ HTTP/1.0" 200 5881 "-" "Mozilla/5.0 (compatible; YandexBot/3.0; +http://yandex.com/bots)"
178.154.163.30 - - [02/Jun/2012:14:45:18 +0600] "GET /content/view/977/66/ HTTP/1.0" 200 5894 "-" "Mozilla/5.0 (compatible; YandexBot/3.0; +http://yandex.com/bots)"
178.154.163.30 - - [02/Jun/2012:14:45:20 +0600] "GET /content/view/979/66/ HTTP/1.0" 200 5733 "-" "Mozilla/5.0 (compatible; YandexBot/3.0; +http://yandex.com/bots)"
178.154.163.30 - - [02/Jun/2012:14:45:24 +0600] "GET /content/view/967/66/ HTTP/1.0" 200 5761 "-" "Mozilla/5.0 (compatible; YandexBot/3.0; +http://yandex.com/bots)"
178.154.163.30 - - [02/Jun/2012:14:45:26 +0600] "GET /content/view/966/66/ HTTP/1.0" 200 5976 "-" "Mozilla/5.0 (compatible; YandexBot/3.0; +http://yandex.com/bots)"
178.154.163.30 - - [02/Jun/2012:14:45:28 +0600] "GET /content/view/960/66/ HTTP/1.0" 200 7060 "-" "Mozilla/5.0 (compatible; YandexBot/3.0; +http://yandex.com/bots)"
178.154.163.30 - - [02/Jun/2012:14:45:31 +0600] "GET /content/view/964/66/ HTTP/1.0" 200 5898 "-" "Mozilla/5.0 (compatible; YandexBot/3.0; +http://yandex.com/bots)"
178.154.163.30 - - [02/Jun/2012:14:45:33 +0600] "GET /content/view/965/66/ HTTP/1.0" 200 6006 "-" "Mozilla/5.0 (compatible; YandexBot/3.0; +http://yandex.com/bots)"
178.234.151.202 - - [02/Jun/2012:14:47:48 +0600] "GET /content/category/14/42/183 HTTP/1.0" 200 5701 "http://yandex.ru/yandsearch?text=%D0%A1%D0%B0%D0%B9%D1%82+%D1%86%D0%B5%D0%BD%D1%82%D1%80%D0%B0%D0%BB%D1%8C%D0%BD%D0%BE%D0%B9+%D0%B1%D0%B8%D0%B1%D0%BB%D0%B8%D0%BE%D1%82%D0%B5%D0%BA%D0%B8+%D0%B3.%D0%A3%D1%84%D1%8B&lr=10713" "Opera/9.80 (Windows NT 6.1; U; ru) Presto/2.10.229 Version/11.60"
178.234.151.202 - - [02/Jun/2012:14:47:54 +0600] "GET /mb38/ HTTP/1.0" 200 14902 "http://csdb.ufanet.ru/content/category/14/42/183" "Opera/9.80 (Windows NT 6.1; U; ru) Presto/2.10.229 Version/11.60"
178.234.151.202 - - [02/Jun/2012:14:47:54 +0600] "GET /images/mb/img38/free_access.swf HTTP/1.0" 200 7947129 "http://csdb.ufanet.ru/mb38/" "Opera/9.80 (Windows NT 6.1; U; ru) Presto/2.10.229 Version/11.60"
178.154.163.30 - - [02/Jun/2012:14:49:01 +0600] "GET /content/view/959/66/ HTTP/1.0" 200 6622 "-" "Mozilla/5.0 (compatible; YandexBot/3.0; +http://yandex.com/bots)"
178.154.163.30 - - [02/Jun/2012:14:49:03 +0600] "GET /content/view/957/66/ HTTP/1.0" 200 5869 "-" "Mozilla/5.0 (compatible; YandexBot/3.0; +http://yandex.com/bots)"
178.154.163.30 - - [02/Jun/2012:14:49:06 +0600] "GET /content/view/958/66/ HTTP/1.0" 200 5820 "-" "Mozilla/5.0 (compatible; YandexBot/3.0; +http://yandex.com/bots)"
178.154.163.30 - - [02/Jun/2012:14:49:09 +0600] "GET /content/view/955/66/ HTTP/1.0" 200 6104 "-" "Mozilla/5.0 (compatible; YandexBot/3.0; +http://yandex.com/bots)"
178.154.163.30 - - [02/Jun/2012:14:49:11 +0600] "GET /content/view/954/66/ HTTP/1.0" 200 5791 "-" "Mozilla/5.0 (compatible; YandexBot/3.0; +http://yandex.com/bots)"
66.249.66.77 - - [02/Jun/2012:14:49:38 +0600] "GET /content/view/1001/105/ HTTP/1.0" 200 19241 "-" "Mozilla/5.0 (compatible; Googlebot/2.1; +http://www.google.com/bot.html)"
178.234.151.202 - - [02/Jun/2012:14:50:52 +0600] "GET /content/view/310/91/ HTTP/1.0" 200 6084 "http://csdb.ufanet.ru/content/category/14/42/183" "Opera/9.80 (Windows NT 6.1; U; ru) Presto/2.10.229 Version/11.60"
66.249.66.77 - - [02/Jun/2012:14:50:54 +0600] "GET /content/view/580/86/ HTTP/1.0" 200 5089 "-" "Mozilla/5.0 (compatible; Googlebot/2.1; +http://www.google.com/bot.html)"
178.234.151.202 - - [02/Jun/2012:14:51:05 +0600] "GET /content/view/384/161/ HTTP/1.0" 200 5830 "http://csdb.ufanet.ru/content/view/310/91/" "Opera/9.80 (Windows NT 6.1; U; ru) Presto/2.10.229 Version/11.60"
178.234.151.202 - - [02/Jun/2012:14:51:32 +0600] "GET /content/view/384/161/ HTTP/1.0" 200 5830 "http://csdb.ufanet.ru/content/view/310/91/" "Opera/9.80 (Windows NT 6.1; U; ru) Presto/2.10.229 Version/11.60"
178.234.151.202 - - [02/Jun/2012:14:52:13 +0600] "GET /content/view/384/161/ HTTP/1.0" 200 5826 "http://csdb.ufanet.ru/content/view/310/91/" "Opera/9.80 (Windows NT 6.1; U; ru) Presto/2.10.229 Version/11.60"
178.234.151.202 - - [02/Jun/2012:14:52:38 +0600] "GET /content/view/384/161/ HTTP/1.0" 200 5830 "http://csdb.ufanet.ru/content/view/310/91/" "Opera/9.80 (Windows NT 6.1; U; ru) Presto/2.10.229 Version/11.60"
66.249.66.77 - - [02/Jun/2012:14:53:13 +0600] "GET /content/view/876/55/ HTTP/1.0" 200 5095 "-" "Mozilla/5.0 (compatible; Googlebot/2.1; +http://www.google.com/bot.html)"
178.234.151.202 - - [02/Jun/2012:14:53:43 +0600] "GET /content/view/397/189/ HTTP/1.0" 200 5377 "http://csdb.ufanet.ru/content/category/14/42/183" "Opera/9.80 (Windows NT 6.1; U; ru) Presto/2.10.229 Version/11.60"
66.249.66.77 - - [02/Jun/2012:14:53:53 +0600] "GET /content/view/1001/118/ HTTP/1.0" 200 19238 "-" "Mozilla/5.0 (compatible; Googlebot/2.1; +http://www.google.com/bot.html)"
66.249.66.77 - - [02/Jun/2012:14:55:43 +0600] "GET /content/view/1001/135/ HTTP/1.0" 200 19244 "-" "Mozilla/5.0 (compatible; Googlebot/2.1; +http://www.google.com/bot.html)"
66.249.66.77 - - [02/Jun/2012:14:55:52 +0600] "GET /files/ucazatel/zoshenk.pdf HTTP/1.0" 200 122107 "-" "Mozilla/5.0 (compatible; Googlebot/2.1; +http://www.google.com/bot.html)"
178.234.151.202 - - [02/Jun/2012:14:56:49 +0600] "GET /content/category/14/42/183/ HTTP/1.0" 200 5703 "http://csdb.ufanet.ru/content/category/14/42/183" "Opera/9.80 (Windows NT 6.1; U; ru) Presto/2.10.229 Version/11.60"
164.40.82.25 - - [02/Jun/2012:15:02:21 +0600] "GET /content/view/238/67/ HTTP/1.0" 200 4366 "http://go.mail.ru/search_images?q=%D0%B7%D0%B0%D0%B3%D0%B0%D0%B4%D0%BA%D0%B8+%D1%81+%D0%BF%D0%BE%D0%B4%D0%B2%D0%BE%D1%85%D0%BE%D0%BC&rch=l&jsa=1&fr=rc" "Mozilla/5.0 (Windows NT 6.1; WOW64) AppleWebKit/535.11 (KHTML, like Gecko) Chrome/17.0.963.46 Safari/535.11 MRCHROME"
213.180.206.197 - - [02/Jun/2012:15:05:46 +0600] "GET / HTTP/1.0" 200 25358 "-" "Mozilla/5.0 (compatible; YandexMetrika/2.0; +http://yandex.com/bots)"
66.249.66.77 - - [02/Jun/2012:15:09:38 +0600] "GET /content/view/757/1/ HTTP/1.0" 200 6560 "-" "Mozilla/5.0 (compatible; Googlebot/2.1; +http://www.google.com/bot.html)"
66.249.66.77 - - [02/Jun/2012:15:10:37 +0600] "GET /content/view/757/5/ HTTP/1.0" 200 6145 "-" "Mozilla/5.0 (compatible; Googlebot/2.1; +http://www.google.com/bot.html)"
66.249.66.77 - - [02/Jun/2012:15:11:16 +0600] "GET /content/view/795/160/ HTTP/1.0" 200 5085 "-" "Mozilla/5.0 (compatible; Googlebot/2.1; +http://www.google.com/bot.html)"
66.249.66.77 - - [02/Jun/2012:15:12:58 +0600] "GET /content/view/1001/152/ HTTP/1.0" 200 19246 "-" "Mozilla/5.0 (compatible; Googlebot/2.1; +http://www.google.com/bot.html)"
66.249.66.77 - - [02/Jun/2012:15:17:09 +0600] "GET /files/ucazatel/ukazatel.pdf HTTP/1.0" 200 377898 "-" "Mozilla/5.0 (compatible; Googlebot/2.1; +http://www.google.com/bot.html)"
91.77.191.191 - - [02/Jun/2012:15:20:05 +0600] "GET /files/roditeli/childrenread.pdf HTTP/1.0" 200 1037938 "http://yandex.ru/yandsearch?p=2&text=%D0%93%D1%80%D0%B8%D1%86%D0%B5%D0%BD%D0%BA%D0%BE+%D0%97.%D0%90++%D0%9C%D0%B5%D1%82%D0%BE%D0%B4%D0%B8%D0%BA%D0%B0+%D0%BF%D1%80%D0%B8%D0%BE%D0%B1%D1%89%D0%B5%D0%BD%D0%B8%D1%8F+%D0%B4%D0%B5%D1%82%D0%B5%D0%B9+%D0%BA+%D1%87%D1%82%D0%B5%D0%BD%D0%B8%D1%8E+.doc&lr=216" "Mozilla/5.0 (Windows; U; Windows NT 5.1; ru; rv:1.9.2.8) Gecko/20100722 Firefox/3.6.8 (.NET CLR 3.5.30729)"
213.87.133.253 - - [02/Jun/2012:15:20:55 +0600] "GET /files/ucazatel/ukazatel.pdf HTTP/1.0" 200 377898 "http://www.google.ru/url?sa=t&rct=j&q=%D1%81%D0%BF%D0%B8%D1%81%D0%B0%D0%BA+%D0%BB%D0%B8%D1%82%D0%B5%D1%80%D0%B0%D1%82%D1%83%D1%80%D0%B0+%D0%BE+%D0%B6%D0%B8%D0%B7%D0%BD%D0%B8+%D0%B8+%D1%82%D0%B2%D0%BE%D1%80%D1%87%D0%B5%D1%81%D1%82%D0%B2%D0%B5+%D0%A5%D0%B0%D0%B4%D0%B8%D0%B8+%D0%94%D0%B0%D0%B2%D0%BB%D0%B5%D1%82%D1%88%D0%B8%D0%BD%D0%BE%D0%B9&source=web&cd=2&ved=0CFMQFjAB&url=http%3A%2F%2Fcsdb.ufanet.ru%2Ffiles%2Fucazatel%2Fukazatel.pdf&ei=29rJT9vKF8SdOvGZhQc&usg=AFQjCNGoHja04vMIaCa1llFJNmnPq0QSsg&cad=rjt" "Mozilla/5.0 (Windows NT 6.1) AppleWebKit/535.19 (KHTML, like Gecko) Chrome/18.0.1025.164 Safari/535.19 YE"
157.55.17.103 - - [02/Jun/2012:15:23:47 +0600] "GET /content/view/283/144/ HTTP/1.0" 200 8068 "-" "Mozilla/5.0 (compatible; bingbot/2.0; +http://www.bing.com/bingbot.htm)"
217.69.134.91 - - [02/Jun/2012:15:26:48 +0600] "GET /content/view/96/66 HTTP/1.0" 200 21342 "-" "Mozilla/5.0 (compatible; Mail.RU/2.0)"
213.87.133.253 - - [02/Jun/2012:15:27:20 +0600] "GET /files/ucazatel/ukazatel.pdf HTTP/1.0" 206 1 "http://www.google.ru/url?sa=t&rct=j&q=%D1%81%D0%BF%D0%B8%D1%81%D0%BE%D0%BA+%D0%BB%D0%B8%D1%82%D0%B5%D1%80%D0%B0%D1%82%D1%83%D1%80%D0%B0+%D0%A5%D0%B0%D0%B4%D0%B8%D0%B8+%D0%94%D0%B0%D0%B2%D0%BB%D0%B5%D1%82%D1%88%D0%B8%D0%BD%D0%BE%D0%B9&source=web&cd=1&ved=0CEcQFjAA&url=http%3A%2F%2Fcsdb.ufanet.ru%2Ffiles%2Fucazatel%2Fukazatel.pdf&ei=atzJT5GdBYWcOubbwOoP&usg=AFQjCNGoHja04vMIaCa1llFJNmnPq0QSsg&cad=rjt" "Mozilla/5.0 (Windows NT 6.1) AppleWebKit/535.19 (KHTML, like Gecko) Chrome/18.0.1025.164 Safari/535.19 YE"
213.87.133.253 - - [02/Jun/2012:15:27:20 +0600] "GET /files/ucazatel/ukazatel.pdf HTTP/1.0" 206 377133 "http://www.google.ru/url?sa=t&rct=j&q=%D1%81%D0%BF%D0%B8%D1%81%D0%BE%D0%BA+%D0%BB%D0%B8%D1%82%D0%B5%D1%80%D0%B0%D1%82%D1%83%D1%80%D0%B0+%D0%A5%D0%B0%D0%B4%D0%B8%D0%B8+%D0%94%D0%B0%D0%B2%D0%BB%D0%B5%D1%82%D1%88%D0%B8%D0%BD%D0%BE%D0%B9&source=web&cd=1&ved=0CEcQFjAA&url=http%3A%2F%2Fcsdb.ufanet.ru%2Ffiles%2Fucazatel%2Fukazatel.pdf&ei=atzJT5GdBYWcOubbwOoP&usg=AFQjCNGoHja04vMIaCa1llFJNmnPq0QSsg&cad=rjt" "Mozilla/5.0 (Windows NT 6.1) AppleWebKit/535.19 (KHTML, like Gecko) Chrome/18.0.1025.164 Safari/535.19 YE"
213.87.133.253 - - [02/Jun/2012:15:27:29 +0600] "GET /content/view/52/47/ HTTP/1.0" 200 6546 "http://www.google.ru/url?sa=t&rct=j&q=%D1%81%D0%BF%D0%B8%D1%81%D0%BE%D0%BA+%D0%BB%D0%B8%D1%82%D0%B5%D1%80%D0%B0%D1%82%D1%83%D1%80%D0%B0+%D0%A5%D0%B0%D0%B4%D0%B8%D0%B8+%D0%94%D0%B0%D0%B2%D0%BB%D0%B5%D1%82%D1%88%D0%B8%D0%BD%D0%BE%D0%B9&source=web&cd=2&ved=0CEkQFjAB&url=http%3A%2F%2Fcsdb.ufanet.ru%2Fcontent%2Fview%2F52%2F47%2F&ei=atzJT5GdBYWcOubbwOoP&usg=AFQjCNFiTpXYqRRdgtIRgwxOzd4EZ-bo0g&cad=rjt" "Mozilla/5.0 (Windows NT 6.1) AppleWebKit/535.19 (KHTML, like Gecko) Chrome/18.0.1025.164 Safari/535.19 YE"
217.69.134.91 - - [02/Jun/2012:15:31:41 +0600] "GET /content/view/377/66 HTTP/1.0" 200 22679 "-" "Mozilla/5.0 (compatible; Mail.RU/2.0)"
178.154.163.30 - - [02/Jun/2012:15:32:09 +0600] "GET / HTTP/1.0" 200 6918 "-" "Mozilla/5.0 (compatible; YandexDirect/3.0; +http://yandex.com/bots)"
66.249.66.77 - - [02/Jun/2012:15:33:41 +0600] "GET /content/view/761/5/ HTTP/1.0" 200 6103 "-" "Mozilla/5.0 (compatible; Googlebot/2.1; +http://www.google.com/bot.html)"
66.249.66.77 - - [02/Jun/2012:15:35:01 +0600] "GET /content/view/743/5/ HTTP/1.0" 200 5887 "-" "Mozilla/5.0 (compatible; Googlebot/2.1; +http://www.google.com/bot.html)"
66.249.66.77 - - [02/Jun/2012:15:41:42 +0600] "GET /content/view/483/66/ HTTP/1.0" 200 7095 "-" "Mozilla/5.0 (compatible; Googlebot/2.1; +http://www.google.com/bot.html)"
213.180.206.197 - - [02/Jun/2012:15:41:42 +0600] "GET / HTTP/1.0" 200 25323 "-" "Mozilla/5.0 (compatible; YandexMetrika/2.0; +http://yandex.com/bots)"
66.249.66.77 - - [02/Jun/2012:15:42:42 +0600] "GET /content/view/709/1/ HTTP/1.0" 200 6313 "-" "Mozilla/5.0 (compatible; Googlebot/2.1; +http://www.google.com/bot.html)"
66.249.72.137 - - [02/Jun/2012:15:43:02 +0600] "GET /content/view/274/5/ HTTP/1.0" 200 5590 "-" "Mozilla/5.0 (compatible; Googlebot/2.1; +http://www.google.com/bot.html)"
66.249.66.77 - - [02/Jun/2012:15:46:24 +0600] "GET /content/view/1001/86/ HTTP/1.0" 200 19255 "-" "Mozilla/5.0 (compatible; Googlebot/2.1; +http://www.google.com/bot.html)"
217.69.134.91 - - [02/Jun/2012:15:47:04 +0600] "GET /content/view/470 HTTP/1.0" 200 15223 "-" "Mozilla/5.0 (compatible; Mail.RU/2.0)"
68.233.226.103 - - [02/Jun/2012:15:54:08 +0600] "GET /content/view/793/120/index.php?option=com_search&Itemid=5 HTTP/1.0" 200 15658 "-" "Mozilla/5.0 (Windows NT 5.1) AppleWebKit/535.2 (KHTML, like Gecko) Chrome/15.0.872.0 Safari/535.2"
66.249.66.77 - - [02/Jun/2012:15:56:25 +0600] "GET /content/view/718/66/ HTTP/1.0" 200 5830 "-" "Mozilla/5.0 (compatible; Googlebot/2.1; +http://www.google.com/bot.html)"
173.45.65.157 - - [02/Jun/2012:15:56:55 +0600] "GET / HTTP/1.0" 200 25323 "-" "Mozilla/5.0 (compatible; MSIE 8.0; Windows NT 5.1) KomodiaBot/1.0"
94.41.207.211 - - [02/Jun/2012:15:57:10 +0600] "GET /content/view/204/47/ HTTP/1.0" 200 10175 "http://www.google.ru/url?sa=t&rct=j&q=%D0%B4%D0%B5%D1%82%D1%81%D0%BA%D0%B0%D1%8F%20%D0%B1%D0%B8%D0%B1%D0%BB%D0%B8%D0%BE%D1%82%D0%B5%D0%BA%D0%B0%20%D1%83%D1%84%D0%B0%20%D0%B8%D0%BC&source=web&cd=2&sqi=2&ved=0CFwQFjAB&url=http%3A%2F%2Fcsdb.ufanet.ru%2Fcontent%2Fview%2F204%2F47%2F&ei=bePJT4XkMsSN4gSEwZgS&usg=AFQjCNHq-a7xRJ0ytVIeOUW6Qa9yO1lXKg&cad=rjt" "Mozilla/5.0 (iPad; CPU OS 5_1_1 like Mac OS X) AppleWebKit/534.46 (KHTML, like Gecko) Version/5.1 Mobile/9B206 Safari/7534.48.3"
94.41.207.211 - - [02/Jun/2012:15:57:41 +0600] "GET / HTTP/1.0" 200 6943 "http://www.google.ru/url?sa=t&rct=j&q=%D0%B1%D0%B8%D0%B1%D0%BB%D0%B8%D0%BE%D1%82%D0%B5%D0%BA%D0%B0%20%D1%83%D1%84%D0%B0&source=web&cd=3&ved=0CGEQFjAC&url=http%3A%2F%2Fcsdb.ufanet.ru%2F&ei=kOPJT63FC8zY4QTg8t0q&usg=AFQjCNGr3-VhEuv4mWftvIFQmFcbxmmeUQ&cad=rjt" "Mozilla/5.0 (iPad; CPU OS 5_1_1 like Mac OS X) AppleWebKit/534.46 (KHTML, like Gecko) Version/5.1 Mobile/9B206 Safari/7534.48.3"
95.71.244.212 - - [02/Jun/2012:15:58:18 +0600] "GET /images/mb/img38/child.swf HTTP/1.0" 200 4272412 "http://csdb.ufanet.ru/mb38/5.html" "Opera/9.80 (Windows NT 5.1; U; ru) Presto/2.10.229 Version/11.64"
66.249.66.77 - - [02/Jun/2012:15:59:05 +0600] "GET /content/view/354/139/ HTTP/1.0" 200 6067 "-" "Mozilla/5.0 (compatible; Googlebot/2.1; +http://www.google.com/bot.html)"
66.249.66.77 - - [02/Jun/2012:16:00:25 +0600] "GET /content/view/311/93/ HTTP/1.0" 200 4750 "-" "Mozilla/5.0 (compatible; Googlebot/2.1; +http://www.google.com/bot.html)"
217.69.134.91 - - [02/Jun/2012:16:00:38 +0600] "GET /content/view/470/67 HTTP/1.0" 200 9418 "-" "Mozilla/5.0 (compatible; Mail.RU/2.0)"
217.69.134.91 - - [02/Jun/2012:16:00:51 +0600] "GET /content/view/740/210 HTTP/1.0" 200 14359 "-" "Mozilla/5.0 (compatible; Mail.RU/2.0)"
217.69.134.91 - - [02/Jun/2012:16:00:59 +0600] "GET /content/category/11/54/245 HTTP/1.0" 200 17115 "-" "Mozilla/5.0 (compatible; Mail.RU/2.0)"
217.69.134.91 - - [02/Jun/2012:16:01:03 +0600] "GET /content/view/796/66 HTTP/1.0" 200 20950 "-" "Mozilla/5.0 (compatible; Mail.RU/2.0)"
94.41.207.211 - - [02/Jun/2012:16:02:08 +0600] "GET / HTTP/1.0" 200 6945 "-" "Mozilla/5.0 (iPad; CPU OS 5_1_1 like Mac OS X) AppleWebKit/534.46 (KHTML, like Gecko) Version/5.1 Mobile/9B206 Safari/7534.48.3"
94.41.207.211 - - [02/Jun/2012:16:02:09 +0600] "GET /content/view/204/47/ HTTP/1.0" 200 10171 "-" "Mozilla/5.0 (iPad; CPU OS 5_1_1 like Mac OS X) AppleWebKit/534.46 (KHTML, like Gecko) Version/5.1 Mobile/9B206 Safari/7534.48.3"
83.169.60.25 - - [02/Jun/2012:16:07:24 +0600] "GET / HTTP/1.0" 200 25363 "-" "Mozilla/5.0 (Windows; U; Windows NT 6.0; de; rv:1.9.0.6) Gecko/2009011913 Firefox/3.0.6"
83.169.60.25 - - [02/Jun/2012:16:07:25 +0600] "GET /20e6a4bb032fcfae5d.php HTTP/1.0" 404 299 "-" "Mozilla/5.0 (Windows; U; Windows NT 6.0; de; rv:1.9.0.6) Gecko/2009011913 Firefox/3.0.6"
66.249.66.77 - - [02/Jun/2012:16:07:27 +0600] "GET /content/view/295/66/ HTTP/1.0" 200 6707 "-" "Mozilla/5.0 (compatible; Googlebot/2.1; +http://www.google.com/bot.html)"
178.154.163.30 - - [02/Jun/2012:16:07:50 +0600] "GET /files/ucazatel/zoshenk.pdf HTTP/1.0" 200 122107 "-" "Mozilla/5.0 (compatible; YandexDirect/3.0; +http://yandex.com/bots)"
66.249.66.77 - - [02/Jun/2012:16:11:48 +0600] "GET /content/view/372/5/ HTTP/1.0" 200 5855 "-" "Mozilla/5.0 (compatible; Googlebot/2.1; +http://www.google.com/bot.html)"
109.207.13.67 - - [02/Jun/2012:16:14:27 +0600] "GET /content/view/433/217/ HTTP/1.0" 200 5743 "-" "Mozilla/5.0 (X11; U; Linux x86_64; en-US) AppleWebKit/533.3 (KHTML, like Gecko) Qt/4.7.1 Safari/533.3"
213.180.206.197 - - [02/Jun/2012:16:15:28 +0600] "GET / HTTP/1.0" 200 25363 "-" "Mozilla/5.0 (compatible; YandexMetrika/2.0; +http://yandex.com/bots)"
31.180.222.142 - - [02/Jun/2012:16:15:51 +0600] "GET /content/blogcategory/49/234/ HTTP/1.0" 200 6074 "http://yandex.ru/yandsearch?text=%D0%BB%D0%B5%D1%82%D0%BE+%D0%B8+%D0%BA%D0%BD%D0%B8%D0%B3%D0%B0&clid=37000&lr=36" "Mozilla/5.0 (Windows NT 6.1; rv:9.0.1) Gecko/20100101 Firefox/9.0.1"
31.180.222.142 - - [02/Jun/2012:16:16:35 +0600] "GET /content/view/559/234/ HTTP/1.0" 200 6044 "http://yandex.ru/yandsearch?text=%D0%BB%D0%B5%D1%82%D0%BE+%D0%B8+%D0%BA%D0%BD%D0%B8%D0%B3%D0%B0&clid=37000&lr=36" "Mozilla/5.0 (Windows NT 6.1; rv:9.0.1) Gecko/20100101 Firefox/9.0.1"
178.154.163.30 - - [02/Jun/2012:16:18:52 +0600] "GET /content/view/337/47 HTTP/1.0" 200 6903 "-" "Mozilla/5.0 (compatible; YandexBot/3.0; +http://yandex.com/bots)"
66.249.72.137 - - [02/Jun/2012:16:20:50 +0600] "GET /content/view/237/5/ HTTP/1.0" 200 5721 "-" "Mozilla/5.0 (compatible; Googlebot/2.1; +http://www.google.com/bot.html)"
94.179.75.41 - - [02/Jun/2012:16:23:16 +0600] "GET /content/view/128/47/ HTTP/1.0" 200 12434 "http://www.google.com.ua/cse?engine=0&q=%D0%B1%D0%B8%D0%B1%D0%BB%D0%B8%D0%BE%D1%82%D0%B5%D1%87%D0%BD%D1%8B%D0%B5+%D0%BC%D1%83%D0%B7%D0%B5%D0%B8+%D0%B8+%D0%B8%D1%85+%D0%BE%D1%80%D0%B3%D0%B0%D0%BD%D0%B8%D0%B7%D0%B0%D1%86%D0%B8%D1%8F&cx=partner-pub-7302036088769417%3Ah6gebird1fi&cof=FORID%3A10&ad=n9&num=10&rurl=http%3A%2F%2Fsearch.ukr.net%2Fgoogle%2Fsearch.php%3Fengine%3D0%26q%3D%25D0%25B1%25D0%25B8%25D0%25B1%25D0%25BB%25D0%25B8%25D0%25BE%25D1%2582%25D0%25B5%25D1%2587%25D0%25BD%25D1%258B%25D0%25B5%2B%25D0%25BC%25D1%2583%25D0%25B7%25D0%25B5%25D0%25B8%2B%25D0%25B8%2B%25D0%25B8%25D1%2585%2B%25D0%25BE%25D1%2580%25D0%25B3%25D0%25B0%25D0%25BD%25D0%25B8%25D0%25B7%25D0%25B0%25D1%2586%25D0%25B8%25D1%258F%26cx%3Dpartner-pub-7302036088769417%253Ah6gebird1fi%26cof%3DFORID%253A10&siteurl=http%3A%2F%2Fwww.ukr.net%2F" "Opera/9.80 (Windows NT 5.1; U; ru) Presto/2.10.229 Version/11.64"
178.154.163.30 - - [02/Jun/2012:16:23:57 +0600] "GET /content/category/8/23/55/ HTTP/1.0" 200 5273 "-" "Mozilla/5.0 (compatible; YandexBot/3.0; +http://yandex.com/bots)"
178.154.163.30 - - [02/Jun/2012:16:23:59 +0600] "GET /content/view/794/55/ HTTP/1.0" 200 5654 "-" "Mozilla/5.0 (compatible; YandexBot/3.0; +http://yandex.com/bots)"
178.154.163.30 - - [02/Jun/2012:16:24:02 +0600] "GET /content/view/337/47/ HTTP/1.0" 200 6903 "-" "Mozilla/5.0 (compatible; YandexBot/3.0; +http://yandex.com/bots)"
178.154.163.30 - - [02/Jun/2012:16:24:04 +0600] "GET /content/view/794/52/ HTTP/1.0" 200 5645 "-" "Mozilla/5.0 (compatible; YandexBot/3.0; +http://yandex.com/bots)"
178.154.163.30 - - [02/Jun/2012:16:24:07 +0600] "GET /content/category/8/25/55/ HTTP/1.0" 200 5275 "-" "Mozilla/5.0 (compatible; YandexBot/3.0; +http://yandex.com/bots)"
178.154.163.30 - - [02/Jun/2012:16:24:12 +0600] "GET /content/view/811/105/ HTTP/1.0" 200 5060 "-" "Mozilla/5.0 (compatible; YandexBot/3.0; +http://yandex.com/bots)"
178.154.163.30 - - [02/Jun/2012:16:24:15 +0600] "GET /content/view/989/130/ HTTP/1.0" 200 5538 "-" "Mozilla/5.0 (compatible; YandexBot/3.0; +http://yandex.com/bots)"
178.154.163.30 - - [02/Jun/2012:16:24:18 +0600] "GET /content/view/195/75/ HTTP/1.0" 200 4232 "-" "Mozilla/5.0 (compatible; YandexBot/3.0; +http://yandex.com/bots)"
178.154.163.30 - - [02/Jun/2012:16:24:21 +0600] "GET /content/view/989/145/ HTTP/1.0" 200 5540 "-" "Mozilla/5.0 (compatible; YandexBot/3.0; +http://yandex.com/bots)"
178.154.163.30 - - [02/Jun/2012:16:24:26 +0600] "GET /content/view/276/ HTTP/1.0" 200 30057 "-" "Mozilla/5.0 (compatible; YandexBot/3.0; +http://yandex.com/bots)"
178.154.163.30 - - [02/Jun/2012:16:24:30 +0600] "GET /content/view/811/156/ HTTP/1.0" 200 5064 "-" "Mozilla/5.0 (compatible; YandexBot/3.0; +http://yandex.com/bots)"
178.154.163.30 - - [02/Jun/2012:16:24:34 +0600] "GET /content/view/795/113/ HTTP/1.0" 200 5058 "-" "Mozilla/5.0 (compatible; YandexBot/3.0; +http://yandex.com/bots)"
178.154.163.30 - - [02/Jun/2012:16:24:36 +0600] "GET /content/view/320/99 HTTP/1.0" 200 6110 "-" "Mozilla/5.0 (compatible; YandexBot/3.0; +http://yandex.com/bots)"
178.154.163.30 - - [02/Jun/2012:16:24:38 +0600] "GET /content/view/340/83/ HTTP/1.0" 200 3636 "-" "Mozilla/5.0 (compatible; YandexBot/3.0; +http://yandex.com/bots)"
178.154.163.30 - - [02/Jun/2012:16:24:41 +0600] "GET /files/scen_prazd/dorogavkosmos.pdf HTTP/1.0" 304 - "-" "Mozilla/5.0 (compatible; YandexBot/3.0; +http://yandex.com/bots)"
178.154.163.30 - - [02/Jun/2012:16:24:47 +0600] "GET /content/view/57/53/ HTTP/1.0" 200 21297 "-" "Mozilla/5.0 (compatible; YandexBot/3.0; +http://yandex.com/bots)"
178.154.163.30 - - [02/Jun/2012:16:24:52 +0600] "GET /content/view/402/196/ HTTP/1.0" 200 4851 "-" "Mozilla/5.0 (compatible; YandexBot/3.0; +http://yandex.com/bots)"
178.154.163.30 - - [02/Jun/2012:16:24:54 +0600] "GET /files/articles/%D0%90%D0%BD%D0%B0%D0%BB%D0%B8%D0%B7%20%D1%80%D0%B0%D0%B1%D0%BE%D1%82%D1%8B%20%D0%B7%D0%B0%202010%20%D0%B3.pdf HTTP/1.0" 304 - "-" "Mozilla/5.0 (compatible; YandexBot/3.0; +http://yandex.com/bots)"
178.154.163.30 - - [02/Jun/2012:16:24:57 +0600] "GET /content/view/989/147/ HTTP/1.0" 200 5543 "-" "Mozilla/5.0 (compatible; YandexBot/3.0; +http://yandex.com/bots)"
178.154.163.30 - - [02/Jun/2012:16:24:59 +0600] "GET /content/view/295/66 HTTP/1.0" 200 6716 "-" "Mozilla/5.0 (compatible; YandexBot/3.0; +http://yandex.com/bots)"
178.154.163.30 - - [02/Jun/2012:16:25:01 +0600] "GET /content/view/989/144/ HTTP/1.0" 200 5532 "-" "Mozilla/5.0 (compatible; YandexBot/3.0; +http://yandex.com/bots)"
178.154.163.30 - - [02/Jun/2012:16:25:04 +0600] "GET /content/view/989/255/ HTTP/1.0" 200 5552 "-" "Mozilla/5.0 (compatible; YandexBot/3.0; +http://yandex.com/bots)"
178.154.163.30 - - [02/Jun/2012:16:25:07 +0600] "GET /content/view/410/194/ HTTP/1.0" 200 5080 "-" "Mozilla/5.0 (compatible; YandexBot/3.0; +http://yandex.com/bots)"
66.249.66.77 - - [02/Jun/2012:16:25:11 +0600] "GET /content/view/240/5/ HTTP/1.0" 200 5760 "-" "Mozilla/5.0 (compatible; Googlebot/2.1; +http://www.google.com/bot.html)"
178.154.163.30 - - [02/Jun/2012:16:25:13 +0600] "GET /content/view/723/194/ HTTP/1.0" 200 5078 "-" "Mozilla/5.0 (compatible; YandexBot/3.0; +http://yandex.com/bots)"
178.154.163.30 - - [02/Jun/2012:16:25:15 +0600] "GET /content/view/989/112/ HTTP/1.0" 200 5542 "-" "Mozilla/5.0 (compatible; YandexBot/3.0; +http://yandex.com/bots)"
178.154.163.30 - - [02/Jun/2012:16:25:20 +0600] "GET /content/view/751/1 HTTP/1.0" 200 5495 "-" "Mozilla/5.0 (compatible; YandexBot/3.0; +http://yandex.com/bots)"
178.154.163.30 - - [02/Jun/2012:16:25:23 +0600] "GET /content/view/456/105/ HTTP/1.0" 200 5059 "-" "Mozilla/5.0 (compatible; YandexBot/3.0; +http://yandex.com/bots)"
178.154.163.30 - - [02/Jun/2012:16:25:26 +0600] "GET /content/category/8/25/55 HTTP/1.0" 200 5278 "-" "Mozilla/5.0 (compatible; YandexBot/3.0; +http://yandex.com/bots)"
178.154.163.30 - - [02/Jun/2012:16:25:28 +0600] "GET /content/view/693/149/ HTTP/1.0" 200 5062 "-" "Mozilla/5.0 (compatible; YandexBot/3.0; +http://yandex.com/bots)"
178.154.163.30 - - [02/Jun/2012:16:25:30 +0600] "GET /files/articles/SemiaIBibliotecaGraniSotrudnichestva.pdf HTTP/1.0" 304 - "-" "Mozilla/5.0 (compatible; YandexBot/3.0; +http://yandex.com/bots)"
178.154.163.30 - - [02/Jun/2012:16:25:33 +0600] "GET /index2.php?option=com_content&task=view&id=298&pop=1&page=216&Itemid=66 HTTP/1.0" 200 1622 "-" "Mozilla/5.0 (compatible; YandexBot/3.0; +http://yandex.com/bots)"
178.154.163.30 - - [02/Jun/2012:16:25:35 +0600] "GET /content/view/565/66 HTTP/1.0" 200 5825 "-" "Mozilla/5.0 (compatible; YandexBot/3.0; +http://yandex.com/bots)"
178.154.163.30 - - [02/Jun/2012:16:25:37 +0600] "GET /content/view/989/156/ HTTP/1.0" 200 5540 "-" "Mozilla/5.0 (compatible; YandexBot/3.0; +http://yandex.com/bots)"
178.154.163.30 - - [02/Jun/2012:16:25:40 +0600] "GET /content/view/720/66 HTTP/1.0" 200 5839 "-" "Mozilla/5.0 (compatible; YandexBot/3.0; +http://yandex.com/bots)"
178.154.163.30 - - [02/Jun/2012:16:25:42 +0600] "GET /content/view/951/223/ HTTP/1.0" 200 5393 "-" "Mozilla/5.0 (compatible; YandexBot/3.0; +http://yandex.com/bots)"
178.154.163.30 - - [02/Jun/2012:16:25:45 +0600] "GET /goroddetstva/7/5/22/22/SemCHydesSveta.ppt HTTP/1.0" 304 - "-" "Mozilla/5.0 (compatible; YandexBot/3.0; +http://yandex.com/bots)"
178.154.163.30 - - [02/Jun/2012:16:25:48 +0600] "GET /content/view/989/155/ HTTP/1.0" 200 5544 "-" "Mozilla/5.0 (compatible; YandexBot/3.0; +http://yandex.com/bots)"
178.154.163.30 - - [02/Jun/2012:16:25:51 +0600] "GET /content/view/989/113/ HTTP/1.0" 200 5535 "-" "Mozilla/5.0 (compatible; YandexBot/3.0; +http://yandex.com/bots)"
178.154.163.30 - - [02/Jun/2012:16:25:54 +0600] "GET /content/view/438/66 HTTP/1.0" 200 6199 "-" "Mozilla/5.0 (compatible; YandexBot/3.0; +http://yandex.com/bots)"
