95.105.18.248 - - [04/Jun/2012:21:16:56 +0600] "GET /images/mb/img38/free_access.swf HTTP/1.0" 206 1 "http://csdb.ufanet.ru/mb38/" "Mozilla/5.0 (Windows NT 6.1) AppleWebKit/536.5 (KHTML, like Gecko) Chrome/19.0.1084.52 Safari/536.5"
95.105.18.248 - - [04/Jun/2012:21:16:57 +0600] "GET /images/mb/img38/free_access.swf HTTP/1.0" 206 4335452 "http://csdb.ufanet.ru/mb38/" "Mozilla/5.0 (Windows NT 6.1) AppleWebKit/536.5 (KHTML, like Gecko) Chrome/19.0.1084.52 Safari/536.5"
91.201.64.24 - - [04/Jun/2012:21:17:20 +0600] "GET /content/view/893/66/content/view/976/1/ HTTP/1.0" 200 6302 "-" "Mozilla/5.0 (X11; U; Linux i686; pl; rv:1.8.0.7) Gecko/20060914 Firefox/1.5.0.7 (Swiftfox)"
95.105.18.248 - - [04/Jun/2012:21:17:24 +0600] "GET /images/mb/img38/free_access.swf HTTP/1.0" 206 1 "http://csdb.ufanet.ru/mb38/" "Mozilla/5.0 (Windows NT 6.1) AppleWebKit/536.5 (KHTML, like Gecko) Chrome/19.0.1084.52 Safari/536.5"
95.105.18.248 - - [04/Jun/2012:21:17:24 +0600] "GET /images/mb/img38/free_access.swf HTTP/1.0" 206 3613102 "http://csdb.ufanet.ru/mb38/" "Mozilla/5.0 (Windows NT 6.1) AppleWebKit/536.5 (KHTML, like Gecko) Chrome/19.0.1084.52 Safari/536.5"
95.105.18.248 - - [04/Jun/2012:21:17:26 +0600] "GET /content/blogcategory/1/66/ HTTP/1.0" 200 7732 "http://csdb.ufanet.ru/" "Mozilla/5.0 (Windows NT 6.1) AppleWebKit/536.5 (KHTML, like Gecko) Chrome/19.0.1084.52 Safari/536.5"
95.105.18.248 - - [04/Jun/2012:21:17:30 +0600] "GET /content/view/397/189/ HTTP/1.0" 200 5411 "http://csdb.ufanet.ru/content/blogcategory/1/66/" "Mozilla/5.0 (Windows NT 6.1) AppleWebKit/536.5 (KHTML, like Gecko) Chrome/19.0.1084.52 Safari/536.5"
95.105.18.248 - - [04/Jun/2012:21:17:33 +0600] "GET /mambots/content/jw_allvideos/players/mediaplayer_4.0.46.swf HTTP/1.0" 200 38096 "http://csdb.ufanet.ru/content/view/397/189/" "Mozilla/5.0 (Windows NT 6.1) AppleWebKit/536.5 (KHTML, like Gecko) Chrome/19.0.1084.52 Safari/536.5"
95.105.18.248 - - [04/Jun/2012:21:17:34 +0600] "GET /images/stories/videos/main1.flv HTTP/1.0" 200 5858127 "http://csdb.ufanet.ru/mambots/content/jw_allvideos/players/mediaplayer_4.0.46.swf" "Mozilla/5.0 (Windows NT 6.1) AppleWebKit/536.5 (KHTML, like Gecko) Chrome/19.0.1084.52 Safari/536.5"
95.105.18.248 - - [04/Jun/2012:21:17:36 +0600] "GET /content/blogcategory/46/222/ HTTP/1.0" 200 6307 "http://csdb.ufanet.ru/content/view/397/189/" "Mozilla/5.0 (Windows NT 6.1) AppleWebKit/536.5 (KHTML, like Gecko) Chrome/19.0.1084.52 Safari/536.5"
95.105.18.248 - - [04/Jun/2012:21:17:58 +0600] "GET /content/view/1003/222/ HTTP/1.0" 200 6049 "http://csdb.ufanet.ru/content/blogcategory/46/222/" "Mozilla/5.0 (Windows NT 6.1) AppleWebKit/536.5 (KHTML, like Gecko) Chrome/19.0.1084.52 Safari/536.5"
95.105.18.248 - - [04/Jun/2012:21:18:23 +0600] "GET /content/blogcategory/46/222/ HTTP/1.0" 200 6307 "http://csdb.ufanet.ru/content/view/397/189/" "Mozilla/5.0 (Windows NT 6.1) AppleWebKit/536.5 (KHTML, like Gecko) Chrome/19.0.1084.52 Safari/536.5"
66.249.71.59 - - [04/Jun/2012:21:21:09 +0600] "GET /content/view/852/222/ HTTP/1.0" 200 5167 "-" "Mozilla/5.0 (compatible; Googlebot/2.1; +http://www.google.com/bot.html)"
95.105.18.248 - - [04/Jun/2012:21:22:34 +0600] "GET /content/view/397/189/ HTTP/1.0" 200 5411 "http://csdb.ufanet.ru/content/blogcategory/1/66/" "Mozilla/5.0 (Windows NT 6.1) AppleWebKit/536.5 (KHTML, like Gecko) Chrome/19.0.1084.52 Safari/536.5"
95.105.18.248 - - [04/Jun/2012:21:22:36 +0600] "GET /images/stories/videos/main1.flv HTTP/1.0" 206 1 "http://csdb.ufanet.ru/mambots/content/jw_allvideos/players/mediaplayer_4.0.46.swf" "Mozilla/5.0 (Windows NT 6.1) AppleWebKit/536.5 (KHTML, like Gecko) Chrome/19.0.1084.52 Safari/536.5"
95.105.18.248 - - [04/Jun/2012:21:22:36 +0600] "GET /images/stories/videos/main1.flv HTTP/1.0" 206 2892572 "http://csdb.ufanet.ru/mambots/content/jw_allvideos/players/mediaplayer_4.0.46.swf" "Mozilla/5.0 (Windows NT 6.1) AppleWebKit/536.5 (KHTML, like Gecko) Chrome/19.0.1084.52 Safari/536.5"
95.105.18.248 - - [04/Jun/2012:21:22:45 +0600] "GET /content/blogcategory/1/66/ HTTP/1.0" 200 7733 "http://csdb.ufanet.ru/" "Mozilla/5.0 (Windows NT 6.1) AppleWebKit/536.5 (KHTML, like Gecko) Chrome/19.0.1084.52 Safari/536.5"
95.105.18.248 - - [04/Jun/2012:21:22:50 +0600] "GET /content/view/310/91/ HTTP/1.0" 200 6110 "http://csdb.ufanet.ru/content/blogcategory/1/66/" "Mozilla/5.0 (Windows NT 6.1) AppleWebKit/536.5 (KHTML, like Gecko) Chrome/19.0.1084.52 Safari/536.5"
95.105.18.248 - - [04/Jun/2012:21:22:55 +0600] "GET /content/blogcategory/45/210/ HTTP/1.0" 200 5122 "http://csdb.ufanet.ru/content/view/310/91/" "Mozilla/5.0 (Windows NT 6.1) AppleWebKit/536.5 (KHTML, like Gecko) Chrome/19.0.1084.52 Safari/536.5"
95.105.18.248 - - [04/Jun/2012:21:23:09 +0600] "GET /content/view/310/91/ HTTP/1.0" 200 6108 "http://csdb.ufanet.ru/content/blogcategory/1/66/" "Mozilla/5.0 (Windows NT 6.1) AppleWebKit/536.5 (KHTML, like Gecko) Chrome/19.0.1084.52 Safari/536.5"
95.105.18.248 - - [04/Jun/2012:21:23:12 +0600] "GET /content/blogcategory/1/66/ HTTP/1.0" 200 7734 "http://csdb.ufanet.ru/" "Mozilla/5.0 (Windows NT 6.1) AppleWebKit/536.5 (KHTML, like Gecko) Chrome/19.0.1084.52 Safari/536.5"
95.105.18.248 - - [04/Jun/2012:21:23:18 +0600] "GET /content/view/397/189/ HTTP/1.0" 200 5411 "http://csdb.ufanet.ru/content/blogcategory/1/66/" "Mozilla/5.0 (Windows NT 6.1) AppleWebKit/536.5 (KHTML, like Gecko) Chrome/19.0.1084.52 Safari/536.5"
95.105.18.248 - - [04/Jun/2012:21:23:22 +0600] "GET /content/blogcategory/46/222/ HTTP/1.0" 200 6307 "http://csdb.ufanet.ru/content/view/397/189/" "Mozilla/5.0 (Windows NT 6.1) AppleWebKit/536.5 (KHTML, like Gecko) Chrome/19.0.1084.52 Safari/536.5"
95.105.18.248 - - [04/Jun/2012:21:23:31 +0600] "GET /content/view/1003/222/ HTTP/1.0" 200 6049 "http://csdb.ufanet.ru/content/blogcategory/46/222/" "Mozilla/5.0 (Windows NT 6.1) AppleWebKit/536.5 (KHTML, like Gecko) Chrome/19.0.1084.52 Safari/536.5"
95.105.18.248 - - [04/Jun/2012:21:24:02 +0600] "GET /content/blogcategory/46/222/ HTTP/1.0" 200 6307 "http://csdb.ufanet.ru/content/view/397/189/" "Mozilla/5.0 (Windows NT 6.1) AppleWebKit/536.5 (KHTML, like Gecko) Chrome/19.0.1084.52 Safari/536.5"
213.180.206.197 - - [04/Jun/2012:21:26:47 +0600] "GET / HTTP/1.0" 200 24021 "-" "Mozilla/5.0 (compatible; YandexMetrika/2.0; +http://yandex.com/bots)"
68.233.226.103 - - [04/Jun/2012:21:26:54 +0600] "GET /content/view/1001/137/ HTTP/1.0" 200 335899 "-" "Mozilla/5.0 (Windows NT 5.1) AppleWebKit/535.2 (KHTML, like Gecko) Chrome/15.0.872.0 Safari/535.2"
91.201.64.24 - - [04/Jun/2012:21:31:20 +0600] "GET /content/view/893/66/content/view/811/1/ HTTP/1.0" 200 6300 "-" "Mozilla/5.0 (X11; U; Linux i686; pl; rv:1.8.0.7) Gecko/20060914 Firefox/1.5.0.7 (Swiftfox)"
66.249.66.77 - - [04/Jun/2012:21:33:05 +0600] "GET /content/view/657/113/ HTTP/1.0" 200 5090 "-" "Mozilla/5.0 (compatible; Googlebot/2.1; +http://www.google.com/bot.html)"
217.13.218.221 - - [04/Jun/2012:21:34:50 +0600] "GET /content/view/1001/1/ HTTP/1.0" 200 19712 "http://yandex.ru/yandsearch?text=%D0%B4%D0%B5%D1%82%D1%81%D0%BA%D0%B8%D0%B5+%D0%B1%D0%B8%D0%B1%D0%BB%D0%B8%D0%BE%D1%82%D0%B5%D0%BA%D0%B8&clid=46510&lr=11057" "Mozilla/5.0 (Windows NT 6.1; WOW64; rv:10.0.2) Gecko/20100101 Firefox/10.0.2"
217.13.218.221 - - [04/Jun/2012:21:35:15 +0600] "GET /content/category/5/18/47/ HTTP/1.0" 200 5519 "http://csdb.ufanet.ru/content/view/1001/1/" "Mozilla/5.0 (Windows NT 6.1; WOW64; rv:10.0.2) Gecko/20100101 Firefox/10.0.2"
217.13.218.221 - - [04/Jun/2012:21:35:21 +0600] "GET /content/view/53/47/ HTTP/1.0" 200 7365 "http://csdb.ufanet.ru/content/category/5/18/47/" "Mozilla/5.0 (Windows NT 6.1; WOW64; rv:10.0.2) Gecko/20100101 Firefox/10.0.2"
217.13.218.221 - - [04/Jun/2012:21:35:39 +0600] "GET /files/scen_prazd/Raznocvet.doc HTTP/1.0" 200 40448 "http://csdb.ufanet.ru/content/view/53/47/" "Mozilla/5.0 (Windows NT 6.1; WOW64; rv:10.0.2) Gecko/20100101 Firefox/10.0.2"
217.13.218.221 - - [04/Jun/2012:21:35:53 +0600] "GET /files/scen_prazd/PutVZOG.doc HTTP/1.0" 200 49664 "http://csdb.ufanet.ru/content/view/53/47/" "Mozilla/5.0 (Windows NT 6.1; WOW64; rv:10.0.2) Gecko/20100101 Firefox/10.0.2"
68.233.226.103 - - [04/Jun/2012:21:35:56 +0600] "GET /content/view/793/150/content/view/794/1/ HTTP/1.0" 200 13043 "-" "Mozilla/5.0 (Windows NT 5.1) AppleWebKit/535.2 (KHTML, like Gecko) Chrome/15.0.872.0 Safari/535.2"
68.233.226.103 - - [04/Jun/2012:21:36:42 +0600] "GET /content/view/793/150/content/view/795/1/ HTTP/1.0" 200 13043 "-" "Mozilla/5.0 (Windows NT 5.1) AppleWebKit/535.2 (KHTML, like Gecko) Chrome/15.0.872.0 Safari/535.2"
66.249.71.59 - - [04/Jun/2012:21:39:06 +0600] "GET /content/view/463/66/ HTTP/1.0" 200 6296 "-" "Mozilla/5.0 (compatible; Googlebot/2.1; +http://www.google.com/bot.html)"
66.249.66.77 - - [04/Jun/2012:21:40:09 +0600] "GET /content/view/693/139/ HTTP/1.0" 200 5095 "-" "Mozilla/5.0 (compatible; Googlebot/2.1; +http://www.google.com/bot.html)"
66.249.71.59 - - [04/Jun/2012:21:41:09 +0600] "GET /content/view/580/113/ HTTP/1.0" 200 5090 "-" "Mozilla/5.0 (compatible; Googlebot/2.1; +http://www.google.com/bot.html)"
68.233.226.103 - - [04/Jun/2012:21:42:08 +0600] "GET /content/view/793/150/content/view/811/1/ HTTP/1.0" 200 13043 "-" "Mozilla/5.0 (Windows NT 5.1) AppleWebKit/535.2 (KHTML, like Gecko) Chrome/15.0.872.0 Safari/535.2"
68.233.226.103 - - [04/Jun/2012:21:42:42 +0600] "GET /content/view/793/150/index.php HTTP/1.0" 200 13043 "-" "Mozilla/5.0 (Windows NT 5.1) AppleWebKit/535.2 (KHTML, like Gecko) Chrome/15.0.872.0 Safari/535.2"
178.154.163.30 - - [04/Jun/2012:21:45:36 +0600] "GET / HTTP/1.0" 200 6472 "-" "Mozilla/5.0 (compatible; YandexDirect/3.0; +http://yandex.com/bots)"
66.249.66.77 - - [04/Jun/2012:21:47:35 +0600] "GET /content/view/247/66/ HTTP/1.0" 200 5731 "-" "Mozilla/5.0 (compatible; Googlebot/2.1; +http://www.google.com/bot.html)"
66.249.66.77 - - [04/Jun/2012:21:50:24 +0600] "GET /content/view/414/ HTTP/1.0" 200 5137 "-" "Mozilla/5.0 (compatible; Googlebot/2.1; +http://www.google.com/bot.html)"
66.249.66.77 - - [04/Jun/2012:21:53:14 +0600] "GET /content/view/695/140/ HTTP/1.0" 200 5094 "-" "Mozilla/5.0 (compatible; Googlebot/2.1; +http://www.google.com/bot.html)"
68.233.226.103 - - [04/Jun/2012:21:55:19 +0600] "GET /content/view/793/240/content/view/795/1/ HTTP/1.0" 200 15331 "-" "Mozilla/5.0 (Windows NT 5.1) AppleWebKit/535.2 (KHTML, like Gecko) Chrome/15.0.872.0 Safari/535.2"
66.249.71.59 - - [04/Jun/2012:21:58:53 +0600] "GET /content/view/421/ HTTP/1.0" 200 5259 "-" "Mozilla/5.0 (compatible; Googlebot/2.1; +http://www.google.com/bot.html)"
213.180.206.197 - - [04/Jun/2012:22:01:16 +0600] "GET / HTTP/1.0" 200 23975 "-" "Mozilla/5.0 (compatible; YandexMetrika/2.0; +http://yandex.com/bots)"
68.233.226.103 - - [04/Jun/2012:22:04:46 +0600] "GET /content/view/793/240/index.php HTTP/1.0" 200 15327 "-" "Mozilla/5.0 (Windows NT 5.1) AppleWebKit/535.2 (KHTML, like Gecko) Chrome/15.0.872.0 Safari/535.2"
66.249.66.77 - - [04/Jun/2012:22:05:36 +0600] "GET /content/view/697/157/ HTTP/1.0" 200 5112 "-" "Mozilla/5.0 (compatible; Googlebot/2.1; +http://www.google.com/bot.html)"
66.249.71.59 - - [04/Jun/2012:22:06:18 +0600] "GET /content/view/210/66/ HTTP/1.0" 200 5816 "-" "Mozilla/5.0 (compatible; Googlebot/2.1; +http://www.google.com/bot.html)"
66.249.66.77 - - [04/Jun/2012:22:06:39 +0600] "GET /content/view/476/ HTTP/1.0" 200 4971 "-" "Mozilla/5.0 (compatible; Googlebot/2.1; +http://www.google.com/bot.html)"
65.52.110.147 - - [04/Jun/2012:22:06:48 +0600] "GET /files/scen_prazd/openNDK.pdf HTTP/1.0" 200 115591 "-" "Mozilla/5.0 (compatible; bingbot/2.0; +http://www.bing.com/bingbot.htm)"
66.249.66.77 - - [04/Jun/2012:22:07:22 +0600] "GET /content/view/783/141/ HTTP/1.0" 200 5089 "-" "Mozilla/5.0 (compatible; Googlebot/2.1; +http://www.google.com/bot.html)"
88.204.103.122 - - [04/Jun/2012:22:18:21 +0600] "GET / HTTP/1.0" 200 6450 "http://www.teenbook.ru/vzrosl/biblios/biblioteki_rossii/" "Mozilla/5.0 (Windows NT 5.1) AppleWebKit/535.19 (KHTML, like Gecko) Chrome/18.0.1025.168 Safari/535.19"
88.204.103.122 - - [04/Jun/2012:22:18:23 +0600] "GET /images/cgdb.swf HTTP/1.0" 200 19792297 "http://csdb.ufanet.ru/" "Mozilla/5.0 (Windows NT 5.1) AppleWebKit/535.19 (KHTML, like Gecko) Chrome/18.0.1025.168 Safari/535.19"
91.215.79.119 - - [04/Jun/2012:22:19:32 +0600] "GET /files/scen_prazd/Raznocvet.doc HTTP/1.0" 200 40448 "http://yandex.ru/yandsearch?text=%D1%81%D1%86%D0%B5%D0%BD%D0%B0%D1%80%D0%B8%D0%B9+%D0%B4%D0%BB%D1%8F+%D0%B4%D0%B5%D1%82%D0%B5%D0%B9+%D1%81+%D0%BE%D0%B3%D1%80%D0%B0%D0%BD%D0%B8%D1%87%D0%B5%D0%BD%D0%BD%D1%8B%D0%BC%D0%B8+%D0%B2%D0%BE%D0%B7%D0%BC%D0%BE%D0%B6%D0%BD%D0%BE%D1%81%D1%82%D1%8F%D0%BC%D0%B8&clid=9403&lr=10668" "Opera/9.80 (Windows NT 5.1; U; ru) Presto/2.10.229 Version/11.64"
66.249.66.77 - - [04/Jun/2012:22:21:30 +0600] "GET /content/view/704/ HTTP/1.0" 200 4019 "-" "Mozilla/5.0 (compatible; Googlebot/2.1; +http://www.google.com/bot.html)"
68.233.226.103 - - [04/Jun/2012:22:24:58 +0600] "GET /content/view/793/240/index.php?option=com_contact&Itemid=3 HTTP/1.0" 200 15327 "-" "Mozilla/5.0 (Windows NT 5.1) AppleWebKit/535.2 (KHTML, like Gecko) Chrome/15.0.872.0 Safari/535.2"
109.207.13.31 - - [04/Jun/2012:22:28:09 +0600] "GET / HTTP/1.0" 200 6410 "-" "SearchBot"
66.249.66.77 - - [04/Jun/2012:22:28:12 +0600] "GET /content/view/644/1/ HTTP/1.0" 200 6376 "-" "Mozilla/5.0 (compatible; Googlebot/2.1; +http://www.google.com/bot.html)"
128.204.26.55 - - [04/Jun/2012:22:29:57 +0600] "GET /content/view/278/140/ HTTP/1.0" 200 56509 "http://go.mail.ru/search?q=%D0%B4%D0%B8%D0%BA%D1%82%D0%B0%D0%BD%D1%82++%D0%B4%D0%BE%D0%BC+%D0%B0%D0%BF%D1%82%D0%B5%D0%BA%D0%B0+%D0%BE%D0%BB%D0%B5%D1%88%D0%B5" "Mozilla/5.0 (Windows NT 5.1; rv:8.0.1) Gecko/20100101 Firefox/8.0.1"
66.249.66.77 - - [04/Jun/2012:22:30:19 +0600] "GET /content/view/113/66/ HTTP/1.0" 200 6737 "-" "Mozilla/5.0 (compatible; Googlebot/2.1; +http://www.google.com/bot.html)"
157.55.17.195 - - [04/Jun/2012:22:30:45 +0600] "GET /content/view/211/66/ HTTP/1.0" 200 6443 "-" "Mozilla/5.0 (compatible; bingbot/2.0; +http://www.bing.com/bingbot.htm)"
66.249.66.77 - - [04/Jun/2012:22:31:01 +0600] "GET /content/view/226/1/ HTTP/1.0" 200 6206 "-" "Mozilla/5.0 (compatible; Googlebot/2.1; +http://www.google.com/bot.html)"
66.249.66.77 - - [04/Jun/2012:22:32:05 +0600] "GET /content/view/751/109/ HTTP/1.0" 200 5103 "-" "Mozilla/5.0 (compatible; Googlebot/2.1; +http://www.google.com/bot.html)"
46.191.144.61 - - [04/Jun/2012:22:34:05 +0600] "GET /content/view/1001/1/ HTTP/1.0" 200 19688 "http://www.google.ru/url?sa=t&rct=j&q=&esrc=s&source=web&cd=7&ved=0CKoCEBYwBg&url=http%3A%2F%2Fcsdb.ufanet.ru%2Fcontent%2Fview%2F1001%2F1%2F&ei=FOPMT9fmMIKJ4gTdv6wo&usg=AFQjCNG1P3nvS0Yp739a8RaJN9a2gpzE_Q&sig2=2w5jA8TAm8G8KuTyPT0yPg" "Mozilla/5.0 (Windows NT 5.1) AppleWebKit/535.11 (KHTML, like Gecko) Chrome/17.0.963.46 Safari/535.11 MRCHROME"
213.180.206.197 - - [04/Jun/2012:22:37:29 +0600] "GET / HTTP/1.0" 200 23975 "-" "Mozilla/5.0 (compatible; YandexMetrika/2.0; +http://yandex.com/bots)"
66.249.71.59 - - [04/Jun/2012:22:37:44 +0600] "GET /content/view/283/144/ HTTP/1.0" 200 8093 "-" "Mozilla/5.0 (compatible; Googlebot/2.1; +http://www.google.com/bot.html)"
66.249.66.77 - - [04/Jun/2012:22:38:47 +0600] "GET /content/view/262/1/ HTTP/1.0" 200 6324 "-" "Mozilla/5.0 (compatible; Googlebot/2.1; +http://www.google.com/bot.html)"
66.249.66.77 - - [04/Jun/2012:22:40:33 +0600] "GET /content/view/752/123/ HTTP/1.0" 200 5111 "-" "Mozilla/5.0 (compatible; Googlebot/2.1; +http://www.google.com/bot.html)"
88.204.103.122 - - [04/Jun/2012:22:46:19 +0600] "GET /content/section/6/53/ HTTP/1.0" 200 5217 "http://csdb.ufanet.ru/" "Mozilla/5.0 (Windows NT 5.1) AppleWebKit/535.19 (KHTML, like Gecko) Chrome/18.0.1025.168 Safari/535.19"
88.204.103.122 - - [04/Jun/2012:22:46:23 +0600] "GET /content/category/6/15/53/ HTTP/1.0" 200 5355 "http://csdb.ufanet.ru/content/section/6/53/" "Mozilla/5.0 (Windows NT 5.1) AppleWebKit/535.19 (KHTML, like Gecko) Chrome/18.0.1025.168 Safari/535.19"
88.204.103.122 - - [04/Jun/2012:22:46:28 +0600] "GET /content/view/57/53/ HTTP/1.0" 200 21327 "http://csdb.ufanet.ru/content/category/6/15/53/" "Mozilla/5.0 (Windows NT 5.1) AppleWebKit/535.19 (KHTML, like Gecko) Chrome/18.0.1025.168 Safari/535.19"
82.145.208.194 - - [04/Jun/2012:22:47:34 +0600] "GET /content/view/485/66/ HTTP/1.0" 200 22348 "http://www.google.ru/url?sa=t&rct=j&q=&source=web&cd=1&ved=0CJ4CEBYwAA&url=http%3A%2F%2Fcsdb.ufanet.ru%2Fcontent%2Fview%2F485%2F66%2F&ei=FubMT-fGF4nF8gPgtODLDw&usg=AFQjCNGWrrR9kPxOREh1V-GR-GTe4y37bQ&cad=rjt" "Opera/9.80 (Windows NT 5.1; U; Edition Rambler; ru) Presto/2.10.229 Version/11.64"
82.145.208.194 - - [04/Jun/2012:22:51:16 +0600] "GET /content/view/485/66/ HTTP/1.0" 200 22353 "http://www.google.ru/url?sa=t&rct=j&q=&source=web&cd=1&ved=0CJ4CEBYwAA&url=http%3A%2F%2Fcsdb.ufanet.ru%2Fcontent%2Fview%2F485%2F66%2F&ei=FubMT-fGF4nF8gPgtODLDw&usg=AFQjCNGWrrR9kPxOREh1V-GR-GTe4y37bQ&cad=rjt" "Opera/9.80 (Windows NT 5.1; U; Edition Rambler; ru) Presto/2.10.229 Version/11.64"
95.179.35.229 - - [04/Jun/2012:22:54:30 +0600] "GET /component/option,com_joomap/Itemid,64/ HTTP/1.0" 200 19644 "http://yandex.ru/yandsearch?p=3&clid=49468&text=%D1%81%D0%BE%D0%B2%D0%B5%D1%82%D1%8B+%D0%BB%D0%B5%D1%88%D0%B5%D0%B3%D0%BE+%22%D0%B1%D0%B5%D1%80%D0%B5%D0%B3%D0%B8+%D0%BF%D1%80%D0%B8%D1%80%D0%BE%D0%B4%D1%83%22&lr=9" "Mozilla/5.0 (Windows NT 5.1; rv:12.0) Gecko/20100101 Firefox/12.0"
66.249.66.77 - - [04/Jun/2012:22:58:11 +0600] "GET /content/view/462/1/ HTTP/1.0" 200 6222 "-" "Mozilla/5.0 (compatible; Googlebot/2.1; +http://www.google.com/bot.html)"
66.249.66.77 - - [04/Jun/2012:22:59:57 +0600] "GET /content/view/783/183/ HTTP/1.0" 200 5129 "-" "Mozilla/5.0 (compatible; Googlebot/2.1; +http://www.google.com/bot.html)"
66.249.66.77 - - [04/Jun/2012:23:00:39 +0600] "GET /content/view/239/ HTTP/1.0" 200 5310 "-" "Mozilla/5.0 (compatible; Googlebot/2.1; +http://www.google.com/bot.html)"
66.249.66.77 - - [04/Jun/2012:23:07:43 +0600] "GET /content/view/649/1/ HTTP/1.0" 200 6443 "-" "Mozilla/5.0 (compatible; Googlebot/2.1; +http://www.google.com/bot.html)"
66.249.66.77 - - [04/Jun/2012:23:08:25 +0600] "GET /content/view/793/115/ HTTP/1.0" 200 5091 "-" "Mozilla/5.0 (compatible; Googlebot/2.1; +http://www.google.com/bot.html)"
66.249.66.77 - - [04/Jun/2012:23:08:46 +0600] "GET /content/view/353/ HTTP/1.0" 200 4826 "-" "Mozilla/5.0 (compatible; Googlebot/2.1; +http://www.google.com/bot.html)"
68.233.226.103 - - [04/Jun/2012:23:09:38 +0600] "GET /content/view/793/240/index.php?option=com_search&Itemid=5 HTTP/1.0" 200 15327 "-" "Mozilla/5.0 (Windows NT 5.1) AppleWebKit/535.2 (KHTML, like Gecko) Chrome/15.0.872.0 Safari/535.2"
213.180.206.197 - - [04/Jun/2012:23:13:24 +0600] "GET / HTTP/1.0" 200 23980 "-" "Mozilla/5.0 (compatible; YandexMetrika/2.0; +http://yandex.com/bots)"
66.249.71.59 - - [04/Jun/2012:23:13:45 +0600] "GET /content/view/659/194/ HTTP/1.0" 200 5125 "-" "Mozilla/5.0 (compatible; Googlebot/2.1; +http://www.google.com/bot.html)"
178.154.163.30 - - [04/Jun/2012:23:20:39 +0600] "GET /files/ucazatel/Mumitrol.pdf HTTP/1.0" 200 634741 "-" "Mozilla/5.0 (compatible; YandexDirect/3.0; +http://yandex.com/bots)"
66.249.66.77 - - [04/Jun/2012:23:23:14 +0600] "GET /content/view/812/146/ HTTP/1.0" 200 5097 "-" "Mozilla/5.0 (compatible; Googlebot/2.1; +http://www.google.com/bot.html)"
66.249.66.77 - - [04/Jun/2012:23:24:17 +0600] "GET /content/view/546/1/ HTTP/1.0" 200 6510 "-" "Mozilla/5.0 (compatible; Googlebot/2.1; +http://www.google.com/bot.html)"
46.33.234.126 - - [04/Jun/2012:23:29:39 +0600] "GET /content/view/643/52/ HTTP/1.0" 200 8024 "-" "Mozilla/5.0 (Windows NT 6.1) AppleWebKit/536.5 (KHTML, like Gecko) Chrome/19.0.1084.52 Safari/536.5"
95.179.35.229 - - [04/Jun/2012:23:30:35 +0600] "GET /component/option,com_joomap/Itemid,64/ HTTP/1.0" 200 19649 "http://yandex.ru/yandsearch?p=3&clid=49468&text=%D1%81%D0%BE%D0%B2%D0%B5%D1%82%D1%8B+%D0%BB%D0%B5%D1%88%D0%B5%D0%B3%D0%BE+%22%D0%B1%D0%B5%D1%80%D0%B5%D0%B3%D0%B8+%D0%BF%D1%80%D0%B8%D1%80%D0%BE%D0%B4%D1%83%22&lr=9" "Mozilla/5.0 (Windows NT 5.1; rv:12.0) Gecko/20100101 Firefox/12.0"
95.179.35.229 - - [04/Jun/2012:23:30:59 +0600] "GET /component/option,com_joomap/Itemid,64/ HTTP/1.0" 200 19632 "http://yandex.ru/yandsearch?p=3&clid=49468&text=%D1%81%D0%BE%D0%B2%D0%B5%D1%82%D1%8B+%D0%BB%D0%B5%D1%88%D0%B5%D0%B3%D0%BE+%22%D0%B1%D0%B5%D1%80%D0%B5%D0%B3%D0%B8+%D0%BF%D1%80%D0%B8%D1%80%D0%BE%D0%B4%D1%83%22&lr=9" "Mozilla/5.0 (Windows NT 5.1; rv:12.0) Gecko/20100101 Firefox/12.0"
157.56.94.164 - - [04/Jun/2012:23:31:52 +0600] "GET /content/view/204/47/ HTTP/1.0" 200 10167 "-" "msnbot/2.0b (+http://search.msn.com/msnbot.htm)"
66.249.66.77 - - [04/Jun/2012:23:32:20 +0600] "GET /index2.php?option=com_content&task=view&id=353&pop=1&page=0 HTTP/1.0" 200 1512 "-" "Mozilla/5.0 (compatible; Googlebot/2.1; +http://www.google.com/bot.html)"
66.249.66.77 - - [04/Jun/2012:23:35:34 +0600] "GET /content/view/548/1/ HTTP/1.0" 200 6475 "-" "Mozilla/5.0 (compatible; Googlebot/2.1; +http://www.google.com/bot.html)"
68.233.226.103 - - [04/Jun/2012:23:38:36 +0600] "GET /content/view/793/3/content/view/659/1/ HTTP/1.0" 200 13043 "-" "Mozilla/5.0 (Windows NT 5.1) AppleWebKit/535.2 (KHTML, like Gecko) Chrome/15.0.872.0 Safari/535.2"
89.189.136.129 - - [04/Jun/2012:23:39:33 +0600] "GET / HTTP/1.0" 200 6471 "http://link.2gis.ru/3CF02CA5/grym/20120501/ufa/8807d0000035e?http://csdb.ufanet.ru" "Mozilla/5.0 (Windows; U; Windows NT 5.1; ru; rv:1.9.2.28) Gecko/20120306 Firefox/3.6.28 ( .NET CLR 3.5.30729)"
89.189.136.129 - - [04/Jun/2012:23:39:34 +0600] "GET /images/cgdb.swf HTTP/1.0" 200 19792297 "http://csdb.ufanet.ru/" "Mozilla/5.0 (Windows; U; Windows NT 5.1; ru; rv:1.9.2.28) Gecko/20120306 Firefox/3.6.28 ( .NET CLR 3.5.30729)"
178.154.163.30 - - [04/Jun/2012:23:40:05 +0600] "GET /content/view/204/47 HTTP/1.0" 200 10201 "-" "Mozilla/5.0 (compatible; YandexDirect/3.0; +http://yandex.com/bots)"
89.189.136.129 - - [04/Jun/2012:23:40:30 +0600] "GET /content/view/983/1/ HTTP/1.0" 200 6442 "http://csdb.ufanet.ru/" "Mozilla/5.0 (Windows; U; Windows NT 5.1; ru; rv:1.9.2.28) Gecko/20120306 Firefox/3.6.28 ( .NET CLR 3.5.30729)"
89.189.136.129 - - [04/Jun/2012:23:41:38 +0600] "GET /content/view/982/1/ HTTP/1.0" 200 6537 "http://csdb.ufanet.ru/content/view/983/1/" "Mozilla/5.0 (Windows; U; Windows NT 5.1; ru; rv:1.9.2.28) Gecko/20120306 Firefox/3.6.28 ( .NET CLR 3.5.30729)"
188.237.177.167 - - [04/Jun/2012:23:42:17 +0600] "GET / HTTP/1.0" 200 24021 "http://csdb.ufanet.ru/" "Mozilla/4.0 (compatible; MSIE 6.0; Windows NT 5.1; .NET CLR 1.1.4322; Alexa Toolbar; (R1 1.5))"
89.189.136.129 - - [04/Jun/2012:23:42:50 +0600] "GET /content/view/983/1/ HTTP/1.0" 200 6445 "http://csdb.ufanet.ru/content/view/982/1/" "Mozilla/5.0 (Windows; U; Windows NT 5.1; ru; rv:1.9.2.28) Gecko/20120306 Firefox/3.6.28 ( .NET CLR 3.5.30729)"
66.249.66.77 - - [04/Jun/2012:23:43:19 +0600] "GET /content/view/820/1/ HTTP/1.0" 200 5524 "-" "Mozilla/5.0 (compatible; Googlebot/2.1; +http://www.google.com/bot.html)"
66.249.66.77 - - [04/Jun/2012:23:45:09 +0600] "GET /content/view/40/ HTTP/1.0" 200 4744 "-" "Mozilla/5.0 (compatible; Googlebot/2.1; +http://www.google.com/bot.html)"
66.249.66.77 - - [04/Jun/2012:23:46:08 +0600] "GET /content/view/940/252/ HTTP/1.0" 200 5083 "-" "Mozilla/5.0 (compatible; Googlebot/2.1; +http://www.google.com/bot.html)"
213.180.206.197 - - [04/Jun/2012:23:49:15 +0600] "GET / HTTP/1.0" 200 24020 "-" "Mozilla/5.0 (compatible; YandexMetrika/2.0; +http://yandex.com/bots)"
66.249.66.77 - - [04/Jun/2012:23:49:19 +0600] "GET /content/view/729/5/ HTTP/1.0" 200 5920 "-" "Mozilla/5.0 (compatible; Googlebot/2.1; +http://www.google.com/bot.html)"
66.249.71.59 - - [04/Jun/2012:23:56:23 +0600] "GET /content/view/950/146/ HTTP/1.0" 200 5097 "-" "Mozilla/5.0 (compatible; Googlebot/2.1; +http://www.google.com/bot.html)"
66.249.66.77 - - [05/Jun/2012:00:04:09 +0600] "GET /content/view/982/158/ HTTP/1.0" 200 6122 "-" "Mozilla/5.0 (compatible; Googlebot/2.1; +http://www.google.com/bot.html)"
66.249.66.77 - - [05/Jun/2012:00:04:30 +0600] "GET /content/view/154/ HTTP/1.0" 200 5651 "-" "Mozilla/5.0 (compatible; Googlebot/2.1; +http://www.google.com/bot.html)"
78.85.44.194 - - [05/Jun/2012:00:05:14 +0600] "GET /images/mb/img38/free_access.swf HTTP/1.0" 200 7947129 "http://csdb.ufanet.ru/mb38/index.html" "Mozilla/5.0 (Windows NT 6.1; WOW64) AppleWebKit/536.5 (KHTML, like Gecko) Chrome/19.0.1084.52 Safari/536.5"
66.249.66.77 - - [05/Jun/2012:00:09:40 +0600] "GET /content/view/880/66/ HTTP/1.0" 200 5904 "-" "Mozilla/5.0 (compatible; Googlebot/2.1; +http://www.google.com/bot.html)"
178.154.163.30 - - [05/Jun/2012:00:10:37 +0600] "GET /content/view/759/210/ HTTP/1.0" 200 4455 "-" "Mozilla/5.0 (compatible; YandexBot/3.0; +http://yandex.com/bots)"
66.249.66.77 - - [05/Jun/2012:00:10:44 +0600] "GET /content/view/950/201/ HTTP/1.0" 200 5089 "-" "Mozilla/5.0 (compatible; Googlebot/2.1; +http://www.google.com/bot.html)"
66.249.66.77 - - [05/Jun/2012:00:11:47 +0600] "GET /content/view/935/1/ HTTP/1.0" 200 7463 "-" "Mozilla/5.0 (compatible; Googlebot/2.1; +http://www.google.com/bot.html)"
91.201.64.95 - - [05/Jun/2012:00:11:47 +0600] "GET /index.php HTTP/1.0" 200 23965 "http://csdb.ufanet.ru/index.php" "Opera/9.00 (Windows NT 4.0; U; en)"
66.249.71.59 - - [05/Jun/2012:00:13:11 +0600] "GET /content/view/931/1/ HTTP/1.0" 200 6383 "-" "Mozilla/5.0 (compatible; Googlebot/2.1; +http://www.google.com/bot.html)"
68.233.226.103 - - [05/Jun/2012:00:15:51 +0600] "GET /content/view/793/3/content/view/704/183/ HTTP/1.0" 200 13043 "-" "Mozilla/5.0 (Windows NT 5.1) AppleWebKit/535.2 (KHTML, like Gecko) Chrome/15.0.872.0 Safari/535.2"
66.249.66.77 - - [05/Jun/2012:00:16:43 +0600] "GET /content/view/971/1/ HTTP/1.0" 200 5500 "-" "Mozilla/5.0 (compatible; Googlebot/2.1; +http://www.google.com/bot.html)"
217.66.156.115 - - [05/Jun/2012:00:21:06 +0600] "GET /content/view/286/149/ HTTP/1.0" 200 8529 "http://yandex.ru/yandsearch?p=1&text=%D0%BA%D0%BE%D0%BD%D0%BA%D1%83%D1%80%D1%81+%D0%B2+%D0%B1%D0%B8%D0%B1%D0%BB%D0%B8%D0%BE%D1%82%D0%B5%D0%BA%D0%B5+%D0%BB%D0%B5%D1%82%D0%BE+%D1%81+%D0%BA%D0%BD%D0%B8%D0%B3%D0%BE%D0%B9&clid=9403&lr=22" "Opera/9.80 (Windows NT 5.1; U; ru) Presto/2.10.229 Version/11.62"
66.249.66.77 - - [05/Jun/2012:00:21:27 +0600] "GET /content/view/820/146/ HTTP/1.0" 200 5094 "-" "Mozilla/5.0 (compatible; Googlebot/2.1; +http://www.google.com/bot.html)"
46.33.234.126 - - [05/Jun/2012:00:22:09 +0600] "GET /content/view/643/52/ HTTP/1.0" 200 8025 "-" "Mozilla/5.0 (Windows NT 6.1) AppleWebKit/536.5 (KHTML, like Gecko) Chrome/19.0.1084.52 Safari/536.5"
213.180.206.197 - - [05/Jun/2012:00:24:21 +0600] "GET / HTTP/1.0" 200 23980 "-" "Mozilla/5.0 (compatible; YandexMetrika/2.0; +http://yandex.com/bots)"
78.36.198.10 - - [05/Jun/2012:00:24:41 +0600] "GET /content/view/53/47 HTTP/1.0" 200 7365 "http://yandex.ru/yandsearch?text=%D1%81%D1%86%D0%B5%D0%BD%D0%B0%D1%80%D0%B8%D0%B9+%D0%BE%D1%82%D0%BA%D1%80%D1%8B%D1%82%D0%B8%D1%8F+%D0%B3%D0%B0%D0%BB%D0%B5%D1%80%D0%B5%D0%B8+%D1%81%D0%BB%D0%B0%D0%B2%D1%8B&lr=22" "Mozilla/4.0 (compatible; MSIE 8.0; Windows NT 5.1; Trident/4.0; GTB7.3; .NET CLR 1.1.4322; .NET CLR 2.0.50727; .NET CLR 3.0.4506.2152; .NET CLR 3.5.30729; InfoPath.2)"
78.36.198.10 - - [05/Jun/2012:00:24:51 +0600] "GET /content/view/884/252/ HTTP/1.0" 200 13874 "http://csdb.ufanet.ru/content/view/53/47" "Mozilla/4.0 (compatible; MSIE 8.0; Windows NT 5.1; Trident/4.0; GTB7.3; .NET CLR 1.1.4322; .NET CLR 2.0.50727; .NET CLR 3.0.4506.2152; .NET CLR 3.5.30729; InfoPath.2)"
178.33.146.254 - - [05/Jun/2012:00:25:20 +0600] "GET /templates/beez/component.php HTTP/1.0" 404 305 "csdb.ufanet.ru/templates/beez/component.php" "Mozilla/4.0 (compatible; MSIE 6.0; Windows 98; Win 9x 4.90)"
78.36.198.10 - - [05/Jun/2012:00:25:45 +0600] "GET /content/view/53/47 HTTP/1.0" 200 7365 "http://yandex.ru/yandsearch?text=%D1%81%D1%86%D0%B5%D0%BD%D0%B0%D1%80%D0%B8%D0%B9+%D0%BE%D1%82%D0%BA%D1%80%D1%8B%D1%82%D0%B8%D1%8F+%D0%B3%D0%B0%D0%BB%D0%B5%D1%80%D0%B5%D0%B8+%D1%81%D0%BB%D0%B0%D0%B2%D1%8B&lr=22" "Mozilla/4.0 (compatible; MSIE 8.0; Windows NT 5.1; Trident/4.0; GTB7.3; .NET CLR 1.1.4322; .NET CLR 2.0.50727; .NET CLR 3.0.4506.2152; .NET CLR 3.5.30729; InfoPath.2)"
46.33.234.126 - - [05/Jun/2012:00:27:09 +0600] "GET /content/view/643/52/ HTTP/1.0" 200 8023 "-" "Mozilla/5.0 (Windows NT 6.1) AppleWebKit/536.5 (KHTML, like Gecko) Chrome/19.0.1084.52 Safari/536.5"
66.249.66.77 - - [05/Jun/2012:00:32:55 +0600] "GET /content/view/897/66/ HTTP/1.0" 200 5912 "-" "Mozilla/5.0 (compatible; Googlebot/2.1; +http://www.google.com/bot.html)"
178.154.163.30 - - [05/Jun/2012:00:33:58 +0600] "GET /content/view/539/183/ HTTP/1.0" 200 6240 "-" "Mozilla/5.0 (compatible; YandexBot/3.0; +http://yandex.com/bots)"
83.169.60.25 - - [05/Jun/2012:00:34:13 +0600] "GET / HTTP/1.0" 200 24010 "-" "Mozilla/5.0 (Windows; U; Windows NT 6.0; de; rv:1.9.0.6) Gecko/2009011913 Firefox/3.0.6"
83.169.60.25 - - [05/Jun/2012:00:34:14 +0600] "GET /20e6a4bb032fcfae5d.php HTTP/1.0" 404 299 "-" "Mozilla/5.0 (Windows; U; Windows NT 6.0; de; rv:1.9.0.6) Gecko/2009011913 Firefox/3.0.6"
66.249.66.77 - - [05/Jun/2012:00:34:18 +0600] "GET /content/view/288/ HTTP/1.0" 200 38554 "-" "Mozilla/5.0 (compatible; Googlebot/2.1; +http://www.google.com/bot.html)"
65.52.104.26 - - [05/Jun/2012:00:41:34 +0600] "GET /content/view/22/157/ HTTP/1.0" 200 5890 "-" "Mozilla/5.0 (compatible; bingbot/2.0; +http://www.bing.com/bingbot.htm)"
188.0.70.26 - - [05/Jun/2012:00:48:41 +0600] "GET /content/view/319/98 HTTP/1.0" 200 3876 "-" "Mozilla/5.0 (X11; U; Linux i686; en-US; rv:1.9.1.3) Gecko/20090909 SUSE/3.5.3-1.2 Firefox/3.5.3"
65.52.110.200 - - [05/Jun/2012:00:49:03 +0600] "GET /files/scen_prazd/dorog_znak.pdf HTTP/1.0" 200 100795 "-" "Mozilla/5.0 (compatible; bingbot/2.0; +http://www.bing.com/bingbot.htm)"
65.52.110.192 - - [05/Jun/2012:00:50:08 +0600] "GET /index.php?option=com_content&task=view&id=157&Itemid=66 HTTP/1.0" 200 5852 "-" "Mozilla/5.0 (compatible; bingbot/2.0; +http://www.bing.com/bingbot.htm)"
207.46.194.55 - - [05/Jun/2012:00:50:10 +0600] "GET /content/view/470/66/ HTTP/1.0" 200 5793 "-" "msnbot-media/1.1 (+http://search.msn.com/msnbot.htm)"
68.233.226.103 - - [05/Jun/2012:00:53:27 +0600] "GET /content/view/793/3/content/view/793/1/ HTTP/1.0" 200 13043 "-" "Mozilla/5.0 (Windows NT 5.1) AppleWebKit/535.2 (KHTML, like Gecko) Chrome/15.0.872.0 Safari/535.2"
178.154.163.30 - - [05/Jun/2012:00:54:29 +0600] "GET /content/view/377/66/ HTTP/1.0" 200 6728 "-" "Mozilla/5.0 (compatible; YandexBot/3.0; +http://yandex.com/bots)"
213.180.206.197 - - [05/Jun/2012:00:57:51 +0600] "GET / HTTP/1.0" 200 23980 "-" "Mozilla/5.0 (compatible; YandexMetrika/2.0; +http://yandex.com/bots)"
66.249.66.77 - - [05/Jun/2012:01:01:44 +0600] "GET /content/view/777/66/ HTTP/1.0" 200 5807 "-" "Mozilla/5.0 (compatible; Googlebot/2.1; +http://www.google.com/bot.html)"
66.249.66.77 - - [05/Jun/2012:01:05:57 +0600] "GET /content/view/911/66/ HTTP/1.0" 200 5971 "-" "Mozilla/5.0 (compatible; Googlebot/2.1; +http://www.google.com/bot.html)"
68.233.226.103 - - [05/Jun/2012:01:06:02 +0600] "GET /content/view/793/3/content/view/794/1/ HTTP/1.0" 200 13043 "-" "Mozilla/5.0 (Windows NT 5.1) AppleWebKit/535.2 (KHTML, like Gecko) Chrome/15.0.872.0 Safari/535.2"
66.249.66.77 - - [05/Jun/2012:01:07:38 +0600] "GET /content/view/779/67/ HTTP/1.0" 200 3823 "-" "Mozilla/5.0 (compatible; Googlebot/2.1; +http://www.google.com/bot.html)"
178.154.163.30 - - [05/Jun/2012:01:08:48 +0600] "GET /content/view/246/66/ HTTP/1.0" 200 6014 "-" "Mozilla/5.0 (compatible; YandexBot/3.0; +http://yandex.com/bots)"
66.249.66.77 - - [05/Jun/2012:01:12:08 +0600] "GET /content/view/915/66/ HTTP/1.0" 200 5790 "-" "Mozilla/5.0 (compatible; Googlebot/2.1; +http://www.google.com/bot.html)"
66.249.66.77 - - [05/Jun/2012:01:12:29 +0600] "GET /content/view/912/66/ HTTP/1.0" 200 5921 "-" "Mozilla/5.0 (compatible; Googlebot/2.1; +http://www.google.com/bot.html)"
66.249.66.77 - - [05/Jun/2012:01:13:52 +0600] "GET /content/view/434/67/ HTTP/1.0" 200 5760 "-" "Mozilla/5.0 (compatible; Googlebot/2.1; +http://www.google.com/bot.html)"
83.143.204.49 - - [05/Jun/2012:01:20:06 +0600] "GET /content/view/354/ HTTP/1.0" 200 5046 "http://search.photo.qip.ru/photo/?query=%D1%80%D0%B5%D0%BA%D0%BE%D0%BC%D0%B5%D0%BD%D0%B4%D0%B0%D1%82%D0%B5%D0%BB%D1%8C%D0%BD%D1%8B%D0%B5%20%D1%81%D0%BF%D0%B8%D1%81%D0%BA%D0%B8&l=csdb.ufanet.ru%2Fimages%2Fmodelnie%2Ff11%2Facademia%2Fputevoditel.png&p=7" "Mozilla/5.0 (Windows NT 5.1) AppleWebKit/536.5 (KHTML, like Gecko) Chrome/19.0.1084.52 Safari/536.5"
66.249.71.59 - - [05/Jun/2012:01:24:29 +0600] "GET /index.php?option=com_joomap&view=google HTTP/1.0" 200 67728 "-" "Mozilla/5.0 (compatible; Googlebot/2.1; +http://www.google.com/bot.html)"
207.46.194.35 - - [05/Jun/2012:01:25:27 +0600] "GET /content/view/57/53/ HTTP/1.0" 200 21271 "-" "msnbot-media/1.1 (+http://search.msn.com/msnbot.htm)"
66.249.66.77 - - [05/Jun/2012:01:27:37 +0600] "GET /content/view/556/90/ HTTP/1.0" 200 4468 "-" "Mozilla/5.0 (compatible; Googlebot/2.1; +http://www.google.com/bot.html)"
46.39.34.2 - - [05/Jun/2012:01:28:02 +0600] "GET /content/view/306/66/ HTTP/1.0" 200 5650 "http://yandex.ru/yandsearch?p=26&text=%D1%83%D1%87%D0%B5%D0%B1%D0%BD%D0%BE-%D1%82%D0%B5%D0%BC%D0%B0%D1%82%D0%B8%D1%87%D0%B5%D1%81%D0%BA%D0%B8%D0%B9+%D0%BF%D0%BB%D0%B0%D0%BD+%D0%BA%D1%80%D1%83%D0%B6%D0%BA%D0%B0+%D1%83%D0%BC%D0%B5%D0%BB%D1%8B%D0%B5+%D1%80%D1%83%D0%BA%D0%B8&clid=40316&lr=213" "Mozilla/5.0 (compatible; MSIE 9.0; Windows NT 6.1; Trident/5.0)"
66.249.66.77 - - [05/Jun/2012:01:34:51 +0600] "GET /content/view/989/118/ HTTP/1.0" 200 5564 "-" "Mozilla/5.0 (compatible; Googlebot/2.1; +http://www.google.com/bot.html)"
178.154.163.30 - - [05/Jun/2012:01:35:36 +0600] "GET /files/roditeli/10manualsreaderman.pdf HTTP/1.0" 200 450206 "-" "Mozilla/5.0 (compatible; YandexBot/3.0; +http://yandex.com/bots)"
66.249.71.59 - - [05/Jun/2012:01:40:16 +0600] "GET /index2.php?option=com_content&task=view&id=779&pop=1&page=0&Itemid=67 HTTP/1.0" 200 1350 "-" "Mozilla/5.0 (compatible; Googlebot/2.1; +http://www.google.com/bot.html)"
46.211.195.81 - - [05/Jun/2012:01:40:33 +0600] "GET / HTTP/1.0" 200 23975 "http://csdb.ufanet.ru/" "Mozilla/4.7 (compatible; OffByOne; Windows 2000) Webster Pro V3.4"
66.249.66.77 - - [05/Jun/2012:01:40:34 +0600] "GET /content/view/777/90/ HTTP/1.0" 200 4317 "-" "Mozilla/5.0 (compatible; Googlebot/2.1; +http://www.google.com/bot.html)"
213.180.206.197 - - [05/Jun/2012:01:40:45 +0600] "GET / HTTP/1.0" 200 23980 "-" "Mozilla/5.0 (compatible; YandexMetrika/2.0; +http://yandex.com/bots)"
178.154.163.30 - - [05/Jun/2012:01:41:10 +0600] "GET /content/view/198/66 HTTP/1.0" 200 6667 "-" "Mozilla/5.0 (compatible; YandexBot/3.0; +http://yandex.com/bots)"
178.154.163.30 - - [05/Jun/2012:01:42:55 +0600] "GET /content/blogcategory/1/66/9/36/ HTTP/1.0" 200 7140 "-" "Mozilla/5.0 (compatible; YandexBot/3.0; +http://yandex.com/bots)"
66.249.66.77 - - [05/Jun/2012:01:43:42 +0600] "GET /content/view/779/90/ HTTP/1.0" 200 4378 "-" "Mozilla/5.0 (compatible; Googlebot/2.1; +http://www.google.com/bot.html)"
178.154.163.30 - - [05/Jun/2012:01:45:11 +0600] "GET /content/view/291/66 HTTP/1.0" 200 6051 "-" "Mozilla/5.0 (compatible; YandexBot/3.0; +http://yandex.com/bots)"
178.154.163.30 - - [05/Jun/2012:01:48:40 +0600] "GET /content/view/733/66/ HTTP/1.0" 200 5823 "-" "Mozilla/5.0 (compatible; YandexBot/3.0; +http://yandex.com/bots)"
178.154.163.30 - - [05/Jun/2012:01:50:20 +0600] "GET /content/view/812/149/ HTTP/1.0" 200 5090 "-" "Mozilla/5.0 (compatible; YandexBot/3.0; +http://yandex.com/bots)"
178.154.163.30 - - [05/Jun/2012:01:51:00 +0600] "GET /content/view/405/3/ HTTP/1.0" 200 5092 "-" "Mozilla/5.0 (compatible; YandexBot/3.0; +http://yandex.com/bots)"
178.154.163.30 - - [05/Jun/2012:01:51:05 +0600] "GET /content/view/493/66/ HTTP/1.0" 200 6102 "-" "Mozilla/5.0 (compatible; YandexBot/3.0; +http://yandex.com/bots)"
178.154.163.30 - - [05/Jun/2012:01:52:20 +0600] "GET /content/view/812/126/ HTTP/1.0" 200 5100 "-" "Mozilla/5.0 (compatible; YandexBot/3.0; +http://yandex.com/bots)"
178.154.163.30 - - [05/Jun/2012:01:55:26 +0600] "GET /content/view/754/66/ HTTP/1.0" 200 6228 "-" "Mozilla/5.0 (compatible; YandexBot/3.0; +http://yandex.com/bots)"
178.154.163.30 - - [05/Jun/2012:01:56:55 +0600] "GET /content/view/820/126/ HTTP/1.0" 200 5096 "-" "Mozilla/5.0 (compatible; YandexBot/3.0; +http://yandex.com/bots)"
66.249.66.77 - - [05/Jun/2012:01:57:18 +0600] "GET /content/view/907/66/ HTTP/1.0" 200 5877 "-" "Mozilla/5.0 (compatible; Googlebot/2.1; +http://www.google.com/bot.html)"
178.154.163.30 - - [05/Jun/2012:01:58:24 +0600] "GET /content/view/821/126/ HTTP/1.0" 200 5098 "-" "Mozilla/5.0 (compatible; YandexBot/3.0; +http://yandex.com/bots)"
178.154.163.30 - - [05/Jun/2012:01:58:33 +0600] "GET /content/view/695/194/ HTTP/1.0" 200 5109 "-" "Mozilla/5.0 (compatible; YandexBot/3.0; +http://yandex.com/bots)"
178.154.163.30 - - [05/Jun/2012:01:58:42 +0600] "GET /content/view/449/ HTTP/1.0" 200 5065 "-" "Mozilla/5.0 (compatible; YandexBot/3.0; +http://yandex.com/bots)"
65.52.110.200 - - [05/Jun/2012:01:59:27 +0600] "GET /content/category/14/42/183/ HTTP/1.0" 200 5776 "-" "Mozilla/5.0 (compatible; bingbot/2.0; +http://www.bing.com/bingbot.htm)"
178.154.163.30 - - [05/Jun/2012:02:01:43 +0600] "GET /content/view/811/151/ HTTP/1.0" 200 5096 "-" "Mozilla/5.0 (compatible; YandexBot/3.0; +http://yandex.com/bots)"
46.158.216.55 - - [05/Jun/2012:02:03:49 +0600] "GET /files/articles/%D0%9F%D1%80%D0%BE%D0%B5%D0%BA%D1%82%D0%BD%D0%BE%D0%B5%20%D1%80%D0%B0%D0%B7%D0%B2%D0%B8%D1%82%D0%B8%D0%B5%20%D0%B1%D0%B8%D0%B1%D0%BB%D0%B8%D0%BE%D1%82%D0%B5%D0%BA%20%D0%90%D0%92%D0%93%D0%A3%D0%A1%D0%A2%D0%9E%D0%92%D0%A1%D0%9A%D0%9E%D0%95%20%D0%A1%D0%9E%D0%92%D0%95%D0%A9%D0%90%D0%9D%D0%98%D0%95.pdf HTTP/1.0" 200 119967 "http://yandex.ru/yandsearch?text=%D1%86%D0%B5%D0%BB%D0%B8+%D0%B8+%D0%B7%D0%B0%D0%B4%D0%B0%D1%87%D0%B8+%D0%BF%D1%80%D0%BE%D0%B5%D0%BA%D1%82%D0%BD%D0%BE%D0%B9+%D0%B4%D0%B5%D1%8F%D1%82%D0%B5%D0%BB%D1%8C%D0%BD%D0%BE%D1%81%D1%82%D0%B8+%D0%B1%D0%B8%D0%B1%D0%BB%D0%B8%D0%BE%D1%82%D0%B5%D0%BA&lr=35" "Opera/9.80 (Windows NT 5.1; U; ru) Presto/2.2.15 Version/10.10"
157.55.17.197 - - [05/Jun/2012:02:10:20 +0600] "GET /files/ucazatel/salavat.pdf HTTP/1.0" 200 264049 "-" "Mozilla/5.0 (compatible; bingbot/2.0; +http://www.bing.com/bingbot.htm)"
66.249.66.77 - - [05/Jun/2012:02:12:41 +0600] "GET /content/view/776/66/ HTTP/1.0" 200 6035 "-" "Mozilla/5.0 (compatible; Googlebot/2.1; +http://www.google.com/bot.html)"
178.154.163.30 - - [05/Jun/2012:02:14:00 +0600] "GET / HTTP/1.0" 200 6447 "-" "Mozilla/5.0 (compatible; YandexDirect/3.0; +http://yandex.com/bots)"
66.249.66.77 - - [05/Jun/2012:02:22:28 +0600] "GET /content/view/339/83/ HTTP/1.0" 200 4096 "-" "Mozilla/5.0 (compatible; Googlebot/2.1; +http://www.google.com/bot.html)"
66.249.66.77 - - [05/Jun/2012:02:23:52 +0600] "GET /content/view/914/66/ HTTP/1.0" 200 5868 "-" "Mozilla/5.0 (compatible; Googlebot/2.1; +http://www.google.com/bot.html)"
66.249.66.77 - - [05/Jun/2012:02:24:13 +0600] "GET /content/view/24/157/ HTTP/1.0" 200 5793 "-" "Mozilla/5.0 (compatible; Googlebot/2.1; +http://www.google.com/bot.html)"
46.158.216.55 - - [05/Jun/2012:02:24:24 +0600] "GET /files/articles/%D0%9F%D1%80%D0%BE%D0%B5%D0%BA%D1%82%D0%BD%D0%BE%D0%B5%20%D1%80%D0%B0%D0%B7%D0%B2%D0%B8%D1%82%D0%B8%D0%B5%20%D0%B1%D0%B8%D0%B1%D0%BB%D0%B8%D0%BE%D1%82%D0%B5%D0%BA%20%D0%90%D0%92%D0%93%D0%A3%D0%A1%D0%A2%D0%9E%D0%92%D0%A1%D0%9A%D0%9E%D0%95%20%D0%A1%D0%9E%D0%92%D0%95%D0%A9%D0%90%D0%9D%D0%98%D0%95.pdf HTTP/1.0" 200 119967 "http://yandex.ru/yandsearch?p=2&text=%D1%86%D0%B5%D0%BB%D0%B8+%D0%B8+%D0%B7%D0%B0%D0%B4%D0%B0%D1%87%D0%B8+%D0%B0%D1%82%D1%82%D0%B5%D1%81%D1%82%D0%B0%D1%86%D0%B8%D0%BE%D0%BD%D0%BD%D0%BE%D0%B9+%D1%80%D0%B0%D0%B1%D0%BE%D1%82%D1%8B+%D0%BD%D0%B0+%D1%82%D0%B5%D0%BC%D1%83+%22%D0%9F%D1%80%D0%BE%D0%B5%D0%BA%D1%82%D0%BD%D0%B0%D1%8F+%D0%B4%D0%B5%D1%8F%D1%82%D0%B5%D0%BB%D1%8C%D0%BD%D0%BE%D1%81%D1%82%D0%B8+%D0%B1%D0%B8%D0%B1%D0%BB%D0%B8%D0%BE%D1%82%D0%B5%D0%BA&lr=35" "Opera/9.80 (Windows NT 5.1; U; ru) Presto/2.2.15 Version/10.10"
66.249.66.77 - - [05/Jun/2012:02:24:34 +0600] "GET /content/view/548/66/ HTTP/1.0" 200 6066 "-" "Mozilla/5.0 (compatible; Googlebot/2.1; +http://www.google.com/bot.html)"
66.249.66.77 - - [05/Jun/2012:02:25:57 +0600] "GET /content/view/89/111/ HTTP/1.0" 200 11397 "-" "Mozilla/5.0 (compatible; Googlebot/2.1; +http://www.google.com/bot.html)"
66.249.66.77 - - [05/Jun/2012:02:28:03 +0600] "GET /content/view/273/66/ HTTP/1.0" 200 5850 "-" "Mozilla/5.0 (compatible; Googlebot/2.1; +http://www.google.com/bot.html)"
217.66.152.28 - - [05/Jun/2012:02:29:37 +0600] "GET /content/view/53/47 HTTP/1.0" 200 7328 "http://yandex.ru/yandsearch?p=4&text=%D0%B1%D0%B8%D0%B1%D0%BB%D0%B8%D0%BE%D1%82%D0%B5%D0%BA%D0%B0+%D1%81%D1%86%D0%B5%D0%BD%D0%B0%D1%80%D0%B8%D0%B8&lr=19" "Opera/9.80 (Windows NT 5.1; U; ru) Presto/2.2.15 Version/10.00"
213.180.206.197 - - [05/Jun/2012:02:31:00 +0600] "GET / HTTP/1.0" 200 23970 "-" "Mozilla/5.0 (compatible; YandexMetrika/2.0; +http://yandex.com/bots)"
217.66.152.28 - - [05/Jun/2012:02:33:45 +0600] "GET /content/view/885/253/ HTTP/1.0" 200 10168 "http://csdb.ufanet.ru/content/view/53/47" "Opera/9.80 (Windows NT 5.1; U; ru) Presto/2.2.15 Version/10.00"
178.154.163.30 - - [05/Jun/2012:02:34:03 +0600] "GET /files/scen_prazd/openNDK.pdf HTTP/1.0" 200 115591 "-" "Mozilla/5.0 (compatible; YandexDirect/3.0; +http://yandex.com/bots)"
66.249.66.77 - - [05/Jun/2012:02:35:25 +0600] "GET /content/view/312/161/ HTTP/1.0" 200 4112 "-" "Mozilla/5.0 (compatible; Googlebot/2.1; +http://www.google.com/bot.html)"
217.66.152.28 - - [05/Jun/2012:02:35:54 +0600] "GET /content/view/886/254/ HTTP/1.0" 200 8723 "http://csdb.ufanet.ru/content/view/53/47" "Opera/9.80 (Windows NT 5.1; U; ru) Presto/2.2.15 Version/10.00"
217.66.152.28 - - [05/Jun/2012:02:38:44 +0600] "GET /content/view/887/255/ HTTP/1.0" 200 10041 "http://csdb.ufanet.ru/content/view/53/47" "Opera/9.80 (Windows NT 5.1; U; ru) Presto/2.2.15 Version/10.00"
217.66.152.28 - - [05/Jun/2012:02:39:53 +0600] "GET /content/view/888/256/ HTTP/1.0" 200 8245 "http://csdb.ufanet.ru/content/view/53/47" "Opera/9.80 (Windows NT 5.1; U; ru) Presto/2.2.15 Version/10.00"
217.66.152.28 - - [05/Jun/2012:02:40:41 +0600] "GET /content/view/81/115/ HTTP/1.0" 200 11315 "http://csdb.ufanet.ru/content/view/53/47" "Opera/9.80 (Windows NT 5.1; U; ru) Presto/2.2.15 Version/10.00"
66.249.71.59 - - [05/Jun/2012:02:40:59 +0600] "GET /content/view/989/127/ HTTP/1.0" 200 5560 "-" "Mozilla/5.0 (compatible; Googlebot/2.1; +http://www.google.com/bot.html)"
68.233.226.103 - - [05/Jun/2012:02:41:16 +0600] "GET /content/view/793/3/index.php?option=com_contact&Itemid=3 HTTP/1.0" 200 13043 "-" "Mozilla/5.0 (Windows NT 5.1) AppleWebKit/535.2 (KHTML, like Gecko) Chrome/15.0.872.0 Safari/535.2"
65.52.110.200 - - [05/Jun/2012:02:42:37 +0600] "GET /index.php?option=com_content&task=view&id=132&Itemid=66 HTTP/1.0" 200 7408 "-" "Mozilla/5.0 (compatible; bingbot/2.0; +http://www.bing.com/bingbot.htm)"
66.249.66.77 - - [05/Jun/2012:02:44:24 +0600] "GET /content/view/976/1/ HTTP/1.0" 200 7401 "-" "Mozilla/5.0 (compatible; Googlebot/2.1; +http://www.google.com/bot.html)"
217.66.152.28 - - [05/Jun/2012:02:45:43 +0600] "GET /content/view/82/109/ HTTP/1.0" 200 9639 "http://csdb.ufanet.ru/content/view/53/47" "Opera/9.80 (Windows NT 5.1; U; ru) Presto/2.2.15 Version/10.00"
217.66.152.28 - - [05/Jun/2012:02:46:50 +0600] "GET /content/view/87/107/ HTTP/1.0" 200 8384 "http://csdb.ufanet.ru/content/view/53/47" "Opera/9.80 (Windows NT 5.1; U; ru) Presto/2.2.15 Version/10.00"
46.33.234.126 - - [05/Jun/2012:02:47:03 +0600] "GET /content/view/643/52/ HTTP/1.0" 200 8026 "-" "Mozilla/5.0 (Windows NT 6.1) AppleWebKit/536.5 (KHTML, like Gecko) Chrome/19.0.1084.52 Safari/536.5"
217.66.152.28 - - [05/Jun/2012:02:47:49 +0600] "GET /content/view/90/112/ HTTP/1.0" 200 12768 "http://csdb.ufanet.ru/content/view/53/47" "Opera/9.80 (Windows NT 5.1; U; ru) Presto/2.2.15 Version/10.00"
217.66.152.28 - - [05/Jun/2012:02:48:50 +0600] "GET /content/view/91/110/ HTTP/1.0" 200 9807 "http://csdb.ufanet.ru/content/view/53/47" "Opera/9.80 (Windows NT 5.1; U; ru) Presto/2.2.15 Version/10.00"
217.66.152.28 - - [05/Jun/2012:02:49:55 +0600] "GET /content/view/125/146/ HTTP/1.0" 200 7533 "http://csdb.ufanet.ru/content/view/53/47" "Opera/9.80 (Windows NT 5.1; U; ru) Presto/2.2.15 Version/10.00"
157.55.17.197 - - [05/Jun/2012:02:50:24 +0600] "GET / HTTP/1.0" 200 6474 "-" "Mozilla/5.0 (compatible; bingbot/2.0; +http://www.bing.com/bingbot.htm)"
66.249.66.77 - - [05/Jun/2012:02:50:31 +0600] "GET /content/view/556/66/ HTTP/1.0" 200 5944 "-" "Mozilla/5.0 (compatible; Googlebot/2.1; +http://www.google.com/bot.html)"
217.66.152.28 - - [05/Jun/2012:02:51:15 +0600] "GET /content/view/126/145/ HTTP/1.0" 200 7792 "http://csdb.ufanet.ru/content/view/53/47" "Opera/9.80 (Windows NT 5.1; U; ru) Presto/2.2.15 Version/10.00"
217.66.152.28 - - [05/Jun/2012:02:52:12 +0600] "GET /files/scen_prazd/dorogavkosmos.pdf HTTP/1.0" 200 105363 "http://csdb.ufanet.ru/content/view/53/47" "Opera/9.80 (Windows NT 5.1; U; ru) Presto/2.2.15 Version/10.00"
66.249.71.59 - - [05/Jun/2012:02:52:53 +0600] "GET /content/view/867/223/ HTTP/1.0" 200 6587 "-" "Mozilla/5.0 (compatible; Googlebot/2.1; +http://www.google.com/bot.html)"
217.66.152.28 - - [05/Jun/2012:02:54:07 +0600] "GET /files/scen_prazd/Jitelidrujnoiplaneti.pdf HTTP/1.0" 200 85027 "http://csdb.ufanet.ru/content/view/53/47" "Opera/9.80 (Windows NT 5.1; U; ru) Presto/2.2.15 Version/10.00"
217.66.152.28 - - [05/Jun/2012:02:55:10 +0600] "GET /content/view/52/47/ HTTP/1.0" 200 6533 "http://csdb.ufanet.ru/content/view/53/47" "Opera/9.80 (Windows NT 5.1; U; ru) Presto/2.2.15 Version/10.00"
217.66.152.28 - - [05/Jun/2012:02:56:00 +0600] "GET /content/section/6/53/ HTTP/1.0" 200 5182 "http://csdb.ufanet.ru/content/view/52/47/" "Opera/9.80 (Windows NT 5.1; U; ru) Presto/2.2.15 Version/10.00"
217.66.152.28 - - [05/Jun/2012:02:56:25 +0600] "GET /content/category/6/15/53/ HTTP/1.0" 200 5316 "http://csdb.ufanet.ru/content/section/6/53/" "Opera/9.80 (Windows NT 5.1; U; ru) Presto/2.2.15 Version/10.00"
217.66.152.28 - - [05/Jun/2012:02:56:39 +0600] "GET /content/category/7/20/52/ HTTP/1.0" 200 5678 "http://csdb.ufanet.ru/content/category/6/15/53/" "Opera/9.80 (Windows NT 5.1; U; ru) Presto/2.2.15 Version/10.00"
66.249.66.77 - - [05/Jun/2012:02:56:40 +0600] "GET /content/view/213/66/ HTTP/1.0" 200 6178 "-" "Mozilla/5.0 (compatible; Googlebot/2.1; +http://www.google.com/bot.html)"
217.66.152.28 - - [05/Jun/2012:02:57:07 +0600] "GET /content/view/116/52/ HTTP/1.0" 200 6306 "http://csdb.ufanet.ru/content/category/7/20/52/" "Opera/9.80 (Windows NT 5.1; U; ru) Presto/2.2.15 Version/10.00"
157.56.229.44 - - [05/Jun/2012:03:11:44 +0600] "GET /BingSiteAuth.xml HTTP/1.0" 200 85 "-" "Mozilla/4.0 (compatible; MSIE 8.0; Windows NT 6.1; Win64; x64; Trident/4.0)"
66.249.66.77 - - [05/Jun/2012:03:12:20 +0600] "GET /content/view/751/64/ HTTP/1.0" 200 5093 "-" "Mozilla/5.0 (compatible; Googlebot/2.1; +http://www.google.com/bot.html)"
66.249.66.77 - - [05/Jun/2012:03:12:48 +0600] "GET /goroddetstva/7/5/22/22/SemCHydesSveta.ppt HTTP/1.0" 200 992256 "-" "Mozilla/5.0 (compatible; Googlebot/2.1; +http://www.google.com/bot.html)"
68.233.226.103 - - [05/Jun/2012:03:13:20 +0600] "GET /content/view/793/3/index.php?option=com_search&Itemid=5 HTTP/1.0" 200 13043 "-" "Mozilla/5.0 (Windows NT 5.1) AppleWebKit/535.2 (KHTML, like Gecko) Chrome/15.0.872.0 Safari/535.2"
178.70.178.165 - - [05/Jun/2012:03:14:21 +0600] "GET /content/view/75/55/ HTTP/1.0" 200 6494 "http://go.mail.ru/search?q=%D0%BA%D0%BB%D1%83%D0%B1%D1%8B%20%D0%BA%D0%BE%D0%BC%D0%BF%D1%8C%D1%8E%D1%82%D0%B5%D1%80%D0%BD%D0%BE%D0%B9%20%D0%B3%D1%80%D0%B0%D0%BC%D0%BE%D1%82%D0%BD%D0%BE%D1%81%D1%82%D0%B8%20%20%D0%B2%20%D0%B1%D0%B8%D0%B1%D0%BB%D0%B8%D0%BE%D1%82%D0%B5%D0%BA%D0%B0%D1%85%20&num=10&rch=e&sf=10" "Mozilla/5.0 (Windows NT 5.1) AppleWebKit/536.5 (KHTML, like Gecko) Chrome/19.0.1084.52 Safari/536.5"
178.70.178.165 - - [05/Jun/2012:03:15:00 +0600] "GET /content/view/794/55/ HTTP/1.0" 200 5688 "http://csdb.ufanet.ru/content/view/75/55/" "Mozilla/5.0 (Windows NT 5.1) AppleWebKit/536.5 (KHTML, like Gecko) Chrome/19.0.1084.52 Safari/536.5"
178.70.178.165 - - [05/Jun/2012:03:15:26 +0600] "GET /content/view/75/55/ HTTP/1.0" 200 6495 "http://go.mail.ru/search?q=%D0%BA%D0%BB%D1%83%D0%B1%D1%8B%20%D0%BA%D0%BE%D0%BC%D0%BF%D1%8C%D1%8E%D1%82%D0%B5%D1%80%D0%BD%D0%BE%D0%B9%20%D0%B3%D1%80%D0%B0%D0%BC%D0%BE%D1%82%D0%BD%D0%BE%D1%81%D1%82%D0%B8%20%20%D0%B2%20%D0%B1%D0%B8%D0%B1%D0%BB%D0%B8%D0%BE%D1%82%D0%B5%D0%BA%D0%B0%D1%85%20&num=10&rch=e&sf=10" "Mozilla/5.0 (Windows NT 5.1) AppleWebKit/536.5 (KHTML, like Gecko) Chrome/19.0.1084.52 Safari/536.5"
213.180.206.197 - - [05/Jun/2012:03:15:33 +0600] "GET / HTTP/1.0" 200 24020 "-" "Mozilla/5.0 (compatible; YandexMetrika/2.0; +http://yandex.com/bots)"
178.70.178.165 - - [05/Jun/2012:03:15:34 +0600] "GET /component/option,com_facileforms/Itemid,71/ HTTP/1.0" 200 5250 "http://csdb.ufanet.ru/content/view/75/55/" "Mozilla/5.0 (Windows NT 5.1) AppleWebKit/536.5 (KHTML, like Gecko) Chrome/19.0.1084.52 Safari/536.5"
178.70.178.165 - - [05/Jun/2012:03:15:34 +0600] "GET /index2.php?option=com_facileforms&Itemid=71&ff_form=11&ff_frame=1&ff_border=1 HTTP/1.0" 200 4076 "http://csdb.ufanet.ru/component/option,com_facileforms/Itemid,71/" "Mozilla/5.0 (Windows NT 5.1) AppleWebKit/536.5 (KHTML, like Gecko) Chrome/19.0.1084.52 Safari/536.5"
178.70.178.165 - - [05/Jun/2012:03:15:35 +0600] "GET /components/com_facileforms/secimage.php?sessid=c7ec0qnpkho0nofs4vr5lb0en5 HTTP/1.0" 200 275 "http://csdb.ufanet.ru/index2.php?option=com_facileforms&Itemid=71&ff_form=11&ff_frame=1&ff_border=1" "Mozilla/5.0 (Windows NT 5.1) AppleWebKit/536.5 (KHTML, like Gecko) Chrome/19.0.1084.52 Safari/536.5"
