66.249.66.77 - - [31/May/2012:23:35:02 +0600] "GET /content/view/437/90/ HTTP/1.0" 200 4580 "-" "Mozilla/5.0 (compatible; Googlebot/2.1; +http://www.google.com/bot.html)"
94.41.42.70 - - [31/May/2012:23:35:40 +0600] "GET / HTTP/1.0" 200 6488 "-" "Mozilla/5.0 (Windows NT 6.1) AppleWebKit/536.5 (KHTML, like Gecko) Chrome/19.0.1084.52 Safari/536.5"
217.69.134.91 - - [31/May/2012:23:35:41 +0600] "GET /content/view/523/210/ HTTP/1.0" 200 13910 "-" "Mozilla/5.0 (compatible; Mail.RU/2.0)"
94.41.42.70 - - [31/May/2012:23:35:42 +0600] "GET /images/cgdb.swf HTTP/1.0" 206 1 "http://csdb.ufanet.ru/" "Mozilla/5.0 (Windows NT 6.1) AppleWebKit/536.5 (KHTML, like Gecko) Chrome/19.0.1084.52 Safari/536.5"
94.41.42.70 - - [31/May/2012:23:35:42 +0600] "GET /images/cgdb.swf HTTP/1.0" 206 12283719 "http://csdb.ufanet.ru/" "Mozilla/5.0 (Windows NT 6.1) AppleWebKit/536.5 (KHTML, like Gecko) Chrome/19.0.1084.52 Safari/536.5"
217.69.134.91 - - [31/May/2012:23:35:58 +0600] "GET /files/ucazatel/salavat.pdf HTTP/1.0" 200 264049 "-" "Mozilla/5.0 (compatible; Mail.RU/2.0)"
94.41.42.70 - - [31/May/2012:23:36:06 +0600] "GET /content/blogcategory/1/66/ HTTP/1.0" 200 7457 "http://csdb.ufanet.ru/" "Mozilla/5.0 (Windows NT 6.1) AppleWebKit/536.5 (KHTML, like Gecko) Chrome/19.0.1084.52 Safari/536.5"
217.69.134.91 - - [31/May/2012:23:36:07 +0600] "GET /content/view/204/47 HTTP/1.0" 200 33766 "-" "Mozilla/5.0 (compatible; Mail.RU/2.0)"
141.101.13.19 - - [31/May/2012:23:36:12 +0600] "GET /content/blogcategory/1/66/ HTTP/1.0" 200 7458 "-" "Mozilla/5.0 (Windows NT 6.1) AppleWebKit/536.5 (KHTML, like Gecko) Chrome/19.0.1084.52 Safari/536.5"
94.41.42.70 - - [31/May/2012:23:36:16 +0600] "GET /images/mb/img38/free_access.swf HTTP/1.0" 206 1 "http://csdb.ufanet.ru/mb38/" "Mozilla/5.0 (Windows NT 6.1) AppleWebKit/536.5 (KHTML, like Gecko) Chrome/19.0.1084.52 Safari/536.5"
94.41.42.70 - - [31/May/2012:23:36:16 +0600] "GET /images/mb/img38/free_access.swf HTTP/1.0" 206 5848243 "http://csdb.ufanet.ru/mb38/" "Mozilla/5.0 (Windows NT 6.1) AppleWebKit/536.5 (KHTML, like Gecko) Chrome/19.0.1084.52 Safari/536.5"
217.69.134.91 - - [31/May/2012:23:37:03 +0600] "GET /content/view/57/53 HTTP/1.0" 200 62341 "-" "Mozilla/5.0 (compatible; Mail.RU/2.0)"
95.105.1.181 - - [31/May/2012:23:47:49 +0600] "GET /content/view/488/219/ HTTP/1.0" 200 6054 "http://www.google.ru/url?sa=t&rct=j&q=%D1%83%D1%84%D0%B0%20%D0%BA%D0%B8%D0%BD%D0%BE%D1%82%D0%B5%D0%B0%D1%82%D1%80%20%D1%84%D1%83%D1%80%D0%BE%D1%80&source=web&cd=1&ved=0CFQQFjAA&url=http%3A%2F%2Fcsdb.ufanet.ru%2Fcontent%2Fview%2F488%2F219%2F&ei=v67HT7OjINPS4QSvgc2yDg&usg=AFQjCNFNafzerDq3PNKeoORgVKGCiwcloQ&sig2=UthPCBCT7ydfVZ1x43yMIQ&cad=rjt" "Mozilla/5.0 (Windows NT 5.1) AppleWebKit/535.7 (KHTML, like Gecko) Chrome/16.0.912.75 Safari/535.7"
208.115.113.86 - - [31/May/2012:23:47:51 +0600] "GET /index2.php?option=com_content&task=view&id=799&pop=1&page=5&Itemid=66 HTTP/1.0" 200 3698 "-" "Mozilla/5.0 (compatible; Ezooms/1.0; ezooms.bot@gmail.com)"
178.154.163.30 - - [31/May/2012:23:48:54 +0600] "GET /mb38/ HTTP/1.0" 304 - "-" "Mozilla/5.0 (compatible; YandexBot/3.0; +http://yandex.com/bots)"
66.249.66.77 - - [31/May/2012:23:49:51 +0600] "GET /content/view/211/90/ HTTP/1.0" 200 4991 "-" "Mozilla/5.0 (compatible; Googlebot/2.1; +http://www.google.com/bot.html)"
217.69.134.91 - - [31/May/2012:23:52:29 +0600] "GET /content/view/96/66/ HTTP/1.0" 200 22007 "-" "Mozilla/5.0 (compatible; Mail.RU/2.0)"
217.69.134.91 - - [31/May/2012:23:53:32 +0600] "GET /content/view/470/67/ HTTP/1.0" 200 9418 "-" "Mozilla/5.0 (compatible; Mail.RU/2.0)"
68.233.226.103 - - [31/May/2012:23:56:01 +0600] "GET /content/view/783/content/view/794/1/ HTTP/1.0" 200 13558 "-" "Mozilla/5.0 (Windows NT 5.1) AppleWebKit/535.2 (KHTML, like Gecko) Chrome/15.0.872.0 Safari/535.2"
66.249.66.77 - - [31/May/2012:23:57:07 +0600] "GET /content/view/995/1/ HTTP/1.0" 200 6247 "-" "Mozilla/5.0 (compatible; Googlebot/2.1; +http://www.google.com/bot.html)"
213.180.206.197 - - [31/May/2012:23:57:42 +0600] "GET / HTTP/1.0" 200 24203 "-" "Mozilla/5.0 (compatible; YandexMetrika/2.0; +http://yandex.com/bots)"
66.249.66.77 - - [31/May/2012:23:58:05 +0600] "GET /content/view/185/90/ HTTP/1.0" 200 4483 "-" "Mozilla/5.0 (compatible; Googlebot/2.1; +http://www.google.com/bot.html)"
91.79.255.175 - - [31/May/2012:23:59:50 +0600] "GET /files/ucazatel/zoshenk.pdf HTTP/1.0" 200 122107 "http://yandex.ru/yandsearch?p=2&text=%D0%BC.%D0%BC.%D0%B7%D0%BE%D1%89%D0%B5%D0%BD%D0%BA%D0%BE+%D0%B3%D0%B0%D0%BB%D0%BE%D1%88%D0%B8+%D0%B8+%D0%BC%D0%BE%D1%80%D0%BE%D0%B6%D0%B5%D0%BD%D0%BE%D0%B5+%D1%87%D0%B8%D1%82%D0%B0%D1%82%D1%8C&lr=213" "Mozilla/5.0 (Windows NT 5.1; rv:12.0) Gecko/20100101 Firefox/12.0"
217.118.95.89 - - [01/Jun/2012:00:01:31 +0600] "GET /content/view/976/235/ HTTP/1.0" 200 6093 "http://www.google.ru/url?sa=t&rct=j&q=+%D0%9A%D0%BE%D0%BD%D0%BA%D1%83%D1%81%D0%BD%D0%B0%D1%8F+-+%D0%B8%D0%B3%D1%80%D0%BE%D0%B2%D0%B0%D1%8F+%D0%BF%D1%80%D0%BE%D0%B3%D1%80%D0%B0%D0%BC%D0%BC%D0%B0+%D0%BA%D0%BE+%D0%B4%D0%B5%D0%BD%D1%8E+%D0%B7%D0%B0%D1%89%D0%B8%D1%82%D1%8B+%D0%B4%D0%B5%D1%82%D0%B5%D0%B9&source=web&cd=1&ved=0CFsQFjAA&url=http%3A%2F%2Fcsdb.ufanet.ru%2Fcontent%2Fview%2F976%2F235%2F&ei=vbHHT7vHHIGZOp-2-doO&usg=AFQjCNGbx71kVJ8cAhc8kY_PhMQxBLu-ew&cad=rjt" "Mozilla/5.0 (Windows NT 5.1) AppleWebKit/536.5 (KHTML, like Gecko) Chrome/19.0.1084.52 Safari/536.5"
31.184.238.59 - - [01/Jun/2012:00:13:58 +0600] "GET / HTTP/1.0" 200 24203 "http://csdb.ufanet.ru/" "Mozilla/4.0 (compatible; MSIE 6.0; Windows NT 5.1; MRA 4.3 (build 01218); .NET CLR 1.1.4322)"
95.129.137.176 - - [01/Jun/2012:00:19:35 +0600] "GET /content/view/53/47 HTTP/1.0" 200 7379 "http://yandex.ru/yandsearch?p=1&text=%D1%81%D1%86%D0%B5%D0%BD%D0%B0%D1%80%D0%B8%D0%B9+%D0%BE%D1%82%D0%BA%D1%80%D1%8B%D1%82%D0%B8%D1%8F+%D0%B2%D1%8B%D1%81%D1%82%D0%B0%D0%B2%D0%BA%D0%B8+%D0%BC%D0%B8%D1%84%D0%B8%D1%87%D0%B5%D1%81%D0%BA%D0%B8%D1%85+%D1%81%D1%83%D1%89%D0%B5%D1%81%D1%82%D0%B2++%D0%B4%D0%B5%D1%82%D1%81%D0%BA%D0%B8%D1%85+%D1%80%D0%B0%D0%B1%D0%BE%D1%82&clid=9403&lr=10837" "Opera/9.80 (Windows NT 5.1; U; MRA 5.10 (build 5310); ru) Presto/2.10.229 Version/11.64"
208.115.113.86 - - [01/Jun/2012:00:19:57 +0600] "GET /index2.php?option=com_content&task=view&id=799&pop=1&page=5&Itemid=66 HTTP/1.0" 200 3698 "-" "Mozilla/5.0 (compatible; Ezooms/1.0; ezooms.bot@gmail.com)"
68.233.226.103 - - [01/Jun/2012:00:20:27 +0600] "GET /content/view/791/1/index.php?option=com_search&Itemid=5 HTTP/1.0" 200 13558 "-" "Mozilla/5.0 (Windows NT 5.1) AppleWebKit/535.2 (KHTML, like Gecko) Chrome/15.0.872.0 Safari/535.2"
77.79.168.242 - - [01/Jun/2012:00:24:18 +0600] "GET / HTTP/1.0" 200 6463 "http://yaca.yandex.ru/yca/time/geo/Russia/Volga/Bashkortostan/Ufa/cat/Culture/Literature/" "Mozilla/5.0 (Windows NT 6.1) AppleWebKit/536.5 (KHTML, like Gecko) Chrome/19.0.1084.52 Safari/536.5"
77.79.168.242 - - [01/Jun/2012:00:24:19 +0600] "GET /images/cgdb.swf HTTP/1.0" 200 19792297 "http://csdb.ufanet.ru/" "Mozilla/5.0 (Windows NT 6.1) AppleWebKit/536.5 (KHTML, like Gecko) Chrome/19.0.1084.52 Safari/536.5"
77.79.168.242 - - [01/Jun/2012:00:25:23 +0600] "GET /content/section/6/53/ HTTP/1.0" 200 5276 "http://csdb.ufanet.ru/" "Mozilla/5.0 (Windows NT 6.1) AppleWebKit/536.5 (KHTML, like Gecko) Chrome/19.0.1084.52 Safari/536.5"
77.79.168.242 - - [01/Jun/2012:00:25:28 +0600] "GET /content/category/6/21/53/ HTTP/1.0" 200 5356 "http://csdb.ufanet.ru/content/section/6/53/" "Mozilla/5.0 (Windows NT 6.1) AppleWebKit/536.5 (KHTML, like Gecko) Chrome/19.0.1084.52 Safari/536.5"
77.79.168.242 - - [01/Jun/2012:00:25:31 +0600] "GET /content/view/63/53/ HTTP/1.0" 200 5811 "http://csdb.ufanet.ru/content/category/6/21/53/" "Mozilla/5.0 (Windows NT 6.1) AppleWebKit/536.5 (KHTML, like Gecko) Chrome/19.0.1084.52 Safari/536.5"
178.154.163.30 - - [01/Jun/2012:00:26:21 +0600] "GET /content/view/976/1/ HTTP/1.0" 200 7455 "-" "Mozilla/5.0 (compatible; YandexDirect/3.0; +http://yandex.com/bots)"
85.173.117.255 - - [01/Jun/2012:00:28:39 +0600] "GET /content/view/96/66 HTTP/1.0" 200 6219 "http://yandex.ru/yandsearch?text=%D0%B2%D1%8B%D1%81%D1%81%D1%82%D0%B0%D0%B2%D0%BA%D0%B0+%D0%B2+%D0%B1%D0%B8%D0%B1%D0%BB%D0%B8%D0%BE%D1%82%D0%BA%D0%B5+%D0%BD%D0%B0+%D0%B2%D1%81%D0%B5%D1%85+%D0%BF%D0%B0%D1%80%D1%83%D1%81%D0%B0%D1%85+%D0%B2+%D0%BB%D0%B5%D1%82%D0%BE&clid=9403&lr=30" "Opera/9.80 (Windows NT 5.1; U; ru) Presto/2.10.229 Version/11.64"
85.173.117.255 - - [01/Jun/2012:00:28:53 +0600] "GET /content/category/5/18/47/ HTTP/1.0" 200 5532 "http://csdb.ufanet.ru/content/view/96/66" "Opera/9.80 (Windows NT 5.1; U; ru) Presto/2.10.229 Version/11.64"
85.173.117.255 - - [01/Jun/2012:00:29:03 +0600] "GET /component/option,com_facileforms/Itemid,71/ HTTP/1.0" 200 5265 "http://csdb.ufanet.ru/content/category/5/18/47/" "Opera/9.80 (Windows NT 5.1; U; ru) Presto/2.10.229 Version/11.64"
85.173.117.255 - - [01/Jun/2012:00:29:04 +0600] "GET /index2.php?option=com_facileforms&Itemid=71&ff_form=11&ff_frame=1&ff_border=1 HTTP/1.0" 200 4051 "http://csdb.ufanet.ru/component/option,com_facileforms/Itemid,71/" "Opera/9.80 (Windows NT 5.1; U; ru) Presto/2.10.229 Version/11.64"
85.173.117.255 - - [01/Jun/2012:00:29:05 +0600] "GET /components/com_facileforms/secimage.php?sessid=d9bj8hp0i2h35ji5l4o59kb3e0 HTTP/1.0" 200 268 "http://csdb.ufanet.ru/index2.php?option=com_facileforms&Itemid=71&ff_form=11&ff_frame=1&ff_border=1" "Opera/9.80 (Windows NT 5.1; U; ru) Presto/2.10.229 Version/11.64"
85.173.117.255 - - [01/Jun/2012:00:29:20 +0600] "GET /content/category/14/42/183/ HTTP/1.0" 200 5747 "http://csdb.ufanet.ru/component/option,com_facileforms/Itemid,71/" "Opera/9.80 (Windows NT 5.1; U; ru) Presto/2.10.229 Version/11.64"
85.173.117.255 - - [01/Jun/2012:00:29:27 +0600] "GET /content/section/6/53/ HTTP/1.0" 200 5235 "http://csdb.ufanet.ru/content/category/14/42/183/" "Opera/9.80 (Windows NT 5.1; U; ru) Presto/2.10.229 Version/11.64"
85.173.117.255 - - [01/Jun/2012:00:29:32 +0600] "GET /content/category/7/20/52/ HTTP/1.0" 200 5729 "http://csdb.ufanet.ru/content/section/6/53/" "Opera/9.80 (Windows NT 5.1; U; ru) Presto/2.10.229 Version/11.64"
85.173.117.255 - - [01/Jun/2012:00:29:41 +0600] "GET /content/view/843/52/ HTTP/1.0" 200 5606 "http://csdb.ufanet.ru/content/category/7/20/52/" "Opera/9.80 (Windows NT 5.1; U; ru) Presto/2.10.229 Version/11.64"
213.180.206.197 - - [01/Jun/2012:00:31:30 +0600] "GET / HTTP/1.0" 200 24234 "-" "Mozilla/5.0 (compatible; YandexMetrika/2.0; +http://yandex.com/bots)"
178.154.163.30 - - [01/Jun/2012:00:33:38 +0600] "GET /content/section/6/53/ HTTP/1.0" 200 5276 "-" "Mozilla/5.0 (compatible; YandexBot/3.0; +http://yandex.com/bots)"
178.154.163.30 - - [01/Jun/2012:00:33:40 +0600] "GET /content/view/63/53/ HTTP/1.0" 200 5810 "-" "Mozilla/5.0 (compatible; YandexBot/3.0; +http://yandex.com/bots)"
178.154.163.30 - - [01/Jun/2012:00:33:42 +0600] "GET /content/category/6/21/53/ HTTP/1.0" 200 5352 "-" "Mozilla/5.0 (compatible; YandexBot/3.0; +http://yandex.com/bots)"
66.249.66.77 - - [01/Jun/2012:00:36:40 +0600] "GET /content/view/721/5/ HTTP/1.0" 200 5858 "-" "Mozilla/5.0 (compatible; Googlebot/2.1; +http://www.google.com/bot.html)"
66.249.66.77 - - [01/Jun/2012:00:38:04 +0600] "GET /content/view/996/1/ HTTP/1.0" 200 7408 "-" "Mozilla/5.0 (compatible; Googlebot/2.1; +http://www.google.com/bot.html)"
83.169.60.25 - - [01/Jun/2012:00:38:12 +0600] "GET / HTTP/1.0" 200 24244 "-" "Mozilla/5.0 (Windows; U; Windows NT 6.0; de; rv:1.9.0.6) Gecko/2009011913 Firefox/3.0.6"
83.169.60.25 - - [01/Jun/2012:00:38:12 +0600] "GET /20e6a4bb032fcfae5d.php HTTP/1.0" 404 299 "-" "Mozilla/5.0 (Windows; U; Windows NT 6.0; de; rv:1.9.0.6) Gecko/2009011913 Firefox/3.0.6"
66.249.66.77 - - [01/Jun/2012:00:40:07 +0600] "GET /content/view/205/1/ HTTP/1.0" 200 6685 "-" "Mozilla/5.0 (compatible; Googlebot/2.1; +http://www.google.com/bot.html)"
178.154.163.30 - - [01/Jun/2012:00:41:02 +0600] "GET /content/category/7/20/52/ HTTP/1.0" 200 5768 "-" "Mozilla/5.0 (compatible; YandexBot/3.0; +http://yandex.com/bots)"
178.154.163.30 - - [01/Jun/2012:00:41:04 +0600] "GET /content/category/14/42/183/ HTTP/1.0" 200 5794 "-" "Mozilla/5.0 (compatible; YandexBot/3.0; +http://yandex.com/bots)"
178.154.163.30 - - [01/Jun/2012:00:41:06 +0600] "GET /component/option,com_facileforms/Itemid,71/ HTTP/1.0" 200 5309 "-" "Mozilla/5.0 (compatible; YandexBot/3.0; +http://yandex.com/bots)"
178.154.163.30 - - [01/Jun/2012:00:41:09 +0600] "GET /content/category/5/18/47/ HTTP/1.0" 200 5574 "-" "Mozilla/5.0 (compatible; YandexBot/3.0; +http://yandex.com/bots)"
178.129.107.150 - - [01/Jun/2012:00:45:04 +0600] "GET /content/view/976/1/ HTTP/1.0" 200 7368 "http://yandex.ru/yandsearch?text=%D0%BC%D0%B5%D1%80%D0%BE%D0%BF%D1%80%D0%B8%D1%8F%D1%82%D0%B8%D1%8F+%D0%BA%D0%BE+%D0%B4%D0%BD%D1%8E+%D0%B7%D0%B0%D1%89%D0%B8%D1%82%D1%8B+%D0%B4%D0%B5%D1%82%D0%B5%D0%B9+%D0%B2+%D1%88%D0%BA%D0%BE%D0%BB%D0%B5&clid=9403&lr=172" "Opera/9.80 (Windows NT 6.1; WOW64; U; ru) Presto/2.10.229 Version/11.64"
178.19.255.7 - - [01/Jun/2012:00:48:07 +0600] "GET /content/view/473/85/ HTTP/1.0" 200 3399 "http://go.mail.ru/search_images?rch=l&type=all&is=0&q=%D0%B4%D0%B8%D0%BF%D0%BB%D0%BE%D0%BC" "Mozilla/5.0 (Windows NT 6.0; rv:12.0) Gecko/20100101 Firefox/12.0"
178.129.107.150 - - [01/Jun/2012:00:49:20 +0600] "GET /content/view/976/1/ HTTP/1.0" 200 7391 "http://yandex.ru/yandsearch?text=%D0%BC%D0%B5%D1%80%D0%BE%D0%BF%D1%80%D0%B8%D1%8F%D1%82%D0%B8%D0%B5+%D0%BA%D0%BE+%D0%B4%D0%BD%D1%8E+%D0%B7%D0%B0%D1%89%D0%B8%D1%82%D1%8B+%D0%B4%D0%B5%D1%82%D0%B5%D0%B9&clid=9403&lr=172" "Opera/9.80 (Windows NT 6.1; WOW64; U; ru) Presto/2.10.229 Version/11.64"
46.159.13.164 - - [01/Jun/2012:00:53:24 +0600] "GET / HTTP/1.0" 200 24243 "http://clipovo.ru/news.php?extend.1900" "Mozila/4.0(compatible; MSIE 6.0; Windows NT 5.1)"
176.213.224.103 - - [01/Jun/2012:01:00:38 +0600] "GET /content/view/288/122/ HTTP/1.0" 200 39786 "-" "Mozilla/5.0 (compatible; MSIE 9.0; Windows NT 6.1; Trident/5.0)"
66.249.66.77 - - [01/Jun/2012:01:01:24 +0600] "GET /content/view/759/5/ HTTP/1.0" 200 6251 "-" "Mozilla/5.0 (compatible; Googlebot/2.1; +http://www.google.com/bot.html)"
66.249.66.77 - - [01/Jun/2012:01:03:04 +0600] "GET /content/view/98/5/ HTTP/1.0" 200 5793 "-" "Mozilla/5.0 (compatible; Googlebot/2.1; +http://www.google.com/bot.html)"
213.180.206.197 - - [01/Jun/2012:01:04:07 +0600] "GET / HTTP/1.0" 200 24243 "-" "Mozilla/5.0 (compatible; YandexMetrika/2.0; +http://yandex.com/bots)"
66.249.66.77 - - [01/Jun/2012:01:04:46 +0600] "GET /content/view/997/1/ HTTP/1.0" 200 6397 "-" "Mozilla/5.0 (compatible; Googlebot/2.1; +http://www.google.com/bot.html)"
66.249.66.77 - - [01/Jun/2012:01:06:08 +0600] "GET /content/view/752/156/ HTTP/1.0" 200 5155 "-" "Mozilla/5.0 (compatible; Googlebot/2.1; +http://www.google.com/bot.html)"
66.249.66.77 - - [01/Jun/2012:01:06:35 +0600] "GET /content/view/166/1/ HTTP/1.0" 200 8146 "-" "Mozilla/5.0 (compatible; Googlebot/2.1; +http://www.google.com/bot.html)"
66.249.66.77 - - [01/Jun/2012:01:06:58 +0600] "GET /content/view/557/1/ HTTP/1.0" 200 7023 "-" "Mozilla/5.0 (compatible; Googlebot/2.1; +http://www.google.com/bot.html)"
178.154.163.30 - - [01/Jun/2012:01:08:42 +0600] "GET /index2.php?option=com_content&task=view&id=382&pop=1&page=0&Itemid=158 HTTP/1.0" 200 2036 "-" "Mozilla/5.0 (compatible; YandexBot/3.0; +http://yandex.com/bots)"
178.154.163.30 - - [01/Jun/2012:01:11:01 +0600] "GET /content/view/288/122/ HTTP/1.0" 200 39783 "-" "Mozilla/5.0 (compatible; YandexBot/3.0; +http://yandex.com/bots)"
184.154.48.82 - - [01/Jun/2012:01:15:15 +0600] "GET / HTTP/1.0" 200 6464 "-" "Mozilla/5.0 (compatible; MJ12bot/v1.4.3; http://www.majestic12.co.uk/bot.php?+)"
66.249.66.77 - - [01/Jun/2012:01:17:16 +0600] "GET /content/view/483/ HTTP/1.0" 200 6105 "-" "Mozilla/5.0 (compatible; Googlebot/2.1; +http://www.google.com/bot.html)"
66.249.66.77 - - [01/Jun/2012:01:18:34 +0600] "GET /content/view/322/ HTTP/1.0" 200 7596 "-" "Mozilla/5.0 (compatible; Googlebot/2.1; +http://www.google.com/bot.html)"
66.249.66.77 - - [01/Jun/2012:01:22:08 +0600] "GET /content/view/218/56/ HTTP/1.0" 200 6419 "-" "Mozilla/5.0 (compatible; Googlebot/2.1; +http://www.google.com/bot.html)"
93.157.175.82 - - [01/Jun/2012:01:23:54 +0600] "GET /files/scen_prazd/Raznocvet.doc HTTP/1.0" 200 40448 "http://yandex.ru/yandsearch?text=%D1%81%D1%86%D0%B5%D0%BD%D0%B0%D1%80%D0%B8%D0%B9+%D0%B2%D0%B8%D0%BA%D1%82%D0%BE%D1%80%D0%B8%D0%BD%D1%8B+%D0%B4%D0%BB%D1%8F+%D0%B4%D0%B5%D1%82%D0%B5%D0%B9+%D1%81+%D0%BE%D0%B3%D1%80%D0%B0%D0%BD%D0%B8%D1%87%D0%B5%D0%BD%D0%BD%D1%8B%D0%BC%D0%B8+%D0%B2%D0%BE%D0%B7%D0%BC%D0%BE%D0%B6%D0%BD%D0%BE%D1%81%D1%82%D1%8F%D0%BC%D0%B8&lr=213" "Mozilla/5.0 (Windows NT 5.1) AppleWebKit/536.5 (KHTML, like Gecko) Chrome/19.0.1084.52 Safari/536.5"
66.249.66.77 - - [01/Jun/2012:01:27:27 +0600] "GET /content/view/153/1/ HTTP/1.0" 200 7679 "-" "Mozilla/5.0 (compatible; Googlebot/2.1; +http://www.google.com/bot.html)"
95.71.176.159 - - [01/Jun/2012:01:29:37 +0600] "GET /content/view/807/66/ HTTP/1.0" 200 5880 "http://go.mail.ru/search_images?q=%D1%84%D0%BE%D1%82%D0%BE+%D0%BA%D0%BD%D0%B8%D0%B6%D0%BD%D0%BE%D0%B9+%D0%B2%D1%8B%D1%81%D1%82%D0%B0%D0%B2%D0%BA%D0%B8+%D0%BF%D0%BE%D1%81%D0%B2%D1%8F%D1%89%D0%B5%D0%BD%D0%BD%D0%B0%D1%8F+%D0%BF%D1%83%D1%88%D0%BA%D0%B8%D0%BD%D1%83+%D0%B2+%D0%B4%D0%B5%D1%82%D1%81%D0%BA%D0%BE%D0%B8%D1%85+%D0%B1%D0%B8%D0%B1%D0%BB%D0%B8%D0%BE%D1%82%D0%B5%D0%BA%D0%B0%D1%85&rch=l&jsa=1&fr=rc" "Opera/9.80 (Windows NT 5.1; U; MRA 5.9 (build 4953); ru) Presto/2.10.229 Version/11.64"
82.140.255.248 - - [01/Jun/2012:01:29:45 +0600] "GET /content/view/204/47/ HTTP/1.0" 200 10215 "http://www.google.ru/url?sa=t&rct=j&q=%D1%80%D0%B0%D0%B1%D0%BE%D1%82%D0%B0%20%D0%B2%20%D0%B4%D0%B5%D1%82%D1%81%D0%BA%D0%BE%D0%B9%20%D0%B1%D0%B8%D0%B1%D0%BB%D0%B8%D0%BE%D1%82%D0%B5%D0%BA%D0%B5%20%D0%BF%D0%BE%20%D1%8D%D0%BA%D0%BE%D0%BB%D0%BE%D0%B3%D0%B8%D0%B8&source=web&cd=13&ved=0CGUQFjACOAo&url=http%3A%2F%2Fcsdb.ufanet.ru%2Fcontent%2Fview%2F204%2F47%2F&ei=ZMbHT-OVCeGn4gTkmNDZDg&usg=AFQjCNHq-a7xRJ0ytVIeOUW6Qa9yO1lXKg&cad=rjt" "Opera/9.80 (Windows NT 5.1; U; ru) Presto/2.10.229 Version/11.64"
95.71.176.159 - - [01/Jun/2012:01:30:00 +0600] "GET /content/view/800/66/ HTTP/1.0" 200 7186 "http://csdb.ufanet.ru/content/view/807/66/" "Opera/9.80 (Windows NT 5.1; U; MRA 5.9 (build 4953); ru) Presto/2.10.229 Version/11.64"
95.71.176.159 - - [01/Jun/2012:01:30:14 +0600] "GET /content/category/7/20/52/ HTTP/1.0" 200 5728 "http://csdb.ufanet.ru/content/view/800/66/" "Opera/9.80 (Windows NT 5.1; U; MRA 5.9 (build 4953); ru) Presto/2.10.229 Version/11.64"
95.71.176.159 - - [01/Jun/2012:01:30:25 +0600] "GET /content/view/843/52/ HTTP/1.0" 200 5605 "http://csdb.ufanet.ru/content/category/7/20/52/" "Opera/9.80 (Windows NT 5.1; U; MRA 5.9 (build 4953); ru) Presto/2.10.229 Version/11.64"
95.71.176.159 - - [01/Jun/2012:01:30:35 +0600] "GET /images/120312/Shpargalka.doc HTTP/1.0" 200 61440 "http://csdb.ufanet.ru/content/view/843/52/" "Opera/9.80 (Windows NT 5.1; U; MRA 5.9 (build 4953); ru) Presto/2.10.229 Version/11.64"
66.249.66.77 - - [01/Jun/2012:01:31:12 +0600] "GET /index2.php?option=com_content&task=view&id=520&pop=1&page=0&Itemid=1 HTTP/1.0" 200 560 "-" "Mozilla/5.0 (compatible; Googlebot/2.1; +http://www.google.com/bot.html)"
66.249.66.77 - - [01/Jun/2012:01:32:04 +0600] "GET /content/view/793/158/ HTTP/1.0" 200 5151 "-" "Mozilla/5.0 (compatible; Googlebot/2.1; +http://www.google.com/bot.html)"
68.233.226.103 - - [01/Jun/2012:01:32:07 +0600] "GET /content/view/793/106/content/view/659/1/ HTTP/1.0" 200 15643 "-" "Mozilla/5.0 (Windows NT 5.1) AppleWebKit/535.2 (KHTML, like Gecko) Chrome/15.0.872.0 Safari/535.2"
178.154.163.30 - - [01/Jun/2012:01:32:10 +0600] "GET /content/view/811/ HTTP/1.0" 200 4559 "-" "Mozilla/5.0 (compatible; YandexBot/3.0; +http://yandex.com/bots)"
95.71.176.159 - - [01/Jun/2012:01:32:44 +0600] "GET /images/120312/PologenieNDK.doc HTTP/1.0" 200 93696 "http://csdb.ufanet.ru/content/view/843/52/" "Opera/9.80 (Windows NT 5.1; U; MRA 5.9 (build 4953); ru) Presto/2.10.229 Version/11.64"
95.71.176.159 - - [01/Jun/2012:01:33:50 +0600] "GET /content/view/983/52/ HTTP/1.0" 200 6118 "http://csdb.ufanet.ru/content/view/843/52/" "Opera/9.80 (Windows NT 5.1; U; MRA 5.9 (build 4953); ru) Presto/2.10.229 Version/11.64"
95.71.176.159 - - [01/Jun/2012:01:34:09 +0600] "GET /content/category/5/18/47/ HTTP/1.0" 200 5533 "http://csdb.ufanet.ru/content/view/983/52/" "Opera/9.80 (Windows NT 5.1; U; MRA 5.9 (build 4953); ru) Presto/2.10.229 Version/11.64"
95.71.176.159 - - [01/Jun/2012:01:34:24 +0600] "GET /content/view/53/47/ HTTP/1.0" 200 7379 "http://csdb.ufanet.ru/content/category/5/18/47/" "Opera/9.80 (Windows NT 5.1; U; MRA 5.9 (build 4953); ru) Presto/2.10.229 Version/11.64"
95.71.176.159 - - [01/Jun/2012:01:34:34 +0600] "GET /content/view/884/252/ HTTP/1.0" 200 13889 "http://csdb.ufanet.ru/content/view/53/47/" "Opera/9.80 (Windows NT 5.1; U; MRA 5.9 (build 4953); ru) Presto/2.10.229 Version/11.64"
95.71.176.159 - - [01/Jun/2012:01:35:28 +0600] "GET /content/view/52/47/ HTTP/1.0" 200 6580 "http://csdb.ufanet.ru/content/view/53/47/" "Opera/9.80 (Windows NT 5.1; U; MRA 5.9 (build 4953); ru) Presto/2.10.229 Version/11.64"
95.71.176.159 - - [01/Jun/2012:01:36:00 +0600] "GET /content/view/53/47/ HTTP/1.0" 200 7376 "http://csdb.ufanet.ru/content/view/52/47/" "Opera/9.80 (Windows NT 5.1; U; MRA 5.9 (build 4953); ru) Presto/2.10.229 Version/11.64"
95.71.176.159 - - [01/Jun/2012:01:36:08 +0600] "GET /content/view/885/253/ HTTP/1.0" 200 10217 "http://csdb.ufanet.ru/content/view/53/47/" "Opera/9.80 (Windows NT 5.1; U; MRA 5.9 (build 4953); ru) Presto/2.10.229 Version/11.64"
95.71.176.159 - - [01/Jun/2012:01:36:34 +0600] "GET /content/section/6/53/ HTTP/1.0" 200 5235 "http://csdb.ufanet.ru/content/view/53/47/" "Opera/9.80 (Windows NT 5.1; U; MRA 5.9 (build 4953); ru) Presto/2.10.229 Version/11.64"
95.71.176.159 - - [01/Jun/2012:01:36:39 +0600] "GET /content/category/6/27/53/ HTTP/1.0" 200 5484 "http://csdb.ufanet.ru/content/section/6/53/" "Opera/9.80 (Windows NT 5.1; U; MRA 5.9 (build 4953); ru) Presto/2.10.229 Version/11.64"
95.71.176.159 - - [01/Jun/2012:01:36:47 +0600] "GET /content/view/106/53/ HTTP/1.0" 200 5658 "http://csdb.ufanet.ru/content/category/6/27/53/" "Opera/9.80 (Windows NT 5.1; U; MRA 5.9 (build 4953); ru) Presto/2.10.229 Version/11.64"
95.71.176.159 - - [01/Jun/2012:01:36:54 +0600] "GET /content/view/108/126/ HTTP/1.0" 200 7074 "http://csdb.ufanet.ru/content/view/106/53/" "Opera/9.80 (Windows NT 5.1; U; MRA 5.9 (build 4953); ru) Presto/2.10.229 Version/11.64"
95.71.176.159 - - [01/Jun/2012:01:37:36 +0600] "GET /content/view/397/189/ HTTP/1.0" 200 5389 "http://csdb.ufanet.ru/content/view/108/126/" "Opera/9.80 (Windows NT 5.1; U; MRA 5.9 (build 4953); ru) Presto/2.10.229 Version/11.64"
95.71.176.159 - - [01/Jun/2012:01:37:38 +0600] "GET /mambots/content/jw_allvideos/players/mediaplayer_4.0.46.swf HTTP/1.0" 200 38096 "http://csdb.ufanet.ru/content/view/397/189/" "Opera/9.80 (Windows NT 5.1; U; MRA 5.9 (build 4953); ru) Presto/2.10.229 Version/11.64"
95.71.176.159 - - [01/Jun/2012:01:37:38 +0600] "GET /mambots/content/jw_allvideos/players/mediaplayer_4.0.46.swf HTTP/1.0" 200 38096 "http://csdb.ufanet.ru/content/view/397/189/" "Opera/9.80 (Windows NT 5.1; U; MRA 5.9 (build 4953); ru) Presto/2.10.229 Version/11.64"
95.71.176.159 - - [01/Jun/2012:01:37:39 +0600] "GET /images/stories/videos/main1.flv HTTP/1.0" 200 5858127 "http://csdb.ufanet.ru/mambots/content/jw_allvideos/players/mediaplayer_4.0.46.swf" "Opera/9.80 (Windows NT 5.1; U; MRA 5.9 (build 4953); ru) Presto/2.10.229 Version/11.64"
213.180.206.197 - - [01/Jun/2012:01:38:31 +0600] "GET / HTTP/1.0" 200 24243 "-" "Mozilla/5.0 (compatible; YandexMetrika/2.0; +http://yandex.com/bots)"
178.154.163.30 - - [01/Jun/2012:01:38:50 +0600] "GET /content/view/843/52/ HTTP/1.0" 200 5646 "-" "Mozilla/5.0 (compatible; YandexBot/3.0; +http://yandex.com/bots)"
94.41.193.21 - - [01/Jun/2012:01:39:24 +0600] "GET / HTTP/1.0" 200 6440 "-" "Opera/9.80 (Windows NT 5.1; U; ru) Presto/2.10.229 Version/11.62"
94.41.193.21 - - [01/Jun/2012:01:39:26 +0600] "GET /images/cgdb.swf HTTP/1.0" 200 19792297 "http://csdb.ufanet.ru/" "Opera/9.80 (Windows NT 5.1; U; ru) Presto/2.10.229 Version/11.62"
94.41.193.21 - - [01/Jun/2012:01:39:27 +0600] "GET /content/blogcategory/1/66/ HTTP/1.0" 200 7408 "http://csdb.ufanet.ru/" "Opera/9.80 (Windows NT 5.1; U; ru) Presto/2.10.229 Version/11.62"
95.71.176.159 - - [01/Jun/2012:01:40:09 +0600] "GET /content/category/17/53/243/ HTTP/1.0" 200 5434 "http://csdb.ufanet.ru/content/view/397/189/" "Opera/9.80 (Windows NT 5.1; U; MRA 5.9 (build 4953); ru) Presto/2.10.229 Version/11.64"
94.41.193.21 - - [01/Jun/2012:01:40:12 +0600] "GET /content/view/996/66/ HTTP/1.0" 200 6961 "http://csdb.ufanet.ru/content/blogcategory/1/66/" "Opera/9.80 (Windows NT 5.1; U; ru) Presto/2.10.229 Version/11.62"
95.71.176.159 - - [01/Jun/2012:01:40:36 +0600] "GET /content/view/855/243/ HTTP/1.0" 200 7726 "http://csdb.ufanet.ru/content/category/17/53/243/" "Opera/9.80 (Windows NT 5.1; U; MRA 5.9 (build 4953); ru) Presto/2.10.229 Version/11.64"
95.71.176.159 - - [01/Jun/2012:01:41:30 +0600] "GET /index2.php?option=com_content&task=view&id=855&pop=1&page=0&Itemid=243 HTTP/1.0" 200 4217 "http://csdb.ufanet.ru/content/view/855/243/" "Opera/9.80 (Windows NT 5.1; U; MRA 5.9 (build 4953); ru) Presto/2.10.229 Version/11.64"
94.28.231.228 - - [01/Jun/2012:01:42:05 +0600] "GET /content/view/59/53/ HTTP/1.0" 200 95193 "-" "Mozilla/5.0 (Windows; U; Windows NT 5.1; ru; rv:1.9.1.7) Gecko/20091221 Firefox/3.5.7 (.NET CLR 3.5.30729)"
95.71.176.159 - - [01/Jun/2012:01:42:27 +0600] "GET /content/view/856/243/ HTTP/1.0" 200 11998 "http://csdb.ufanet.ru/content/view/855/243/" "Opera/9.80 (Windows NT 5.1; U; MRA 5.9 (build 4953); ru) Presto/2.10.229 Version/11.64"
178.154.163.30 - - [01/Jun/2012:01:43:21 +0600] "GET /content/view/53/47/ HTTP/1.0" 200 7420 "-" "Mozilla/5.0 (compatible; YandexBot/3.0; +http://yandex.com/bots)"
178.154.163.30 - - [01/Jun/2012:01:43:23 +0600] "GET /content/view/52/47/ HTTP/1.0" 200 6623 "-" "Mozilla/5.0 (compatible; YandexBot/3.0; +http://yandex.com/bots)"
66.249.66.77 - - [01/Jun/2012:01:46:48 +0600] "GET /content/view/793/105/ HTTP/1.0" 200 5142 "-" "Mozilla/5.0 (compatible; Googlebot/2.1; +http://www.google.com/bot.html)"
178.154.163.30 - - [01/Jun/2012:01:47:06 +0600] "GET /content/view/397/189/ HTTP/1.0" 200 5410 "-" "Mozilla/5.0 (compatible; YandexBot/3.0; +http://yandex.com/bots)"
178.154.163.30 - - [01/Jun/2012:01:47:12 +0600] "GET /content/category/17/53/243/ HTTP/1.0" 200 5460 "-" "Mozilla/5.0 (compatible; YandexBot/3.0; +http://yandex.com/bots)"
66.249.66.77 - - [01/Jun/2012:01:47:39 +0600] "GET /content/category/11/39/77/ HTTP/1.0" 200 4187 "-" "Mozilla/5.0 (compatible; Googlebot/2.1; +http://www.google.com/bot.html)"
178.154.163.30 - - [01/Jun/2012:01:50:13 +0600] "GET /content/view/855/243/ HTTP/1.0" 200 7748 "-" "Mozilla/5.0 (compatible; YandexBot/3.0; +http://yandex.com/bots)"
178.90.47.158 - - [01/Jun/2012:01:51:24 +0600] "GET /content/view/356/86/ HTTP/1.0" 200 8100 "-" "Mozilla/5.0 (Windows NT 6.1; WOW64) AppleWebKit/536.5 (KHTML, like Gecko) Chrome/19.0.1084.52 Safari/536.5"
141.101.13.19 - - [01/Jun/2012:01:52:04 +0600] "GET /content/blogcategory/1/66/ HTTP/1.0" 200 7459 "-" "Mozilla/5.0 (Windows NT 6.1) AppleWebKit/536.5 (KHTML, like Gecko) Chrome/19.0.1084.52 Safari/536.5"
91.201.64.24 - - [01/Jun/2012:01:55:09 +0600] "GET /content/view/829/66/ HTTP/1.0" 200 5830 "-" "Mozilla/5.0 (X11; U; Linux i686; pl; rv:1.8.0.7) Gecko/20060914 Firefox/1.5.0.7 (Swiftfox)"
37.112.128.17 - - [01/Jun/2012:01:58:26 +0600] "GET /index.php HTTP/1.0" 200 24203 "http://csdb.ufanet.ru/index.php" "Mozilla/4.0 (compatible; MSIE 5.0; Windows 95) Opera 6.01  [en]"
178.154.163.30 - - [01/Jun/2012:02:00:03 +0600] "GET /content/view/356/86/ HTTP/1.0" 200 8101 "-" "Mozilla/5.0 (compatible; YandexBot/3.0; +http://yandex.com/bots)"
65.52.110.199 - - [01/Jun/2012:02:03:42 +0600] "GET /component/option,com_wrapper/Itemid,251/ HTTP/1.0" 200 3622 "-" "Mozilla/5.0 (compatible; bingbot/2.0; +http://www.bing.com/bingbot.htm)"
69.28.58.13 - - [01/Jun/2012:02:11:13 +0600] "GET / HTTP/1.0" 200 24198 "http://www.csdb.ufanet.ru/" "HuaweiSymantecSpider/1.0+DSE-support@huaweisymantec.com+(compatible; MSIE 7.0; Windows NT 5.1; Trident/4.0; .NET CLR 2.0.50727; .NET CLR 3.0.4506.2152; .NET CLR ; http://www.huaweisymantec.com/en/IRL/spider)"
69.28.58.13 - - [01/Jun/2012:02:11:22 +0600] "GET /http HTTP/1.0" 404 285 "http://www.csdb.ufanet.ru/http" "HuaweiSymantecSpider/1.0+DSE-support@huaweisymantec.com+(compatible; MSIE 7.0; Windows NT 5.1; Trident/4.0; .NET CLR 2.0.50727; .NET CLR 3.0.4506.2152; .NET CLR ; http://www.huaweisymantec.com/en/IRL/spider)"
213.180.206.197 - - [01/Jun/2012:02:13:36 +0600] "GET / HTTP/1.0" 200 24188 "-" "Mozilla/5.0 (compatible; YandexMetrika/2.0; +http://yandex.com/bots)"
207.46.13.143 - - [01/Jun/2012:02:15:43 +0600] "GET /content/view/16/51/ HTTP/1.0" 200 3797 "-" "Mozilla/5.0 (compatible; bingbot/2.0; +http://www.bing.com/bingbot.htm)"
141.101.13.19 - - [01/Jun/2012:02:23:00 +0600] "GET /content/blogcategory/1/66/ HTTP/1.0" 200 7458 "-" "Mozilla/5.0 (Windows NT 6.1) AppleWebKit/536.5 (KHTML, like Gecko) Chrome/19.0.1084.52 Safari/536.5"
68.233.226.103 - - [01/Jun/2012:02:25:45 +0600] "GET /content/view/793/106/content/view/704/183/ HTTP/1.0" 200 15643 "-" "Mozilla/5.0 (Windows NT 5.1) AppleWebKit/535.2 (KHTML, like Gecko) Chrome/15.0.872.0 Safari/535.2"
66.249.66.77 - - [01/Jun/2012:02:26:35 +0600] "GET /content/view/405/147/ HTTP/1.0" 200 5152 "-" "Mozilla/5.0 (compatible; Googlebot/2.1; +http://www.google.com/bot.html)"
178.154.163.30 - - [01/Jun/2012:02:31:25 +0600] "GET / HTTP/1.0" 200 6459 "-" "Mozilla/5.0 (compatible; YandexBot/3.0; +http://yandex.com/bots)"
65.52.108.200 - - [01/Jun/2012:02:36:13 +0600] "GET /content/view/22/157/ HTTP/1.0" 200 5946 "-" "Mozilla/5.0 (compatible; bingbot/2.0; +http://www.bing.com/bingbot.htm)"
213.180.206.197 - - [01/Jun/2012:02:48:54 +0600] "GET / HTTP/1.0" 200 24193 "-" "Mozilla/5.0 (compatible; YandexMetrika/2.0; +http://yandex.com/bots)"
66.249.66.77 - - [01/Jun/2012:02:49:54 +0600] "GET /content/view/562/128/ HTTP/1.0" 200 5142 "-" "Mozilla/5.0 (compatible; Googlebot/2.1; +http://www.google.com/bot.html)"
66.249.72.137 - - [01/Jun/2012:02:51:38 +0600] "GET /content/view/558/124/ HTTP/1.0" 200 5151 "-" "Mozilla/5.0 (compatible; Googlebot/2.1; +http://www.google.com/bot.html)"
66.249.66.77 - - [01/Jun/2012:02:53:21 +0600] "GET /content/view/795/105/ HTTP/1.0" 200 5144 "-" "Mozilla/5.0 (compatible; Googlebot/2.1; +http://www.google.com/bot.html)"
66.249.66.77 - - [01/Jun/2012:02:56:48 +0600] "GET /content/view/952/118/ HTTP/1.0" 200 5145 "-" "Mozilla/5.0 (compatible; Googlebot/2.1; +http://www.google.com/bot.html)"
69.28.58.16 - - [01/Jun/2012:02:56:56 +0600] "GET / HTTP/1.0" 200 24203 "http://csdb.ufanet.ru/" "HuaweiSymantecSpider/1.0+DSE-support@huaweisymantec.com+(compatible; MSIE 7.0; Windows NT 5.1; Trident/4.0; .NET CLR 2.0.50727; .NET CLR 3.0.4506.2152; .NET CLR ; http://www.huaweisymantec.com/en/IRL/spider)"
69.28.58.16 - - [01/Jun/2012:02:57:03 +0600] "GET /http HTTP/1.0" 404 281 "http://csdb.ufanet.ru/http" "HuaweiSymantecSpider/1.0+DSE-support@huaweisymantec.com+(compatible; MSIE 7.0; Windows NT 5.1; Trident/4.0; .NET CLR 2.0.50727; .NET CLR 3.0.4506.2152; .NET CLR ; http://www.huaweisymantec.com/en/IRL/spider)"
157.55.17.195 - - [01/Jun/2012:02:58:13 +0600] "GET /content/blogcategory/1/66/5/270/ HTTP/1.0" 200 7958 "-" "Mozilla/5.0 (compatible; bingbot/2.0; +http://www.bing.com/bingbot.htm)"
66.249.72.137 - - [01/Jun/2012:03:00:15 +0600] "GET /images/opros/22.pdf HTTP/1.0" 200 84077 "-" "Mozilla/5.0 (compatible; Googlebot/2.1; +http://www.google.com/bot.html)"
178.154.163.30 - - [01/Jun/2012:03:02:48 +0600] "GET /component/option,com_joomap/Itemid,64/ HTTP/1.0" 200 19476 "-" "Mozilla/5.0 (compatible; YandexDirect/3.0; +http://yandex.com/bots)"
68.233.226.103 - - [01/Jun/2012:03:04:48 +0600] "GET /content/view/793/106/content/view/793/1/ HTTP/1.0" 200 15643 "-" "Mozilla/5.0 (Windows NT 5.1) AppleWebKit/535.2 (KHTML, like Gecko) Chrome/15.0.872.0 Safari/535.2"
66.249.66.77 - - [01/Jun/2012:03:13:38 +0600] "GET /content/view/558/219/ HTTP/1.0" 200 5147 "-" "Mozilla/5.0 (compatible; Googlebot/2.1; +http://www.google.com/bot.html)"
95.108.141.3 - - [01/Jun/2012:03:17:00 +0600] "HEAD /content/category/5/18/47/ HTTP/1.0" 200 - "-" "Mozilla/5.0 (compatible; YandexSitelinks; Dyatel; +http://yandex.com/bots)"
157.55.17.145 - - [01/Jun/2012:03:17:12 +0600] "GET /content/view/384/78/ HTTP/1.0" 200 5644 "-" "Mozilla/5.0 (compatible; bingbot/2.0; +http://www.bing.com/bingbot.htm)"
157.55.17.103 - - [01/Jun/2012:03:17:47 +0600] "GET /content/view/102/136/ HTTP/1.0" 200 9751 "-" "Mozilla/5.0 (compatible; bingbot/2.0; +http://www.bing.com/bingbot.htm)"
65.52.108.200 - - [01/Jun/2012:03:18:52 +0600] "GET /content/view/811/55/ HTTP/1.0" 200 5666 "-" "Mozilla/5.0 (compatible; bingbot/2.0; +http://www.bing.com/bingbot.htm)"
178.154.163.30 - - [01/Jun/2012:03:24:11 +0600] "GET /content/view/310/92/ HTTP/1.0" 200 6107 "-" "Mozilla/5.0 (compatible; YandexBot/3.0; +http://yandex.com/bots)"
213.180.206.197 - - [01/Jun/2012:03:26:13 +0600] "GET / HTTP/1.0" 200 24198 "-" "Mozilla/5.0 (compatible; YandexMetrika/2.0; +http://yandex.com/bots)"
66.249.66.77 - - [01/Jun/2012:03:29:12 +0600] "GET /content/view/679/239/ HTTP/1.0" 200 4389 "-" "Mozilla/5.0 (compatible; Googlebot/2.1; +http://www.google.com/bot.html)"
66.249.66.77 - - [01/Jun/2012:03:31:21 +0600] "GET /content/view/682/239/ HTTP/1.0" 200 3839 "-" "Mozilla/5.0 (compatible; Googlebot/2.1; +http://www.google.com/bot.html)"
178.154.163.30 - - [01/Jun/2012:03:31:41 +0600] "GET /content/view/269/ HTTP/1.0" 200 4537 "-" "Mozilla/5.0 (compatible; YandexBot/3.0; +http://yandex.com/bots)"
178.154.163.30 - - [01/Jun/2012:03:31:43 +0600] "GET /content/view/310/218/ HTTP/1.0" 200 6113 "-" "Mozilla/5.0 (compatible; YandexBot/3.0; +http://yandex.com/bots)"
178.154.163.30 - - [01/Jun/2012:03:31:45 +0600] "GET /content/section/6/53 HTTP/1.0" 200 5274 "-" "Mozilla/5.0 (compatible; YandexBot/3.0; +http://yandex.com/bots)"
178.154.163.30 - - [01/Jun/2012:03:31:47 +0600] "GET /content/view/727/47 HTTP/1.0" 200 7311 "-" "Mozilla/5.0 (compatible; YandexBot/3.0; +http://yandex.com/bots)"
178.154.163.30 - - [01/Jun/2012:03:31:49 +0600] "GET /content/category/14/43/192 HTTP/1.0" 200 5441 "-" "Mozilla/5.0 (compatible; YandexBot/3.0; +http://yandex.com/bots)"
178.154.163.30 - - [01/Jun/2012:03:31:52 +0600] "GET /content/category/14/42/183 HTTP/1.0" 200 5795 "-" "Mozilla/5.0 (compatible; YandexBot/3.0; +http://yandex.com/bots)"
178.154.163.30 - - [01/Jun/2012:03:31:54 +0600] "GET /content/category/12/40/86 HTTP/1.0" 200 5682 "-" "Mozilla/5.0 (compatible; YandexBot/3.0; +http://yandex.com/bots)"
178.154.163.30 - - [01/Jun/2012:03:31:56 +0600] "GET /content/view/310/161/ HTTP/1.0" 200 6108 "-" "Mozilla/5.0 (compatible; YandexBot/3.0; +http://yandex.com/bots)"
178.154.163.30 - - [01/Jun/2012:03:31:58 +0600] "GET /content/view/310/211/ HTTP/1.0" 200 6109 "-" "Mozilla/5.0 (compatible; YandexBot/3.0; +http://yandex.com/bots)"
178.154.163.30 - - [01/Jun/2012:03:32:01 +0600] "GET /content/view/728/239/ HTTP/1.0" 200 3003 "-" "Mozilla/5.0 (compatible; YandexBot/3.0; +http://yandex.com/bots)"
178.154.163.30 - - [01/Jun/2012:03:32:03 +0600] "GET /content/view/330/178/ HTTP/1.0" 200 4832 "-" "Mozilla/5.0 (compatible; YandexBot/3.0; +http://yandex.com/bots)"
178.154.163.30 - - [01/Jun/2012:03:32:05 +0600] "GET /content/view/704/239/ HTTP/1.0" 200 3003 "-" "Mozilla/5.0 (compatible; YandexBot/3.0; +http://yandex.com/bots)"
178.154.163.30 - - [01/Jun/2012:03:32:07 +0600] "GET /content/view/485/66 HTTP/1.0" 200 6613 "-" "Mozilla/5.0 (compatible; YandexBot/3.0; +http://yandex.com/bots)"
178.154.163.30 - - [01/Jun/2012:03:32:09 +0600] "GET /content/view/891/66 HTTP/1.0" 200 5894 "-" "Mozilla/5.0 (compatible; YandexBot/3.0; +http://yandex.com/bots)"
178.154.163.30 - - [01/Jun/2012:03:32:11 +0600] "GET /content/view/50/69/ HTTP/1.0" 200 3004 "-" "Mozilla/5.0 (compatible; YandexBot/3.0; +http://yandex.com/bots)"
178.154.163.30 - - [01/Jun/2012:03:32:13 +0600] "GET /content/view/822/239/ HTTP/1.0" 200 3003 "-" "Mozilla/5.0 (compatible; YandexBot/3.0; +http://yandex.com/bots)"
178.154.163.30 - - [01/Jun/2012:03:32:15 +0600] "GET /content/view/819/239/ HTTP/1.0" 200 3003 "-" "Mozilla/5.0 (compatible; YandexBot/3.0; +http://yandex.com/bots)"
178.154.163.30 - - [01/Jun/2012:03:32:17 +0600] "GET /content/view/65/55 HTTP/1.0" 200 6100 "-" "Mozilla/5.0 (compatible; YandexBot/3.0; +http://yandex.com/bots)"
178.154.163.30 - - [01/Jun/2012:03:32:20 +0600] "GET /content/view/976/1/ HTTP/1.0" 200 7430 "-" "Mozilla/5.0 (compatible; YandexDirect/3.0; +http://yandex.com/bots)"
95.108.141.3 - - [01/Jun/2012:03:33:26 +0600] "HEAD /content/view/310/91 HTTP/1.0" 200 - "-" "Mozilla/5.0 (compatible; YandexSitelinks; Dyatel; +http://yandex.com/bots)"
66.249.66.77 - - [01/Jun/2012:03:33:31 +0600] "GET /content/view/752/135/ HTTP/1.0" 200 5150 "-" "Mozilla/5.0 (compatible; Googlebot/2.1; +http://www.google.com/bot.html)"
66.249.66.77 - - [01/Jun/2012:03:34:24 +0600] "GET /content/view/245/66/ HTTP/1.0" 200 5984 "-" "Mozilla/5.0 (compatible; Googlebot/2.1; +http://www.google.com/bot.html)"
66.249.66.77 - - [01/Jun/2012:03:36:33 +0600] "GET /content/view/360/66/ HTTP/1.0" 200 6522 "-" "Mozilla/5.0 (compatible; Googlebot/2.1; +http://www.google.com/bot.html)"
95.108.141.3 - - [01/Jun/2012:03:43:08 +0600] "HEAD /content/category/14/42/183/ HTTP/1.0" 200 - "-" "Mozilla/5.0 (compatible; YandexSitelinks; Dyatel; +http://yandex.com/bots)"
66.249.66.77 - - [01/Jun/2012:03:49:57 +0600] "GET /content/view/138/66/ HTTP/1.0" 200 6360 "-" "Mozilla/5.0 (compatible; Googlebot/2.1; +http://www.google.com/bot.html)"
66.249.72.137 - - [01/Jun/2012:03:55:34 +0600] "GET /content/view/848/222/ HTTP/1.0" 200 5133 "-" "Mozilla/5.0 (compatible; Googlebot/2.1; +http://www.google.com/bot.html)"
66.249.66.77 - - [01/Jun/2012:03:56:26 +0600] "GET /content/view/958/56/ HTTP/1.0" 200 3813 "-" "Mozilla/5.0 (compatible; Googlebot/2.1; +http://www.google.com/bot.html)"
178.154.163.30 - - [01/Jun/2012:03:57:51 +0600] "GET /content/view/806/66 HTTP/1.0" 200 5810 "-" "Mozilla/5.0 (compatible; YandexBot/3.0; +http://yandex.com/bots)"
66.249.66.77 - - [01/Jun/2012:04:01:37 +0600] "GET /content/view/489/52/ HTTP/1.0" 200 5186 "-" "Mozilla/5.0 (compatible; Googlebot/2.1; +http://www.google.com/bot.html)"
