50.17.42.78 - - [30/May/2012:16:38:16 +0600] "GET /content/view/984/content/view/22/157 HTTP/1.0" 200 4044 "" "GSLFbot"
178.154.163.30 - - [30/May/2012:16:38:21 +0600] "GET /content/view/280/ HTTP/1.0" 200 32885 "-" "Mozilla/5.0 (compatible; YandexBot/3.0; +http://yandex.com/bots)"
50.17.42.78 - - [30/May/2012:16:38:20 +0600] "GET /index2.php?option=com_content&task=view&id=937&pop=1&page=0&Itemid=183 HTTP/1.0" 200 1658 "" "GSLFbot"
178.154.163.30 - - [30/May/2012:16:38:37 +0600] "GET /content/view/641/66/ HTTP/1.0" 200 5920 "-" "Mozilla/5.0 (compatible; YandexBot/3.0; +http://yandex.com/bots)"
50.17.42.78 - - [30/May/2012:16:38:55 +0600] "GET /content/view/937/content/view/989/1 HTTP/1.0" 200 4044 "" "GSLFbot"
50.17.42.78 - - [30/May/2012:16:38:59 +0600] "GET /content/view/937/content/view/976/1 HTTP/1.0" 200 4044 "" "GSLFbot"
50.17.42.78 - - [30/May/2012:16:39:02 +0600] "GET /content/view/937/content/view/970/1 HTTP/1.0" 200 4044 "" "GSLFbot"
50.17.42.78 - - [30/May/2012:16:39:06 +0600] "GET /content/view/937/content/view/794/1 HTTP/1.0" 200 4044 "" "GSLFbot"
50.17.42.78 - - [30/May/2012:16:39:09 +0600] "GET /content/view/937/content/view/811/1 HTTP/1.0" 200 4044 "" "GSLFbot"
50.17.42.78 - - [30/May/2012:16:39:13 +0600] "GET /content/view/937/content/view/22/157 HTTP/1.0" 200 4044 "" "GSLFbot"
50.17.42.78 - - [30/May/2012:16:39:16 +0600] "GET /index2.php?option=com_content&task=view&id=936&pop=1&page=0&Itemid=183 HTTP/1.0" 200 2280 "" "GSLFbot"
50.17.42.78 - - [30/May/2012:16:39:21 +0600] "GET /content/view/936/183/1/1 HTTP/1.0" 200 6464 "" "GSLFbot"
50.17.42.78 - - [30/May/2012:16:39:25 +0600] "GET /content/view/936/183/1/2 HTTP/1.0" 200 6173 "" "GSLFbot"
178.154.163.30 - - [30/May/2012:16:39:37 +0600] "GET /content/view/410/194/ HTTP/1.0" 200 5162 "-" "Mozilla/5.0 (compatible; YandexBot/3.0; +http://yandex.com/bots)"
50.17.42.78 - - [30/May/2012:16:40:05 +0600] "GET /content/view/936/content/view/989/1 HTTP/1.0" 200 4044 "" "GSLFbot"
50.17.42.78 - - [30/May/2012:16:40:08 +0600] "GET /content/view/936/content/view/976/1 HTTP/1.0" 200 4043 "" "GSLFbot"
50.17.42.78 - - [30/May/2012:16:40:12 +0600] "GET /content/view/936/content/view/970/1 HTTP/1.0" 200 4044 "" "GSLFbot"
50.17.42.78 - - [30/May/2012:16:40:15 +0600] "GET /content/view/936/content/view/794/1 HTTP/1.0" 200 4043 "" "GSLFbot"
50.17.42.78 - - [30/May/2012:16:40:19 +0600] "GET /content/view/936/content/view/811/1 HTTP/1.0" 200 4043 "" "GSLFbot"
50.17.42.78 - - [30/May/2012:16:40:22 +0600] "GET /content/view/936/content/view/22/157 HTTP/1.0" 200 4043 "" "GSLFbot"
178.154.163.30 - - [30/May/2012:16:40:28 +0600] "GET /content/view/336/66/ HTTP/1.0" 200 6214 "-" "Mozilla/5.0 (compatible; YandexBot/3.0; +http://yandex.com/bots)"
50.17.42.78 - - [30/May/2012:16:40:26 +0600] "GET /index2.php?option=com_content&task=view&id=810&pop=1&page=0&Itemid=183 HTTP/1.0" 200 2373 "" "GSLFbot"
50.17.42.78 - - [30/May/2012:16:40:34 +0600] "GET /content/view/810/183/1/1 HTTP/1.0" 200 6543 "" "GSLFbot"
50.17.42.78 - - [30/May/2012:16:41:14 +0600] "GET /content/view/810/content/view/989/1 HTTP/1.0" 200 4044 "" "GSLFbot"
50.17.42.78 - - [30/May/2012:16:41:17 +0600] "GET /content/view/810/content/view/976/1 HTTP/1.0" 200 4043 "" "GSLFbot"
50.17.42.78 - - [30/May/2012:16:41:21 +0600] "GET /content/view/810/content/view/970/1 HTTP/1.0" 200 4043 "" "GSLFbot"
50.17.42.78 - - [30/May/2012:16:41:24 +0600] "GET /content/view/810/content/view/794/1 HTTP/1.0" 200 4043 "" "GSLFbot"
178.154.163.30 - - [30/May/2012:16:41:24 +0600] "GET /content/view/195/75/ HTTP/1.0" 200 4231 "-" "Mozilla/5.0 (compatible; YandexBot/3.0; +http://yandex.com/bots)"
50.17.42.78 - - [30/May/2012:16:41:28 +0600] "GET /content/view/810/content/view/811/1 HTTP/1.0" 200 4043 "" "GSLFbot"
50.17.42.78 - - [30/May/2012:16:41:32 +0600] "GET /content/view/810/content/view/22/157 HTTP/1.0" 200 4042 "" "GSLFbot"
50.17.42.78 - - [30/May/2012:16:41:35 +0600] "GET /index2.php?option=com_content&task=view&id=763&pop=1&page=0&Itemid=183 HTTP/1.0" 200 2267 "" "GSLFbot"
50.17.42.78 - - [30/May/2012:16:41:44 +0600] "GET /content/view/763/183/1/1 HTTP/1.0" 200 6537 "" "GSLFbot"
50.17.42.78 - - [30/May/2012:16:42:24 +0600] "GET /content/view/763/content/view/989/1 HTTP/1.0" 200 4044 "" "GSLFbot"
50.17.42.78 - - [30/May/2012:16:42:27 +0600] "GET /content/view/763/content/view/976/1 HTTP/1.0" 200 4044 "" "GSLFbot"
50.17.42.78 - - [30/May/2012:16:42:31 +0600] "GET /content/view/763/content/view/970/1 HTTP/1.0" 200 4044 "" "GSLFbot"
50.17.42.78 - - [30/May/2012:16:42:34 +0600] "GET /content/view/763/content/view/794/1 HTTP/1.0" 200 4044 "" "GSLFbot"
50.17.42.78 - - [30/May/2012:16:42:38 +0600] "GET /content/view/763/content/view/811/1 HTTP/1.0" 200 4044 "" "GSLFbot"
50.17.42.78 - - [30/May/2012:16:42:41 +0600] "GET /content/view/763/content/view/22/157 HTTP/1.0" 200 4044 "" "GSLFbot"
50.17.42.78 - - [30/May/2012:16:42:45 +0600] "GET /index2.php?option=com_content&task=view&id=699&pop=1&page=0&Itemid=183 HTTP/1.0" 200 2532 "" "GSLFbot"
50.17.42.78 - - [30/May/2012:16:42:56 +0600] "GET /content/view/699/183/1/1 HTTP/1.0" 200 6545 "" "GSLFbot"
50.17.42.78 - - [30/May/2012:16:42:59 +0600] "GET /content/view/699/183/1/2 HTTP/1.0" 200 6305 "" "GSLFbot"
178.154.163.30 - - [30/May/2012:16:43:20 +0600] "GET /content/view/217/66/ HTTP/1.0" 200 5823 "-" "Mozilla/5.0 (compatible; YandexBot/3.0; +http://yandex.com/bots)"
50.17.42.78 - - [30/May/2012:16:43:39 +0600] "GET /content/view/699/content/view/989/1 HTTP/1.0" 200 4044 "" "GSLFbot"
50.17.42.78 - - [30/May/2012:16:43:43 +0600] "GET /content/view/699/content/view/976/1 HTTP/1.0" 200 4044 "" "GSLFbot"
50.17.42.78 - - [30/May/2012:16:43:46 +0600] "GET /content/view/699/content/view/970/1 HTTP/1.0" 200 4044 "" "GSLFbot"
50.17.42.78 - - [30/May/2012:16:43:50 +0600] "GET /content/view/699/content/view/794/1 HTTP/1.0" 200 4044 "" "GSLFbot"
50.17.42.78 - - [30/May/2012:16:43:54 +0600] "GET /content/view/699/content/view/811/1 HTTP/1.0" 200 4044 "" "GSLFbot"
50.17.42.78 - - [30/May/2012:16:43:57 +0600] "GET /content/view/699/content/view/22/157 HTTP/1.0" 200 4044 "" "GSLFbot"
50.17.42.78 - - [30/May/2012:16:44:01 +0600] "GET /index2.php?option=com_content&task=view&id=660&pop=1&page=0&Itemid=183 HTTP/1.0" 200 1735 "" "GSLFbot"
50.17.42.78 - - [30/May/2012:16:44:33 +0600] "GET /content/view/660/content/view/989/1 HTTP/1.0" 200 4044 "" "GSLFbot"
50.17.42.78 - - [30/May/2012:16:44:36 +0600] "GET /content/view/660/content/view/976/1 HTTP/1.0" 200 4045 "" "GSLFbot"
50.17.42.78 - - [30/May/2012:16:44:40 +0600] "GET /content/view/660/content/view/970/1 HTTP/1.0" 200 4044 "" "GSLFbot"
50.17.42.78 - - [30/May/2012:16:44:44 +0600] "GET /content/view/660/content/view/794/1 HTTP/1.0" 200 4044 "" "GSLFbot"
50.17.42.78 - - [30/May/2012:16:44:47 +0600] "GET /content/view/660/content/view/811/1 HTTP/1.0" 200 4044 "" "GSLFbot"
178.154.163.30 - - [30/May/2012:16:44:50 +0600] "GET /content/view/922/5/ HTTP/1.0" 200 5147 "-" "Mozilla/5.0 (compatible; YandexBot/3.0; +http://yandex.com/bots)"
50.17.42.78 - - [30/May/2012:16:44:51 +0600] "GET /content/view/660/content/view/22/157 HTTP/1.0" 200 4044 "" "GSLFbot"
157.55.17.103 - - [30/May/2012:16:44:55 +0600] "GET /content/category/14/42/183/ HTTP/1.0" 200 5794 "-" "Mozilla/5.0 (compatible; bingbot/2.0; +http://www.bing.com/bingbot.htm)"
50.17.42.78 - - [30/May/2012:16:44:54 +0600] "GET /index2.php?option=com_content&task=view&id=658&pop=1&page=0&Itemid=183 HTTP/1.0" 200 2080 "" "GSLFbot"
50.17.42.78 - - [30/May/2012:16:45:00 +0600] "GET /content/view/658/183/1/1 HTTP/1.0" 200 6293 "" "GSLFbot"
178.154.163.30 - - [30/May/2012:16:45:16 +0600] "GET /content/view/77/55/ HTTP/1.0" 200 5964 "-" "Mozilla/5.0 (compatible; YandexBot/3.0; +http://yandex.com/bots)"
178.154.163.30 - - [30/May/2012:16:45:24 +0600] "GET /index2.php?option=com_content&task=view&id=298&pop=1&page=216&Itemid=66 HTTP/1.0" 200 1622 "-" "Mozilla/5.0 (compatible; YandexBot/3.0; +http://yandex.com/bots)"
178.154.163.30 - - [30/May/2012:16:45:30 +0600] "GET /content/view/267/66/ HTTP/1.0" 200 6354 "-" "Mozilla/5.0 (compatible; YandexBot/3.0; +http://yandex.com/bots)"
50.17.42.78 - - [30/May/2012:16:45:40 +0600] "GET /content/view/658/content/view/989/1 HTTP/1.0" 200 4044 "" "GSLFbot"
50.17.42.78 - - [30/May/2012:16:45:44 +0600] "GET /content/view/658/content/view/976/1 HTTP/1.0" 200 4044 "" "GSLFbot"
178.154.163.30 - - [30/May/2012:16:45:46 +0600] "GET /content/view/989/126/ HTTP/1.0" 200 5589 "-" "Mozilla/5.0 (compatible; YandexBot/3.0; +http://yandex.com/bots)"
50.17.42.78 - - [30/May/2012:16:45:47 +0600] "GET /content/view/658/content/view/970/1 HTTP/1.0" 200 4043 "" "GSLFbot"
50.17.42.78 - - [30/May/2012:16:45:51 +0600] "GET /content/view/658/content/view/794/1 HTTP/1.0" 200 4044 "" "GSLFbot"
178.154.163.30 - - [30/May/2012:16:45:53 +0600] "GET /content/view/448/66/ HTTP/1.0" 200 6490 "-" "Mozilla/5.0 (compatible; YandexBot/3.0; +http://yandex.com/bots)"
50.17.42.78 - - [30/May/2012:16:45:55 +0600] "GET /content/view/658/content/view/811/1 HTTP/1.0" 200 4045 "" "GSLFbot"
50.17.42.78 - - [30/May/2012:16:45:58 +0600] "GET /content/view/658/content/view/22/157 HTTP/1.0" 200 4044 "" "GSLFbot"
178.154.163.30 - - [30/May/2012:16:46:00 +0600] "GET /content/view/320/99 HTTP/1.0" 200 6110 "-" "Mozilla/5.0 (compatible; YandexBot/3.0; +http://yandex.com/bots)"
50.17.42.78 - - [30/May/2012:16:46:02 +0600] "GET /index2.php?option=com_content&task=view&id=575&pop=1&page=0&Itemid=183 HTTP/1.0" 200 4107 "" "GSLFbot"
178.154.163.30 - - [30/May/2012:16:46:12 +0600] "GET /content/view/789/66/ HTTP/1.0" 200 6005 "-" "Mozilla/5.0 (compatible; YandexBot/3.0; +http://yandex.com/bots)"
50.17.42.78 - - [30/May/2012:16:46:13 +0600] "GET /content/view/575/183/1/1 HTTP/1.0" 200 6501 "" "GSLFbot"
50.17.42.78 - - [30/May/2012:16:46:16 +0600] "GET /content/view/575/183/1/2 HTTP/1.0" 200 6509 "" "GSLFbot"
178.154.163.30 - - [30/May/2012:16:46:19 +0600] "GET /content/view/811/156/ HTTP/1.0" 200 5649 "-" "Mozilla/5.0 (compatible; YandexBot/3.0; +http://yandex.com/bots)"
50.17.42.78 - - [30/May/2012:16:46:20 +0600] "GET /content/view/575/183/1/3 HTTP/1.0" 200 6499 "" "GSLFbot"
50.17.42.78 - - [30/May/2012:16:46:24 +0600] "GET /content/view/575/183/1/4 HTTP/1.0" 200 6499 "" "GSLFbot"
178.154.163.30 - - [30/May/2012:16:46:25 +0600] "GET /content/view/806/66/ HTTP/1.0" 200 5808 "-" "Mozilla/5.0 (compatible; YandexBot/3.0; +http://yandex.com/bots)"
50.17.42.78 - - [30/May/2012:16:46:28 +0600] "GET /content/view/575/183/1/5 HTTP/1.0" 200 6508 "" "GSLFbot"
50.17.42.78 - - [30/May/2012:16:46:31 +0600] "GET /content/view/575/183/1/6 HTTP/1.0" 200 6475 "" "GSLFbot"
178.154.163.30 - - [30/May/2012:16:46:38 +0600] "GET /content/view/795/113/ HTTP/1.0" 200 5147 "-" "Mozilla/5.0 (compatible; YandexBot/3.0; +http://yandex.com/bots)"
178.154.163.30 - - [30/May/2012:16:46:56 +0600] "GET /content/view/740/210/ HTTP/1.0" 200 4658 "-" "Mozilla/5.0 (compatible; YandexBot/3.0; +http://yandex.com/bots)"
178.154.163.30 - - [30/May/2012:16:47:04 +0600] "GET /content/view/989/144/ HTTP/1.0" 200 5581 "-" "Mozilla/5.0 (compatible; YandexBot/3.0; +http://yandex.com/bots)"
50.17.42.78 - - [30/May/2012:16:47:08 +0600] "GET /content/view/575/content/view/989/1 HTTP/1.0" 200 4044 "" "GSLFbot"
178.154.163.30 - - [30/May/2012:16:47:09 +0600] "GET /content/view/974/66/ HTTP/1.0" 200 5770 "-" "Mozilla/5.0 (compatible; YandexBot/3.0; +http://yandex.com/bots)"
50.17.42.78 - - [30/May/2012:16:47:12 +0600] "GET /content/view/575/content/view/976/1 HTTP/1.0" 200 4044 "" "GSLFbot"
50.17.42.78 - - [30/May/2012:16:47:15 +0600] "GET /content/view/575/content/view/970/1 HTTP/1.0" 200 4044 "" "GSLFbot"
50.17.42.78 - - [30/May/2012:16:47:19 +0600] "GET /content/view/575/content/view/794/1 HTTP/1.0" 200 4044 "" "GSLFbot"
178.154.163.30 - - [30/May/2012:16:47:20 +0600] "GET /content/view/989/156/ HTTP/1.0" 200 5592 "-" "Mozilla/5.0 (compatible; YandexBot/3.0; +http://yandex.com/bots)"
50.17.42.78 - - [30/May/2012:16:47:23 +0600] "GET /content/view/575/content/view/811/1 HTTP/1.0" 200 4044 "" "GSLFbot"
50.17.42.78 - - [30/May/2012:16:47:26 +0600] "GET /content/view/575/content/view/22/157 HTTP/1.0" 200 4044 "" "GSLFbot"
178.154.163.30 - - [30/May/2012:16:47:30 +0600] "GET /content/view/946/66/ HTTP/1.0" 200 5914 "-" "Mozilla/5.0 (compatible; YandexBot/3.0; +http://yandex.com/bots)"
50.17.42.78 - - [30/May/2012:16:47:30 +0600] "GET /index2.php?option=com_content&task=view&id=545&pop=1&page=0&Itemid=183 HTTP/1.0" 200 3750 "" "GSLFbot"
50.17.42.78 - - [30/May/2012:16:47:36 +0600] "GET /content/view/545/183/1/1 HTTP/1.0" 200 6476 "" "GSLFbot"
178.154.163.30 - - [30/May/2012:16:47:37 +0600] "GET /files/scen_prazd/dorogavkosmos.pdf HTTP/1.0" 304 - "-" "Mozilla/5.0 (compatible; YandexBot/3.0; +http://yandex.com/bots)"
50.17.42.78 - - [30/May/2012:16:47:40 +0600] "GET /content/view/545/183/1/2 HTTP/1.0" 200 6473 "" "GSLFbot"
178.154.163.30 - - [30/May/2012:16:47:42 +0600] "GET /content/view/368/52/ HTTP/1.0" 200 5850 "-" "Mozilla/5.0 (compatible; YandexBot/3.0; +http://yandex.com/bots)"
50.17.42.78 - - [30/May/2012:16:47:44 +0600] "GET /content/view/545/183/1/3 HTTP/1.0" 200 6470 "" "GSLFbot"
50.17.42.78 - - [30/May/2012:16:47:47 +0600] "GET /content/view/545/183/1/4 HTTP/1.0" 200 6339 "" "GSLFbot"
178.154.163.30 - - [30/May/2012:16:47:50 +0600] "GET /content/view/802/66/ HTTP/1.0" 200 5901 "-" "Mozilla/5.0 (compatible; YandexBot/3.0; +http://yandex.com/bots)"
178.154.163.30 - - [30/May/2012:16:48:00 +0600] "GET /content/view/45/160/ HTTP/1.0" 200 5845 "-" "Mozilla/5.0 (compatible; YandexBot/3.0; +http://yandex.com/bots)"
50.17.42.78 - - [30/May/2012:16:48:27 +0600] "GET /content/view/545/content/view/989/1 HTTP/1.0" 200 4044 "" "GSLFbot"
50.17.42.78 - - [30/May/2012:16:48:31 +0600] "GET /content/view/545/content/view/976/1 HTTP/1.0" 200 4044 "" "GSLFbot"
50.17.42.78 - - [30/May/2012:16:48:34 +0600] "GET /content/view/545/content/view/970/1 HTTP/1.0" 200 4044 "" "GSLFbot"
50.17.42.78 - - [30/May/2012:16:48:38 +0600] "GET /content/view/545/content/view/794/1 HTTP/1.0" 200 4044 "" "GSLFbot"
50.17.42.78 - - [30/May/2012:16:48:42 +0600] "GET /content/view/545/content/view/811/1 HTTP/1.0" 200 4044 "" "GSLFbot"
50.17.42.78 - - [30/May/2012:16:48:45 +0600] "GET /content/view/545/content/view/22/157 HTTP/1.0" 200 4044 "" "GSLFbot"
50.17.42.78 - - [30/May/2012:16:48:49 +0600] "GET /index2.php?option=com_content&task=view&id=538&pop=1&page=0&Itemid=183 HTTP/1.0" 200 2764 "" "GSLFbot"
50.17.42.78 - - [30/May/2012:16:48:56 +0600] "GET /content/view/538/183/1/1 HTTP/1.0" 200 6526 "" "GSLFbot"
50.17.42.78 - - [30/May/2012:16:49:00 +0600] "GET /content/view/538/183/1/2 HTTP/1.0" 200 6520 "" "GSLFbot"
50.17.42.78 - - [30/May/2012:16:49:03 +0600] "GET /content/view/538/183/1/3 HTTP/1.0" 200 6197 "" "GSLFbot"
50.17.42.78 - - [30/May/2012:16:49:43 +0600] "GET /content/view/538/content/view/989/1 HTTP/1.0" 200 4044 "" "GSLFbot"
50.17.42.78 - - [30/May/2012:16:49:47 +0600] "GET /content/view/538/content/view/976/1 HTTP/1.0" 200 4044 "" "GSLFbot"
50.17.42.78 - - [30/May/2012:16:49:50 +0600] "GET /content/view/538/content/view/970/1 HTTP/1.0" 200 4044 "" "GSLFbot"
178.154.163.30 - - [30/May/2012:16:49:52 +0600] "GET /content/view/467/66 HTTP/1.0" 200 6252 "-" "Mozilla/5.0 (compatible; YandexBot/3.0; +http://yandex.com/bots)"
50.17.42.78 - - [30/May/2012:16:49:54 +0600] "GET /content/view/538/content/view/794/1 HTTP/1.0" 200 4044 "" "GSLFbot"
50.17.42.78 - - [30/May/2012:16:49:58 +0600] "GET /content/view/538/content/view/811/1 HTTP/1.0" 200 4044 "" "GSLFbot"
50.17.42.78 - - [30/May/2012:16:50:01 +0600] "GET /content/view/538/content/view/22/157 HTTP/1.0" 200 4045 "" "GSLFbot"
178.154.163.30 - - [30/May/2012:16:50:03 +0600] "GET /content/view/98/66/ HTTP/1.0" 200 5805 "-" "Mozilla/5.0 (compatible; YandexBot/3.0; +http://yandex.com/bots)"
50.17.42.78 - - [30/May/2012:16:50:05 +0600] "GET /index2.php?option=com_content&task=view&id=539&pop=1&page=0&Itemid=183 HTTP/1.0" 200 1694 "" "GSLFbot"
178.154.163.30 - - [30/May/2012:16:51:33 +0600] "GET /content/view/922/1/ HTTP/1.0" 200 5554 "-" "Mozilla/5.0 (compatible; YandexBot/3.0; +http://yandex.com/bots)"
178.154.163.30 - - [30/May/2012:16:51:46 +0600] "GET /content/view/931/66/ HTTP/1.0" 200 6057 "-" "Mozilla/5.0 (compatible; YandexBot/3.0; +http://yandex.com/bots)"
178.154.163.30 - - [30/May/2012:16:51:56 +0600] "GET /content/view/342/85/ HTTP/1.0" 200 4324 "-" "Mozilla/5.0 (compatible; YandexBot/3.0; +http://yandex.com/bots)"
178.154.163.30 - - [30/May/2012:16:52:04 +0600] "GET /content/view/255/66/ HTTP/1.0" 200 6246 "-" "Mozilla/5.0 (compatible; YandexBot/3.0; +http://yandex.com/bots)"
178.154.163.30 - - [30/May/2012:16:52:14 +0600] "GET /content/view/37/194/ HTTP/1.0" 200 6027 "-" "Mozilla/5.0 (compatible; YandexBot/3.0; +http://yandex.com/bots)"
178.154.163.30 - - [30/May/2012:16:52:29 +0600] "GET /content/view/703/66/ HTTP/1.0" 200 6581 "-" "Mozilla/5.0 (compatible; YandexBot/3.0; +http://yandex.com/bots)"
178.154.163.30 - - [30/May/2012:16:52:36 +0600] "GET /content/view/147 HTTP/1.0" 200 4079 "-" "Mozilla/5.0 (compatible; YandexBot/3.0; +http://yandex.com/bots)"
178.154.163.30 - - [30/May/2012:16:52:43 +0600] "GET /content/view/293/66/ HTTP/1.0" 200 6684 "-" "Mozilla/5.0 (compatible; YandexBot/3.0; +http://yandex.com/bots)"
77.79.158.148 - - [30/May/2012:16:52:52 +0600] "GET /content/view/976/1/ HTTP/1.0" 200 7370 "http://yandex.ru/yandsearch?text=%D0%BF%D0%BB%D0%B0%D0%BD+%D0%BF%D1%80%D0%BE%D0%B2%D0%B5%D0%B4%D0%B5%D0%BD%D0%B8%D1%8F+%D0%B4%D0%BD%D1%8F+%D0%B7%D0%B0%D1%89%D0%B8%D1%82%D1%8B+%D0%B4%D0%B5%D1%82%D0%B5%D0%B9+%D0%B2+%D0%BF%D0%B0%D1%80%D0%BA%D0%B0%D1%85+%D1%83%D1%84%D1%8B&clid=139085&lr=172" "Opera/9.80 (Windows NT 6.1; WOW64; U; Edition Yx; ru) Presto/2.10.229 Version/11.64"
178.154.163.30 - - [30/May/2012:16:52:52 +0600] "GET /content/view/312/161/ HTTP/1.0" 200 4112 "-" "Mozilla/5.0 (compatible; YandexBot/3.0; +http://yandex.com/bots)"
178.154.163.30 - - [30/May/2012:16:53:03 +0600] "GET /content/view/479/66/ HTTP/1.0" 200 5962 "-" "Mozilla/5.0 (compatible; YandexBot/3.0; +http://yandex.com/bots)"
178.154.163.30 - - [30/May/2012:16:53:13 +0600] "GET /content/view/855/243/ HTTP/1.0" 200 7748 "-" "Mozilla/5.0 (compatible; YandexBot/3.0; +http://yandex.com/bots)"
178.154.163.30 - - [30/May/2012:16:53:20 +0600] "GET /content/view/276/ HTTP/1.0" 200 30131 "-" "Mozilla/5.0 (compatible; YandexBot/3.0; +http://yandex.com/bots)"
178.154.163.30 - - [30/May/2012:16:53:39 +0600] "GET /content/view/829/66/ HTTP/1.0" 200 5832 "-" "Mozilla/5.0 (compatible; YandexBot/3.0; +http://yandex.com/bots)"
178.154.163.30 - - [30/May/2012:16:53:46 +0600] "GET /content/view/664/66 HTTP/1.0" 200 5922 "-" "Mozilla/5.0 (compatible; YandexBot/3.0; +http://yandex.com/bots)"
178.154.163.30 - - [30/May/2012:16:54:11 +0600] "GET /content/view/649/66/ HTTP/1.0" 200 6112 "-" "Mozilla/5.0 (compatible; YandexBot/3.0; +http://yandex.com/bots)"
178.154.163.30 - - [30/May/2012:16:54:20 +0600] "GET /content/view/989/113/ HTTP/1.0" 200 5582 "-" "Mozilla/5.0 (compatible; YandexBot/3.0; +http://yandex.com/bots)"
178.154.163.30 - - [30/May/2012:16:54:27 +0600] "GET /content/view/134/66/ HTTP/1.0" 200 5920 "-" "Mozilla/5.0 (compatible; YandexBot/3.0; +http://yandex.com/bots)"
178.154.163.30 - - [30/May/2012:16:54:33 +0600] "GET /files/ucazatel/Zochenko.pdf HTTP/1.0" 304 - "-" "Mozilla/5.0 (compatible; YandexBot/3.0; +http://yandex.com/bots)"
178.154.163.30 - - [30/May/2012:16:54:45 +0600] "GET /content/view/414/66/ HTTP/1.0" 200 6284 "-" "Mozilla/5.0 (compatible; YandexBot/3.0; +http://yandex.com/bots)"
178.154.163.30 - - [30/May/2012:16:55:02 +0600] "GET /content/view/989/112/ HTTP/1.0" 200 5591 "-" "Mozilla/5.0 (compatible; YandexBot/3.0; +http://yandex.com/bots)"
136.169.199.45 - - [30/May/2012:16:55:04 +0600] "GET /content/category/5/18/47/ HTTP/1.0" 200 5574 "http://csdb.ufanet.ru/content/view/886/254/" "Mozilla/5.0 (Windows NT 5.1; rv:9.0.1) Gecko/20100101 Firefox/9.0.1"
178.154.163.30 - - [30/May/2012:16:55:12 +0600] "GET /content/view/316/66/ HTTP/1.0" 200 5923 "-" "Mozilla/5.0 (compatible; YandexBot/3.0; +http://yandex.com/bots)"
178.154.163.30 - - [30/May/2012:16:55:19 +0600] "GET /content/view/793/192/ HTTP/1.0" 200 5181 "-" "Mozilla/5.0 (compatible; YandexBot/3.0; +http://yandex.com/bots)"
178.154.163.30 - - [30/May/2012:16:55:29 +0600] "GET /content/view/989/145/ HTTP/1.0" 200 5588 "-" "Mozilla/5.0 (compatible; YandexBot/3.0; +http://yandex.com/bots)"
178.154.163.30 - - [30/May/2012:16:55:45 +0600] "GET /content/view/944/66/ HTTP/1.0" 200 5842 "-" "Mozilla/5.0 (compatible; YandexBot/3.0; +http://yandex.com/bots)"
194.1.161.231 - - [30/May/2012:16:55:52 +0600] "GET /content/view/78/62 HTTP/1.0" 200 6759 "http://go.mail.ru/search?utf8in=1&q=%D1%81%D0%B5%D0%BC%D0%B5%D0%B9%D0%BD%D1%8B%D0%B9+%D0%BF%D1%80%D0%B0%D0%B7%D0%B4%D0%BD%D0%B8%D0%BA+%D0%B8%D0%B3%D1%80%D0%B0+%D0%B1%D0%B0%D0%B1%D1%83%D1%88%D0%BA%D0%B8+%D0%B8+%D0%B2%D0%BD%D1%83%D0%BA%D0%B0&fr=ffspt2&ffsputnik=1&fr3=fflite" "Mozilla/5.0 (Windows NT 6.1; rv:12.0) Gecko/20100101 Firefox/12.0"
178.154.163.30 - - [30/May/2012:16:55:54 +0600] "GET /content/view/470/66 HTTP/1.0" 200 5890 "-" "Mozilla/5.0 (compatible; YandexBot/3.0; +http://yandex.com/bots)"
178.154.163.30 - - [30/May/2012:16:56:48 +0600] "GET /content/view/528/66/ HTTP/1.0" 200 5811 "-" "Mozilla/5.0 (compatible; YandexBot/3.0; +http://yandex.com/bots)"
178.154.163.30 - - [30/May/2012:16:56:58 +0600] "GET /index.php?option=com_content&task=view&id=156&Itemid=52 HTTP/1.0" 200 6159 "-" "Mozilla/5.0 (compatible; YandexBot/3.0; +http://yandex.com/bots)"
178.154.163.30 - - [30/May/2012:16:57:16 +0600] "GET /content/view/905/222/ HTTP/1.0" 200 5494 "-" "Mozilla/5.0 (compatible; YandexBot/3.0; +http://yandex.com/bots)"
178.154.163.30 - - [30/May/2012:16:57:21 +0600] "GET /content/view/309/66/ HTTP/1.0" 200 6528 "-" "Mozilla/5.0 (compatible; YandexBot/3.0; +http://yandex.com/bots)"
178.154.163.30 - - [30/May/2012:16:57:27 +0600] "GET /files/scen_prazd/wooman.pdf HTTP/1.0" 304 - "-" "Mozilla/5.0 (compatible; YandexBot/3.0; +http://yandex.com/bots)"
178.154.163.30 - - [30/May/2012:16:57:32 +0600] "GET /content/view/731/210/ HTTP/1.0" 200 4220 "-" "Mozilla/5.0 (compatible; YandexBot/3.0; +http://yandex.com/bots)"
178.122.122.155 - - [30/May/2012:16:57:44 +0600] "GET /files/filial8/%D0%A0%D0%B0%D0%B7%D0%BD%D0%BE%D1%86%D0%B2%D0%B5%D1%82%D0%BD%D1%8B%D0%B5%20%D1%81%D1%82%D1%80%D0%B0%D0%BD%D0%B8%D1%86%D1%8B%20%D0%B1%D1%83%D0%BA%D0%BB%D0%B5%D1%82.pdf HTTP/1.0" 200 151106 "http://www.google.by/url?sa=t&rct=j&q=%D0%B1%D1%83%D0%BA%D0%BB%D0%B5%D1%82%D1%8B%20%D0%BB%D0%B5%D1%82%D0%BE%20%D0%B8%20%D0%BA%D0%BD%D0%B8%D0%B3%D0%B0&source=web&cd=3&sqi=2&ved=0CGMQFjAC&url=http%3A%2F%2Fcsdb.ufanet.ru%2Ffiles%2Ffilial8%2F%25D0%25A0%25D0%25B0%25D0%25B7%25D0%25BD%25D0%25BE%25D1%2586%25D0%25B2%25D0%25B5%25D1%2582%25D0%25BD%25D1%258B%25D0%25B5%2520%25D1%2581%25D1%2582%25D1%2580%25D0%25B0%25D0%25BD%25D0%25B8%25D1%2586%25D1%258B%2520%25D0%25B1%25D1%2583%25D0%25BA%25D0%25BB%25D0%25B5%25D1%2582.pdf&ei=9vnFT_SxDKig4gTNvsDsBQ&usg=AFQjCNEUM3r6A6xTa4Sz5mFSD69AKXnxMA" "Mozilla/5.0 (Windows NT 5.1) AppleWebKit/535.7 (KHTML, like Gecko) Chrome/16.0.912.63 Safari/535.7"
178.122.122.155 - - [30/May/2012:16:57:45 +0600] "GET /files/filial8/%D0%A0%D0%B0%D0%B7%D0%BD%D0%BE%D1%86%D0%B2%D0%B5%D1%82%D0%BD%D1%8B%D0%B5%20%D1%81%D1%82%D1%80%D0%B0%D0%BD%D0%B8%D1%86%D1%8B%20%D0%B1%D1%83%D0%BA%D0%BB%D0%B5%D1%82.pdf HTTP/1.0" 200 151106 "http://www.google.by/url?sa=t&rct=j&q=%D0%B1%D1%83%D0%BA%D0%BB%D0%B5%D1%82%D1%8B%20%D0%BB%D0%B5%D1%82%D0%BE%20%D0%B8%20%D0%BA%D0%BD%D0%B8%D0%B3%D0%B0&source=web&cd=3&sqi=2&ved=0CGMQFjAC&url=http%3A%2F%2Fcsdb.ufanet.ru%2Ffiles%2Ffilial8%2F%25D0%25A0%25D0%25B0%25D0%25B7%25D0%25BD%25D0%25BE%25D1%2586%25D0%25B2%25D0%25B5%25D1%2582%25D0%25BD%25D1%258B%25D0%25B5%2520%25D1%2581%25D1%2582%25D1%2580%25D0%25B0%25D0%25BD%25D0%25B8%25D1%2586%25D1%258B%2520%25D0%25B1%25D1%2583%25D0%25BA%25D0%25BB%25D0%25B5%25D1%2582.pdf&ei=9vnFT_SxDKig4gTNvsDsBQ&usg=AFQjCNEUM3r6A6xTa4Sz5mFSD69AKXnxMA" "Mozilla/5.0 (Windows NT 5.1) AppleWebKit/535.7 (KHTML, like Gecko) Chrome/16.0.912.63 Safari/535.7"
178.122.122.155 - - [30/May/2012:16:57:47 +0600] "GET /files/filial8/%D0%A0%D0%B0%D0%B7%D0%BD%D0%BE%D1%86%D0%B2%D0%B5%D1%82%D0%BD%D1%8B%D0%B5%20%D1%81%D1%82%D1%80%D0%B0%D0%BD%D0%B8%D1%86%D1%8B%20%D0%B1%D1%83%D0%BA%D0%BB%D0%B5%D1%82.pdf HTTP/1.0" 206 32768 "http://csdb.ufanet.ru/files/filial8/%D0%A0%D0%B0%D0%B7%D0%BD%D0%BE%D1%86%D0%B2%D0%B5%D1%82%D0%BD%D1%8B%D0%B5%20%D1%81%D1%82%D1%80%D0%B0%D0%BD%D0%B8%D1%86%D1%8B%20%D0%B1%D1%83%D0%BA%D0%BB%D0%B5%D1%82.pdf" "Mozilla/5.0 (Windows NT 5.1) AppleWebKit/535.7 (KHTML, like Gecko) Chrome/16.0.912.63 Safari/535.7"
178.154.163.30 - - [30/May/2012:16:57:47 +0600] "GET /index.php?option=com_content&task=blogcategory&id=1&Itemid=66&limit=5&limitstart=30 HTTP/1.0" 200 7052 "-" "Mozilla/5.0 (compatible; YandexBot/3.0; +http://yandex.com/bots)"
178.122.122.155 - - [30/May/2012:16:57:48 +0600] "GET /files/filial8/%D0%A0%D0%B0%D0%B7%D0%BD%D0%BE%D1%86%D0%B2%D0%B5%D1%82%D0%BD%D1%8B%D0%B5%20%D1%81%D1%82%D1%80%D0%B0%D0%BD%D0%B8%D1%86%D1%8B%20%D0%B1%D1%83%D0%BA%D0%BB%D0%B5%D1%82.pdf HTTP/1.0" 206 113302 "http://csdb.ufanet.ru/files/filial8/%D0%A0%D0%B0%D0%B7%D0%BD%D0%BE%D1%86%D0%B2%D0%B5%D1%82%D0%BD%D1%8B%D0%B5%20%D1%81%D1%82%D1%80%D0%B0%D0%BD%D0%B8%D1%86%D1%8B%20%D0%B1%D1%83%D0%BA%D0%BB%D0%B5%D1%82.pdf" "Mozilla/5.0 (Windows NT 5.1) AppleWebKit/535.7 (KHTML, like Gecko) Chrome/16.0.912.63 Safari/535.7"
178.122.122.155 - - [30/May/2012:16:57:50 +0600] "GET /files/filial8/%D0%A0%D0%B0%D0%B7%D0%BD%D0%BE%D1%86%D0%B2%D0%B5%D1%82%D0%BD%D1%8B%D0%B5%20%D1%81%D1%82%D1%80%D0%B0%D0%BD%D0%B8%D1%86%D1%8B%20%D0%B1%D1%83%D0%BA%D0%BB%D0%B5%D1%82.pdf HTTP/1.0" 206 5036 "http://csdb.ufanet.ru/files/filial8/%D0%A0%D0%B0%D0%B7%D0%BD%D0%BE%D1%86%D0%B2%D0%B5%D1%82%D0%BD%D1%8B%D0%B5%20%D1%81%D1%82%D1%80%D0%B0%D0%BD%D0%B8%D1%86%D1%8B%20%D0%B1%D1%83%D0%BA%D0%BB%D0%B5%D1%82.pdf" "Mozilla/5.0 (Windows NT 5.1) AppleWebKit/535.7 (KHTML, like Gecko) Chrome/16.0.912.63 Safari/535.7"
178.154.163.30 - - [30/May/2012:17:01:03 +0600] "GET /content/view/891/66/ HTTP/1.0" 200 5894 "-" "Mozilla/5.0 (compatible; YandexBot/3.0; +http://yandex.com/bots)"
178.154.163.30 - - [30/May/2012:17:01:20 +0600] "GET /content/view/295/66 HTTP/1.0" 200 6803 "-" "Mozilla/5.0 (compatible; YandexBot/3.0; +http://yandex.com/bots)"
178.154.163.30 - - [30/May/2012:17:01:24 +0600] "GET /content/view/688/66/ HTTP/1.0" 200 5895 "-" "Mozilla/5.0 (compatible; YandexBot/3.0; +http://yandex.com/bots)"
178.154.163.30 - - [30/May/2012:17:01:29 +0600] "GET /content/view/793/55/ HTTP/1.0" 200 5191 "-" "Mozilla/5.0 (compatible; YandexBot/3.0; +http://yandex.com/bots)"
178.154.163.30 - - [30/May/2012:17:01:39 +0600] "GET /content/view/834/222/ HTTP/1.0" 200 5080 "-" "Mozilla/5.0 (compatible; YandexBot/3.0; +http://yandex.com/bots)"
178.154.163.30 - - [30/May/2012:17:01:43 +0600] "GET /content/view/53/47/ HTTP/1.0" 200 7419 "-" "Mozilla/5.0 (compatible; YandexBot/3.0; +http://yandex.com/bots)"
178.154.163.30 - - [30/May/2012:17:01:50 +0600] "GET /content/view/433/93/ HTTP/1.0" 200 5983 "-" "Mozilla/5.0 (compatible; YandexBot/3.0; +http://yandex.com/bots)"
178.154.163.30 - - [30/May/2012:17:01:55 +0600] "GET /content/view/805/66/ HTTP/1.0" 200 5963 "-" "Mozilla/5.0 (compatible; YandexBot/3.0; +http://yandex.com/bots)"
178.154.163.30 - - [30/May/2012:17:02:02 +0600] "GET /files/articles/%D0%90%D0%BD%D0%B0%D0%BB%D0%B8%D0%B7%20%D1%80%D0%B0%D0%B1%D0%BE%D1%82%D1%8B%20%D0%B7%D0%B0%202010%20%D0%B3.pdf HTTP/1.0" 304 - "-" "Mozilla/5.0 (compatible; YandexBot/3.0; +http://yandex.com/bots)"
178.154.163.30 - - [30/May/2012:17:02:16 +0600] "GET /content/view/981/66/ HTTP/1.0" 200 5963 "-" "Mozilla/5.0 (compatible; YandexBot/3.0; +http://yandex.com/bots)"
178.154.163.30 - - [30/May/2012:17:02:28 +0600] "GET /content/view/793/183/ HTTP/1.0" 200 5181 "-" "Mozilla/5.0 (compatible; YandexBot/3.0; +http://yandex.com/bots)"
178.154.163.30 - - [30/May/2012:17:02:45 +0600] "GET /content/view/294/66/ HTTP/1.0" 200 6448 "-" "Mozilla/5.0 (compatible; YandexBot/3.0; +http://yandex.com/bots)"
178.154.163.30 - - [30/May/2012:17:03:41 +0600] "GET /content/view/734/223/ HTTP/1.0" 200 4722 "-" "Mozilla/5.0 (compatible; YandexDirect/3.0; +http://yandex.com/bots)"
178.154.163.30 - - [30/May/2012:17:04:46 +0600] "GET /content/view/132/66/ HTTP/1.0" 200 7459 "-" "Mozilla/5.0 (compatible; YandexBot/3.0; +http://yandex.com/bots)"
178.154.163.30 - - [30/May/2012:17:05:37 +0600] "GET /content/view/565/66 HTTP/1.0" 200 5907 "-" "Mozilla/5.0 (compatible; YandexBot/3.0; +http://yandex.com/bots)"
178.154.163.30 - - [30/May/2012:17:06:30 +0600] "GET /content/view/723/110/ HTTP/1.0" 200 5150 "-" "Mozilla/5.0 (compatible; YandexBot/3.0; +http://yandex.com/bots)"
95.105.77.125 - - [30/May/2012:17:06:31 +0600] "GET /mb38/ HTTP/1.0" 200 14902 "http://www.google.ru/url?sa=t&rct=j&q=csdb.ufanet.ru&source=web&cd=2&sqi=2&ved=0CFcQjBAwAQ&url=http%3A%2F%2Fcsdb.ufanet.ru%2Fmb38%2F&ei=I__FT5uCEYyL4gSXr_GtBQ&usg=AFQjCNGOs2hGWB9hoDb77_kkV41yXYs2-Q&cad=rjt" "Mozilla/5.0 (Windows NT 5.1) AppleWebKit/536.5 (KHTML, like Gecko) Chrome/19.0.1084.52 Safari/536.5"
95.105.77.125 - - [30/May/2012:17:06:34 +0600] "GET /images/mb/img38/free_access.swf HTTP/1.0" 200 7947129 "http://csdb.ufanet.ru/mb38/" "Mozilla/5.0 (Windows NT 5.1) AppleWebKit/536.5 (KHTML, like Gecko) Chrome/19.0.1084.52 Safari/536.5"
95.105.77.125 - - [30/May/2012:17:06:46 +0600] "GET /images/mb/img38/free_access.swf HTTP/1.0" 206 1 "http://csdb.ufanet.ru/mb38/index.html" "Mozilla/5.0 (Windows NT 5.1) AppleWebKit/536.5 (KHTML, like Gecko) Chrome/19.0.1084.52 Safari/536.5"
95.105.77.125 - - [30/May/2012:17:06:46 +0600] "GET /images/mb/img38/free_access.swf HTTP/1.0" 206 7746125 "http://csdb.ufanet.ru/mb38/index.html" "Mozilla/5.0 (Windows NT 5.1) AppleWebKit/536.5 (KHTML, like Gecko) Chrome/19.0.1084.52 Safari/536.5"
95.105.77.125 - - [30/May/2012:17:06:53 +0600] "GET / HTTP/1.0" 200 6487 "http://www.google.ru/url?sa=t&rct=j&q=csdb.ufanet.ru&source=web&cd=1&sqi=2&ved=0CE8QFjAA&url=http%3A%2F%2Fcsdb.ufanet.ru%2F&ei=I__FT5uCEYyL4gSXr_GtBQ&usg=AFQjCNGr3-VhEuv4mWftvIFQmFcbxmmeUQ&cad=rjt" "Mozilla/5.0 (Windows NT 5.1) AppleWebKit/536.5 (KHTML, like Gecko) Chrome/19.0.1084.52 Safari/536.5"
178.154.163.30 - - [30/May/2012:17:06:56 +0600] "GET /content/view/786/66/ HTTP/1.0" 200 5856 "-" "Mozilla/5.0 (compatible; YandexBot/3.0; +http://yandex.com/bots)"
95.105.77.125 - - [30/May/2012:17:06:54 +0600] "GET /images/cgdb.swf HTTP/1.0" 200 19792297 "http://csdb.ufanet.ru/" "Mozilla/5.0 (Windows NT 5.1) AppleWebKit/536.5 (KHTML, like Gecko) Chrome/19.0.1084.52 Safari/536.5"
95.105.77.125 - - [30/May/2012:17:06:58 +0600] "GET /content/category/7/20/52/ HTTP/1.0" 200 5768 "http://csdb.ufanet.ru/" "Mozilla/5.0 (Windows NT 5.1) AppleWebKit/536.5 (KHTML, like Gecko) Chrome/19.0.1084.52 Safari/536.5"
178.154.163.30 - - [30/May/2012:17:07:04 +0600] "GET /content/view/327/196/ HTTP/1.0" 200 17537 "-" "Mozilla/5.0 (compatible; YandexBot/3.0; +http://yandex.com/bots)"
95.105.77.125 - - [30/May/2012:17:07:05 +0600] "GET /content/view/643/52/ HTTP/1.0" 200 8087 "http://csdb.ufanet.ru/content/category/7/20/52/" "Mozilla/5.0 (Windows NT 5.1) AppleWebKit/536.5 (KHTML, like Gecko) Chrome/19.0.1084.52 Safari/536.5"
178.154.163.30 - - [30/May/2012:17:07:50 +0600] "GET /content/view/75/55/ HTTP/1.0" 200 6545 "-" "Mozilla/5.0 (compatible; YandexBot/3.0; +http://yandex.com/bots)"
178.154.163.30 - - [30/May/2012:17:07:57 +0600] "GET /content/category/8/25/55 HTTP/1.0" 200 5364 "-" "Mozilla/5.0 (compatible; YandexBot/3.0; +http://yandex.com/bots)"
178.154.163.30 - - [30/May/2012:17:08:01 +0600] "GET /content/view/409/66/ HTTP/1.0" 200 6672 "-" "Mozilla/5.0 (compatible; YandexBot/3.0; +http://yandex.com/bots)"
178.154.163.30 - - [30/May/2012:17:08:05 +0600] "GET /content/view/794/120/ HTTP/1.0" 200 5720 "-" "Mozilla/5.0 (compatible; YandexBot/3.0; +http://yandex.com/bots)"
178.154.163.30 - - [30/May/2012:17:08:10 +0600] "GET /content/view/257/66/ HTTP/1.0" 200 6231 "-" "Mozilla/5.0 (compatible; YandexBot/3.0; +http://yandex.com/bots)"
178.154.163.30 - - [30/May/2012:17:08:15 +0600] "GET /content/view/340/83/ HTTP/1.0" 200 3636 "-" "Mozilla/5.0 (compatible; YandexBot/3.0; +http://yandex.com/bots)"
178.154.163.30 - - [30/May/2012:17:08:22 +0600] "GET /content/view/870/243/ HTTP/1.0" 200 7422 "-" "Mozilla/5.0 (compatible; YandexBot/3.0; +http://yandex.com/bots)"
178.154.163.30 - - [30/May/2012:17:08:27 +0600] "GET /content/view/811/137/ HTTP/1.0" 200 5648 "-" "Mozilla/5.0 (compatible; YandexBot/3.0; +http://yandex.com/bots)"
178.154.163.30 - - [30/May/2012:17:08:39 +0600] "GET /content/section/6/53/ HTTP/1.0" 200 5274 "-" "Mozilla/5.0 (compatible; YandexBot/3.0; +http://yandex.com/bots)"
178.154.163.30 - - [30/May/2012:17:08:48 +0600] "GET /files/articles/SemiaIBibliotecaGraniSotrudnichestva.pdf HTTP/1.0" 304 - "-" "Mozilla/5.0 (compatible; YandexBot/3.0; +http://yandex.com/bots)"
178.154.163.30 - - [30/May/2012:17:08:52 +0600] "GET /content/view/730/210/ HTTP/1.0" 200 5045 "-" "Mozilla/5.0 (compatible; YandexBot/3.0; +http://yandex.com/bots)"
178.154.163.30 - - [30/May/2012:17:08:56 +0600] "GET /content/view/208/66/ HTTP/1.0" 200 5809 "-" "Mozilla/5.0 (compatible; YandexBot/3.0; +http://yandex.com/bots)"
178.154.163.30 - - [30/May/2012:17:09:02 +0600] "GET /content/view/577/66/ HTTP/1.0" 200 6313 "-" "Mozilla/5.0 (compatible; YandexBot/3.0; +http://yandex.com/bots)"
178.154.163.30 - - [30/May/2012:17:09:09 +0600] "GET /content/view/212/66/ HTTP/1.0" 200 7024 "-" "Mozilla/5.0 (compatible; YandexBot/3.0; +http://yandex.com/bots)"
178.154.163.30 - - [30/May/2012:17:09:18 +0600] "GET /content/view/245/66/ HTTP/1.0" 200 5984 "-" "Mozilla/5.0 (compatible; YandexBot/3.0; +http://yandex.com/bots)"
95.153.117.67 - - [30/May/2012:17:09:24 +0600] "GET /content/view/75/55/ HTTP/1.0" 200 6546 "http://www.google.ru/imgres?q=%D0%BA%D0%BE%D0%BC%D0%BF%D1%8C%D1%8E%D1%82%D0%B5%D1%80%D0%BD%D1%8B%D0%B9+%D0%BA%D0%BB%D1%83%D0%B1&um=1&hl=ru&newwindow=1&biw=1680&bih=906&tbm=isch&tbnid=BLAuU_X2WeWH8M:&imgrefurl=http://csdb.ufanet.ru/content/view/75/55/&docid=Db1Gz8jn74NtFM&imgurl=http://csdb.ufanet.ru/images/flashka/compclub.jpg&w=500&h=375&ei=2f_FT7qqMYWp0QXE-tDYBQ&zoom=1&iact=hc&vpx=902&vpy=83&dur=423&hovh=194&hovw=259&tx=123&ty=123&sig=117928608989139101911&page=3&tbnh=162&tbnw=231&start=55&ndsp=31&ved=1t:429,r:9,s:55,i:236" "Mozilla/5.0 (Windows NT 6.1) AppleWebKit/535.11 (KHTML, like Gecko) Chrome/17.0.963.46 Safari/535.11 MRCHROME"
178.154.163.30 - - [30/May/2012:17:09:25 +0600] "GET /content/view/798/66/ HTTP/1.0" 200 6237 "-" "Mozilla/5.0 (compatible; YandexBot/3.0; +http://yandex.com/bots)"
178.154.163.30 - - [30/May/2012:17:09:33 +0600] "GET /content/view/450/210/ HTTP/1.0" 200 4978 "-" "Mozilla/5.0 (compatible; YandexBot/3.0; +http://yandex.com/bots)"
178.154.163.30 - - [30/May/2012:17:09:48 +0600] "GET /content/view/750/222/ HTTP/1.0" 200 4887 "-" "Mozilla/5.0 (compatible; YandexBot/3.0; +http://yandex.com/bots)"
178.154.163.30 - - [30/May/2012:17:09:58 +0600] "GET /content/view/355/66/ HTTP/1.0" 200 6028 "-" "Mozilla/5.0 (compatible; YandexBot/3.0; +http://yandex.com/bots)"
178.154.163.30 - - [30/May/2012:17:10:33 +0600] "GET /content/view/572/66/ HTTP/1.0" 200 5928 "-" "Mozilla/5.0 (compatible; YandexBot/3.0; +http://yandex.com/bots)"
65.52.108.145 - - [30/May/2012:17:11:14 +0600] "GET /content/view/794/130/ HTTP/1.0" 200 5722 "-" "Mozilla/5.0 (compatible; bingbot/2.0; +http://www.bing.com/bingbot.htm)"
178.154.163.30 - - [30/May/2012:17:11:25 +0600] "GET /content/view/833/222/ HTTP/1.0" 200 4881 "-" "Mozilla/5.0 (compatible; YandexBot/3.0; +http://yandex.com/bots)"
178.154.163.30 - - [30/May/2012:17:11:34 +0600] "GET /content/view/505/66/ HTTP/1.0" 200 6114 "-" "Mozilla/5.0 (compatible; YandexBot/3.0; +http://yandex.com/bots)"
178.154.163.30 - - [30/May/2012:17:13:20 +0600] "GET /content/view/807/66/ HTTP/1.0" 200 5921 "-" "Mozilla/5.0 (compatible; YandexBot/3.0; +http://yandex.com/bots)"
178.154.163.30 - - [30/May/2012:17:13:35 +0600] "GET /content/view/209/66/ HTTP/1.0" 200 6650 "-" "Mozilla/5.0 (compatible; YandexBot/3.0; +http://yandex.com/bots)"
178.154.163.30 - - [30/May/2012:17:13:47 +0600] "GET /content/view/485/66/ HTTP/1.0" 200 6613 "-" "Mozilla/5.0 (compatible; YandexBot/3.0; +http://yandex.com/bots)"
178.154.163.30 - - [30/May/2012:17:14:09 +0600] "GET /content/view/99/66/ HTTP/1.0" 200 6122 "-" "Mozilla/5.0 (compatible; YandexBot/3.0; +http://yandex.com/bots)"
178.154.163.30 - - [30/May/2012:17:14:22 +0600] "GET /content/view/218/66/ HTTP/1.0" 200 8466 "-" "Mozilla/5.0 (compatible; YandexBot/3.0; +http://yandex.com/bots)"
178.154.163.30 - - [30/May/2012:17:14:37 +0600] "GET /content/view/236/66/ HTTP/1.0" 200 5812 "-" "Mozilla/5.0 (compatible; YandexBot/3.0; +http://yandex.com/bots)"
178.154.163.30 - - [30/May/2012:17:14:48 +0600] "GET /content/view/979/66/ HTTP/1.0" 200 5814 "-" "Mozilla/5.0 (compatible; YandexBot/3.0; +http://yandex.com/bots)"
178.154.163.30 - - [30/May/2012:17:14:59 +0600] "GET /content/view/128/47/ HTTP/1.0" 200 12581 "-" "Mozilla/5.0 (compatible; YandexBot/3.0; +http://yandex.com/bots)"
178.154.163.30 - - [30/May/2012:17:15:13 +0600] "GET /content/view/912/66/ HTTP/1.0" 200 5981 "-" "Mozilla/5.0 (compatible; YandexBot/3.0; +http://yandex.com/bots)"
178.154.163.30 - - [30/May/2012:17:15:31 +0600] "GET /content/view/439/66/ HTTP/1.0" 200 5908 "-" "Mozilla/5.0 (compatible; YandexBot/3.0; +http://yandex.com/bots)"
178.154.163.30 - - [30/May/2012:17:15:55 +0600] "GET /content/view/94/66/ HTTP/1.0" 200 6727 "-" "Mozilla/5.0 (compatible; YandexBot/3.0; +http://yandex.com/bots)"
178.154.163.30 - - [30/May/2012:17:16:15 +0600] "GET /content/view/477/66/ HTTP/1.0" 200 5868 "-" "Mozilla/5.0 (compatible; YandexBot/3.0; +http://yandex.com/bots)"
178.154.163.30 - - [30/May/2012:17:16:47 +0600] "GET /content/view/371/66/ HTTP/1.0" 200 7318 "-" "Mozilla/5.0 (compatible; YandexBot/3.0; +http://yandex.com/bots)"
178.154.163.30 - - [30/May/2012:17:17:09 +0600] "GET /content/view/72/66/ HTTP/1.0" 200 5921 "-" "Mozilla/5.0 (compatible; YandexBot/3.0; +http://yandex.com/bots)"
178.154.163.30 - - [30/May/2012:17:18:12 +0600] "GET /content/view/932/66/ HTTP/1.0" 200 5932 "-" "Mozilla/5.0 (compatible; YandexBot/3.0; +http://yandex.com/bots)"
95.108.129.207 - - [30/May/2012:17:18:47 +0600] "GET / HTTP/1.0" 200 24238 "-" "Mozilla/5.0 (compatible; YandexMetrika/2.0; +http://yandex.com/bots)"
178.154.163.30 - - [30/May/2012:17:19:06 +0600] "GET /content/view/537/66/ HTTP/1.0" 200 7022 "-" "Mozilla/5.0 (compatible; YandexBot/3.0; +http://yandex.com/bots)"
31.8.211.106 - - [30/May/2012:17:19:13 +0600] "GET /files/articles/UKnigNetKanikul.pdf HTTP/1.0" 200 83490 "http://yandex.ru/yandsearch?text=%D0%BA%D0%BE%D0%BD%D0%BA%D1%83%D1%80%D1%81+%D0%BB%D0%B5%D1%82%D0%BE+%D0%B8+%D0%BA%D0%BD%D0%B8%D0%B3%D0%B0&lr=172" "Mozilla/5.0 (Windows NT 5.1; rv:12.0) Gecko/20100101 Firefox/12.0"
31.8.211.106 - - [30/May/2012:17:19:18 +0600] "GET /files/articles/UKnigNetKanikul.pdf HTTP/1.0" 206 4301 "-" "Mozilla/5.0 (Windows NT 5.1; rv:12.0) Gecko/20100101 Firefox/12.0"
178.154.163.30 - - [30/May/2012:17:19:25 +0600] "GET /content/view/226/66/ HTTP/1.0" 200 5875 "-" "Mozilla/5.0 (compatible; YandexBot/3.0; +http://yandex.com/bots)"
178.154.163.30 - - [30/May/2012:17:19:42 +0600] "GET /content/view/739/66/ HTTP/1.0" 200 6082 "-" "Mozilla/5.0 (compatible; YandexBot/3.0; +http://yandex.com/bots)"
178.154.163.30 - - [30/May/2012:17:20:35 +0600] "GET /content/view/653/210/ HTTP/1.0" 200 4570 "-" "Mozilla/5.0 (compatible; YandexBot/3.0; +http://yandex.com/bots)"
178.154.163.30 - - [30/May/2012:17:21:22 +0600] "GET /content/view/781/66/ HTTP/1.0" 200 6073 "-" "Mozilla/5.0 (compatible; YandexBot/3.0; +http://yandex.com/bots)"
65.52.108.200 - - [30/May/2012:17:21:47 +0600] "GET /content/view/783/130/ HTTP/1.0" 200 5147 "-" "Mozilla/5.0 (compatible; bingbot/2.0; +http://www.bing.com/bingbot.htm)"
178.154.163.30 - - [30/May/2012:17:21:51 +0600] "GET /content/view/215/66/ HTTP/1.0" 200 6670 "-" "Mozilla/5.0 (compatible; YandexBot/3.0; +http://yandex.com/bots)"
178.154.163.30 - - [30/May/2012:17:22:07 +0600] "GET /content/view/139/66/ HTTP/1.0" 200 6138 "-" "Mozilla/5.0 (compatible; YandexBot/3.0; +http://yandex.com/bots)"
178.154.163.30 - - [30/May/2012:17:22:23 +0600] "GET /content/view/949/222/ HTTP/1.0" 200 5392 "-" "Mozilla/5.0 (compatible; YandexBot/3.0; +http://yandex.com/bots)"
178.154.163.30 - - [30/May/2012:17:23:20 +0600] "GET /content/view/203/52/ HTTP/1.0" 200 5818 "-" "Mozilla/5.0 (compatible; YandexBot/3.0; +http://yandex.com/bots)"
136.169.225.112 - - [30/May/2012:17:23:56 +0600] "GET /images/mb/img38/free_access.swf HTTP/1.0" 206 1 "http://csdb.ufanet.ru/mb38/" "Mozilla/5.0 (Windows NT 5.1) AppleWebKit/536.5 (KHTML, like Gecko) Chrome/19.0.1084.52 Safari/536.5"
136.169.225.112 - - [30/May/2012:17:23:56 +0600] "GET /images/mb/img38/free_access.swf HTTP/1.0" 206 3317529 "http://csdb.ufanet.ru/mb38/" "Mozilla/5.0 (Windows NT 5.1) AppleWebKit/536.5 (KHTML, like Gecko) Chrome/19.0.1084.52 Safari/536.5"
178.154.163.30 - - [30/May/2012:17:23:57 +0600] "GET /content/view/378/105/ HTTP/1.0" 200 7317 "-" "Mozilla/5.0 (compatible; YandexBot/3.0; +http://yandex.com/bots)"
136.169.225.112 - - [30/May/2012:17:23:59 +0600] "GET /content/blogcategory/1/66/ HTTP/1.0" 200 7460 "http://csdb.ufanet.ru/" "Mozilla/5.0 (Windows NT 5.1) AppleWebKit/536.5 (KHTML, like Gecko) Chrome/19.0.1084.52 Safari/536.5"
136.169.225.112 - - [30/May/2012:17:24:16 +0600] "GET /content/view/989/1/ HTTP/1.0" 200 6000 "http://csdb.ufanet.ru/content/blogcategory/1/66/" "Mozilla/5.0 (Windows NT 5.1) AppleWebKit/536.5 (KHTML, like Gecko) Chrome/19.0.1084.52 Safari/536.5"
178.154.163.30 - - [30/May/2012:17:24:23 +0600] "GET /content/view/472/66/ HTTP/1.0" 200 5882 "-" "Mozilla/5.0 (compatible; YandexBot/3.0; +http://yandex.com/bots)"
178.154.163.30 - - [30/May/2012:17:24:43 +0600] "GET /content/view/93/66/ HTTP/1.0" 200 5946 "-" "Mozilla/5.0 (compatible; YandexBot/3.0; +http://yandex.com/bots)"
178.154.163.30 - - [30/May/2012:17:25:04 +0600] "GET /content/view/956/210/ HTTP/1.0" 200 4193 "-" "Mozilla/5.0 (compatible; YandexBot/3.0; +http://yandex.com/bots)"
68.233.226.103 - - [30/May/2012:17:25:07 +0600] "GET /content/view/793/107/content/view/704/183/ HTTP/1.0" 200 18862 "-" "Mozilla/5.0 (Windows NT 5.1) AppleWebKit/535.2 (KHTML, like Gecko) Chrome/15.0.872.0 Safari/535.2"
178.154.163.30 - - [30/May/2012:17:25:32 +0600] "GET /content/view/854/243/ HTTP/1.0" 200 6408 "-" "Mozilla/5.0 (compatible; YandexBot/3.0; +http://yandex.com/bots)"
178.154.163.30 - - [30/May/2012:17:26:49 +0600] "GET /content/view/302/66/ HTTP/1.0" 200 6315 "-" "Mozilla/5.0 (compatible; YandexBot/3.0; +http://yandex.com/bots)"
178.154.163.30 - - [30/May/2012:17:27:08 +0600] "GET /content/view/646/66/ HTTP/1.0" 200 5911 "-" "Mozilla/5.0 (compatible; YandexBot/3.0; +http://yandex.com/bots)"
178.154.163.30 - - [30/May/2012:17:27:35 +0600] "GET /content/view/452/210/ HTTP/1.0" 200 5338 "-" "Mozilla/5.0 (compatible; YandexBot/3.0; +http://yandex.com/bots)"
178.154.163.30 - - [30/May/2012:17:28:00 +0600] "GET /content/view/769/222/ HTTP/1.0" 200 5296 "-" "Mozilla/5.0 (compatible; YandexBot/3.0; +http://yandex.com/bots)"
178.154.163.30 - - [30/May/2012:17:28:37 +0600] "GET /content/view/373/66/ HTTP/1.0" 200 5987 "-" "Mozilla/5.0 (compatible; YandexBot/3.0; +http://yandex.com/bots)"
172.27.4.92 - - [30/May/2012:17:29:33 +0600] "GET / HTTP/1.0" 200 6489 "http://yandex.ru/yandsearch?text=csdb.ufanet.ru&from=fx3&clid=46510&lr=172" "Mozilla/5.0 (Windows NT 5.1; rv:8.0) Gecko/20100101 Firefox/8.0"
172.27.4.92 - - [30/May/2012:17:29:38 +0600] "GET /images/cgdb.swf HTTP/1.0" 200 19792297 "http://csdb.ufanet.ru/" "Mozilla/5.0 (Windows NT 5.1; rv:8.0) Gecko/20100101 Firefox/8.0"
172.27.4.92 - - [30/May/2012:17:29:48 +0600] "GET /content/section/6/53/ HTTP/1.0" 200 5275 "http://csdb.ufanet.ru/" "Mozilla/5.0 (Windows NT 5.1; rv:8.0) Gecko/20100101 Firefox/8.0"
172.27.4.92 - - [30/May/2012:17:29:49 +0600] "GET /component/option,com_facileforms/Itemid,71/ HTTP/1.0" 200 5303 "http://csdb.ufanet.ru/" "Mozilla/5.0 (Windows NT 5.1; rv:8.0) Gecko/20100101 Firefox/8.0"
172.27.4.92 - - [30/May/2012:17:29:53 +0600] "GET /component/option,com_facileforms/Itemid,71/ HTTP/1.0" 200 5309 "http://csdb.ufanet.ru/" "Mozilla/5.0 (Windows NT 5.1; rv:8.0) Gecko/20100101 Firefox/8.0"
172.27.4.92 - - [30/May/2012:17:29:56 +0600] "GET /index2.php?option=com_facileforms&Itemid=71&ff_form=11&ff_frame=1&ff_border=1 HTTP/1.0" 200 4053 "http://csdb.ufanet.ru/component/option,com_facileforms/Itemid,71/" "Mozilla/5.0 (Windows NT 5.1; rv:8.0) Gecko/20100101 Firefox/8.0"
172.27.4.92 - - [30/May/2012:17:30:07 +0600] "GET /components/com_facileforms/secimage.php?sessid=k2ig0tb4iatp642h1ooste8p83 HTTP/1.0" 200 277 "http://csdb.ufanet.ru/index2.php?option=com_facileforms&Itemid=71&ff_form=11&ff_frame=1&ff_border=1" "Mozilla/5.0 (Windows NT 5.1; rv:8.0) Gecko/20100101 Firefox/8.0"
94.143.244.85 - - [30/May/2012:17:30:38 +0600] "GET / HTTP/1.0" 200 6490 "http://yandex.ru/yandsearch?text=%D0%B3%D0%BE%D1%80%D0%BE%D0%B4%D1%81%D0%BA%D0%B0%D1%8F+%D0%B4%D0%B5%D1%82%D1%81%D0%BA%D0%B0%D1%8F+%D0%B1%D0%B8%D0%B1%D0%BB%D0%B8%D0%BE%D1%82%D0%B5%D0%BA%D0%B0&lr=18" "Mozilla/5.0 (Windows NT 5.1; rv:12.0) Gecko/20100101 Firefox/12.0"
94.143.244.85 - - [30/May/2012:17:30:39 +0600] "GET /images/cgdb.swf HTTP/1.0" 200 19792297 "http://csdb.ufanet.ru/" "Mozilla/5.0 (Windows NT 5.1; rv:12.0) Gecko/20100101 Firefox/12.0"
172.27.4.92 - - [30/May/2012:17:30:54 +0600] "POST /index2.php HTTP/1.0" 200 729 "http://csdb.ufanet.ru/index2.php?option=com_facileforms&Itemid=71&ff_form=11&ff_frame=1&ff_border=1" "Mozilla/5.0 (Windows NT 5.1; rv:8.0) Gecko/20100101 Firefox/8.0"
172.27.4.92 - - [30/May/2012:17:31:15 +0600] "POST /index2.php HTTP/1.0" 200 4095 "http://csdb.ufanet.ru/index2.php" "Mozilla/5.0 (Windows NT 5.1; rv:8.0) Gecko/20100101 Firefox/8.0"
172.27.4.92 - - [30/May/2012:17:31:15 +0600] "GET /components/com_facileforms/secimage.php?sessid=k2ig0tb4iatp642h1ooste8p83 HTTP/1.0" 200 274 "http://csdb.ufanet.ru/index2.php" "Mozilla/5.0 (Windows NT 5.1; rv:8.0) Gecko/20100101 Firefox/8.0"
172.27.4.92 - - [30/May/2012:17:31:17 +0600] "POST / HTTP/1.0" 200 6487 "http://csdb.ufanet.ru/index2.php" "Mozilla/5.0 (Windows NT 5.1; rv:8.0) Gecko/20100101 Firefox/8.0"
172.27.4.92 - - [30/May/2012:17:31:18 +0600] "GET /images/cgdb.swf HTTP/1.0" 200 19792297 "http://csdb.ufanet.ru/" "Mozilla/5.0 (Windows NT 5.1; rv:8.0) Gecko/20100101 Firefox/8.0"
178.154.163.30 - - [30/May/2012:17:31:26 +0600] "GET /content/view/951/222/ HTTP/1.0" 200 5406 "-" "Mozilla/5.0 (compatible; YandexBot/3.0; +http://yandex.com/bots)"
178.154.163.30 - - [30/May/2012:17:31:51 +0600] "GET /content/view/737/66/ HTTP/1.0" 200 5673 "-" "Mozilla/5.0 (compatible; YandexBot/3.0; +http://yandex.com/bots)"
178.154.163.30 - - [30/May/2012:17:32:18 +0600] "GET /content/view/295/66/ HTTP/1.0" 200 6801 "-" "Mozilla/5.0 (compatible; YandexBot/3.0; +http://yandex.com/bots)"
85.26.183.66 - - [30/May/2012:17:32:25 +0600] "GET /content/view/563/53 HTTP/1.0" 200 7283 "http://yandex.ru/yandsearch?text=%D1%8D%D1%81%D1%81%D0%B5+%22%D0%BC%D0%BE%D1%8F+%D0%BB%D1%8E%D0%B1%D0%B8%D0%BC%D0%B0%D1%8F+%D0%B1%D0%B8%D0%B1%D0%BB%D0%B8%D0%BE%D1%82%D0%B5%D0%BA%D0%B0%22&clid=40316&lr=10988" "Mozilla/5.0 (compatible; MSIE 9.0; Windows NT 6.1; Trident/5.0; MANM)"
178.154.163.30 - - [30/May/2012:17:32:43 +0600] "GET /content/view/742/222/ HTTP/1.0" 200 5999 "-" "Mozilla/5.0 (compatible; YandexBot/3.0; +http://yandex.com/bots)"
178.154.163.30 - - [30/May/2012:17:33:06 +0600] "GET /content/view/453/210/ HTTP/1.0" 200 4288 "-" "Mozilla/5.0 (compatible; YandexBot/3.0; +http://yandex.com/bots)"
178.154.163.30 - - [30/May/2012:17:33:29 +0600] "GET /content/view/759/210/ HTTP/1.0" 200 4455 "-" "Mozilla/5.0 (compatible; YandexBot/3.0; +http://yandex.com/bots)"
85.26.183.66 - - [30/May/2012:17:33:47 +0600] "GET /content/view/400/53/ HTTP/1.0" 200 6056 "http://csdb.ufanet.ru/content/view/563/53" "Mozilla/5.0 (compatible; MSIE 9.0; Windows NT 6.1; Trident/5.0; MANM)"
178.154.163.30 - - [30/May/2012:17:33:55 +0600] "GET /content/view/291/66/ HTTP/1.0" 200 6104 "-" "Mozilla/5.0 (compatible; YandexBot/3.0; +http://yandex.com/bots)"
37.122.11.20 - - [30/May/2012:17:34:11 +0600] "GET /index.php?option=com_content&task=view&id=127&Itemid=62 HTTP/1.0" 200 15218 "http://yandex.ru/yandsearch?text=%D0%BC%D1%83%D1%81%D1%82%D0%B0%D0%B9+%D0%BA%D0%B0%D1%80%D0%B8%D0%BC+%D1%81%D1%82%D0%B8%D1%85++%D0%BA%D0%BE%D0%BC%D1%81%D0%BE%D0%BC%D0%BE%D0%BB%D1%8C%D1%81%D0%BA%D0%BE%D0%BC+%D0%B1%D0%B8%D0%BB%D0%B5%D1%82%D1%8B+%D0%BA%D0%B0%D1%80%D0%B8%D0%BC%D0%B0%5C&clid=40316&lr=172" "Mozilla/5.0 (compatible; MSIE 9.0; Windows NT 6.1; Trident/5.0)"
178.154.163.30 - - [30/May/2012:17:34:19 +0600] "GET /content/view/902/222/ HTTP/1.0" 200 5430 "-" "Mozilla/5.0 (compatible; YandexBot/3.0; +http://yandex.com/bots)"
85.26.183.66 - - [30/May/2012:17:34:34 +0600] "GET /content/view/563/53/ HTTP/1.0" 200 7283 "http://csdb.ufanet.ru/content/view/400/53/" "Mozilla/5.0 (compatible; MSIE 9.0; Windows NT 6.1; Trident/5.0; MANM)"
178.154.163.30 - - [30/May/2012:17:34:44 +0600] "GET /content/view/113/66/ HTTP/1.0" 200 6791 "-" "Mozilla/5.0 (compatible; YandexBot/3.0; +http://yandex.com/bots)"
85.26.183.66 - - [30/May/2012:17:34:49 +0600] "GET /content/category/5/18/47/ HTTP/1.0" 200 5573 "http://csdb.ufanet.ru/content/view/563/53/" "Mozilla/5.0 (compatible; MSIE 9.0; Windows NT 6.1; Trident/5.0; MANM)"
85.26.183.66 - - [30/May/2012:17:35:02 +0600] "GET /content/view/53/47/ HTTP/1.0" 200 7421 "http://csdb.ufanet.ru/content/category/5/18/47/" "Mozilla/5.0 (compatible; MSIE 9.0; Windows NT 6.1; Trident/5.0; MANM)"
