178.154.163.30 - - [03/Jun/2012:11:14:36 +0600] "GET /content/view/94/66/ HTTP/1.0" 200 6643 "-" "Mozilla/5.0 (compatible; YandexBot/3.0; +http://yandex.com/bots)"
66.249.66.77 - - [03/Jun/2012:11:16:16 +0600] "GET /content/view/403/140/ HTTP/1.0" 200 5066 "-" "Mozilla/5.0 (compatible; Googlebot/2.1; +http://www.google.com/bot.html)"
178.154.163.30 - - [03/Jun/2012:11:17:36 +0600] "GET /content/view/224/66 HTTP/1.0" 200 6670 "-" "Mozilla/5.0 (compatible; YandexBot/3.0; +http://yandex.com/bots)"
178.154.163.30 - - [03/Jun/2012:11:20:36 +0600] "GET /content/blogcategory/1/66/5/0/ HTTP/1.0" 200 7627 "-" "Mozilla/5.0 (compatible; YandexBot/3.0; +http://yandex.com/bots)"
31.8.171.13 - - [03/Jun/2012:11:22:47 +0600] "GET /content/view/204/47 HTTP/1.0" 200 10142 "http://yandex.ru/yandsearch?text=%D0%B1%D0%B8%D0%B1%D0%BB%D0%B8%D0%BE%D1%82%D0%B5%D0%BA%D0%B8+%D1%83%D1%84%D1%8B&lr=172" "Opera/9.80 (Windows NT 5.1; U; ru) Presto/2.10.229 Version/11.64"
31.8.171.13 - - [03/Jun/2012:11:22:55 +0600] "GET /content/view/989/47/ HTTP/1.0" 200 5505 "http://csdb.ufanet.ru/content/view/204/47" "Opera/9.80 (Windows NT 5.1; U; ru) Presto/2.10.229 Version/11.64"
31.8.171.13 - - [03/Jun/2012:11:23:07 +0600] "GET /content/view/1001/47/ HTTP/1.0" 200 18630 "http://csdb.ufanet.ru/content/view/989/47/" "Opera/9.80 (Windows NT 5.1; U; ru) Presto/2.10.229 Version/11.64"
66.249.66.77 - - [03/Jun/2012:11:25:11 +0600] "GET /content/view/989/124/ HTTP/1.0" 200 5541 "-" "Mozilla/5.0 (compatible; Googlebot/2.1; +http://www.google.com/bot.html)"
178.154.163.30 - - [03/Jun/2012:11:25:25 +0600] "GET /content/view/94/66 HTTP/1.0" 200 6644 "-" "Mozilla/5.0 (compatible; YandexBot/3.0; +http://yandex.com/bots)"
178.154.163.30 - - [03/Jun/2012:11:27:46 +0600] "GET /content/view/204/47 HTTP/1.0" 200 10169 "-" "Mozilla/5.0 (compatible; YandexBot/3.0; +http://yandex.com/bots)"
95.108.141.3 - - [03/Jun/2012:11:28:22 +0600] "HEAD /component/option,com_wrapper/Itemid,235/ HTTP/1.0" 200 - "-" "Mozilla/5.0 (compatible; YandexSitelinks; Dyatel; +http://yandex.com/bots)"
157.55.17.145 - - [03/Jun/2012:11:29:13 +0600] "GET /content/view/519/ HTTP/1.0" 200 3989 "-" "Mozilla/5.0 (compatible; bingbot/2.0; +http://www.bing.com/bingbot.htm)"
178.154.163.30 - - [03/Jun/2012:11:30:26 +0600] "GET /content/view/53/47/ HTTP/1.0" 200 7337 "-" "Mozilla/5.0 (compatible; YandexBot/3.0; +http://yandex.com/bots)"
178.154.163.30 - - [03/Jun/2012:11:33:03 +0600] "GET /mb38/ HTTP/1.0" 304 - "-" "Mozilla/5.0 (compatible; YandexBot/3.0; +http://yandex.com/bots)"
178.154.163.30 - - [03/Jun/2012:11:35:46 +0600] "GET /content/view/385/163/ HTTP/1.0" 200 9945 "-" "Mozilla/5.0 (compatible; YandexBot/3.0; +http://yandex.com/bots)"
178.154.163.30 - - [03/Jun/2012:11:38:39 +0600] "GET /content/view/795/105/ HTTP/1.0" 200 5058 "-" "Mozilla/5.0 (compatible; YandexBot/3.0; +http://yandex.com/bots)"
213.180.206.197 - - [03/Jun/2012:11:39:09 +0600] "GET / HTTP/1.0" 200 25323 "-" "Mozilla/5.0 (compatible; YandexMetrika/2.0; +http://yandex.com/bots)"
66.249.66.77 - - [03/Jun/2012:11:39:22 +0600] "GET /content/view/379/52/ HTTP/1.0" 200 6192 "-" "Mozilla/5.0 (compatible; Googlebot/2.1; +http://www.google.com/bot.html)"
109.104.173.52 - - [03/Jun/2012:11:40:15 +0600] "GET /content/blogcategory/1/66/ HTTP/1.0" 200 7625 "-" "Mozilla/5.0 (Windows NT 6.1) AppleWebKit/536.5 (KHTML, like Gecko) Chrome/19.0.1084.52 Safari/536.5"
66.249.66.77 - - [03/Jun/2012:11:40:41 +0600] "GET /content/view/580/143/ HTTP/1.0" 200 5061 "-" "Mozilla/5.0 (compatible; Googlebot/2.1; +http://www.google.com/bot.html)"
178.154.163.30 - - [03/Jun/2012:11:41:21 +0600] "GET /content/view/989/115/ HTTP/1.0" 200 5535 "-" "Mozilla/5.0 (compatible; YandexBot/3.0; +http://yandex.com/bots)"
178.154.163.30 - - [03/Jun/2012:11:44:15 +0600] "GET /content/view/528/66/ HTTP/1.0" 200 5728 "-" "Mozilla/5.0 (compatible; YandexBot/3.0; +http://yandex.com/bots)"
68.233.226.103 - - [03/Jun/2012:11:44:49 +0600] "GET /content/view/793/154/content/view/704/183/ HTTP/1.0" 200 17279 "-" "Mozilla/5.0 (Windows NT 5.1) AppleWebKit/535.2 (KHTML, like Gecko) Chrome/15.0.872.0 Safari/535.2"
178.154.163.30 - - [03/Jun/2012:11:49:17 +0600] "GET /content/view/192/5/ HTTP/1.0" 200 6171 "-" "Mozilla/5.0 (compatible; YandexBot/3.0; +http://yandex.com/bots)"
178.154.163.30 - - [03/Jun/2012:11:52:03 +0600] "GET /content/view/667/66 HTTP/1.0" 200 5912 "-" "Mozilla/5.0 (compatible; YandexBot/3.0; +http://yandex.com/bots)"
178.154.163.30 - - [03/Jun/2012:11:54:41 +0600] "GET /content/view/903/223/ HTTP/1.0" 200 5611 "-" "Mozilla/5.0 (compatible; YandexBot/3.0; +http://yandex.com/bots)"
178.154.163.30 - - [03/Jun/2012:11:57:20 +0600] "GET /content/view/75/55/ HTTP/1.0" 200 6466 "-" "Mozilla/5.0 (compatible; YandexBot/3.0; +http://yandex.com/bots)"
66.249.66.77 - - [03/Jun/2012:11:58:09 +0600] "GET /images/120312/Shpargalka.doc HTTP/1.0" 200 61440 "-" "Mozilla/5.0 (compatible; Googlebot/2.1; +http://www.google.com/bot.html)"
178.154.163.30 - - [03/Jun/2012:12:00:07 +0600] "GET /content/view/687/66/ HTTP/1.0" 200 5934 "-" "Mozilla/5.0 (compatible; YandexBot/3.0; +http://yandex.com/bots)"
66.249.66.77 - - [03/Jun/2012:12:00:07 +0600] "GET /images/120312/PologenieNDK.doc HTTP/1.0" 200 93696 "-" "Mozilla/5.0 (compatible; Googlebot/2.1; +http://www.google.com/bot.html)"
178.154.163.30 - - [03/Jun/2012:12:02:34 +0600] "GET /content/view/904/223/ HTTP/1.0" 200 5386 "-" "Mozilla/5.0 (compatible; YandexBot/3.0; +http://yandex.com/bots)"
178.154.163.30 - - [03/Jun/2012:12:04:56 +0600] "GET /content/view/282/ HTTP/1.0" 200 31103 "-" "Mozilla/5.0 (compatible; YandexDirect/3.0; +http://yandex.com/bots)"
46.146.102.22 - - [03/Jun/2012:12:06:22 +0600] "GET /content/view/277/153/ HTTP/1.0" 200 7058 "http://www.google.ru/url?sa=t&rct=j&q=%D0%B4%D0%B5%D0%B2%D0%B8%D0%B7%20%D1%80%D0%BE%D0%B4%D0%BD%D0%B8%D0%BA&source=web&cd=2&ved=0CE8QFjAB&url=http%3A%2F%2Fcsdb.ufanet.ru%2Fcontent%2Fview%2F277%2F153%2F&ei=2_7KT-20E4aXOuHtnOgP&usg=AFQjCNHf0s0DNNDerRgrhNKQbfm3uWcYBQ&cad=rja" "Mozilla/5.0 (Windows NT 6.1) AppleWebKit/536.5 (KHTML, like Gecko) Chrome/19.0.1084.52 Safari/536.5"
178.154.163.30 - - [03/Jun/2012:12:07:32 +0600] "GET /content/view/951/66/ HTTP/1.0" 200 6405 "-" "Mozilla/5.0 (compatible; YandexBot/3.0; +http://yandex.com/bots)"
178.154.163.30 - - [03/Jun/2012:12:10:17 +0600] "GET /content/view/989/106/ HTTP/1.0" 200 5539 "-" "Mozilla/5.0 (compatible; YandexBot/3.0; +http://yandex.com/bots)"
217.69.135.29 - - [03/Jun/2012:12:10:54 +0600] "HEAD / HTTP/1.0" 200 - "-" "Mozilla/5.0 (Windows; U; Windows NT 6.0; ru; rv:1.9.1.3) Gecko/20090824 MRA 5.5 (build 02812) Firefox/3.5.3 MRSpy/0.3.11 (.NET CLR 3.5.30729)"
178.154.163.30 - - [03/Jun/2012:12:12:58 +0600] "GET /content/view/326/166/ HTTP/1.0" 200 8486 "-" "Mozilla/5.0 (compatible; YandexBot/3.0; +http://yandex.com/bots)"
213.180.206.197 - - [03/Jun/2012:12:15:20 +0600] "GET / HTTP/1.0" 200 25308 "-" "Mozilla/5.0 (compatible; YandexMetrika/2.0; +http://yandex.com/bots)"
178.154.163.30 - - [03/Jun/2012:12:15:27 +0600] "GET /content/view/923/84/ HTTP/1.0" 200 4306 "-" "Mozilla/5.0 (compatible; YandexBot/3.0; +http://yandex.com/bots)"
95.108.141.3 - - [03/Jun/2012:12:17:38 +0600] "HEAD /content/section/6/53 HTTP/1.0" 200 - "-" "Mozilla/5.0 (compatible; YandexSitelinks; Dyatel; +http://yandex.com/bots)"
178.154.163.30 - - [03/Jun/2012:12:18:10 +0600] "GET /content/view/247/66 HTTP/1.0" 200 5703 "-" "Mozilla/5.0 (compatible; YandexBot/3.0; +http://yandex.com/bots)"
66.249.66.77 - - [03/Jun/2012:12:18:13 +0600] "GET /content/view/277/153/ HTTP/1.0" 200 7059 "-" "Mozilla/5.0 (compatible; Googlebot/2.1; +http://www.google.com/bot.html)"
109.104.173.52 - - [03/Jun/2012:12:18:48 +0600] "GET /content/blogcategory/1/66/ HTTP/1.0" 200 7625 "-" "Mozilla/5.0 (Windows NT 6.1) AppleWebKit/536.5 (KHTML, like Gecko) Chrome/19.0.1084.52 Safari/536.5"
83.169.60.25 - - [03/Jun/2012:12:19:29 +0600] "GET / HTTP/1.0" 200 25313 "-" "Mozilla/5.0 (Windows; U; Windows NT 6.0; de; rv:1.9.0.6) Gecko/2009011913 Firefox/3.0.6"
83.169.60.25 - - [03/Jun/2012:12:19:30 +0600] "GET /20e6a4bb032fcfae5d.php HTTP/1.0" 404 299 "-" "Mozilla/5.0 (Windows; U; Windows NT 6.0; de; rv:1.9.0.6) Gecko/2009011913 Firefox/3.0.6"
178.154.163.30 - - [03/Jun/2012:12:20:50 +0600] "GET /content/view/325/164/ HTTP/1.0" 200 10561 "-" "Mozilla/5.0 (compatible; YandexBot/3.0; +http://yandex.com/bots)"
178.154.163.30 - - [03/Jun/2012:12:23:29 +0600] "GET /content/view/543/66/ HTTP/1.0" 200 6984 "-" "Mozilla/5.0 (compatible; YandexBot/3.0; +http://yandex.com/bots)"
178.154.163.30 - - [03/Jun/2012:12:26:16 +0600] "GET /index.php?option=com_content&task=view&id=126&Itemid=62 HTTP/1.0" 200 5828 "-" "Mozilla/5.0 (compatible; YandexBot/3.0; +http://yandex.com/bots)"
178.154.163.30 - - [03/Jun/2012:12:28:56 +0600] "GET /content/view/424/217/ HTTP/1.0" 200 3469 "-" "Mozilla/5.0 (compatible; YandexBot/3.0; +http://yandex.com/bots)"
66.249.66.77 - - [03/Jun/2012:12:30:03 +0600] "GET /content/view/580/219/ HTTP/1.0" 200 5058 "-" "Mozilla/5.0 (compatible; Googlebot/2.1; +http://www.google.com/bot.html)"
193.34.160.8 - - [03/Jun/2012:12:30:48 +0600] "GET /content/view/204/47/ HTTP/1.0" 200 10140 "-" "Opera/9.80 (Windows NT 6.1; U; ru) Presto/2.10.229 Version/11.64"
66.249.66.77 - - [03/Jun/2012:12:30:58 +0600] "GET /content/view/580/234/ HTTP/1.0" 200 3004 "-" "Mozilla/5.0 (compatible; Googlebot/2.1; +http://www.google.com/bot.html)"
31.8.171.13 - - [03/Jun/2012:12:31:07 +0600] "GET /content/view/204/47 HTTP/1.0" 200 10139 "http://yandex.ru/yandsearch?text=%D0%B1%D0%B8%D0%B1%D0%BB%D0%B8%D0%BE%D1%82%D0%B5%D0%BA%D0%B8+%D1%83%D1%84%D1%8B&lr=172" "Opera/9.80 (Windows NT 5.1; U; ru) Presto/2.10.229 Version/11.64"
31.8.171.13 - - [03/Jun/2012:12:31:15 +0600] "GET /content/view/1001/47/ HTTP/1.0" 200 18630 "http://csdb.ufanet.ru/content/view/204/47" "Opera/9.80 (Windows NT 5.1; U; ru) Presto/2.10.229 Version/11.64"
178.154.163.30 - - [03/Jun/2012:12:31:28 +0600] "GET /content/view/78/62/ HTTP/1.0" 200 6759 "-" "Mozilla/5.0 (compatible; YandexBot/3.0; +http://yandex.com/bots)"
66.249.66.77 - - [03/Jun/2012:12:31:37 +0600] "GET /content/view/535/132/ HTTP/1.0" 200 5052 "-" "Mozilla/5.0 (compatible; Googlebot/2.1; +http://www.google.com/bot.html)"
66.249.66.77 - - [03/Jun/2012:12:31:57 +0600] "GET /content/view/411/1/ HTTP/1.0" 200 6737 "-" "Mozilla/5.0 (compatible; Googlebot/2.1; +http://www.google.com/bot.html)"
95.108.141.3 - - [03/Jun/2012:12:34:01 +0600] "HEAD /content/category/14/43/192/ HTTP/1.0" 200 - "-" "Mozilla/5.0 (compatible; YandexSitelinks; Dyatel; +http://yandex.com/bots)"
178.154.163.30 - - [03/Jun/2012:12:34:05 +0600] "GET /content/view/976/235/ HTTP/1.0" 200 5967 "-" "Mozilla/5.0 (compatible; YandexBot/3.0; +http://yandex.com/bots)"
31.8.171.13 - - [03/Jun/2012:12:34:20 +0600] "GET /mb38/ HTTP/1.0" 200 14902 "http://csdb.ufanet.ru/content/view/204/47" "Opera/9.80 (Windows NT 5.1; U; ru) Presto/2.10.229 Version/11.64"
31.8.171.13 - - [03/Jun/2012:12:34:22 +0600] "GET /images/mb/img38/free_access.swf HTTP/1.0" 200 7947129 "http://csdb.ufanet.ru/mb38/" "Opera/9.80 (Windows NT 5.1; U; ru) Presto/2.10.229 Version/11.64"
109.104.173.52 - - [03/Jun/2012:12:35:22 +0600] "GET /content/blogcategory/1/66/ HTTP/1.0" 200 7627 "-" "Mozilla/5.0 (Windows NT 6.1) AppleWebKit/536.5 (KHTML, like Gecko) Chrome/19.0.1084.52 Safari/536.5"
178.154.163.30 - - [03/Jun/2012:12:36:48 +0600] "GET /content/view/989/64/ HTTP/1.0" 200 5535 "-" "Mozilla/5.0 (compatible; YandexBot/3.0; +http://yandex.com/bots)"
66.249.66.77 - - [03/Jun/2012:12:36:53 +0600] "GET /content/view/657/113/ HTTP/1.0" 200 5059 "-" "Mozilla/5.0 (compatible; Googlebot/2.1; +http://www.google.com/bot.html)"
178.154.163.30 - - [03/Jun/2012:12:39:14 +0600] "GET /content/view/848/223 HTTP/1.0" 200 5117 "-" "Mozilla/5.0 (compatible; YandexBot/3.0; +http://yandex.com/bots)"
178.154.163.30 - - [03/Jun/2012:12:41:43 +0600] "GET /content/view/834/222/ HTTP/1.0" 200 5063 "-" "Mozilla/5.0 (compatible; YandexBot/3.0; +http://yandex.com/bots)"
68.233.226.103 - - [03/Jun/2012:12:43:18 +0600] "GET /content/view/793/154/content/view/793/1/ HTTP/1.0" 200 17279 "-" "Mozilla/5.0 (Windows NT 5.1) AppleWebKit/535.2 (KHTML, like Gecko) Chrome/15.0.872.0 Safari/535.2"
66.249.66.77 - - [03/Jun/2012:12:43:29 +0600] "GET /content/view/157/1/ HTTP/1.0" 200 6222 "-" "Mozilla/5.0 (compatible; Googlebot/2.1; +http://www.google.com/bot.html)"
66.249.66.77 - - [03/Jun/2012:12:44:08 +0600] "GET /content/blogcategory/1/66/5/185/ HTTP/1.0" 200 7246 "-" "Mozilla/5.0 (compatible; Googlebot/2.1; +http://www.google.com/bot.html)"
178.154.163.30 - - [03/Jun/2012:12:44:57 +0600] "GET /content/view/495/223/ HTTP/1.0" 200 4833 "-" "Mozilla/5.0 (compatible; YandexBot/3.0; +http://yandex.com/bots)"
62.133.187.172 - - [03/Jun/2012:12:45:00 +0600] "GET /files/ucazatel/Salavat2.pdf HTTP/1.0" 200 345749 "http://yandex.ru/yandsearch?p=1&text=%D0%9F%D0%BB%D0%B5%D0%BD+%D0%97%D0%BB%D0%BE%D0%B1%D0%B8%D0%BD+%D0%A1.%D0%9F.%D0%A1%D0%B0%D0%BB%D0%B0%D0%B2%D0%B0%D1%82-%D0%A3%D1%84%D0%B0+1978&clid=48763&lr=172" "Opera/9.80 (Windows NT 5.1; U; ru) Presto/2.10.229 Version/11.61"
178.154.163.30 - - [03/Jun/2012:12:45:26 +0600] "GET /content/view/659/183/ HTTP/1.0" 200 5098 "-" "Mozilla/5.0 (compatible; YandexBot/3.0; +http://yandex.com/bots)"
109.104.173.52 - - [03/Jun/2012:12:46:35 +0600] "GET /content/blogcategory/1/66/ HTTP/1.0" 200 7627 "-" "Mozilla/5.0 (Windows NT 6.1) AppleWebKit/536.5 (KHTML, like Gecko) Chrome/19.0.1084.52 Safari/536.5"
66.249.66.77 - - [03/Jun/2012:12:47:27 +0600] "GET /content/view/1001/153/ HTTP/1.0" 200 19236 "-" "Mozilla/5.0 (compatible; Googlebot/2.1; +http://www.google.com/bot.html)"
178.154.163.30 - - [03/Jun/2012:12:48:09 +0600] "GET /content/view/113/66 HTTP/1.0" 200 6712 "-" "Mozilla/5.0 (compatible; YandexBot/3.0; +http://yandex.com/bots)"
178.154.163.30 - - [03/Jun/2012:12:50:58 +0600] "GET /content/view/327/77/ HTTP/1.0" 200 16595 "-" "Mozilla/5.0 (compatible; YandexBot/3.0; +http://yandex.com/bots)"
213.180.206.197 - - [03/Jun/2012:12:51:51 +0600] "GET / HTTP/1.0" 200 25323 "-" "Mozilla/5.0 (compatible; YandexMetrika/2.0; +http://yandex.com/bots)"
66.249.66.77 - - [03/Jun/2012:12:52:42 +0600] "GET /content/view/693/139/ HTTP/1.0" 200 5066 "-" "Mozilla/5.0 (compatible; Googlebot/2.1; +http://www.google.com/bot.html)"
178.154.163.30 - - [03/Jun/2012:12:53:34 +0600] "GET /content/view/48/194/ HTTP/1.0" 200 5653 "-" "Mozilla/5.0 (compatible; YandexBot/3.0; +http://yandex.com/bots)"
178.154.163.30 - - [03/Jun/2012:12:55:51 +0600] "GET /content/blogcategory/1/66/ HTTP/1.0" 200 7627 "-" "Mozilla/5.0 (compatible; YandexBot/3.0; +http://yandex.com/bots)"
178.154.163.30 - - [03/Jun/2012:12:58:41 +0600] "GET /content/view/522/192/1/0/ HTTP/1.0" 200 6867 "-" "Mozilla/5.0 (compatible; YandexBot/3.0; +http://yandex.com/bots)"
178.154.163.30 - - [03/Jun/2012:13:01:13 +0600] "GET /content/view/266/66/ HTTP/1.0" 200 5692 "-" "Mozilla/5.0 (compatible; YandexBot/3.0; +http://yandex.com/bots)"
178.154.163.30 - - [03/Jun/2012:13:03:41 +0600] "GET /content/view/325/ HTTP/1.0" 200 10512 "-" "Mozilla/5.0 (compatible; YandexBot/3.0; +http://yandex.com/bots)"
157.55.17.103 - - [03/Jun/2012:13:04:13 +0600] "GET /files/ucazatel/Mumitrol.pdf HTTP/1.0" 200 634741 "-" "Mozilla/5.0 (compatible; bingbot/2.0; +http://www.bing.com/bingbot.htm)"
178.154.163.30 - - [03/Jun/2012:13:06:09 +0600] "GET /content/view/726/ HTTP/1.0" 200 4650 "-" "Mozilla/5.0 (compatible; YandexBot/3.0; +http://yandex.com/bots)"
68.233.226.103 - - [03/Jun/2012:13:07:59 +0600] "GET /content/blogcategory/1/66/5/250/content/view/13/51/content/view/976/1/ HTTP/1.0" 200 18271 "-" "Mozilla/5.0 (Windows NT 5.1) AppleWebKit/535.2 (KHTML, like Gecko) Chrome/15.0.872.0 Safari/535.2"
178.154.163.30 - - [03/Jun/2012:13:08:36 +0600] "GET /files/scen_prazd/Jitelidrujnoiplaneti.pdf HTTP/1.0" 304 - "-" "Mozilla/5.0 (compatible; YandexBot/3.0; +http://yandex.com/bots)"
178.154.163.30 - - [03/Jun/2012:13:11:04 +0600] "GET /content/view/184/66/ HTTP/1.0" 200 6217 "-" "Mozilla/5.0 (compatible; YandexBot/3.0; +http://yandex.com/bots)"
178.154.163.30 - - [03/Jun/2012:13:13:37 +0600] "GET /component/option,com_contact/Itemid,3 HTTP/1.0" 200 6555 "-" "Mozilla/5.0 (compatible; YandexBot/3.0; +http://yandex.com/bots)"
178.154.163.30 - - [03/Jun/2012:13:16:03 +0600] "GET /content/view/248/1/ HTTP/1.0" 200 6125 "-" "Mozilla/5.0 (compatible; YandexBot/3.0; +http://yandex.com/bots)"
178.154.163.30 - - [03/Jun/2012:13:18:32 +0600] "GET /content/view/417/66 HTTP/1.0" 200 5857 "-" "Mozilla/5.0 (compatible; YandexBot/3.0; +http://yandex.com/bots)"
109.252.45.158 - - [03/Jun/2012:13:19:21 +0600] "GET /files/scen_prazd/openNDK.pdf HTTP/1.0" 200 115591 "http://yandex.ru/yandsearch?p=1&text=%D1%81%D1%86%D0%B5%D0%BD%D0%B0%D1%80%D0%B8%D0%B9+%D1%81%D0%BA%D0%B0%D0%B7%D0%BA%D0%B8+%D0%BE+%D0%BC%D0%B5%D1%80%D0%B8+%D0%BF%D0%BE%D0%BF%D0%BF%D0%B8%D0%BD%D1%81&clid=47091&lr=213" "Mozilla/4.0 (compatible; MSIE 8.0; Windows NT 5.1; Trident/4.0; MRSPUTNIK 2, 3, 0, 104; MRA 5.6 (build 03403); .NET CLR 1.1.4322; InfoPath.2)"
178.154.163.30 - - [03/Jun/2012:13:21:07 +0600] "GET /goroddetstva/1/Otkritie.doc HTTP/1.0" 304 - "-" "Mozilla/5.0 (compatible; YandexBot/3.0; +http://yandex.com/bots)"
66.249.66.77 - - [03/Jun/2012:13:21:23 +0600] "GET /content/view/237/1/ HTTP/1.0" 200 6122 "-" "Mozilla/5.0 (compatible; Googlebot/2.1; +http://www.google.com/bot.html)"
178.154.163.30 - - [03/Jun/2012:13:23:34 +0600] "GET /content/view/41/194/ HTTP/1.0" 200 5746 "-" "Mozilla/5.0 (compatible; YandexBot/3.0; +http://yandex.com/bots)"
213.180.206.197 - - [03/Jun/2012:13:25:52 +0600] "GET / HTTP/1.0" 200 25323 "-" "Mozilla/5.0 (compatible; YandexMetrika/2.0; +http://yandex.com/bots)"
178.154.163.30 - - [03/Jun/2012:13:25:54 +0600] "GET /content/view/694/ HTTP/1.0" 200 5671 "-" "Mozilla/5.0 (compatible; YandexBot/3.0; +http://yandex.com/bots)"
178.154.163.30 - - [03/Jun/2012:13:28:19 +0600] "GET /content/view/989/125/ HTTP/1.0" 200 5542 "-" "Mozilla/5.0 (compatible; YandexBot/3.0; +http://yandex.com/bots)"
66.249.66.77 - - [03/Jun/2012:13:28:38 +0600] "GET /content/view/858/ HTTP/1.0" 200 12347 "-" "Mozilla/5.0 (compatible; Googlebot/2.1; +http://www.google.com/bot.html)"
66.249.66.77 - - [03/Jun/2012:13:30:17 +0600] "GET /content/view/695/140/ HTTP/1.0" 200 5063 "-" "Mozilla/5.0 (compatible; Googlebot/2.1; +http://www.google.com/bot.html)"
178.154.163.30 - - [03/Jun/2012:13:30:59 +0600] "GET /files/ucazatel/gafuri.pdf HTTP/1.0" 304 - "-" "Mozilla/5.0 (compatible; YandexBot/3.0; +http://yandex.com/bots)"
178.154.163.30 - - [03/Jun/2012:13:33:27 +0600] "GET /content/view/923/222 HTTP/1.0" 200 5278 "-" "Mozilla/5.0 (compatible; YandexBot/3.0; +http://yandex.com/bots)"
66.249.66.77 - - [03/Jun/2012:13:34:34 +0600] "GET /content/view/153/ HTTP/1.0" 200 6152 "-" "Mozilla/5.0 (compatible; Googlebot/2.1; +http://www.google.com/bot.html)"
66.249.66.77 - - [03/Jun/2012:13:35:33 +0600] "GET /content/view/310/218/ HTTP/1.0" 200 6113 "-" "Mozilla/5.0 (compatible; Googlebot/2.1; +http://www.google.com/bot.html)"
178.154.163.30 - - [03/Jun/2012:13:35:57 +0600] "GET /content/view/250/66 HTTP/1.0" 200 7011 "-" "Mozilla/5.0 (compatible; YandexBot/3.0; +http://yandex.com/bots)"
178.154.163.30 - - [03/Jun/2012:13:38:31 +0600] "GET /content/view/283/ HTTP/1.0" 200 7014 "-" "Mozilla/5.0 (compatible; YandexBot/3.0; +http://yandex.com/bots)"
178.154.163.30 - - [03/Jun/2012:13:40:51 +0600] "GET /content/view/145/66/ HTTP/1.0" 200 7764 "-" "Mozilla/5.0 (compatible; YandexBot/3.0; +http://yandex.com/bots)"
178.154.163.30 - - [03/Jun/2012:13:43:32 +0600] "GET /content/view/989/138/ HTTP/1.0" 200 5540 "-" "Mozilla/5.0 (compatible; YandexBot/3.0; +http://yandex.com/bots)"
178.154.163.30 - - [03/Jun/2012:13:46:04 +0600] "GET /content/view/989/114/ HTTP/1.0" 200 5536 "-" "Mozilla/5.0 (compatible; YandexBot/3.0; +http://yandex.com/bots)"
66.249.71.59 - - [03/Jun/2012:13:47:04 +0600] "GET /content/view/735/1/ HTTP/1.0" 200 6365 "-" "Mozilla/5.0 (compatible; Googlebot/2.1; +http://www.google.com/bot.html)"
178.154.163.30 - - [03/Jun/2012:13:48:35 +0600] "GET /content/view/382/158 HTTP/1.0" 200 6349 "-" "Mozilla/5.0 (compatible; YandexBot/3.0; +http://yandex.com/bots)"
178.154.163.30 - - [03/Jun/2012:13:50:56 +0600] "GET /files/articles/%D0%9E%D1%80%D0%B3%D0%B0%D0%BD%D0%B8%D0%B7%D0%B0%D1%86%D0%B8%D1%8F%20%D0%BE%D1%82%D0%BA%D1%80%D1%8B%D1%82%D0%BE%D0%B3%D0%BE%20%D0%B4%D0%BE%D1%81%D1%82%D1%83%D0%BF%D0%B0%20%D0%B2%20%D0%A6%D0%A1%D0%94%D0%91.pdf HTTP/1.0" 304 - "-" "Mozilla/5.0 (compatible; YandexBot/3.0; +http://yandex.com/bots)"
91.77.172.209 - - [03/Jun/2012:13:52:14 +0600] "GET /files/roditeli/childrenread.pdf HTTP/1.0" 200 1037938 "http://yandex.ru/yandsearch?p=1&text=c%D0%BA%D0%B0%D1%87%D0%B0%D1%82%D1%8C+%D0%BA%D0%BD%D0%B8%D0%B3%D1%83+%D0%B3%D1%80%D0%B8%D1%86%D0%B5%D0%BD%D0%BA%D0%BE+%D0%B7.%D0%B0+%D0%BC%D0%B5%D1%82%D0%BE%D0%B4%D0%B8%D0%BA%D0%B0+%D0%BF%D1%80%D0%B8%D0%BE%D0%B1%D1%89%D0%B5%D0%BD%D0%B8%D1%8F+%D0%B4%D0%B5%D1%82%D0%B5%D0%B9+%D0%BA+%D1%87%D1%82%D0%B5%D0%BD%D0%B8%D1%8E&lr=216" "Mozilla/5.0 (Windows; U; Windows NT 5.1; ru; rv:1.9.2.8) Gecko/20100722 Firefox/3.6.8 (.NET CLR 3.5.30729)"
109.104.173.52 - - [03/Jun/2012:13:52:31 +0600] "GET /content/blogcategory/1/66/ HTTP/1.0" 200 7626 "-" "Mozilla/5.0 (Windows NT 6.1) AppleWebKit/536.5 (KHTML, like Gecko) Chrome/19.0.1084.52 Safari/536.5"
178.154.163.30 - - [03/Jun/2012:13:53:24 +0600] "GET /content/view/494/222/ HTTP/1.0" 200 4790 "-" "Mozilla/5.0 (compatible; YandexBot/3.0; +http://yandex.com/bots)"
66.249.66.77 - - [03/Jun/2012:13:53:39 +0600] "GET /content/view/561/125/ HTTP/1.0" 200 5068 "-" "Mozilla/5.0 (compatible; Googlebot/2.1; +http://www.google.com/bot.html)"
68.233.226.103 - - [03/Jun/2012:13:55:18 +0600] "GET /content/blogcategory/1/66/5/250/content/view/13/51/content/view/989/1/ HTTP/1.0" 200 18271 "-" "Mozilla/5.0 (Windows NT 5.1) AppleWebKit/535.2 (KHTML, like Gecko) Chrome/15.0.872.0 Safari/535.2"
178.154.163.30 - - [03/Jun/2012:13:55:51 +0600] "GET /content/view/522/192 HTTP/1.0" 200 6869 "-" "Mozilla/5.0 (compatible; YandexBot/3.0; +http://yandex.com/bots)"
178.154.163.30 - - [03/Jun/2012:13:58:24 +0600] "GET /content/view/493/223/ HTTP/1.0" 200 5063 "-" "Mozilla/5.0 (compatible; YandexBot/3.0; +http://yandex.com/bots)"
213.180.206.197 - - [03/Jun/2012:14:00:20 +0600] "GET / HTTP/1.0" 200 25318 "-" "Mozilla/5.0 (compatible; YandexMetrika/2.0; +http://yandex.com/bots)"
178.154.163.30 - - [03/Jun/2012:14:00:51 +0600] "GET /content/view/989/136/ HTTP/1.0" 200 5541 "-" "Mozilla/5.0 (compatible; YandexBot/3.0; +http://yandex.com/bots)"
178.154.163.30 - - [03/Jun/2012:14:03:16 +0600] "GET /content/view/989/118/ HTTP/1.0" 200 5535 "-" "Mozilla/5.0 (compatible; YandexBot/3.0; +http://yandex.com/bots)"
66.249.66.77 - - [03/Jun/2012:14:03:31 +0600] "GET /content/view/697/157/ HTTP/1.0" 200 5078 "-" "Mozilla/5.0 (compatible; Googlebot/2.1; +http://www.google.com/bot.html)"
195.91.241.42 - - [03/Jun/2012:14:03:51 +0600] "GET /content/view/356/86/ HTTP/1.0" 200 8018 "http://www.google.ru/imgres?q=%D0%BA%D0%B8%D1%81%D0%B5%D1%82&hl=ru&sa=X&biw=1433&bih=694&tbm=isch&prmd=imvns&tbnid=WMjbVCMJzjpvrM:&imgrefurl=http://csdb.ufanet.ru/content/view/356/86/&docid=JTkMH9VqhFF5HM&imgurl=http://csdb.ufanet.ru/images/museum/%2525D0%2525AD%2525D0%2525BA%2525D1%252581%2525D0%2525BF%2525D0%2525BE%2525D0%2525BD%2525D0%2525B0%2525D1%252582%2525D1%25258B%252520%2525D0%2525B2%2525D1%252580%2525D0%2525B5%2525D0%2525BC%2525D0%2525B5%2525D0%2525BD%252520%2525D0%252592%2525D0%25259E%2525D0%252592/%2525D0%25259F%2525D1%252580%2525D0%2525B5%2525D0%2525B4%2525D0%2525BC%2525D0%2525B5%2525D1%252582%2525D1%25258B/%2525D0%25259A%2525D0%2525B8%2525D1%252581%2525D0%2525B5%2525D1%252582.JPG&w=3264&h=2176&ei=XhrLT8jeNcWCOpXtsfAP&zoom=1&iact=hc&vpx=385&vpy=193&dur=2&hovh=183&hovw=275&tx=166&ty=128&sig=101675961249548758093&page=1&tbnh=160&tbnw=215&start=0&ndsp=18&ved=1t:429,r:13,s:0,i:98" "Mozilla/5.0 (Macintosh; Intel Mac OS X 10_5_8) AppleWebKit/534.50.2 (KHTML, like Gecko) Version/5.0.6 Safari/533.22.3"
10.170.18.211 - - [03/Jun/2012:14:04:05 +0600] "GET / HTTP/1.0" 200 6923 "-" "Mozilla/5.0 (Windows NT 6.1; WOW64) AppleWebKit/536.5 (KHTML, like Gecko) Chrome/19.0.1084.52 Safari/536.5"
10.170.18.211 - - [03/Jun/2012:14:04:05 +0600] "GET /images/cgdb.swf HTTP/1.0" 200 19792297 "http://csdb.ufanet.ru/" "Mozilla/5.0 (Windows NT 6.1; WOW64) AppleWebKit/536.5 (KHTML, like Gecko) Chrome/19.0.1084.52 Safari/536.5"
10.170.18.211 - - [03/Jun/2012:14:04:12 +0600] "GET /content/blogcategory/1/66/ HTTP/1.0" 200 7627 "http://csdb.ufanet.ru/" "Mozilla/5.0 (Windows NT 6.1; WOW64) AppleWebKit/536.5 (KHTML, like Gecko) Chrome/19.0.1084.52 Safari/536.5"
10.170.18.211 - - [03/Jun/2012:14:04:17 +0600] "GET /content/view/996/66/ HTTP/1.0" 200 6927 "http://csdb.ufanet.ru/content/blogcategory/1/66/" "Mozilla/5.0 (Windows NT 6.1; WOW64) AppleWebKit/536.5 (KHTML, like Gecko) Chrome/19.0.1084.52 Safari/536.5"
10.170.18.211 - - [03/Jun/2012:14:04:48 +0600] "GET / HTTP/1.0" 200 6944 "-" "Mozilla/5.0 (Windows NT 6.1; WOW64) AppleWebKit/536.5 (KHTML, like Gecko) Chrome/19.0.1084.52 Safari/536.5"
10.170.18.211 - - [03/Jun/2012:14:04:56 +0600] "GET / HTTP/1.0" 200 6945 "-" "Mozilla/5.0 (Windows NT 6.1; WOW64) AppleWebKit/536.5 (KHTML, like Gecko) Chrome/19.0.1084.52 Safari/536.5"
10.170.18.211 - - [03/Jun/2012:14:05:34 +0600] "GET /administrator/ HTTP/1.0" 200 1314 "-" "Mozilla/5.0 (Windows NT 6.1; WOW64; rv:2.0.1) Gecko/20100101 Firefox/4.0.1"
178.154.163.30 - - [03/Jun/2012:14:05:50 +0600] "GET /content/view/278/140/ HTTP/1.0" 200 56483 "-" "Mozilla/5.0 (compatible; YandexBot/3.0; +http://yandex.com/bots)"
10.170.18.211 - - [03/Jun/2012:14:07:58 +0600] "GET / HTTP/1.0" 200 6904 "-" "Opera/9.80 (Windows NT 6.1; WOW64; U; ru) Presto/2.10.229 Version/11.64"
178.154.163.30 - - [03/Jun/2012:14:08:18 +0600] "GET /content/view/289/154/ HTTP/1.0" 200 9784 "-" "Mozilla/5.0 (compatible; YandexBot/3.0; +http://yandex.com/bots)"
10.170.18.211 - - [03/Jun/2012:14:08:21 +0600] "GET / HTTP/1.0" 200 6949 "-" "Mozilla/5.0 (Windows NT 6.1; WOW64) AppleWebKit/536.5 (KHTML, like Gecko) Chrome/19.0.1084.52 Safari/536.5"
10.170.18.211 - - [03/Jun/2012:14:08:23 +0600] "GET /content/blogcategory/1/66/ HTTP/1.0" 200 7627 "http://csdb.ufanet.ru/" "Mozilla/5.0 (Windows NT 6.1; WOW64) AppleWebKit/536.5 (KHTML, like Gecko) Chrome/19.0.1084.52 Safari/536.5"
10.170.18.211 - - [03/Jun/2012:14:08:31 +0600] "GET /content/view/996/66/ HTTP/1.0" 200 6924 "http://csdb.ufanet.ru/content/blogcategory/1/66/" "Mozilla/5.0 (Windows NT 6.1; WOW64) AppleWebKit/536.5 (KHTML, like Gecko) Chrome/19.0.1084.52 Safari/536.5"
10.170.18.211 - - [03/Jun/2012:14:08:34 +0600] "GET /content/blogcategory/1/66/ HTTP/1.0" 200 7626 "http://csdb.ufanet.ru/" "Mozilla/5.0 (Windows NT 6.1; WOW64) AppleWebKit/536.5 (KHTML, like Gecko) Chrome/19.0.1084.52 Safari/536.5"
10.170.18.211 - - [03/Jun/2012:14:08:37 +0600] "GET /content/blogcategory/1/66/5/25/ HTTP/1.0" 200 7092 "http://csdb.ufanet.ru/content/blogcategory/1/66/" "Mozilla/5.0 (Windows NT 6.1; WOW64) AppleWebKit/536.5 (KHTML, like Gecko) Chrome/19.0.1084.52 Safari/536.5"
10.170.18.211 - - [03/Jun/2012:14:08:41 +0600] "GET /content/view/960/66/ HTTP/1.0" 200 7060 "http://csdb.ufanet.ru/content/blogcategory/1/66/5/25/" "Mozilla/5.0 (Windows NT 6.1; WOW64) AppleWebKit/536.5 (KHTML, like Gecko) Chrome/19.0.1084.52 Safari/536.5"
178.154.163.30 - - [03/Jun/2012:14:10:58 +0600] "GET /content/view/127/130/ HTTP/1.0" 200 17367 "-" "Mozilla/5.0 (compatible; YandexBot/3.0; +http://yandex.com/bots)"
178.154.163.30 - - [03/Jun/2012:14:13:33 +0600] "GET /content/view/356/86/ HTTP/1.0" 200 8017 "-" "Mozilla/5.0 (compatible; YandexBot/3.0; +http://yandex.com/bots)"
178.154.163.30 - - [03/Jun/2012:14:15:56 +0600] "GET /content/view/462/66/ HTTP/1.0" 200 5790 "-" "Mozilla/5.0 (compatible; YandexBot/3.0; +http://yandex.com/bots)"
178.154.163.30 - - [03/Jun/2012:14:18:34 +0600] "GET /content/view/427/216/ HTTP/1.0" 200 4509 "-" "Mozilla/5.0 (compatible; YandexBot/3.0; +http://yandex.com/bots)"
178.154.163.30 - - [03/Jun/2012:14:20:58 +0600] "GET /content/view/506/92/ HTTP/1.0" 200 7177 "-" "Mozilla/5.0 (compatible; YandexBot/3.0; +http://yandex.com/bots)"
66.249.66.77 - - [03/Jun/2012:14:21:36 +0600] "GET /content/view/738/1/ HTTP/1.0" 200 6704 "-" "Mozilla/5.0 (compatible; Googlebot/2.1; +http://www.google.com/bot.html)"
66.249.66.77 - - [03/Jun/2012:14:22:55 +0600] "GET /content/view/718/ HTTP/1.0" 200 4742 "-" "Mozilla/5.0 (compatible; Googlebot/2.1; +http://www.google.com/bot.html)"
178.154.163.30 - - [03/Jun/2012:14:23:48 +0600] "GET /content/view/36/ HTTP/1.0" 200 4923 "-" "Mozilla/5.0 (compatible; YandexBot/3.0; +http://yandex.com/bots)"
31.131.77.90 - - [03/Jun/2012:14:24:40 +0600] "GET / HTTP/1.0" 200 25318 "http://csdb.ufanet.ru/" "Mozilla/4.0 (compatible; MSIE 6.0; Windows NT 5.1; en) Opera 8.00"
31.131.77.90 - - [03/Jun/2012:14:24:41 +0600] "GET / HTTP/1.0" 200 25358 "http://csdb.ufanet.ru/" "Mozilla/4.0 (compatible; MSIE 6.0; Windows NT 5.1; en) Opera 8.00"
31.131.77.90 - - [03/Jun/2012:14:24:41 +0600] "GET /index.php HTTP/1.0" 200 25353 "http://csdb.ufanet.ru/index.php" "Mozilla/4.0 (compatible; MSIE 6.0; Windows NT 5.1; en) Opera 8.00"
31.131.77.90 - - [03/Jun/2012:14:24:42 +0600] "GET / HTTP/1.0" 200 25363 "http://csdb.ufanet.ru/" "Mozilla/4.0 (compatible; MSIE 6.0; Windows NT 5.1; en) Opera 8.00"
31.131.77.90 - - [03/Jun/2012:14:24:42 +0600] "GET /index.php HTTP/1.0" 200 25358 "http://csdb.ufanet.ru/index.php" "Mozilla/4.0 (compatible; MSIE 6.0; Windows NT 5.1; en) Opera 8.00"
31.131.77.90 - - [03/Jun/2012:14:24:43 +0600] "GET / HTTP/1.0" 200 25363 "http://csdb.ufanet.ru/" "Mozilla/4.0 (compatible; MSIE 6.0; Windows NT 5.1; en) Opera 8.00"
31.131.77.90 - - [03/Jun/2012:14:24:43 +0600] "GET /index.php HTTP/1.0" 200 25363 "http://csdb.ufanet.ru/index.php" "Mozilla/4.0 (compatible; MSIE 6.0; Windows NT 5.1; en) Opera 8.00"
66.249.66.77 - - [03/Jun/2012:14:25:31 +0600] "GET /content/view/1001/125/ HTTP/1.0" 200 19253 "-" "Mozilla/5.0 (compatible; Googlebot/2.1; +http://www.google.com/bot.html)"
178.154.163.30 - - [03/Jun/2012:14:26:14 +0600] "GET /content/view/556/66 HTTP/1.0" 200 5912 "-" "Mozilla/5.0 (compatible; YandexBot/3.0; +http://yandex.com/bots)"
178.154.163.30 - - [03/Jun/2012:14:28:42 +0600] "GET /content/view/234/56/ HTTP/1.0" 200 3969 "-" "Mozilla/5.0 (compatible; YandexBot/3.0; +http://yandex.com/bots)"
217.69.134.91 - - [03/Jun/2012:14:31:01 +0600] "GET /mb38 HTTP/1.0" 301 314 "-" "Mozilla/5.0 (compatible; Mail.RU/2.0)"
95.105.10.7 - - [03/Jun/2012:14:31:07 +0600] "GET /content/view/488/219/ HTTP/1.0" 200 5969 "http://www.google.ru/url?sa=t&rct=j&q=&source=web&cd=1&ved=0CJkCEBYwAA&url=http%3A%2F%2Fcsdb.ufanet.ru%2Fcontent%2Fview%2F488%2F219%2F&ei=siDLT4AExtHhBKT3MA&usg=AFQjCNFNafzerDq3PNKeoORgVKGCiwcloQ&cad=rjt" "Mozilla/5.0 (Windows NT 5.1; rv:10.0.1) Gecko/20100101 Firefox/10.0.1"
178.154.163.30 - - [03/Jun/2012:14:31:11 +0600] "GET /content/view/961/1/ HTTP/1.0" 200 5495 "-" "Mozilla/5.0 (compatible; YandexBot/3.0; +http://yandex.com/bots)"
66.249.66.77 - - [03/Jun/2012:14:33:26 +0600] "GET /content/view/751/109/ HTTP/1.0" 200 5069 "-" "Mozilla/5.0 (compatible; Googlebot/2.1; +http://www.google.com/bot.html)"
178.154.163.30 - - [03/Jun/2012:14:33:42 +0600] "GET /content/view/666/210 HTTP/1.0" 200 4090 "-" "Mozilla/5.0 (compatible; YandexBot/3.0; +http://yandex.com/bots)"
95.52.209.177 - - [03/Jun/2012:14:35:04 +0600] "GET /content/view/559/234/ HTTP/1.0" 200 6043 "http://yandex.ru/yandsearch?text=%D0%BB%D0%B5%D1%82%D0%BE+%D0%B8+%D0%BA%D0%BD%D0%B8%D0%B3%D0%B0+%D0%B1%D0%B8%D0%B1%D0%BB%D0%B8%D0%BE%D1%82%D0%B5%D0%BA%D0%B0&clid=1725447&lr=10942&msid=22897.29782.1338712460.06574" "Mozilla/5.0 (Windows NT 5.1; rv:6.0.1) Gecko/20100101 Firefox/6.0.1"
136.169.139.150 - - [03/Jun/2012:14:35:38 +0600] "GET /content/view/478/66/ HTTP/1.0" 200 5960 "http://www.google.ru/url?sa=t&rct=j&q=%D0%BF%D0%B0%D0%BC%D1%8F%D1%82%D0%BD%D0%B8%D0%BA%D0%B8%20%D0%BF%D1%80%D0%B8%D1%80%D0%BE%D0%B4%D1%8B%20%D1%83%D1%84%D0%B0&source=web&cd=2&ved=0CGAQFjAB&url=http%3A%2F%2Fcsdb.ufanet.ru%2Fcontent%2Fview%2F478%2F66%2F&ei=1yHLT6fFKsj54QSU4dkk&usg=AFQjCNEdj40Y5wd4lrDPkqIAyitR3uEoRw&cad=rjt" "Mozilla/5.0 (Windows NT 5.1) AppleWebKit/536.5 (KHTML, like Gecko) Chrome/19.0.1084.52 Safari/536.5"
178.154.163.30 - - [03/Jun/2012:14:36:05 +0600] "GET /content/view/32/194/ HTTP/1.0" 200 5718 "-" "Mozilla/5.0 (compatible; YandexBot/3.0; +http://yandex.com/bots)"
213.180.206.197 - - [03/Jun/2012:14:36:22 +0600] "GET / HTTP/1.0" 200 25363 "-" "Mozilla/5.0 (compatible; YandexMetrika/2.0; +http://yandex.com/bots)"
66.249.66.77 - - [03/Jun/2012:14:38:02 +0600] "GET /content/view/477/5/ HTTP/1.0" 200 5771 "-" "Mozilla/5.0 (compatible; Googlebot/2.1; +http://www.google.com/bot.html)"
178.154.163.30 - - [03/Jun/2012:14:38:34 +0600] "GET /files/articles/IBobsluzhivanie.pdf HTTP/1.0" 304 - "-" "Mozilla/5.0 (compatible; YandexBot/3.0; +http://yandex.com/bots)"
85.234.24.4 - - [03/Jun/2012:14:39:06 +0600] "GET /content/view/810/183/ HTTP/1.0" 200 6603 "http://www.google.ru/imgres?hl=ru&newwindow=1&client=firefox&hs=Fdm&sa=X&rls=org.mozilla:ru:official&biw=1680&bih=862&tbm=isch&tbnid=OkK3qMTfTh4GKM:&imgrefurl=http://csdb.ufanet.ru/content/view/810/183/&docid=fBack2D3E3iSCM&itg=1&imgurl=http://csdb.ufanet.ru/images/stories/hydschool/SDC13088.JPG&w=800&h=1066&ei=QR_LT5W4LcrrOcafmAU&zoom=1&iact=rc&dur=382&sig=112276583475353495039&page=2&tbnh=156&tbnw=115&start=31&ndsp=38&ved=1t:429,r:6,s:31,i:148&tx=76&ty=66" "Mozilla/5.0 (Windows NT 6.1; WOW64; rv:10.0.2) Gecko/20100101 Firefox/10.0.2"
66.249.66.77 - - [03/Jun/2012:14:40:20 +0600] "GET /content/view/690/67/ HTTP/1.0" 200 3866 "-" "Mozilla/5.0 (compatible; Googlebot/2.1; +http://www.google.com/bot.html)"
109.104.173.52 - - [03/Jun/2012:14:40:24 +0600] "GET /content/blogcategory/1/66/ HTTP/1.0" 200 7626 "-" "Mozilla/5.0 (Windows NT 6.1) AppleWebKit/536.5 (KHTML, like Gecko) Chrome/19.0.1084.52 Safari/536.5"
178.154.163.30 - - [03/Jun/2012:14:40:58 +0600] "GET /content/view/722/1/ HTTP/1.0" 200 6405 "-" "Mozilla/5.0 (compatible; YandexBot/3.0; +http://yandex.com/bots)"
66.249.71.110 - - [03/Jun/2012:14:41:56 +0600] "GET /content/view/397/1891% HTTP/1.0" 400 309 "-" "Mozilla/5.0 (compatible; Googlebot/2.1; +http://www.google.com/bot.html)"
178.154.163.30 - - [03/Jun/2012:14:43:23 +0600] "GET /files/scen_prazd/dorog_znak.pdf HTTP/1.0" 304 - "-" "Mozilla/5.0 (compatible; YandexBot/3.0; +http://yandex.com/bots)"
66.249.71.59 - - [03/Jun/2012:14:44:36 +0600] "GET /content/view/783/183/ HTTP/1.0" 200 5098 "-" "Mozilla/5.0 (compatible; Googlebot/2.1; +http://www.google.com/bot.html)"
178.154.163.30 - - [03/Jun/2012:14:45:52 +0600] "GET /content/view/834/222 HTTP/1.0" 200 5065 "-" "Mozilla/5.0 (compatible; YandexBot/3.0; +http://yandex.com/bots)"
66.249.66.77 - - [03/Jun/2012:14:46:34 +0600] "GET /content/view/744/ HTTP/1.0" 200 4829 "-" "Mozilla/5.0 (compatible; Googlebot/2.1; +http://www.google.com/bot.html)"
178.154.163.30 - - [03/Jun/2012:14:48:15 +0600] "GET /content/view/43/194/ HTTP/1.0" 200 5760 "-" "Mozilla/5.0 (compatible; YandexBot/3.0; +http://yandex.com/bots)"
66.249.66.77 - - [03/Jun/2012:14:49:12 +0600] "GET /content/view/736/1/ HTTP/1.0" 200 6285 "-" "Mozilla/5.0 (compatible; Googlebot/2.1; +http://www.google.com/bot.html)"
178.154.163.30 - - [03/Jun/2012:14:50:41 +0600] "GET /content/category/8/26/55 HTTP/1.0" 200 5339 "-" "Mozilla/5.0 (compatible; YandexBot/3.0; +http://yandex.com/bots)"
68.233.226.103 - - [03/Jun/2012:14:52:08 +0600] "GET /content/blogcategory/1/66/5/250/content/view/13/51/index.php HTTP/1.0" 200 18266 "-" "Mozilla/5.0 (Windows NT 5.1) AppleWebKit/535.2 (KHTML, like Gecko) Chrome/15.0.872.0 Safari/535.2"
178.154.163.30 - - [03/Jun/2012:14:53:12 +0600] "GET /content/view/185/66/ HTTP/1.0" 200 5931 "-" "Mozilla/5.0 (compatible; YandexBot/3.0; +http://yandex.com/bots)"
94.41.205.79 - - [03/Jun/2012:14:53:54 +0600] "GET /content/view/959/56/ HTTP/1.0" 200 11300 "http://yandex.ru/yandsearch?p=4&text=%D0%BD%D0%B8%D0%BD%D0%B0+%D1%82%D1%83%D1%80%D0%B8%D1%86%D1%8B%D0%BD%D0%B0&clid=9403&lr=172" "Opera/9.80 (Windows NT 5.1; U; Edition Yx; ru) Presto/2.10.229 Version/11.61"
178.154.163.30 - - [03/Jun/2012:14:55:37 +0600] "GET /content/view/288/122 HTTP/1.0" 200 39702 "-" "Mozilla/5.0 (compatible; YandexBot/3.0; +http://yandex.com/bots)"
178.154.163.30 - - [03/Jun/2012:14:58:05 +0600] "GET /content/view/90/62/ HTTP/1.0" 200 10811 "-" "Mozilla/5.0 (compatible; YandexBot/3.0; +http://yandex.com/bots)"
178.154.163.30 - - [03/Jun/2012:15:00:37 +0600] "GET /content/view/742/222 HTTP/1.0" 200 5986 "-" "Mozilla/5.0 (compatible; YandexBot/3.0; +http://yandex.com/bots)"
193.110.114.156 - - [03/Jun/2012:15:00:54 +0600] "GET / HTTP/1.0" 200 25318 "-" "Mozilla/5.0 (compatible; MJ12bot/v1.4.3; http://www.majestic12.co.uk/bot.php?+)"
178.154.163.30 - - [03/Jun/2012:15:03:00 +0600] "GET /content/view/506/227 HTTP/1.0" 200 7194 "-" "Mozilla/5.0 (compatible; YandexBot/3.0; +http://yandex.com/bots)"
66.249.66.77 - - [03/Jun/2012:15:03:04 +0600] "GET /content/view/450/210/ HTTP/1.0" 200 4978 "-" "Mozilla/5.0 (compatible; Googlebot/2.1; +http://www.google.com/bot.html)"
66.249.71.59 - - [03/Jun/2012:15:04:37 +0600] "GET /content/view/812/146/ HTTP/1.0" 200 5066 "-" "Mozilla/5.0 (compatible; Googlebot/2.1; +http://www.google.com/bot.html)"
178.154.163.30 - - [03/Jun/2012:15:05:23 +0600] "GET /content/view/989/158/ HTTP/1.0" 200 5536 "-" "Mozilla/5.0 (compatible; YandexBot/3.0; +http://yandex.com/bots)"
178.154.163.30 - - [03/Jun/2012:15:07:53 +0600] "GET /content/view/323/165/ HTTP/1.0" 200 11631 "-" "Mozilla/5.0 (compatible; YandexBot/3.0; +http://yandex.com/bots)"
178.154.163.30 - - [03/Jun/2012:15:10:17 +0600] "GET /files/ucazatel/territoriy.pdf HTTP/1.0" 304 - "-" "Mozilla/5.0 (compatible; YandexBot/3.0; +http://yandex.com/bots)"
68.233.226.103 - - [03/Jun/2012:15:10:41 +0600] "GET /content/blogcategory/1/66/5/250/content/view/13/51/index.php?option=com_contact&Itemid=3 HTTP/1.0" 200 18266 "-" "Mozilla/5.0 (Windows NT 5.1) AppleWebKit/535.2 (KHTML, like Gecko) Chrome/15.0.872.0 Safari/535.2"
66.249.66.77 - - [03/Jun/2012:15:10:51 +0600] "GET /content/view/233/5/ HTTP/1.0" 200 5933 "-" "Mozilla/5.0 (compatible; Googlebot/2.1; +http://www.google.com/bot.html)"
178.154.163.30 - - [03/Jun/2012:15:12:40 +0600] "GET /content/view/940/105/ HTTP/1.0" 200 5059 "-" "Mozilla/5.0 (compatible; YandexBot/3.0; +http://yandex.com/bots)"
178.154.163.30 - - [03/Jun/2012:15:14:55 +0600] "GET /content/view/850/56/ HTTP/1.0" 200 4403 "-" "Mozilla/5.0 (compatible; YandexBot/3.0; +http://yandex.com/bots)"
213.180.206.197 - - [03/Jun/2012:15:14:57 +0600] "GET / HTTP/1.0" 200 25323 "-" "Mozilla/5.0 (compatible; YandexMetrika/2.0; +http://yandex.com/bots)"
66.249.66.77 - - [03/Jun/2012:15:16:05 +0600] "GET /content/view/477/ HTTP/1.0" 200 4686 "-" "Mozilla/5.0 (compatible; Googlebot/2.1; +http://www.google.com/bot.html)"
178.154.163.30 - - [03/Jun/2012:15:17:26 +0600] "GET /content/view/989/201/ HTTP/1.0" 200 5529 "-" "Mozilla/5.0 (compatible; YandexBot/3.0; +http://yandex.com/bots)"
178.154.163.30 - - [03/Jun/2012:15:20:04 +0600] "GET /content/view/989/154/ HTTP/1.0" 200 5540 "-" "Mozilla/5.0 (compatible; YandexBot/3.0; +http://yandex.com/bots)"
178.154.163.30 - - [03/Jun/2012:15:22:26 +0600] "GET /index.php?option=com_content&task=view&id=81&Itemid=62 HTTP/1.0" 200 9368 "-" "Mozilla/5.0 (compatible; YandexBot/3.0; +http://yandex.com/bots)"
94.41.223.198 - - [03/Jun/2012:15:23:58 +0600] "GET / HTTP/1.0" 200 6877 "-" "Opera/9.80 (Windows NT 5.1; U; ru) Presto/2.10.229 Version/11.62"
94.41.223.198 - - [03/Jun/2012:15:23:59 +0600] "GET /images/cgdb.swf HTTP/1.0" 200 19792297 "http://csdb.ufanet.ru/" "Opera/9.80 (Windows NT 5.1; U; ru) Presto/2.10.229 Version/11.62"
94.41.223.198 - - [03/Jun/2012:15:24:00 +0600] "GET /content/blogcategory/1/66/ HTTP/1.0" 200 7580 "http://csdb.ufanet.ru/" "Opera/9.80 (Windows NT 5.1; U; ru) Presto/2.10.229 Version/11.62"
178.154.163.30 - - [03/Jun/2012:15:24:41 +0600] "GET /content/view/902/222/ HTTP/1.0" 200 5416 "-" "Mozilla/5.0 (compatible; YandexBot/3.0; +http://yandex.com/bots)"
178.154.163.30 - - [03/Jun/2012:15:27:07 +0600] "GET /content/view/989/151/ HTTP/1.0" 200 5542 "-" "Mozilla/5.0 (compatible; YandexBot/3.0; +http://yandex.com/bots)"
178.154.163.30 - - [03/Jun/2012:15:29:36 +0600] "GET /content/view/754/84/ HTTP/1.0" 200 4197 "-" "Mozilla/5.0 (compatible; YandexBot/3.0; +http://yandex.com/bots)"
178.154.163.30 - - [03/Jun/2012:15:32:04 +0600] "GET /content/view/238/66 HTTP/1.0" 200 6343 "-" "Mozilla/5.0 (compatible; YandexBot/3.0; +http://yandex.com/bots)"
178.154.163.30 - - [03/Jun/2012:15:33:40 +0600] "GET /content/view/559/234/ HTTP/1.0" 200 6044 "-" "Mozilla/5.0 (compatible; YandexDirect/3.0; +http://yandex.com/bots)"
178.154.163.30 - - [03/Jun/2012:15:35:57 +0600] "GET /content/view/483/66 HTTP/1.0" 200 7097 "-" "Mozilla/5.0 (compatible; YandexBot/3.0; +http://yandex.com/bots)"
66.249.66.77 - - [03/Jun/2012:15:36:55 +0600] "GET /content/view/820/1/ HTTP/1.0" 200 5494 "-" "Mozilla/5.0 (compatible; Googlebot/2.1; +http://www.google.com/bot.html)"
178.154.163.30 - - [03/Jun/2012:15:38:18 +0600] "GET /content/view/545/183/1/1/ HTTP/1.0" 200 6431 "-" "Mozilla/5.0 (compatible; YandexBot/3.0; +http://yandex.com/bots)"
178.154.163.30 - - [03/Jun/2012:15:40:42 +0600] "GET /content/view/989/127/ HTTP/1.0" 200 5534 "-" "Mozilla/5.0 (compatible; YandexBot/3.0; +http://yandex.com/bots)"
95.71.244.165 - - [03/Jun/2012:15:42:20 +0600] "GET /content/view/856/243/ HTTP/1.0" 200 12013 "-" "Mozilla/4.0 (compatible; MSIE 8.0; Windows NT 5.1; Trident/4.0; MRSPUTNIK 2, 4, 0, 508; MRA 5.10 (build 5265); InfoPath.1; .NET CLR 1.1.4322; .NET CLR 2.0.50727; .NET CLR 3.0.4506.2152; .NET CLR 3.5.30729; .NET4.0C; .NET4.0E)"
178.154.163.30 - - [03/Jun/2012:15:43:19 +0600] "GET /content/view/719/90/ HTTP/1.0" 200 4362 "-" "Mozilla/5.0 (compatible; YandexBot/3.0; +http://yandex.com/bots)"
178.154.163.30 - - [03/Jun/2012:15:45:39 +0600] "GET /content/view/989/132/ HTTP/1.0" 200 5527 "-" "Mozilla/5.0 (compatible; YandexBot/3.0; +http://yandex.com/bots)"
178.154.163.30 - - [03/Jun/2012:15:48:00 +0600] "GET /content/view/989/143/ HTTP/1.0" 200 5534 "-" "Mozilla/5.0 (compatible; YandexBot/3.0; +http://yandex.com/bots)"
178.154.163.30 - - [03/Jun/2012:15:50:18 +0600] "GET /content/view/669/223/ HTTP/1.0" 200 5249 "-" "Mozilla/5.0 (compatible; YandexBot/3.0; +http://yandex.com/bots)"
178.154.163.30 - - [03/Jun/2012:15:52:30 +0600] "GET /content/view/44/160/ HTTP/1.0" 200 5743 "-" "Mozilla/5.0 (compatible; YandexBot/3.0; +http://yandex.com/bots)"
66.249.66.77 - - [03/Jun/2012:15:53:54 +0600] "GET /content/view/561/ HTTP/1.0" 200 3989 "-" "Mozilla/5.0 (compatible; Googlebot/2.1; +http://www.google.com/bot.html)"
178.154.163.30 - - [03/Jun/2012:15:55:06 +0600] "GET /content/view/36 HTTP/1.0" 200 4922 "-" "Mozilla/5.0 (compatible; YandexBot/3.0; +http://yandex.com/bots)"
213.180.206.197 - - [03/Jun/2012:15:55:14 +0600] "GET / HTTP/1.0" 200 25323 "-" "Mozilla/5.0 (compatible; YandexMetrika/2.0; +http://yandex.com/bots)"
178.154.163.30 - - [03/Jun/2012:15:57:17 +0600] "GET /content/view/693/1/ HTTP/1.0" 200 5471 "-" "Mozilla/5.0 (compatible; YandexBot/3.0; +http://yandex.com/bots)"
66.249.66.77 - - [03/Jun/2012:15:59:13 +0600] "GET /content/view/265/5/ HTTP/1.0" 200 5616 "-" "Mozilla/5.0 (compatible; Googlebot/2.1; +http://www.google.com/bot.html)"
178.154.163.30 - - [03/Jun/2012:15:59:30 +0600] "GET /index.php?option=com_content&task=view&id=124&Itemid=62 HTTP/1.0" 200 7097 "-" "Mozilla/5.0 (compatible; YandexBot/3.0; +http://yandex.com/bots)"
178.154.163.30 - - [03/Jun/2012:16:01:59 +0600] "GET /content/view/406/ HTTP/1.0" 200 5512 "-" "Mozilla/5.0 (compatible; YandexBot/3.0; +http://yandex.com/bots)"
157.55.17.147 - - [03/Jun/2012:16:02:41 +0600] "GET /content/view/794/53/ HTTP/1.0" 200 5654 "-" "Mozilla/5.0 (compatible; bingbot/2.0; +http://www.bing.com/bingbot.htm)"
178.154.163.30 - - [03/Jun/2012:16:04:16 +0600] "GET /content/view/324/167/ HTTP/1.0" 200 6314 "-" "Mozilla/5.0 (compatible; YandexBot/3.0; +http://yandex.com/bots)"
83.169.60.25 - - [03/Jun/2012:16:06:05 +0600] "GET / HTTP/1.0" 200 25323 "-" "Mozilla/5.0 (Windows; U; Windows NT 6.0; de; rv:1.9.0.6) Gecko/2009011913 Firefox/3.0.6"
83.169.60.25 - - [03/Jun/2012:16:06:05 +0600] "GET /20e6a4bb032fcfae5d.php HTTP/1.0" 404 299 "-" "Mozilla/5.0 (Windows; U; Windows NT 6.0; de; rv:1.9.0.6) Gecko/2009011913 Firefox/3.0.6"
66.249.66.77 - - [03/Jun/2012:16:06:14 +0600] "GET /content/view/940/183/ HTTP/1.0" 200 5100 "-" "Mozilla/5.0 (compatible; Googlebot/2.1; +http://www.google.com/bot.html)"
178.154.163.30 - - [03/Jun/2012:16:06:26 +0600] "GET /content/view/793/86/ HTTP/1.0" 200 5094 "-" "Mozilla/5.0 (compatible; YandexBot/3.0; +http://yandex.com/bots)"
178.154.163.30 - - [03/Jun/2012:16:08:38 +0600] "GET /content/view/264/66 HTTP/1.0" 200 6414 "-" "Mozilla/5.0 (compatible; YandexBot/3.0; +http://yandex.com/bots)"
66.249.66.77 - - [03/Jun/2012:16:10:35 +0600] "GET /content/view/323/163/ HTTP/1.0" 200 11622 "-" "Mozilla/5.0 (iPhone; U; CPU iPhone OS 4_1 like Mac OS X; en-us) AppleWebKit/532.9 (KHTML, like Gecko) Version/4.0.5 Mobile/8B117 Safari/6531.22.7 (compatible; Googlebot-Mobile/2.1; +http://www.google.com/bot.html)"
178.154.163.30 - - [03/Jun/2012:16:10:51 +0600] "GET /content/view/230/66/ HTTP/1.0" 200 6713 "-" "Mozilla/5.0 (compatible; YandexBot/3.0; +http://yandex.com/bots)"
65.52.111.7 - - [03/Jun/2012:16:12:14 +0600] "GET /content/blogcategory/1/66/5/240/ HTTP/1.0" 200 7748 "-" "msnbot/2.0b (+http://search.msn.com/msnbot.htm)"
68.233.226.103 - - [03/Jun/2012:16:12:33 +0600] "GET /content/blogcategory/1/66/5/250/content/view/13/51/index.php?option=com_search&Itemid=5 HTTP/1.0" 200 18271 "-" "Mozilla/5.0 (Windows NT 5.1) AppleWebKit/535.2 (KHTML, like Gecko) Chrome/15.0.872.0 Safari/535.2"
178.154.163.30 - - [03/Jun/2012:16:12:59 +0600] "GET /content/view/811/128/ HTTP/1.0" 200 5055 "-" "Mozilla/5.0 (compatible; YandexBot/3.0; +http://yandex.com/bots)"
66.249.66.77 - - [03/Jun/2012:16:15:08 +0600] "GET /content/view/443/5/ HTTP/1.0" 200 5867 "-" "Mozilla/5.0 (compatible; Googlebot/2.1; +http://www.google.com/bot.html)"
66.249.71.59 - - [03/Jun/2012:16:15:13 +0600] "GET /index2.php?option=com_content&task=view&id=729&pop=1&page=0&Itemid=1 HTTP/1.0" 200 1434 "-" "Mozilla/5.0 (compatible; Googlebot/2.1; +http://www.google.com/bot.html)"
178.154.163.30 - - [03/Jun/2012:16:15:15 +0600] "GET /content/view/648/ HTTP/1.0" 200 3990 "-" "Mozilla/5.0 (compatible; YandexBot/3.0; +http://yandex.com/bots)"
66.249.66.77 - - [03/Jun/2012:16:15:18 +0600] "GET /content/view/579/1/ HTTP/1.0" 200 6274 "-" "Mozilla/5.0 (compatible; Googlebot/2.1; +http://www.google.com/bot.html)"
66.249.66.77 - - [03/Jun/2012:16:15:48 +0600] "GET /content/view/940/53/ HTTP/1.0" 200 5111 "-" "Mozilla/5.0 (compatible; Googlebot/2.1; +http://www.google.com/bot.html)"
178.154.163.30 - - [03/Jun/2012:16:17:48 +0600] "GET /content/view/742/223/ HTTP/1.0" 200 5986 "-" "Mozilla/5.0 (compatible; YandexBot/3.0; +http://yandex.com/bots)"
178.154.163.30 - - [03/Jun/2012:16:20:17 +0600] "GET /content/view/770/223/ HTTP/1.0" 200 5948 "-" "Mozilla/5.0 (compatible; YandexBot/3.0; +http://yandex.com/bots)"
66.249.66.77 - - [03/Jun/2012:16:20:49 +0600] "GET /content/view/83/116/ HTTP/1.0" 200 9668 "-" "Mozilla/5.0 (compatible; Googlebot/2.1; +http://www.google.com/bot.html)"
178.154.163.30 - - [03/Jun/2012:16:22:14 +0600] "GET /content/blogcategory/28/67/9/9/ HTTP/1.0" 200 3846 "-" "Mozilla/5.0 (compatible; YandexBot/3.0; +http://yandex.com/bots)"
66.249.66.77 - - [03/Jun/2012:16:25:43 +0600] "GET /content/view/93/5/ HTTP/1.0" 200 5849 "-" "Mozilla/5.0 (compatible; Googlebot/2.1; +http://www.google.com/bot.html)"
178.154.163.30 - - [03/Jun/2012:16:26:18 +0600] "GET /content/blogcategory/1/66/9/0/ HTTP/1.0" 200 7633 "-" "Mozilla/5.0 (compatible; YandexBot/3.0; +http://yandex.com/bots)"
178.154.163.30 - - [03/Jun/2012:16:27:06 +0600] "GET /content/view/284/ HTTP/1.0" 200 6067 "-" "Mozilla/5.0 (compatible; YandexBot/3.0; +http://yandex.com/bots)"
178.154.163.30 - - [03/Jun/2012:16:33:16 +0600] "GET /content/view/821/1/ HTTP/1.0" 200 5469 "-" "Mozilla/5.0 (compatible; YandexBot/3.0; +http://yandex.com/bots)"
213.180.206.197 - - [03/Jun/2012:16:33:30 +0600] "GET / HTTP/1.0" 200 25318 "-" "Mozilla/5.0 (compatible; YandexMetrika/2.0; +http://yandex.com/bots)"
178.154.163.30 - - [03/Jun/2012:16:39:31 +0600] "GET /files/scen_prazd/openNDK.pdf HTTP/1.0" 304 - "-" "Mozilla/5.0 (compatible; YandexBot/3.0; +http://yandex.com/bots)"
66.249.66.77 - - [03/Jun/2012:16:41:18 +0600] "GET /content/view/36/194/ HTTP/1.0" 200 5748 "-" "Mozilla/5.0 (compatible; Googlebot/2.1; +http://www.google.com/bot.html)"
178.154.163.30 - - [03/Jun/2012:16:45:43 +0600] "GET /content/view/794/219/ HTTP/1.0" 200 5631 "-" "Mozilla/5.0 (compatible; YandexBot/3.0; +http://yandex.com/bots)"
208.115.111.70 - - [03/Jun/2012:16:45:48 +0600] "GET /content/category/11/37/78 HTTP/1.0" 200 9437 "-" "Mozilla/5.0 (compatible; Ezooms/1.0; ezooms.bot@gmail.com)"
66.249.71.59 - - [03/Jun/2012:16:47:40 +0600] "GET /content/view/815/1/ HTTP/1.0" 200 6176 "-" "Mozilla/5.0 (compatible; Googlebot/2.1; +http://www.google.com/bot.html)"
66.249.66.77 - - [03/Jun/2012:16:49:57 +0600] "GET /index2.php?option=com_content&task=view&id=93&pop=1&page=0&Itemid=5 HTTP/1.0" 200 1385 "-" "Mozilla/5.0 (compatible; Googlebot/2.1; +http://www.google.com/bot.html)"
178.154.163.30 - - [03/Jun/2012:16:51:58 +0600] "GET /content/view/456/144/ HTTP/1.0" 200 5058 "-" "Mozilla/5.0 (compatible; YandexBot/3.0; +http://yandex.com/bots)"
66.249.71.59 - - [03/Jun/2012:16:52:27 +0600] "GET /content/view/950/1/ HTTP/1.0" 200 5467 "-" "Mozilla/5.0 (compatible; Googlebot/2.1; +http://www.google.com/bot.html)"
