66.249.66.77 - - [03/Jun/2012:16:53:41 +0600] "GET /content/view/1001/116/ HTTP/1.0" 200 19240 "-" "Mozilla/5.0 (compatible; Googlebot/2.1; +http://www.google.com/bot.html)"
66.249.66.77 - - [03/Jun/2012:16:55:00 +0600] "GET /content/view/815/ HTTP/1.0" 200 4696 "-" "Mozilla/5.0 (compatible; Googlebot/2.1; +http://www.google.com/bot.html)"
66.249.66.77 - - [03/Jun/2012:16:57:51 +0600] "GET /content/view/693/143/ HTTP/1.0" 200 5059 "-" "Mozilla/5.0 (compatible; Googlebot/2.1; +http://www.google.com/bot.html)"
178.154.163.30 - - [03/Jun/2012:16:58:09 +0600] "GET /content/view/940/5/ HTTP/1.0" 200 5061 "-" "Mozilla/5.0 (compatible; YandexBot/3.0; +http://yandex.com/bots)"
68.233.226.103 - - [03/Jun/2012:16:59:14 +0600] "GET /content/view/793/122/content/view/793/1/ HTTP/1.0" 200 12896 "-" "Mozilla/5.0 (Windows NT 5.1) AppleWebKit/535.2 (KHTML, like Gecko) Chrome/15.0.872.0 Safari/535.2"
95.30.82.21 - - [03/Jun/2012:16:59:52 +0600] "GET / HTTP/1.0" 200 6922 "http://yandex.ru/yandsearch?text=%D1%81%D0%B0%D0%B9%D1%82+%D0%B1%D0%B8%D0%B1%D0%BB%D0%B8%D0%BE%D1%82%D0%B5%D0%BA%D0%B8&clid=1897942&lr=172" "Mozilla/5.0 (Windows NT 6.1; WOW64; rv:8.0) Gecko/20100101 Firefox/8.0"
95.30.82.21 - - [03/Jun/2012:16:59:52 +0600] "GET /images/cgdb.swf HTTP/1.0" 200 19792297 "http://csdb.ufanet.ru/" "Mozilla/5.0 (Windows NT 6.1; WOW64; rv:8.0) Gecko/20100101 Firefox/8.0"
66.249.66.77 - - [03/Jun/2012:16:59:59 +0600] "GET /index2.php?option=com_content&task=view&id=579&pop=1&page=0&Itemid=1 HTTP/1.0" 200 1418 "-" "Mozilla/5.0 (compatible; Googlebot/2.1; +http://www.google.com/bot.html)"
66.249.71.59 - - [03/Jun/2012:17:00:58 +0600] "GET /content/view/797/1/ HTTP/1.0" 200 6144 "-" "Mozilla/5.0 (compatible; Googlebot/2.1; +http://www.google.com/bot.html)"
95.30.82.21 - - [03/Jun/2012:17:00:58 +0600] "GET /content/view/382/158/ HTTP/1.0" 200 6347 "http://csdb.ufanet.ru/" "Mozilla/5.0 (Windows NT 6.1; WOW64; rv:8.0) Gecko/20100101 Firefox/8.0"
95.30.82.21 - - [03/Jun/2012:17:00:59 +0600] "GET /%22%22%22%22%22http://csdb.ufanet.ru/templates/csdb/images/strelka.gif%22%22%22%22%22 HTTP/1.0" 404 392 "http://csdb.ufanet.ru/content/view/382/158/" "Mozilla/5.0 (Windows NT 6.1; WOW64; rv:8.0) Gecko/20100101 Firefox/8.0"
95.30.82.21 - - [03/Jun/2012:17:01:08 +0600] "GET /component/option,com_joomap/Itemid,64/ HTTP/1.0" 200 19469 "http://csdb.ufanet.ru/" "Mozilla/5.0 (Windows NT 6.1; WOW64; rv:8.0) Gecko/20100101 Firefox/8.0"
95.30.82.21 - - [03/Jun/2012:17:01:20 +0600] "GET /component/option,com_frontpage/Itemid,1/ HTTP/1.0" 200 6947 "http://csdb.ufanet.ru/component/option,com_joomap/Itemid,64/" "Mozilla/5.0 (Windows NT 6.1; WOW64; rv:8.0) Gecko/20100101 Firefox/8.0"
95.30.82.21 - - [03/Jun/2012:17:01:20 +0600] "GET /images/cgdb.swf HTTP/1.0" 200 19792297 "http://csdb.ufanet.ru/component/option,com_frontpage/Itemid,1/" "Mozilla/5.0 (Windows NT 6.1; WOW64; rv:8.0) Gecko/20100101 Firefox/8.0"
66.249.66.77 - - [03/Jun/2012:17:01:33 +0600] "GET /index2.php?option=com_content&task=view&id=731&pop=1&page=0&Itemid=5 HTTP/1.0" 200 1466 "-" "Mozilla/5.0 (compatible; Googlebot/2.1; +http://www.google.com/bot.html)"
66.249.66.77 - - [03/Jun/2012:17:02:23 +0600] "GET /content/view/952/235/ HTTP/1.0" 200 4067 "-" "Mozilla/5.0 (compatible; Googlebot/2.1; +http://www.google.com/bot.html)"
178.154.163.30 - - [03/Jun/2012:17:04:23 +0600] "GET /content/view/652/90/ HTTP/1.0" 200 4771 "-" "Mozilla/5.0 (compatible; YandexBot/3.0; +http://yandex.com/bots)"
178.187.243.241 - - [03/Jun/2012:17:05:11 +0600] "GET /content/view/204/47/ HTTP/1.0" 200 10174 "http://go.mail.ru/search?q=%D0%B4%D0%B5%D1%82%D1%81%D0%BA%D0%B8%D0%B5%20%D0%B1%D0%B8%D0%B1%D0%BB%D0%B8%D0%BE%D1%82%D0%B5%D0%BA%D0%B8%20%D0%B8%20%D0%BA%D1%80%D0%B0%D0%B5%D0%B2%D0%B5%D0%B4%D0%B5%D0%BD%D0%B8%D0%B5&num=10&rch=e&sf=10" "Mozilla/5.0 (Windows NT 5.1) AppleWebKit/536.5 (KHTML, like Gecko) Chrome/19.0.1084.52 Safari/536.5"
178.187.243.241 - - [03/Jun/2012:17:07:06 +0600] "GET /content/category/14/42/183/ HTTP/1.0" 200 5743 "http://csdb.ufanet.ru/content/view/204/47/" "Mozilla/5.0 (Windows NT 5.1) AppleWebKit/536.5 (KHTML, like Gecko) Chrome/19.0.1084.52 Safari/536.5"
66.249.71.59 - - [03/Jun/2012:17:07:23 +0600] "GET /content/view/816/66/ HTTP/1.0" 200 5974 "-" "Mozilla/5.0 (compatible; Googlebot/2.1; +http://www.google.com/bot.html)"
66.249.66.77 - - [03/Jun/2012:17:07:35 +0600] "GET /content/view/409/1/ HTTP/1.0" 200 7000 "-" "Mozilla/5.0 (compatible; Googlebot/2.1; +http://www.google.com/bot.html)"
79.134.2.28 - - [03/Jun/2012:17:07:57 +0600] "GET /content/view/356/86/ HTTP/1.0" 200 7912 "http://www.google.ru/imgres?q=%D1%82%D1%80%D0%B0%D1%84%D0%B0%D1%80%D0%B5%D1%82%D1%8B+%D0%BF%D1%80%D0%B8%D0%BD%D1%82&start=319&hl=ru&newwindow=1&client=opera&sa=X&rls=ru&channel=suggest&tbm=isch&prmd=imvns&tbnid=9rIKtjItw3kMUM:&imgrefurl=http://csdb.ufanet.ru/content/view/356/86/&docid=JTkMH9VqhFF5HM&imgurl=http://csdb.ufanet.ru/images/museum/%2525D0%2525AD%2525D0%2525BA%2525D1%252581%2525D0%2525BF%2525D0%2525BE%2525D0%2525BD%2525D0%2525B0%2525D1%252582%2525D1%25258B%252520%2525D0%2525B2%2525D1%252580%2525D0%2525B5%2525D0%2525BC%2525D0%2525B5%2525D0%2525BD%252520%2525D0%252592%2525D0%25259E%2525D0%252592/%2525D0%25259F%2525D1%252580%2525D0%2525B5%2525D0%2525B4%2525D0%2525BC%2525D0%2525B5%2525D1%252582%2525D1%25258B/%2525D0%25259F%2525D1%252580%2525D0%2525B8%2525D0%2525BD%2525D0%2525B0%2525D0%2525B4%2525D0%2525BB%2525D0%2525B5%2525D0%2525B6%2525D0%2525BD%2525D0%2525BE%2525D1%252581%2525D1%252582%2525D0%2525B8%252520%2525D1%252585%2525D1%252583%2525D0%2525B4%2525D0%2525BE%2525D0%2525B6%2525D0%2525BD%2525D0%2525B8%2525D0%2525BA%2525D0%2525B03.JPG&w=3264&h=2176&ei=GELLT9WqJ8icOraNkegP&zoom=1&iact=hc&vpx=1153&vpy=324&dur=3232&hovh=183&hovw=275&tx=133&ty=120&sig=113138842921946126103&page=9&tbnh=135&tbnw=164&ndsp=40&ved=1t:429,r:14,s:319,i:118&biw=1600&bih=789" "Opera/9.80 (Windows NT 5.1; U; ru) Presto/2.10.229 Version/11.64"
213.180.206.197 - - [03/Jun/2012:17:09:09 +0600] "GET / HTTP/1.0" 200 25364 "-" "Mozilla/5.0 (compatible; YandexMetrika/2.0; +http://yandex.com/bots)"
178.154.163.30 - - [03/Jun/2012:17:09:32 +0600] "GET /component/option,com_joomap/Itemid,64/ HTTP/1.0" 200 19466 "-" "Mozilla/5.0 (compatible; YandexBot/3.0; +http://yandex.com/bots)"
178.187.243.241 - - [03/Jun/2012:17:12:49 +0600] "GET /content/view/984/183/ HTTP/1.0" 200 6378 "http://csdb.ufanet.ru/content/category/14/42/183/" "Mozilla/5.0 (Windows NT 5.1) AppleWebKit/536.5 (KHTML, like Gecko) Chrome/19.0.1084.52 Safari/536.5"
81.30.184.200 - - [03/Jun/2012:17:13:12 +0600] "GET / HTTP/1.0" 200 6945 "-" "Mozilla/5.0 (Windows NT 5.1) AppleWebKit/536.5 (KHTML, like Gecko) Chrome/19.0.1084.52 Safari/536.5"
81.30.184.200 - - [03/Jun/2012:17:13:15 +0600] "GET /images/cgdb.swf HTTP/1.0" 200 19792297 "http://csdb.ufanet.ru/" "Mozilla/5.0 (Windows NT 5.1) AppleWebKit/536.5 (KHTML, like Gecko) Chrome/19.0.1084.52 Safari/536.5"
178.187.243.241 - - [03/Jun/2012:17:13:21 +0600] "GET /content/view/984/183/1/1/ HTTP/1.0" 200 6211 "http://csdb.ufanet.ru/content/view/984/183/" "Mozilla/5.0 (Windows NT 5.1) AppleWebKit/536.5 (KHTML, like Gecko) Chrome/19.0.1084.52 Safari/536.5"
81.30.184.200 - - [03/Jun/2012:17:13:25 +0600] "GET /content/view/397/189/ HTTP/1.0" 200 5398 "http://csdb.ufanet.ru/" "Mozilla/5.0 (Windows NT 5.1) AppleWebKit/536.5 (KHTML, like Gecko) Chrome/19.0.1084.52 Safari/536.5"
81.30.184.200 - - [03/Jun/2012:17:13:26 +0600] "GET /mambots/content/jw_allvideos/players/mediaplayer_4.0.46.swf HTTP/1.0" 200 38096 "http://csdb.ufanet.ru/content/view/397/189/" "Mozilla/5.0 (Windows NT 5.1) AppleWebKit/536.5 (KHTML, like Gecko) Chrome/19.0.1084.52 Safari/536.5"
81.30.184.200 - - [03/Jun/2012:17:13:29 +0600] "GET /component/option,com_wrapper/Itemid,246/ HTTP/1.0" 200 4294 "http://csdb.ufanet.ru/content/view/397/189/" "Mozilla/5.0 (Windows NT 5.1) AppleWebKit/536.5 (KHTML, like Gecko) Chrome/19.0.1084.52 Safari/536.5"
81.30.184.200 - - [03/Jun/2012:17:13:29 +0600] "GET /cgi-bin/zgate?Init+test.xml,simple.xsl+rus HTTP/1.0" 200 445 "http://csdb.ufanet.ru/component/option,com_wrapper/Itemid,246/" "Mozilla/5.0 (Windows NT 5.1) AppleWebKit/536.5 (KHTML, like Gecko) Chrome/19.0.1084.52 Safari/536.5"
178.187.243.241 - - [03/Jun/2012:17:13:32 +0600] "GET /content/view/310/91/ HTTP/1.0" 200 6110 "http://csdb.ufanet.ru/content/view/984/183/1/1/" "Mozilla/5.0 (Windows NT 5.1) AppleWebKit/536.5 (KHTML, like Gecko) Chrome/19.0.1084.52 Safari/536.5"
178.187.243.241 - - [03/Jun/2012:17:13:46 +0600] "GET /content/view/384/161/ HTTP/1.0" 200 5869 "http://csdb.ufanet.ru/content/view/310/91/" "Mozilla/5.0 (Windows NT 5.1) AppleWebKit/536.5 (KHTML, like Gecko) Chrome/19.0.1084.52 Safari/536.5"
178.154.163.30 - - [03/Jun/2012:17:14:08 +0600] "GET /content/view/204/47/ HTTP/1.0" 200 10173 "-" "Mozilla/5.0 (compatible; YandexBot/3.0; +http://yandex.com/bots)"
178.154.163.30 - - [03/Jun/2012:17:14:23 +0600] "GET /content/category/14/42/183/ HTTP/1.0" 200 5741 "-" "Mozilla/5.0 (compatible; YandexBot/3.0; +http://yandex.com/bots)"
178.187.243.241 - - [03/Jun/2012:17:14:56 +0600] "GET /content/category/18/48/227/ HTTP/1.0" 200 3516 "http://csdb.ufanet.ru/content/view/384/161/" "Mozilla/5.0 (Windows NT 5.1) AppleWebKit/536.5 (KHTML, like Gecko) Chrome/19.0.1084.52 Safari/536.5"
66.249.66.77 - - [03/Jun/2012:17:15:13 +0600] "GET /content/view/940/194/ HTTP/1.0" 200 5096 "-" "Mozilla/5.0 (compatible; Googlebot/2.1; +http://www.google.com/bot.html)"
178.187.243.241 - - [03/Jun/2012:17:15:25 +0600] "GET /content/view/732/227/ HTTP/1.0" 200 4632 "http://csdb.ufanet.ru/content/category/18/48/227/" "Mozilla/5.0 (Windows NT 5.1) AppleWebKit/536.5 (KHTML, like Gecko) Chrome/19.0.1084.52 Safari/536.5"
66.249.66.77 - - [03/Jun/2012:17:19:54 +0600] "GET /content/view/950/235/ HTTP/1.0" 200 4068 "-" "Mozilla/5.0 (compatible; Googlebot/2.1; +http://www.google.com/bot.html)"
178.154.163.30 - - [03/Jun/2012:17:19:56 +0600] "GET /content/view/384/161/ HTTP/1.0" 200 5869 "-" "Mozilla/5.0 (compatible; YandexBot/3.0; +http://yandex.com/bots)"
66.249.66.77 - - [03/Jun/2012:17:22:22 +0600] "GET /content/view/793/1/ HTTP/1.0" 200 5493 "-" "Mozilla/5.0 (compatible; Googlebot/2.1; +http://www.google.com/bot.html)"
178.154.163.30 - - [03/Jun/2012:17:23:18 +0600] "GET /content/view/53/47 HTTP/1.0" 200 7337 "-" "Mozilla/5.0 (compatible; YandexDirect/3.0; +http://yandex.com/bots)"
66.249.66.77 - - [03/Jun/2012:17:24:28 +0600] "GET /content/view/950/146/ HTTP/1.0" 200 5066 "-" "Mozilla/5.0 (compatible; Googlebot/2.1; +http://www.google.com/bot.html)"
66.249.66.77 - - [03/Jun/2012:17:25:26 +0600] "GET /index2.php?option=com_content&task=view&id=790&pop=1&page=0&Itemid=210 HTTP/1.0" 200 1224 "-" "Mozilla/5.0 (compatible; Googlebot/2.1; +http://www.google.com/bot.html)"
65.52.111.7 - - [03/Jun/2012:17:25:44 +0600] "GET /content/blogcategory/1/66/5/285/ HTTP/1.0" 200 8433 "-" "Mozilla/5.0 (compatible; bingbot/2.0; +http://www.bing.com/bingbot.htm)"
178.154.163.30 - - [03/Jun/2012:17:29:11 +0600] "GET /content/view/580/113/ HTTP/1.0" 200 5061 "-" "Mozilla/5.0 (compatible; YandexBot/3.0; +http://yandex.com/bots)"
66.249.66.77 - - [03/Jun/2012:17:32:46 +0600] "GET /content/view/989/131/ HTTP/1.0" 200 5542 "-" "Mozilla/5.0 (compatible; Googlebot/2.1; +http://www.google.com/bot.html)"
178.154.163.30 - - [03/Jun/2012:17:34:59 +0600] "GET /content/view/820/1/ HTTP/1.0" 200 5470 "-" "Mozilla/5.0 (compatible; YandexBot/3.0; +http://yandex.com/bots)"
66.249.66.77 - - [03/Jun/2012:17:37:19 +0600] "GET /content/view/989/126/ HTTP/1.0" 200 5543 "-" "Mozilla/5.0 (compatible; Googlebot/2.1; +http://www.google.com/bot.html)"
66.249.71.59 - - [03/Jun/2012:17:37:35 +0600] "GET /content/view/950/201/ HTTP/1.0" 200 5056 "-" "Mozilla/5.0 (compatible; Googlebot/2.1; +http://www.google.com/bot.html)"
66.249.66.77 - - [03/Jun/2012:17:37:50 +0600] "GET /content/view/231/5/ HTTP/1.0" 200 5744 "-" "Mozilla/5.0 (compatible; Googlebot/2.1; +http://www.google.com/bot.html)"
178.154.163.30 - - [03/Jun/2012:17:40:52 +0600] "GET /content/view/103/152/ HTTP/1.0" 200 10792 "-" "Mozilla/5.0 (compatible; YandexBot/3.0; +http://yandex.com/bots)"
66.249.66.77 - - [03/Jun/2012:17:42:34 +0600] "GET /content/view/31/194/ HTTP/1.0" 200 5793 "-" "Mozilla/5.0 (compatible; Googlebot/2.1; +http://www.google.com/bot.html)"
213.180.206.197 - - [03/Jun/2012:17:43:32 +0600] "GET / HTTP/1.0" 200 25323 "-" "Mozilla/5.0 (compatible; YandexMetrika/2.0; +http://yandex.com/bots)"
178.154.163.30 - - [03/Jun/2012:17:46:49 +0600] "GET /content/view/695/47/ HTTP/1.0" 200 5079 "-" "Mozilla/5.0 (compatible; YandexBot/3.0; +http://yandex.com/bots)"
83.149.21.233 - - [03/Jun/2012:17:47:26 +0600] "GET / HTTP/1.0" 200 6921 "http://www.google.ru/imgres?q=%D0%BA%D0%B0%D1%80%D1%82%D0%B8%D0%BD%D0%BA%D0%B8+%D0%B4%D0%BB%D1%8F+%D0%B2%D1%8B%D1%81%D1%82%D0%B0%D0%B2%D0%BA%D0%B8+%D0%B4%D0%BB%D1%8F+%D0%B4%D0%B5%D1%82%D1%81%D0%BA%D0%BE%D0%B9+%D0%B1%D0%B8%D0%B1%D0%BB%D0%B8%D0%BE%D1%82%D0%B5%D0%BA%D0%B8&start=701&hl=ru&newwindow=1&sa=X&biw=1680&bih=959&tbm=isch&prmd=imvns&tbnid=AqohsH-7-RykvM:&imgrefurl=http://csdb.ufanet.ru/&docid=JMlhrf5eTsb0_M&imgurl=http://csdb.ufanet.ru/images/020512/01.jpg&w=567&h=400&ei=TEzLT4GqJ4iA-wblr7xg&zoom=1&iact=hc&vpx=1015&vpy=576&dur=150&hovh=188&hovw=267&tx=161&ty=119&sig=103871342047472152549&page=16&tbnh=131&tbnw=186&ndsp=45&ved=1t:429,r:21,s:701,i:97" "Mozilla/5.0 (Windows NT 5.1) AppleWebKit/536.5 (KHTML, like Gecko) Chrome/19.0.1084.52 Safari/536.5"
83.149.21.233 - - [03/Jun/2012:17:47:29 +0600] "GET /images/cgdb.swf HTTP/1.0" 200 19792297 "http://csdb.ufanet.ru/" "Mozilla/5.0 (Windows NT 5.1) AppleWebKit/536.5 (KHTML, like Gecko) Chrome/19.0.1084.52 Safari/536.5"
83.149.21.233 - - [03/Jun/2012:17:47:53 +0600] "GET / HTTP/1.0" 200 6944 "http://www.google.ru/imgres?q=%D0%BA%D0%B0%D1%80%D1%82%D0%B8%D0%BD%D0%BA%D0%B8+%D0%B4%D0%BB%D1%8F+%D0%B2%D1%8B%D1%81%D1%82%D0%B0%D0%B2%D0%BA%D0%B8+%D0%B4%D0%BB%D1%8F+%D0%B4%D0%B5%D1%82%D1%81%D0%BA%D0%BE%D0%B9+%D0%B1%D0%B8%D0%B1%D0%BB%D0%B8%D0%BE%D1%82%D0%B5%D0%BA%D0%B8&start=701&hl=ru&newwindow=1&sa=X&biw=1680&bih=959&tbm=isch&prmd=imvns&tbnid=AqohsH-7-RykvM:&imgrefurl=http://csdb.ufanet.ru/&docid=JMlhrf5eTsb0_M&imgurl=http://csdb.ufanet.ru/images/020512/01.jpg&w=567&h=400&ei=TEzLT4GqJ4iA-wblr7xg&zoom=1&iact=hc&vpx=1015&vpy=576&dur=150&hovh=188&hovw=267&tx=161&ty=119&sig=103871342047472152549&page=16&tbnh=131&tbnw=186&ndsp=45&ved=1t:429,r:21,s:701,i:97" "Mozilla/5.0 (Windows NT 5.1) AppleWebKit/536.5 (KHTML, like Gecko) Chrome/19.0.1084.52 Safari/536.5"
83.149.21.233 - - [03/Jun/2012:17:47:55 +0600] "GET /images/cgdb.swf HTTP/1.0" 206 1 "http://csdb.ufanet.ru/" "Mozilla/5.0 (Windows NT 5.1) AppleWebKit/536.5 (KHTML, like Gecko) Chrome/19.0.1084.52 Safari/536.5"
83.149.21.233 - - [03/Jun/2012:17:47:56 +0600] "GET /images/cgdb.swf HTTP/1.0" 206 19592505 "http://csdb.ufanet.ru/" "Mozilla/5.0 (Windows NT 5.1) AppleWebKit/536.5 (KHTML, like Gecko) Chrome/19.0.1084.52 Safari/536.5"
66.249.66.77 - - [03/Jun/2012:17:52:22 +0600] "GET /content/view/562/152/ HTTP/1.0" 200 5066 "-" "Mozilla/5.0 (compatible; Googlebot/2.1; +http://www.google.com/bot.html)"
178.154.163.30 - - [03/Jun/2012:17:52:45 +0600] "GET /files/ucazatel/gogol.pdf HTTP/1.0" 304 - "-" "Mozilla/5.0 (compatible; YandexBot/3.0; +http://yandex.com/bots)"
66.249.66.77 - - [03/Jun/2012:17:58:10 +0600] "GET /content/view/870/243/ HTTP/1.0" 200 7410 "-" "Mozilla/5.0 (compatible; Googlebot/2.1; +http://www.google.com/bot.html)"
178.154.163.30 - - [03/Jun/2012:17:58:44 +0600] "GET /content/view/528/90/ HTTP/1.0" 200 4251 "-" "Mozilla/5.0 (compatible; YandexBot/3.0; +http://yandex.com/bots)"
66.249.66.77 - - [03/Jun/2012:18:01:21 +0600] "GET /content/view/230/90/ HTTP/1.0" 200 5271 "-" "Mozilla/5.0 (compatible; Googlebot/2.1; +http://www.google.com/bot.html)"
66.249.66.77 - - [03/Jun/2012:18:01:53 +0600] "GET /content/view/403/135/ HTTP/1.0" 200 5065 "-" "Mozilla/5.0 (compatible; Googlebot/2.1; +http://www.google.com/bot.html)"
66.249.66.77 - - [03/Jun/2012:18:02:42 +0600] "GET /content/view/1001/131/ HTTP/1.0" 200 19245 "-" "Mozilla/5.0 (compatible; Googlebot/2.1; +http://www.google.com/bot.html)"
65.52.109.62 - - [03/Jun/2012:18:04:12 +0600] "GET /content/view/660/183/ HTTP/1.0" 200 6257 "-" "Mozilla/5.0 (compatible; bingbot/2.0; +http://www.bing.com/bingbot.htm)"
68.233.226.103 - - [03/Jun/2012:18:09:25 +0600] "GET /content/view/793/154/content/view/794/1/ HTTP/1.0" 200 17279 "-" "Mozilla/5.0 (Windows NT 5.1) AppleWebKit/535.2 (KHTML, like Gecko) Chrome/15.0.872.0 Safari/535.2"
66.249.66.77 - - [03/Jun/2012:18:13:05 +0600] "GET /content/view/489/52/ HTTP/1.0" 200 5097 "-" "Mozilla/5.0 (compatible; Googlebot/2.1; +http://www.google.com/bot.html)"
66.249.66.77 - - [03/Jun/2012:18:13:29 +0600] "GET /content/view/989/143/ HTTP/1.0" 200 5536 "-" "Mozilla/5.0 (compatible; Googlebot/2.1; +http://www.google.com/bot.html)"
178.154.163.30 - - [03/Jun/2012:18:13:33 +0600] "GET /index.php HTTP/1.0" 200 6921 "-" "Mozilla/5.0 (compatible; YandexBot/3.0; +http://yandex.com/bots)"
176.212.205.30 - - [03/Jun/2012:18:17:05 +0600] "GET /content/view/494/222/ HTTP/1.0" 200 4793 "http://go.mail.ru/search_images?q=%D1%82%D0%BE%D0%BB%D0%B5%D1%80%D0%B0%D0%BD%D1%82%D0%BD%D0%BE%D1%81%D1%82%D1%8C&rch=l&fr=web" "Mozilla/5.0 (Windows; U; Windows NT 5.1; ru; rv:1.9.2.15) Gecko/20110303 Firefox/3.6.15 sputnik 2.5.2.66"
66.249.66.77 - - [03/Jun/2012:18:17:38 +0600] "GET /content/view/695/157/ HTTP/1.0" 200 5078 "-" "Mozilla/5.0 (compatible; Googlebot/2.1; +http://www.google.com/bot.html)"
46.47.253.30 - - [03/Jun/2012:18:18:33 +0600] "GET /content/view/202/66 HTTP/1.0" 200 7216 "http://images.yandex.ru/yandsearch?text=%D1%87%D0%B8%D1%82%D0%B0%D1%8E%D1%89%D0%B8%D0%B9%20%D0%B3%D0%BE%D1%80%D0%BE%D0%B4%20%D0%B4%D0%B5%D1%82%D1%81%D1%82%D0%B2%D0%B0&stype=image&lr=10892&noreask=1" "Opera/9.80 (Windows NT 5.1; U; ru) Presto/2.10.229 Version/11.64"
46.47.253.30 - - [03/Jun/2012:18:18:46 +0600] "GET /content/view/199/66/ HTTP/1.0" 200 6385 "http://csdb.ufanet.ru/content/view/202/66" "Opera/9.80 (Windows NT 5.1; U; ru) Presto/2.10.229 Version/11.64"
46.47.253.30 - - [03/Jun/2012:18:18:52 +0600] "GET /content/view/198/66/ HTTP/1.0" 200 6595 "http://csdb.ufanet.ru/content/view/199/66/" "Opera/9.80 (Windows NT 5.1; U; ru) Presto/2.10.229 Version/11.64"
46.47.253.30 - - [03/Jun/2012:18:18:56 +0600] "GET /content/view/196/66/ HTTP/1.0" 200 6148 "http://csdb.ufanet.ru/content/view/198/66/" "Opera/9.80 (Windows NT 5.1; U; ru) Presto/2.10.229 Version/11.64"
178.154.163.30 - - [03/Jun/2012:18:19:20 +0600] "GET /content/category/8/26/55/ HTTP/1.0" 200 5339 "-" "Mozilla/5.0 (compatible; YandexBot/3.0; +http://yandex.com/bots)"
46.47.253.30 - - [03/Jun/2012:18:19:31 +0600] "GET /content/view/202/66 HTTP/1.0" 200 7217 "http://images.yandex.ru/yandsearch?text=%D1%87%D0%B8%D1%82%D0%B0%D1%8E%D1%89%D0%B8%D0%B9%20%D0%B3%D0%BE%D1%80%D0%BE%D0%B4%20%D0%B4%D0%B5%D1%82%D1%81%D1%82%D0%B2%D0%B0&stype=image&lr=10892&noreask=1" "Opera/9.80 (Windows NT 5.1; U; ru) Presto/2.10.229 Version/11.64"
46.47.253.30 - - [03/Jun/2012:18:19:39 +0600] "GET /component/option,com_frontpage/Itemid,1/ HTTP/1.0" 200 6906 "http://csdb.ufanet.ru/content/view/202/66" "Opera/9.80 (Windows NT 5.1; U; ru) Presto/2.10.229 Version/11.64"
46.47.253.30 - - [03/Jun/2012:18:19:40 +0600] "GET /images/cgdb.swf HTTP/1.0" 200 19792297 "http://csdb.ufanet.ru/component/option,com_frontpage/Itemid,1/" "Opera/9.80 (Windows NT 5.1; U; ru) Presto/2.10.229 Version/11.64"
46.47.253.30 - - [03/Jun/2012:18:20:12 +0600] "GET /content/category/7/20/52/ HTTP/1.0" 200 5650 "http://csdb.ufanet.ru/component/option,com_frontpage/Itemid,1/" "Opera/9.80 (Windows NT 5.1; U; ru) Presto/2.10.229 Version/11.64"
46.47.253.30 - - [03/Jun/2012:18:20:17 +0600] "GET /content/view/843/52/ HTTP/1.0" 200 5525 "http://csdb.ufanet.ru/content/category/7/20/52/" "Opera/9.80 (Windows NT 5.1; U; ru) Presto/2.10.229 Version/11.64"
46.47.253.30 - - [03/Jun/2012:18:20:26 +0600] "GET /images/120312/PologenieNDK.doc HTTP/1.0" 200 93696 "http://csdb.ufanet.ru/content/view/843/52/" "Opera/9.80 (Windows NT 5.1; U; ru) Presto/2.10.229 Version/11.64"
46.47.253.30 - - [03/Jun/2012:18:20:53 +0600] "GET /content/view/976/52/ HTTP/1.0" 200 6905 "http://csdb.ufanet.ru/content/view/843/52/" "Opera/9.80 (Windows NT 5.1; U; ru) Presto/2.10.229 Version/11.64"
46.47.253.30 - - [03/Jun/2012:18:22:02 +0600] "GET /content/view/794/52/ HTTP/1.0" 200 5612 "http://csdb.ufanet.ru/content/view/976/52/" "Opera/9.80 (Windows NT 5.1; U; ru) Presto/2.10.229 Version/11.64"
46.47.253.30 - - [03/Jun/2012:18:22:09 +0600] "GET /content/view/976/52/ HTTP/1.0" 200 6906 "http://csdb.ufanet.ru/content/view/794/52/" "Opera/9.80 (Windows NT 5.1; U; ru) Presto/2.10.229 Version/11.64"
46.47.253.30 - - [03/Jun/2012:18:22:19 +0600] "GET /content/view/1001/52/ HTTP/1.0" 200 18632 "http://csdb.ufanet.ru/content/view/976/52/" "Opera/9.80 (Windows NT 5.1; U; ru) Presto/2.10.229 Version/11.64"
68.233.226.103 - - [03/Jun/2012:18:24:13 +0600] "GET /content/view/793/154/content/view/795/1/ HTTP/1.0" 200 17279 "-" "Mozilla/5.0 (Windows NT 5.1) AppleWebKit/535.2 (KHTML, like Gecko) Chrome/15.0.872.0 Safari/535.2"
178.154.163.30 - - [03/Jun/2012:18:25:07 +0600] "GET /content/view/453/210 HTTP/1.0" 200 4288 "-" "Mozilla/5.0 (compatible; YandexBot/3.0; +http://yandex.com/bots)"
93.158.155.137 - - [03/Jun/2012:18:26:44 +0600] "GET / HTTP/1.0" 200 25358 "-" "Mozilla/5.0 (compatible; YandexMetrika/2.0; +http://yandex.com/bots)"
46.47.253.30 - - [03/Jun/2012:18:27:22 +0600] "GET /content/view/989/52/ HTTP/1.0" 200 5509 "http://csdb.ufanet.ru/content/view/1001/52/" "Opera/9.80 (Windows NT 5.1; U; ru) Presto/2.10.229 Version/11.64"
95.221.34.249 - - [03/Jun/2012:18:27:38 +0600] "GET /files/roditeli/childread2.pdf HTTP/1.0" 200 986862 "http://yandex.ru/yandsearch?text=%D0%BF%D1%80%D0%BE+%D1%82%D0%BE%D0%BC%D0%BA%D1%83+mime%3Apdf&lr=213" "Opera/9.80 (Windows NT 6.1; U; ru) Presto/2.10.229 Version/11.64"
178.154.163.30 - - [03/Jun/2012:18:27:39 +0600] "GET /content/view/843/52/ HTTP/1.0" 200 5560 "-" "Mozilla/5.0 (compatible; YandexBot/3.0; +http://yandex.com/bots)"
213.180.206.197 - - [03/Jun/2012:18:28:00 +0600] "GET / HTTP/1.0" 200 25363 "-" "Mozilla/5.0 (compatible; YandexMetrika/2.0; +http://yandex.com/bots)"
95.221.34.249 - - [03/Jun/2012:18:28:16 +0600] "GET /files/roditeli/childread2.pdf HTTP/1.0" 200 986862 "http://yandex.ru/yandsearch?text=%D0%BF%D1%80%D0%BE+%D1%82%D0%BE%D0%BC%D0%BA%D1%83+mime%3Apdf&lr=213" "Opera/9.80 (Windows NT 6.1; U; ru) Presto/2.10.229 Version/11.64"
46.47.253.30 - - [03/Jun/2012:18:28:28 +0600] "GET /content/view/643/52/ HTTP/1.0" 200 7957 "http://csdb.ufanet.ru/content/category/7/20/52/" "Opera/9.80 (Windows NT 5.1; U; ru) Presto/2.10.229 Version/11.64"
46.47.253.30 - - [03/Jun/2012:18:29:00 +0600] "GET /content/view/549/52/ HTTP/1.0" 200 5892 "http://csdb.ufanet.ru/content/view/643/52/" "Opera/9.80 (Windows NT 5.1; U; ru) Presto/2.10.229 Version/11.64"
66.249.66.77 - - [03/Jun/2012:18:29:50 +0600] "GET /content/view/989/147/ HTTP/1.0" 200 5544 "-" "Mozilla/5.0 (compatible; Googlebot/2.1; +http://www.google.com/bot.html)"
178.154.163.30 - - [03/Jun/2012:18:32:56 +0600] "GET /content/view/523/210 HTTP/1.0" 200 4389 "-" "Mozilla/5.0 (compatible; YandexBot/3.0; +http://yandex.com/bots)"
66.249.66.77 - - [03/Jun/2012:18:33:58 +0600] "GET /content/view/580/149/ HTTP/1.0" 200 5060 "-" "Mozilla/5.0 (compatible; Googlebot/2.1; +http://www.google.com/bot.html)"
178.154.163.30 - - [03/Jun/2012:18:35:45 +0600] "GET /content/view/549/52/ HTTP/1.0" 200 5931 "-" "Mozilla/5.0 (compatible; YandexBot/3.0; +http://yandex.com/bots)"
178.154.163.30 - - [03/Jun/2012:18:35:48 +0600] "GET /content/view/643/52/ HTTP/1.0" 200 7998 "-" "Mozilla/5.0 (compatible; YandexBot/3.0; +http://yandex.com/bots)"
66.249.66.77 - - [03/Jun/2012:18:37:05 +0600] "GET /index2.php?option=com_content&task=view&id=187&pop=1&page=350&Itemid=66 HTTP/1.0" 200 1508 "-" "Mozilla/5.0 (compatible; Googlebot/2.1; +http://www.google.com/bot.html)"
66.249.71.59 - - [03/Jun/2012:18:37:17 +0600] "GET /content/view/989/132/ HTTP/1.0" 200 5527 "-" "Mozilla/5.0 (compatible; Googlebot/2.1; +http://www.google.com/bot.html)"
66.249.66.77 - - [03/Jun/2012:18:38:32 +0600] "GET /content/view/989/135/ HTTP/1.0" 200 5539 "-" "Mozilla/5.0 (compatible; Googlebot/2.1; +http://www.google.com/bot.html)"
178.154.163.30 - - [03/Jun/2012:18:41:34 +0600] "GET /content/view/727/47/ HTTP/1.0" 200 7239 "-" "Mozilla/5.0 (compatible; YandexBot/3.0; +http://yandex.com/bots)"
66.249.66.77 - - [03/Jun/2012:18:44:07 +0600] "GET /content/view/989/136/ HTTP/1.0" 200 5547 "-" "Mozilla/5.0 (compatible; Googlebot/2.1; +http://www.google.com/bot.html)"
178.154.163.30 - - [03/Jun/2012:18:46:28 +0600] "GET /content/view/829/66/ HTTP/1.0" 200 5747 "-" "Mozilla/5.0 (compatible; YandexBot/3.0; +http://yandex.com/bots)"
66.249.66.77 - - [03/Jun/2012:18:47:39 +0600] "GET /content/view/775/1/ HTTP/1.0" 200 5469 "-" "Mozilla/5.0 (compatible; Googlebot/2.1; +http://www.google.com/bot.html)"
178.154.163.30 - - [03/Jun/2012:18:51:00 +0600] "GET /content/view/976/157/ HTTP/1.0" 200 6963 "-" "Mozilla/5.0 (compatible; YandexBot/3.0; +http://yandex.com/bots)"
178.154.163.30 - - [03/Jun/2012:18:55:59 +0600] "GET /index.php?option=com_registration&task=lostPassword HTTP/1.0" 200 4345 "-" "Mozilla/5.0 (compatible; YandexBot/3.0; +http://yandex.com/bots)"
178.124.200.14 - - [03/Jun/2012:18:57:04 +0600] "GET /content/view/559/234/ HTTP/1.0" 200 6044 "http://yandex.by/yandsearch?text=%D0%BB%D0%B5%D1%82%D0%BE+%D0%B8+%D0%BA%D0%BD%D0%B8%D0%B3%D0%B0+%D0%B2+%D0%B1%D0%B8%D0%B1%D0%BB%D0%B8%D0%BE%D1%82%D0%B5%D0%BA%D0%B0%D1%85&clid=46510&tld=by&lr=153" "Mozilla/5.0 (Windows NT 5.1; rv:12.0) Gecko/20100101 Firefox/12.0"
66.249.66.77 - - [03/Jun/2012:18:59:49 +0600] "GET /index2.php?option=com_content&task=view&id=35&pop=1&page=0 HTTP/1.0" 200 1549 "-" "Mozilla/5.0 (compatible; Googlebot/2.1; +http://www.google.com/bot.html)"
178.154.163.30 - - [03/Jun/2012:19:00:41 +0600] "GET /content/view/66/55/ HTTP/1.0" 200 7352 "-" "Mozilla/5.0 (compatible; YandexBot/3.0; +http://yandex.com/bots)"
178.154.163.30 - - [03/Jun/2012:19:05:39 +0600] "GET /content/view/559/234/ HTTP/1.0" 200 6044 "-" "Mozilla/5.0 (compatible; YandexDirect/3.0; +http://yandex.com/bots)"
178.154.163.30 - - [03/Jun/2012:19:10:10 +0600] "GET /content/view/67/55/ HTTP/1.0" 200 6320 "-" "Mozilla/5.0 (compatible; YandexBot/3.0; +http://yandex.com/bots)"
213.180.206.197 - - [03/Jun/2012:19:14:46 +0600] "GET / HTTP/1.0" 200 25323 "-" "Mozilla/5.0 (compatible; YandexMetrika/2.0; +http://yandex.com/bots)"
178.154.163.30 - - [03/Jun/2012:19:14:52 +0600] "GET /content/view/312/91/ HTTP/1.0" 200 4108 "-" "Mozilla/5.0 (compatible; YandexBot/3.0; +http://yandex.com/bots)"
91.208.20.33 - - [03/Jun/2012:19:16:51 +0600] "GET /content/view/787/66/ HTTP/1.0" 200 5880 "http://www.google.ru/url?sa=t&rct=j&q=%D0%B2%D0%BB%D0%B0%D0%B4%D0%B8%D0%BC%D0%B8%D1%80%20%D0%B2%D1%8B%D1%81%D0%BE%D1%86%D0%BA%D0%B8%D0%B9%20%D1%8F%20%D0%BA%D0%BE%D0%BD%D0%B5%D1%87%D0%BD%D0%BE%20%D0%B2%D0%B5%D1%80%D0%BD%D1%83%D1%81%D1%8C&source=web&cd=18&ved=0CGEQFjAHOAo&url=http%3A%2F%2Fcsdb.ufanet.ru%2Fcontent%2Fview%2F787%2F66%2F&ei=gWPLT_zZCebU4QT9ouT7Dw&usg=AFQjCNHVjqHpH-jrvpJgvPWOnFdnvNHF0A&cad=rjt" "Opera/9.80 (Windows NT 6.1; WOW64; U; Edition Yx; ru) Presto/2.10.229 Version/11.64"
91.208.20.33 - - [03/Jun/2012:19:17:00 +0600] "GET /content/category/14/42/183/ HTTP/1.0" 200 5703 "http://csdb.ufanet.ru/content/view/787/66/" "Opera/9.80 (Windows NT 6.1; WOW64; U; Edition Yx; ru) Presto/2.10.229 Version/11.64"
178.154.163.30 - - [03/Jun/2012:19:18:29 +0600] "GET /content/category/17/53/243/ HTTP/1.0" 200 5448 "-" "Mozilla/5.0 (compatible; YandexBot/3.0; +http://yandex.com/bots)"
66.249.66.77 - - [03/Jun/2012:19:21:53 +0600] "GET /index2.php?option=com_content&task=view&id=47&pop=1&page=0 HTTP/1.0" 200 1805 "-" "Mozilla/5.0 (compatible; Googlebot/2.1; +http://www.google.com/bot.html)"
178.154.163.30 - - [03/Jun/2012:19:22:38 +0600] "GET /content/view/643/52 HTTP/1.0" 200 8000 "-" "Mozilla/5.0 (compatible; YandexBot/3.0; +http://yandex.com/bots)"
66.249.66.77 - - [03/Jun/2012:19:23:08 +0600] "GET /content/view/1001/136/ HTTP/1.0" 200 19255 "-" "Mozilla/5.0 (compatible; Googlebot/2.1; +http://www.google.com/bot.html)"
178.154.163.30 - - [03/Jun/2012:19:27:36 +0600] "GET /content/view/448/66 HTTP/1.0" 200 6408 "-" "Mozilla/5.0 (compatible; YandexBot/3.0; +http://yandex.com/bots)"
178.154.163.30 - - [03/Jun/2012:19:31:34 +0600] "GET /content/view/560/157/ HTTP/1.0" 200 5096 "-" "Mozilla/5.0 (compatible; YandexBot/3.0; +http://yandex.com/bots)"
178.154.163.30 - - [03/Jun/2012:19:32:10 +0600] "GET /content/view/971/1/ HTTP/1.0" 200 5467 "-" "Mozilla/5.0 (compatible; YandexBot/3.0; +http://yandex.com/bots)"
68.233.226.103 - - [03/Jun/2012:19:32:39 +0600] "GET /content/view/793/117/index.php HTTP/1.0" 200 16495 "-" "Mozilla/5.0 (Windows NT 5.1) AppleWebKit/535.2 (KHTML, like Gecko) Chrome/15.0.872.0 Safari/535.2"
178.154.163.30 - - [03/Jun/2012:19:36:16 +0600] "GET /component/option,com_true/Itemid,232/ HTTP/1.0" 200 3725 "-" "Mozilla/5.0 (compatible; YandexBot/3.0; +http://yandex.com/bots)"
178.154.163.30 - - [03/Jun/2012:19:40:17 +0600] "GET /content/view/783/1/ HTTP/1.0" 200 5470 "-" "Mozilla/5.0 (compatible; YandexBot/3.0; +http://yandex.com/bots)"
157.55.16.219 - - [03/Jun/2012:19:41:41 +0600] "GET /content/view/290/156/ HTTP/1.0" 200 10107 "-" "Mozilla/5.0 (compatible; bingbot/2.0; +http://www.bing.com/bingbot.htm)"
178.154.163.30 - - [03/Jun/2012:19:44:20 +0600] "GET /content/view/236/66 HTTP/1.0" 200 5729 "-" "Mozilla/5.0 (compatible; YandexBot/3.0; +http://yandex.com/bots)"
178.154.163.30 - - [03/Jun/2012:19:48:45 +0600] "GET /content/view/723/55/ HTTP/1.0" 200 5088 "-" "Mozilla/5.0 (compatible; YandexBot/3.0; +http://yandex.com/bots)"
157.55.112.226 - - [03/Jun/2012:19:50:57 +0600] "GET /content/view/53/47/ HTTP/1.0" 200 7336 "-" "Mozilla/4.0 (compatible; MSIE 7.0; Windows NT 5.1;  SLCC1;  .NET CLR 1.1.4325;  .NET CLR 2.0.50727;  .NET CLR 3.0.04506.648)"
178.154.163.30 - - [03/Jun/2012:19:52:38 +0600] "GET /content/view/313/211/ HTTP/1.0" 200 4520 "-" "Mozilla/5.0 (compatible; YandexBot/3.0; +http://yandex.com/bots)"
95.153.123.206 - - [03/Jun/2012:19:53:38 +0600] "GET /content/view/747/66/ HTTP/1.0" 200 5932 "http://www.google.md/url?sa=t&rct=j&q=&esrc=s&source=web&cd=46&ved=0CFsQFjAFOCg&url=http%3A%2F%2Fcsdb.ufanet.ru%2Fcontent%2Fview%2F747%2F66%2F&ei=OmzLT4iRMIjb4QTppPke&usg=AFQjCNFWr-xztkvFtNsSF0u9byf-5DHRug&sig2=s4bGzR5uzOR73z-ltaXMjg" "Mozilla/5.0 (Windows NT 5.1) AppleWebKit/536.5 (KHTML, like Gecko) Chrome/19.0.1084.52 Safari/536.5"
213.180.206.197 - - [03/Jun/2012:19:55:37 +0600] "GET / HTTP/1.0" 200 25308 "-" "Mozilla/5.0 (compatible; YandexMetrika/2.0; +http://yandex.com/bots)"
178.154.163.30 - - [03/Jun/2012:19:56:48 +0600] "GET /content/view/459/ HTTP/1.0" 200 4827 "-" "Mozilla/5.0 (compatible; YandexBot/3.0; +http://yandex.com/bots)"
178.154.163.30 - - [03/Jun/2012:20:00:40 +0600] "GET /content/view/137/56/ HTTP/1.0" 200 4444 "-" "Mozilla/5.0 (compatible; YandexBot/3.0; +http://yandex.com/bots)"
80.234.26.39 - - [03/Jun/2012:20:04:23 +0600] "GET /content/view/282/120/ HTTP/1.0" 200 32248 "http://search.conduit.com/Results.aspx?q=%D1%80%D0%B5%D0%BA%D0%BB%D0%B0%D0%BC%D0%B0%20%D0%B1%D0%B8%D0%B1%D0%BB%D0%B8%D0%BE%D1%82%D0%B5%D0%BA%D0%B8%20%D1%81%20%D0%BE%D0%BB%D0%B5-%D0%BB%D1%83%D0%BA%D0%BE%D0%B5&start=20&hl=ru&SearchSource=48&SelfSearch=1&SearchType=SearchWeb&ctid=CT2431200&octid=CT2431200&FollowOn=True" "Mozilla/5.0 (Windows NT 5.1) AppleWebKit/536.5 (KHTML, like Gecko) Chrome/19.0.1084.52 Safari/536.5"
92.224.248.205 - - [03/Jun/2012:20:04:26 +0600] "GET /content/view/845/223/ HTTP/1.0" 200 6167 "http://www.google.com/url?sa=t&rct=j&q=%D0%BA%D0%B0%D0%BC%D0%B8%D0%BB%D0%BB%D0%B8%20%D0%B1%D0%B0%D0%BA%D0%B8%D1%80%D0%BE%D0%B2%D0%B0&source=web&cd=1&ved=0CFEQFjAA&url=http%3A%2F%2Fcsdb.ufanet.ru%2Fcontent%2Fview%2F845%2F223%2F&ei=5m7LT_DJLouMswaT6aGPBw&usg=AFQjCNHPtMT1wGaFjGlTXirCIqz_ZvL31A&cad=rja" "Mozilla/5.0 (Windows NT 6.1; WOW64; rv:12.0) Gecko/20100101 Firefox/12.0"
178.154.163.30 - - [03/Jun/2012:20:04:43 +0600] "GET /goroddetstva/7/5/22/22/MoiKalininskiiRaion.ppt HTTP/1.0" 200 1192448 "-" "Mozilla/5.0 (compatible; YandexBot/3.0; +http://yandex.com/bots)"
178.154.163.30 - - [03/Jun/2012:20:08:37 +0600] "GET /content/view/823/ HTTP/1.0" 200 3989 "-" "Mozilla/5.0 (compatible; YandexBot/3.0; +http://yandex.com/bots)"
83.169.60.25 - - [03/Jun/2012:20:09:06 +0600] "GET / HTTP/1.0" 200 25308 "-" "Mozilla/5.0 (Windows; U; Windows NT 6.0; de; rv:1.9.0.6) Gecko/2009011913 Firefox/3.0.6"
83.169.60.25 - - [03/Jun/2012:20:09:06 +0600] "GET /20e6a4bb032fcfae5d.php HTTP/1.0" 404 299 "-" "Mozilla/5.0 (Windows; U; Windows NT 6.0; de; rv:1.9.0.6) Gecko/2009011913 Firefox/3.0.6"
65.52.109.62 - - [03/Jun/2012:20:09:41 +0600] "GET /content/view/821/120/ HTTP/1.0" 200 5060 "-" "Mozilla/5.0 (compatible; bingbot/2.0; +http://www.bing.com/bingbot.htm)"
178.154.163.30 - - [03/Jun/2012:20:12:31 +0600] "GET /content/view/812/135/ HTTP/1.0" 200 5064 "-" "Mozilla/5.0 (compatible; YandexBot/3.0; +http://yandex.com/bots)"
157.55.17.145 - - [03/Jun/2012:20:13:42 +0600] "GET /index.php?option=com_content&task=view&id=87&Itemid=62 HTTP/1.0" 200 6422 "-" "Mozilla/5.0 (compatible; bingbot/2.0; +http://www.bing.com/bingbot.htm)"
178.154.163.30 - - [03/Jun/2012:20:16:23 +0600] "GET /content/view/128/ HTTP/1.0" 200 11370 "-" "Mozilla/5.0 (compatible; YandexBot/3.0; +http://yandex.com/bots)"
178.154.163.30 - - [03/Jun/2012:20:19:15 +0600] "GET /content/view/322/162/ HTTP/1.0" 200 7321 "-" "Mozilla/5.0 (compatible; YandexBot/3.0; +http://yandex.com/bots)"
178.154.163.30 - - [03/Jun/2012:20:23:25 +0600] "GET /content/view/558/131/ HTTP/1.0" 200 5065 "-" "Mozilla/5.0 (compatible; YandexBot/3.0; +http://yandex.com/bots)"
207.46.194.117 - - [03/Jun/2012:20:26:12 +0600] "GET /content/blogcategory/1/66/ HTTP/1.0" 200 7580 "-" "msnbot-media/1.1 (+http://search.msn.com/msnbot.htm)"
178.154.163.30 - - [03/Jun/2012:20:29:08 +0600] "GET /content/view/648/151/ HTTP/1.0" 200 5064 "-" "Mozilla/5.0 (compatible; YandexBot/3.0; +http://yandex.com/bots)"
66.249.66.77 - - [03/Jun/2012:20:30:14 +0600] "GET /content/view/989/140/ HTTP/1.0" 200 5539 "-" "Mozilla/5.0 (compatible; Googlebot/2.1; +http://www.google.com/bot.html)"
178.154.163.30 - - [03/Jun/2012:20:32:51 +0600] "GET /files/ucazatel/Salavat2.pdf HTTP/1.0" 304 - "-" "Mozilla/5.0 (compatible; YandexBot/3.0; +http://yandex.com/bots)"
207.46.204.181 - - [03/Jun/2012:20:33:41 +0600] "GET / HTTP/1.0" 200 6921 "-" "Mozilla/5.0 (compatible; bingbot/2.0; +http://www.bing.com/bingbot.htm)"
178.154.163.30 - - [03/Jun/2012:20:36:34 +0600] "GET /content/view/775/1/ HTTP/1.0" 200 5469 "-" "Mozilla/5.0 (compatible; YandexBot/3.0; +http://yandex.com/bots)"
213.180.206.197 - - [03/Jun/2012:20:37:12 +0600] "GET / HTTP/1.0" 200 25323 "-" "Mozilla/5.0 (compatible; YandexMetrika/2.0; +http://yandex.com/bots)"
91.194.238.51 - - [03/Jun/2012:20:38:12 +0600] "GET /content/view/258/66/ HTTP/1.0" 200 8025 "http://www.google.ru/url?sa=t&rct=j&q=%D0%BF%D1%80%D0%BE%D0%B5%D0%BA%D1%82%D1%8B+%2C%D0%B8%D0%BD%D0%BD%D0%BE%D0%B2%D0%B0%D1%86%D0%B8%D0%B8+%D0%B2+%D0%B1%D0%B8%D0%B1%D0%BB%D0%B8%D0%BE%D1%82%D0%B5%D0%BA%D0%B5&source=web&cd=5&ved=0CFgQFjAE&url=http%3A%2F%2Fcsdb.ufanet.ru%2Fcontent%2Fview%2F258%2F66%2F&ei=e3bLT_H3Fafb4QSfuoEC&usg=AFQjCNFAEIVB035c323n8qYTw8E38q8uBw&cad=rjt" "Mozilla/5.0 (Windows NT 6.1; rv:10.0.2) Gecko/20100101 Firefox/10.0.2"
91.194.238.51 - - [03/Jun/2012:20:39:49 +0600] "GET /content/view/257/66/ HTTP/1.0" 200 6148 "http://csdb.ufanet.ru/content/view/258/66/" "Mozilla/5.0 (Windows NT 6.1; rv:10.0.2) Gecko/20100101 Firefox/10.0.2"
178.154.163.30 - - [03/Jun/2012:20:40:20 +0600] "GET /content/view/657/144/ HTTP/1.0" 200 5056 "-" "Mozilla/5.0 (compatible; YandexBot/3.0; +http://yandex.com/bots)"
91.194.238.51 - - [03/Jun/2012:20:40:26 +0600] "GET /content/view/982/66/ HTTP/1.0" 200 6100 "http://csdb.ufanet.ru/content/view/257/66/" "Mozilla/5.0 (Windows NT 6.1; rv:10.0.2) Gecko/20100101 Firefox/10.0.2"
91.194.238.51 - - [03/Jun/2012:20:41:38 +0600] "GET /content/view/989/66/ HTTP/1.0" 200 5545 "http://csdb.ufanet.ru/content/view/982/66/" "Mozilla/5.0 (Windows NT 6.1; rv:10.0.2) Gecko/20100101 Firefox/10.0.2"
91.194.238.51 - - [03/Jun/2012:20:41:55 +0600] "GET /content/view/982/66/ HTTP/1.0" 200 6102 "http://csdb.ufanet.ru/content/view/989/66/" "Mozilla/5.0 (Windows NT 6.1; rv:10.0.2) Gecko/20100101 Firefox/10.0.2"
178.154.163.30 - - [03/Jun/2012:20:44:36 +0600] "GET /content/view/823/160/ HTTP/1.0" 200 5098 "-" "Mozilla/5.0 (compatible; YandexBot/3.0; +http://yandex.com/bots)"
178.154.163.30 - - [03/Jun/2012:20:48:16 +0600] "GET /content/view/558/160/ HTTP/1.0" 200 5098 "-" "Mozilla/5.0 (compatible; YandexBot/3.0; +http://yandex.com/bots)"
81.30.184.200 - - [03/Jun/2012:20:52:39 +0600] "GET / HTTP/1.0" 200 6946 "-" "Mozilla/5.0 (X11; Linux i686) AppleWebKit/536.5 (KHTML, like Gecko) Chrome/19.0.1084.52 Safari/536.5"
81.30.184.200 - - [03/Jun/2012:20:52:41 +0600] "GET /images/cgdb.swf HTTP/1.0" 206 1 "http://csdb.ufanet.ru/" "Mozilla/5.0 (X11; Linux i686) AppleWebKit/536.5 (KHTML, like Gecko) Chrome/19.0.1084.52 Safari/536.5"
178.154.163.30 - - [03/Jun/2012:20:52:41 +0600] "GET /content/view/793/107/ HTTP/1.0" 200 5064 "-" "Mozilla/5.0 (compatible; YandexBot/3.0; +http://yandex.com/bots)"
81.30.184.200 - - [03/Jun/2012:20:52:41 +0600] "GET /images/cgdb.swf HTTP/1.0" 206 13732102 "http://csdb.ufanet.ru/" "Mozilla/5.0 (X11; Linux i686) AppleWebKit/536.5 (KHTML, like Gecko) Chrome/19.0.1084.52 Safari/536.5"
81.30.184.200 - - [03/Jun/2012:20:52:42 +0600] "GET /content/view/397/189/ HTTP/1.0" 200 5398 "http://csdb.ufanet.ru/" "Mozilla/5.0 (X11; Linux i686) AppleWebKit/536.5 (KHTML, like Gecko) Chrome/19.0.1084.52 Safari/536.5"
81.30.184.200 - - [03/Jun/2012:20:52:44 +0600] "GET /images/stories/videos/main1.flv HTTP/1.0" 206 1 "http://csdb.ufanet.ru/mambots/content/jw_allvideos/players/mediaplayer_4.0.46.swf" "Mozilla/5.0 (X11; Linux i686) AppleWebKit/536.5 (KHTML, like Gecko) Chrome/19.0.1084.52 Safari/536.5"
81.30.184.200 - - [03/Jun/2012:20:52:44 +0600] "GET /images/stories/videos/main1.flv HTTP/1.0" 206 3556412 "http://csdb.ufanet.ru/mambots/content/jw_allvideos/players/mediaplayer_4.0.46.swf" "Mozilla/5.0 (X11; Linux i686) AppleWebKit/536.5 (KHTML, like Gecko) Chrome/19.0.1084.52 Safari/536.5"
81.30.184.200 - - [03/Jun/2012:20:52:44 +0600] "GET /component/option,com_wrapper/Itemid,246/ HTTP/1.0" 200 4298 "http://csdb.ufanet.ru/content/view/397/189/" "Mozilla/5.0 (X11; Linux i686) AppleWebKit/536.5 (KHTML, like Gecko) Chrome/19.0.1084.52 Safari/536.5"
81.30.184.200 - - [03/Jun/2012:20:52:45 +0600] "GET /cgi-bin/zgate?Init+test.xml,simple.xsl+rus HTTP/1.0" 200 445 "http://csdb.ufanet.ru/component/option,com_wrapper/Itemid,246/" "Mozilla/5.0 (X11; Linux i686) AppleWebKit/536.5 (KHTML, like Gecko) Chrome/19.0.1084.52 Safari/536.5"
66.249.71.59 - - [03/Jun/2012:20:54:11 +0600] "GET /content/view/989/149/ HTTP/1.0" 200 5539 "-" "Mozilla/5.0 (compatible; Googlebot/2.1; +http://www.google.com/bot.html)"
66.249.66.77 - - [03/Jun/2012:20:55:26 +0600] "GET /content/view/202/1/ HTTP/1.0" 200 7664 "-" "Mozilla/5.0 (compatible; Googlebot/2.1; +http://www.google.com/bot.html)"
66.249.71.59 - - [03/Jun/2012:20:55:50 +0600] "GET /content/view/250/1/ HTTP/1.0" 200 7416 "-" "Mozilla/5.0 (compatible; Googlebot/2.1; +http://www.google.com/bot.html)"
178.154.163.30 - - [03/Jun/2012:20:56:25 +0600] "GET /content/view/783/128/ HTTP/1.0" 200 5055 "-" "Mozilla/5.0 (compatible; YandexBot/3.0; +http://yandex.com/bots)"
66.249.66.77 - - [03/Jun/2012:20:56:40 +0600] "GET /content/view/793/ HTTP/1.0" 200 3989 "-" "Mozilla/5.0 (compatible; Googlebot/2.1; +http://www.google.com/bot.html)"
178.154.163.30 - - [03/Jun/2012:21:00:00 +0600] "GET / HTTP/1.0" 200 6947 "-" "Mozilla/5.0 (compatible; YandexBot/3.0; +http://yandex.com/bots)"
66.249.66.77 - - [03/Jun/2012:21:02:02 +0600] "GET /content/view/212/ HTTP/1.0" 200 5868 "-" "Mozilla/5.0 (compatible; Googlebot/2.1; +http://www.google.com/bot.html)"
178.154.163.30 - - [03/Jun/2012:21:03:28 +0600] "GET /content/view/752/192/ HTTP/1.0" 200 5104 "-" "Mozilla/5.0 (compatible; YandexBot/3.0; +http://yandex.com/bots)"
128.72.117.53 - - [03/Jun/2012:21:06:36 +0600] "GET /files/roditeli/childread2.pdf HTTP/1.0" 200 986862 "http://www.google.ru/url?sa=t&rct=j&q=%D0%B8%D0%BD%D1%82%D0%B5%D1%80%D0%B5%D1%81%D0%BD%D1%8B%D0%B5%20%D0%BA%D0%BD%D0%B8%D0%B3%D0%B8%20%D0%B4%D0%BB%D1%8F%20%D0%B4%D0%B5%D1%82%D0%B5%D0%B9%207%20%D0%BB%D0%B5%D1%82&source=web&cd=2&ved=0CJgBEBYwAQ&url=http%3A%2F%2Fcsdb.ufanet.ru%2Ffiles%2Froditeli%2Fchildread2.pdf&ei=dn3LT7-VPMTi4QSUpbRA&usg=AFQjCNFj1-CsxgwSwdRdAhINaWbyqvwKBA&cad=rjt" "Mozilla/4.0 (compatible; MSIE 8.0; Windows NT 6.1; Trident/4.0; GTB7.3; MRSPUTNIK 2, 4, 0, 516; MRA 5.10 (build 5339); SLCC2; .NET CLR 2.0.50727; .NET CLR 3.5.30729; .NET CLR 3.0.30729; Media Center PC 6.0; .NET4.0C)"
128.72.117.53 - - [03/Jun/2012:21:06:41 +0600] "GET /files/roditeli/childread2.pdf HTTP/1.0" 206 984282 "http://www.google.ru/url?sa=t&rct=j&q=%D0%B8%D0%BD%D1%82%D0%B5%D1%80%D0%B5%D1%81%D0%BD%D1%8B%D0%B5%20%D0%BA%D0%BD%D0%B8%D0%B3%D0%B8%20%D0%B4%D0%BB%D1%8F%20%D0%B4%D0%B5%D1%82%D0%B5%D0%B9%207%20%D0%BB%D0%B5%D1%82&source=web&cd=2&ved=0CJgBEBYwAQ&url=http%3A%2F%2Fcsdb.ufanet.ru%2Ffiles%2Froditeli%2Fchildread2.pdf&ei=dn3LT7-VPMTi4QSUpbRA&usg=AFQjCNFj1-CsxgwSwdRdAhINaWbyqvwKBA&cad=rjt" "Mozilla/4.0 (compatible; MSIE 8.0; Windows NT 6.1; Trident/4.0; GTB7.3; MRSPUTNIK 2, 4, 0, 516; MRA 5.10 (build 5339); SLCC2; .NET CLR 2.0.50727; .NET CLR 3.5.30729; .NET CLR 3.0.30729; Media Center PC 6.0; .NET4.0C)"
81.30.184.200 - - [03/Jun/2012:21:07:02 +0600] "GET / HTTP/1.0" 200 6945 "-" "Mozilla/5.0 (X11; Linux i686) AppleWebKit/536.5 (KHTML, like Gecko) Chrome/19.0.1084.52 Safari/536.5"
81.30.184.200 - - [03/Jun/2012:21:07:04 +0600] "GET /images/cgdb.swf HTTP/1.0" 206 1 "http://csdb.ufanet.ru/" "Mozilla/5.0 (X11; Linux i686) AppleWebKit/536.5 (KHTML, like Gecko) Chrome/19.0.1084.52 Safari/536.5"
81.30.184.200 - - [03/Jun/2012:21:07:04 +0600] "GET /images/cgdb.swf HTTP/1.0" 206 13105251 "http://csdb.ufanet.ru/" "Mozilla/5.0 (X11; Linux i686) AppleWebKit/536.5 (KHTML, like Gecko) Chrome/19.0.1084.52 Safari/536.5"
81.30.184.200 - - [03/Jun/2012:21:07:15 +0600] "GET / HTTP/1.0" 200 6945 "-" "Mozilla/5.0 (X11; Linux i686) AppleWebKit/536.5 (KHTML, like Gecko) Chrome/19.0.1084.52 Safari/536.5"
81.30.184.200 - - [03/Jun/2012:21:07:16 +0600] "GET /images/cgdb.swf HTTP/1.0" 206 1 "http://csdb.ufanet.ru/" "Mozilla/5.0 (X11; Linux i686) AppleWebKit/536.5 (KHTML, like Gecko) Chrome/19.0.1084.52 Safari/536.5"
81.30.184.200 - - [03/Jun/2012:21:07:17 +0600] "GET /images/cgdb.swf HTTP/1.0" 206 5022300 "http://csdb.ufanet.ru/" "Mozilla/5.0 (X11; Linux i686) AppleWebKit/536.5 (KHTML, like Gecko) Chrome/19.0.1084.52 Safari/536.5"
178.154.163.30 - - [03/Jun/2012:21:07:27 +0600] "GET /content/view/288/ HTTP/1.0" 200 38524 "-" "Mozilla/5.0 (compatible; YandexBot/3.0; +http://yandex.com/bots)"
66.249.66.77 - - [03/Jun/2012:21:07:39 +0600] "GET /content/view/695/108/ HTTP/1.0" 200 5067 "-" "Mozilla/5.0 (compatible; Googlebot/2.1; +http://www.google.com/bot.html)"
66.249.66.77 - - [03/Jun/2012:21:09:03 +0600] "GET /content/blogcategory/1/66/5/90/ HTTP/1.0" 200 7802 "-" "Mozilla/5.0 (compatible; Googlebot/2.1; +http://www.google.com/bot.html)"
66.249.66.77 - - [03/Jun/2012:21:09:28 +0600] "GET /content/view/773/ HTTP/1.0" 200 3989 "-" "Mozilla/5.0 (compatible; Googlebot/2.1; +http://www.google.com/bot.html)"
66.249.66.77 - - [03/Jun/2012:21:10:42 +0600] "GET /content/view/793/158/ HTTP/1.0" 200 5067 "-" "Mozilla/5.0 (compatible; Googlebot/2.1; +http://www.google.com/bot.html)"
178.154.163.30 - - [03/Jun/2012:21:10:58 +0600] "GET /content/view/752/153/ HTTP/1.0" 200 5056 "-" "Mozilla/5.0 (compatible; YandexBot/3.0; +http://yandex.com/bots)"
178.154.163.30 - - [03/Jun/2012:21:14:27 +0600] "GET /content/view/821/239/ HTTP/1.0" 200 3005 "-" "Mozilla/5.0 (compatible; YandexBot/3.0; +http://yandex.com/bots)"
213.180.206.197 - - [03/Jun/2012:21:15:11 +0600] "GET / HTTP/1.0" 200 25358 "-" "Mozilla/5.0 (compatible; YandexMetrika/2.0; +http://yandex.com/bots)"
66.249.66.77 - - [03/Jun/2012:21:17:18 +0600] "GET /content/view/212/1/ HTTP/1.0" 200 7351 "-" "Mozilla/5.0 (compatible; Googlebot/2.1; +http://www.google.com/bot.html)"
178.154.163.30 - - [03/Jun/2012:21:18:05 +0600] "GET /content/view/728/113/ HTTP/1.0" 200 5059 "-" "Mozilla/5.0 (compatible; YandexBot/3.0; +http://yandex.com/bots)"
66.249.66.77 - - [03/Jun/2012:21:18:07 +0600] "GET /content/view/811/112/ HTTP/1.0" 200 5067 "-" "Mozilla/5.0 (compatible; Googlebot/2.1; +http://www.google.com/bot.html)"
46.33.234.126 - - [03/Jun/2012:21:21:09 +0600] "GET /content/blogcategory/1/66/ HTTP/1.0" 200 7627 "-" "Mozilla/5.0 (Windows NT 6.1) AppleWebKit/536.5 (KHTML, like Gecko) Chrome/19.0.1084.52 Safari/536.5"
66.249.66.77 - - [03/Jun/2012:21:21:19 +0600] "GET /index2.php?option=com_content&task=view&id=550&pop=1&page=175&Itemid=66 HTTP/1.0" 200 2352 "-" "Mozilla/5.0 (compatible; Googlebot/2.1; +http://www.google.com/bot.html)"
178.154.163.30 - - [03/Jun/2012:21:21:31 +0600] "GET /content/view/454/144/ HTTP/1.0" 200 5058 "-" "Mozilla/5.0 (compatible; YandexBot/3.0; +http://yandex.com/bots)"
178.154.163.30 - - [03/Jun/2012:21:24:43 +0600] "GET /content/view/561/149/ HTTP/1.0" 200 5061 "-" "Mozilla/5.0 (compatible; YandexBot/3.0; +http://yandex.com/bots)"
77.222.116.85 - - [03/Jun/2012:21:26:51 +0600] "GET /content/view/91/62/ HTTP/1.0" 200 7863 "http://www.google.ru/url?sa=t&rct=j&q=%D0%B7%D0%B0%D0%B3%D0%B0%D0%B4%D0%BA%D0%B8%20%D0%BE%20%D0%B4%D0%BE%D1%80%D0%BE%D0%B6%D0%BD%D1%8B%D1%85%20%D0%B7%D0%BD%D0%B0%D0%BA%D0%B0%D1%85&source=web&cd=90&ved=0CFwQFjAJOFA&url=http%3A%2F%2Fcsdb.ufanet.ru%2Fcontent%2Fview%2F91%2F62%2F&ei=4YHLT4umMtGa-wah1b1g&usg=AFQjCNFhIFGoxjwiEl3q0h2yv7ZYS6JpEA&cad=rjt" "Mozilla/5.0 (Windows NT 5.1) AppleWebKit/536.5 (KHTML, like Gecko) Chrome/19.0.1084.52 Safari/536.5"
68.233.226.103 - - [03/Jun/2012:21:27:31 +0600] "GET /content/view/793/117/index.php?option=com_contact&Itemid=3 HTTP/1.0" 200 16495 "-" "Mozilla/5.0 (Windows NT 5.1) AppleWebKit/535.2 (KHTML, like Gecko) Chrome/15.0.872.0 Safari/535.2"
178.154.163.30 - - [03/Jun/2012:21:28:10 +0600] "GET /content/view/831/1/ HTTP/1.0" 200 5466 "-" "Mozilla/5.0 (compatible; YandexBot/3.0; +http://yandex.com/bots)"
66.249.66.77 - - [03/Jun/2012:21:30:34 +0600] "GET /content/view/811/146/ HTTP/1.0" 200 5066 "-" "Mozilla/5.0 (compatible; Googlebot/2.1; +http://www.google.com/bot.html)"
178.154.163.30 - - [03/Jun/2012:21:31:37 +0600] "GET /content/view/405/160/ HTTP/1.0" 200 5094 "-" "Mozilla/5.0 (compatible; YandexBot/3.0; +http://yandex.com/bots)"
66.249.66.77 - - [03/Jun/2012:21:31:44 +0600] "GET /content/view/775/128/ HTTP/1.0" 200 5052 "-" "Mozilla/5.0 (compatible; Googlebot/2.1; +http://www.google.com/bot.html)"
66.249.66.77 - - [03/Jun/2012:21:32:58 +0600] "GET /content/view/403/123/ HTTP/1.0" 200 5079 "-" "Mozilla/5.0 (compatible; Googlebot/2.1; +http://www.google.com/bot.html)"
81.30.184.200 - - [03/Jun/2012:21:34:38 +0600] "GET / HTTP/1.0" 200 6944 "-" "Mozilla/5.0 (X11; Linux i686) AppleWebKit/536.5 (KHTML, like Gecko) Chrome/19.0.1084.52 Safari/536.5"
178.154.163.30 - - [03/Jun/2012:21:35:08 +0600] "GET /content/view/695/122/ HTTP/1.0" 200 5075 "-" "Mozilla/5.0 (compatible; YandexBot/3.0; +http://yandex.com/bots)"
66.249.71.59 - - [03/Jun/2012:21:36:16 +0600] "GET /content/view/405/147/ HTTP/1.0" 200 5065 "-" "Mozilla/5.0 (compatible; Googlebot/2.1; +http://www.google.com/bot.html)"
178.154.163.30 - - [03/Jun/2012:21:38:39 +0600] "GET /content/view/648/47/ HTTP/1.0" 200 5079 "-" "Mozilla/5.0 (compatible; YandexBot/3.0; +http://yandex.com/bots)"
178.154.163.30 - - [03/Jun/2012:21:42:30 +0600] "GET /content/view/410/144/ HTTP/1.0" 200 5056 "-" "Mozilla/5.0 (compatible; YandexBot/3.0; +http://yandex.com/bots)"
66.249.66.77 - - [03/Jun/2012:21:42:52 +0600] "GET /content/view/52/47/ HTTP/1.0" 200 6545 "-" "Mozilla/5.0 (compatible; Googlebot/2.1; +http://www.google.com/bot.html)"
93.78.120.202 - - [03/Jun/2012:21:43:28 +0600] "GET /index.php HTTP/1.0" 200 25358 "-" "DLE_Spider.exe"
93.78.120.202 - - [03/Jun/2012:21:43:29 +0600] "GET / HTTP/1.0" 200 25359 "-" "DLE_Spider.exe"
66.249.66.77 - - [03/Jun/2012:21:44:30 +0600] "GET /content/view/558/124/ HTTP/1.0" 200 5065 "-" "Mozilla/5.0 (compatible; Googlebot/2.1; +http://www.google.com/bot.html)"
66.249.71.59 - - [03/Jun/2012:21:45:12 +0600] "GET /index2.php?option=com_content&task=view&id=641&pop=1&page=0&Itemid=5 HTTP/1.0" 200 1384 "-" "Mozilla/5.0 (compatible; Googlebot/2.1; +http://www.google.com/bot.html)"
178.154.163.30 - - [03/Jun/2012:21:45:55 +0600] "GET /content/view/697/90/ HTTP/1.0" 200 3558 "-" "Mozilla/5.0 (compatible; YandexBot/3.0; +http://yandex.com/bots)"
66.249.66.77 - - [03/Jun/2012:21:46:35 +0600] "GET /content/view/558/219/ HTTP/1.0" 200 5058 "-" "Mozilla/5.0 (compatible; Googlebot/2.1; +http://www.google.com/bot.html)"
66.249.71.59 - - [03/Jun/2012:21:47:04 +0600] "GET /content/view/752/123/ HTTP/1.0" 200 5078 "-" "Mozilla/5.0 (compatible; Googlebot/2.1; +http://www.google.com/bot.html)"
94.41.31.105 - - [03/Jun/2012:21:49:13 +0600] "GET / HTTP/1.0" 200 6945 "-" "Mozilla/5.0 (Windows NT 6.1; WOW64) AppleWebKit/536.5 (KHTML, like Gecko) Chrome/19.0.1084.52 Safari/536.5"
178.154.163.30 - - [03/Jun/2012:21:49:20 +0600] "GET /content/view/819/116/ HTTP/1.0" 200 5060 "-" "Mozilla/5.0 (compatible; YandexBot/3.0; +http://yandex.com/bots)"
94.41.31.105 - - [03/Jun/2012:21:49:24 +0600] "GET /content/blogcategory/1/66/ HTTP/1.0" 200 7627 "http://csdb.ufanet.ru/" "Mozilla/5.0 (Windows NT 6.1; WOW64) AppleWebKit/536.5 (KHTML, like Gecko) Chrome/19.0.1084.52 Safari/536.5"
