66.249.66.77 - - [05/Jun/2012:22:20:07 +0600] "GET /content/view/467/1/ HTTP/1.0" 200 6587 "-" "Mozilla/5.0 (compatible; Googlebot/2.1; +http://www.google.com/bot.html)"
178.154.163.30 - - [05/Jun/2012:22:20:22 +0600] "GET /index2.php?option=com_content&task=view&id=432&pop=1&page=0&Itemid=216 HTTP/1.0" 200 1396 "-" "Mozilla/5.0 (compatible; YandexBot/3.0; +http://yandex.com/bots)"
212.113.37.106 - - [05/Jun/2012:22:20:44 +0600] "GET /content/view/989/105/ HTTP/1.0" 200 5561 "-" "Mozilla/5.0 (compatible; AhrefsBot/3.0; +http://ahrefs.com/robot/)"
178.187.222.170 - - [05/Jun/2012:22:21:05 +0600] "GET /content/view/145/66/ HTTP/1.0" 200 7794 "http://go.mail.ru/search?q=%D0%B4%D0%B5%D1%82%D1%81%D0%BA%D0%B8%D0%B5+%D0%B1%D0%B8%D0%B1%D0%BB%D0%B8%D0%BE%D1%82%D0%B5%D0%BA%D0%B8+%D0%BE%D1%84%D0%BE%D1%80%D0%BC%D0%BB%D0%B5%D0%BD%D0%B8%D0%B5" "Mozilla/5.0 (Windows NT 5.1) AppleWebKit/536.5 (KHTML, like Gecko) Chrome/19.0.1084.52 Safari/536.5"
178.187.222.170 - - [05/Jun/2012:22:22:07 +0600] "GET /content/view/976/66/ HTTP/1.0" 200 6988 "http://csdb.ufanet.ru/content/view/145/66/" "Mozilla/5.0 (Windows NT 5.1) AppleWebKit/536.5 (KHTML, like Gecko) Chrome/19.0.1084.52 Safari/536.5"
178.154.163.30 - - [05/Jun/2012:22:23:58 +0600] "GET /index2.php?option=com_content&task=view&id=321&pop=1&page=0&Itemid=100 HTTP/1.0" 200 3264 "-" "Mozilla/5.0 (compatible; YandexBot/3.0; +http://yandex.com/bots)"
66.249.66.77 - - [05/Jun/2012:22:25:22 +0600] "GET /content/view/695/137/ HTTP/1.0" 200 5092 "-" "Mozilla/5.0 (compatible; Googlebot/2.1; +http://www.google.com/bot.html)"
213.180.206.197 - - [05/Jun/2012:22:26:16 +0600] "GET / HTTP/1.0" 200 24029 "-" "Mozilla/5.0 (compatible; YandexMetrika/2.0; +http://yandex.com/bots)"
212.113.37.105 - - [05/Jun/2012:22:27:04 +0600] "GET /index2.php?option=com_content&task=view&id=533&pop=1&page=0&Itemid=1 HTTP/1.0" 200 1677 "-" "Mozilla/5.0 (compatible; AhrefsBot/3.0; +http://ahrefs.com/robot/)"
213.186.119.135 - - [05/Jun/2012:22:27:32 +0600] "GET /content/view/324/165/ HTTP/1.0" 200 6409 "-" "Mozilla/5.0 (compatible; AhrefsBot/3.0; +http://ahrefs.com/robot/)"
178.154.163.30 - - [05/Jun/2012:22:27:41 +0600] "GET /content/view/547/66/ HTTP/1.0" 200 5650 "-" "Mozilla/5.0 (compatible; YandexBot/3.0; +http://yandex.com/bots)"
213.186.119.142 - - [05/Jun/2012:22:27:59 +0600] "GET /index2.php?option=com_content&task=view&id=811&pop=1&page=0&Itemid=1 HTTP/1.0" 200 560 "-" "Mozilla/5.0 (compatible; AhrefsBot/3.0; +http://ahrefs.com/robot/)"
213.186.122.2 - - [05/Jun/2012:22:28:55 +0600] "GET /index2.php?option=com_content&task=view&id=969&pop=1&page=0&Itemid=1 HTTP/1.0" 200 560 "-" "Mozilla/5.0 (compatible; AhrefsBot/3.0; +http://ahrefs.com/robot/)"
66.249.66.77 - - [05/Jun/2012:22:29:30 +0600] "GET /content/view/239/1/ HTTP/1.0" 200 6807 "-" "Mozilla/5.0 (compatible; Googlebot/2.1; +http://www.google.com/bot.html)"
213.186.122.2 - - [05/Jun/2012:22:29:54 +0600] "GET /index2.php?option=com_content&task=view&id=982&pop=1&page=0&Itemid=1 HTTP/1.0" 200 1718 "-" "Mozilla/5.0 (compatible; AhrefsBot/3.0; +http://ahrefs.com/robot/)"
213.186.119.143 - - [05/Jun/2012:22:30:27 +0600] "GET /content/view/794/183/ HTTP/1.0" 200 5677 "-" "Mozilla/5.0 (compatible; AhrefsBot/3.0; +http://ahrefs.com/robot/)"
178.154.163.30 - - [05/Jun/2012:22:31:37 +0600] "GET /index2.php?option=com_content&task=view&id=45&pop=1&page=0&Itemid=194 HTTP/1.0" 200 1297 "-" "Mozilla/5.0 (compatible; YandexBot/3.0; +http://yandex.com/bots)"
213.186.122.3 - - [05/Jun/2012:22:31:44 +0600] "GET /index2.php?option=com_content&task=view&id=987&pop=1&page=0&Itemid=66 HTTP/1.0" 200 1830 "-" "Mozilla/5.0 (compatible; AhrefsBot/3.0; +http://ahrefs.com/robot/)"
66.249.66.77 - - [05/Jun/2012:22:32:03 +0600] "GET /content/view/296/67/ HTTP/1.0" 200 4341 "-" "Mozilla/5.0 (compatible; Googlebot/2.1; +http://www.google.com/bot.html)"
213.186.119.134 - - [05/Jun/2012:22:32:43 +0600] "GET /index2.php?option=com_content&task=view&id=988&pop=1&page=0&Itemid=66 HTTP/1.0" 200 1664 "-" "Mozilla/5.0 (compatible; AhrefsBot/3.0; +http://ahrefs.com/robot/)"
213.186.127.10 - - [05/Jun/2012:22:33:11 +0600] "GET /content/blogcategory/1/66/5/45/ HTTP/1.0" 200 6903 "-" "Mozilla/5.0 (compatible; AhrefsBot/3.0; +http://ahrefs.com/robot/)"
212.113.37.106 - - [05/Jun/2012:22:33:36 +0600] "GET /index2.php?option=com_content&task=view&id=990&pop=1&page=0&Itemid=66 HTTP/1.0" 200 1941 "-" "Mozilla/5.0 (compatible; AhrefsBot/3.0; +http://ahrefs.com/robot/)"
213.186.119.134 - - [05/Jun/2012:22:35:03 +0600] "GET /content/view/367/52/ HTTP/1.0" 200 5733 "-" "Mozilla/5.0 (compatible; AhrefsBot/3.0; +http://ahrefs.com/robot/)"
213.186.127.10 - - [05/Jun/2012:22:35:27 +0600] "GET /index2.php?option=com_content&task=view&id=992&pop=1&page=0&Itemid=66 HTTP/1.0" 200 1410 "-" "Mozilla/5.0 (compatible; AhrefsBot/3.0; +http://ahrefs.com/robot/)"
178.154.163.30 - - [05/Jun/2012:22:35:32 +0600] "GET /files/ucazatel/Zochenko.pdf HTTP/1.0" 304 - "-" "Mozilla/5.0 (compatible; YandexBot/3.0; +http://yandex.com/bots)"
213.186.127.4 - - [05/Jun/2012:22:36:58 +0600] "GET /content/blogcategory/1/66/5/15/ HTTP/1.0" 200 7524 "-" "Mozilla/5.0 (compatible; AhrefsBot/3.0; +http://ahrefs.com/robot/)"
207.46.194.76 - - [05/Jun/2012:22:38:43 +0600] "GET /content/view/384/161/ HTTP/1.0" 200 5830 "-" "msnbot-media/1.1 (+http://search.msn.com/msnbot.htm)"
66.249.66.77 - - [05/Jun/2012:22:38:52 +0600] "GET /content/view/704/158/ HTTP/1.0" 200 5093 "-" "Mozilla/5.0 (compatible; Googlebot/2.1; +http://www.google.com/bot.html)"
68.233.226.103 - - [05/Jun/2012:22:38:57 +0600] "GET /content/view/794/107/content/view/795/1/ HTTP/1.0" 200 18347 "-" "Mozilla/5.0 (Windows NT 5.1) AppleWebKit/535.2 (KHTML, like Gecko) Chrome/15.0.872.0 Safari/535.2"
66.249.71.59 - - [05/Jun/2012:22:39:17 +0600] "GET /content/view/775/235/ HTTP/1.0" 200 4143 "-" "Mozilla/5.0 (compatible; Googlebot/2.1; +http://www.google.com/bot.html)"
178.154.163.30 - - [05/Jun/2012:22:40:19 +0600] "GET /index2.php?option=com_content&task=view&id=542&pop=1&page=1&Itemid=183 HTTP/1.0" 200 2469 "-" "Mozilla/5.0 (compatible; YandexBot/3.0; +http://yandex.com/bots)"
66.249.66.77 - - [05/Jun/2012:22:42:43 +0600] "GET /content/view/723/107/ HTTP/1.0" 200 5093 "-" "Mozilla/5.0 (compatible; Googlebot/2.1; +http://www.google.com/bot.html)"
94.233.185.180 - - [05/Jun/2012:22:42:49 +0600] "GET /files/ucazatel/Mumitrol.pdf HTTP/1.0" 200 634741 "http://yandex.ru/yandsearch?text=%D0%A1%D0%BA%D0%B0%D0%B7%D0%BA%D0%B8+%D0%A2.%D0%AF%D0%BD%D1%81%D1%81%D0%BE%D0%BD+%D0%9C%D1%83%D0%BC%D0%B8-%D0%A2%D1%80%D0%BE%D0%BB%D0%BB%D1%8C+%D0%B8+%D1%81%D1%82%D1%80%D0%B0%D1%88%D0%BD%D0%B0%D1%8F+%D0%BA%D0%B0%D0%BC%D0%B5%D1%82%D0%B0&lr=37" "Opera/9.80 (Windows NT 6.1; U; Edition Yx; MRA 5.8 (build 4598); ru) Presto/2.10.229 Version/11.64"
178.154.163.30 - - [05/Jun/2012:22:44:36 +0600] "GET /index2.php?option=com_content&task=view&id=285&pop=1&page=0&Itemid=147 HTTP/1.0" 200 2141 "-" "Mozilla/5.0 (compatible; YandexBot/3.0; +http://yandex.com/bots)"
46.191.176.180 - - [05/Jun/2012:22:45:38 +0600] "GET / HTTP/1.0" 200 6444 "-" "Mozilla/5.0 (X11; Linux i686) AppleWebKit/536.5 (KHTML, like Gecko) Chrome/19.0.1084.52 Safari/536.5"
46.191.176.180 - - [05/Jun/2012:22:45:42 +0600] "GET /mb38/ HTTP/1.0" 200 14902 "http://csdb.ufanet.ru/" "Mozilla/5.0 (X11; Linux i686) AppleWebKit/536.5 (KHTML, like Gecko) Chrome/19.0.1084.52 Safari/536.5"
46.191.176.180 - - [05/Jun/2012:22:45:42 +0600] "GET /images/mb/img38/free_access.swf HTTP/1.0" 200 7947129 "http://csdb.ufanet.ru/mb38/" "Mozilla/5.0 (X11; Linux i686) AppleWebKit/536.5 (KHTML, like Gecko) Chrome/19.0.1084.52 Safari/536.5"
213.186.127.14 - - [05/Jun/2012:22:46:17 +0600] "GET /content/view/387/192/ HTTP/1.0" 200 6137 "-" "Mozilla/5.0 (compatible; AhrefsBot/3.0; +http://ahrefs.com/robot/)"
213.186.127.13 - - [05/Jun/2012:22:48:10 +0600] "GET /content/category/2/14/157/ HTTP/1.0" 200 6052 "-" "Mozilla/5.0 (compatible; AhrefsBot/3.0; +http://ahrefs.com/robot/)"
212.92.237.170 - - [05/Jun/2012:22:48:31 +0600] "GET /content/view/643/52/ HTTP/1.0" 200 8023 "-" "Mozilla/5.0 (Windows NT 6.1) AppleWebKit/536.5 (KHTML, like Gecko) Chrome/19.0.1084.52 Safari/536.5"
66.249.66.77 - - [05/Jun/2012:22:48:40 +0600] "GET /content/view/916/66/ HTTP/1.0" 200 6180 "-" "Mozilla/5.0 (compatible; Googlebot/2.1; +http://www.google.com/bot.html)"
178.154.163.30 - - [05/Jun/2012:22:49:23 +0600] "GET /content/view/565/66/ HTTP/1.0" 200 5853 "-" "Mozilla/5.0 (compatible; YandexBot/3.0; +http://yandex.com/bots)"
213.186.119.135 - - [05/Jun/2012:22:50:03 +0600] "GET /content/view/389/183/ HTTP/1.0" 200 6542 "-" "Mozilla/5.0 (compatible; AhrefsBot/3.0; +http://ahrefs.com/robot/)"
212.113.37.106 - - [05/Jun/2012:22:50:52 +0600] "GET /content/view/970/55/ HTTP/1.0" 200 5125 "-" "Mozilla/5.0 (compatible; AhrefsBot/3.0; +http://ahrefs.com/robot/)"
213.186.127.28 - - [05/Jun/2012:22:51:55 +0600] "GET /content/blogcategory/1/66/5/10/ HTTP/1.0" 200 7744 "-" "Mozilla/5.0 (compatible; AhrefsBot/3.0; +http://ahrefs.com/robot/)"
94.41.36.39 - - [05/Jun/2012:22:52:49 +0600] "GET /content/view/204/47/ HTTP/1.0" 200 10203 "http://www.google.ru/url?sa=t&rct=j&q=%D1%84%D0%BE%D1%80%D0%BC%D0%B8%D1%80%D0%BE%D0%B2%D0%B0%D0%BD%D0%B8%D0%B5%20%D1%82%D0%BE%D0%BB%D0%B5%D1%80%D0%B0%D0%BD%D1%82%D0%BD%D0%BE%D0%B3%D0%BE%20%D0%BF%D1%80%D0%B0%D0%B2%D0%BE%D1%81%D0%BE%D0%B7%D0%BD%D0%B0%D0%BD%D0%B8%D1%8F%20%20%D0%B2%20%D1%81%D0%BE%D0%B2%D1%80%D0%B5%D0%BC%D0%B5%D0%BD%D0%BD%D0%BE%D0%B9%20%D1%80%D0%BE%D1%81%D1%81%D0%B8%D0%B8&source=web&cd=9&ved=0CFsQFjAI&url=http%3A%2F%2Fcsdb.ufanet.ru%2Fcontent%2Fview%2F204%2F47%2F&ei=SjnOT4rbEubU4QT37viNDA&usg=AFQjCNHq-a7xRJ0ytVIeOUW6Qa9yO1lXKg&cad=rjt" "Mozilla/5.0 (Windows NT 6.1; rv:12.0) Gecko/20100101 Firefox/12.0"
178.154.163.30 - - [05/Jun/2012:22:53:51 +0600] "GET /content/view/545/183/1/4/ HTTP/1.0" 200 6325 "-" "Mozilla/5.0 (compatible; YandexBot/3.0; +http://yandex.com/bots)"
65.52.104.19 - - [05/Jun/2012:22:53:56 +0600] "GET /content/blogcategory/1/66/5/20/ HTTP/1.0" 200 7541 "-" "Mozilla/5.0 (compatible; bingbot/2.0; +http://www.bing.com/bingbot.htm)"
213.186.127.11 - - [05/Jun/2012:22:54:36 +0600] "GET /content/view/976/183/ HTTP/1.0" 200 6987 "-" "Mozilla/5.0 (compatible; AhrefsBot/3.0; +http://ahrefs.com/robot/)"
213.186.122.2 - - [05/Jun/2012:22:55:41 +0600] "GET /content/category/6/27/53/ HTTP/1.0" 200 5468 "-" "Mozilla/5.0 (compatible; AhrefsBot/3.0; +http://ahrefs.com/robot/)"
65.52.110.200 - - [05/Jun/2012:22:55:53 +0600] "GET /content/blogcategory/1/66/5/40/ HTTP/1.0" 200 7224 "-" "Mozilla/5.0 (compatible; bingbot/2.0; +http://www.bing.com/bingbot.htm)"
213.186.127.14 - - [05/Jun/2012:22:57:32 +0600] "GET /content/view/393/183/ HTTP/1.0" 200 6483 "-" "Mozilla/5.0 (compatible; AhrefsBot/3.0; +http://ahrefs.com/robot/)"
178.154.163.30 - - [05/Jun/2012:22:57:44 +0600] "GET /index2.php?option=com_content&task=view&id=88&pop=1&page=0&Itemid=106 HTTP/1.0" 200 13782 "-" "Mozilla/5.0 (compatible; YandexBot/3.0; +http://yandex.com/bots)"
213.186.119.135 - - [05/Jun/2012:22:58:19 +0600] "GET /content/view/976/52/ HTTP/1.0" 200 6989 "-" "Mozilla/5.0 (compatible; AhrefsBot/3.0; +http://ahrefs.com/robot/)"
37.112.27.213 - - [05/Jun/2012:22:58:27 +0600] "GET / HTTP/1.0" 200 6404 "http://yandex.ru/yandsearch?text=csdb.ufanet.ru&lr=213" "Opera/9.80 (Windows NT 5.1; U; ru) Presto/2.6.30 Version/10.63"
37.112.27.213 - - [05/Jun/2012:22:58:28 +0600] "GET /images/cgdb.swf HTTP/1.0" 200 19792297 "http://csdb.ufanet.ru/" "Opera/9.80 (Windows NT 5.1; U; ru) Presto/2.6.30 Version/10.63"
212.113.35.162 - - [05/Jun/2012:22:59:25 +0600] "GET /content/blogcategory/1/66/5/35/ HTTP/1.0" 200 7137 "-" "Mozilla/5.0 (compatible; AhrefsBot/3.0; +http://ahrefs.com/robot/)"
213.180.206.197 - - [05/Jun/2012:23:01:01 +0600] "GET / HTTP/1.0" 200 23989 "-" "Mozilla/5.0 (compatible; YandexMetrika/2.0; +http://yandex.com/bots)"
178.154.163.30 - - [05/Jun/2012:23:01:56 +0600] "GET /content/view/793/66/ HTTP/1.0" 200 5124 "-" "Mozilla/5.0 (compatible; YandexBot/3.0; +http://yandex.com/bots)"
65.52.110.201 - - [05/Jun/2012:23:04:16 +0600] "GET /content/view/970/47/ HTTP/1.0" 200 5112 "-" "Mozilla/5.0 (compatible; bingbot/2.0; +http://www.bing.com/bingbot.htm)"
178.154.163.30 - - [05/Jun/2012:23:04:22 +0600] "GET /index2.php?option=com_content&task=view&id=521&pop=1&page=1&Itemid=183 HTTP/1.0" 200 3512 "-" "Mozilla/5.0 (compatible; YandexBot/3.0; +http://yandex.com/bots)"
178.154.163.30 - - [05/Jun/2012:23:09:10 +0600] "GET /index2.php?option=com_content&task=view&id=13&pop=1&page=0&Itemid=160 HTTP/1.0" 200 1781 "-" "Mozilla/5.0 (compatible; YandexBot/3.0; +http://yandex.com/bots)"
66.249.66.77 - - [05/Jun/2012:23:09:57 +0600] "GET /content/view/882/1/ HTTP/1.0" 200 6376 "-" "Mozilla/5.0 (compatible; Googlebot/2.1; +http://www.google.com/bot.html)"
94.41.226.244 - - [05/Jun/2012:23:10:06 +0600] "GET / HTTP/1.0" 200 6404 "http://nova.rambler.ru/search?btnG=%D0%9D%D0%B0%D0%B9%D1%82%D0%B8%21&query=%D1%86%D0%B5%D0%BD%D1%82%D1%80%D0%B0%D0%BB%D1%8C%D0%BD%D0%B0%D1%8F+%D0%B3%D0%BE%D1%80%D0%BE%D0%B4%D1%81%D0%BA%D0%B0%D1%8F+%D0%B1%D0%B8%D0%B1%D0%BB%D0%B8%D0%BE%D1%82%D0%B5%D0%BA%D0%B0" "Opera/9.80 (Windows NT 6.1; WOW64; U; ru) Presto/2.10.229 Version/11.64"
94.41.226.244 - - [05/Jun/2012:23:10:07 +0600] "GET /images/cgdb.swf HTTP/1.0" 200 19792297 "http://csdb.ufanet.ru/" "Opera/9.80 (Windows NT 6.1; WOW64; U; ru) Presto/2.10.229 Version/11.64"
178.154.163.30 - - [05/Jun/2012:23:14:03 +0600] "GET /index2.php?option=com_content&task=view&id=102&pop=1&page=0&Itemid=136 HTTP/1.0" 200 5215 "-" "Mozilla/5.0 (compatible; YandexBot/3.0; +http://yandex.com/bots)"
94.233.185.180 - - [05/Jun/2012:23:18:34 +0600] "GET /files/ucazatel/Mumitrol.pdf HTTP/1.0" 200 634741 "http://yandex.ru/yandsearch?p=2&text=%D0%9F%D1%80%D0%BE%D1%87%D0%B8%D1%82%D0%B0%D1%82%D1%8C+%D0%BE%D0%BD%D0%BB%D0%B0%D0%B9%D0%BD%D0%A1%D0%BA%D0%B0%D0%B7%D0%BA%D0%B8+%D0%A2.%D0%AF%D0%BD%D1%81%D1%81%D0%BE%D0%BD+%D0%9C%D1%83%D0%BC%D0%B8-%D0%A2%D1%80%D0%BE%D0%BB%D0%BB%D1%8C+%D0%B8+%D1%81%D1%82%D1%80%D0%B0%D1%88%D0%BD%D0%B0%D1%8F+%D0%BA%D0%BE%D0%BC%D0%B5%D1%82%D0%B0&lr=37" "Opera/9.80 (Windows NT 6.1; U; Edition Yx; MRA 5.8 (build 4598); ru) Presto/2.10.229 Version/11.64"
178.154.163.30 - - [05/Jun/2012:23:18:58 +0600] "GET /index2.php?option=com_content&task=view&id=282&pop=1&page=0&Itemid=120 HTTP/1.0" 200 27471 "-" "Mozilla/5.0 (compatible; YandexBot/3.0; +http://yandex.com/bots)"
94.41.245.218 - - [05/Jun/2012:23:20:38 +0600] "GET /content/view/488/219/ HTTP/1.0" 200 5955 "http://images.yandex.ru/yandsearch?text=%D0%BA%D0%B8%D0%BD%D0%BE%D1%82%D0%B5%D0%B0%D1%82%D1%80%20%D1%81%D0%BC%D0%B5%D0%BD%D0%B0%20%D1%83%D1%84%D0%B0&img_url=csdb.ufanet.ru%2Fimages%2Fteatri%2Fkino%2F04.jpg&pos=1&rpt=simage&lr=172&noreask=1" "Opera/9.80 (Windows NT 6.1; WOW64; U; ru) Presto/2.10.229 Version/11.64"
68.233.226.103 - - [05/Jun/2012:23:21:13 +0600] "GET /content/view/794/107/index.php HTTP/1.0" 200 18343 "-" "Mozilla/5.0 (Windows NT 5.1) AppleWebKit/535.2 (KHTML, like Gecko) Chrome/15.0.872.0 Safari/535.2"
178.154.163.30 - - [05/Jun/2012:23:23:25 +0600] "GET /content/view/59/53 HTTP/1.0" 200 21600 "-" "Mozilla/5.0 (compatible; YandexDirect/3.0; +http://yandex.com/bots)"
66.249.66.77 - - [05/Jun/2012:23:24:51 +0600] "GET /content/view/783/1/ HTTP/1.0" 200 5501 "-" "Mozilla/5.0 (compatible; Googlebot/2.1; +http://www.google.com/bot.html)"
178.154.163.30 - - [05/Jun/2012:23:28:13 +0600] "GET /content/view/402/165/ HTTP/1.0" 200 4895 "-" "Mozilla/5.0 (compatible; YandexBot/3.0; +http://yandex.com/bots)"
217.118.90.160 - - [05/Jun/2012:23:29:54 +0600] "GET /goroddetstva/7/5/22/22/SemCHydesSveta.ppt HTTP/1.0" 200 992256 "http://yandex.ru/yandsearch?text=7+%D1%87%D1%83%D0%B4%D0%B5%D1%81+%D0%B1%D0%B0%D1%88%D0%BA%D0%BE%D1%80%D1%82%D0%BE%D1%81%D1%82%D0%B0%D0%BD%D0%B0+%D0%BF%D1%80%D0%B5%D0%B7%D0%B5%D0%BD%D1%82%D0%B0%D1%86%D0%B8%D1%8F&clid=139085&lr=20689" "Opera/9.80 (Windows NT 6.0; U; Edition Yx; ru) Presto/2.10.229 Version/11.64"
66.249.71.59 - - [05/Jun/2012:23:32:04 +0600] "GET /content/view/836/5/ HTTP/1.0" 200 6015 "-" "Mozilla/5.0 (compatible; Googlebot/2.1; +http://www.google.com/bot.html)"
178.154.163.30 - - [05/Jun/2012:23:33:07 +0600] "GET /content/view/904/222/ HTTP/1.0" 200 5399 "-" "Mozilla/5.0 (compatible; YandexBot/3.0; +http://yandex.com/bots)"
213.180.206.197 - - [05/Jun/2012:23:34:41 +0600] "GET / HTTP/1.0" 200 23989 "-" "Mozilla/5.0 (compatible; YandexMetrika/2.0; +http://yandex.com/bots)"
178.154.163.30 - - [05/Jun/2012:23:37:57 +0600] "GET /index2.php?option=com_content&task=view&id=323&pop=1&page=0&Itemid=162 HTTP/1.0" 200 8099 "-" "Mozilla/5.0 (compatible; YandexBot/3.0; +http://yandex.com/bots)"
178.154.163.30 - - [05/Jun/2012:23:42:37 +0600] "GET /index2.php?option=com_content&task=view&id=92&pop=1&page=0&Itemid=108 HTTP/1.0" 200 6640 "-" "Mozilla/5.0 (compatible; YandexBot/3.0; +http://yandex.com/bots)"
68.233.226.103 - - [05/Jun/2012:23:42:38 +0600] "GET /content/view/794/107/index.php?option=com_contact&Itemid=3 HTTP/1.0" 200 18343 "-" "Mozilla/5.0 (Windows NT 5.1) AppleWebKit/535.2 (KHTML, like Gecko) Chrome/15.0.872.0 Safari/535.2"
66.249.66.77 - - [05/Jun/2012:23:43:06 +0600] "GET /content/view/853/1/ HTTP/1.0" 200 6708 "-" "Mozilla/5.0 (compatible; Googlebot/2.1; +http://www.google.com/bot.html)"
178.154.163.30 - - [05/Jun/2012:23:47:37 +0600] "GET /index2.php?option=com_content&task=view&id=287&pop=1&page=0&Itemid=123 HTTP/1.0" 200 2736 "-" "Mozilla/5.0 (compatible; YandexBot/3.0; +http://yandex.com/bots)"
65.52.104.19 - - [05/Jun/2012:23:48:32 +0600] "GET /content/view/39/194/ HTTP/1.0" 200 5759 "-" "Mozilla/5.0 (compatible; bingbot/2.0; +http://www.bing.com/bingbot.htm)"
95.153.177.206 - - [05/Jun/2012:23:50:39 +0600] "GET /index2.php?option=com_content&task=view&id=238&pop=1&page=261&Itemid=66 HTTP/1.0" 200 1878 "http://yandex.ru/yandsearch?text=%D0%BA%D0%BE%D0%BD%D0%BA%D1%83%D1%80%D1%81%D0%BD%D0%B0%D1%8F+%D0%BF%D1%80%D0%BE%D0%B3%D1%80%D0%B0%D0%BC%D0%BC%D0%B0+%22%D0%B2+%D0%BC%D0%B8%D1%80%D0%B5+%D0%B6%D0%B8%D0%B2%D0%BE%D1%82%D0%BD%D1%8B%D1%85&clid=9403&lr=11053" "Opera/9.80 (Windows NT 6.1; U; ru) Presto/2.10.229 Version/11.64"
68.233.226.103 - - [05/Jun/2012:23:52:25 +0600] "GET /content/view/794/107/index.php?option=com_search&Itemid=5 HTTP/1.0" 200 18343 "-" "Mozilla/5.0 (Windows NT 5.1) AppleWebKit/535.2 (KHTML, like Gecko) Chrome/15.0.872.0 Safari/535.2"
178.154.163.30 - - [05/Jun/2012:23:52:51 +0600] "GET /content/category/20/51/239/ HTTP/1.0" 200 16262 "-" "Mozilla/5.0 (compatible; YandexBot/3.0; +http://yandex.com/bots)"
65.52.104.19 - - [05/Jun/2012:23:53:26 +0600] "GET /content/category/6/21/53/ HTTP/1.0" 200 5295 "-" "Mozilla/5.0 (compatible; bingbot/2.0; +http://www.bing.com/bingbot.htm)"
68.233.226.103 - - [05/Jun/2012:23:55:41 +0600] "GET /content/view/794/111/content/view/659/1/ HTTP/1.0" 200 16415 "-" "Mozilla/5.0 (Windows NT 5.1) AppleWebKit/535.2 (KHTML, like Gecko) Chrome/15.0.872.0 Safari/535.2"
178.154.163.30 - - [05/Jun/2012:23:58:06 +0600] "GET /index2.php?option=com_content&task=view&id=27&pop=1&page=0&Itemid=157 HTTP/1.0" 200 1408 "-" "Mozilla/5.0 (compatible; YandexBot/3.0; +http://yandex.com/bots)"
68.233.226.103 - - [06/Jun/2012:00:01:43 +0600] "GET /content/view/793/64/content/view/795/1/ HTTP/1.0" 200 15473 "-" "Mozilla/5.0 (Windows NT 5.1) AppleWebKit/535.2 (KHTML, like Gecko) Chrome/15.0.872.0 Safari/535.2"
178.154.163.30 - - [06/Jun/2012:00:03:10 +0600] "GET /index2.php?option=com_content&task=view&id=16&pop=1&page=0&Itemid=157 HTTP/1.0" 200 1364 "-" "Mozilla/5.0 (compatible; YandexBot/3.0; +http://yandex.com/bots)"
213.180.206.197 - - [06/Jun/2012:00:06:48 +0600] "GET / HTTP/1.0" 200 23984 "-" "Mozilla/5.0 (compatible; YandexMetrika/2.0; +http://yandex.com/bots)"
83.169.60.25 - - [06/Jun/2012:00:07:15 +0600] "GET / HTTP/1.0" 200 23989 "-" "Mozilla/5.0 (Windows; U; Windows NT 6.0; de; rv:1.9.0.6) Gecko/2009011913 Firefox/3.0.6"
83.169.60.25 - - [06/Jun/2012:00:07:16 +0600] "GET /20e6a4bb032fcfae5d.php HTTP/1.0" 404 299 "-" "Mozilla/5.0 (Windows; U; Windows NT 6.0; de; rv:1.9.0.6) Gecko/2009011913 Firefox/3.0.6"
178.154.163.30 - - [06/Jun/2012:00:08:27 +0600] "GET /index2.php?option=com_content&task=view&id=430&pop=1&page=0&Itemid=216 HTTP/1.0" 200 1691 "-" "Mozilla/5.0 (compatible; YandexBot/3.0; +http://yandex.com/bots)"
93.124.86.155 - - [06/Jun/2012:00:09:58 +0600] "GET /content/view/667/66 HTTP/1.0" 200 5942 "http://yandex.ru/yandsearch?text=%D0%B4%D0%B5%D0%BD%D1%8C+%D0%BA%D1%83%D0%BA%D0%BE%D0%BB&clid=155844&lr=49" "Mozilla/5.0 (Windows NT 5.1; rv:11.0) Gecko/20100101 Firefox/11.0"
193.33.240.96 - - [06/Jun/2012:00:10:32 +0600] "GET /content/view/130/66/ HTTP/1.0" 200 6427 "http://www.google.ru/url?sa=t&rct=j&q=%22%D1%8F%20%D1%80%D0%B5%D0%B1%D1%91%D0%BD%D0%BE%D0%BA%20%D0%B8%20%D1%8F%20%D0%B8%D0%BC%D0%B5%D1%8E%20%D0%BF%D1%80%D0%B0%D0%B2%D0%BE%22&source=web&cd=3&sqi=2&ved=0CFAQFjAC&url=http%3A%2F%2Fcsdb.ufanet.ru%2Fcontent%2Fview%2F130%2F66%2F&ei=gEvOT9jFJMiN-wa8ltDvCw&usg=AFQjCNFzZVLAODI-nGnZCxxLMGgy_KAkyw&cad=rjt" "Opera/9.80 (Windows NT 5.1; U; ru) Presto/2.10.229 Version/11.60"
178.154.163.30 - - [06/Jun/2012:00:13:25 +0600] "GET /files/scen_prazd/dorogavkosmos.pdf HTTP/1.0" 304 - "-" "Mozilla/5.0 (compatible; YandexBot/3.0; +http://yandex.com/bots)"
66.249.66.77 - - [06/Jun/2012:00:15:48 +0600] "GET /content/view/795/119/ HTTP/1.0" 200 5087 "-" "Mozilla/5.0 (compatible; Googlebot/2.1; +http://www.google.com/bot.html)"
66.249.66.77 - - [06/Jun/2012:00:17:53 +0600] "GET /content/view/853/ HTTP/1.0" 200 5239 "-" "Mozilla/5.0 (compatible; Googlebot/2.1; +http://www.google.com/bot.html)"
66.249.66.77 - - [06/Jun/2012:00:18:18 +0600] "GET /content/view/851/182/ HTTP/1.0" 200 4573 "-" "Mozilla/5.0 (compatible; Googlebot/2.1; +http://www.google.com/bot.html)"
178.154.163.30 - - [06/Jun/2012:00:18:38 +0600] "GET /index2.php?option=com_content&task=view&id=545&pop=1&page=3&Itemid=183 HTTP/1.0" 200 3770 "-" "Mozilla/5.0 (compatible; YandexBot/3.0; +http://yandex.com/bots)"
178.154.163.30 - - [06/Jun/2012:00:24:09 +0600] "GET /index2.php?option=com_content&task=view&id=81&pop=1&page=0&Itemid=115 HTTP/1.0" 200 6832 "-" "Mozilla/5.0 (compatible; YandexBot/3.0; +http://yandex.com/bots)"
193.251.32.222 - - [06/Jun/2012:00:27:21 +0600] "GET /files/roditeli/childread2.pdf HTTP/1.0" 200 986862 "http://www.google.ru/url?sa=t&rct=j&q=%D0%BA%D0%BD%D0%B8%D0%B3%D0%B8%20%D0%B4%D0%BB%D1%8F%20%D0%B4%D0%B5%D1%82%D0%B5%D0%B9%205%20%D0%BB%D0%B5%D1%82&source=web&cd=27&ved=0CIMBEBYwBjgU&url=http%3A%2F%2Fcsdb.ufanet.ru%2Ffiles%2Froditeli%2Fchildread2.pdf&ei=b0_OT6adJsLntQa5g6GWCw&usg=AFQjCNFj1-CsxgwSwdRdAhINaWbyqvwKBA&cad=rjt" "Mozilla/5.0 (Windows NT 6.1; WOW64; rv:12.0) Gecko/20100101 Firefox/12.0"
66.249.66.77 - - [06/Jun/2012:00:27:24 +0600] "GET /content/view/940/149/ HTTP/1.0" 200 5091 "-" "Mozilla/5.0 (compatible; Googlebot/2.1; +http://www.google.com/bot.html)"
193.251.32.222 - - [06/Jun/2012:00:27:26 +0600] "GET /files/roditeli/childread2.pdf HTTP/1.0" 206 670641 "-" "Mozilla/5.0 (Windows NT 6.1; WOW64; rv:12.0) Gecko/20100101 Firefox/12.0"
193.251.32.222 - - [06/Jun/2012:00:27:26 +0600] "GET /files/roditeli/childread2.pdf HTTP/1.0" 206 517 "-" "Mozilla/5.0 (Windows NT 6.1; WOW64; rv:12.0) Gecko/20100101 Firefox/12.0"
193.251.32.222 - - [06/Jun/2012:00:27:27 +0600] "GET /files/roditeli/childread2.pdf HTTP/1.0" 206 1984 "-" "Mozilla/5.0 (Windows NT 6.1; WOW64; rv:12.0) Gecko/20100101 Firefox/12.0"
193.251.32.222 - - [06/Jun/2012:00:27:27 +0600] "GET /files/roditeli/childread2.pdf HTTP/1.0" 206 1153 "-" "Mozilla/5.0 (Windows NT 6.1; WOW64; rv:12.0) Gecko/20100101 Firefox/12.0"
193.251.32.222 - - [06/Jun/2012:00:27:28 +0600] "GET /files/roditeli/childread2.pdf HTTP/1.0" 206 197632 "-" "Mozilla/5.0 (Windows NT 6.1; WOW64; rv:12.0) Gecko/20100101 Firefox/12.0"
66.249.66.77 - - [06/Jun/2012:00:27:48 +0600] "GET /content/view/811/1/ HTTP/1.0" 200 5498 "-" "Mozilla/5.0 (compatible; Googlebot/2.1; +http://www.google.com/bot.html)"
66.249.66.77 - - [06/Jun/2012:00:29:03 +0600] "GET /content/view/853/5/ HTTP/1.0" 200 6312 "-" "Mozilla/5.0 (compatible; Googlebot/2.1; +http://www.google.com/bot.html)"
178.154.163.30 - - [06/Jun/2012:00:29:50 +0600] "GET /index2.php?option=com_content&task=view&id=29&pop=1&page=0&Itemid=157 HTTP/1.0" 200 1127 "-" "Mozilla/5.0 (compatible; YandexBot/3.0; +http://yandex.com/bots)"
178.154.163.30 - - [06/Jun/2012:00:35:10 +0600] "GET /content/view/59/53/ HTTP/1.0" 200 21601 "-" "Mozilla/5.0 (compatible; YandexBot/3.0; +http://yandex.com/bots)"
66.249.66.77 - - [06/Jun/2012:00:35:29 +0600] "GET /content/view/987/66/ HTTP/1.0" 200 6306 "-" "Mozilla/5.0 (compatible; Googlebot/2.1; +http://www.google.com/bot.html)"
95.25.94.230 - - [06/Jun/2012:00:36:14 +0600] "GET /mb38/ HTTP/1.0" 200 14902 "-" "Opera/9.80 (Macintosh; Intel Mac OS X 10.6.8; U; Edition MacAppStore; ru) Presto/2.9.168 Version/11.52"
68.233.226.103 - - [06/Jun/2012:00:37:53 +0600] "GET /content/view/794/106/content/view/704/183/ HTTP/1.0" 200 15128 "-" "Mozilla/5.0 (Windows NT 5.1) AppleWebKit/535.2 (KHTML, like Gecko) Chrome/15.0.872.0 Safari/535.2"
178.154.163.30 - - [06/Jun/2012:00:39:36 +0600] "GET /content/view/659/52/ HTTP/1.0" 200 5130 "-" "Mozilla/5.0 (compatible; YandexBot/3.0; +http://yandex.com/bots)"
213.180.206.197 - - [06/Jun/2012:00:42:16 +0600] "GET / HTTP/1.0" 200 23989 "-" "Mozilla/5.0 (compatible; YandexMetrika/2.0; +http://yandex.com/bots)"
66.249.66.77 - - [06/Jun/2012:00:43:27 +0600] "GET /content/view/819/201/ HTTP/1.0" 200 5088 "-" "Mozilla/5.0 (compatible; Googlebot/2.1; +http://www.google.com/bot.html)"
178.154.163.30 - - [06/Jun/2012:00:44:53 +0600] "GET /index2.php?option=com_content&task=view&id=89&pop=1&page=0&Itemid=111 HTTP/1.0" 200 6881 "-" "Mozilla/5.0 (compatible; YandexBot/3.0; +http://yandex.com/bots)"
178.154.163.30 - - [06/Jun/2012:00:45:03 +0600] "GET /content/view/982/1/ HTTP/1.0" 200 6514 "-" "Mozilla/5.0 (compatible; YandexBot/3.0; +http://yandex.com/bots)"
178.154.163.30 - - [06/Jun/2012:00:51:16 +0600] "GET /files/roditeli/buklet.pdf HTTP/1.0" 304 - "-" "Mozilla/5.0 (compatible; YandexBot/3.0; +http://yandex.com/bots)"
66.249.71.59 - - [06/Jun/2012:00:52:52 +0600] "GET /content/view/990/66/ HTTP/1.0" 200 6452 "-" "Mozilla/5.0 (compatible; Googlebot/2.1; +http://www.google.com/bot.html)"
207.46.204.233 - - [06/Jun/2012:00:55:52 +0600] "GET /content/view/324/166/ HTTP/1.0" 200 6410 "-" "Mozilla/5.0 (compatible; bingbot/2.0; +http://www.bing.com/bingbot.htm)"
66.249.71.59 - - [06/Jun/2012:00:58:00 +0600] "GET /content/view/821/194/ HTTP/1.0" 200 5114 "-" "Mozilla/5.0 (compatible; Googlebot/2.1; +http://www.google.com/bot.html)"
178.154.163.30 - - [06/Jun/2012:00:59:26 +0600] "GET /index2.php?option=com_content&task=view&id=394&pop=1&page=1&Itemid=183 HTTP/1.0" 200 2754 "-" "Mozilla/5.0 (compatible; YandexBot/3.0; +http://yandex.com/bots)"
66.249.66.77 - - [06/Jun/2012:01:05:19 +0600] "GET /content/view/988/66/ HTTP/1.0" 200 6160 "-" "Mozilla/5.0 (compatible; Googlebot/2.1; +http://www.google.com/bot.html)"
109.184.11.118 - - [06/Jun/2012:01:05:35 +0600] "GET /content/view/53/47/ HTTP/1.0" 200 7364 "http://www.google.ru/url?sa=t&rct=j&q=%D0%B4%D0%B5%D1%82%D1%81%D0%BA%D0%B8%D0%B9%20%D1%81%D1%86%D0%B5%D0%BD%D0%B0%D1%80%D0%B8%D0%B9%20%D0%B7%D0%BE%D0%B6&source=web&cd=71&ved=0CGMQFjAAOEY&url=http%3A%2F%2Fcsdb.ufanet.ru%2Fcontent%2Fview%2F53%2F47%2F&ei=cljOT5HfKND1-gbQ1tyADA&usg=AFQjCNF6o4KcqLLmeh4J7c6RftwAd23QCQ&cad=rjt" "Mozilla/5.0 (Windows NT 6.0) AppleWebKit/536.5 (KHTML, like Gecko) Chrome/19.0.1084.52 Safari/536.5"
109.184.11.118 - - [06/Jun/2012:01:05:50 +0600] "GET /content/view/887/255/ HTTP/1.0" 200 10078 "http://csdb.ufanet.ru/content/view/53/47/" "Mozilla/5.0 (Windows NT 6.0) AppleWebKit/536.5 (KHTML, like Gecko) Chrome/19.0.1084.52 Safari/536.5"
109.184.11.118 - - [06/Jun/2012:01:07:15 +0600] "GET /component/option,com_frontpage/Itemid,1/ HTTP/1.0" 200 6465 "http://csdb.ufanet.ru/content/view/887/255/" "Mozilla/5.0 (Windows NT 6.0) AppleWebKit/536.5 (KHTML, like Gecko) Chrome/19.0.1084.52 Safari/536.5"
109.184.11.118 - - [06/Jun/2012:01:07:16 +0600] "GET /images/cgdb.swf HTTP/1.0" 200 19792297 "http://csdb.ufanet.ru/component/option,com_frontpage/Itemid,1/" "Mozilla/5.0 (Windows NT 6.0) AppleWebKit/536.5 (KHTML, like Gecko) Chrome/19.0.1084.52 Safari/536.5"
178.154.163.30 - - [06/Jun/2012:01:07:31 +0600] "GET /index2.php?option=com_content&task=view&id=42&pop=1&page=0&Itemid=194 HTTP/1.0" 200 1582 "-" "Mozilla/5.0 (compatible; YandexBot/3.0; +http://yandex.com/bots)"
109.184.11.118 - - [06/Jun/2012:01:07:46 +0600] "GET /content/view/53/47/ HTTP/1.0" 200 7366 "http://www.google.ru/url?sa=t&rct=j&q=%D0%B4%D0%B5%D1%82%D1%81%D0%BA%D0%B8%D0%B9%20%D1%81%D1%86%D0%B5%D0%BD%D0%B0%D1%80%D0%B8%D0%B9%20%D0%B7%D0%BE%D0%B6&source=web&cd=71&ved=0CGMQFjAAOEY&url=http%3A%2F%2Fcsdb.ufanet.ru%2Fcontent%2Fview%2F53%2F47%2F&ei=cljOT5HfKND1-gbQ1tyADA&usg=AFQjCNF6o4KcqLLmeh4J7c6RftwAd23QCQ&cad=rjt" "Mozilla/5.0 (Windows NT 6.0) AppleWebKit/536.5 (KHTML, like Gecko) Chrome/19.0.1084.52 Safari/536.5"
207.46.199.251 - - [06/Jun/2012:01:07:53 +0600] "GET /content/view/384/161/ HTTP/1.0" 200 5830 "-" "msnbot-media/1.1 (+http://search.msn.com/msnbot.htm)"
109.184.11.118 - - [06/Jun/2012:01:08:21 +0600] "GET /content/view/887/255/ HTTP/1.0" 200 10077 "http://csdb.ufanet.ru/content/view/53/47/" "Mozilla/5.0 (Windows NT 6.0) AppleWebKit/536.5 (KHTML, like Gecko) Chrome/19.0.1084.52 Safari/536.5"
109.184.11.118 - - [06/Jun/2012:01:08:25 +0600] "GET /content/view/53/47/ HTTP/1.0" 200 7363 "http://www.google.ru/url?sa=t&rct=j&q=%D0%B4%D0%B5%D1%82%D1%81%D0%BA%D0%B8%D0%B9%20%D1%81%D1%86%D0%B5%D0%BD%D0%B0%D1%80%D0%B8%D0%B9%20%D0%B7%D0%BE%D0%B6&source=web&cd=71&ved=0CGMQFjAAOEY&url=http%3A%2F%2Fcsdb.ufanet.ru%2Fcontent%2Fview%2F53%2F47%2F&ei=cljOT5HfKND1-gbQ1tyADA&usg=AFQjCNF6o4KcqLLmeh4J7c6RftwAd23QCQ&cad=rjt" "Mozilla/5.0 (Windows NT 6.0) AppleWebKit/536.5 (KHTML, like Gecko) Chrome/19.0.1084.52 Safari/536.5"
68.233.226.103 - - [06/Jun/2012:01:11:11 +0600] "GET /content/view/794/111/content/view/793/1/ HTTP/1.0" 200 16415 "-" "Mozilla/5.0 (Windows NT 5.1) AppleWebKit/535.2 (KHTML, like Gecko) Chrome/15.0.872.0 Safari/535.2"
68.233.226.103 - - [06/Jun/2012:01:14:50 +0600] "GET /content/view/793/64/index.php HTTP/1.0" 200 15469 "-" "Mozilla/5.0 (Windows NT 5.1) AppleWebKit/535.2 (KHTML, like Gecko) Chrome/15.0.872.0 Safari/535.2"
66.249.66.77 - - [06/Jun/2012:01:15:38 +0600] "GET /content/view/403/132/ HTTP/1.0" 200 5084 "-" "Mozilla/5.0 (compatible; Googlebot/2.1; +http://www.google.com/bot.html)"
178.154.163.30 - - [06/Jun/2012:01:16:17 +0600] "GET /index2.php?option=com_content&task=view&id=390&pop=1&page=0&Itemid=187 HTTP/1.0" 200 2707 "-" "Mozilla/5.0 (compatible; YandexBot/3.0; +http://yandex.com/bots)"
213.180.206.197 - - [06/Jun/2012:01:16:38 +0600] "GET / HTTP/1.0" 200 24029 "-" "Mozilla/5.0 (compatible; YandexMetrika/2.0; +http://yandex.com/bots)"
178.154.163.30 - - [06/Jun/2012:01:16:56 +0600] "GET /files/ucazatel/Mumitrol.pdf HTTP/1.0" 200 634741 "-" "Mozilla/5.0 (compatible; YandexDirect/3.0; +http://yandex.com/bots)"
109.184.11.118 - - [06/Jun/2012:01:20:48 +0600] "GET /files/scen_prazd/PutVZOG.doc HTTP/1.0" 200 49664 "http://csdb.ufanet.ru/content/view/53/47/" "Mozilla/5.0 (Windows NT 6.0) AppleWebKit/536.5 (KHTML, like Gecko) Chrome/19.0.1084.52 Safari/536.5"
46.159.151.165 - - [06/Jun/2012:01:23:40 +0600] "GET /content/view/571/66/ HTTP/1.0" 200 5833 "http://www.google.ru/url?sa=t&rct=j&q=%D0%BF%D1%83%D1%88%D0%BA%D0%B8%D0%BD%D1%81%D0%BA%D0%B8%D0%B9%20%D0%B4%D0%B5%D0%BD%D1%8C%20%D0%B4%D0%B5%D1%82%D1%81%D0%BA%D0%B0%D1%8F%20%D0%B1%D0%B8%D0%B1%D0%BB%D0%B8%D0%BE%D1%82%D0%B5%D0%BA%D0%B0&source=web&cd=6&ved=0CGwQFjAF&url=http%3A%2F%2Fcsdb.ufanet.ru%2Fcontent%2Fview%2F571%2F66%2F&ei=ZlvOT8HkGciG-wap292iDA&usg=AFQjCNEx6FLIhfSTIbGxDsWCj2E84CgjZQ" "Opera/9.80 (Windows NT 6.1; U; ru) Presto/2.10.229 Version/11.64"
66.249.66.77 - - [06/Jun/2012:01:24:12 +0600] "GET /content/view/250/ HTTP/1.0" 200 5955 "-" "Mozilla/5.0 (compatible; Googlebot/2.1; +http://www.google.com/bot.html)"
178.154.163.30 - - [06/Jun/2012:01:25:56 +0600] "GET /index2.php?option=com_content&task=view&id=318&pop=1&page=0&Itemid=97 HTTP/1.0" 200 1448 "-" "Mozilla/5.0 (compatible; YandexBot/3.0; +http://yandex.com/bots)"
68.233.226.103 - - [06/Jun/2012:01:26:56 +0600] "GET /content/view/794/106/content/view/793/1/ HTTP/1.0" 200 15128 "-" "Mozilla/5.0 (Windows NT 5.1) AppleWebKit/535.2 (KHTML, like Gecko) Chrome/15.0.872.0 Safari/535.2"
68.233.226.103 - - [06/Jun/2012:01:29:37 +0600] "GET /content/view/794/111/content/view/794/1/ HTTP/1.0" 200 16415 "-" "Mozilla/5.0 (Windows NT 5.1) AppleWebKit/535.2 (KHTML, like Gecko) Chrome/15.0.872.0 Safari/535.2"
68.233.226.103 - - [06/Jun/2012:01:30:50 +0600] "GET /content/view/793/64/index.php?option=com_contact&Itemid=3 HTTP/1.0" 200 15469 "-" "Mozilla/5.0 (Windows NT 5.1) AppleWebKit/535.2 (KHTML, like Gecko) Chrome/15.0.872.0 Safari/535.2"
66.249.66.77 - - [06/Jun/2012:01:30:55 +0600] "GET /content/view/657/154/ HTTP/1.0" 200 5092 "-" "Mozilla/5.0 (compatible; Googlebot/2.1; +http://www.google.com/bot.html)"
178.154.163.30 - - [06/Jun/2012:01:31:33 +0600] "GET /content/view/970/55/ HTTP/1.0" 200 5125 "-" "Mozilla/5.0 (compatible; YandexBot/3.0; +http://yandex.com/bots)"
66.249.66.77 - - [06/Jun/2012:01:33:35 +0600] "GET /content/view/271/1/ HTTP/1.0" 200 7225 "-" "Mozilla/5.0 (compatible; Googlebot/2.1; +http://www.google.com/bot.html)"
178.154.163.30 - - [06/Jun/2012:01:36:30 +0600] "GET /content/view/811/52/ HTTP/1.0" 200 5147 "-" "Mozilla/5.0 (compatible; YandexBot/3.0; +http://yandex.com/bots)"
66.249.66.77 - - [06/Jun/2012:01:40:18 +0600] "GET /content/view/558/141/ HTTP/1.0" 200 5088 "-" "Mozilla/5.0 (compatible; Googlebot/2.1; +http://www.google.com/bot.html)"
178.154.163.30 - - [06/Jun/2012:01:41:38 +0600] "GET /content/blogcategory/45/210 HTTP/1.0" 200 5123 "-" "Mozilla/5.0 (compatible; YandexBot/3.0; +http://yandex.com/bots)"
94.41.211.144 - - [06/Jun/2012:01:44:20 +0600] "GET /files/ucazatel/salavat.pdf HTTP/1.0" 200 264049 "http://yandex.ru/yandsearch?text=%D0%BE%D0%B1%D1%80%D0%B0%D0%B7+%D1%86%D0%B5%D0%BD%D1%82%D1%80%D0%B0%D0%BB%D1%8C%D0%BD%D0%BE%D0%B3%D0%BE+%D0%B3%D0%B5%D1%80%D0%BE%D1%8F+%D0%A1%D0%B0%D0%BB%D0%B0%D0%B2%D0%B0%D1%82%D0%B0+%D0%AE%D0%BB%D0%B0%D0%B5%D0%B2%D0%B0+%D0%B2+%D1%80%D0%BE%D0%BC%D0%B0%D0%BD%D0%B5+%D1%81%D1%82%D0%B5%D0%BF%D0%B0%D0%BD%D0%B0+%D0%B7%D0%BB%D0%BE%D0%B1%D0%B8%D0%BD%D0%B0&clid=47656&lr=172" "Mozilla/4.0 (compatible; MSIE 7.0; Windows NT 5.1; MRSPUTNIK 2, 4, 0, 386; MRA 5.8 (build 4664); InfoPath.1)"
66.249.66.77 - - [06/Jun/2012:01:44:48 +0600] "GET /content/view/520/ HTTP/1.0" 200 4020 "-" "Mozilla/5.0 (compatible; Googlebot/2.1; +http://www.google.com/bot.html)"
178.154.163.30 - - [06/Jun/2012:01:46:53 +0600] "GET /content/blogcategory/45/210/9/0/ HTTP/1.0" 200 5123 "-" "Mozilla/5.0 (compatible; YandexBot/3.0; +http://yandex.com/bots)"
66.249.66.77 - - [06/Jun/2012:01:47:28 +0600] "GET /content/view/445/1/ HTTP/1.0" 200 7030 "-" "Mozilla/5.0 (compatible; Googlebot/2.1; +http://www.google.com/bot.html)"
66.249.66.77 - - [06/Jun/2012:01:48:22 +0600] "GET /content/view/553/1/ HTTP/1.0" 200 6362 "-" "Mozilla/5.0 (compatible; Googlebot/2.1; +http://www.google.com/bot.html)"
66.249.66.77 - - [06/Jun/2012:01:51:56 +0600] "GET /content/view/382/158/ HTTP/1.0" 200 6379 "-" "Mozilla/5.0 (compatible; Googlebot/2.1; +http://www.google.com/bot.html)"
178.154.163.30 - - [06/Jun/2012:01:52:03 +0600] "GET /index.php HTTP/1.0" 200 6439 "-" "Mozilla/5.0 (compatible; YandexBot/3.0; +http://yandex.com/bots)"
68.233.226.103 - - [06/Jun/2012:01:52:07 +0600] "GET /content/view/794/106/content/view/794/1/ HTTP/1.0" 200 15128 "-" "Mozilla/5.0 (Windows NT 5.1) AppleWebKit/535.2 (KHTML, like Gecko) Chrome/15.0.872.0 Safari/535.2"
213.180.206.197 - - [06/Jun/2012:01:52:31 +0600] "GET / HTTP/1.0" 200 23979 "-" "Mozilla/5.0 (compatible; YandexMetrika/2.0; +http://yandex.com/bots)"
66.249.66.77 - - [06/Jun/2012:01:52:50 +0600] "GET /content/view/811/149/ HTTP/1.0" 200 5092 "-" "Mozilla/5.0 (compatible; Googlebot/2.1; +http://www.google.com/bot.html)"
68.233.226.103 - - [06/Jun/2012:01:56:52 +0600] "GET /content/view/793/64/index.php?option=com_search&Itemid=5 HTTP/1.0" 200 15469 "-" "Mozilla/5.0 (Windows NT 5.1) AppleWebKit/535.2 (KHTML, like Gecko) Chrome/15.0.872.0 Safari/535.2"
178.154.163.30 - - [06/Jun/2012:01:57:03 +0600] "GET /content/blogcategory/1/66/5/15/ HTTP/1.0" 200 7524 "-" "Mozilla/5.0 (compatible; YandexBot/3.0; +http://yandex.com/bots)"
68.233.226.103 - - [06/Jun/2012:01:58:08 +0600] "GET /content/view/794/111/content/view/795/1/ HTTP/1.0" 200 16415 "-" "Mozilla/5.0 (Windows NT 5.1) AppleWebKit/535.2 (KHTML, like Gecko) Chrome/15.0.872.0 Safari/535.2"
91.195.3.241 - - [06/Jun/2012:02:01:25 +0600] "GET /content/blogcategory/1/66/5/315/ HTTP/1.0" 200 6927 "http://go.mail.ru/search_images?q=%D0%B4%D0%B5%D1%82%D0%B8+%D0%B2+%D0%B1%D0%B8%D0%B1%D0%BB%D0%B8%D0%BE%D1%82%D0%B5%D0%BA%D0%B5&rch=l&jsa=1&fr=rc" "Mozilla/5.0 (Windows NT 5.1; rv:11.0) Gecko/20100101 Firefox/11.0"
178.154.163.30 - - [06/Jun/2012:02:02:03 +0600] "GET /content/section/8/55 HTTP/1.0" 200 5222 "-" "Mozilla/5.0 (compatible; YandexBot/3.0; +http://yandex.com/bots)"
66.249.66.77 - - [06/Jun/2012:02:03:08 +0600] "GET /content/view/793/235/ HTTP/1.0" 200 4143 "-" "Mozilla/5.0 (compatible; Googlebot/2.1; +http://www.google.com/bot.html)"
178.154.163.30 - - [06/Jun/2012:02:07:01 +0600] "GET /content/view/385/164/ HTTP/1.0" 200 9881 "-" "Mozilla/5.0 (compatible; YandexBot/3.0; +http://yandex.com/bots)"
65.52.104.19 - - [06/Jun/2012:02:09:26 +0600] "GET /content/view/823/120/ HTTP/1.0" 200 5091 "-" "Mozilla/5.0 (compatible; bingbot/2.0; +http://www.bing.com/bingbot.htm)"
178.154.163.30 - - [06/Jun/2012:02:11:59 +0600] "GET /component/option,com_frontpage/Itemid,1/ HTTP/1.0" 200 6441 "-" "Mozilla/5.0 (compatible; YandexBot/3.0; +http://yandex.com/bots)"
68.233.226.103 - - [06/Jun/2012:02:12:16 +0600] "GET /content/view/794/106/content/view/795/1/ HTTP/1.0" 200 15128 "-" "Mozilla/5.0 (Windows NT 5.1) AppleWebKit/535.2 (KHTML, like Gecko) Chrome/15.0.872.0 Safari/535.2"
66.249.66.77 - - [06/Jun/2012:02:12:32 +0600] "GET /content/view/775/158/ HTTP/1.0" 200 5093 "-" "Mozilla/5.0 (compatible; Googlebot/2.1; +http://www.google.com/bot.html)"
66.249.66.77 - - [06/Jun/2012:02:16:33 +0600] "GET /content/view/811/150/ HTTP/1.0" 200 5098 "-" "Mozilla/5.0 (compatible; Googlebot/2.1; +http://www.google.com/bot.html)"
178.154.163.30 - - [06/Jun/2012:02:17:03 +0600] "GET /content/view/989/47/ HTTP/1.0" 200 5574 "-" "Mozilla/5.0 (compatible; YandexBot/3.0; +http://yandex.com/bots)"
178.154.163.30 - - [06/Jun/2012:02:20:50 +0600] "GET /content/view/885/253/ HTTP/1.0" 200 10205 "-" "Mozilla/5.0 (compatible; YandexDirect/3.0; +http://yandex.com/bots)"
178.154.163.30 - - [06/Jun/2012:02:24:33 +0600] "GET /files/ucazatel/Mumitrol.pdf HTTP/1.0" 200 634741 "-" "Mozilla/5.0 (compatible; YandexDirect/3.0; +http://yandex.com/bots)"
31.184.238.59 - - [06/Jun/2012:02:26:42 +0600] "GET / HTTP/1.0" 200 23989 "http://csdb.ufanet.ru/" "Mozilla/4.0 (compatible; MSIE 7.0; Windows NT 5.1; SV1; .NET CLR 2.0.50727)"
178.154.163.30 - - [06/Jun/2012:02:29:39 +0600] "GET /content/view/811/135/ HTTP/1.0" 200 5094 "-" "Mozilla/5.0 (compatible; YandexBot/3.0; +http://yandex.com/bots)"
213.180.206.197 - - [06/Jun/2012:02:29:39 +0600] "GET / HTTP/1.0" 200 23979 "-" "Mozilla/5.0 (compatible; YandexMetrika/2.0; +http://yandex.com/bots)"
66.249.66.77 - - [06/Jun/2012:02:31:20 +0600] "GET /content/view/989/64/ HTTP/1.0" 200 5562 "-" "Mozilla/5.0 (compatible; Googlebot/2.1; +http://www.google.com/bot.html)"
178.154.163.30 - - [06/Jun/2012:02:34:46 +0600] "GET /index2.php?option=com_content&task=view&id=290&pop=1&page=0&Itemid=156 HTTP/1.0" 200 5658 "-" "Mozilla/5.0 (compatible; YandexBot/3.0; +http://yandex.com/bots)"
178.154.163.30 - - [06/Jun/2012:02:40:23 +0600] "GET /index2.php?option=com_content&task=view&id=82&pop=1&page=0&Itemid=109 HTTP/1.0" 200 5230 "-" "Mozilla/5.0 (compatible; YandexBot/3.0; +http://yandex.com/bots)"
68.233.226.103 - - [06/Jun/2012:02:42:31 +0600] "GET /content/view/794/114/content/view/794/1/ HTTP/1.0" 200 15947 "-" "Mozilla/5.0 (Windows NT 5.1) AppleWebKit/535.2 (KHTML, like Gecko) Chrome/15.0.872.0 Safari/535.2"
66.249.66.77 - - [06/Jun/2012:02:44:45 +0600] "GET /content/view/948/1/ HTTP/1.0" 200 6479 "-" "Mozilla/5.0 (compatible; Googlebot/2.1; +http://www.google.com/bot.html)"
178.154.163.30 - - [06/Jun/2012:02:46:12 +0600] "GET /files/ucazatel/Zochenko.pdf HTTP/1.0" 304 - "-" "Mozilla/5.0 (compatible; YandexBot/3.0; +http://yandex.com/bots)"
65.52.110.201 - - [06/Jun/2012:02:50:24 +0600] "GET /content/view/276/ HTTP/1.0" 200 30084 "-" "Mozilla/5.0 (compatible; bingbot/2.0; +http://www.bing.com/bingbot.htm)"
66.249.72.137 - - [06/Jun/2012:02:52:22 +0600] "GET /content/view/94/1/ HTTP/1.0" 200 7057 "-" "Mozilla/5.0 (compatible; Googlebot/2.1; +http://www.google.com/bot.html)"
178.154.163.30 - - [06/Jun/2012:02:52:30 +0600] "GET /files/roditeli/buklet.pdf HTTP/1.0" 304 - "-" "Mozilla/5.0 (compatible; YandexBot/3.0; +http://yandex.com/bots)"
68.233.226.103 - - [06/Jun/2012:02:55:22 +0600] "GET /content/view/794/114/content/view/795/1/ HTTP/1.0" 200 15947 "-" "Mozilla/5.0 (Windows NT 5.1) AppleWebKit/535.2 (KHTML, like Gecko) Chrome/15.0.872.0 Safari/535.2"
178.154.163.30 - - [06/Jun/2012:02:59:09 +0600] "GET /content/view/78/62/ HTTP/1.0" 200 6759 "-" "Mozilla/5.0 (compatible; YandexBot/3.0; +http://yandex.com/bots)"
66.249.66.77 - - [06/Jun/2012:03:03:33 +0600] "GET /index.php?option=com_contact&task=view&contact_id=1&Itemid=3 HTTP/1.0" 200 6586 "-" "Mozilla/5.0 (compatible; Googlebot/2.1; +http://www.google.com/bot.html)"
213.180.206.197 - - [06/Jun/2012:03:04:31 +0600] "GET / HTTP/1.0" 200 23989 "-" "Mozilla/5.0 (compatible; YandexMetrika/2.0; +http://yandex.com/bots)"
178.154.163.30 - - [06/Jun/2012:03:05:50 +0600] "GET /content/view/326/81/ HTTP/1.0" 200 7460 "-" "Mozilla/5.0 (compatible; YandexBot/3.0; +http://yandex.com/bots)"
65.52.104.26 - - [06/Jun/2012:03:11:29 +0600] "GET /content/view/129/66/ HTTP/1.0" 200 6261 "-" "Mozilla/5.0 (compatible; bingbot/2.0; +http://www.bing.com/bingbot.htm)"
178.154.163.30 - - [06/Jun/2012:03:12:14 +0600] "GET /content/view/288/122 HTTP/1.0" 200 39733 "-" "Mozilla/5.0 (compatible; YandexBot/3.0; +http://yandex.com/bots)"
68.233.226.103 - - [06/Jun/2012:03:13:08 +0600] "GET /content/view/794/114/index.php HTTP/1.0" 200 15943 "-" "Mozilla/5.0 (Windows NT 5.1) AppleWebKit/535.2 (KHTML, like Gecko) Chrome/15.0.872.0 Safari/535.2"
66.249.66.77 - - [06/Jun/2012:03:16:45 +0600] "GET /content/view/1002/66/ HTTP/1.0" 200 6644 "-" "Mozilla/5.0 (compatible; Googlebot/2.1; +http://www.google.com/bot.html)"
178.154.163.30 - - [06/Jun/2012:03:18:47 +0600] "GET /content/view/812/149/ HTTP/1.0" 200 5091 "-" "Mozilla/5.0 (compatible; YandexBot/3.0; +http://yandex.com/bots)"
178.154.163.30 - - [06/Jun/2012:03:25:15 +0600] "GET /content/view/961/1/ HTTP/1.0" 200 5499 "-" "Mozilla/5.0 (compatible; YandexBot/3.0; +http://yandex.com/bots)"
178.154.163.30 - - [06/Jun/2012:03:31:50 +0600] "GET /content/view/194/72/ HTTP/1.0" 200 4283 "-" "Mozilla/5.0 (compatible; YandexBot/3.0; +http://yandex.com/bots)"
178.154.163.30 - - [06/Jun/2012:03:33:01 +0600] "GET /goroddetstva/7/5/22/22/SemCHydesSveta.ppt HTTP/1.0" 200 992256 "-" "Mozilla/5.0 (compatible; YandexDirect/3.0; +http://yandex.com/bots)"
213.180.206.197 - - [06/Jun/2012:03:38:58 +0600] "GET / HTTP/1.0" 200 23984 "-" "Mozilla/5.0 (compatible; YandexMetrika/2.0; +http://yandex.com/bots)"
178.154.163.30 - - [06/Jun/2012:03:39:39 +0600] "GET /index2.php?option=com_content&task=view&id=989&pop=1&page=0&Itemid=146 HTTP/1.0" 200 1132 "-" "Mozilla/5.0 (compatible; YandexBot/3.0; +http://yandex.com/bots)"
66.249.72.137 - - [06/Jun/2012:03:42:40 +0600] "GET /content/view/835/1/ HTTP/1.0" 200 6246 "-" "Mozilla/5.0 (compatible; Googlebot/2.1; +http://www.google.com/bot.html)"
178.154.163.30 - - [06/Jun/2012:03:46:06 +0600] "GET /index2.php?option=com_content&task=view&id=46&pop=1&page=0&Itemid=194 HTTP/1.0" 200 1586 "-" "Mozilla/5.0 (compatible; YandexBot/3.0; +http://yandex.com/bots)"
95.108.141.3 - - [06/Jun/2012:03:50:36 +0600] "HEAD /content/category/14/42/183/ HTTP/1.0" 200 - "-" "Mozilla/5.0 (compatible; YandexSitelinks; Dyatel; +http://yandex.com/bots)"
178.154.163.30 - - [06/Jun/2012:03:52:40 +0600] "GET /files/scen_prazd/Raznocvet.doc HTTP/1.0" 304 - "-" "Mozilla/5.0 (compatible; YandexBot/3.0; +http://yandex.com/bots)"
178.154.163.30 - - [06/Jun/2012:03:59:06 +0600] "GET /index2.php?option=com_content&task=view&id=962&pop=1&page=0&Itemid=66 HTTP/1.0" 200 1986 "-" "Mozilla/5.0 (compatible; YandexBot/3.0; +http://yandex.com/bots)"
