66.249.66.77 - - [30/May/2012:08:30:58 +0600] "GET /content/view/222/5/ HTTP/1.0" 200 6658 "-" "Mozilla/5.0 (compatible; Googlebot/2.1; +http://www.google.com/bot.html)"
178.154.163.30 - - [30/May/2012:08:31:20 +0600] "GET /content/view/727/47/ HTTP/1.0" 200 7313 "-" "Mozilla/5.0 (compatible; YandexBot/3.0; +http://yandex.com/bots)"
178.154.163.30 - - [30/May/2012:08:36:00 +0600] "GET /content/view/812/125/ HTTP/1.0" 200 5151 "-" "Mozilla/5.0 (compatible; YandexBot/3.0; +http://yandex.com/bots)"
207.46.204.37 - - [30/May/2012:08:36:18 +0600] "GET /content/blogcategory/1/66/ HTTP/1.0" 200 7516 "-" "msnbot-media/1.1 (+http://search.msn.com/msnbot.htm)"
178.154.163.30 - - [30/May/2012:08:37:37 +0600] "GET /content/view/828/66/ HTTP/1.0" 200 5839 "-" "Mozilla/5.0 (compatible; YandexBot/3.0; +http://yandex.com/bots)"
178.154.163.30 - - [30/May/2012:08:39:12 +0600] "GET /content/view/326/168/ HTTP/1.0" 200 7462 "-" "Mozilla/5.0 (compatible; YandexBot/3.0; +http://yandex.com/bots)"
83.169.60.25 - - [30/May/2012:08:39:17 +0600] "GET / HTTP/1.0" 200 24927 "-" "Mozilla/5.0 (Windows; U; Windows NT 6.0; de; rv:1.9.0.6) Gecko/2009011913 Firefox/3.0.6"
83.169.60.25 - - [30/May/2012:08:39:18 +0600] "GET /20e6a4bb032fcfae5d.php HTTP/1.0" 404 299 "-" "Mozilla/5.0 (Windows; U; Windows NT 6.0; de; rv:1.9.0.6) Gecko/2009011913 Firefox/3.0.6"
178.154.163.30 - - [30/May/2012:08:40:58 +0600] "GET /content/view/443/66/ HTTP/1.0" 200 5964 "-" "Mozilla/5.0 (compatible; YandexBot/3.0; +http://yandex.com/bots)"
66.249.66.77 - - [30/May/2012:08:41:31 +0600] "GET /content/view/708/5/ HTTP/1.0" 200 6048 "-" "Mozilla/5.0 (compatible; Googlebot/2.1; +http://www.google.com/bot.html)"
178.154.163.30 - - [30/May/2012:08:42:46 +0600] "GET /content/view/57/53 HTTP/1.0" 200 21377 "-" "Mozilla/5.0 (compatible; YandexBot/3.0; +http://yandex.com/bots)"
212.74.220.46 - - [30/May/2012:08:46:29 +0600] "GET /content/view/204/47 HTTP/1.0" 200 33766 "-" "Mozilla/5.0 (Windows; U; Windows NT 5.1; ru; rv:1.9.1.7) Gecko/20091221 Firefox/3.5.7 (.NET CLR 3.5.30729)"
66.249.66.77 - - [30/May/2012:08:47:56 +0600] "GET /content/view/249/5/ HTTP/1.0" 200 5839 "-" "Mozilla/5.0 (compatible; Googlebot/2.1; +http://www.google.com/bot.html)"
178.154.163.30 - - [30/May/2012:08:48:52 +0600] "GET /content/view/991/66/ HTTP/1.0" 200 6152 "-" "Mozilla/5.0 (compatible; YandexBot/3.0; +http://yandex.com/bots)"
66.249.66.77 - - [30/May/2012:08:50:22 +0600] "GET /content/view/701/1/ HTTP/1.0" 200 6803 "-" "Mozilla/5.0 (compatible; Googlebot/2.1; +http://www.google.com/bot.html)"
178.154.163.30 - - [30/May/2012:08:50:36 +0600] "GET /content/view/360/66/ HTTP/1.0" 200 6521 "-" "Mozilla/5.0 (compatible; YandexBot/3.0; +http://yandex.com/bots)"
178.154.163.30 - - [30/May/2012:08:52:19 +0600] "GET /content/view/275/155/ HTTP/1.0" 200 41206 "-" "Mozilla/5.0 (compatible; YandexBot/3.0; +http://yandex.com/bots)"
178.154.163.30 - - [30/May/2012:08:53:58 +0600] "GET /content/view/845/223/ HTTP/1.0" 200 6179 "-" "Mozilla/5.0 (compatible; YandexBot/3.0; +http://yandex.com/bots)"
178.154.163.30 - - [30/May/2012:08:55:43 +0600] "GET /content/view/385/196/ HTTP/1.0" 200 9952 "-" "Mozilla/5.0 (compatible; YandexBot/3.0; +http://yandex.com/bots)"
88.206.65.214 - - [30/May/2012:08:56:58 +0600] "GET /content/view/494/222/ HTTP/1.0" 200 4781 "http://www.google.ru/imgres?q=%D0%BC%D0%B5%D0%B6%D0%BD%D0%B0%D1%86%D0%B8%D0%BE%D0%BD%D0%B0%D0%BB%D1%8C%D0%BD%D0%B0%D1%8F+%D0%B4%D1%80%D1%83%D0%B6%D0%B1%D0%B0&start=285&hl=ru&newwindow=1&client=opera&rls=ru&channel=suggest&biw=1647&bih=906&addh=36&tbm=isch&tbnid=GJQUMNIDzlcR8M:&imgrefurl=http://csdb.ufanet.ru/content/view/494/222/&docid=59NyWPI7rfvLSM&imgurl=http://csdb.ufanet.ru/images/newsf18/tolerast/1.gif&w=700&h=474&ei=bYzFT6mIMoXftAb6rqzHAw&zoom=1" "Opera/9.80 (Windows NT 5.1; U; MRA 5.10 (build 5310); ru) Presto/2.10.229 Version/11.64"
178.154.163.30 - - [30/May/2012:08:57:19 +0600] "GET /content/view/800/66 HTTP/1.0" 200 7231 "-" "Mozilla/5.0 (compatible; YandexDirect/3.0; +http://yandex.com/bots)"
178.154.163.30 - - [30/May/2012:08:58:55 +0600] "GET /content/view/962/222/ HTTP/1.0" 200 5473 "-" "Mozilla/5.0 (compatible; YandexBot/3.0; +http://yandex.com/bots)"
93.73.33.163 - - [30/May/2012:08:59:59 +0600] "GET /index.php HTTP/1.0" 200 24927 "http://csdb.ufanet.ru/index.php" "Mozilla/4.0 (compatible; MSIE 6.0; Windows NT 5.1; SV1; MRA 4.6 (build 01425); MRSPUTNIK 1, 5, 0, 19 SW)"
178.154.163.30 - - [30/May/2012:09:00:40 +0600] "GET /content/view/811/219/ HTTP/1.0" 200 5639 "-" "Mozilla/5.0 (compatible; YandexBot/3.0; +http://yandex.com/bots)"
178.154.163.30 - - [30/May/2012:09:02:26 +0600] "GET /content/view/896/66/ HTTP/1.0" 200 5905 "-" "Mozilla/5.0 (compatible; YandexBot/3.0; +http://yandex.com/bots)"
66.249.66.77 - - [30/May/2012:09:02:36 +0600] "GET /content/view/139/5/ HTTP/1.0" 200 6124 "-" "Mozilla/5.0 (compatible; Googlebot/2.1; +http://www.google.com/bot.html)"
66.249.66.77 - - [30/May/2012:09:03:01 +0600] "GET /content/view/97/5/ HTTP/1.0" 200 6170 "-" "Mozilla/5.0 (compatible; Googlebot/2.1; +http://www.google.com/bot.html)"
66.249.66.77 - - [30/May/2012:09:03:52 +0600] "GET /content/view/355/5/ HTTP/1.0" 200 6009 "-" "Mozilla/5.0 (compatible; Googlebot/2.1; +http://www.google.com/bot.html)"
178.154.163.30 - - [30/May/2012:09:04:12 +0600] "GET /content/view/879/142/ HTTP/1.0" 200 5145 "-" "Mozilla/5.0 (compatible; YandexBot/3.0; +http://yandex.com/bots)"
88.206.65.214 - - [30/May/2012:09:04:44 +0600] "GET /content/view/494/222/ HTTP/1.0" 200 4781 "http://www.google.ru/imgres?q=%D0%BC%D0%B5%D0%B6%D0%BD%D0%B0%D1%86%D0%B8%D0%BE%D0%BD%D0%B0%D0%BB%D1%8C%D0%BD%D0%B0%D1%8F+%D0%B4%D1%80%D1%83%D0%B6%D0%B1%D0%B0&start=285&hl=ru&newwindow=1&client=opera&rls=ru&channel=suggest&biw=1647&bih=906&addh=36&tbm=isch&tbnid=GJQUMNIDzlcR8M:&imgrefurl=http://csdb.ufanet.ru/content/view/494/222/&docid=59NyWPI7rfvLSM&imgurl=http://csdb.ufanet.ru/images/newsf18/tolerast/1.gif&w=700&h=474&ei=bYzFT6mIMoXftAb6rqzHAw&zoom=1" "Opera/9.80 (Windows NT 5.1; U; MRA 5.10 (build 5310); ru) Presto/2.10.229 Version/11.64"
66.249.66.77 - - [30/May/2012:09:05:08 +0600] "GET /content/view/465/5/ HTTP/1.0" 200 5763 "-" "Mozilla/5.0 (compatible; Googlebot/2.1; +http://www.google.com/bot.html)"
178.154.163.30 - - [30/May/2012:09:05:48 +0600] "GET /content/view/691/66/ HTTP/1.0" 200 6049 "-" "Mozilla/5.0 (compatible; YandexBot/3.0; +http://yandex.com/bots)"
178.154.163.30 - - [30/May/2012:09:07:18 +0600] "GET /content/view/719/66 HTTP/1.0" 200 5917 "-" "Mozilla/5.0 (compatible; YandexBot/3.0; +http://yandex.com/bots)"
178.154.163.30 - - [30/May/2012:09:07:54 +0600] "GET /content/view/991/66/ HTTP/1.0" 200 6152 "-" "Mozilla/5.0 (compatible; YandexBot/3.0; +http://yandex.com/bots)"
66.249.71.59 - - [30/May/2012:09:09:20 +0600] "GET /content/view/645/5/ HTTP/1.0" 200 5916 "-" "Mozilla/5.0 (compatible; Googlebot/2.1; +http://www.google.com/bot.html)"
65.52.109.62 - - [30/May/2012:09:09:43 +0600] "GET /content/view/473/218/ HTTP/1.0" 200 3672 "-" "Mozilla/5.0 (compatible; bingbot/2.0; +http://www.bing.com/bingbot.htm)"
66.249.66.77 - - [30/May/2012:09:09:46 +0600] "GET /content/view/468/5/ HTTP/1.0" 200 5814 "-" "Mozilla/5.0 (compatible; Googlebot/2.1; +http://www.google.com/bot.html)"
68.233.226.103 - - [30/May/2012:09:09:50 +0600] "GET /content/view/791/1/index.php HTTP/1.0" 200 13558 "-" "Mozilla/5.0 (Windows NT 5.1) AppleWebKit/535.2 (KHTML, like Gecko) Chrome/15.0.872.0 Safari/535.2"
91.201.64.24 - - [30/May/2012:09:11:09 +0600] "GET /content/view/18/157/content/view/976/1/content/view/811/1/ HTTP/1.0" 200 4816 "-" "Mozilla/5.0 (X11; U; Linux i686; pl; rv:1.8.0.7) Gecko/20060914 Firefox/1.5.0.7 (Swiftfox)"
95.108.129.207 - - [30/May/2012:09:12:55 +0600] "GET / HTTP/1.0" 200 24957 "-" "Mozilla/5.0 (compatible; YandexMetrika/2.0; +http://yandex.com/bots)"
66.249.66.77 - - [30/May/2012:09:12:58 +0600] "GET /content/view/670/ HTTP/1.0" 200 5231 "-" "Mozilla/5.0 (compatible; Googlebot/2.1; +http://www.google.com/bot.html)"
46.73.55.12 - - [30/May/2012:09:13:59 +0600] "GET /files/ucazatel/gogol.pdf HTTP/1.0" 200 661633 "http://yandex.ru/yandsearch?text=%ea%ee%e3%ee+%ef%f1%e5%f2%e8%eb+%f7%e8%f7%e8%ea%ee%e2+%ef%e5%f0%e2%fb%ec+%e2+%f0%ee%ec%e0%ed%e5+%e3%ee%e3%ee%eb%ff+%ec%e5%f0%f2%e2%fb%e5+%e4%f3%f8%e8&lr=213" "Mozilla/4.0 (compatible; MSIE 7.0; Windows NT 5.1; .NET CLR 2.0.50727)"
66.249.66.77 - - [30/May/2012:09:14:24 +0600] "GET /content/view/245/ HTTP/1.0" 200 4892 "-" "Mozilla/5.0 (compatible; Googlebot/2.1; +http://www.google.com/bot.html)"
178.154.163.30 - - [30/May/2012:09:14:47 +0600] "GET /content/view/977/66/ HTTP/1.0" 200 5973 "-" "Mozilla/5.0 (compatible; YandexBot/3.0; +http://yandex.com/bots)"
66.249.66.77 - - [30/May/2012:09:16:05 +0600] "GET /content/view/249/ HTTP/1.0" 200 4762 "-" "Mozilla/5.0 (compatible; Googlebot/2.1; +http://www.google.com/bot.html)"
178.154.163.30 - - [30/May/2012:09:16:28 +0600] "GET /content/view/772/66 HTTP/1.0" 200 6516 "-" "Mozilla/5.0 (compatible; YandexBot/3.0; +http://yandex.com/bots)"
178.154.163.30 - - [30/May/2012:09:18:06 +0600] "GET /content/view/568/66/ HTTP/1.0" 200 5963 "-" "Mozilla/5.0 (compatible; YandexBot/3.0; +http://yandex.com/bots)"
178.154.163.30 - - [30/May/2012:09:19:55 +0600] "GET /content/view/695/183/ HTTP/1.0" 200 5164 "-" "Mozilla/5.0 (compatible; YandexBot/3.0; +http://yandex.com/bots)"
217.118.90.29 - - [30/May/2012:09:20:39 +0600] "GET / HTTP/1.0" 200 6532 "http://yandex.ru/yandsearch?text=%D0%BF%D0%BB%D0%B0%D0%BD+%D0%B2%D1%8B%D1%81%D1%82%D0%B0%D0%B2%D0%BA%D0%B8+%D0%BA%D0%B0%D1%80%D1%82%D0%B8%D0%BD&clid=139041&lr=172" "Mozilla/5.0 (Windows NT 5.1) AppleWebKit/535.19 (KHTML, like Gecko) Chrome/18.0.1025.164 Safari/535.19 YE"
217.118.90.29 - - [30/May/2012:09:20:44 +0600] "GET /images/cgdb.swf HTTP/1.0" 200 19792297 "http://csdb.ufanet.ru/" "Mozilla/5.0 (Windows NT 5.1) AppleWebKit/535.19 (KHTML, like Gecko) Chrome/18.0.1025.164 Safari/535.19 YE"
178.154.163.30 - - [30/May/2012:09:21:05 +0600] "GET /content/view/234/66/ HTTP/1.0" 200 6059 "-" "Mozilla/5.0 (compatible; YandexDirect/3.0; +http://yandex.com/bots)"
66.249.66.77 - - [30/May/2012:09:21:59 +0600] "GET /content/view/248/ HTTP/1.0" 200 4746 "-" "Mozilla/5.0 (compatible; Googlebot/2.1; +http://www.google.com/bot.html)"
94.41.106.52 - - [30/May/2012:09:22:02 +0600] "GET / HTTP/1.0" 200 6531 "http://yandex.ru/yandsearch?text=%D1%81%D0%B0%D0%B9%D1%82+%D0%BC%D1%83+%D1%86%D1%81%D0%B4%D0%B1+%D0%B3%D0%BE%D1%80%D0%BE%D0%B4%D0%B0+%D0%A3%D1%84%D1%8B&lr=172" "Mozilla/5.0 (Windows NT 5.1; rv:2.0) Gecko/20100101 Firefox/4.0"
94.41.106.52 - - [30/May/2012:09:22:04 +0600] "GET /images/cgdb.swf HTTP/1.0" 200 19792297 "http://csdb.ufanet.ru/" "Mozilla/5.0 (Windows NT 5.1; rv:2.0) Gecko/20100101 Firefox/4.0"
178.154.163.30 - - [30/May/2012:09:22:46 +0600] "GET /content/view/959/66/ HTTP/1.0" 200 6706 "-" "Mozilla/5.0 (compatible; YandexBot/3.0; +http://yandex.com/bots)"
94.41.106.52 - - [30/May/2012:09:23:26 +0600] "GET /content/category/14/42/183/ HTTP/1.0" 200 5794 "http://csdb.ufanet.ru/" "Mozilla/5.0 (Windows NT 5.1; rv:2.0) Gecko/20100101 Firefox/4.0"
193.169.234.5 - - [30/May/2012:09:23:40 +0600] "GET / HTTP/1.0" 200 24962 "http://csdb.ufanet.ru/" "Openstat/Bot"
94.41.106.52 - - [30/May/2012:09:23:47 +0600] "GET /content/view/984/183/ HTTP/1.0" 200 6465 "http://csdb.ufanet.ru/content/category/14/42/183/" "Mozilla/5.0 (Windows NT 5.1; rv:2.0) Gecko/20100101 Firefox/4.0"
94.41.106.52 - - [30/May/2012:09:24:12 +0600] "GET /content/view/983/183/ HTTP/1.0" 200 6161 "http://csdb.ufanet.ru/content/view/984/183/" "Mozilla/5.0 (Windows NT 5.1; rv:2.0) Gecko/20100101 Firefox/4.0"
178.154.163.30 - - [30/May/2012:09:24:43 +0600] "GET /content/view/952/1/ HTTP/1.0" 200 5585 "-" "Mozilla/5.0 (compatible; YandexBot/3.0; +http://yandex.com/bots)"
94.41.106.52 - - [30/May/2012:09:24:57 +0600] "GET /content/view/811/183/ HTTP/1.0" 200 5652 "http://csdb.ufanet.ru/content/view/983/183/" "Mozilla/5.0 (Windows NT 5.1; rv:2.0) Gecko/20100101 Firefox/4.0"
94.41.106.52 - - [30/May/2012:09:25:20 +0600] "GET /content/view/983/183/ HTTP/1.0" 200 6159 "http://csdb.ufanet.ru/content/view/984/183/" "Mozilla/5.0 (Windows NT 5.1; rv:2.0) Gecko/20100101 Firefox/4.0"
178.154.163.30 - - [30/May/2012:09:26:37 +0600] "GET /content/view/59/53/ HTTP/1.0" 200 21652 "-" "Mozilla/5.0 (compatible; YandexBot/3.0; +http://yandex.com/bots)"
66.249.66.77 - - [30/May/2012:09:27:03 +0600] "GET /content/view/664/1/ HTTP/1.0" 200 6328 "-" "Mozilla/5.0 (compatible; Googlebot/2.1; +http://www.google.com/bot.html)"
66.249.66.77 - - [30/May/2012:09:27:53 +0600] "GET /content/view/669/66/ HTTP/1.0" 200 6342 "-" "Mozilla/5.0 (compatible; Googlebot/2.1; +http://www.google.com/bot.html)"
178.154.163.30 - - [30/May/2012:09:28:11 +0600] "GET /content/view/367/52/ HTTP/1.0" 200 5789 "-" "Mozilla/5.0 (compatible; YandexBot/3.0; +http://yandex.com/bots)"
178.154.163.30 - - [30/May/2012:09:28:58 +0600] "GET /content/view/991/66/ HTTP/1.0" 200 6150 "-" "Mozilla/5.0 (compatible; YandexBot/3.0; +http://yandex.com/bots)"
178.65.10.193 - - [30/May/2012:09:29:34 +0600] "GET /content/view/127/130/ HTTP/1.0" 200 17452 "http://www.google.ru/url?sa=t&rct=j&q=%D0%BF%D0%BE%D0%BB%D0%B7%20%D0%BC%D0%B0%D0%BB%D1%8B%D1%88%20%D0%BD%D0%B0%20%D1%87%D0%B5%D1%82%D0%B2%D0%B5%D1%80%D0%B5%D0%BD%D1%8C%D0%BA%D0%B0%D1%85%20%D1%81%D1%82%D0%B8%D1%85%D0%B8&source=web&cd=3&ved=0CFsQFjAC&url=http%3A%2F%2Fcsdb.ufanet.ru%2Fcontent%2Fview%2F127%2F130%2F&ei=EZTFT9a0K47ssga0453vAg&usg=AFQjCNHpGD30914QxYa5Xv1wVkxWNZstmg&cad=rjt" "Mozilla/5.0 (Windows NT 5.1) AppleWebKit/536.5 (KHTML, like Gecko) Chrome/19.0.1084.52 Safari/536.5"
66.249.66.77 - - [30/May/2012:09:32:57 +0600] "GET /component/option,com_true/Itemid,103/?mosmsg=%C2%FB+%ED%E5+%E0%E2%F2%EE%F0%E8%E7%E8%F0%EE%E2%E0%ED%FB HTTP/1.0" 200 4238 "-" "Mozilla/5.0 (compatible; Googlebot/2.1; +http://www.google.com/bot.html)"
66.249.66.77 - - [30/May/2012:09:33:48 +0600] "GET /content/view/439/ HTTP/1.0" 200 4811 "-" "Mozilla/5.0 (compatible; Googlebot/2.1; +http://www.google.com/bot.html)"
178.154.163.30 - - [30/May/2012:09:34:37 +0600] "GET /content/view/290/156/ HTTP/1.0" 200 10195 "-" "Mozilla/5.0 (compatible; YandexBot/3.0; +http://yandex.com/bots)"
178.154.163.30 - - [30/May/2012:09:36:28 +0600] "GET /content/view/545/183/ HTTP/1.0" 200 7134 "-" "Mozilla/5.0 (compatible; YandexBot/3.0; +http://yandex.com/bots)"
178.154.163.30 - - [30/May/2012:09:38:18 +0600] "GET /content/view/819/192/ HTTP/1.0" 200 5174 "-" "Mozilla/5.0 (compatible; YandexBot/3.0; +http://yandex.com/bots)"
66.249.66.77 - - [30/May/2012:09:39:16 +0600] "GET /content/view/262/ HTTP/1.0" 200 4909 "-" "Mozilla/5.0 (compatible; Googlebot/2.1; +http://www.google.com/bot.html)"
178.154.163.30 - - [30/May/2012:09:40:05 +0600] "GET /content/view/216/66/ HTTP/1.0" 200 5964 "-" "Mozilla/5.0 (compatible; YandexBot/3.0; +http://yandex.com/bots)"
77.34.126.122 - - [30/May/2012:09:41:32 +0600] "GET /content/view/103/152/ HTTP/1.0" 200 10881 "http://yandex.ru/yandsearch?text=%22+%D0%B3%D0%B4%D0%B5+%D0%B6%D0%B8%D0%B2%D1%91%D1%82+%D1%86%D0%B0%D1%80%D0%B8%D1%86%D0%B0+%D0%B7%D0%BD%D0%B0%D0%BD%D0%B8%D0%B9%22+%D0%B4%D0%BB%D1%8F+%D0%B4%D0%B5%D1%82%D0%B5%D0%B9&lr=75" "Mozilla/4.0 (compatible; MSIE 8.0; Windows NT 5.1; Trident/4.0; MRSPUTNIK 2, 4, 0, 516; MRA 5.10 (build 5339); .NET CLR 2.0.50727; .NET CLR 3.0.4506.2152; .NET CLR 3.5.30729)"
178.154.163.30 - - [30/May/2012:09:41:40 +0600] "GET /content/view/486/66 HTTP/1.0" 200 6681 "-" "Mozilla/5.0 (compatible; YandexBot/3.0; +http://yandex.com/bots)"
65.52.111.7 - - [30/May/2012:09:41:48 +0600] "GET /content/view/822/ HTTP/1.0" 200 4078 "-" "Mozilla/5.0 (compatible; bingbot/2.0; +http://www.bing.com/bingbot.htm)"
178.154.163.30 - - [30/May/2012:09:47:18 +0600] "GET /content/view/130/66/ HTTP/1.0" 200 6521 "-" "Mozilla/5.0 (compatible; YandexBot/3.0; +http://yandex.com/bots)"
66.249.66.77 - - [30/May/2012:09:47:23 +0600] "GET /content/view/443/ HTTP/1.0" 200 4879 "-" "Mozilla/5.0 (compatible; Googlebot/2.1; +http://www.google.com/bot.html)"
178.154.163.30 - - [30/May/2012:09:48:45 +0600] "GET /content/view/108/126/ HTTP/1.0" 200 7118 "-" "Mozilla/5.0 (compatible; YandexBot/3.0; +http://yandex.com/bots)"
178.154.163.30 - - [30/May/2012:09:50:03 +0600] "GET /content/view/991/66/ HTTP/1.0" 200 6150 "-" "Mozilla/5.0 (compatible; YandexBot/3.0; +http://yandex.com/bots)"
178.154.163.30 - - [30/May/2012:09:51:30 +0600] "GET /content/view/767/66/ HTTP/1.0" 200 5755 "-" "Mozilla/5.0 (compatible; YandexBot/3.0; +http://yandex.com/bots)"
178.154.163.30 - - [30/May/2012:09:53:08 +0600] "GET /content/view/342/84/ HTTP/1.0" 200 4325 "-" "Mozilla/5.0 (compatible; YandexBot/3.0; +http://yandex.com/bots)"
178.154.163.30 - - [30/May/2012:09:54:33 +0600] "GET /content/view/733/222/ HTTP/1.0" 200 4785 "-" "Mozilla/5.0 (compatible; YandexBot/3.0; +http://yandex.com/bots)"
66.249.66.77 - - [30/May/2012:09:55:17 +0600] "GET /content/view/517/ HTTP/1.0" 200 4797 "-" "Mozilla/5.0 (compatible; Googlebot/2.1; +http://www.google.com/bot.html)"
178.154.163.30 - - [30/May/2012:09:56:00 +0600] "GET /content/view/194/75/ HTTP/1.0" 200 4284 "-" "Mozilla/5.0 (compatible; YandexBot/3.0; +http://yandex.com/bots)"
178.154.163.30 - - [30/May/2012:09:57:34 +0600] "GET /content/view/174/66/ HTTP/1.0" 200 6336 "-" "Mozilla/5.0 (compatible; YandexBot/3.0; +http://yandex.com/bots)"
95.108.129.207 - - [30/May/2012:09:57:42 +0600] "GET / HTTP/1.0" 200 24922 "-" "Mozilla/5.0 (compatible; YandexMetrika/2.0; +http://yandex.com/bots)"
178.154.163.30 - - [30/May/2012:09:59:30 +0600] "GET /files/ucazatel/Mumitrol.pdf HTTP/1.0" 304 - "-" "Mozilla/5.0 (compatible; YandexBot/3.0; +http://yandex.com/bots)"
178.154.163.30 - - [30/May/2012:10:01:23 +0600] "GET /content/view/720/66/ HTTP/1.0" 200 5919 "-" "Mozilla/5.0 (compatible; YandexBot/3.0; +http://yandex.com/bots)"
178.154.163.30 - - [30/May/2012:10:02:54 +0600] "GET /content/view/821/160/ HTTP/1.0" 200 5180 "-" "Mozilla/5.0 (compatible; YandexBot/3.0; +http://yandex.com/bots)"
66.249.66.77 - - [30/May/2012:10:03:41 +0600] "GET /content/view/484/ HTTP/1.0" 200 5136 "-" "Mozilla/5.0 (compatible; Googlebot/2.1; +http://www.google.com/bot.html)"
178.154.163.30 - - [30/May/2012:10:04:21 +0600] "GET /content/view/518/66/ HTTP/1.0" 200 6009 "-" "Mozilla/5.0 (compatible; YandexBot/3.0; +http://yandex.com/bots)"
178.154.163.30 - - [30/May/2012:10:05:50 +0600] "GET /content/view/797/210/ HTTP/1.0" 200 4038 "-" "Mozilla/5.0 (compatible; YandexBot/3.0; +http://yandex.com/bots)"
66.249.66.77 - - [30/May/2012:10:06:13 +0600] "GET /content/view/579/ HTTP/1.0" 200 4880 "-" "Mozilla/5.0 (compatible; Googlebot/2.1; +http://www.google.com/bot.html)"
31.8.102.143 - - [30/May/2012:10:07:08 +0600] "GET /content/view/204/47/ HTTP/1.0" 200 10212 "http://go.mail.ru/search?mailru=1&q=%D0%BC%D0%BE%D0%B4%D0%B5%D0%BB%D1%8C%D0%BD%D1%8B%D0%B5+%D0%B4%D0%B5%D1%82%D1%81%D0%BA%D0%B8%D0%B5+%D0%B1%D0%B8%D0%B1%D0%BB%D0%B8%D0%BE%D1%82%D0%B5%D0%BA%D0%B8" "Opera/9.80 (Windows NT 5.1; U; ru) Presto/2.5.24 Version/10.53"
178.154.163.30 - - [30/May/2012:10:07:17 +0600] "GET /content/view/578/66/ HTTP/1.0" 200 5974 "-" "Mozilla/5.0 (compatible; YandexBot/3.0; +http://yandex.com/bots)"
95.108.141.3 - - [30/May/2012:10:08:45 +0600] "HEAD /content/blogcategory/1/66 HTTP/1.0" 200 - "-" "Mozilla/5.0 (compatible; YandexSitelinks; Dyatel; +http://yandex.com/bots)"
178.154.163.30 - - [30/May/2012:10:08:46 +0600] "GET /files/scen_prazd/wooman.pdf HTTP/1.0" 304 - "-" "Mozilla/5.0 (compatible; YandexBot/3.0; +http://yandex.com/bots)"
178.154.163.30 - - [30/May/2012:10:10:12 +0600] "GET /content/view/669/222/ HTTP/1.0" 200 5263 "-" "Mozilla/5.0 (compatible; YandexBot/3.0; +http://yandex.com/bots)"
178.154.163.30 - - [30/May/2012:10:11:10 +0600] "GET /content/view/991/66/ HTTP/1.0" 200 6152 "-" "Mozilla/5.0 (compatible; YandexBot/3.0; +http://yandex.com/bots)"
178.154.163.30 - - [30/May/2012:10:12:38 +0600] "GET /content/view/433/161/ HTTP/1.0" 200 5966 "-" "Mozilla/5.0 (compatible; YandexBot/3.0; +http://yandex.com/bots)"
178.154.163.30 - - [30/May/2012:10:14:03 +0600] "GET /content/view/266/66/ HTTP/1.0" 200 5773 "-" "Mozilla/5.0 (compatible; YandexBot/3.0; +http://yandex.com/bots)"
66.249.66.77 - - [30/May/2012:10:14:40 +0600] "GET /content/view/495/66/ HTTP/1.0" 200 5930 "-" "Mozilla/5.0 (compatible; Googlebot/2.1; +http://www.google.com/bot.html)"
178.154.163.30 - - [30/May/2012:10:15:30 +0600] "GET /content/view/223/66 HTTP/1.0" 200 6868 "-" "Mozilla/5.0 (compatible; YandexBot/3.0; +http://yandex.com/bots)"
65.52.108.200 - - [30/May/2012:10:16:49 +0600] "GET /content/view/418/201/ HTTP/1.0" 200 5859 "-" "Mozilla/5.0 (compatible; bingbot/2.0; +http://www.bing.com/bingbot.htm)"
178.154.163.30 - - [30/May/2012:10:16:56 +0600] "GET /content/category/18/48/227/ HTTP/1.0" 200 3516 "-" "Mozilla/5.0 (compatible; YandexBot/3.0; +http://yandex.com/bots)"
94.41.82.194 - - [30/May/2012:10:17:32 +0600] "GET / HTTP/1.0" 200 6534 "http://yandex.ru/yandsearch?text=csdb.ufanet.ru&clid=47639&lr=172" "Mozilla/5.0 (Windows NT 5.1) AppleWebKit/536.5 (KHTML, like Gecko) Chrome/19.0.1084.46 Safari/536.5"
94.41.82.194 - - [30/May/2012:10:17:35 +0600] "GET /content/blogcategory/1/66/ HTTP/1.0" 200 7563 "http://csdb.ufanet.ru/" "Mozilla/5.0 (Windows NT 5.1) AppleWebKit/536.5 (KHTML, like Gecko) Chrome/19.0.1084.46 Safari/536.5"
94.41.82.194 - - [30/May/2012:10:17:47 +0600] "GET / HTTP/1.0" 200 6562 "http://yandex.ru/yandsearch?text=csdb.ufanet.ru&clid=47639&lr=172" "Mozilla/5.0 (Windows NT 5.1) AppleWebKit/536.5 (KHTML, like Gecko) Chrome/19.0.1084.46 Safari/536.5"
178.154.163.30 - - [30/May/2012:10:18:30 +0600] "GET /content/view/59/53 HTTP/1.0" 200 21654 "-" "Mozilla/5.0 (compatible; YandexBot/3.0; +http://yandex.com/bots)"
178.129.2.184 - - [30/May/2012:10:18:33 +0600] "GET /content/view/976/1/ HTTP/1.0" 200 7392 "http://yandex.ru/yandsearch?text=%D0%BC%D0%B5%D1%80%D0%BE%D0%BF%D1%80%D0%B8%D1%8F%D1%82%D0%B8%D0%B5+%D0%BA%D0%BE+%D0%B4%D0%BD%D1%8F+%D0%B7%D0%B0%D1%89%D0%B8%D1%82%D1%8B+%D0%B4%D0%B5%D1%82%D0%B5%D0%B9&clid=9403&lr=172" "Opera/9.80 (Windows NT 6.1; U; ru) Presto/2.9.168 Version/11.52"
92.50.158.190 - - [30/May/2012:10:18:34 +0600] "GET /content/view/127/130/ HTTP/1.0" 200 17452 "http://www.google.ru/url?sa=t&rct=j&q=%D0%BC%D1%83%D1%81%D1%82%D0%B0%D0%B9+%D0%BA%D0%B0%D1%80%D0%B8%D0%BC+%D0%B6%D0%B5%D0%BD%D0%B0+%D0%B8+%D0%B4%D0%B5%D1%82%D0%B8&source=web&cd=4&ved=0CFgQFjAD&url=http%3A%2F%2Fcsdb.ufanet.ru%2Fcontent%2Fview%2F127%2F130%2F&ei=jJ_FT7CZMY26-AbUmom4BQ&usg=AFQjCNHpGD30914QxYa5Xv1wVkxWNZstmg&cad=rjt" "Mozilla/5.0 (Windows NT 5.1; rv:12.0) Gecko/20100101 Firefox/12.0"
178.154.163.30 - - [30/May/2012:10:19:55 +0600] "GET /content/view/156/52/ HTTP/1.0" 200 6162 "-" "Mozilla/5.0 (compatible; YandexBot/3.0; +http://yandex.com/bots)"
178.154.163.30 - - [30/May/2012:10:21:22 +0600] "GET /content/view/442/210 HTTP/1.0" 200 4574 "-" "Mozilla/5.0 (compatible; YandexBot/3.0; +http://yandex.com/bots)"
66.249.66.77 - - [30/May/2012:10:22:15 +0600] "GET /content/view/557/5/ HTTP/1.0" 200 6621 "-" "Mozilla/5.0 (compatible; Googlebot/2.1; +http://www.google.com/bot.html)"
178.154.163.30 - - [30/May/2012:10:22:48 +0600] "GET /content/view/958/66/ HTTP/1.0" 200 5908 "-" "Mozilla/5.0 (compatible; YandexBot/3.0; +http://yandex.com/bots)"
66.249.71.59 - - [30/May/2012:10:23:57 +0600] "GET /content/view/555/ HTTP/1.0" 200 5262 "-" "Mozilla/5.0 (compatible; Googlebot/2.1; +http://www.google.com/bot.html)"
178.154.163.30 - - [30/May/2012:10:24:14 +0600] "GET /content/view/794/64/ HTTP/1.0" 200 5718 "-" "Mozilla/5.0 (compatible; YandexBot/3.0; +http://yandex.com/bots)"
178.129.2.184 - - [30/May/2012:10:24:56 +0600] "GET /content/view/53/47 HTTP/1.0" 200 7378 "http://yandex.ru/yandsearch?text=%D0%A1%D1%86%D0%B5%D0%BD%D0%B0%D1%80%D0%B8%D0%B9+%D0%BC%D0%B5%D1%80%D0%BE%D0%BF%D1%80%D0%B8%D1%8F%D1%82%D0%B8%D1%8F+%D0%B4%D0%BD%D1%8F+%D0%B7%D0%B0%D1%89%D0%B8%D1%82%D1%8B+%D0%B4%D0%B5%D1%82%D0%B5%D0%B9+%D0%B4%D0%BB%D1%8F+%D0%B4%D0%B5%D1%82%D1%81%D0%BA%D0%BE%D0%B9+%D0%B1%D0%B8%D0%B1%D0%BB%D0%B8%D0%BE%D1%82%D0%B5%D0%BA%D0%B8&clid=9582&lr=172" "Opera/9.80 (Windows NT 6.1; U; ru) Presto/2.9.168 Version/11.52"
65.52.111.7 - - [30/May/2012:10:25:14 +0600] "GET /content/blogcategory/1/66/5/30/ HTTP/1.0" 200 6954 "-" "Mozilla/5.0 (compatible; bingbot/2.0; +http://www.bing.com/bingbot.htm)"
66.249.66.77 - - [30/May/2012:10:26:03 +0600] "GET /content/view/496/66/ HTTP/1.0" 200 5840 "-" "Mozilla/5.0 (compatible; Googlebot/2.1; +http://www.google.com/bot.html)"
178.154.163.30 - - [30/May/2012:10:26:11 +0600] "GET /content/view/375/52/ HTTP/1.0" 200 5557 "-" "Mozilla/5.0 (compatible; YandexBot/3.0; +http://yandex.com/bots)"
66.249.66.77 - - [30/May/2012:10:26:28 +0600] "GET /content/view/256/67/ HTTP/1.0" 200 3920 "-" "Mozilla/5.0 (compatible; Googlebot/2.1; +http://www.google.com/bot.html)"
66.249.66.77 - - [30/May/2012:10:26:35 +0600] "GET /index2.php?option=com_content&task=view&id=579&pop=1&page=0 HTTP/1.0" 200 1418 "-" "Mozilla/5.0 (compatible; Googlebot/2.1; +http://www.google.com/bot.html)"
178.154.163.30 - - [30/May/2012:10:27:37 +0600] "GET /content/view/47/160/ HTTP/1.0" 200 6074 "-" "Mozilla/5.0 (compatible; YandexBot/3.0; +http://yandex.com/bots)"
66.249.71.59 - - [30/May/2012:10:28:35 +0600] "GET /content/view/158/90/ HTTP/1.0" 200 4940 "-" "Mozilla/5.0 (compatible; Googlebot/2.1; +http://www.google.com/bot.html)"
178.154.163.30 - - [30/May/2012:10:29:09 +0600] "GET /content/view/71/66/ HTTP/1.0" 200 6002 "-" "Mozilla/5.0 (compatible; YandexBot/3.0; +http://yandex.com/bots)"
178.154.163.30 - - [30/May/2012:10:30:37 +0600] "GET /content/view/520/ HTTP/1.0" 200 4079 "-" "Mozilla/5.0 (compatible; YandexBot/3.0; +http://yandex.com/bots)"
178.129.2.184 - - [30/May/2012:10:31:02 +0600] "GET /content/view/53/47/ HTTP/1.0" 200 7375 "http://www.google.ru/url?sa=t&rct=j&q=%D1%81%D1%86%D0%B5%D0%BD%D0%B0%D1%80%D0%B8%D0%B9%20%D0%BC%D0%B5%D1%80%D0%BE%D0%BF%D1%80%D0%B8%D1%8F%D1%82%D0%B8%D1%8F%20%D0%B4%D0%BD%D1%8F%20%D0%B7%D0%B0%D1%89%D0%B8%D1%82%D1%8B%20%D0%B4%D0%B5%D1%82%D0%B5%D0%B9%20%D0%B4%D0%BB%D1%8F%20%D0%B4%D0%B5%D1%82%D1%81%D0%BA%D0%BE%D0%B9%20%D0%B1%D0%B8%D0%B1%D0%BB%D0%B8%D0%BE%D1%82%D0%B5%D0%BA%D0%B8&source=web&cd=20&ved=0CG0QFjAJOAo&url=http%3A%2F%2Fcsdb.ufanet.ru%2Fcontent%2Fview%2F53%2F47%2F&ei=EKLFT93pKYf3sga17Yz0Ag&usg=AFQjCNF6o4KcqLLmeh4J7c6RftwAd23QCQ&cad=rjt" "Opera/9.80 (Windows NT 6.1; U; ru) Presto/2.9.168 Version/11.52"
178.129.2.184 - - [30/May/2012:10:31:17 +0600] "GET /content/view/888/256/ HTTP/1.0" 200 8297 "http://csdb.ufanet.ru/content/view/53/47/" "Opera/9.80 (Windows NT 6.1; U; ru) Presto/2.9.168 Version/11.52"
178.154.163.30 - - [30/May/2012:10:32:04 +0600] "GET /content/view/205/66/ HTTP/1.0" 200 6285 "-" "Mozilla/5.0 (compatible; YandexBot/3.0; +http://yandex.com/bots)"
178.154.163.30 - - [30/May/2012:10:32:09 +0600] "GET /content/view/991/66/ HTTP/1.0" 200 6152 "-" "Mozilla/5.0 (compatible; YandexBot/3.0; +http://yandex.com/bots)"
178.154.163.30 - - [30/May/2012:10:33:35 +0600] "GET /content/category/8/23/55 HTTP/1.0" 200 5358 "-" "Mozilla/5.0 (compatible; YandexBot/3.0; +http://yandex.com/bots)"
176.9.155.226 - - [30/May/2012:10:34:48 +0600] "GET / HTTP/1.0" 200 24967 "-" "Mozilla/5.0 (compatible; SISTRIX Crawler; http://crawler.sistrix.net/)"
176.9.155.226 - - [30/May/2012:10:34:48 +0600] "GET /mb38/ HTTP/1.0" 200 14902 "-" "Mozilla/5.0 (compatible; SISTRIX Crawler; http://crawler.sistrix.net/)"
176.9.155.226 - - [30/May/2012:10:34:48 +0600] "GET /content/blogcategory/1/66/ HTTP/1.0" 200 32466 "-" "Mozilla/5.0 (compatible; SISTRIX Crawler; http://crawler.sistrix.net/)"
176.9.155.226 - - [30/May/2012:10:34:49 +0600] "GET /content/view/982/1/ HTTP/1.0" 200 23625 "-" "Mozilla/5.0 (compatible; SISTRIX Crawler; http://crawler.sistrix.net/)"
176.9.155.226 - - [30/May/2012:10:34:49 +0600] "GET /content/category/7/20/52/ HTTP/1.0" 200 22783 "-" "Mozilla/5.0 (compatible; SISTRIX Crawler; http://crawler.sistrix.net/)"
176.9.155.226 - - [30/May/2012:10:34:50 +0600] "GET /content/view/397/189/ HTTP/1.0" 200 18676 "-" "Mozilla/5.0 (compatible; SISTRIX Crawler; http://crawler.sistrix.net/)"
176.9.155.226 - - [30/May/2012:10:34:50 +0600] "GET /content/section/6/53/ HTTP/1.0" 200 19797 "-" "Mozilla/5.0 (compatible; SISTRIX Crawler; http://crawler.sistrix.net/)"
176.9.155.226 - - [30/May/2012:10:34:51 +0600] "GET /content/view/993/1/ HTTP/1.0" 200 22155 "-" "Mozilla/5.0 (compatible; SISTRIX Crawler; http://crawler.sistrix.net/)"
176.9.155.226 - - [30/May/2012:10:34:51 +0600] "GET /content/category/14/42/183/ HTTP/1.0" 200 23550 "-" "Mozilla/5.0 (compatible; SISTRIX Crawler; http://crawler.sistrix.net/)"
176.9.155.226 - - [30/May/2012:10:34:52 +0600] "GET /content/view/18/157/ HTTP/1.0" 200 22589 "-" "Mozilla/5.0 (compatible; SISTRIX Crawler; http://crawler.sistrix.net/)"
176.9.155.226 - - [30/May/2012:10:34:52 +0600] "GET /content/category/14/43/192/ HTTP/1.0" 200 20604 "-" "Mozilla/5.0 (compatible; SISTRIX Crawler; http://crawler.sistrix.net/)"
176.9.155.226 - - [30/May/2012:10:34:53 +0600] "GET /content/view/20/157/ HTTP/1.0" 200 22598 "-" "Mozilla/5.0 (compatible; SISTRIX Crawler; http://crawler.sistrix.net/)"
176.9.155.226 - - [30/May/2012:10:34:53 +0600] "GET /content/section/8/55/ HTTP/1.0" 200 19821 "-" "Mozilla/5.0 (compatible; SISTRIX Crawler; http://crawler.sistrix.net/)"
176.9.155.226 - - [30/May/2012:10:34:54 +0600] "GET /content/view/976/1/ HTTP/1.0" 200 30458 "-" "Mozilla/5.0 (compatible; SISTRIX Crawler; http://crawler.sistrix.net/)"
176.9.155.226 - - [30/May/2012:10:34:54 +0600] "GET /component/option,com_search/Itemid,5/ HTTP/1.0" 200 20795 "-" "Mozilla/5.0 (compatible; SISTRIX Crawler; http://crawler.sistrix.net/)"
176.9.155.226 - - [30/May/2012:10:34:55 +0600] "GET /content/view/983/66/ HTTP/1.0" 200 22035 "-" "Mozilla/5.0 (compatible; SISTRIX Crawler; http://crawler.sistrix.net/)"
176.9.155.226 - - [30/May/2012:10:34:55 +0600] "GET /content/category/12/40/86/ HTTP/1.0" 200 20770 "-" "Mozilla/5.0 (compatible; SISTRIX Crawler; http://crawler.sistrix.net/)"
176.9.155.226 - - [30/May/2012:10:34:56 +0600] "GET /content/view/22/157/ HTTP/1.0" 200 21853 "-" "Mozilla/5.0 (compatible; SISTRIX Crawler; http://crawler.sistrix.net/)"
176.9.155.226 - - [30/May/2012:10:34:56 +0600] "GET /content/view/382/158/ HTTP/1.0" 200 23572 "-" "Mozilla/5.0 (compatible; SISTRIX Crawler; http://crawler.sistrix.net/)"
176.9.155.226 - - [30/May/2012:10:34:56 +0600] "GET /content/view/310/91/ HTTP/1.0" 200 19611 "-" "Mozilla/5.0 (compatible; SISTRIX Crawler; http://crawler.sistrix.net/)"
176.9.155.226 - - [30/May/2012:10:34:57 +0600] "GET /component/option,com_wrapper/Itemid,235/ HTTP/1.0" 200 15373 "-" "Mozilla/5.0 (compatible; SISTRIX Crawler; http://crawler.sistrix.net/)"
176.9.155.226 - - [30/May/2012:10:34:57 +0600] "GET /content/view/983/1/ HTTP/1.0" 200 23412 "-" "Mozilla/5.0 (compatible; SISTRIX Crawler; http://crawler.sistrix.net/)"
176.9.155.226 - - [30/May/2012:10:34:58 +0600] "GET /component/option,com_contact/Itemid,3/ HTTP/1.0" 200 26247 "-" "Mozilla/5.0 (compatible; SISTRIX Crawler; http://crawler.sistrix.net/)"
176.9.155.226 - - [30/May/2012:10:34:59 +0600] "GET /content/view/533/1/ HTTP/1.0" 200 23773 "-" "Mozilla/5.0 (compatible; SISTRIX Crawler; http://crawler.sistrix.net/)"
176.9.155.226 - - [30/May/2012:10:34:59 +0600] "GET /content/category/5/18/47/ HTTP/1.0" 200 21550 "-" "Mozilla/5.0 (compatible; SISTRIX Crawler; http://crawler.sistrix.net/)"
176.9.155.226 - - [30/May/2012:10:34:59 +0600] "GET /content/view/969/1/ HTTP/1.0" 200 22921 "-" "Mozilla/5.0 (compatible; SISTRIX Crawler; http://crawler.sistrix.net/)"
176.9.155.226 - - [30/May/2012:10:35:00 +0600] "GET /content/view/378/105/ HTTP/1.0" 200 24107 "-" "Mozilla/5.0 (compatible; SISTRIX Crawler; http://crawler.sistrix.net/)"
176.9.155.226 - - [30/May/2012:10:35:00 +0600] "GET /content/view/970/1/ HTTP/1.0" 200 56165 "-" "Mozilla/5.0 (compatible; SISTRIX Crawler; http://crawler.sistrix.net/)"
178.154.163.30 - - [30/May/2012:10:35:01 +0600] "GET /content/view/768/222/ HTTP/1.0" 200 4967 "-" "Mozilla/5.0 (compatible; YandexBot/3.0; +http://yandex.com/bots)"
176.9.155.226 - - [30/May/2012:10:35:01 +0600] "GET /component/option,com_frontpage/Itemid,1/ HTTP/1.0" 200 24997 "-" "Mozilla/5.0 (compatible; SISTRIX Crawler; http://crawler.sistrix.net/)"
176.9.155.226 - - [30/May/2012:10:35:01 +0600] "GET /content/view/989/1/ HTTP/1.0" 200 22279 "-" "Mozilla/5.0 (compatible; SISTRIX Crawler; http://crawler.sistrix.net/)"
178.154.163.30 - - [30/May/2012:10:39:19 +0600] "GET /content/view/454/90/ HTTP/1.0" 200 3589 "-" "Mozilla/5.0 (compatible; YandexBot/3.0; +http://yandex.com/bots)"
178.154.163.30 - - [30/May/2012:10:40:43 +0600] "GET /content/view/954/66/ HTTP/1.0" 200 5877 "-" "Mozilla/5.0 (compatible; YandexBot/3.0; +http://yandex.com/bots)"
95.108.129.207 - - [30/May/2012:10:41:15 +0600] "GET / HTTP/1.0" 200 24962 "-" "Mozilla/5.0 (compatible; YandexMetrika/2.0; +http://yandex.com/bots)"
178.154.163.30 - - [30/May/2012:10:42:11 +0600] "GET /content/view/821/1/ HTTP/1.0" 200 5583 "-" "Mozilla/5.0 (compatible; YandexBot/3.0; +http://yandex.com/bots)"
178.154.163.30 - - [30/May/2012:10:43:42 +0600] "GET /content/view/757/66/ HTTP/1.0" 200 6235 "-" "Mozilla/5.0 (compatible; YandexBot/3.0; +http://yandex.com/bots)"
65.52.108.200 - - [30/May/2012:10:44:14 +0600] "GET /content/view/400/53/ HTTP/1.0" 200 6056 "-" "Mozilla/5.0 (compatible; bingbot/2.0; +http://www.bing.com/bingbot.htm)"
207.46.204.137 - - [30/May/2012:10:44:16 +0600] "GET /content/blogcategory/35/75/ HTTP/1.0" 200 5341 "-" "msnbot-media/1.1 (+http://search.msn.com/msnbot.htm)"
178.154.163.30 - - [30/May/2012:10:45:08 +0600] "GET /content/view/288/ HTTP/1.0" 200 38604 "-" "Mozilla/5.0 (compatible; YandexBot/3.0; +http://yandex.com/bots)"
178.154.163.30 - - [30/May/2012:10:46:08 +0600] "GET /content/view/369/52/ HTTP/1.0" 200 5881 "-" "Mozilla/5.0 (compatible; YandexBot/3.0; +http://yandex.com/bots)"
178.154.163.30 - - [30/May/2012:10:47:48 +0600] "GET /content/view/751/1 HTTP/1.0" 200 5560 "-" "Mozilla/5.0 (compatible; YandexBot/3.0; +http://yandex.com/bots)"
178.154.163.30 - - [30/May/2012:10:49:27 +0600] "GET /content/view/357/86/ HTTP/1.0" 200 6851 "-" "Mozilla/5.0 (compatible; YandexBot/3.0; +http://yandex.com/bots)"
178.154.163.30 - - [30/May/2012:10:51:02 +0600] "GET /files/articles/%D0%90%D0%BD%D0%B0%D0%BB%D0%B8%D0%B7%20%D1%80%D0%B0%D0%B1%D0%BE%D1%82%D1%8B%20%D0%B7%D0%B0%202010%20%D0%B3.pdf HTTP/1.0" 304 - "-" "Mozilla/5.0 (compatible; YandexBot/3.0; +http://yandex.com/bots)"
31.184.238.59 - - [30/May/2012:10:51:55 +0600] "GET /index.php HTTP/1.0" 200 24927 "http://csdb.ufanet.ru/index.php" "Mozilla/4.76 [en] (Windows NT 5.0; U)"
31.8.201.182 - - [30/May/2012:10:52:31 +0600] "GET / HTTP/1.0" 200 6488 "http://yandex.ru/yandsearch?text=%D0%BE++%D0%B4%D0%B5%D1%82%D1%81%D0%BA%D0%BE%D0%B9+%D0%B1%D0%B8%D0%B1%D0%BB%D0%B8%D0%BE%D1%82%D0%B5%D0%BA%D0%B5+%D0%BD%D0%B0+%D0%B2%D1%8B%D1%81%D1%82%D0%B0%D0%B2%D0%BA%D0%B5&clid=9403&lr=172" "Opera/9.80 (Windows NT 6.1; U; MRA 5.9 (build 4953); ru) Presto/2.10.229 Version/11.64"
31.8.201.182 - - [30/May/2012:10:52:33 +0600] "GET /images/cgdb.swf HTTP/1.0" 200 19792297 "http://csdb.ufanet.ru/" "Opera/9.80 (Windows NT 6.1; U; MRA 5.9 (build 4953); ru) Presto/2.10.229 Version/11.64"
178.154.163.30 - - [30/May/2012:10:52:47 +0600] "GET /content/view/412/66/ HTTP/1.0" 200 5994 "-" "Mozilla/5.0 (compatible; YandexBot/3.0; +http://yandex.com/bots)"
178.154.163.30 - - [30/May/2012:10:53:12 +0600] "GET /content/view/991/66/ HTTP/1.0" 200 6153 "-" "Mozilla/5.0 (compatible; YandexBot/3.0; +http://yandex.com/bots)"
94.41.150.232 - - [30/May/2012:10:54:04 +0600] "GET /administrator/ HTTP/1.0" 200 1314 "-" "Mozilla/5.0 (Windows NT 6.1; rv:12.0) Gecko/20100101 Firefox/12.0"
94.41.150.232 - - [30/May/2012:10:54:16 +0600] "POST /administrator/index.php HTTP/1.0" 200 54 "http://csdb.ufanet.ru/administrator/" "Mozilla/5.0 (Windows NT 6.1; rv:12.0) Gecko/20100101 Firefox/12.0"
94.41.150.232 - - [30/May/2012:10:54:16 +0600] "GET /administrator/index2.php HTTP/1.0" 200 9745 "http://csdb.ufanet.ru/administrator/index.php" "Mozilla/5.0 (Windows NT 6.1; rv:12.0) Gecko/20100101 Firefox/12.0"
94.41.150.232 - - [30/May/2012:10:54:33 +0600] "GET /administrator/index2.php?option=com_frontpage HTTP/1.0" 200 10080 "http://csdb.ufanet.ru/administrator/index2.php" "Mozilla/5.0 (Windows NT 6.1; rv:12.0) Gecko/20100101 Firefox/12.0"
94.41.150.232 - - [30/May/2012:10:54:39 +0600] "GET /administrator/index2.php?option=com_content&sectionid=0&task=edit&hidemainmenu=1&id=993 HTTP/1.0" 200 50563 "http://csdb.ufanet.ru/administrator/index2.php?option=com_frontpage" "Mozilla/5.0 (Windows NT 6.1; rv:12.0) Gecko/20100101 Firefox/12.0"
94.41.150.232 - - [30/May/2012:10:54:53 +0600] "POST /administrator/index2.php HTTP/1.0" 301 - "http://csdb.ufanet.ru/administrator/index2.php?option=com_content&sectionid=0&task=edit&hidemainmenu=1&id=993" "Mozilla/5.0 (Windows NT 6.1; rv:12.0) Gecko/20100101 Firefox/12.0"
94.41.150.232 - - [30/May/2012:10:54:54 +0600] "GET /administrator/index2.php?option=com_content&sectionid=0 HTTP/1.0" 200 12089 "http://csdb.ufanet.ru/administrator/index2.php?option=com_content&sectionid=0&task=edit&hidemainmenu=1&id=993" "Mozilla/5.0 (Windows NT 6.1; rv:12.0) Gecko/20100101 Firefox/12.0"
94.41.150.232 - - [30/May/2012:10:55:04 +0600] "GET /administrator/index2.php?option=com_frontpage HTTP/1.0" 200 10080 "http://csdb.ufanet.ru/administrator/index2.php?option=com_content&sectionid=0" "Mozilla/5.0 (Windows NT 6.1; rv:12.0) Gecko/20100101 Firefox/12.0"
94.41.150.232 - - [30/May/2012:10:55:10 +0600] "POST /administrator/index2.php HTTP/1.0" 301 - "http://csdb.ufanet.ru/administrator/index2.php?option=com_frontpage" "Mozilla/5.0 (Windows NT 6.1; rv:12.0) Gecko/20100101 Firefox/12.0"
94.41.150.232 - - [30/May/2012:10:55:10 +0600] "GET /administrator/index2.php?option=com_frontpage HTTP/1.0" 200 10081 "http://csdb.ufanet.ru/administrator/index2.php?option=com_frontpage" "Mozilla/5.0 (Windows NT 6.1; rv:12.0) Gecko/20100101 Firefox/12.0"
212.92.236.228 - - [30/May/2012:10:55:10 +0600] "GET /content/blogcategory/1/66/ HTTP/1.0" 200 7564 "-" "Mozilla/5.0 (Windows NT 6.1) AppleWebKit/536.5 (KHTML, like Gecko) Chrome/19.0.1084.52 Safari/536.5"
178.154.163.30 - - [30/May/2012:10:55:13 +0600] "GET /content/view/333/181/ HTTP/1.0" 200 4625 "-" "Mozilla/5.0 (compatible; YandexBot/3.0; +http://yandex.com/bots)"
94.41.150.232 - - [30/May/2012:10:55:36 +0600] "GET / HTTP/1.0" 200 6460 "-" "Mozilla/5.0 (Windows NT 6.1) AppleWebKit/536.5 (KHTML, like Gecko) Chrome/19.0.1084.46 Safari/536.5"
65.52.111.7 - - [30/May/2012:10:56:13 +0600] "GET /content/view/494/222/ HTTP/1.0" 200 4805 "-" "Mozilla/5.0 (compatible; bingbot/2.0; +http://www.bing.com/bingbot.htm)"
94.41.150.232 - - [30/May/2012:10:56:24 +0600] "GET /content/view/982/1/ HTTP/1.0" 200 6589 "http://csdb.ufanet.ru/" "Mozilla/5.0 (Windows NT 6.1) AppleWebKit/536.5 (KHTML, like Gecko) Chrome/19.0.1084.46 Safari/536.5"
178.154.163.30 - - [30/May/2012:10:57:10 +0600] "GET /content/view/261/66/ HTTP/1.0" 200 6572 "-" "Mozilla/5.0 (compatible; YandexBot/3.0; +http://yandex.com/bots)"
94.41.150.232 - - [30/May/2012:10:57:14 +0600] "GET / HTTP/1.0" 200 6488 "-" "Mozilla/5.0 (Windows NT 6.1) AppleWebKit/536.5 (KHTML, like Gecko) Chrome/19.0.1084.46 Safari/536.5"
94.41.150.232 - - [30/May/2012:10:57:41 +0600] "GET /administrator/index2.php?option=com_content&sectionid=0&task=edit&hidemainmenu=1&id=844 HTTP/1.0" 200 50622 "http://csdb.ufanet.ru/administrator/index2.php?option=com_frontpage" "Mozilla/5.0 (Windows NT 6.1; rv:12.0) Gecko/20100101 Firefox/12.0"
94.41.150.232 - - [30/May/2012:10:57:50 +0600] "POST /administrator/index2.php HTTP/1.0" 301 - "http://csdb.ufanet.ru/administrator/index2.php?option=com_content&sectionid=0&task=edit&hidemainmenu=1&id=844" "Mozilla/5.0 (Windows NT 6.1; rv:12.0) Gecko/20100101 Firefox/12.0"
94.41.150.232 - - [30/May/2012:10:57:50 +0600] "GET /administrator/index2.php?option=com_content&sectionid=0 HTTP/1.0" 200 12089 "http://csdb.ufanet.ru/administrator/index2.php?option=com_content&sectionid=0&task=edit&hidemainmenu=1&id=844" "Mozilla/5.0 (Windows NT 6.1; rv:12.0) Gecko/20100101 Firefox/12.0"
94.41.150.232 - - [30/May/2012:10:57:54 +0600] "GET /administrator/index2.php?option=com_frontpage HTTP/1.0" 200 10081 "http://csdb.ufanet.ru/administrator/index2.php?option=com_content&sectionid=0" "Mozilla/5.0 (Windows NT 6.1; rv:12.0) Gecko/20100101 Firefox/12.0"
94.41.150.232 - - [30/May/2012:10:58:05 +0600] "GET /administrator/index2.php?option=com_content&sectionid=0&task=edit&hidemainmenu=1&id=942 HTTP/1.0" 200 52191 "http://csdb.ufanet.ru/administrator/index2.php?option=com_frontpage" "Mozilla/5.0 (Windows NT 6.1; rv:12.0) Gecko/20100101 Firefox/12.0"
178.154.163.30 - - [30/May/2012:10:58:56 +0600] "GET /goroddetstva/7/5/22/22/SemCHydesSveta.ppt HTTP/1.0" 304 - "-" "Mozilla/5.0 (compatible; YandexBot/3.0; +http://yandex.com/bots)"
66.249.66.77 - - [30/May/2012:10:59:22 +0600] "GET /content/view/520/ HTTP/1.0" 200 4079 "-" "Mozilla/5.0 (compatible; Googlebot/2.1; +http://www.google.com/bot.html)"
94.41.150.232 - - [30/May/2012:11:00:17 +0600] "POST /administrator/index2.php HTTP/1.0" 301 - "http://csdb.ufanet.ru/administrator/index2.php?option=com_content&sectionid=0&task=edit&hidemainmenu=1&id=942" "Mozilla/5.0 (Windows NT 6.1; rv:12.0) Gecko/20100101 Firefox/12.0"
94.41.150.232 - - [30/May/2012:11:00:17 +0600] "GET /administrator/index2.php?option=com_content&sectionid=0 HTTP/1.0" 200 12089 "http://csdb.ufanet.ru/administrator/index2.php?option=com_content&sectionid=0&task=edit&hidemainmenu=1&id=942" "Mozilla/5.0 (Windows NT 6.1; rv:12.0) Gecko/20100101 Firefox/12.0"
94.41.150.232 - - [30/May/2012:11:00:21 +0600] "GET /administrator/index2.php?option=logout HTTP/1.0" 301 - "http://csdb.ufanet.ru/administrator/index2.php?option=com_content&sectionid=0" "Mozilla/5.0 (Windows NT 6.1; rv:12.0) Gecko/20100101 Firefox/12.0"
94.41.150.232 - - [30/May/2012:11:00:22 +0600] "GET /administrator/index.php HTTP/1.0" 200 1314 "http://csdb.ufanet.ru/administrator/index2.php?option=com_content&sectionid=0" "Mozilla/5.0 (Windows NT 6.1; rv:12.0) Gecko/20100101 Firefox/12.0"
94.41.150.232 - - [30/May/2012:11:00:26 +0600] "GET / HTTP/1.0" 200 6488 "-" "Mozilla/5.0 (Windows NT 6.1) AppleWebKit/536.5 (KHTML, like Gecko) Chrome/19.0.1084.46 Safari/536.5"
178.154.163.30 - - [30/May/2012:11:00:33 +0600] "GET /content/view/230/66/ HTTP/1.0" 200 6803 "-" "Mozilla/5.0 (compatible; YandexBot/3.0; +http://yandex.com/bots)"
178.154.163.30 - - [30/May/2012:11:01:04 +0600] "GET /content/view/103/152/ HTTP/1.0" 200 10877 "-" "Mozilla/5.0 (compatible; YandexDirect/3.0; +http://yandex.com/bots)"
95.108.141.3 - - [30/May/2012:11:01:14 +0600] "HEAD /component/option,com_wrapper/Itemid,235/ HTTP/1.0" 200 - "-" "Mozilla/5.0 (compatible; YandexSitelinks; Dyatel; +http://yandex.com/bots)"
178.154.163.30 - - [30/May/2012:11:02:41 +0600] "GET /content/view/820/1/ HTTP/1.0" 200 5586 "-" "Mozilla/5.0 (compatible; YandexBot/3.0; +http://yandex.com/bots)"
178.154.163.30 - - [30/May/2012:11:03:38 +0600] "GET /content/view/319/98 HTTP/1.0" 200 3876 "-" "Mozilla/5.0 (compatible; YandexBot/3.0; +http://yandex.com/bots)"
66.249.66.77 - - [30/May/2012:11:04:26 +0600] "GET /content/view/266/90/ HTTP/1.0" 200 4261 "-" "Mozilla/5.0 (compatible; Googlebot/2.1; +http://www.google.com/bot.html)"
178.154.163.30 - - [30/May/2012:11:05:30 +0600] "GET /content/view/779/210/ HTTP/1.0" 200 4092 "-" "Mozilla/5.0 (compatible; YandexBot/3.0; +http://yandex.com/bots)"
178.154.163.30 - - [30/May/2012:11:07:06 +0600] "GET /content/view/783/1/ HTTP/1.0" 200 5584 "-" "Mozilla/5.0 (compatible; YandexBot/3.0; +http://yandex.com/bots)"
66.249.71.59 - - [30/May/2012:11:07:52 +0600] "GET /content/view/713/5/ HTTP/1.0" 200 6458 "-" "Mozilla/5.0 (compatible; Googlebot/2.1; +http://www.google.com/bot.html)"
178.154.163.30 - - [30/May/2012:11:08:46 +0600] "GET /content/view/766/210/ HTTP/1.0" 200 4258 "-" "Mozilla/5.0 (compatible; YandexBot/3.0; +http://yandex.com/bots)"
94.41.82.194 - - [30/May/2012:11:09:58 +0600] "GET / HTTP/1.0" 200 6489 "http://yandex.ru/yandsearch?text=csdb+ufanet+ru&clid=931353&lr=172&msid=20939.27270.1338354505.93009" "Mozilla/5.0 (Windows NT 5.1; rv:12.0) Gecko/20100101 Firefox/12.0"
94.41.82.194 - - [30/May/2012:11:10:04 +0600] "GET /content/blogcategory/1/66/ HTTP/1.0" 200 7563 "http://csdb.ufanet.ru/" "Mozilla/5.0 (Windows NT 5.1; rv:12.0) Gecko/20100101 Firefox/12.0"
178.154.163.30 - - [30/May/2012:11:10:34 +0600] "GET /content/view/327/164/ HTTP/1.0" 200 17459 "-" "Mozilla/5.0 (compatible; YandexBot/3.0; +http://yandex.com/bots)"
66.249.67.5 - - [30/May/2012:11:11:31 +0600] "GET /content/view/713/1/ HTTP/1.0" 200 6873 "-" "Mozilla/5.0 (compatible; Googlebot/2.1; +http://www.google.com/bot.html)"
178.154.163.30 - - [30/May/2012:11:12:10 +0600] "GET /content/view/117/52/ HTTP/1.0" 200 6266 "-" "Mozilla/5.0 (compatible; YandexBot/3.0; +http://yandex.com/bots)"
157.55.17.195 - - [30/May/2012:11:12:41 +0600] "GET /index.php?option=com_content&task=blogcategory&id=1&Itemid=66&limit=5&limitstart=5 HTTP/1.0" 200 7583 "-" "Mozilla/5.0 (compatible; bingbot/2.0; +http://www.bing.com/bingbot.htm)"
178.154.163.30 - - [30/May/2012:11:14:02 +0600] "GET /content/blogcategory/49/234/ HTTP/1.0" 200 6074 "-" "Mozilla/5.0 (compatible; YandexBot/3.0; +http://yandex.com/bots)"
178.154.163.30 - - [30/May/2012:11:14:17 +0600] "GET /content/view/991/66/ HTTP/1.0" 200 6153 "-" "Mozilla/5.0 (compatible; YandexBot/3.0; +http://yandex.com/bots)"
178.154.163.30 - - [30/May/2012:11:15:48 +0600] "GET /content/view/549/52/ HTTP/1.0" 200 6013 "-" "Mozilla/5.0 (compatible; YandexBot/3.0; +http://yandex.com/bots)"
207.46.199.214 - - [30/May/2012:11:16:58 +0600] "GET /mb38/ HTTP/1.0" 200 14902 "-" "msnbot-media/1.1 (+http://search.msn.com/msnbot.htm)"
66.249.66.77 - - [30/May/2012:11:17:05 +0600] "GET /content/view/131/5/ HTTP/1.0" 200 6450 "-" "Mozilla/5.0 (compatible; Googlebot/2.1; +http://www.google.com/bot.html)"
178.154.163.30 - - [30/May/2012:11:18:36 +0600] "GET /files/articles/panorama.pdf HTTP/1.0" 304 - "-" "Mozilla/5.0 (compatible; YandexBot/3.0; +http://yandex.com/bots)"
176.195.82.174 - - [30/May/2012:11:19:15 +0600] "GET /goroddetstva/ HTTP/1.0" 200 1579 "http://yandex.ru/yandsearch?text=%f7%e8%f2%e0%e9+%e3%ee%f0%ee%e4&lr=213" "Mozilla/4.0 (compatible; MSIE 7.0; Windows NT 5.1)"
178.154.163.30 - - [30/May/2012:11:20:18 +0600] "GET /content/view/565/66/ HTTP/1.0" 200 5909 "-" "Mozilla/5.0 (compatible; YandexBot/3.0; +http://yandex.com/bots)"
65.52.109.62 - - [30/May/2012:11:20:41 +0600] "GET /index.php?option=com_content&task=view&id=50&Itemid=51 HTTP/1.0" 200 3004 "-" "Mozilla/5.0 (compatible; bingbot/2.0; +http://www.bing.com/bingbot.htm)"
178.129.2.184 - - [30/May/2012:11:21:20 +0600] "GET /content/view/53/47/ HTTP/1.0" 200 7379 "http://www.google.ru/url?sa=t&rct=j&q=%D1%81%D1%86%D0%B5%D0%BD%D0%B0%D1%80%D0%B8%D0%B9%20%D0%BA%D0%BE%20%D0%B4%D0%BD%D1%8E%20%D0%B7%D0%B0%D1%89%D0%B8%D1%82%D1%8B%20%D0%B4%D0%B5%D1%82%D0%B5%D0%B9%20%D0%B2%20%D0%B4%D0%B5%D1%82%D1%81%D0%BA%D0%BE%D0%B9%20%D0%B1%D0%B8%D0%B1%D0%BB%D0%B8%D0%BE%D1%82%D0%B5%D0%BA%D0%B8&source=web&cd=4&ved=0CFgQFjAD&url=http%3A%2F%2Fcsdb.ufanet.ru%2Fcontent%2Fview%2F53%2F47%2F&ei=_63FT_TkOcbQsgaT0NWKAw&usg=AFQjCNF6o4KcqLLmeh4J7c6RftwAd23QCQ&cad=rjt" "Opera/9.80 (Windows NT 6.1; U; ru) Presto/2.9.168 Version/11.52"
178.154.163.30 - - [30/May/2012:11:22:00 +0600] "GET /content/view/416/66/ HTTP/1.0" 200 6031 "-" "Mozilla/5.0 (compatible; YandexBot/3.0; +http://yandex.com/bots)"
66.249.66.77 - - [30/May/2012:11:23:53 +0600] "GET /content/view/224/5/ HTTP/1.0" 200 6738 "-" "Mozilla/5.0 (compatible; Googlebot/2.1; +http://www.google.com/bot.html)"
178.154.163.30 - - [30/May/2012:11:23:59 +0600] "GET /content/view/402/166/ HTTP/1.0" 200 4890 "-" "Mozilla/5.0 (compatible; YandexBot/3.0; +http://yandex.com/bots)"
178.154.163.30 - - [30/May/2012:11:25:41 +0600] "GET /content/view/824/66/ HTTP/1.0" 200 5859 "-" "Mozilla/5.0 (compatible; YandexBot/3.0; +http://yandex.com/bots)"
95.108.129.207 - - [30/May/2012:11:26:35 +0600] "GET / HTTP/1.0" 200 24238 "-" "Mozilla/5.0 (compatible; YandexMetrika/2.0; +http://yandex.com/bots)"
178.154.163.30 - - [30/May/2012:11:27:17 +0600] "GET /content/view/77/55 HTTP/1.0" 200 5964 "-" "Mozilla/5.0 (compatible; YandexBot/3.0; +http://yandex.com/bots)"
178.154.163.30 - - [30/May/2012:11:29:01 +0600] "GET /content/view/220/66/ HTTP/1.0" 200 6554 "-" "Mozilla/5.0 (compatible; YandexBot/3.0; +http://yandex.com/bots)"
178.154.163.30 - - [30/May/2012:11:30:36 +0600] "GET /content/view/433/218/ HTTP/1.0" 200 5966 "-" "Mozilla/5.0 (compatible; YandexBot/3.0; +http://yandex.com/bots)"
157.55.17.145 - - [30/May/2012:11:30:46 +0600] "GET /index.php?option=com_content&task=view&id=156&Itemid=52 HTTP/1.0" 200 6165 "-" "Mozilla/5.0 (compatible; bingbot/2.0; +http://www.bing.com/bingbot.htm)"
65.52.108.145 - - [30/May/2012:11:31:41 +0600] "GET /mb38/ HTTP/1.0" 304 - "-" "Mozilla/5.0 (compatible; bingbot/2.0; +http://www.bing.com/bingbot.htm)"
178.154.163.30 - - [30/May/2012:11:31:59 +0600] "GET /content/view/546/66/ HTTP/1.0" 200 6178 "-" "Mozilla/5.0 (compatible; YandexBot/3.0; +http://yandex.com/bots)"
92.50.170.82 - - [30/May/2012:11:32:49 +0600] "GET /content/view/976/1/ HTTP/1.0" 200 7455 "http://yandex.ru/yandsearch?text=%D0%BF%D0%BB%D0%B0%D0%BD+%D0%BC%D0%B5%D1%80%D0%BE%D0%BF%D1%80%D0%B8%D1%8F%D1%82%D0%B8%D0%B9+%D0%BA%D0%BE+%D0%B4%D0%BD%D1%8E+%D0%B7%D0%B0%D1%89%D0%B8%D1%82%D1%8B+%D0%B4%D0%B5%D1%82%D0%B5%D0%B9+2012&lr=172&rstr=-172" "Mozilla/5.0 (Windows NT 6.1; WOW64; rv:12.0) Gecko/20100101 Firefox/12.0"
66.249.71.59 - - [30/May/2012:11:33:45 +0600] "GET /content/view/713/ HTTP/1.0" 200 5389 "-" "Mozilla/5.0 (compatible; Googlebot/2.1; +http://www.google.com/bot.html)"
