66.249.66.77 - - [04/Jun/2012:16:12:54 +0600] "GET /index2.php?option=com_content&task=view&id=185&pop=1&page=0&Itemid=66 HTTP/1.0" 200 1440 "-" "Mozilla/5.0 (compatible; Googlebot/2.1; +http://www.google.com/bot.html)"
188.16.205.35 - - [04/Jun/2012:16:12:56 +0600] "GET /content/view/323/163/ HTTP/1.0" 200 11633 "http://csdb.ufanet.ru/content/view/397/189/" "Mozilla/5.0 (Windows NT 5.1; rv:12.0) Gecko/20100101 Firefox/12.0"
188.16.205.35 - - [04/Jun/2012:16:12:57 +0600] "GET /images/stories/videos/podsol.flv HTTP/1.0" 206 605432 "-" "Mozilla/5.0 (Windows NT 5.1; rv:12.0) Gecko/20100101 Firefox/12.0"
136.169.204.234 - - [04/Jun/2012:16:13:01 +0600] "GET / HTTP/1.0" 200 6470 "-" "Mozilla/5.0 (Windows NT 6.1) AppleWebKit/536.5 (KHTML, like Gecko) Chrome/19.0.1084.52 Safari/536.5"
136.169.204.234 - - [04/Jun/2012:16:13:04 +0600] "GET /content/view/310/91/ HTTP/1.0" 200 6109 "http://csdb.ufanet.ru/" "Mozilla/5.0 (Windows NT 6.1) AppleWebKit/536.5 (KHTML, like Gecko) Chrome/19.0.1084.52 Safari/536.5"
68.233.226.103 - - [04/Jun/2012:16:13:05 +0600] "GET /content/view/793/240/content/view/793/1/ HTTP/1.0" 200 15331 "-" "Mozilla/5.0 (Windows NT 5.1) AppleWebKit/535.2 (KHTML, like Gecko) Chrome/15.0.872.0 Safari/535.2"
136.169.204.234 - - [04/Jun/2012:16:13:11 +0600] "GET /content/blogcategory/45/210/ HTTP/1.0" 200 5123 "http://csdb.ufanet.ru/content/view/310/91/" "Mozilla/5.0 (Windows NT 6.1) AppleWebKit/536.5 (KHTML, like Gecko) Chrome/19.0.1084.52 Safari/536.5"
136.169.204.234 - - [04/Jun/2012:16:13:23 +0600] "GET /content/view/986/210/ HTTP/1.0" 200 4063 "http://csdb.ufanet.ru/content/blogcategory/45/210/" "Mozilla/5.0 (Windows NT 6.1) AppleWebKit/536.5 (KHTML, like Gecko) Chrome/19.0.1084.52 Safari/536.5"
136.169.204.234 - - [04/Jun/2012:16:13:38 +0600] "GET /content/blogcategory/45/210/ HTTP/1.0" 200 5123 "http://csdb.ufanet.ru/content/view/310/91/" "Mozilla/5.0 (Windows NT 6.1) AppleWebKit/536.5 (KHTML, like Gecko) Chrome/19.0.1084.52 Safari/536.5"
136.169.204.234 - - [04/Jun/2012:16:13:39 +0600] "GET /content/view/310/91/ HTTP/1.0" 200 6109 "http://csdb.ufanet.ru/" "Mozilla/5.0 (Windows NT 6.1) AppleWebKit/536.5 (KHTML, like Gecko) Chrome/19.0.1084.52 Safari/536.5"
136.169.204.234 - - [04/Jun/2012:16:13:58 +0600] "GET / HTTP/1.0" 200 6472 "-" "Mozilla/5.0 (Windows NT 6.1) AppleWebKit/536.5 (KHTML, like Gecko) Chrome/19.0.1084.52 Safari/536.5"
136.169.204.234 - - [04/Jun/2012:16:14:01 +0600] "GET /mb38/ HTTP/1.0" 200 14902 "http://csdb.ufanet.ru/" "Mozilla/5.0 (Windows NT 6.1) AppleWebKit/536.5 (KHTML, like Gecko) Chrome/19.0.1084.52 Safari/536.5"
136.169.204.234 - - [04/Jun/2012:16:14:01 +0600] "GET /images/mb/img38/free_access.swf HTTP/1.0" 200 7947129 "http://csdb.ufanet.ru/mb38/" "Mozilla/5.0 (Windows NT 6.1) AppleWebKit/536.5 (KHTML, like Gecko) Chrome/19.0.1084.52 Safari/536.5"
68.233.226.103 - - [04/Jun/2012:16:14:02 +0600] "GET /content/view/793/240/content/view/794/1/ HTTP/1.0" 200 15331 "-" "Mozilla/5.0 (Windows NT 5.1) AppleWebKit/535.2 (KHTML, like Gecko) Chrome/15.0.872.0 Safari/535.2"
178.154.163.30 - - [04/Jun/2012:16:14:02 +0600] "GET /content/view/940/5/ HTTP/1.0" 200 5093 "-" "Mozilla/5.0 (compatible; YandexDirect/3.0; +http://yandex.com/bots)"
136.169.204.234 - - [04/Jun/2012:16:15:14 +0600] "GET / HTTP/1.0" 200 6472 "-" "Mozilla/5.0 (Windows NT 6.1) AppleWebKit/536.5 (KHTML, like Gecko) Chrome/19.0.1084.52 Safari/536.5"
136.169.204.234 - - [04/Jun/2012:16:15:17 +0600] "GET /content/view/397/189/ HTTP/1.0" 200 5410 "http://csdb.ufanet.ru/" "Mozilla/5.0 (Windows NT 6.1) AppleWebKit/536.5 (KHTML, like Gecko) Chrome/19.0.1084.52 Safari/536.5"
136.169.204.234 - - [04/Jun/2012:16:15:20 +0600] "GET /content/blogcategory/46/222/ HTTP/1.0" 200 6307 "http://csdb.ufanet.ru/content/view/397/189/" "Mozilla/5.0 (Windows NT 6.1) AppleWebKit/536.5 (KHTML, like Gecko) Chrome/19.0.1084.52 Safari/536.5"
178.154.163.30 - - [04/Jun/2012:16:16:00 +0600] "GET /content/view/976/1/ HTTP/1.0" 200 7401 "-" "Mozilla/5.0 (compatible; YandexDirect/3.0; +http://yandex.com/bots)"
213.180.206.197 - - [04/Jun/2012:16:19:25 +0600] "GET / HTTP/1.0" 200 24016 "-" "Mozilla/5.0 (compatible; YandexMetrika/2.0; +http://yandex.com/bots)"
178.154.163.30 - - [04/Jun/2012:16:19:35 +0600] "GET /content/view/643/52/ HTTP/1.0" 200 8026 "-" "Mozilla/5.0 (compatible; YandexBot/3.0; +http://yandex.com/bots)"
178.154.163.30 - - [04/Jun/2012:16:19:54 +0600] "GET /content/blogcategory/1/66 HTTP/1.0" 200 7731 "-" "Mozilla/5.0 (compatible; YandexDirect/3.0; +http://yandex.com/bots)"
46.33.234.126 - - [04/Jun/2012:16:20:19 +0600] "GET /content/blogcategory/1/66/ HTTP/1.0" 200 7730 "-" "Mozilla/5.0 (Windows NT 6.1) AppleWebKit/536.5 (KHTML, like Gecko) Chrome/19.0.1084.52 Safari/536.5"
178.154.163.30 - - [04/Jun/2012:16:21:50 +0600] "GET /content/category/12/40/86/ HTTP/1.0" 200 5631 "-" "Mozilla/5.0 (compatible; YandexBot/3.0; +http://yandex.com/bots)"
62.133.168.111 - - [04/Jun/2012:16:23:33 +0600] "GET /content/view/1001/1/ HTTP/1.0" 200 19715 "http://yandex.ru/yandsearch?text=%D0%BF%D0%BB%D0%B0%D0%BD%20%D0%BD%D0%B0%20%D0%B8%D1%8E%D0%BD%D1%8C%202012%20%D1%81%D0%B5%D0%BB%D1%8C%D1%81%D0%BA%D0%B8%D1%85%20%D0%B1%D0%B8%D0%B1%D0%BB%D0%B8%D0%BE%D1%82%D0%B5%D0%BA&clid=1897942&lr=172&time_from=-3dE" "Mozilla/5.0 (Windows NT 6.1; WOW64; rv:10.0.2) Gecko/20100101 Firefox/10.0.2"
91.196.88.1 - - [04/Jun/2012:16:23:40 +0600] "GET /content/blogcategory/1/66/ HTTP/1.0" 200 31457 "-" "Mozilla/5.0 (Windows; U; Windows NT 5.1; en-US) AppleWebKit/525.19 (KHTML, like Gecko) Chrome/0.4.154.25 Safari/525.19 (compatible; MSIE 7.0; Windows NT 5.1)"
91.192.63.65 - - [04/Jun/2012:16:25:03 +0600] "GET /content/view/59/53 HTTP/1.0" 200 21601 "http://yandex.ru/yandsearch?text=%D0%BF%D0%B5%D1%80%D0%B8%D0%BE%D0%B4%D0%B8%D1%87%D0%B5%D1%81%D0%BA%D0%B8%D0%B5+%D0%B8%D0%B7%D0%B4%D0%B0%D0%BD%D0%B8%D1%8F+%D0%B4%D0%BB%D1%8F+%D1%80%D0%BE%D0%B4%D0%B8%D1%82%D0%B5%D0%BB%D0%B5%D0%B9+%D0%B1%D0%B8%D0%B1%D0%BB%D0%B8%D0%BE%D1%82%D0%B5%D1%87%D0%BD%D1%8B%D0%B5+%D1%81%D0%B0%D0%B9%D1%82%D1%8B&lr=9" "Mozilla/5.0 (Windows NT 5.1; rv:12.0) Gecko/20100101 Firefox/12.0"
66.249.71.59 - - [04/Jun/2012:16:25:12 +0600] "GET /content/view/137/67/ HTTP/1.0" 200 4445 "-" "Mozilla/5.0 (compatible; Googlebot/2.1; +http://www.google.com/bot.html)"
91.196.88.1 - - [04/Jun/2012:16:25:51 +0600] "GET /content/view/58/53 HTTP/1.0" 200 69051 "-" "Mozilla/5.0 (Windows; U; Windows NT 5.1; zh-CN; rv:1.9.0.14) Gecko/2009082707 Firefox/3.0.14"
68.233.226.103 - - [04/Jun/2012:16:28:12 +0600] "GET /content/view/793/183/index.php?option=com_search&Itemid=5 HTTP/1.0" 200 13043 "-" "Mozilla/5.0 (Windows NT 5.1) AppleWebKit/535.2 (KHTML, like Gecko) Chrome/15.0.872.0 Safari/535.2"
81.30.199.70 - - [04/Jun/2012:16:28:28 +0600] "GET /content/view/234/66/ HTTP/1.0" 200 6006 "http://www.google.ru/url?sa=t&rct=j&q=%D0%BF%D1%83%D1%88%D0%BA%D0%B8%D0%BD%D1%81%D0%BA%D0%B8%D0%B9+%D0%B4%D0%B5%D0%BD%D1%8C+%D0%A3%D1%84%D0%B0&source=web&cd=2&ved=0CFcQFjAB&url=http%3A%2F%2Fcsdb.ufanet.ru%2Fcontent%2Fview%2F234%2F66%2F&ei=v43MT82yCoab-gbgz7lg&usg=AFQjCNH6t43GQRqsRKrAqYwdn0vxoaYsbA" "Mozilla/4.0 (compatible; MSIE 8.0; Windows NT 6.1; Trident/4.0; SLCC2; .NET CLR 2.0.50727; .NET CLR 3.5.30729; .NET CLR 3.0.30729; Media Center PC 6.0; .NET4.0C; .NET4.0E)"
77.79.143.253 - - [04/Jun/2012:16:28:55 +0600] "GET /content/blogcategory/1/66/ HTTP/1.0" 200 7731 "-" "Mozilla/5.0 (Windows NT 5.1; rv:12.0) Gecko/20100101 Firefox/12.0"
77.79.143.253 - - [04/Jun/2012:16:29:18 +0600] "GET /content/blogcategory/1/66/ HTTP/1.0" 200 7733 "http://csdb.ufanet.ru/content/blogcategory/1/66/" "Mozilla/5.0 (Windows NT 5.1; rv:12.0) Gecko/20100101 Firefox/12.0"
77.79.143.253 - - [04/Jun/2012:16:30:08 +0600] "GET /content/view/1001/66/ HTTP/1.0" 200 19285 "http://csdb.ufanet.ru/content/blogcategory/1/66/" "Mozilla/5.0 (Windows NT 5.1; rv:12.0) Gecko/20100101 Firefox/12.0"
157.55.16.219 - - [04/Jun/2012:16:30:44 +0600] "GET /content/category/12/40/86/ HTTP/1.0" 200 5631 "-" "Mozilla/5.0 (compatible; bingbot/2.0; +http://www.bing.com/bingbot.htm)"
77.79.143.253 - - [04/Jun/2012:16:32:05 +0600] "GET /content/view/989/1/ HTTP/1.0" 200 5982 "http://csdb.ufanet.ru/content/view/1001/66/" "Mozilla/5.0 (Windows NT 5.1; rv:12.0) Gecko/20100101 Firefox/12.0"
77.79.143.253 - - [04/Jun/2012:16:32:26 +0600] "GET /content/view/976/1/ HTTP/1.0" 200 7401 "http://csdb.ufanet.ru/content/view/989/1/" "Mozilla/5.0 (Windows NT 5.1; rv:12.0) Gecko/20100101 Firefox/12.0"
77.79.143.253 - - [04/Jun/2012:16:32:34 +0600] "GET /content/view/983/66/ HTTP/1.0" 200 6035 "http://csdb.ufanet.ru/content/view/976/1/" "Mozilla/5.0 (Windows NT 5.1; rv:12.0) Gecko/20100101 Firefox/12.0"
83.169.60.25 - - [04/Jun/2012:16:34:31 +0600] "GET / HTTP/1.0" 200 24021 "-" "Mozilla/5.0 (Windows; U; Windows NT 6.0; de; rv:1.9.0.6) Gecko/2009011913 Firefox/3.0.6"
83.169.60.25 - - [04/Jun/2012:16:34:31 +0600] "GET /20e6a4bb032fcfae5d.php HTTP/1.0" 404 299 "-" "Mozilla/5.0 (Windows; U; Windows NT 6.0; de; rv:1.9.0.6) Gecko/2009011913 Firefox/3.0.6"
178.126.145.65 - - [04/Jun/2012:16:35:46 +0600] "GET /content/view/275/155/ HTTP/1.0" 200 41078 "http://www.google.ru/url?sa=t&rct=j&q=%D1%81%D1%86%D0%B5%D0%BD%D0%B0%D1%80%D0%B8%D0%B9%20%D0%BC%D0%B5%D1%80%D0%BE%D0%BF%D1%80%D0%B8%D1%8F%D1%82%D0%B8%D1%8F%20%D0%BF%D0%BE%20%D0%BA%D0%B0%D0%B7%D0%B0%D1%80%D1%81%D0%BA%D0%BE%D0%BC%D1%83&source=web&cd=19&ved=0CF0QFjAIOAo&url=http%3A%2F%2Fcsdb.ufanet.ru%2Fcontent%2Fview%2F275%2F155%2F&ei=W4_MT-D1FMjd4QTikIwM&usg=AFQjCNFHWyOzrYEI4THkFO0wyOghOHpZ7Q&cad=rjt" "Opera/9.80 (Windows NT 5.1; U; ru) Presto/2.10.229 Version/11.64"
62.133.168.111 - - [04/Jun/2012:16:38:22 +0600] "GET /content/view/1001/1/ HTTP/1.0" 200 19714 "-" "Mozilla/5.0 (Windows NT 6.1; WOW64; rv:11.0) Gecko/20100101 Firefox/11.0"
62.133.168.111 - - [04/Jun/2012:16:40:27 +0600] "GET /content/view/989/1/ HTTP/1.0" 200 5981 "http://csdb.ufanet.ru/content/view/1001/1/" "Mozilla/5.0 (Windows NT 6.1; WOW64; rv:11.0) Gecko/20100101 Firefox/11.0"
62.133.168.111 - - [04/Jun/2012:16:40:36 +0600] "GET /content/view/1001/1/ HTTP/1.0" 200 19715 "-" "Mozilla/5.0 (Windows NT 6.1; WOW64; rv:11.0) Gecko/20100101 Firefox/11.0"
68.233.226.103 - - [04/Jun/2012:16:44:19 +0600] "GET /content/view/793/126/content/view/704/183/ HTTP/1.0" 200 20340 "-" "Mozilla/5.0 (Windows NT 5.1) AppleWebKit/535.2 (KHTML, like Gecko) Chrome/15.0.872.0 Safari/535.2"
194.85.37.126 - - [04/Jun/2012:16:44:38 +0600] "GET /files/articles/%D0%9F%D1%80%D0%BE%D0%B5%D0%BA%D1%82%D0%BD%D0%BE%D0%B5%20%D1%80%D0%B0%D0%B7%D0%B2%D0%B8%D1%82%D0%B8%D0%B5%20%D0%B1%D0%B8%D0%B1%D0%BB%D0%B8%D0%BE%D1%82%D0%B5%D0%BA%20%D0%90%D0%92%D0%93%D0%A3%D0%A1%D0%A2%D0%9E%D0%92%D0%A1%D0%9A%D0%9E%D0%95%20%D0%A1%D0%9E%D0%92%D0%95%D0%A9%D0%90%D0%9D%D0%98%D0%95.pdf HTTP/1.0" 200 119967 "http://yandex.ru/yandsearch?text=%D0%9F%D1%80%D0%BE%D0%B5%D0%BA%D1%82%D0%BD%D0%B0%D1%8F+%D0%B4%D0%B5%D1%8F%D1%82%D0%B5%D0%BB%D1%8C%D0%BD%D0%BE%D1%81%D1%82%D1%8C+%D0%B1%D0%B8%D0%B1%D0%BB%D0%B8%D0%BE%D1%82%D0%B5%D0%BA&lr=11" "Mozilla/5.0 (Windows; U; Windows NT 5.1; ru; rv:1.9.2.28) Gecko/20120306 Firefox/3.6.28 (.NET CLR 3.5.30729) sputnik 2.5.0.166"
94.41.242.228 - - [04/Jun/2012:16:44:41 +0600] "GET / HTTP/1.0" 200 6471 "-" "Mozilla/5.0 (Windows NT 5.1) AppleWebKit/536.5 (KHTML, like Gecko) Chrome/19.0.1084.52 Safari/536.5"
94.41.242.228 - - [04/Jun/2012:16:44:51 +0600] "GET /content/blogcategory/1/66/ HTTP/1.0" 200 7733 "http://csdb.ufanet.ru/" "Mozilla/5.0 (Windows NT 5.1) AppleWebKit/536.5 (KHTML, like Gecko) Chrome/19.0.1084.52 Safari/536.5"
68.233.226.103 - - [04/Jun/2012:16:45:02 +0600] "GET /content/view/793/120/content/view/795/1/ HTTP/1.0" 200 15809 "-" "Mozilla/5.0 (Windows NT 5.1) AppleWebKit/535.2 (KHTML, like Gecko) Chrome/15.0.872.0 Safari/535.2"
66.249.66.77 - - [04/Jun/2012:16:45:41 +0600] "GET /content/view/201/67/ HTTP/1.0" 200 3004 "-" "Mozilla/5.0 (compatible; Googlebot/2.1; +http://www.google.com/bot.html)"
94.41.242.228 - - [04/Jun/2012:16:45:49 +0600] "GET /images/mb/img38/free_access.swf HTTP/1.0" 206 1 "http://csdb.ufanet.ru/mb38/" "Mozilla/5.0 (Windows NT 5.1) AppleWebKit/536.5 (KHTML, like Gecko) Chrome/19.0.1084.52 Safari/536.5"
94.41.242.228 - - [04/Jun/2012:16:45:50 +0600] "GET /images/mb/img38/free_access.swf HTTP/1.0" 206 2972871 "http://csdb.ufanet.ru/mb38/" "Mozilla/5.0 (Windows NT 5.1) AppleWebKit/536.5 (KHTML, like Gecko) Chrome/19.0.1084.52 Safari/536.5"
178.154.163.30 - - [04/Jun/2012:16:47:04 +0600] "GET /content/blogcategory/45/210/ HTTP/1.0" 200 5123 "-" "Mozilla/5.0 (compatible; YandexBot/3.0; +http://yandex.com/bots)"
77.79.143.253 - - [04/Jun/2012:16:47:45 +0600] "GET /content/blogcategory/1/66/ HTTP/1.0" 200 7731 "http://csdb.ufanet.ru/content/view/983/66/" "Mozilla/5.0 (Windows NT 5.1; rv:12.0) Gecko/20100101 Firefox/12.0"
31.184.238.59 - - [04/Jun/2012:16:52:24 +0600] "GET / HTTP/1.0" 200 24016 "http://csdb.ufanet.ru/" "Mozilla/4.0 (compatible; MSIE 5.5; Windows NT 5.0; .NET CLR 1.1.4322)"
68.233.226.103 - - [04/Jun/2012:16:53:10 +0600] "GET /content/view/793/145/content/view/659/1/ HTTP/1.0" 200 26409 "-" "Mozilla/5.0 (Windows NT 5.1) AppleWebKit/535.2 (KHTML, like Gecko) Chrome/15.0.872.0 Safari/535.2"
94.41.88.43 - - [04/Jun/2012:16:59:42 +0600] "GET / HTTP/1.0" 200 6472 "http://yandex.ru/yandsearch?text=%D1%86%D0%B5%D0%BD%D1%82%D1%80%D0%B0%D0%BB%D1%8C%D0%BD%D0%B0%D1%8F+%D0%B3%D0%BE%D1%80%D0%BE%D0%B4%D1%81%D0%BA%D0%B0%D1%8F+%D0%B1%D0%B8%D0%B1%D0%BB%D0%B8%D0%BE%D1%82%D0%B5%D0%BA%D0%B0&clid=47092&lr=172&msid=22903.21284.1338807490.07544" "Mozilla/5.0 (Windows NT 5.1; rv:7.0.1) Gecko/20100101 Firefox/7.0.1"
94.41.88.43 - - [04/Jun/2012:16:59:45 +0600] "GET /images/cgdb.swf HTTP/1.0" 200 19792297 "http://csdb.ufanet.ru/" "Mozilla/5.0 (Windows NT 5.1; rv:7.0.1) Gecko/20100101 Firefox/7.0.1"
94.41.88.43 - - [04/Jun/2012:16:59:49 +0600] "GET /content/blogcategory/1/66/ HTTP/1.0" 200 7732 "http://csdb.ufanet.ru/" "Mozilla/5.0 (Windows NT 5.1; rv:7.0.1) Gecko/20100101 Firefox/7.0.1"
94.41.88.43 - - [04/Jun/2012:17:00:17 +0600] "GET /component/option,com_wrapper/Itemid,235/ HTTP/1.0" 200 4487 "-" "Mozilla/5.0 (Windows NT 5.1; rv:12.0) Gecko/20100101 Firefox/12.0"
94.41.88.43 - - [04/Jun/2012:17:00:17 +0600] "GET /cgi-bin/zgate?Init+test.xml,simple.xsl+rus HTTP/1.0" 200 5030 "http://csdb.ufanet.ru/component/option,com_wrapper/Itemid,235/" "Mozilla/5.0 (Windows NT 5.1; rv:12.0) Gecko/20100101 Firefox/12.0"
94.41.88.43 - - [04/Jun/2012:17:00:30 +0600] "POST /cgi-bin/zgate HTTP/1.0" 200 9677 "http://csdb.ufanet.ru/cgi-bin/zgate?Init+test.xml,simple.xsl+rus" "Mozilla/5.0 (Windows NT 5.1; rv:12.0) Gecko/20100101 Firefox/12.0"
94.41.88.43 - - [04/Jun/2012:17:00:30 +0600] "GET /content/view/1002/66/ HTTP/1.0" 200 6608 "http://csdb.ufanet.ru/content/blogcategory/1/66/" "Mozilla/5.0 (Windows NT 5.1; rv:7.0.1) Gecko/20100101 Firefox/7.0.1"
94.41.88.43 - - [04/Jun/2012:17:00:38 +0600] "GET /cgi-bin/zgate?present+2468+default+3+1+F+1.2.840.10003.5.102+rus HTTP/1.0" 200 2000 "http://csdb.ufanet.ru/cgi-bin/zgate" "Mozilla/5.0 (Windows NT 5.1; rv:12.0) Gecko/20100101 Firefox/12.0"
94.41.88.43 - - [04/Jun/2012:17:00:45 +0600] "GET /cgi-bin/zgate?present+2468+default+4+1+F+1.2.840.10003.5.102+rus HTTP/1.0" 200 2020 "http://csdb.ufanet.ru/cgi-bin/zgate?present+2468+default+3+1+F+1.2.840.10003.5.102+rus" "Mozilla/5.0 (Windows NT 5.1; rv:12.0) Gecko/20100101 Firefox/12.0"
66.249.66.77 - - [04/Jun/2012:17:00:47 +0600] "GET /content/view/469/1/ HTTP/1.0" 200 6179 "-" "Mozilla/5.0 (compatible; Googlebot/2.1; +http://www.google.com/bot.html)"
94.41.88.43 - - [04/Jun/2012:17:00:57 +0600] "GET /cgi-bin/zgate?present+2468+default+5+1+F+1.2.840.10003.5.102+rus HTTP/1.0" 200 2050 "http://csdb.ufanet.ru/cgi-bin/zgate?present+2468+default+4+1+F+1.2.840.10003.5.102+rus" "Mozilla/5.0 (Windows NT 5.1; rv:12.0) Gecko/20100101 Firefox/12.0"
94.41.88.43 - - [04/Jun/2012:17:01:06 +0600] "GET /cgi-bin/zgate?present+2468+default+6+1+F+1.2.840.10003.5.102+rus HTTP/1.0" 200 2294 "http://csdb.ufanet.ru/cgi-bin/zgate?present+2468+default+5+1+F+1.2.840.10003.5.102+rus" "Mozilla/5.0 (Windows NT 5.1; rv:12.0) Gecko/20100101 Firefox/12.0"
94.41.88.43 - - [04/Jun/2012:17:01:13 +0600] "GET /cgi-bin/zgate?present+2468+default+7+1+F+1.2.840.10003.5.102+rus HTTP/1.0" 200 2161 "http://csdb.ufanet.ru/cgi-bin/zgate?present+2468+default+6+1+F+1.2.840.10003.5.102+rus" "Mozilla/5.0 (Windows NT 5.1; rv:12.0) Gecko/20100101 Firefox/12.0"
94.41.88.43 - - [04/Jun/2012:17:01:25 +0600] "GET /cgi-bin/zgate?present+2468+default+8+1+F+1.2.840.10003.5.102+rus HTTP/1.0" 200 2201 "http://csdb.ufanet.ru/cgi-bin/zgate?present+2468+default+7+1+F+1.2.840.10003.5.102+rus" "Mozilla/5.0 (Windows NT 5.1; rv:12.0) Gecko/20100101 Firefox/12.0"
94.41.88.43 - - [04/Jun/2012:17:01:33 +0600] "GET /cgi-bin/zgate?present+2468+default+9+1+F+1.2.840.10003.5.102+rus HTTP/1.0" 200 2112 "http://csdb.ufanet.ru/cgi-bin/zgate?present+2468+default+8+1+F+1.2.840.10003.5.102+rus" "Mozilla/5.0 (Windows NT 5.1; rv:12.0) Gecko/20100101 Firefox/12.0"
94.41.88.43 - - [04/Jun/2012:17:01:37 +0600] "GET /cgi-bin/zgate?present+2468+default+10+1+F+1.2.840.10003.5.102+rus HTTP/1.0" 200 2832 "http://csdb.ufanet.ru/cgi-bin/zgate?present+2468+default+9+1+F+1.2.840.10003.5.102+rus" "Mozilla/5.0 (Windows NT 5.1; rv:12.0) Gecko/20100101 Firefox/12.0"
94.41.88.43 - - [04/Jun/2012:17:01:47 +0600] "GET /cgi-bin/zgate?present+2468+default+11+1+F+1.2.840.10003.5.102+rus HTTP/1.0" 200 2174 "http://csdb.ufanet.ru/cgi-bin/zgate?present+2468+default+10+1+F+1.2.840.10003.5.102+rus" "Mozilla/5.0 (Windows NT 5.1; rv:12.0) Gecko/20100101 Firefox/12.0"
94.41.88.43 - - [04/Jun/2012:17:02:59 +0600] "POST /cgi-bin/zgate HTTP/1.0" 200 837 "http://csdb.ufanet.ru/cgi-bin/zgate?Init+test.xml,simple.xsl+rus" "Mozilla/5.0 (Windows NT 5.1; rv:12.0) Gecko/20100101 Firefox/12.0"
94.41.47.216 - - [04/Jun/2012:17:06:09 +0600] "GET / HTTP/1.0" 200 6433 "-" "Opera/9.80 (Windows NT 5.1; U; ru) Presto/2.10.229 Version/11.62"
94.41.47.216 - - [04/Jun/2012:17:06:09 +0600] "GET /images/cgdb.swf HTTP/1.0" 200 19792297 "http://csdb.ufanet.ru/" "Opera/9.80 (Windows NT 5.1; U; ru) Presto/2.10.229 Version/11.62"
94.41.47.216 - - [04/Jun/2012:17:06:10 +0600] "GET /images/cgdb.swf HTTP/1.0" 200 19792297 "http://csdb.ufanet.ru/" "Opera/9.80 (Windows NT 5.1; U; ru) Presto/2.10.229 Version/11.62"
94.41.47.216 - - [04/Jun/2012:17:06:11 +0600] "GET /content/blogcategory/1/66/ HTTP/1.0" 200 7690 "http://csdb.ufanet.ru/" "Opera/9.80 (Windows NT 5.1; U; ru) Presto/2.10.229 Version/11.62"
94.41.47.216 - - [04/Jun/2012:17:06:22 +0600] "GET /content/view/1002/66/ HTTP/1.0" 200 6569 "http://csdb.ufanet.ru/content/blogcategory/1/66/" "Opera/9.80 (Windows NT 5.1; U; ru) Presto/2.10.229 Version/11.62"
94.41.47.216 - - [04/Jun/2012:17:06:27 +0600] "GET /content/view/382/158/ HTTP/1.0" 200 6341 "http://csdb.ufanet.ru/content/view/1002/66/" "Opera/9.80 (Windows NT 5.1; U; ru) Presto/2.10.229 Version/11.62"
94.41.47.216 - - [04/Jun/2012:17:06:27 +0600] "GET /%22%22%22%22%22http://csdb.ufanet.ru/templates/csdb/images/strelka.gif%22%22%22%22%22 HTTP/1.0" 404 392 "http://csdb.ufanet.ru/content/view/382/158/" "Opera/9.80 (Windows NT 5.1; U; ru) Presto/2.10.229 Version/11.62"
94.41.47.216 - - [04/Jun/2012:17:06:28 +0600] "GET /content/category/4/17/194/ HTTP/1.0" 200 5469 "http://csdb.ufanet.ru/content/view/382/158/" "Opera/9.80 (Windows NT 5.1; U; ru) Presto/2.10.229 Version/11.62"
94.41.47.216 - - [04/Jun/2012:17:06:29 +0600] "GET /content/view/30/194/ HTTP/1.0" 200 5703 "http://csdb.ufanet.ru/content/category/4/17/194/" "Opera/9.80 (Windows NT 5.1; U; ru) Presto/2.10.229 Version/11.62"
94.41.47.216 - - [04/Jun/2012:17:06:36 +0600] "GET /content/category/14/43/192/ HTTP/1.0" 200 5352 "http://csdb.ufanet.ru/content/view/30/194/" "Opera/9.80 (Windows NT 5.1; U; ru) Presto/2.10.229 Version/11.62"
77.79.143.253 - - [04/Jun/2012:17:06:56 +0600] "GET /content/blogcategory/1/66/ HTTP/1.0" 200 7733 "-" "Mozilla/5.0 (Windows NT 5.1; rv:12.0) Gecko/20100101 Firefox/12.0"
66.249.66.77 - - [04/Jun/2012:17:07:19 +0600] "GET /content/view/138/67/ HTTP/1.0" 200 4303 "-" "Mozilla/5.0 (compatible; Googlebot/2.1; +http://www.google.com/bot.html)"
213.180.206.197 - - [04/Jun/2012:17:08:12 +0600] "GET / HTTP/1.0" 200 24021 "-" "Mozilla/5.0 (compatible; YandexMetrika/2.0; +http://yandex.com/bots)"
66.249.66.77 - - [04/Jun/2012:17:09:15 +0600] "GET /content/view/645/1/ HTTP/1.0" 200 6288 "-" "Mozilla/5.0 (compatible; Googlebot/2.1; +http://www.google.com/bot.html)"
68.233.226.103 - - [04/Jun/2012:17:09:28 +0600] "GET /content/view/793/126/content/view/793/1/ HTTP/1.0" 200 20340 "-" "Mozilla/5.0 (Windows NT 5.1) AppleWebKit/535.2 (KHTML, like Gecko) Chrome/15.0.872.0 Safari/535.2"
157.55.17.147 - - [04/Jun/2012:17:10:44 +0600] "GET /index.php?option=com_content&task=view&id=85&Itemid=62 HTTP/1.0" 200 8949 "-" "Mozilla/5.0 (compatible; bingbot/2.0; +http://www.bing.com/bingbot.htm)"
178.154.163.30 - - [04/Jun/2012:17:13:34 +0600] "GET /content/view/30/194/ HTTP/1.0" 200 5738 "-" "Mozilla/5.0 (compatible; YandexBot/3.0; +http://yandex.com/bots)"
66.249.66.77 - - [04/Jun/2012:17:13:55 +0600] "GET /content/view/793/235/ HTTP/1.0" 200 4143 "-" "Mozilla/5.0 (compatible; Googlebot/2.1; +http://www.google.com/bot.html)"
68.233.226.103 - - [04/Jun/2012:17:14:19 +0600] "GET /content/view/793/145/content/view/793/1/ HTTP/1.0" 200 26409 "-" "Mozilla/5.0 (Windows NT 5.1) AppleWebKit/535.2 (KHTML, like Gecko) Chrome/15.0.872.0 Safari/535.2"
66.249.66.77 - - [04/Jun/2012:17:14:21 +0600] "GET /content/view/558/141/ HTTP/1.0" 200 5089 "-" "Mozilla/5.0 (compatible; Googlebot/2.1; +http://www.google.com/bot.html)"
68.233.226.103 - - [04/Jun/2012:17:16:47 +0600] "GET /content/view/793/120/content/view/811/1/ HTTP/1.0" 200 15809 "-" "Mozilla/5.0 (Windows NT 5.1) AppleWebKit/535.2 (KHTML, like Gecko) Chrome/15.0.872.0 Safari/535.2"
207.46.204.181 - - [04/Jun/2012:17:20:46 +0600] "GET /component/option,com_facileforms/Itemid,71/ HTTP/1.0" 200 5250 "-" "Mozilla/5.0 (compatible; bingbot/2.0; +http://www.bing.com/bingbot.htm)"
66.249.71.59 - - [04/Jun/2012:17:24:39 +0600] "GET /content/view/520/ HTTP/1.0" 200 4020 "-" "Mozilla/5.0 (compatible; Googlebot/2.1; +http://www.google.com/bot.html)"
77.79.155.61 - - [04/Jun/2012:17:28:19 +0600] "GET /content/view/100/54/ HTTP/1.0" 200 3961 "-" "Mozilla/4.0 (compatible; MSIE 8.0; Windows NT 5.1; Trident/4.0; MRSPUTNIK 2, 4, 0, 471; .NET CLR 1.1.4322; .NET CLR 2.0.50727; .NET CLR 3.0.4506.2152; .NET CLR 3.5.30729)"
77.79.155.61 - - [04/Jun/2012:17:28:23 +0600] "GET /content/view/106/54/ HTTP/1.0" 200 3583 "http://csdb.ufanet.ru/content/view/100/54/" "Mozilla/4.0 (compatible; MSIE 8.0; Windows NT 5.1; Trident/4.0; MRSPUTNIK 2, 4, 0, 471; .NET CLR 1.1.4322; .NET CLR 2.0.50727; .NET CLR 3.0.4506.2152; .NET CLR 3.5.30729)"
77.79.155.61 - - [04/Jun/2012:17:28:25 +0600] "GET /content/view/109/129/ HTTP/1.0" 200 6174 "http://csdb.ufanet.ru/content/view/106/54/" "Mozilla/4.0 (compatible; MSIE 8.0; Windows NT 5.1; Trident/4.0; MRSPUTNIK 2, 4, 0, 471; .NET CLR 1.1.4322; .NET CLR 2.0.50727; .NET CLR 3.0.4506.2152; .NET CLR 3.5.30729)"
77.79.155.61 - - [04/Jun/2012:17:28:27 +0600] "GET /content/blogcategory/1/66/ HTTP/1.0" 200 7733 "http://csdb.ufanet.ru/content/view/109/129/" "Mozilla/4.0 (compatible; MSIE 8.0; Windows NT 5.1; Trident/4.0; MRSPUTNIK 2, 4, 0, 471; .NET CLR 1.1.4322; .NET CLR 2.0.50727; .NET CLR 3.0.4506.2152; .NET CLR 3.5.30729)"
77.79.155.61 - - [04/Jun/2012:17:29:10 +0600] "GET /content/view/1002/66/ HTTP/1.0" 200 6612 "http://csdb.ufanet.ru/content/blogcategory/1/66/" "Mozilla/4.0 (compatible; MSIE 8.0; Windows NT 5.1; Trident/4.0; MRSPUTNIK 2, 4, 0, 471; .NET CLR 1.1.4322; .NET CLR 2.0.50727; .NET CLR 3.0.4506.2152; .NET CLR 3.5.30729)"
77.79.155.61 - - [04/Jun/2012:17:29:26 +0600] "GET /content/view/397/189/ HTTP/1.0" 200 5411 "http://csdb.ufanet.ru/content/view/1002/66/" "Mozilla/4.0 (compatible; MSIE 8.0; Windows NT 5.1; Trident/4.0; MRSPUTNIK 2, 4, 0, 471; .NET CLR 1.1.4322; .NET CLR 2.0.50727; .NET CLR 3.0.4506.2152; .NET CLR 3.5.30729)"
77.79.155.61 - - [04/Jun/2012:17:29:27 +0600] "GET /mambots/content/jw_allvideos/players/mediaplayer_4.0.46.swf HTTP/1.0" 304 - "http://csdb.ufanet.ru/content/view/397/189/" "Mozilla/4.0 (compatible; MSIE 8.0; Windows NT 5.1; Trident/4.0; MRSPUTNIK 2, 4, 0, 471; .NET CLR 1.1.4322; .NET CLR 2.0.50727; .NET CLR 3.0.4506.2152; .NET CLR 3.5.30729)"
77.79.155.61 - - [04/Jun/2012:17:29:27 +0600] "GET /images/stories/videos/main1.flv HTTP/1.0" 304 - "http://csdb.ufanet.ru/mambots/content/jw_allvideos/players/mediaplayer_4.0.46.swf" "Mozilla/4.0 (compatible; MSIE 8.0; Windows NT 5.1; Trident/4.0; MRSPUTNIK 2, 4, 0, 471; .NET CLR 1.1.4322; .NET CLR 2.0.50727; .NET CLR 3.0.4506.2152; .NET CLR 3.5.30729)"
77.79.155.61 - - [04/Jun/2012:17:29:29 +0600] "GET /content/blogcategory/46/222/ HTTP/1.0" 200 6307 "http://csdb.ufanet.ru/content/view/397/189/" "Mozilla/4.0 (compatible; MSIE 8.0; Windows NT 5.1; Trident/4.0; MRSPUTNIK 2, 4, 0, 471; .NET CLR 1.1.4322; .NET CLR 2.0.50727; .NET CLR 3.0.4506.2152; .NET CLR 3.5.30729)"
188.16.84.83 - - [04/Jun/2012:17:30:10 +0600] "GET /content/view/981/66/ HTTP/1.0" 200 5912 "http://yandex.ru/yandsearch?text=%D0%9F%D1%83%D1%82%D0%B5%D1%88%D0%B5%D1%81%D1%82%D0%B2%D0%B8%D0%B5+%D0%B2+%D1%81%D1%82%D1%80%D0%B0%D0%BD%D1%83+%22%D0%96%D1%83%D1%80%D0%BD%D0%B0%D0%BB%D0%B8%D1%8E%22&lr=50&msid=22865.19775.1338809379.02384" "Mozilla/5.0 (Windows NT 6.1; WOW64) AppleWebKit/536.5 (KHTML, like Gecko) Chrome/19.0.1084.52 Safari/536.5"
77.79.155.61 - - [04/Jun/2012:17:30:19 +0600] "GET /content/view/1003/222/ HTTP/1.0" 200 6050 "http://csdb.ufanet.ru/content/blogcategory/46/222/" "Mozilla/4.0 (compatible; MSIE 8.0; Windows NT 5.1; Trident/4.0; MRSPUTNIK 2, 4, 0, 471; .NET CLR 1.1.4322; .NET CLR 2.0.50727; .NET CLR 3.0.4506.2152; .NET CLR 3.5.30729)"
217.26.6.100 - - [04/Jun/2012:17:30:21 +0600] "GET /content/view/970/1/ HTTP/1.0" 200 5525 "http://www.google.ru/url?sa=t&rct=j&q=%D0%BF%D0%BB%D0%B0%D0%BD%20%D0%BC%D0%B0%D1%81%D1%81%D0%BE%D0%B2%D1%8B%D1%85%20%D0%BC%D0%B5%D1%80%D0%BE%D0%BF%D1%80%D0%B8%D1%8F%D1%82%D0%B8%D0%B9%20%D0%B4%D0%B5%D1%82%D1%81%D0%BA%D0%BE%D0%B9%20%D0%B1%D0%B8%D0%B1%D0%BB%D0%B8%D0%BE%D1%82%D0%B5%D0%BA%D0%B8&source=web&cd=1&ved=0CGcQFjAA&url=http%3A%2F%2Fcsdb.ufanet.ru%2Fcontent%2Fview%2F970%2F1%2F&ei=R5zMT_GQMOXT4QSRqYgW&usg=AFQjCNGV8VCC6_FQfmHrB4Vn6L_Vf4XlSg&cad=rjt" "Mozilla/5.0 (Windows NT 6.1) AppleWebKit/536.5 (KHTML, like Gecko) Chrome/19.0.1084.52 Safari/536.5"
217.26.6.100 - - [04/Jun/2012:17:30:30 +0600] "GET /content/view/976/1/ HTTP/1.0" 200 7399 "http://www.google.ru/url?sa=t&rct=j&q=%D0%BF%D0%BB%D0%B0%D0%BD%20%D0%BC%D0%B0%D1%81%D1%81%D0%BE%D0%B2%D1%8B%D1%85%20%D0%BC%D0%B5%D1%80%D0%BE%D0%BF%D1%80%D0%B8%D1%8F%D1%82%D0%B8%D0%B9%20%D0%B4%D0%B5%D1%82%D1%81%D0%BA%D0%BE%D0%B9%20%D0%B1%D0%B8%D0%B1%D0%BB%D0%B8%D0%BE%D1%82%D0%B5%D0%BA%D0%B8&source=web&cd=2&ved=0CGgQFjAB&url=http%3A%2F%2Fcsdb.ufanet.ru%2Fcontent%2Fview%2F976%2F1%2F&ei=R5zMT_GQMOXT4QSRqYgW&usg=AFQjCNEgWxYkffUJFzC_9LgLj3LmxjuRsg&cad=rjt" "Mozilla/5.0 (Windows NT 6.1) AppleWebKit/536.5 (KHTML, like Gecko) Chrome/19.0.1084.52 Safari/536.5"
217.26.6.100 - - [04/Jun/2012:17:31:57 +0600] "GET /content/view/982/1/ HTTP/1.0" 200 6535 "http://csdb.ufanet.ru/content/view/976/1/" "Mozilla/5.0 (Windows NT 6.1) AppleWebKit/536.5 (KHTML, like Gecko) Chrome/19.0.1084.52 Safari/536.5"
217.26.6.100 - - [04/Jun/2012:17:32:03 +0600] "GET /content/view/989/1/ HTTP/1.0" 200 5977 "http://csdb.ufanet.ru/content/view/982/1/" "Mozilla/5.0 (Windows NT 6.1) AppleWebKit/536.5 (KHTML, like Gecko) Chrome/19.0.1084.52 Safari/536.5"
77.79.155.61 - - [04/Jun/2012:17:32:11 +0600] "GET /content/blogcategory/46/222/ HTTP/1.0" 200 6307 "http://csdb.ufanet.ru/content/view/1003/222/" "Mozilla/4.0 (compatible; MSIE 8.0; Windows NT 5.1; Trident/4.0; MRSPUTNIK 2, 4, 0, 471; .NET CLR 1.1.4322; .NET CLR 2.0.50727; .NET CLR 3.0.4506.2152; .NET CLR 3.5.30729)"
77.79.155.61 - - [04/Jun/2012:17:32:16 +0600] "GET /content/view/1004/222/ HTTP/1.0" 200 5288 "http://csdb.ufanet.ru/content/blogcategory/46/222/" "Mozilla/4.0 (compatible; MSIE 8.0; Windows NT 5.1; Trident/4.0; MRSPUTNIK 2, 4, 0, 471; .NET CLR 1.1.4322; .NET CLR 2.0.50727; .NET CLR 3.0.4506.2152; .NET CLR 3.5.30729)"
68.233.226.103 - - [04/Jun/2012:17:32:20 +0600] "GET /content/view/793/183/index.php HTTP/1.0" 200 13043 "-" "Mozilla/5.0 (Windows NT 5.1) AppleWebKit/535.2 (KHTML, like Gecko) Chrome/15.0.872.0 Safari/535.2"
178.71.82.141 - - [04/Jun/2012:17:32:40 +0600] "GET /files/articles/panorama2.pdf HTTP/1.0" 200 433595 "-" "Mozilla/5.0 (X11; U; Linux i686; it; rv:1.9.0.5) Gecko/2008122011 Iceweasel/3.0.5 (Debian-3.0.5-1)"
178.71.82.141 - - [04/Jun/2012:17:33:25 +0600] "GET /files/articles/panorama2.pdf HTTP/1.0" 200 433595 "-" "Opera/9.80 (Windows NT 5.0; U; ru) Presto/2.2.15 Version/10.00"
178.71.82.141 - - [04/Jun/2012:17:33:25 +0600] "GET /content/view/280/ HTTP/1.0" 200 32713 "-" "Opera/9.80 (Windows NT 5.0; U; ru) Presto/2.2.15 Version/10.00"
66.249.66.77 - - [04/Jun/2012:17:33:43 +0600] "GET /content/view/756/5/ HTTP/1.0" 200 6003 "-" "Mozilla/5.0 (compatible; Googlebot/2.1; +http://www.google.com/bot.html)"
178.71.82.141 - - [04/Jun/2012:17:33:56 +0600] "GET /files/articles/panorama2.pdf HTTP/1.0" 200 433595 "-" "Mozilla/5.0 (X11; U; Linux x86_64; en-US; rv:1.9.0.13) Gecko/2009082120 Iceweasel/3.0.12 (Debian-3.0.12-1)"
178.71.82.141 - - [04/Jun/2012:17:33:56 +0600] "GET /content/view/280/ HTTP/1.0" 200 32839 "-" "Mozilla/5.0 (X11; U; Linux x86_64; en-US; rv:1.9.0.13) Gecko/2009082120 Iceweasel/3.0.12 (Debian-3.0.12-1)"
178.71.82.141 - - [04/Jun/2012:17:34:16 +0600] "GET /files/articles/panorama2.pdf HTTP/1.0" 200 433595 "-" "Mozilla/5.0 (X11; U; Linux x86_64; en-US; rv:1.9.0.13) Gecko/2009082120 Iceweasel/3.0.12 (Debian-3.0.12-1)"
95.220.178.36 - - [04/Jun/2012:17:36:37 +0600] "GET /content/view/282/ HTTP/1.0" 200 31135 "http://yandex.ru/yandsearch?text=csdb.ufanet.ru&lr=213" "Mozilla/4.0 (compatible; MSIE 6.0; Windows NT 5.1; SV1)"
68.233.226.103 - - [04/Jun/2012:17:39:09 +0600] "GET /content/view/793/145/content/view/794/1/ HTTP/1.0" 200 26409 "-" "Mozilla/5.0 (Windows NT 5.1) AppleWebKit/535.2 (KHTML, like Gecko) Chrome/15.0.872.0 Safari/535.2"
178.154.163.30 - - [04/Jun/2012:17:39:29 +0600] "GET /content/view/981/66/ HTTP/1.0" 200 5911 "-" "Mozilla/5.0 (compatible; YandexBot/3.0; +http://yandex.com/bots)"
65.52.111.7 - - [04/Jun/2012:17:46:15 +0600] "GET /content/view/469/66/ HTTP/1.0" 200 5772 "-" "Mozilla/5.0 (compatible; bingbot/2.0; +http://www.bing.com/bingbot.htm)"
65.52.110.147 - - [04/Jun/2012:17:46:45 +0600] "GET /content/view/375/52/ HTTP/1.0" 200 5501 "-" "Mozilla/5.0 (compatible; bingbot/2.0; +http://www.bing.com/bingbot.htm)"
46.33.234.126 - - [04/Jun/2012:17:47:26 +0600] "GET /content/blogcategory/1/66/ HTTP/1.0" 200 7732 "-" "Mozilla/5.0 (Windows NT 6.1) AppleWebKit/536.5 (KHTML, like Gecko) Chrome/19.0.1084.52 Safari/536.5"
213.180.206.197 - - [04/Jun/2012:17:48:24 +0600] "GET / HTTP/1.0" 200 23970 "-" "Mozilla/5.0 (compatible; YandexMetrika/2.0; +http://yandex.com/bots)"
66.249.66.77 - - [04/Jun/2012:17:51:10 +0600] "GET /content/view/470/1/ HTTP/1.0" 200 6217 "-" "Mozilla/5.0 (compatible; Googlebot/2.1; +http://www.google.com/bot.html)"
77.79.177.127 - - [04/Jun/2012:17:56:09 +0600] "GET / HTTP/1.0" 200 6449 "http://maps.yandex.ru/?text=%D0%B1%D0%B8%D0%B1%D0%BB%D0%B8%D0%BE%D1%82%D0%B5%D0%BA%D0%B8&where=&z=10&results=40&ll=55.983200%2C54.738401&spn=1.290894%2C0.406834&l=map" "Mozilla/5.0 (Windows NT 6.1; WOW64; rv:12.0) Gecko/20100101 Firefox/12.0"
77.79.177.127 - - [04/Jun/2012:17:56:11 +0600] "GET /images/cgdb.swf HTTP/1.0" 200 19792297 "http://www.csdb.ufanet.ru/" "Mozilla/5.0 (Windows NT 6.1; WOW64; rv:12.0) Gecko/20100101 Firefox/12.0"
77.79.177.127 - - [04/Jun/2012:17:56:15 +0600] "GET /component/option,com_contact/Itemid,3/ HTTP/1.0" 200 6584 "http://www.csdb.ufanet.ru/" "Mozilla/5.0 (Windows NT 6.1; WOW64; rv:12.0) Gecko/20100101 Firefox/12.0"
77.79.177.127 - - [04/Jun/2012:17:59:09 +0600] "GET / HTTP/1.0" 200 6470 "http://maps.yandex.ru/?text=%D0%B1%D0%B8%D0%B1%D0%BB%D0%B8%D0%BE%D1%82%D0%B5%D0%BA%D0%B8&where=&z=9&results=60&ol=biz&oid=1088061359&ll=56.545182%2C54.836494&spn=2.581787%2C0.811693&l=map" "Mozilla/5.0 (Windows NT 6.1; WOW64; rv:12.0) Gecko/20100101 Firefox/12.0"
77.79.177.127 - - [04/Jun/2012:17:59:09 +0600] "GET /images/cgdb.swf HTTP/1.0" 200 19792297 "http://www.csdb.ufanet.ru/" "Mozilla/5.0 (Windows NT 6.1; WOW64; rv:12.0) Gecko/20100101 Firefox/12.0"
94.41.88.43 - - [04/Jun/2012:17:59:11 +0600] "GET / HTTP/1.0" 200 6472 "-" "Mozilla/5.0 (Windows NT 6.1; WOW64) AppleWebKit/536.5 (KHTML, like Gecko) Chrome/19.0.1084.52 Safari/536.5"
94.41.88.43 - - [04/Jun/2012:17:59:24 +0600] "GET /content/blogcategory/1/66/ HTTP/1.0" 200 7731 "http://csdb.ufanet.ru/" "Mozilla/5.0 (Windows NT 6.1; WOW64) AppleWebKit/536.5 (KHTML, like Gecko) Chrome/19.0.1084.52 Safari/536.5"
94.41.88.43 - - [04/Jun/2012:17:59:24 +0600] "GET /content/blogcategory/1/66/ HTTP/1.0" 200 7730 "http://csdb.ufanet.ru/" "Mozilla/5.0 (Windows NT 6.1; WOW64) AppleWebKit/536.5 (KHTML, like Gecko) Chrome/19.0.1084.52 Safari/536.5"
65.52.108.200 - - [04/Jun/2012:17:59:27 +0600] "GET /content/blogcategory/1/66/5/220/ HTTP/1.0" 200 7511 "-" "Mozilla/5.0 (compatible; bingbot/2.0; +http://www.bing.com/bingbot.htm)"
213.174.154.216 - - [04/Jun/2012:18:05:21 +0600] "GET / HTTP/1.0" 200 24016 "http://china.yandex.ru" "yandexbot/Made in China"
213.174.154.216 - - [04/Jun/2012:18:05:53 +0600] "GET /content/view/983/66/ HTTP/1.0" 200 21290 "http://china.yandex.ru" "yandexbot/Made in China"
66.249.66.77 - - [04/Jun/2012:18:07:15 +0600] "GET /content/view/794/1/ HTTP/1.0" 200 6072 "-" "Mozilla/5.0 (compatible; Googlebot/2.1; +http://www.google.com/bot.html)"
178.122.159.163 - - [04/Jun/2012:18:08:52 +0600] "GET /content/view/559/234/ HTTP/1.0" 200 6025 "http://yandex.by/yandsearch?text=%D0%BA%D0%BE%D0%BD%D0%BA%D1%83%D1%80%D1%81+%D0%BB%D0%B5%D1%82%D0%BE+%D0%B8+%D0%BA%D0%BD%D0%B8%D0%B3%D0%B0&clid=139085&tld=by&lr=153" "Opera/9.80 (Windows NT 5.1; U; Edition Yx; ru) Presto/2.10.229 Version/11.64"
66.249.71.59 - - [04/Jun/2012:18:09:23 +0600] "GET /content/view/535/201/ HTTP/1.0" 200 5084 "-" "Mozilla/5.0 (compatible; Googlebot/2.1; +http://www.google.com/bot.html)"
178.122.159.163 - - [04/Jun/2012:18:09:29 +0600] "GET /content/view/643/52 HTTP/1.0" 200 7985 "http://yandex.by/yandsearch?text=%D0%BA%D0%BE%D0%BD%D0%BA%D1%83%D1%80%D1%81+%D0%BB%D0%B5%D1%82%D0%BE+%D0%B8+%D0%BA%D0%BD%D0%B8%D0%B3%D0%B0&clid=139085&tld=by&lr=153" "Opera/9.80 (Windows NT 5.1; U; Edition Yx; ru) Presto/2.10.229 Version/11.64"
82.151.198.182 - - [04/Jun/2012:18:10:29 +0600] "GET /content/view/976/1/ HTTP/1.0" 200 7400 "http://yandex.ru/yandsearch?text=%D0%9C%D0%B5%D0%B6%D0%B4%D1%83%D0%BD%D0%B0%D1%80%D0%BE%D0%B4%D0%BD%D1%8B%D0%B9+%D0%B4%D0%B5%D0%BD%D1%8C+%D0%B7%D0%B0%D1%89%D0%B8%D1%82%D1%8B+%D0%B4%D0%B5%D1%82%D0%B5%D0%B9%D0%B5%D0%B5%D0%BF%D1%82%D0%BD++%D1%80+%D1%80+%D0%BD%D1%80%D1%82%D0%B5++%D0%BD&nl=1&clid=40316&lr=54" "Mozilla/4.0 (compatible; MSIE 7.0; Windows NT 6.1; Trident/5.0; SLCC2; .NET CLR 2.0.50727; .NET CLR 3.5.30729; .NET CLR 3.0.30729; Media Center PC 6.0; .NET4.0C; .NET4.0E)"
66.249.71.59 - - [04/Jun/2012:18:15:46 +0600] "GET /content/view/976/47/ HTTP/1.0" 200 6988 "-" "Mozilla/5.0 (compatible; Googlebot/2.1; +http://www.google.com/bot.html)"
46.33.234.126 - - [04/Jun/2012:18:16:03 +0600] "GET /content/blogcategory/1/66/ HTTP/1.0" 200 7733 "-" "Mozilla/5.0 (Windows NT 6.1) AppleWebKit/536.5 (KHTML, like Gecko) Chrome/19.0.1084.52 Safari/536.5"
66.249.66.77 - - [04/Jun/2012:18:17:28 +0600] "GET /content/category/11/39/77/5/5/ HTTP/1.0" 200 4096 "-" "Mozilla/5.0 (compatible; Googlebot/2.1; +http://www.google.com/bot.html)"
66.249.66.77 - - [04/Jun/2012:18:17:33 +0600] "GET /content/view/107/62/ HTTP/1.0" 200 5536 "-" "Mozilla/5.0 (compatible; Googlebot/2.1; +http://www.google.com/bot.html)"
66.249.66.77 - - [04/Jun/2012:18:17:54 +0600] "GET /content/category/11/38/77/5/5/ HTTP/1.0" 200 4185 "-" "Mozilla/5.0 (compatible; Googlebot/2.1; +http://www.google.com/bot.html)"
178.122.159.163 - - [04/Jun/2012:18:21:20 +0600] "GET /content/view/559/234/ HTTP/1.0" 200 6025 "http://yandex.by/yandsearch?text=%D0%BA%D0%BE%D0%BD%D0%BA%D1%83%D1%80%D1%81+%D0%BB%D0%B5%D1%82%D0%BE+%D0%B8+%D0%BA%D0%BD%D0%B8%D0%B3%D0%B0&clid=139085&tld=by&lr=153" "Opera/9.80 (Windows NT 5.1; U; Edition Yx; ru) Presto/2.10.229 Version/11.64"
178.122.159.163 - - [04/Jun/2012:18:21:31 +0600] "GET /content/view/643/52 HTTP/1.0" 200 7987 "http://yandex.by/yandsearch?text=%D0%BA%D0%BE%D0%BD%D0%BA%D1%83%D1%80%D1%81+%D0%BB%D0%B5%D1%82%D0%BE+%D0%B8+%D0%BA%D0%BD%D0%B8%D0%B3%D0%B0&clid=139085&tld=by&lr=153" "Opera/9.80 (Windows NT 5.1; U; Edition Yx; ru) Presto/2.10.229 Version/11.64"
178.122.159.163 - - [04/Jun/2012:18:21:43 +0600] "GET /content/section/6/53/ HTTP/1.0" 200 5184 "http://csdb.ufanet.ru/content/view/643/52" "Opera/9.80 (Windows NT 5.1; U; Edition Yx; ru) Presto/2.10.229 Version/11.64"
178.122.159.163 - - [04/Jun/2012:18:21:59 +0600] "GET /content/blogcategory/1/66/ HTTP/1.0" 200 7687 "http://csdb.ufanet.ru/content/section/6/53/" "Opera/9.80 (Windows NT 5.1; U; Edition Yx; ru) Presto/2.10.229 Version/11.64"
178.122.159.163 - - [04/Jun/2012:18:22:23 +0600] "GET /content/view/382/158/ HTTP/1.0" 200 6336 "http://csdb.ufanet.ru/content/blogcategory/1/66/" "Opera/9.80 (Windows NT 5.1; U; Edition Yx; ru) Presto/2.10.229 Version/11.64"
178.122.159.163 - - [04/Jun/2012:18:22:24 +0600] "GET /%22%22%22%22%22http://csdb.ufanet.ru/templates/csdb/images/strelka.gif%22%22%22%22%22 HTTP/1.0" 404 392 "http://csdb.ufanet.ru/content/view/382/158/" "Opera/9.80 (Windows NT 5.1; U; Edition Yx; ru) Presto/2.10.229 Version/11.64"
178.122.159.163 - - [04/Jun/2012:18:22:38 +0600] "GET /content/category/7/20/52/ HTTP/1.0" 200 5680 "http://csdb.ufanet.ru/content/view/382/158/" "Opera/9.80 (Windows NT 5.1; U; Edition Yx; ru) Presto/2.10.229 Version/11.64"
178.122.159.163 - - [04/Jun/2012:18:22:45 +0600] "GET /content/view/643/52/ HTTP/1.0" 200 7988 "http://csdb.ufanet.ru/content/category/7/20/52/" "Opera/9.80 (Windows NT 5.1; U; Edition Yx; ru) Presto/2.10.229 Version/11.64"
178.122.159.163 - - [04/Jun/2012:18:23:00 +0600] "GET /content/section/6/53/ HTTP/1.0" 200 5180 "http://csdb.ufanet.ru/content/category/7/20/52/" "Opera/9.80 (Windows NT 5.1; U; Edition Yx; ru) Presto/2.10.229 Version/11.64"
178.122.159.163 - - [04/Jun/2012:18:23:06 +0600] "GET /content/category/5/18/47/ HTTP/1.0" 200 5483 "http://csdb.ufanet.ru/content/section/6/53/" "Opera/9.80 (Windows NT 5.1; U; Edition Yx; ru) Presto/2.10.229 Version/11.64"
66.249.66.77 - - [04/Jun/2012:18:23:12 +0600] "GET /content/view/811/149/ HTTP/1.0" 200 5088 "-" "Mozilla/5.0 (compatible; Googlebot/2.1; +http://www.google.com/bot.html)"
178.122.159.163 - - [04/Jun/2012:18:23:14 +0600] "GET /content/view/53/47/ HTTP/1.0" 200 7329 "http://csdb.ufanet.ru/content/category/5/18/47/" "Opera/9.80 (Windows NT 5.1; U; Edition Yx; ru) Presto/2.10.229 Version/11.64"
178.122.159.163 - - [04/Jun/2012:18:23:33 +0600] "GET /content/view/81/115/ HTTP/1.0" 200 11318 "http://csdb.ufanet.ru/content/view/53/47/" "Opera/9.80 (Windows NT 5.1; U; Edition Yx; ru) Presto/2.10.229 Version/11.64"
178.122.159.163 - - [04/Jun/2012:18:24:20 +0600] "GET /content/category/14/42/183/ HTTP/1.0" 200 5732 "http://csdb.ufanet.ru/content/category/5/18/47/" "Opera/9.80 (Windows NT 5.1; U; Edition Yx; ru) Presto/2.10.229 Version/11.64"
178.122.159.163 - - [04/Jun/2012:18:24:26 +0600] "GET /content/view/984/183/ HTTP/1.0" 200 6366 "http://csdb.ufanet.ru/content/category/14/42/183/" "Opera/9.80 (Windows NT 5.1; U; Edition Yx; ru) Presto/2.10.229 Version/11.64"
178.122.159.163 - - [04/Jun/2012:18:24:46 +0600] "GET /content/view/545/183/ HTTP/1.0" 200 7036 "http://csdb.ufanet.ru/content/category/14/42/183/" "Opera/9.80 (Windows NT 5.1; U; Edition Yx; ru) Presto/2.10.229 Version/11.64"
178.122.159.163 - - [04/Jun/2012:18:24:58 +0600] "GET /content/category/14/43/192/ HTTP/1.0" 200 5352 "http://csdb.ufanet.ru/content/view/545/183/" "Opera/9.80 (Windows NT 5.1; U; Edition Yx; ru) Presto/2.10.229 Version/11.64"
178.122.159.163 - - [04/Jun/2012:18:25:02 +0600] "GET /content/view/522/192/ HTTP/1.0" 200 6863 "http://csdb.ufanet.ru/content/category/14/43/192/" "Opera/9.80 (Windows NT 5.1; U; Edition Yx; ru) Presto/2.10.229 Version/11.64"
178.122.159.163 - - [04/Jun/2012:18:25:13 +0600] "GET /component/option,com_facileforms/Itemid,71/ HTTP/1.0" 200 5214 "http://csdb.ufanet.ru/content/view/522/192/" "Opera/9.80 (Windows NT 5.1; U; Edition Yx; ru) Presto/2.10.229 Version/11.64"
178.122.159.163 - - [04/Jun/2012:18:25:13 +0600] "GET /index2.php?option=com_facileforms&Itemid=71&ff_form=11&ff_frame=1&ff_border=1 HTTP/1.0" 200 4040 "http://csdb.ufanet.ru/component/option,com_facileforms/Itemid,71/" "Opera/9.80 (Windows NT 5.1; U; Edition Yx; ru) Presto/2.10.229 Version/11.64"
178.122.159.163 - - [04/Jun/2012:18:25:14 +0600] "GET /components/com_facileforms/secimage.php?sessid=lal54mj65jcjnlauji1908k961 HTTP/1.0" 200 274 "http://csdb.ufanet.ru/index2.php?option=com_facileforms&Itemid=71&ff_form=11&ff_frame=1&ff_border=1" "Opera/9.80 (Windows NT 5.1; U; Edition Yx; ru) Presto/2.10.229 Version/11.64"
213.180.206.197 - - [04/Jun/2012:18:26:21 +0600] "GET / HTTP/1.0" 200 24015 "-" "Mozilla/5.0 (compatible; YandexMetrika/2.0; +http://yandex.com/bots)"
46.33.234.126 - - [04/Jun/2012:18:28:15 +0600] "GET /content/blogcategory/1/66/ HTTP/1.0" 200 7731 "-" "Mozilla/5.0 (Windows NT 6.1) AppleWebKit/536.5 (KHTML, like Gecko) Chrome/19.0.1084.52 Safari/536.5"
95.133.248.143 - - [04/Jun/2012:18:32:19 +0600] "GET /index.php HTTP/1.0" 200 24020 "http://csdb.ufanet.ru/index.php" "Mozilla/4.0 (compatible; MSIE 6.0; Windows NT 5.1; SV1; .NET CLR 1.0.3705; .NET CLR 1.1.4322; .NET CLR 2.0.40607)"
66.249.66.77 - - [04/Jun/2012:18:33:02 +0600] "GET /content/view/876/128/ HTTP/1.0" 200 5083 "-" "Mozilla/5.0 (compatible; Googlebot/2.1; +http://www.google.com/bot.html)"
46.175.99.2 - - [04/Jun/2012:18:33:55 +0600] "GET / HTTP/1.0" 200 6469 "http://www.google.ru/url?sa=t&rct=j&q=www.csdb.ufanet.ru&source=web&cd=1&ved=0CE8QFjAA&url=http%3A%2F%2Fcsdb.ufanet.ru%2F&ei=EavMT77VKO6P4gTt19QT&usg=AFQjCNGr3-VhEuv4mWftvIFQmFcbxmmeUQ&cad=rjt" "Mozilla/5.0 (Windows NT 6.1; WOW64) AppleWebKit/536.5 (KHTML, like Gecko) Chrome/19.0.1084.52 Safari/536.5"
46.175.99.2 - - [04/Jun/2012:18:33:59 +0600] "GET /images/cgdb.swf HTTP/1.0" 200 19792297 "http://csdb.ufanet.ru/" "Mozilla/5.0 (Windows NT 6.1; WOW64) AppleWebKit/536.5 (KHTML, like Gecko) Chrome/19.0.1084.52 Safari/536.5"
178.154.163.30 - - [04/Jun/2012:18:34:21 +0600] "GET /content/view/730/210/ HTTP/1.0" 200 5045 "-" "Mozilla/5.0 (compatible; YandexBot/3.0; +http://yandex.com/bots)"
178.154.163.30 - - [04/Jun/2012:18:34:23 +0600] "GET /content/section/6/53/ HTTP/1.0" 200 5218 "-" "Mozilla/5.0 (compatible; YandexBot/3.0; +http://yandex.com/bots)"
46.175.99.2 - - [04/Jun/2012:18:34:24 +0600] "GET /content/category/7/20/52/ HTTP/1.0" 200 5716 "http://csdb.ufanet.ru/" "Mozilla/5.0 (Windows NT 6.1; WOW64) AppleWebKit/536.5 (KHTML, like Gecko) Chrome/19.0.1084.52 Safari/536.5"
46.175.99.2 - - [04/Jun/2012:18:34:50 +0600] "GET /content/view/843/52/ HTTP/1.0" 200 5592 "http://csdb.ufanet.ru/content/category/7/20/52/" "Mozilla/5.0 (Windows NT 6.1; WOW64) AppleWebKit/536.5 (KHTML, like Gecko) Chrome/19.0.1084.52 Safari/536.5"
46.175.99.2 - - [04/Jun/2012:18:35:07 +0600] "GET /content/category/7/20/52/ HTTP/1.0" 200 5715 "http://csdb.ufanet.ru/content/view/843/52/" "Mozilla/5.0 (Windows NT 6.1; WOW64) AppleWebKit/536.5 (KHTML, like Gecko) Chrome/19.0.1084.52 Safari/536.5"
46.175.99.2 - - [04/Jun/2012:18:35:20 +0600] "GET /component/option,com_frontpage/Itemid,1/ HTTP/1.0" 200 6471 "http://csdb.ufanet.ru/content/category/7/20/52/" "Mozilla/5.0 (Windows NT 6.1; WOW64) AppleWebKit/536.5 (KHTML, like Gecko) Chrome/19.0.1084.52 Safari/536.5"
46.175.99.2 - - [04/Jun/2012:18:35:35 +0600] "GET /content/section/6/53/ HTTP/1.0" 200 5214 "http://csdb.ufanet.ru/component/option,com_frontpage/Itemid,1/" "Mozilla/5.0 (Windows NT 6.1; WOW64) AppleWebKit/536.5 (KHTML, like Gecko) Chrome/19.0.1084.52 Safari/536.5"
46.175.99.2 - - [04/Jun/2012:18:35:39 +0600] "GET /content/category/7/20/52/ HTTP/1.0" 200 5713 "http://csdb.ufanet.ru/content/section/6/53/" "Mozilla/5.0 (Windows NT 6.1; WOW64) AppleWebKit/536.5 (KHTML, like Gecko) Chrome/19.0.1084.52 Safari/536.5"
46.175.99.2 - - [04/Jun/2012:18:35:43 +0600] "GET /content/view/382/158/ HTTP/1.0" 200 6376 "http://csdb.ufanet.ru/content/category/7/20/52/" "Mozilla/5.0 (Windows NT 6.1; WOW64) AppleWebKit/536.5 (KHTML, like Gecko) Chrome/19.0.1084.52 Safari/536.5"
46.175.99.2 - - [04/Jun/2012:18:35:43 +0600] "GET /%22%22%22%22%22http://csdb.ufanet.ru/templates/csdb/images/strelka.gif%22%22%22%22%22 HTTP/1.0" 404 392 "http://csdb.ufanet.ru/content/view/382/158/" "Mozilla/5.0 (Windows NT 6.1; WOW64) AppleWebKit/536.5 (KHTML, like Gecko) Chrome/19.0.1084.52 Safari/536.5"
46.175.99.2 - - [04/Jun/2012:18:35:51 +0600] "GET /content/category/7/20/52/ HTTP/1.0" 200 5715 "http://csdb.ufanet.ru/content/view/382/158/" "Mozilla/5.0 (Windows NT 6.1; WOW64) AppleWebKit/536.5 (KHTML, like Gecko) Chrome/19.0.1084.52 Safari/536.5"
178.154.163.30 - - [04/Jun/2012:18:36:06 +0600] "GET /content/view/826/210 HTTP/1.0" 200 4644 "-" "Mozilla/5.0 (compatible; YandexBot/3.0; +http://yandex.com/bots)"
178.154.163.30 - - [04/Jun/2012:18:36:09 +0600] "GET /content/view/763/183/ HTTP/1.0" 200 6541 "-" "Mozilla/5.0 (compatible; YandexBot/3.0; +http://yandex.com/bots)"
178.154.163.30 - - [04/Jun/2012:18:36:15 +0600] "GET /content/view/292/66/ HTTP/1.0" 200 6250 "-" "Mozilla/5.0 (compatible; YandexBot/3.0; +http://yandex.com/bots)"
178.154.163.30 - - [04/Jun/2012:18:36:19 +0600] "GET /content/view/855/243/ HTTP/1.0" 200 7746 "-" "Mozilla/5.0 (compatible; YandexBot/3.0; +http://yandex.com/bots)"
178.154.163.30 - - [04/Jun/2012:18:36:23 +0600] "GET /content/view/740/210/ HTTP/1.0" 200 4655 "-" "Mozilla/5.0 (compatible; YandexBot/3.0; +http://yandex.com/bots)"
178.154.163.30 - - [04/Jun/2012:18:36:26 +0600] "GET /content/view/357/86/ HTTP/1.0" 200 6796 "-" "Mozilla/5.0 (compatible; YandexBot/3.0; +http://yandex.com/bots)"
178.154.163.30 - - [04/Jun/2012:18:36:28 +0600] "GET /content/view/504/210 HTTP/1.0" 200 4744 "-" "Mozilla/5.0 (compatible; YandexBot/3.0; +http://yandex.com/bots)"
178.154.163.30 - - [04/Jun/2012:18:36:31 +0600] "GET /content/view/504/210/ HTTP/1.0" 200 4746 "-" "Mozilla/5.0 (compatible; YandexBot/3.0; +http://yandex.com/bots)"
178.154.163.30 - - [04/Jun/2012:18:36:33 +0600] "GET /content/view/826/210/ HTTP/1.0" 200 4642 "-" "Mozilla/5.0 (compatible; YandexBot/3.0; +http://yandex.com/bots)"
178.154.163.30 - - [04/Jun/2012:18:36:35 +0600] "GET /content/view/442/210/ HTTP/1.0" 200 4573 "-" "Mozilla/5.0 (compatible; YandexBot/3.0; +http://yandex.com/bots)"
85.25.9.83 - - [04/Jun/2012:18:36:36 +0600] "GET /? HTTP/1.0" 200 24016 "-" "Spider"
178.154.163.30 - - [04/Jun/2012:18:36:38 +0600] "GET /content/view/764/56/ HTTP/1.0" 200 4003 "-" "Mozilla/5.0 (compatible; YandexBot/3.0; +http://yandex.com/bots)"
178.154.163.30 - - [04/Jun/2012:18:36:43 +0600] "GET /content/view/767/56/ HTTP/1.0" 200 3652 "-" "Mozilla/5.0 (compatible; YandexBot/3.0; +http://yandex.com/bots)"
178.154.163.30 - - [04/Jun/2012:18:36:46 +0600] "GET /content/view/477/90/ HTTP/1.0" 200 4336 "-" "Mozilla/5.0 (compatible; YandexBot/3.0; +http://yandex.com/bots)"
178.154.163.30 - - [04/Jun/2012:18:36:49 +0600] "GET /content/view/479/1/ HTTP/1.0" 200 6310 "-" "Mozilla/5.0 (compatible; YandexBot/3.0; +http://yandex.com/bots)"
178.154.163.30 - - [04/Jun/2012:18:36:52 +0600] "GET /files/articles/art.pdf HTTP/1.0" 200 504955 "-" "Mozilla/5.0 (compatible; YandexBot/3.0; +http://yandex.com/bots)"
178.154.163.30 - - [04/Jun/2012:18:36:55 +0600] "GET /component/option,com_true/Itemid,103/func,detail/catid,1/id,9/ HTTP/1.0" 301 - "-" "Mozilla/5.0 (compatible; YandexBot/3.0; +http://yandex.com/bots)"
66.249.66.77 - - [04/Jun/2012:18:36:55 +0600] "GET /content/view/429/210/ HTTP/1.0" 200 4451 "-" "Mozilla/5.0 (compatible; Googlebot/2.1; +http://www.google.com/bot.html)"
178.154.163.30 - - [04/Jun/2012:18:36:58 +0600] "GET /component/option,com_true/Itemid,103/func,userpannel/?mosmsg=%C8%E7%EE%E1%F0%E0%E6%E5%ED%E8%E5+%ED%E5+%F1%F3%F9%E5%F1%F2%E2%F3%E5%F2+%E8%EB%E8+%E5%F9%B8+%ED%E5+%E1%FB%EB%EE+%EE%E4%EE%E1%F0%E5%ED%EE+%C0%E4%EC%E8%ED%E8%F1%F2%F0%E0%F2%EE%F0%EE%EC HTTP/1.0" 301 - "-" "Mozilla/5.0 (compatible; YandexBot/3.0; +http://yandex.com/bots)"
178.154.163.30 - - [04/Jun/2012:18:37:01 +0600] "GET /component/option,com_true/Itemid,103/func,showupload/?mosmsg=%C2%FB+%ED%E5+%E0%E2%F2%EE%F0%E8%E7%E8%F0%EE%E2%E0%ED%FB HTTP/1.0" 301 - "-" "Mozilla/5.0 (compatible; YandexBot/3.0; +http://yandex.com/bots)"
178.154.163.30 - - [04/Jun/2012:18:37:03 +0600] "GET /component/option,com_true/Itemid,103/?mosmsg=%C2%FB+%ED%E5+%E0%E2%F2%EE%F0%E8%E7%E8%F0%EE%E2%E0%ED%FB HTTP/1.0" 200 4238 "-" "Mozilla/5.0 (compatible; YandexBot/3.0; +http://yandex.com/bots)"
178.154.163.30 - - [04/Jun/2012:18:37:05 +0600] "GET /content/view/823/126/ HTTP/1.0" 200 5098 "-" "Mozilla/5.0 (compatible; YandexBot/3.0; +http://yandex.com/bots)"
46.175.99.2 - - [04/Jun/2012:18:37:06 +0600] "GET / HTTP/1.0" 200 6472 "http://web.imhonet.ru/element/316028/" "Mozilla/5.0 (Windows NT 6.1; WOW64) AppleWebKit/536.5 (KHTML, like Gecko) Chrome/19.0.1084.52 Safari/536.5"
178.154.163.30 - - [04/Jun/2012:18:37:10 +0600] "GET /content/view/811/127/ HTTP/1.0" 200 5090 "-" "Mozilla/5.0 (compatible; YandexBot/3.0; +http://yandex.com/bots)"
178.154.163.30 - - [04/Jun/2012:18:37:13 +0600] "GET /content/view/448/ HTTP/1.0" 200 5347 "-" "Mozilla/5.0 (compatible; YandexBot/3.0; +http://yandex.com/bots)"
178.154.163.30 - - [04/Jun/2012:18:37:15 +0600] "GET /goroddetstva/6/digest.doc HTTP/1.0" 304 - "-" "Mozilla/5.0 (compatible; YandexBot/3.0; +http://yandex.com/bots)"
