213.180.206.197 - - [05/Jun/2012:04:03:32 +0600] "GET / HTTP/1.0" 200 23975 "-" "Mozilla/5.0 (compatible; YandexMetrika/2.0; +http://yandex.com/bots)"
81.30.179.3 - - [05/Jun/2012:04:05:11 +0600] "GET /content/view/337/47/ HTTP/1.0" 200 6933 "http://www.google.ru/url?sa=t&rct=j&q=%D0%BE%D1%80%D0%B3%D0%B0%D0%BD%D0%B8%D0%B7%D0%B0%D1%86%D0%B8%D1%8F%20%20%20%D0%BE%D1%82%D0%BA%D1%80%D1%8B%D1%82%D0%BE%D0%B3%D0%BE%20%D0%B4%D0%BE%D1%81%D1%82%D1%83%D0%BF%D0%B0%20&source=web&cd=10&ved=0CGEQFjAJ&url=http%3A%2F%2Fcsdb.ufanet.ru%2Fcontent%2Fview%2F337%2F47%2F&ei=NC_NT_zeCpLZ4QTjypHwAg&usg=AFQjCNFNsCTkAAYclnipUrLL2kkmK0CABQ&cad=rjt" "Mozilla/5.0 (Windows NT 5.1) AppleWebKit/536.5 (KHTML, like Gecko) Chrome/19.0.1084.52 Safari/536.5"
178.154.163.30 - - [05/Jun/2012:04:05:46 +0600] "GET /content/view/462/1/ HTTP/1.0" 200 6203 "-" "Mozilla/5.0 (compatible; YandexBot/3.0; +http://yandex.com/bots)"
178.154.163.30 - - [05/Jun/2012:04:06:05 +0600] "GET /content/view/812/152/ HTTP/1.0" 200 5098 "-" "Mozilla/5.0 (compatible; YandexBot/3.0; +http://yandex.com/bots)"
178.154.163.30 - - [05/Jun/2012:04:06:08 +0600] "GET /content/view/887/255/ HTTP/1.0" 200 10077 "-" "Mozilla/5.0 (compatible; YandexDirect/3.0; +http://yandex.com/bots)"
66.249.66.77 - - [05/Jun/2012:04:06:42 +0600] "GET /content/view/460/ HTTP/1.0" 200 4857 "-" "Mozilla/5.0 (compatible; Googlebot/2.1; +http://www.google.com/bot.html)"
95.108.141.3 - - [05/Jun/2012:04:06:46 +0600] "HEAD /content/category/14/42/183/ HTTP/1.0" 200 - "-" "Mozilla/5.0 (compatible; YandexSitelinks; Dyatel; +http://yandex.com/bots)"
178.154.163.30 - - [05/Jun/2012:04:07:21 +0600] "GET /content/view/811/143/ HTTP/1.0" 200 5092 "-" "Mozilla/5.0 (compatible; YandexBot/3.0; +http://yandex.com/bots)"
178.154.163.30 - - [05/Jun/2012:04:07:24 +0600] "GET /content/view/668/56/ HTTP/1.0" 200 4079 "-" "Mozilla/5.0 (compatible; YandexBot/3.0; +http://yandex.com/bots)"
178.154.163.30 - - [05/Jun/2012:04:07:26 +0600] "GET /content/view/847/223 HTTP/1.0" 200 5344 "-" "Mozilla/5.0 (compatible; YandexBot/3.0; +http://yandex.com/bots)"
178.154.163.30 - - [05/Jun/2012:04:07:28 +0600] "GET /content/view/795/126/ HTTP/1.0" 200 5097 "-" "Mozilla/5.0 (compatible; YandexBot/3.0; +http://yandex.com/bots)"
178.154.163.30 - - [05/Jun/2012:04:07:30 +0600] "GET / HTTP/1.0" 200 6451 "-" "Mozilla/5.0 (compatible; YandexDirect/3.0; +http://yandex.com/bots)"
68.233.226.103 - - [05/Jun/2012:04:07:52 +0600] "GET /content/view/793/52/content/view/659/1/ HTTP/1.0" 200 20411 "-" "Mozilla/5.0 (Windows NT 5.1) AppleWebKit/535.2 (KHTML, like Gecko) Chrome/15.0.872.0 Safari/535.2"
66.249.66.77 - - [05/Jun/2012:04:09:42 +0600] "GET /content/view/695/157/ HTTP/1.0" 200 5109 "-" "Mozilla/5.0 (compatible; Googlebot/2.1; +http://www.google.com/bot.html)"
213.180.206.197 - - [05/Jun/2012:04:10:09 +0600] "GET / HTTP/1.0" 200 23975 "-" "Mozilla/5.0 (compatible; YandexMetrika/2.0; +http://yandex.com/bots)"
66.249.66.77 - - [05/Jun/2012:04:10:31 +0600] "GET /content/view/1001/129/ HTTP/1.0" 200 19281 "-" "Mozilla/5.0 (compatible; Googlebot/2.1; +http://www.google.com/bot.html)"
66.249.66.77 - - [05/Jun/2012:04:12:23 +0600] "GET /content/view/240/1/ HTTP/1.0" 200 6187 "-" "Mozilla/5.0 (compatible; Googlebot/2.1; +http://www.google.com/bot.html)"
68.233.226.103 - - [05/Jun/2012:04:12:31 +0600] "GET /content/view/793/52/content/view/704/183/ HTTP/1.0" 200 20411 "-" "Mozilla/5.0 (Windows NT 5.1) AppleWebKit/535.2 (KHTML, like Gecko) Chrome/15.0.872.0 Safari/535.2"
178.154.163.30 - - [05/Jun/2012:04:12:53 +0600] "GET /content/view/738/56/ HTTP/1.0" 200 4316 "-" "Mozilla/5.0 (compatible; YandexBot/3.0; +http://yandex.com/bots)"
37.55.16.147 - - [05/Jun/2012:04:14:17 +0600] "GET / HTTP/1.0" 200 23975 "http://csdb.ufanet.ru/" "Mozilla/4.0 (compatible; MSIE 6.0; Windows NT 5.2; Win64; x64; SV1; .NET CLR 2.0.50727)"
68.233.226.103 - - [05/Jun/2012:04:15:27 +0600] "GET /content/view/793/52/content/view/793/1/ HTTP/1.0" 200 20411 "-" "Mozilla/5.0 (Windows NT 5.1) AppleWebKit/535.2 (KHTML, like Gecko) Chrome/15.0.872.0 Safari/535.2"
66.249.66.77 - - [05/Jun/2012:04:17:54 +0600] "GET /content/view/199/5/ HTTP/1.0" 200 6438 "-" "Mozilla/5.0 (compatible; Googlebot/2.1; +http://www.google.com/bot.html)"
68.233.226.103 - - [05/Jun/2012:04:18:10 +0600] "GET /content/view/793/52/content/view/794/1/ HTTP/1.0" 200 20411 "-" "Mozilla/5.0 (Windows NT 5.1) AppleWebKit/535.2 (KHTML, like Gecko) Chrome/15.0.872.0 Safari/535.2"
68.233.226.103 - - [05/Jun/2012:04:21:43 +0600] "GET /content/view/793/52/content/view/795/1/ HTTP/1.0" 200 20411 "-" "Mozilla/5.0 (Windows NT 5.1) AppleWebKit/535.2 (KHTML, like Gecko) Chrome/15.0.872.0 Safari/535.2"
66.249.66.77 - - [05/Jun/2012:04:22:36 +0600] "GET /content/view/229/ HTTP/1.0" 200 5046 "-" "Mozilla/5.0 (compatible; Googlebot/2.1; +http://www.google.com/bot.html)"
83.169.60.25 - - [05/Jun/2012:04:26:21 +0600] "GET / HTTP/1.0" 200 23980 "-" "Mozilla/5.0 (Windows; U; Windows NT 6.0; de; rv:1.9.0.6) Gecko/2009011913 Firefox/3.0.6"
83.169.60.25 - - [05/Jun/2012:04:26:21 +0600] "GET /20e6a4bb032fcfae5d.php HTTP/1.0" 404 299 "-" "Mozilla/5.0 (Windows; U; Windows NT 6.0; de; rv:1.9.0.6) Gecko/2009011913 Firefox/3.0.6"
68.233.226.103 - - [05/Jun/2012:04:26:36 +0600] "GET /content/view/793/52/index.php HTTP/1.0" 200 20407 "-" "Mozilla/5.0 (Windows NT 5.1) AppleWebKit/535.2 (KHTML, like Gecko) Chrome/15.0.872.0 Safari/535.2"
157.55.18.24 - - [05/Jun/2012:04:28:26 +0600] "GET /index.php?option=com_content&task=view&id=156&Itemid=52 HTTP/1.0" 200 6114 "-" "Mozilla/5.0 (compatible; bingbot/2.0; +http://www.bing.com/bingbot.htm)"
65.52.104.19 - - [05/Jun/2012:04:30:50 +0600] "GET /content/blogcategory/28/67/ HTTP/1.0" 200 3847 "-" "Mozilla/5.0 (compatible; bingbot/2.0; +http://www.bing.com/bingbot.htm)"
68.233.226.103 - - [05/Jun/2012:04:31:41 +0600] "GET /content/view/793/52/index.php?option=com_contact&Itemid=3 HTTP/1.0" 200 20407 "-" "Mozilla/5.0 (Windows NT 5.1) AppleWebKit/535.2 (KHTML, like Gecko) Chrome/15.0.872.0 Safari/535.2"
68.233.226.103 - - [05/Jun/2012:04:32:51 +0600] "GET /content/view/793/52/index.php?option=com_search&Itemid=5 HTTP/1.0" 200 20407 "-" "Mozilla/5.0 (Windows NT 5.1) AppleWebKit/535.2 (KHTML, like Gecko) Chrome/15.0.872.0 Safari/535.2"
46.211.195.81 - - [05/Jun/2012:04:47:44 +0600] "GET / HTTP/1.0" 200 23980 "http://csdb.ufanet.ru/" "Mozilla/4.0 (compatible; MSIE 5.0; Windows NT; DigExt)"
213.180.206.197 - - [05/Jun/2012:04:49:10 +0600] "GET / HTTP/1.0" 200 23975 "-" "Mozilla/5.0 (compatible; YandexMetrika/2.0; +http://yandex.com/bots)"
79.150.109.236 - - [05/Jun/2012:05:12:51 +0600] "GET /content/view/557/66/ HTTP/1.0" 200 6584 "http://www.google.com/imgres?q=%D0%B0%D1%81%D0%BA%D0%B0%D1%80+%D0%B0%D0%B1%D0%B4%D1%80%D0%B0%D0%B7%D0%B0%D0%BA%D0%BE%D0%B2+%D0%B8%D1%81%D0%BF%D0%BE%D0%BB%D0%BD%D0%B8%D0%BB&start=395&hl=ru&client=safari&sa=X&rls=en&biw=1374&bih=693&tbm=isch&prmd=imvnso&tbnid=4BI-nMNLEo4OSM:&imgrefurl=http://csdb.ufanet.ru/content/view/557/66/&docid=svLJZ498gOx1BM&itg=1&imgurl=http://csdb.ufanet.ru/images/200511/03.jpg&w=400&h=300&ei=7kDNT8edHImP-wblgNVg&zoom=1&iact=hc&vpx=188&vpy=74&dur=628&hovh=194&hovw=259&tx=117&ty=136&sig=106388264008022139623&page=18&tbnh=146&tbnw=195&ndsp=24&ved=1t:429,r:0,s:395,i:5" "Mozilla/5.0 (Macintosh; Intel Mac OS X 10_7_3) AppleWebKit/534.53.11 (KHTML, like Gecko) Version/5.1.3 Safari/534.53.10"
79.150.109.236 - - [05/Jun/2012:05:13:03 +0600] "GET /content/view/557/66/ HTTP/1.0" 200 6584 "http://www.google.com/imgres?q=%D0%B0%D1%81%D0%BA%D0%B0%D1%80+%D0%B0%D0%B1%D0%B4%D1%80%D0%B0%D0%B7%D0%B0%D0%BA%D0%BE%D0%B2+%D0%B8%D1%81%D0%BF%D0%BE%D0%BB%D0%BD%D0%B8%D0%BB&start=395&hl=ru&client=safari&sa=X&rls=en&biw=1374&bih=693&tbm=isch&prmd=imvnso&tbnid=4BI-nMNLEo4OSM:&imgrefurl=http://csdb.ufanet.ru/content/view/557/66/&docid=svLJZ498gOx1BM&itg=1&imgurl=http://csdb.ufanet.ru/images/200511/03.jpg&w=400&h=300&ei=7kDNT8edHImP-wblgNVg&zoom=1&iact=hc&vpx=188&vpy=74&dur=628&hovh=194&hovw=259&tx=117&ty=136&sig=106388264008022139623&page=18&tbnh=146&tbnw=195&ndsp=24&ved=1t:429,r:0,s:395,i:5" "Mozilla/5.0 (Macintosh; Intel Mac OS X 10_7_3) AppleWebKit/534.53.11 (KHTML, like Gecko) Version/5.1.3 Safari/534.53.10"
213.180.206.197 - - [05/Jun/2012:05:23:16 +0600] "GET / HTTP/1.0" 200 23980 "-" "Mozilla/5.0 (compatible; YandexMetrika/2.0; +http://yandex.com/bots)"
157.56.94.164 - - [05/Jun/2012:05:24:54 +0600] "GET /content/view/204/47/ HTTP/1.0" 200 10171 "-" "msnbot/2.0b (+http://search.msn.com/msnbot.htm)"
157.55.17.148 - - [05/Jun/2012:05:45:25 +0600] "GET /content/view/659/183/ HTTP/1.0" 200 5129 "-" "Mozilla/5.0 (compatible; bingbot/2.0; +http://www.bing.com/bingbot.htm)"
66.249.66.77 - - [05/Jun/2012:05:45:45 +0600] "GET /content/view/719/ HTTP/1.0" 200 4776 "-" "Mozilla/5.0 (compatible; Googlebot/2.1; +http://www.google.com/bot.html)"
213.180.206.197 - - [05/Jun/2012:05:54:49 +0600] "GET / HTTP/1.0" 200 23975 "-" "Mozilla/5.0 (compatible; YandexMetrika/2.0; +http://yandex.com/bots)"
66.249.66.77 - - [05/Jun/2012:05:55:14 +0600] "GET /content/view/209/5/ HTTP/1.0" 200 6590 "-" "Mozilla/5.0 (compatible; Googlebot/2.1; +http://www.google.com/bot.html)"
95.108.141.3 - - [05/Jun/2012:05:59:34 +0600] "HEAD /content/section/8/55 HTTP/1.0" 200 - "-" "Mozilla/5.0 (compatible; YandexSitelinks; Dyatel; +http://yandex.com/bots)"
66.249.66.77 - - [05/Jun/2012:06:04:43 +0600] "GET /content/view/461/ HTTP/1.0" 200 4832 "-" "Mozilla/5.0 (compatible; Googlebot/2.1; +http://www.google.com/bot.html)"
207.46.194.88 - - [05/Jun/2012:06:10:21 +0600] "GET /content/blogcategory/1/66/5/40/ HTTP/1.0" 200 7822 "-" "msnbot-media/1.1 (+http://search.msn.com/msnbot.htm)"
66.249.66.77 - - [05/Jun/2012:06:21:58 +0600] "GET /content/view/811/47/ HTTP/1.0" 200 5143 "-" "Mozilla/5.0 (compatible; Googlebot/2.1; +http://www.google.com/bot.html)"
157.55.17.197 - - [05/Jun/2012:06:24:00 +0600] "GET /content/view/313/94/ HTTP/1.0" 200 4279 "-" "Mozilla/5.0 (compatible; bingbot/2.0; +http://www.bing.com/bingbot.htm)"
213.180.206.197 - - [05/Jun/2012:06:29:56 +0600] "GET / HTTP/1.0" 200 23965 "-" "Mozilla/5.0 (compatible; YandexMetrika/2.0; +http://yandex.com/bots)"
178.154.163.30 - - [05/Jun/2012:06:34:11 +0600] "GET /files/scen_prazd/Raznocvet.doc HTTP/1.0" 200 40448 "-" "Mozilla/5.0 (compatible; YandexDirect/3.0; +http://yandex.com/bots)"
207.46.204.233 - - [05/Jun/2012:06:35:25 +0600] "GET /mb38/ HTTP/1.0" 200 14902 "-" "Mozilla/5.0 (compatible; bingbot/2.0; +http://www.bing.com/bingbot.htm)"
178.154.163.30 - - [05/Jun/2012:06:37:18 +0600] "GET /index.php?option=com_content&task=view&id=127&Itemid=62 HTTP/1.0" 200 15220 "-" "Mozilla/5.0 (compatible; YandexDirect/3.0; +http://yandex.com/bots)"
157.55.18.24 - - [05/Jun/2012:06:58:52 +0600] "GET /content/view/976/1/ HTTP/1.0" 200 7379 "-" "Mozilla/5.0 (compatible; bingbot/2.0; +http://www.bing.com/bingbot.htm)"
66.249.66.77 - - [05/Jun/2012:07:00:21 +0600] "GET /content/view/794/121/ HTTP/1.0" 200 5669 "-" "Mozilla/5.0 (compatible; Googlebot/2.1; +http://www.google.com/bot.html)"
178.154.163.30 - - [05/Jun/2012:07:00:53 +0600] "GET /mb38/ HTTP/1.0" 304 - "-" "Mozilla/5.0 (compatible; YandexBot/3.0; +http://yandex.com/bots)"
66.249.66.77 - - [05/Jun/2012:07:02:05 +0600] "GET /content/view/793/ HTTP/1.0" 200 4019 "-" "Mozilla/5.0 (compatible; Googlebot/2.1; +http://www.google.com/bot.html)"
178.154.163.30 - - [05/Jun/2012:07:07:04 +0600] "GET /content/view/53/47/ HTTP/1.0" 200 7365 "-" "Mozilla/5.0 (compatible; YandexBot/3.0; +http://yandex.com/bots)"
213.180.206.197 - - [05/Jun/2012:07:09:50 +0600] "GET / HTTP/1.0" 200 23980 "-" "Mozilla/5.0 (compatible; YandexMetrika/2.0; +http://yandex.com/bots)"
65.52.110.200 - - [05/Jun/2012:07:10:53 +0600] "GET /index.php?option=com_content&task=view&id=23&Itemid=49 HTTP/1.0" 200 3993 "-" "Mozilla/5.0 (compatible; bingbot/2.0; +http://www.bing.com/bingbot.htm)"
66.249.66.77 - - [05/Jun/2012:07:14:09 +0600] "GET /content/view/793/183/ HTTP/1.0" 200 5126 "-" "Mozilla/5.0 (compatible; Googlebot/2.1; +http://www.google.com/bot.html)"
178.154.163.30 - - [05/Jun/2012:07:14:14 +0600] "GET /content/category/7/20/52/ HTTP/1.0" 200 5714 "-" "Mozilla/5.0 (compatible; YandexBot/3.0; +http://yandex.com/bots)"
178.154.163.30 - - [05/Jun/2012:07:19:57 +0600] "GET /content/blogcategory/1/66/ HTTP/1.0" 200 7732 "-" "Mozilla/5.0 (compatible; YandexBot/3.0; +http://yandex.com/bots)"
178.154.163.30 - - [05/Jun/2012:07:20:00 +0600] "GET /content/blogcategory/45/210/ HTTP/1.0" 200 5124 "-" "Mozilla/5.0 (compatible; YandexBot/3.0; +http://yandex.com/bots)"
178.154.163.30 - - [05/Jun/2012:07:20:02 +0600] "GET /content/category/6/15/53/ HTTP/1.0" 200 5356 "-" "Mozilla/5.0 (compatible; YandexBot/3.0; +http://yandex.com/bots)"
178.154.163.30 - - [05/Jun/2012:07:20:04 +0600] "GET /content/view/53/47 HTTP/1.0" 200 7362 "-" "Mozilla/5.0 (compatible; YandexBot/3.0; +http://yandex.com/bots)"
178.154.163.30 - - [05/Jun/2012:07:20:06 +0600] "GET /content/view/204/47/ HTTP/1.0" 200 10203 "-" "Mozilla/5.0 (compatible; YandexBot/3.0; +http://yandex.com/bots)"
178.154.163.30 - - [05/Jun/2012:07:20:10 +0600] "GET /content/view/14/47/ HTTP/1.0" 200 6341 "-" "Mozilla/5.0 (compatible; YandexBot/3.0; +http://yandex.com/bots)"
178.154.163.30 - - [05/Jun/2012:07:20:13 +0600] "GET /content/category/5/18/47/ HTTP/1.0" 200 5519 "-" "Mozilla/5.0 (compatible; YandexBot/3.0; +http://yandex.com/bots)"
178.154.163.30 - - [05/Jun/2012:07:20:15 +0600] "GET /content/view/648/47/ HTTP/1.0" 200 5111 "-" "Mozilla/5.0 (compatible; YandexBot/3.0; +http://yandex.com/bots)"
178.154.163.30 - - [05/Jun/2012:07:20:17 +0600] "GET /content/view/728/113/ HTTP/1.0" 200 5087 "-" "Mozilla/5.0 (compatible; YandexBot/3.0; +http://yandex.com/bots)"
178.154.163.30 - - [05/Jun/2012:07:20:19 +0600] "GET /content/view/1001/47/ HTTP/1.0" 200 19285 "-" "Mozilla/5.0 (compatible; YandexBot/3.0; +http://yandex.com/bots)"
178.154.163.30 - - [05/Jun/2012:07:20:21 +0600] "GET /content/view/286/149/ HTTP/1.0" 200 8565 "-" "Mozilla/5.0 (compatible; YandexDirect/3.0; +http://yandex.com/bots)"
66.249.66.77 - - [05/Jun/2012:07:21:03 +0600] "GET /content/blogcategory/1/66/5/75/ HTTP/1.0" 200 7053 "-" "Mozilla/5.0 (compatible; Googlebot/2.1; +http://www.google.com/bot.html)"
178.154.163.30 - - [05/Jun/2012:07:28:24 +0600] "GET /content/view/1001/142/ HTTP/1.0" 200 19268 "-" "Mozilla/5.0 (compatible; YandexBot/3.0; +http://yandex.com/bots)"
66.249.66.77 - - [05/Jun/2012:07:29:51 +0600] "GET /content/view/119/54/ HTTP/1.0" 200 4086 "-" "Mozilla/5.0 (compatible; Googlebot/2.1; +http://www.google.com/bot.html)"
178.154.163.30 - - [05/Jun/2012:07:36:17 +0600] "GET /content/view/793/107/ HTTP/1.0" 200 5095 "-" "Mozilla/5.0 (compatible; YandexBot/3.0; +http://yandex.com/bots)"
176.51.156.75 - - [05/Jun/2012:07:36:58 +0600] "GET /content/view/53/47 HTTP/1.0" 200 7332 "http://yandex.ru/yandsearch?p=54&text=%D1%81%D1%86%D0%B5%D0%BD%D0%B0%D1%80%D0%B8%D0%B8+%D0%BF%D1%80%D0%B0%D0%B7%D0%B4%D0%BD%D0%B8%D0%BA%D0%BE%D0%B2+%D0%B4%D0%BB%D1%8F+%D1%85%D1%83%D0%B4%D0%BE%D0%B6%D0%B5%D1%81%D1%82%D0%B2%D0%B5%D0%BD%D0%BD%D0%BE%D0%B9+%D1%88%D0%BA%D0%BE%D0%BB%D1%8B&lr=65" "Opera/9.80 (Windows NT 5.1; U; Edition Yx; ru) Presto/2.10.229 Version/11.64"
66.249.66.77 - - [05/Jun/2012:07:42:36 +0600] "GET /content/view/530/105/ HTTP/1.0" 200 5089 "-" "Mozilla/5.0 (compatible; Googlebot/2.1; +http://www.google.com/bot.html)"
66.249.66.77 - - [05/Jun/2012:07:43:02 +0600] "GET /content/view/202/ HTTP/1.0" 200 6213 "-" "Mozilla/5.0 (compatible; Googlebot/2.1; +http://www.google.com/bot.html)"
178.154.163.30 - - [05/Jun/2012:07:43:18 +0600] "GET /content/view/963/66/ HTTP/1.0" 200 7163 "-" "Mozilla/5.0 (compatible; YandexBot/3.0; +http://yandex.com/bots)"
213.180.206.197 - - [05/Jun/2012:07:46:04 +0600] "GET / HTTP/1.0" 200 23980 "-" "Mozilla/5.0 (compatible; YandexMetrika/2.0; +http://yandex.com/bots)"
178.154.163.30 - - [05/Jun/2012:07:51:36 +0600] "GET /content/view/695/155/ HTTP/1.0" 200 5099 "-" "Mozilla/5.0 (compatible; YandexBot/3.0; +http://yandex.com/bots)"
66.249.66.77 - - [05/Jun/2012:07:52:57 +0600] "GET /content/view/794/124/ HTTP/1.0" 200 5671 "-" "Mozilla/5.0 (compatible; Googlebot/2.1; +http://www.google.com/bot.html)"
81.30.54.82 - - [05/Jun/2012:07:53:27 +0600] "GET /administrator/index2.php?option=com_menus&menutype=menuf8 HTTP/1.0" 200 93 "http://csdb.ufanet.ru/administrator/index2.php?option=com_menus&menutype=menuf8" "Mozilla/5.0 (Windows NT 6.1; WOW64; rv:12.0) Gecko/20100101 Firefox/12.0"
81.30.54.82 - - [05/Jun/2012:07:53:27 +0600] "GET /administrator/index.php?mosmsg=%D1%E5%F1%F1%E8%FF%20%E0%E4%EC%E8%ED%E8%F1%F2%F0%E0%F2%EE%F0%E0%20%E7%E0%EA%EE%ED%F7%E8%EB%E0%F1%FC HTTP/1.0" 200 1348 "http://csdb.ufanet.ru/administrator/index2.php?option=com_menus&menutype=menuf8" "Mozilla/5.0 (Windows NT 6.1; WOW64; rv:12.0) Gecko/20100101 Firefox/12.0"
178.154.163.30 - - [05/Jun/2012:07:54:59 +0600] "GET /content/view/976/1/ HTTP/1.0" 200 7376 "-" "Mozilla/5.0 (compatible; YandexDirect/3.0; +http://yandex.com/bots)"
213.108.248.110 - - [05/Jun/2012:08:00:50 +0600] "POST / HTTP/1.0" 200 23980 "-" "-"
213.108.248.110 - - [05/Jun/2012:08:00:51 +0600] "GET / HTTP/1.0" 200 23980 "-" "-"
178.154.163.30 - - [05/Jun/2012:08:01:59 +0600] "GET /content/view/1001/157/ HTTP/1.0" 200 19285 "-" "Mozilla/5.0 (compatible; YandexBot/3.0; +http://yandex.com/bots)"
66.249.66.77 - - [05/Jun/2012:08:02:01 +0600] "GET /content/view/794/139/ HTTP/1.0" 200 5665 "-" "Mozilla/5.0 (compatible; Googlebot/2.1; +http://www.google.com/bot.html)"
66.249.66.77 - - [05/Jun/2012:08:07:11 +0600] "GET /content/view/811/112/ HTTP/1.0" 200 5100 "-" "Mozilla/5.0 (compatible; Googlebot/2.1; +http://www.google.com/bot.html)"
81.30.54.82 - - [05/Jun/2012:08:08:50 +0600] "GET /administrator/ HTTP/1.0" 200 1314 "-" "Mozilla/5.0 (Windows NT 6.1; WOW64; rv:12.0) Gecko/20100101 Firefox/12.0"
178.154.163.30 - - [05/Jun/2012:08:08:56 +0600] "GET /content/view/456/144/ HTTP/1.0" 200 5085 "-" "Mozilla/5.0 (compatible; YandexBot/3.0; +http://yandex.com/bots)"
81.30.54.82 - - [05/Jun/2012:08:08:58 +0600] "POST /administrator/index.php HTTP/1.0" 200 54 "http://csdb.ufanet.ru/administrator/" "Mozilla/5.0 (Windows NT 6.1; WOW64; rv:12.0) Gecko/20100101 Firefox/12.0"
81.30.54.82 - - [05/Jun/2012:08:08:59 +0600] "GET /administrator/index2.php HTTP/1.0" 200 6506 "http://csdb.ufanet.ru/administrator/index.php" "Mozilla/5.0 (Windows NT 6.1; WOW64; rv:12.0) Gecko/20100101 Firefox/12.0"
81.30.54.82 - - [05/Jun/2012:08:09:07 +0600] "GET /administrator/index2.php?option=com_content&sectionid=1 HTTP/1.0" 200 9130 "http://csdb.ufanet.ru/administrator/index2.php" "Mozilla/5.0 (Windows NT 6.1; WOW64; rv:12.0) Gecko/20100101 Firefox/12.0"
81.30.54.82 - - [05/Jun/2012:08:09:09 +0600] "GET /administrator/index2.php?option=com_content&sectionid=1&task=edit&hidemainmenu=1&id=1001 HTTP/1.0" 200 67451 "http://csdb.ufanet.ru/administrator/index2.php?option=com_content&sectionid=1" "Mozilla/5.0 (Windows NT 6.1; WOW64; rv:12.0) Gecko/20100101 Firefox/12.0"
81.30.54.82 - - [05/Jun/2012:08:09:14 +0600] "POST /administrator/index2.php HTTP/1.0" 301 - "http://csdb.ufanet.ru/administrator/index2.php?option=com_content&sectionid=1&task=edit&hidemainmenu=1&id=1001" "Mozilla/5.0 (Windows NT 6.1; WOW64; rv:12.0) Gecko/20100101 Firefox/12.0"
81.30.54.82 - - [05/Jun/2012:08:09:14 +0600] "GET /administrator/index2.php?option=com_content&sectionid=1 HTTP/1.0" 200 9130 "http://csdb.ufanet.ru/administrator/index2.php?option=com_content&sectionid=1&task=edit&hidemainmenu=1&id=1001" "Mozilla/5.0 (Windows NT 6.1; WOW64; rv:12.0) Gecko/20100101 Firefox/12.0"
81.30.54.82 - - [05/Jun/2012:08:09:17 +0600] "POST /administrator/index2.php?option=com_content HTTP/1.0" 200 9140 "http://csdb.ufanet.ru/administrator/index2.php?option=com_content&sectionid=1" "Mozilla/5.0 (Windows NT 6.1; WOW64; rv:12.0) Gecko/20100101 Firefox/12.0"
81.30.54.82 - - [05/Jun/2012:08:09:19 +0600] "GET /administrator/index2.php?option=com_content&sectionid=1&task=edit&hidemainmenu=1&id=1002 HTTP/1.0" 200 59296 "http://csdb.ufanet.ru/administrator/index2.php?option=com_content" "Mozilla/5.0 (Windows NT 6.1; WOW64; rv:12.0) Gecko/20100101 Firefox/12.0"
81.30.54.82 - - [05/Jun/2012:08:09:28 +0600] "POST /administrator/index2.php HTTP/1.0" 301 - "http://csdb.ufanet.ru/administrator/index2.php?option=com_content&sectionid=1&task=edit&hidemainmenu=1&id=1002" "Mozilla/5.0 (Windows NT 6.1; WOW64; rv:12.0) Gecko/20100101 Firefox/12.0"
81.30.54.82 - - [05/Jun/2012:08:09:28 +0600] "GET /administrator/index2.php?option=com_content&sectionid=1 HTTP/1.0" 200 9140 "http://csdb.ufanet.ru/administrator/index2.php?option=com_content&sectionid=1&task=edit&hidemainmenu=1&id=1002" "Mozilla/5.0 (Windows NT 6.1; WOW64; rv:12.0) Gecko/20100101 Firefox/12.0"
81.30.54.82 - - [05/Jun/2012:08:09:30 +0600] "POST /administrator/index2.php?option=com_content HTTP/1.0" 200 49903 "http://csdb.ufanet.ru/administrator/index2.php?option=com_content&sectionid=1" "Mozilla/5.0 (Windows NT 6.1; WOW64; rv:12.0) Gecko/20100101 Firefox/12.0"
178.154.163.30 - - [05/Jun/2012:08:10:17 +0600] "GET /content/view/116/52/ HTTP/1.0" 200 6341 "-" "Mozilla/5.0 (compatible; YandexBot/3.0; +http://yandex.com/bots)"
81.30.54.82 - - [05/Jun/2012:08:10:29 +0600] "POST /administrator/index2.php HTTP/1.0" 301 - "http://csdb.ufanet.ru/administrator/index2.php?option=com_content" "Mozilla/5.0 (Windows NT 6.1; WOW64; rv:12.0) Gecko/20100101 Firefox/12.0"
81.30.54.82 - - [05/Jun/2012:08:10:29 +0600] "GET /administrator/index2.php?option=com_content&sectionid=1&mosmsg=%D3%F1%EF%E5%F8%ED%EE+%F1%EE%F5%F0%E0%ED%E5%ED%EE%3A+%AB%CB%E5%F2%F3%F8%EA%EE-%EB%E5%F2%EE%BB HTTP/1.0" 200 9175 "http://csdb.ufanet.ru/administrator/index2.php?option=com_content" "Mozilla/5.0 (Windows NT 6.1; WOW64; rv:12.0) Gecko/20100101 Firefox/12.0"
66.249.66.77 - - [05/Jun/2012:08:12:22 +0600] "GET /content/view/811/146/ HTTP/1.0" 200 5097 "-" "Mozilla/5.0 (compatible; Googlebot/2.1; +http://www.google.com/bot.html)"
81.30.54.82 - - [05/Jun/2012:08:18:07 +0600] "GET /administrator/index2.php?option=com_content&sectionid=1&task=edit&hidemainmenu=1&id=1007 HTTP/1.0" 200 58621 "http://csdb.ufanet.ru/administrator/index2.php?option=com_content&sectionid=1&mosmsg=%D3%F1%EF%E5%F8%ED%EE+%F1%EE%F5%F0%E0%ED%E5%ED%EE%3A+%AB%CB%E5%F2%F3%F8%EA%EE-%EB%E5%F2%EE%BB" "Mozilla/5.0 (Windows NT 6.1; WOW64; rv:12.0) Gecko/20100101 Firefox/12.0"
81.30.54.82 - - [05/Jun/2012:08:18:55 +0600] "POST /administrator/index2.php HTTP/1.0" 301 - "http://csdb.ufanet.ru/administrator/index2.php?option=com_content&sectionid=1&task=edit&hidemainmenu=1&id=1007" "Mozilla/5.0 (Windows NT 6.1; WOW64; rv:12.0) Gecko/20100101 Firefox/12.0"
81.30.54.82 - - [05/Jun/2012:08:18:56 +0600] "GET /administrator/index2.php?option=com_content&sectionid=1&mosmsg=%D3%F1%EF%E5%F8%ED%EE+%F1%EE%F5%F0%E0%ED%E5%ED%EE%3A+%AB%CB%E5%F2%F3%F8%EA%EE-%EB%E5%F2%EE%BB HTTP/1.0" 200 9175 "http://csdb.ufanet.ru/administrator/index2.php?option=com_content&sectionid=1&task=edit&hidemainmenu=1&id=1007" "Mozilla/5.0 (Windows NT 6.1; WOW64; rv:12.0) Gecko/20100101 Firefox/12.0"
81.30.54.82 - - [05/Jun/2012:08:19:02 +0600] "POST /administrator/index2.php?option=com_content HTTP/1.0" 200 49903 "http://csdb.ufanet.ru/administrator/index2.php?option=com_content&sectionid=1&mosmsg=%D3%F1%EF%E5%F8%ED%EE+%F1%EE%F5%F0%E0%ED%E5%ED%EE%3A+%AB%CB%E5%F2%F3%F8%EA%EE-%EB%E5%F2%EE%BB" "Mozilla/5.0 (Windows NT 6.1; WOW64; rv:12.0) Gecko/20100101 Firefox/12.0"
178.154.163.30 - - [05/Jun/2012:08:19:06 +0600] "GET /content/view/325/81/ HTTP/1.0" 200 9653 "-" "Mozilla/5.0 (compatible; YandexBot/3.0; +http://yandex.com/bots)"
65.52.110.201 - - [05/Jun/2012:08:21:51 +0600] "GET /content/view/940/120/ HTTP/1.0" 200 5091 "-" "Mozilla/5.0 (compatible; bingbot/2.0; +http://www.bing.com/bingbot.htm)"
157.55.18.24 - - [05/Jun/2012:08:21:54 +0600] "GET /content/section/4/51/ HTTP/1.0" 200 3307 "-" "Mozilla/5.0 (compatible; bingbot/2.0; +http://www.bing.com/bingbot.htm)"
213.180.206.197 - - [05/Jun/2012:08:22:18 +0600] "GET / HTTP/1.0" 200 23975 "-" "Mozilla/5.0 (compatible; YandexMetrika/2.0; +http://yandex.com/bots)"
81.30.54.82 - - [05/Jun/2012:08:22:52 +0600] "GET / HTTP/1.0" 200 6474 "-" "Mozilla/5.0 (Windows NT 6.1; WOW64) AppleWebKit/536.5 (KHTML, like Gecko) Chrome/19.0.1084.52 Safari/536.5"
81.30.54.82 - - [05/Jun/2012:08:22:58 +0600] "GET /content/blogcategory/1/66/ HTTP/1.0" 200 7852 "http://csdb.ufanet.ru/" "Mozilla/5.0 (Windows NT 6.1; WOW64) AppleWebKit/536.5 (KHTML, like Gecko) Chrome/19.0.1084.52 Safari/536.5"
81.30.54.82 - - [05/Jun/2012:08:23:15 +0600] "POST /administrator/index2.php HTTP/1.0" 301 - "http://csdb.ufanet.ru/administrator/index2.php?option=com_content" "Mozilla/5.0 (Windows NT 6.1; WOW64; rv:12.0) Gecko/20100101 Firefox/12.0"
81.30.54.82 - - [05/Jun/2012:08:23:15 +0600] "GET /administrator/index2.php?option=com_content&sectionid=1&mosmsg=%D3%F1%EF%E5%F8%ED%EE+%F1%EE%F5%F0%E0%ED%E5%ED%EE%3A+%C7%E0%E1%E0%E2%ED%E0%FF+%C8%F0%E8%F1%EA%E0 HTTP/1.0" 200 9172 "http://csdb.ufanet.ru/administrator/index2.php?option=com_content" "Mozilla/5.0 (Windows NT 6.1; WOW64; rv:12.0) Gecko/20100101 Firefox/12.0"
81.30.54.82 - - [05/Jun/2012:08:23:17 +0600] "GET /administrator/index2.php?option=com_content&sectionid=1&task=edit&hidemainmenu=1&id=1007 HTTP/1.0" 200 58689 "http://csdb.ufanet.ru/administrator/index2.php?option=com_content&sectionid=1&mosmsg=%D3%F1%EF%E5%F8%ED%EE+%F1%EE%F5%F0%E0%ED%E5%ED%EE%3A+%C7%E0%E1%E0%E2%ED%E0%FF+%C8%F0%E8%F1%EA%E0" "Mozilla/5.0 (Windows NT 6.1; WOW64; rv:12.0) Gecko/20100101 Firefox/12.0"
66.249.66.77 - - [05/Jun/2012:08:24:27 +0600] "GET /content/view/793/157/ HTTP/1.0" 200 5123 "-" "Mozilla/5.0 (compatible; Googlebot/2.1; +http://www.google.com/bot.html)"
83.169.60.25 - - [05/Jun/2012:08:24:37 +0600] "GET / HTTP/1.0" 200 24020 "-" "Mozilla/5.0 (Windows; U; Windows NT 6.0; de; rv:1.9.0.6) Gecko/2009011913 Firefox/3.0.6"
83.169.60.25 - - [05/Jun/2012:08:24:37 +0600] "GET /20e6a4bb032fcfae5d.php HTTP/1.0" 404 299 "-" "Mozilla/5.0 (Windows; U; Windows NT 6.0; de; rv:1.9.0.6) Gecko/2009011913 Firefox/3.0.6"
81.30.54.82 - - [05/Jun/2012:08:25:39 +0600] "POST /administrator/index2.php HTTP/1.0" 301 - "http://csdb.ufanet.ru/administrator/index2.php?option=com_content&sectionid=1&task=edit&hidemainmenu=1&id=1007" "Mozilla/5.0 (Windows NT 6.1; WOW64; rv:12.0) Gecko/20100101 Firefox/12.0"
81.30.54.82 - - [05/Jun/2012:08:25:39 +0600] "GET /administrator/index2.php?option=com_content&sectionid=1&mosmsg=%D3%F1%EF%E5%F8%ED%EE+%F1%EE%F5%F0%E0%ED%E5%ED%EE%3A+%AB%CB%E5%F2%F3%F8%EA%EE-%EB%E5%F2%EE%BB HTTP/1.0" 200 9173 "http://csdb.ufanet.ru/administrator/index2.php?option=com_content&sectionid=1&task=edit&hidemainmenu=1&id=1007" "Mozilla/5.0 (Windows NT 6.1; WOW64; rv:12.0) Gecko/20100101 Firefox/12.0"
81.30.54.82 - - [05/Jun/2012:08:25:43 +0600] "GET /content/blogcategory/1/66/ HTTP/1.0" 200 7572 "http://csdb.ufanet.ru/" "Mozilla/5.0 (Windows NT 6.1; WOW64) AppleWebKit/536.5 (KHTML, like Gecko) Chrome/19.0.1084.52 Safari/536.5"
81.30.54.82 - - [05/Jun/2012:08:25:46 +0600] "GET /content/view/1007/66/ HTTP/1.0" 200 5974 "http://csdb.ufanet.ru/content/blogcategory/1/66/" "Mozilla/5.0 (Windows NT 6.1; WOW64) AppleWebKit/536.5 (KHTML, like Gecko) Chrome/19.0.1084.52 Safari/536.5"
81.30.54.82 - - [05/Jun/2012:08:25:51 +0600] "GET /content/blogcategory/1/66/ HTTP/1.0" 200 7571 "http://csdb.ufanet.ru/" "Mozilla/5.0 (Windows NT 6.1; WOW64) AppleWebKit/536.5 (KHTML, like Gecko) Chrome/19.0.1084.52 Safari/536.5"
178.154.163.30 - - [05/Jun/2012:08:26:00 +0600] "GET /content/view/1000/66/ HTTP/1.0" 200 6121 "-" "Mozilla/5.0 (compatible; YandexBot/3.0; +http://yandex.com/bots)"
81.30.54.82 - - [05/Jun/2012:08:26:09 +0600] "POST /administrator/index2.php?option=com_content HTTP/1.0" 200 49904 "http://csdb.ufanet.ru/administrator/index2.php?option=com_content&sectionid=1&mosmsg=%D3%F1%EF%E5%F8%ED%EE+%F1%EE%F5%F0%E0%ED%E5%ED%EE%3A+%AB%CB%E5%F2%F3%F8%EA%EE-%EB%E5%F2%EE%BB" "Mozilla/5.0 (Windows NT 6.1; WOW64; rv:12.0) Gecko/20100101 Firefox/12.0"
81.30.54.82 - - [05/Jun/2012:08:27:22 +0600] "POST /administrator/index2.php HTTP/1.0" 301 - "http://csdb.ufanet.ru/administrator/index2.php?option=com_content" "Mozilla/5.0 (Windows NT 6.1; WOW64; rv:12.0) Gecko/20100101 Firefox/12.0"
81.30.54.82 - - [05/Jun/2012:08:27:22 +0600] "GET /administrator/index2.php?option=com_content&sectionid=1&mosmsg=%D3%F1%EF%E5%F8%ED%EE+%F1%EE%F5%F0%E0%ED%E5%ED%EE%3A+%AB%CD%E0+%E2%F1%E5%F5+%EF%E0%F0%F3%F1%E0%F5+%E2+%EB%E5%F2%EE%BB+ HTTP/1.0" 200 9158 "http://csdb.ufanet.ru/administrator/index2.php?option=com_content" "Mozilla/5.0 (Windows NT 6.1; WOW64; rv:12.0) Gecko/20100101 Firefox/12.0"
81.30.54.82 - - [05/Jun/2012:08:27:24 +0600] "POST /administrator/index2.php?option=com_content HTTP/1.0" 200 49904 "http://csdb.ufanet.ru/administrator/index2.php?option=com_content&sectionid=1&mosmsg=%D3%F1%EF%E5%F8%ED%EE+%F1%EE%F5%F0%E0%ED%E5%ED%EE%3A+%AB%CD%E0+%E2%F1%E5%F5+%EF%E0%F0%F3%F1%E0%F5+%E2+%EB%E5%F2%EE%BB+" "Mozilla/5.0 (Windows NT 6.1; WOW64; rv:12.0) Gecko/20100101 Firefox/12.0"
66.249.66.77 - - [05/Jun/2012:08:27:28 +0600] "GET /content/view/405/147/ HTTP/1.0" 200 5092 "-" "Mozilla/5.0 (compatible; Googlebot/2.1; +http://www.google.com/bot.html)"
66.249.66.77 - - [05/Jun/2012:08:27:54 +0600] "GET /content/view/489/52/ HTTP/1.0" 200 5132 "-" "Mozilla/5.0 (compatible; Googlebot/2.1; +http://www.google.com/bot.html)"
66.249.66.77 - - [05/Jun/2012:08:29:11 +0600] "GET /content/view/558/124/ HTTP/1.0" 200 5096 "-" "Mozilla/5.0 (compatible; Googlebot/2.1; +http://www.google.com/bot.html)"
81.30.54.82 - - [05/Jun/2012:08:31:39 +0600] "POST /administrator/index2.php HTTP/1.0" 301 - "http://csdb.ufanet.ru/administrator/index2.php?option=com_content" "Mozilla/5.0 (Windows NT 6.1; WOW64; rv:12.0) Gecko/20100101 Firefox/12.0"
81.30.54.82 - - [05/Jun/2012:08:31:39 +0600] "GET /administrator/index2.php?option=com_content&sectionid=1&mosmsg=%D3%F1%EF%E5%F8%ED%EE+%F1%EE%F5%F0%E0%ED%E5%ED%EE%3A+%AB%CF%F3%F2%E5%F8%E5%F1%F2%E2%E8%E5+%E2+%D0%E0%E4%F3%E6%ED%F3%FE+%E3%E0%EB%E0%EA%F2%E8%EA%F3%BB+ HTTP/1.0" 200 9149 "http://csdb.ufanet.ru/administrator/index2.php?option=com_content" "Mozilla/5.0 (Windows NT 6.1; WOW64; rv:12.0) Gecko/20100101 Firefox/12.0"
81.30.54.82 - - [05/Jun/2012:08:31:42 +0600] "GET /content/blogcategory/1/66/ HTTP/1.0" 200 7135 "http://csdb.ufanet.ru/" "Mozilla/5.0 (Windows NT 6.1; WOW64) AppleWebKit/536.5 (KHTML, like Gecko) Chrome/19.0.1084.52 Safari/536.5"
178.154.163.30 - - [05/Jun/2012:08:32:10 +0600] "GET /content/view/1001/194/ HTTP/1.0" 200 19285 "-" "Mozilla/5.0 (compatible; YandexBot/3.0; +http://yandex.com/bots)"
81.30.54.82 - - [05/Jun/2012:08:32:14 +0600] "POST /administrator/index2.php?option=com_content HTTP/1.0" 200 49904 "http://csdb.ufanet.ru/administrator/index2.php?option=com_content&sectionid=1&mosmsg=%D3%F1%EF%E5%F8%ED%EE+%F1%EE%F5%F0%E0%ED%E5%ED%EE%3A+%AB%CF%F3%F2%E5%F8%E5%F1%F2%E2%E8%E5+%E2+%D0%E0%E4%F3%E6%ED%F3%FE+%E3%E0%EB%E0%EA%F2%E8%EA%F3%BB+" "Mozilla/5.0 (Windows NT 6.1; WOW64; rv:12.0) Gecko/20100101 Firefox/12.0"
81.30.54.82 - - [05/Jun/2012:08:37:38 +0600] "POST /administrator/index2.php HTTP/1.0" 301 - "http://csdb.ufanet.ru/administrator/index2.php?option=com_content" "Mozilla/5.0 (Windows NT 6.1; WOW64; rv:12.0) Gecko/20100101 Firefox/12.0"
81.30.54.82 - - [05/Jun/2012:08:37:38 +0600] "GET /administrator/index2.php?option=com_content&sectionid=1&mosmsg=%D3%F1%EF%E5%F8%ED%EE+%F1%EE%F5%F0%E0%ED%E5%ED%EE%3A+%C2+%D3%F4%E5+%EF%F0%EE%E2%E5%EB%E8+%E4%E5%F2%F1%EA%E8%E9+%F1%E0%E1%E0%ED%F2%F3%E9+ HTTP/1.0" 200 9142 "http://csdb.ufanet.ru/administrator/index2.php?option=com_content" "Mozilla/5.0 (Windows NT 6.1; WOW64; rv:12.0) Gecko/20100101 Firefox/12.0"
81.30.54.82 - - [05/Jun/2012:08:37:41 +0600] "GET /administrator/index2.php?option=com_content&sectionid=1&task=edit&hidemainmenu=1&id=1011 HTTP/1.0" 200 58698 "http://csdb.ufanet.ru/administrator/index2.php?option=com_content&sectionid=1&mosmsg=%D3%F1%EF%E5%F8%ED%EE+%F1%EE%F5%F0%E0%ED%E5%ED%EE%3A+%C2+%D3%F4%E5+%EF%F0%EE%E2%E5%EB%E8+%E4%E5%F2%F1%EA%E8%E9+%F1%E0%E1%E0%ED%F2%F3%E9+" "Mozilla/5.0 (Windows NT 6.1; WOW64; rv:12.0) Gecko/20100101 Firefox/12.0"
178.154.163.30 - - [05/Jun/2012:08:40:45 +0600] "GET /content/view/1001/53/ HTTP/1.0" 200 19299 "-" "Mozilla/5.0 (compatible; YandexBot/3.0; +http://yandex.com/bots)"
66.249.66.77 - - [05/Jun/2012:08:42:33 +0600] "GET /content/view/558/219/ HTTP/1.0" 200 5091 "-" "Mozilla/5.0 (compatible; Googlebot/2.1; +http://www.google.com/bot.html)"
66.249.71.59 - - [05/Jun/2012:08:43:51 +0600] "GET /content/view/560/194/ HTTP/1.0" 200 5126 "-" "Mozilla/5.0 (compatible; Googlebot/2.1; +http://www.google.com/bot.html)"
81.30.54.82 - - [05/Jun/2012:08:44:19 +0600] "POST /administrator/index2.php HTTP/1.0" 301 - "http://csdb.ufanet.ru/administrator/index2.php?option=com_content&sectionid=1&task=edit&hidemainmenu=1&id=1011" "Mozilla/5.0 (Windows NT 6.1; WOW64; rv:12.0) Gecko/20100101 Firefox/12.0"
81.30.54.82 - - [05/Jun/2012:08:44:19 +0600] "GET /administrator/index2.php?option=com_content&sectionid=1&mosmsg=%D3%F1%EF%E5%F8%ED%EE+%F1%EE%F5%F0%E0%ED%E5%ED%EE%3A+%C2+%D3%F4%E5+%EF%F0%EE%E2%E5%EB%E8+%E4%E5%F2%F1%EA%E8%E9+%F1%E0%E1%E0%ED%F2%F3%E9+ HTTP/1.0" 200 9142 "http://csdb.ufanet.ru/administrator/index2.php?option=com_content&sectionid=1&task=edit&hidemainmenu=1&id=1011" "Mozilla/5.0 (Windows NT 6.1; WOW64; rv:12.0) Gecko/20100101 Firefox/12.0"
81.30.54.82 - - [05/Jun/2012:08:44:24 +0600] "POST /administrator/index2.php?option=com_content HTTP/1.0" 200 49904 "http://csdb.ufanet.ru/administrator/index2.php?option=com_content&sectionid=1&mosmsg=%D3%F1%EF%E5%F8%ED%EE+%F1%EE%F5%F0%E0%ED%E5%ED%EE%3A+%C2+%D3%F4%E5+%EF%F0%EE%E2%E5%EB%E8+%E4%E5%F2%F1%EA%E8%E9+%F1%E0%E1%E0%ED%F2%F3%E9+" "Mozilla/5.0 (Windows NT 6.1; WOW64; rv:12.0) Gecko/20100101 Firefox/12.0"
66.249.66.77 - - [05/Jun/2012:08:46:52 +0600] "GET /content/view/562/128/ HTTP/1.0" 200 5084 "-" "Mozilla/5.0 (compatible; Googlebot/2.1; +http://www.google.com/bot.html)"
178.154.163.30 - - [05/Jun/2012:08:47:20 +0600] "GET /content/view/752/153/ HTTP/1.0" 200 5085 "-" "Mozilla/5.0 (compatible; YandexBot/3.0; +http://yandex.com/bots)"
66.249.66.77 - - [05/Jun/2012:08:48:35 +0600] "GET /content/view/580/86/ HTTP/1.0" 200 5118 "-" "Mozilla/5.0 (compatible; Googlebot/2.1; +http://www.google.com/bot.html)"
66.249.66.77 - - [05/Jun/2012:08:49:01 +0600] "GET /content/view/562/152/ HTTP/1.0" 200 5098 "-" "Mozilla/5.0 (compatible; Googlebot/2.1; +http://www.google.com/bot.html)"
81.30.54.82 - - [05/Jun/2012:08:50:30 +0600] "POST /administrator/index2.php HTTP/1.0" 301 - "http://csdb.ufanet.ru/administrator/index2.php?option=com_content" "Mozilla/5.0 (Windows NT 6.1; WOW64; rv:12.0) Gecko/20100101 Firefox/12.0"
81.30.54.82 - - [05/Jun/2012:08:50:30 +0600] "GET /administrator/index2.php?option=com_content&sectionid=1&mosmsg=%D3%F1%EF%E5%F8%ED%EE+%F1%EE%F5%F0%E0%ED%E5%ED%EE%3A+%C1%EE%EB%FC%F8%EE%E9+%F1%E5%EA%F0%E5%F2+%E4%EB%FF+%EC%E0%EB%E5%ED%FC%EA%EE%E9+%EA%EE%EC%EF%E0%ED%E8%E8 HTTP/1.0" 200 9138 "http://csdb.ufanet.ru/administrator/index2.php?option=com_content" "Mozilla/5.0 (Windows NT 6.1; WOW64; rv:12.0) Gecko/20100101 Firefox/12.0"
81.30.54.82 - - [05/Jun/2012:08:50:32 +0600] "GET /administrator/index2.php?option=com_content&sectionid=1&task=edit&hidemainmenu=1&id=1012 HTTP/1.0" 200 58838 "http://csdb.ufanet.ru/administrator/index2.php?option=com_content&sectionid=1&mosmsg=%D3%F1%EF%E5%F8%ED%EE+%F1%EE%F5%F0%E0%ED%E5%ED%EE%3A+%C1%EE%EB%FC%F8%EE%E9+%F1%E5%EA%F0%E5%F2+%E4%EB%FF+%EC%E0%EB%E5%ED%FC%EA%EE%E9+%EA%EE%EC%EF%E0%ED%E8%E8" "Mozilla/5.0 (Windows NT 6.1; WOW64; rv:12.0) Gecko/20100101 Firefox/12.0"
81.30.54.82 - - [05/Jun/2012:08:50:36 +0600] "POST /administrator/index2.php HTTP/1.0" 301 - "http://csdb.ufanet.ru/administrator/index2.php?option=com_content&sectionid=1&task=edit&hidemainmenu=1&id=1012" "Mozilla/5.0 (Windows NT 6.1; WOW64; rv:12.0) Gecko/20100101 Firefox/12.0"
81.30.54.82 - - [05/Jun/2012:08:50:37 +0600] "GET /administrator/index2.php?option=com_content&sectionid=1&mosmsg=%D3%F1%EF%E5%F8%ED%EE+%F1%EE%F5%F0%E0%ED%E5%ED%EE%3A+%C1%EE%EB%FC%F8%EE%E9+%F1%E5%EA%F0%E5%F2+%E4%EB%FF+%EC%E0%EB%E5%ED%FC%EA%EE%E9+%EA%EE%EC%EF%E0%ED%E8%E8 HTTP/1.0" 200 9138 "http://csdb.ufanet.ru/administrator/index2.php?option=com_content&sectionid=1&task=edit&hidemainmenu=1&id=1012" "Mozilla/5.0 (Windows NT 6.1; WOW64; rv:12.0) Gecko/20100101 Firefox/12.0"
81.30.54.82 - - [05/Jun/2012:08:50:39 +0600] "POST /administrator/index2.php?option=com_content HTTP/1.0" 200 49903 "http://csdb.ufanet.ru/administrator/index2.php?option=com_content&sectionid=1&mosmsg=%D3%F1%EF%E5%F8%ED%EE+%F1%EE%F5%F0%E0%ED%E5%ED%EE%3A+%C1%EE%EB%FC%F8%EE%E9+%F1%E5%EA%F0%E5%F2+%E4%EB%FF+%EC%E0%EB%E5%ED%FC%EA%EE%E9+%EA%EE%EC%EF%E0%ED%E8%E8" "Mozilla/5.0 (Windows NT 6.1; WOW64; rv:12.0) Gecko/20100101 Firefox/12.0"
65.52.110.191 - - [05/Jun/2012:08:51:08 +0600] "GET /content/view/794/47/ HTTP/1.0" 200 5676 "-" "Mozilla/5.0 (compatible; bingbot/2.0; +http://www.bing.com/bingbot.htm)"
66.249.66.77 - - [05/Jun/2012:08:51:38 +0600] "GET /content/view/773/ HTTP/1.0" 200 4020 "-" "Mozilla/5.0 (compatible; Googlebot/2.1; +http://www.google.com/bot.html)"
178.154.163.30 - - [05/Jun/2012:08:53:25 +0600] "GET /content/view/695/47/ HTTP/1.0" 200 5111 "-" "Mozilla/5.0 (compatible; YandexBot/3.0; +http://yandex.com/bots)"
66.249.66.77 - - [05/Jun/2012:08:53:46 +0600] "GET /content/view/752/135/ HTTP/1.0" 200 5096 "-" "Mozilla/5.0 (compatible; Googlebot/2.1; +http://www.google.com/bot.html)"
81.30.54.82 - - [05/Jun/2012:08:54:07 +0600] "POST /administrator/index2.php HTTP/1.0" 301 - "http://csdb.ufanet.ru/administrator/index2.php?option=com_content" "Mozilla/5.0 (Windows NT 6.1; WOW64; rv:12.0) Gecko/20100101 Firefox/12.0"
81.30.54.82 - - [05/Jun/2012:08:54:07 +0600] "GET /administrator/index2.php?option=com_content&sectionid=1&mosmsg=%D3%F1%EF%E5%F8%ED%EE+%F1%EE%F5%F0%E0%ED%E5%ED%EE%3A+%22%CF%EE%E4%E5%EB%E8%F1%FC+%F3%EB%FB%E1%EA%EE%FE+%F1%E2%EE%E5%E9%22 HTTP/1.0" 200 9168 "http://csdb.ufanet.ru/administrator/index2.php?option=com_content" "Mozilla/5.0 (Windows NT 6.1; WOW64; rv:12.0) Gecko/20100101 Firefox/12.0"
81.30.54.82 - - [05/Jun/2012:08:54:10 +0600] "GET /content/blogcategory/1/66/ HTTP/1.0" 200 7274 "http://csdb.ufanet.ru/" "Mozilla/5.0 (Windows NT 6.1; WOW64) AppleWebKit/536.5 (KHTML, like Gecko) Chrome/19.0.1084.52 Safari/536.5"
81.30.54.82 - - [05/Jun/2012:08:54:18 +0600] "POST /administrator/index2.php?option=com_content HTTP/1.0" 200 49904 "http://csdb.ufanet.ru/administrator/index2.php?option=com_content&sectionid=1&mosmsg=%D3%F1%EF%E5%F8%ED%EE+%F1%EE%F5%F0%E0%ED%E5%ED%EE%3A+%22%CF%EE%E4%E5%EB%E8%F1%FC+%F3%EB%FB%E1%EA%EE%FE+%F1%E2%EE%E5%E9%22" "Mozilla/5.0 (Windows NT 6.1; WOW64; rv:12.0) Gecko/20100101 Firefox/12.0"
66.249.71.59 - - [05/Jun/2012:08:54:38 +0600] "GET /content/view/775/128/ HTTP/1.0" 200 5081 "-" "Mozilla/5.0 (compatible; Googlebot/2.1; +http://www.google.com/bot.html)"
68.233.226.103 - - [05/Jun/2012:08:55:30 +0600] "GET /content/view/793/154/index.php?option=com_search&Itemid=5 HTTP/1.0" 200 17422 "-" "Mozilla/5.0 (Windows NT 5.1) AppleWebKit/535.2 (KHTML, like Gecko) Chrome/15.0.872.0 Safari/535.2"
213.180.206.197 - - [05/Jun/2012:08:56:36 +0600] "GET / HTTP/1.0" 200 24020 "-" "Mozilla/5.0 (compatible; YandexMetrika/2.0; +http://yandex.com/bots)"
31.184.238.59 - - [05/Jun/2012:08:57:30 +0600] "GET / HTTP/1.0" 200 24020 "http://csdb.ufanet.ru/" "Mozilla/4.0 (compatible; MSIE 6.0; Windows NT 5.2; Win64; AMD64)"
81.30.54.82 - - [05/Jun/2012:08:57:52 +0600] "POST /administrator/index2.php HTTP/1.0" 301 - "http://csdb.ufanet.ru/administrator/index2.php?option=com_content" "Mozilla/5.0 (Windows NT 6.1; WOW64; rv:12.0) Gecko/20100101 Firefox/12.0"
81.30.54.82 - - [05/Jun/2012:08:57:52 +0600] "GET /administrator/index2.php?option=com_content&sectionid=1&mosmsg=%D3%F1%EF%E5%F8%ED%EE+%F1%EE%F5%F0%E0%ED%E5%ED%EE%3A+%AB%C4%E5%F2%F1%F2%E2%F3+%F1%EE%EB%ED%F6%E5+%EF%EE%E4%E0%F0%E8%F2%E5%BB HTTP/1.0" 200 9188 "http://csdb.ufanet.ru/administrator/index2.php?option=com_content" "Mozilla/5.0 (Windows NT 6.1; WOW64; rv:12.0) Gecko/20100101 Firefox/12.0"
81.30.54.82 - - [05/Jun/2012:08:57:55 +0600] "GET /content/blogcategory/1/66/ HTTP/1.0" 200 7388 "http://csdb.ufanet.ru/" "Mozilla/5.0 (Windows NT 6.1; WOW64) AppleWebKit/536.5 (KHTML, like Gecko) Chrome/19.0.1084.52 Safari/536.5"
81.30.54.82 - - [05/Jun/2012:08:58:00 +0600] "POST /administrator/index2.php?option=com_content HTTP/1.0" 200 49905 "http://csdb.ufanet.ru/administrator/index2.php?option=com_content&sectionid=1&mosmsg=%D3%F1%EF%E5%F8%ED%EE+%F1%EE%F5%F0%E0%ED%E5%ED%EE%3A+%AB%C4%E5%F2%F1%F2%E2%F3+%F1%EE%EB%ED%F6%E5+%EF%EE%E4%E0%F0%E8%F2%E5%BB" "Mozilla/5.0 (Windows NT 6.1; WOW64; rv:12.0) Gecko/20100101 Firefox/12.0"
81.30.54.82 - - [05/Jun/2012:09:01:24 +0600] "POST /administrator/index2.php HTTP/1.0" 301 - "http://csdb.ufanet.ru/administrator/index2.php?option=com_content" "Mozilla/5.0 (Windows NT 6.1; WOW64; rv:12.0) Gecko/20100101 Firefox/12.0"
81.30.54.82 - - [05/Jun/2012:09:01:24 +0600] "GET /administrator/index2.php?option=com_content&sectionid=1&mosmsg=%D3%F1%EF%E5%F8%ED%EE+%F1%EE%F5%F0%E0%ED%E5%ED%EE%3A+%22%C7%E4%F0%E0%E2%F1%F2%E2%F3%E9+%EB%E5%F2%EE%21+%C7%E4%F0%E0%E2%F1%F2%E2%F3%E9+%E4%F0%F3%E3%21%22 HTTP/1.0" 200 9197 "http://csdb.ufanet.ru/administrator/index2.php?option=com_content" "Mozilla/5.0 (Windows NT 6.1; WOW64; rv:12.0) Gecko/20100101 Firefox/12.0"
178.154.163.30 - - [05/Jun/2012:09:01:30 +0600] "GET /content/view/316/66/ HTTP/1.0" 200 5872 "-" "Mozilla/5.0 (compatible; YandexBot/3.0; +http://yandex.com/bots)"
81.30.54.82 - - [05/Jun/2012:09:01:48 +0600] "POST /administrator/index2.php?option=com_content HTTP/1.0" 200 49904 "http://csdb.ufanet.ru/administrator/index2.php?option=com_content&sectionid=1&mosmsg=%D3%F1%EF%E5%F8%ED%EE+%F1%EE%F5%F0%E0%ED%E5%ED%EE%3A+%22%C7%E4%F0%E0%E2%F1%F2%E2%F3%E9+%EB%E5%F2%EE%21+%C7%E4%F0%E0%E2%F1%F2%E2%F3%E9+%E4%F0%F3%E3%21%22" "Mozilla/5.0 (Windows NT 6.1; WOW64; rv:12.0) Gecko/20100101 Firefox/12.0"
81.30.54.82 - - [05/Jun/2012:09:04:03 +0600] "POST /administrator/index2.php HTTP/1.0" 301 - "http://csdb.ufanet.ru/administrator/index2.php?option=com_content" "Mozilla/5.0 (Windows NT 6.1; WOW64; rv:12.0) Gecko/20100101 Firefox/12.0"
81.30.54.82 - - [05/Jun/2012:09:04:03 +0600] "GET /administrator/index2.php?option=com_content&sectionid=1&mosmsg=%D3%F1%EF%E5%F8%ED%EE+%F1%EE%F5%F0%E0%ED%E5%ED%EE%3A+%22%D3%EB%FB%E1%ED%E8%F2%E5%F1%FC+%F1+%ED%E0%EC%E8%22 HTTP/1.0" 200 9198 "http://csdb.ufanet.ru/administrator/index2.php?option=com_content" "Mozilla/5.0 (Windows NT 6.1; WOW64; rv:12.0) Gecko/20100101 Firefox/12.0"
81.30.54.82 - - [05/Jun/2012:09:04:06 +0600] "GET /content/blogcategory/1/66/ HTTP/1.0" 200 7319 "http://csdb.ufanet.ru/" "Mozilla/5.0 (Windows NT 6.1; WOW64) AppleWebKit/536.5 (KHTML, like Gecko) Chrome/19.0.1084.52 Safari/536.5"
81.30.54.82 - - [05/Jun/2012:09:05:29 +0600] "GET /administrator/index2.php?option=com_content&sectionid=1&task=edit&hidemainmenu=1&id=1016 HTTP/1.0" 200 58639 "http://csdb.ufanet.ru/administrator/index2.php?option=com_content&sectionid=1&mosmsg=%D3%F1%EF%E5%F8%ED%EE+%F1%EE%F5%F0%E0%ED%E5%ED%EE%3A+%22%D3%EB%FB%E1%ED%E8%F2%E5%F1%FC+%F1+%ED%E0%EC%E8%22" "Mozilla/5.0 (Windows NT 6.1; WOW64; rv:12.0) Gecko/20100101 Firefox/12.0"
81.30.54.82 - - [05/Jun/2012:09:05:54 +0600] "POST /administrator/index2.php HTTP/1.0" 301 - "http://csdb.ufanet.ru/administrator/index2.php?option=com_content&sectionid=1&task=edit&hidemainmenu=1&id=1016" "Mozilla/5.0 (Windows NT 6.1; WOW64; rv:12.0) Gecko/20100101 Firefox/12.0"
81.30.54.82 - - [05/Jun/2012:09:05:54 +0600] "GET /administrator/index2.php?option=com_content&sectionid=1&mosmsg=%D3%F1%EF%E5%F8%ED%EE+%F1%EE%F5%F0%E0%ED%E5%ED%EE%3A+%22%D3%EB%FB%E1%ED%E8%F2%E5%F1%FC+%F1+%ED%E0%EC%E8%22 HTTP/1.0" 200 9198 "http://csdb.ufanet.ru/administrator/index2.php?option=com_content&sectionid=1&task=edit&hidemainmenu=1&id=1016" "Mozilla/5.0 (Windows NT 6.1; WOW64; rv:12.0) Gecko/20100101 Firefox/12.0"
81.30.54.82 - - [05/Jun/2012:09:05:56 +0600] "GET /content/blogcategory/1/66/ HTTP/1.0" 200 7331 "http://csdb.ufanet.ru/" "Mozilla/5.0 (Windows NT 6.1; WOW64) AppleWebKit/536.5 (KHTML, like Gecko) Chrome/19.0.1084.52 Safari/536.5"
81.30.54.82 - - [05/Jun/2012:09:05:58 +0600] "GET /content/view/1016/66/ HTTP/1.0" 200 5691 "http://csdb.ufanet.ru/content/blogcategory/1/66/" "Mozilla/5.0 (Windows NT 6.1; WOW64) AppleWebKit/536.5 (KHTML, like Gecko) Chrome/19.0.1084.52 Safari/536.5"
81.30.54.82 - - [05/Jun/2012:09:06:04 +0600] "GET /content/blogcategory/1/66/ HTTP/1.0" 200 7328 "http://csdb.ufanet.ru/" "Mozilla/5.0 (Windows NT 6.1; WOW64) AppleWebKit/536.5 (KHTML, like Gecko) Chrome/19.0.1084.52 Safari/536.5"
66.249.66.77 - - [05/Jun/2012:09:07:09 +0600] "GET /content/view/775/1/ HTTP/1.0" 200 5529 "-" "Mozilla/5.0 (compatible; Googlebot/2.1; +http://www.google.com/bot.html)"
66.249.71.59 - - [05/Jun/2012:09:08:01 +0600] "GET /content/view/795/105/ HTTP/1.0" 200 5090 "-" "Mozilla/5.0 (compatible; Googlebot/2.1; +http://www.google.com/bot.html)"
178.154.163.30 - - [05/Jun/2012:09:08:38 +0600] "GET /content/view/560/157/ HTTP/1.0" 200 5127 "-" "Mozilla/5.0 (compatible; YandexBot/3.0; +http://yandex.com/bots)"
119.63.196.61 - - [05/Jun/2012:09:09:07 +0600] "GET / HTTP/1.0" 200 6474 "-" "Mozilla/5.0 (compatible; Baiduspider/2.0; +http://www.baidu.com/search/spider.html)"
217.69.135.29 - - [05/Jun/2012:09:09:26 +0600] "HEAD / HTTP/1.0" 200 - "-" "Mozilla/5.0 (Windows; U; Windows NT 6.0; ru; rv:1.9.1.3) Gecko/20090824 MRA 5.5 (build 02812) Firefox/3.5.3 MRSpy/0.3.11 (.NET CLR 3.5.30729)"
66.249.66.77 - - [05/Jun/2012:09:12:20 +0600] "GET /content/view/793/158/ HTTP/1.0" 200 5096 "-" "Mozilla/5.0 (compatible; Googlebot/2.1; +http://www.google.com/bot.html)"
81.30.54.82 - - [05/Jun/2012:09:12:34 +0600] "GET / HTTP/1.0" 200 6473 "-" "Mozilla/5.0 (Windows NT 6.1; WOW64) AppleWebKit/536.5 (KHTML, like Gecko) Chrome/19.0.1084.52 Safari/536.5"
81.30.54.82 - - [05/Jun/2012:09:12:36 +0600] "GET /content/blogcategory/1/66/ HTTP/1.0" 200 7331 "http://csdb.ufanet.ru/" "Mozilla/5.0 (Windows NT 6.1; WOW64) AppleWebKit/536.5 (KHTML, like Gecko) Chrome/19.0.1084.52 Safari/536.5"
81.30.54.82 - - [05/Jun/2012:09:12:43 +0600] "GET /content/view/1016/66/ HTTP/1.0" 200 5687 "http://csdb.ufanet.ru/content/blogcategory/1/66/" "Mozilla/5.0 (Windows NT 6.1; WOW64) AppleWebKit/536.5 (KHTML, like Gecko) Chrome/19.0.1084.52 Safari/536.5"
95.108.141.3 - - [05/Jun/2012:09:12:46 +0600] "HEAD /component/option,com_search/Itemid,5/ HTTP/1.0" 200 - "-" "Mozilla/5.0 (compatible; YandexSitelinks; Dyatel; +http://yandex.com/bots)"
81.30.54.82 - - [05/Jun/2012:09:12:48 +0600] "GET /content/blogcategory/1/66/ HTTP/1.0" 200 7326 "http://csdb.ufanet.ru/" "Mozilla/5.0 (Windows NT 6.1; WOW64) AppleWebKit/536.5 (KHTML, like Gecko) Chrome/19.0.1084.52 Safari/536.5"
81.30.54.82 - - [05/Jun/2012:09:12:54 +0600] "GET /content/blogcategory/1/66/5/5/ HTTP/1.0" 200 6937 "http://csdb.ufanet.ru/content/blogcategory/1/66/" "Mozilla/5.0 (Windows NT 6.1; WOW64) AppleWebKit/536.5 (KHTML, like Gecko) Chrome/19.0.1084.52 Safari/536.5"
81.30.54.82 - - [05/Jun/2012:09:13:00 +0600] "GET /content/blogcategory/1/66/5/10/ HTTP/1.0" 200 7744 "http://csdb.ufanet.ru/content/blogcategory/1/66/5/5/" "Mozilla/5.0 (Windows NT 6.1; WOW64) AppleWebKit/536.5 (KHTML, like Gecko) Chrome/19.0.1084.52 Safari/536.5"
81.30.54.82 - - [05/Jun/2012:09:13:28 +0600] "GET /content/blogcategory/1/66/5/5/ HTTP/1.0" 200 6934 "http://csdb.ufanet.ru/content/blogcategory/1/66/5/10/" "Mozilla/5.0 (Windows NT 6.1; WOW64) AppleWebKit/536.5 (KHTML, like Gecko) Chrome/19.0.1084.52 Safari/536.5"
77.79.155.118 - - [05/Jun/2012:09:13:41 +0600] "GET / HTTP/1.0" 200 6473 "http://www.google.ru/url?sa=t&rct=j&q=%D1%86%D1%81%D0%B4%D0%B1%20%D1%83%D1%84%D0%B0&source=web&cd=2&sqi=2&ved=0CFUQFjAB&url=http%3A%2F%2Fcsdb.ufanet.ru%2F&ei=YnnNT_zODY2c-wbZvs1g&usg=AFQjCNGr3-VhEuv4mWftvIFQmFcbxmmeUQ&cad=rjt" "Mozilla/5.0 (Windows NT 5.1) AppleWebKit/536.5 (KHTML, like Gecko) Chrome/19.0.1084.52 Safari/536.5"
77.79.155.118 - - [05/Jun/2012:09:13:42 +0600] "GET /images/cgdb.swf HTTP/1.0" 206 1 "http://csdb.ufanet.ru/" "Mozilla/5.0 (Windows NT 5.1) AppleWebKit/536.5 (KHTML, like Gecko) Chrome/19.0.1084.52 Safari/536.5"
77.79.155.118 - - [05/Jun/2012:09:13:43 +0600] "GET /images/cgdb.swf HTTP/1.0" 206 17390039 "http://csdb.ufanet.ru/" "Mozilla/5.0 (Windows NT 5.1) AppleWebKit/536.5 (KHTML, like Gecko) Chrome/19.0.1084.52 Safari/536.5"
77.79.155.118 - - [05/Jun/2012:09:13:47 +0600] "GET /content/blogcategory/1/66/ HTTP/1.0" 200 7329 "http://csdb.ufanet.ru/" "Mozilla/5.0 (Windows NT 5.1) AppleWebKit/536.5 (KHTML, like Gecko) Chrome/19.0.1084.52 Safari/536.5"
81.30.54.82 - - [05/Jun/2012:09:14:20 +0600] "GET /content/blogcategory/1/66/5/0/ HTTP/1.0" 200 7329 "http://csdb.ufanet.ru/content/blogcategory/1/66/5/5/" "Mozilla/5.0 (Windows NT 6.1; WOW64) AppleWebKit/536.5 (KHTML, like Gecko) Chrome/19.0.1084.52 Safari/536.5"
81.30.54.82 - - [05/Jun/2012:09:14:31 +0600] "GET /content/view/1013/66/ HTTP/1.0" 200 5910 "http://csdb.ufanet.ru/content/blogcategory/1/66/5/0/" "Mozilla/5.0 (Windows NT 6.1; WOW64) AppleWebKit/536.5 (KHTML, like Gecko) Chrome/19.0.1084.52 Safari/536.5"
81.30.54.82 - - [05/Jun/2012:09:14:48 +0600] "GET /administrator/index2.php?option=com_content&sectionid=1&task=edit&hidemainmenu=1&id=1013 HTTP/1.0" 200 58780 "http://csdb.ufanet.ru/administrator/index2.php?option=com_content&sectionid=1&mosmsg=%D3%F1%EF%E5%F8%ED%EE+%F1%EE%F5%F0%E0%ED%E5%ED%EE%3A+%22%D3%EB%FB%E1%ED%E8%F2%E5%F1%FC+%F1+%ED%E0%EC%E8%22" "Mozilla/5.0 (Windows NT 6.1; WOW64; rv:12.0) Gecko/20100101 Firefox/12.0"
178.154.163.30 - - [05/Jun/2012:09:15:10 +0600] "GET /content/view/783/128/ HTTP/1.0" 200 5083 "-" "Mozilla/5.0 (compatible; YandexBot/3.0; +http://yandex.com/bots)"
