94.41.87.206 - - [31/May/2012:18:35:07 +0600] "GET /content/view/976/1/ HTTP/1.0" 200 7433 "http://www.google.ru/search?q=%D1%83%D1%84%D0%B0+1+%D0%B8%D1%8E%D0%BD%D1%8F+%D0%BF%D1%80%D0%B0%D0%B7%D0%B4%D0%BD%D0%B8%D0%BA&hl=ru&newwindow=1&prmd=imvns&ei=GWTHT6a2Hsjb4QS5yKnMDg&start=10&sa=N&biw=480&bih=320" "Mozilla/5.0 (Linux; U; Android 2.3.5; ru-ru; HTC_Explorer_A310e Build/GRJ90) AppleWebKit/533.1 (KHTML, like Gecko) Version/4.0 Mobile Safari/533.1"
178.154.163.30 - - [31/May/2012:18:35:17 +0600] "GET /content/view/497/66/ HTTP/1.0" 200 5986 "-" "Mozilla/5.0 (compatible; YandexBot/3.0; +http://yandex.com/bots)"
178.154.163.30 - - [31/May/2012:18:35:53 +0600] "GET /content/view/381/66/ HTTP/1.0" 200 6092 "-" "Mozilla/5.0 (compatible; YandexBot/3.0; +http://yandex.com/bots)"
66.249.66.77 - - [31/May/2012:18:36:06 +0600] "GET /content/view/246/66/ HTTP/1.0" 200 6072 "-" "Mozilla/5.0 (compatible; Googlebot/2.1; +http://www.google.com/bot.html)"
178.154.163.30 - - [31/May/2012:18:36:28 +0600] "GET /component/option,com_frontpage/Itemid,1/ HTTP/1.0" 200 6462 "-" "Mozilla/5.0 (compatible; YandexBot/3.0; +http://yandex.com/bots)"
178.154.163.30 - - [31/May/2012:18:37:04 +0600] "GET /content/view/294/66/ HTTP/1.0" 200 6450 "-" "Mozilla/5.0 (compatible; YandexBot/3.0; +http://yandex.com/bots)"
178.154.163.30 - - [31/May/2012:18:37:18 +0600] "GET /content/view/715/66/ HTTP/1.0" 200 5972 "-" "Mozilla/5.0 (compatible; YandexBot/3.0; +http://yandex.com/bots)"
178.154.163.30 - - [31/May/2012:18:37:53 +0600] "GET /content/view/767/66/ HTTP/1.0" 200 5753 "-" "Mozilla/5.0 (compatible; YandexBot/3.0; +http://yandex.com/bots)"
178.154.163.30 - - [31/May/2012:18:38:27 +0600] "GET /content/view/865/245/ HTTP/1.0" 200 5889 "-" "Mozilla/5.0 (compatible; YandexBot/3.0; +http://yandex.com/bots)"
178.154.163.30 - - [31/May/2012:18:39:00 +0600] "GET /content/view/663/66/ HTTP/1.0" 200 6135 "-" "Mozilla/5.0 (compatible; YandexBot/3.0; +http://yandex.com/bots)"
178.154.163.30 - - [31/May/2012:18:39:30 +0600] "GET /content/view/66/55/ HTTP/1.0" 200 7430 "-" "Mozilla/5.0 (compatible; YandexBot/3.0; +http://yandex.com/bots)"
66.249.66.77 - - [31/May/2012:18:39:30 +0600] "GET /content/view/641/66/ HTTP/1.0" 200 5919 "-" "Mozilla/5.0 (compatible; Googlebot/2.1; +http://www.google.com/bot.html)"
178.154.163.30 - - [31/May/2012:18:40:05 +0600] "GET /content/view/486/66/ HTTP/1.0" 200 6682 "-" "Mozilla/5.0 (compatible; YandexBot/3.0; +http://yandex.com/bots)"
66.249.66.77 - - [31/May/2012:18:40:25 +0600] "GET /content/view/575/183/1/6/ HTTP/1.0" 200 6521 "-" "Mozilla/5.0 (compatible; Googlebot/2.1; +http://www.google.com/bot.html)"
178.154.163.30 - - [31/May/2012:18:40:39 +0600] "GET /content/view/579/66/ HTTP/1.0" 200 5972 "-" "Mozilla/5.0 (compatible; YandexBot/3.0; +http://yandex.com/bots)"
178.154.163.30 - - [31/May/2012:18:41:15 +0600] "GET /content/view/719/66/ HTTP/1.0" 200 5912 "-" "Mozilla/5.0 (compatible; YandexBot/3.0; +http://yandex.com/bots)"
178.154.163.30 - - [31/May/2012:18:41:42 +0600] "GET /content/view/776/66/ HTTP/1.0" 200 6093 "-" "Mozilla/5.0 (compatible; YandexBot/3.0; +http://yandex.com/bots)"
178.154.163.30 - - [31/May/2012:18:41:49 +0600] "GET /content/view/20/157/ HTTP/1.0" 200 6127 "-" "Mozilla/5.0 (compatible; YandexBot/3.0; +http://yandex.com/bots)"
178.154.163.30 - - [31/May/2012:18:42:05 +0600] "GET /content/view/688/66/ HTTP/1.0" 200 5895 "-" "Mozilla/5.0 (compatible; YandexBot/3.0; +http://yandex.com/bots)"
178.154.163.30 - - [31/May/2012:18:42:41 +0600] "GET /content/view/218/66/ HTTP/1.0" 200 8467 "-" "Mozilla/5.0 (compatible; YandexBot/3.0; +http://yandex.com/bots)"
178.154.163.30 - - [31/May/2012:18:43:02 +0600] "GET /content/view/692/66/ HTTP/1.0" 200 5946 "-" "Mozilla/5.0 (compatible; YandexBot/3.0; +http://yandex.com/bots)"
66.249.66.77 - - [31/May/2012:18:43:22 +0600] "GET /content/view/126/145/ HTTP/1.0" 200 7887 "-" "Mozilla/5.0 (compatible; Googlebot/2.1; +http://www.google.com/bot.html)"
66.249.66.77 - - [31/May/2012:18:43:39 +0600] "GET /content/view/960/1/ HTTP/1.0" 200 7524 "-" "Mozilla/5.0 (compatible; Googlebot/2.1; +http://www.google.com/bot.html)"
178.154.163.30 - - [31/May/2012:18:43:59 +0600] "GET /content/view/556/66/ HTTP/1.0" 200 5997 "-" "Mozilla/5.0 (compatible; YandexBot/3.0; +http://yandex.com/bots)"
178.154.163.30 - - [31/May/2012:18:44:20 +0600] "GET /content/view/495/222/ HTTP/1.0" 200 4847 "-" "Mozilla/5.0 (compatible; YandexBot/3.0; +http://yandex.com/bots)"
178.154.163.30 - - [31/May/2012:18:44:56 +0600] "GET /content/view/758/66/ HTTP/1.0" 200 5895 "-" "Mozilla/5.0 (compatible; YandexBot/3.0; +http://yandex.com/bots)"
178.154.163.30 - - [31/May/2012:18:45:33 +0600] "GET /content/view/220/66/ HTTP/1.0" 200 6550 "-" "Mozilla/5.0 (compatible; YandexBot/3.0; +http://yandex.com/bots)"
178.154.163.30 - - [31/May/2012:18:46:10 +0600] "GET /content/view/733/222/ HTTP/1.0" 200 4786 "-" "Mozilla/5.0 (compatible; YandexBot/3.0; +http://yandex.com/bots)"
178.154.163.30 - - [31/May/2012:18:46:20 +0600] "GET /content/view/379/52/ HTTP/1.0" 200 6276 "-" "Mozilla/5.0 (compatible; YandexBot/3.0; +http://yandex.com/bots)"
178.154.163.30 - - [31/May/2012:18:46:23 +0600] "GET /content/view/504/210/ HTTP/1.0" 200 4746 "-" "Mozilla/5.0 (compatible; YandexBot/3.0; +http://yandex.com/bots)"
178.154.163.30 - - [31/May/2012:18:46:39 +0600] "GET /content/view/722/66/ HTTP/1.0" 200 6118 "-" "Mozilla/5.0 (compatible; YandexBot/3.0; +http://yandex.com/bots)"
178.154.163.30 - - [31/May/2012:18:46:54 +0600] "GET /content/view/769/222/ HTTP/1.0" 200 5298 "-" "Mozilla/5.0 (compatible; YandexBot/3.0; +http://yandex.com/bots)"
178.154.163.30 - - [31/May/2012:18:47:22 +0600] "GET /content/view/190/66/ HTTP/1.0" 200 5795 "-" "Mozilla/5.0 (compatible; YandexBot/3.0; +http://yandex.com/bots)"
178.154.163.30 - - [31/May/2012:18:47:56 +0600] "GET /content/view/491/66/ HTTP/1.0" 200 5843 "-" "Mozilla/5.0 (compatible; YandexBot/3.0; +http://yandex.com/bots)"
66.249.66.77 - - [31/May/2012:18:47:58 +0600] "GET /content/view/538/183/1/2/ HTTP/1.0" 200 6565 "-" "Mozilla/5.0 (compatible; Googlebot/2.1; +http://www.google.com/bot.html)"
178.154.163.30 - - [31/May/2012:18:48:11 +0600] "GET /images/120312/PologenieNDK.doc HTTP/1.0" 200 93696 "-" "Mozilla/5.0 (compatible; YandexDirect/3.0; +http://yandex.com/bots)"
178.154.163.30 - - [31/May/2012:18:48:51 +0600] "GET /content/view/524/66/ HTTP/1.0" 200 6004 "-" "Mozilla/5.0 (compatible; YandexBot/3.0; +http://yandex.com/bots)"
178.154.163.30 - - [31/May/2012:18:49:52 +0600] "GET /content/view/930/66/ HTTP/1.0" 200 6046 "-" "Mozilla/5.0 (compatible; YandexBot/3.0; +http://yandex.com/bots)"
66.249.71.59 - - [31/May/2012:18:50:28 +0600] "GET /test/ HTTP/1.0" 200 34561 "-" "Mozilla/5.0 (compatible; Googlebot/2.1; +http://www.google.com/bot.html)"
207.46.204.181 - - [31/May/2012:18:52:18 +0600] "GET /content/category/4/14/51/ HTTP/1.0" 200 3555 "-" "Mozilla/5.0 (compatible; bingbot/2.0; +http://www.bing.com/bingbot.htm)"
66.249.71.59 - - [31/May/2012:18:53:39 +0600] "GET /content/view/471/5/ HTTP/1.0" 200 6138 "-" "Mozilla/5.0 (compatible; Googlebot/2.1; +http://www.google.com/bot.html)"
178.154.163.30 - - [31/May/2012:18:54:17 +0600] "GET /content/view/735/66/ HTTP/1.0" 200 6064 "-" "Mozilla/5.0 (compatible; YandexBot/3.0; +http://yandex.com/bots)"
178.154.163.30 - - [31/May/2012:18:55:01 +0600] "GET /content/view/686/66/ HTTP/1.0" 200 6059 "-" "Mozilla/5.0 (compatible; YandexBot/3.0; +http://yandex.com/bots)"
178.154.163.30 - - [31/May/2012:18:55:28 +0600] "GET /content/view/667/66/ HTTP/1.0" 200 5999 "-" "Mozilla/5.0 (compatible; YandexBot/3.0; +http://yandex.com/bots)"
178.154.163.30 - - [31/May/2012:18:55:54 +0600] "GET /content/view/412/66/ HTTP/1.0" 200 5993 "-" "Mozilla/5.0 (compatible; YandexBot/3.0; +http://yandex.com/bots)"
178.154.163.30 - - [31/May/2012:18:56:26 +0600] "GET /content/view/926/222/ HTTP/1.0" 200 5454 "-" "Mozilla/5.0 (compatible; YandexBot/3.0; +http://yandex.com/bots)"
178.154.163.30 - - [31/May/2012:18:56:56 +0600] "GET /content/view/669/222/ HTTP/1.0" 200 5263 "-" "Mozilla/5.0 (compatible; YandexBot/3.0; +http://yandex.com/bots)"
178.154.163.30 - - [31/May/2012:18:57:19 +0600] "GET /content/view/471/66/ HTTP/1.0" 200 6156 "-" "Mozilla/5.0 (compatible; YandexBot/3.0; +http://yandex.com/bots)"
178.154.163.30 - - [31/May/2012:18:57:42 +0600] "GET /content/view/291/66/ HTTP/1.0" 200 6106 "-" "Mozilla/5.0 (compatible; YandexBot/3.0; +http://yandex.com/bots)"
178.154.163.30 - - [31/May/2012:18:58:06 +0600] "GET /content/view/500/66/ HTTP/1.0" 200 6032 "-" "Mozilla/5.0 (compatible; YandexBot/3.0; +http://yandex.com/bots)"
178.154.163.30 - - [31/May/2012:18:58:31 +0600] "GET /content/view/215/66/ HTTP/1.0" 200 6672 "-" "Mozilla/5.0 (compatible; YandexBot/3.0; +http://yandex.com/bots)"
178.154.163.30 - - [31/May/2012:18:58:48 +0600] "GET /content/view/305/66/ HTTP/1.0" 200 6188 "-" "Mozilla/5.0 (compatible; YandexBot/3.0; +http://yandex.com/bots)"
178.154.163.30 - - [31/May/2012:18:59:37 +0600] "GET /content/view/946/66/ HTTP/1.0" 200 5916 "-" "Mozilla/5.0 (compatible; YandexBot/3.0; +http://yandex.com/bots)"
66.249.66.77 - - [31/May/2012:18:59:56 +0600] "GET /content/view/742/222/ HTTP/1.0" 200 5999 "-" "Mozilla/5.0 (compatible; Googlebot/2.1; +http://www.google.com/bot.html)"
66.249.66.77 - - [31/May/2012:19:01:27 +0600] "GET /content/view/444/66/ HTTP/1.0" 200 5879 "-" "Mozilla/5.0 (compatible; Googlebot/2.1; +http://www.google.com/bot.html)"
66.249.66.77 - - [31/May/2012:19:01:50 +0600] "GET /content/view/499/66/ HTTP/1.0" 200 6289 "-" "Mozilla/5.0 (compatible; Googlebot/2.1; +http://www.google.com/bot.html)"
207.46.204.181 - - [31/May/2012:19:02:13 +0600] "GET / HTTP/1.0" 200 6462 "-" "Mozilla/5.0 (compatible; bingbot/2.0; +http://www.bing.com/bingbot.htm)"
95.108.129.207 - - [31/May/2012:19:07:17 +0600] "GET / HTTP/1.0" 200 24203 "-" "Mozilla/5.0 (compatible; YandexMetrika/2.0; +http://yandex.com/bots)"
66.249.66.77 - - [31/May/2012:19:07:53 +0600] "GET /content/view/699/183/1/1/ HTTP/1.0" 200 6589 "-" "Mozilla/5.0 (compatible; Googlebot/2.1; +http://www.google.com/bot.html)"
66.249.66.77 - - [31/May/2012:19:09:48 +0600] "GET /content/view/981/1/ HTTP/1.0" 200 6342 "-" "Mozilla/5.0 (compatible; Googlebot/2.1; +http://www.google.com/bot.html)"
178.129.127.105 - - [31/May/2012:19:10:40 +0600] "GET /content/view/976/1/ HTTP/1.0" 200 7432 "http://yandex.ru/yandsearch?text=%D0%BC%D0%B5%D1%80%D0%BE%D0%BF%D1%80%D0%B8%D1%8F%D1%82%D0%B8%D1%8F+%D0%BA%D0%BE+%D0%B4%D0%BD%D1%8E+%D0%B7%D0%B0%D1%89%D0%B8%D1%82%D1%8B+%D0%B4%D0%B5%D1%82%D0%B5%D0%B9+%D0%B2+%D1%88%D0%BA%D0%BE%D0%BB%D0%B5&lr=172" "Mozilla/5.0 (Windows NT 5.1) AppleWebKit/536.5 (KHTML, like Gecko) Chrome/19.0.1084.52 Safari/536.5"
66.249.66.77 - - [31/May/2012:19:11:40 +0600] "GET /content/view/978/1/ HTTP/1.0" 200 6500 "-" "Mozilla/5.0 (compatible; Googlebot/2.1; +http://www.google.com/bot.html)"
66.249.66.77 - - [31/May/2012:19:14:19 +0600] "GET /content/view/985/1/ HTTP/1.0" 200 6688 "-" "Mozilla/5.0 (compatible; Googlebot/2.1; +http://www.google.com/bot.html)"
66.249.71.59 - - [31/May/2012:19:15:28 +0600] "GET /content/view/666/210/ HTTP/1.0" 200 4089 "-" "Mozilla/5.0 (compatible; Googlebot/2.1; +http://www.google.com/bot.html)"
95.106.228.250 - - [31/May/2012:19:15:50 +0600] "GET /component/option,com_joomap/Itemid,64/ HTTP/1.0" 200 19482 "http://yandex.ru/yandsearch?p=2&text=%D1%81%D1%86%D0%B5%D0%BD%D0%B0%D1%80%D0%B8%D0%B8+%D0%BC%D0%B5%D1%80%D0%BE%D0%BF%D1%80%D0%B8%D1%8F%D1%82%D0%B8%D0%B9+%D0%B2+%D0%B1%D0%B8%D0%B1%D0%BB%D0%B8%D0%BE%D1%82%D0%B5%D0%BA%D0%B5+%D0%BC%D0%BE%D0%B9+%D0%BD%D0%B5%D1%81%D0%BA%D1%83%D1%87%D0%BD%D1%8B%D0%B9+%D0%BA%D0%BD%D0%B8%D0%B6%D0%BD%D1%8B%D0%B9+%D1%81%D0%B0%D0%B4&lr=191" "Mozilla/5.0 (Windows NT 5.1; rv:12.0) Gecko/20100101 Firefox/12.0"
95.106.228.250 - - [31/May/2012:19:16:58 +0600] "GET /content/view/955/66/ HTTP/1.0" 200 6183 "http://csdb.ufanet.ru/component/option,com_joomap/Itemid,64/" "Mozilla/5.0 (Windows NT 5.1; rv:12.0) Gecko/20100101 Firefox/12.0"
66.249.66.77 - - [31/May/2012:19:17:02 +0600] "GET /content/view/964/1/ HTTP/1.0" 200 6388 "-" "Mozilla/5.0 (compatible; Googlebot/2.1; +http://www.google.com/bot.html)"
178.154.163.30 - - [31/May/2012:19:17:14 +0600] "GET /content/view/976/1/ HTTP/1.0" 200 7455 "-" "Mozilla/5.0 (compatible; YandexDirect/3.0; +http://yandex.com/bots)"
66.249.66.77 - - [31/May/2012:19:20:46 +0600] "GET /content/view/965/1/ HTTP/1.0" 200 6490 "-" "Mozilla/5.0 (compatible; Googlebot/2.1; +http://www.google.com/bot.html)"
95.106.228.250 - - [31/May/2012:19:22:03 +0600] "GET /component/option,com_joomap/Itemid,64/ HTTP/1.0" 200 19482 "http://yandex.ru/yandsearch?p=2&text=%D1%81%D1%86%D0%B5%D0%BD%D0%B0%D1%80%D0%B8%D0%B8+%D0%BC%D0%B5%D1%80%D0%BE%D0%BF%D1%80%D0%B8%D1%8F%D1%82%D0%B8%D0%B9+%D0%B2+%D0%B1%D0%B8%D0%B1%D0%BB%D0%B8%D0%BE%D1%82%D0%B5%D0%BA%D0%B5+%D0%BC%D0%BE%D0%B9+%D0%BD%D0%B5%D1%81%D0%BA%D1%83%D1%87%D0%BD%D1%8B%D0%B9+%D0%BA%D0%BD%D0%B8%D0%B6%D0%BD%D1%8B%D0%B9+%D1%81%D0%B0%D0%B4&lr=191" "Mozilla/5.0 (Windows NT 5.1; rv:12.0) Gecko/20100101 Firefox/12.0"
65.52.109.62 - - [31/May/2012:19:24:43 +0600] "GET /content/blogcategory/1/66/5/105/ HTTP/1.0" 200 7169 "-" "Mozilla/5.0 (compatible; bingbot/2.0; +http://www.bing.com/bingbot.htm)"
66.249.71.59 - - [31/May/2012:19:30:37 +0600] "GET /content/view/966/1/ HTTP/1.0" 200 6463 "-" "Mozilla/5.0 (compatible; Googlebot/2.1; +http://www.google.com/bot.html)"
66.249.66.77 - - [31/May/2012:19:31:22 +0600] "GET /content/view/967/1/ HTTP/1.0" 200 6240 "-" "Mozilla/5.0 (compatible; Googlebot/2.1; +http://www.google.com/bot.html)"
66.249.66.77 - - [31/May/2012:19:33:16 +0600] "GET /content/view/968/1/ HTTP/1.0" 200 6951 "-" "Mozilla/5.0 (compatible; Googlebot/2.1; +http://www.google.com/bot.html)"
66.249.66.77 - - [31/May/2012:19:34:01 +0600] "GET /content/view/972/1/ HTTP/1.0" 200 7103 "-" "Mozilla/5.0 (compatible; Googlebot/2.1; +http://www.google.com/bot.html)"
46.191.214.120 - - [31/May/2012:19:38:30 +0600] "GET / HTTP/1.0" 200 6415 "http://go.mail.ru/search?q=%D0%B1%D0%B8%D0%B1%D0%BB%D0%B8%D0%BE%D1%82%D0%B5%D0%BA%D0%B0+%D1%85%D1%83%D0%B4%D0%B0%D0%B9%D0%B1%D0%B5%D1%80%D0%B4%D0%B8%D0%BD%D0%B0" "Opera/9.80 (Windows NT 6.1; U; Edition Yx; ru) Presto/2.10.229 Version/11.64"
46.191.214.120 - - [31/May/2012:19:38:31 +0600] "GET /images/cgdb.swf HTTP/1.0" 200 19792297 "http://csdb.ufanet.ru/" "Opera/9.80 (Windows NT 6.1; U; Edition Yx; ru) Presto/2.10.229 Version/11.64"
46.191.214.120 - - [31/May/2012:19:38:40 +0600] "GET /content/blogcategory/1/66/ HTTP/1.0" 200 7409 "http://csdb.ufanet.ru/" "Opera/9.80 (Windows NT 6.1; U; Edition Yx; ru) Presto/2.10.229 Version/11.64"
68.233.226.103 - - [31/May/2012:19:39:08 +0600] "GET /content/view/783/240/index.php?option=com_search&Itemid=5 HTTP/1.0" 200 15842 "-" "Mozilla/5.0 (Windows NT 5.1) AppleWebKit/535.2 (KHTML, like Gecko) Chrome/15.0.872.0 Safari/535.2"
46.191.214.120 - - [31/May/2012:19:39:36 +0600] "GET /content/view/996/66/ HTTP/1.0" 200 6958 "http://csdb.ufanet.ru/content/blogcategory/1/66/" "Opera/9.80 (Windows NT 6.1; U; Edition Yx; ru) Presto/2.10.229 Version/11.64"
66.249.66.77 - - [31/May/2012:19:40:50 +0600] "GET /files/scen_prazd/openNDK.pdf HTTP/1.0" 304 - "-" "Mozilla/5.0 (compatible; Googlebot/2.1; +http://www.google.com/bot.html)"
65.52.108.200 - - [31/May/2012:19:42:16 +0600] "GET /content/view/320/99 HTTP/1.0" 200 6109 "-" "Mozilla/5.0 (compatible; bingbot/2.0; +http://www.bing.com/bingbot.htm)"
66.249.66.77 - - [31/May/2012:19:43:29 +0600] "GET /content/view/879/160/ HTTP/1.0" 200 5169 "-" "Mozilla/5.0 (compatible; Googlebot/2.1; +http://www.google.com/bot.html)"
66.249.71.59 - - [31/May/2012:19:45:23 +0600] "GET /content/view/974/1/ HTTP/1.0" 200 6174 "-" "Mozilla/5.0 (compatible; Googlebot/2.1; +http://www.google.com/bot.html)"
178.154.163.30 - - [31/May/2012:19:46:28 +0600] "GET /content/blogcategory/1/66/ HTTP/1.0" 200 7457 "-" "Mozilla/5.0 (compatible; YandexBot/3.0; +http://yandex.com/bots)"
66.249.66.77 - - [31/May/2012:19:47:39 +0600] "GET /content/view/973/1/ HTTP/1.0" 200 6569 "-" "Mozilla/5.0 (compatible; Googlebot/2.1; +http://www.google.com/bot.html)"
178.154.163.30 - - [31/May/2012:19:47:44 +0600] "GET /component/option,com_joomap/Itemid,64/ HTTP/1.0" 200 19469 "-" "Mozilla/5.0 (compatible; YandexBot/3.0; +http://yandex.com/bots)"
178.154.163.30 - - [31/May/2012:19:49:13 +0600] "GET /content/view/322/162 HTTP/1.0" 200 7332 "-" "Mozilla/5.0 (compatible; YandexDirect/3.0; +http://yandex.com/bots)"
66.249.66.77 - - [31/May/2012:19:51:26 +0600] "GET /content/view/977/1/ HTTP/1.0" 200 6373 "-" "Mozilla/5.0 (compatible; Googlebot/2.1; +http://www.google.com/bot.html)"
66.249.66.77 - - [31/May/2012:19:52:33 +0600] "GET /content/view/986/210/ HTTP/1.0" 200 4058 "-" "Mozilla/5.0 (compatible; Googlebot/2.1; +http://www.google.com/bot.html)"
95.108.129.207 - - [31/May/2012:19:54:51 +0600] "GET / HTTP/1.0" 200 24198 "-" "Mozilla/5.0 (compatible; YandexMetrika/2.0; +http://yandex.com/bots)"
94.41.25.33 - - [31/May/2012:19:57:26 +0600] "GET /content/view/976/1/ HTTP/1.0" 200 7369 "http://yandex.ru/yandsearch?text=%D0%BC%D0%B5%D1%80%D0%BE%D0%BF%D1%80%D0%B8%D1%8F%D1%82%D0%B8%D1%8F+%D0%BD%D0%B0+%D0%B4%D0%B5%D0%BD%D1%8C+%D0%B7%D0%B0%D1%89%D0%B8%D1%82%D1%8B+%D0%B4%D0%B5%D1%82%D0%B5%D0%B9+&clid=9403&lr=172" "Opera/9.80 (Windows NT 5.1; U; ru) Presto/2.10.229 Version/11.64"
66.249.66.77 - - [31/May/2012:19:57:52 +0600] "GET /content/view/987/1/ HTTP/1.0" 200 6746 "-" "Mozilla/5.0 (compatible; Googlebot/2.1; +http://www.google.com/bot.html)"
66.249.66.77 - - [31/May/2012:19:59:30 +0600] "GET /content/view/979/1/ HTTP/1.0" 200 6193 "-" "Mozilla/5.0 (compatible; Googlebot/2.1; +http://www.google.com/bot.html)"
66.249.66.77 - - [31/May/2012:20:00:35 +0600] "GET /content/view/985/66/ HTTP/1.0" 200 6305 "-" "Mozilla/5.0 (compatible; Googlebot/2.1; +http://www.google.com/bot.html)"
157.55.17.103 - - [31/May/2012:20:03:42 +0600] "GET /content/view/811/1/ HTTP/1.0" 200 6029 "-" "Mozilla/5.0 (compatible; bingbot/2.0; +http://www.bing.com/bingbot.htm)"
66.249.66.77 - - [31/May/2012:20:10:00 +0600] "GET /content/view/980/1/ HTTP/1.0" 200 6144 "-" "Mozilla/5.0 (compatible; Googlebot/2.1; +http://www.google.com/bot.html)"
66.249.66.77 - - [31/May/2012:20:10:22 +0600] "GET /content/view/956/90/ HTTP/1.0" 200 4484 "-" "Mozilla/5.0 (compatible; Googlebot/2.1; +http://www.google.com/bot.html)"
66.249.66.77 - - [31/May/2012:20:12:03 +0600] "GET /content/view/235/66/ HTTP/1.0" 200 5189 "-" "Mozilla/5.0 (compatible; Googlebot/2.1; +http://www.google.com/bot.html)"
136.169.130.44 - - [31/May/2012:20:13:17 +0600] "GET /content/view/976/1/ HTTP/1.0" 200 7430 "http://yandex.ru/yandsearch?text=++%D0%B3%D0%BE%D1%80%D0%BE%D0%B4%D1%81%D0%BA%D0%B8%D0%B5+%D0%BC%D0%B5%D1%80%D0%BE%D0%BF%D1%80%D0%B8%D1%8F%D1%82%D0%B8%D1%8F++1+%D0%B8%D1%8E%D0%BD%D1%8F+%D0%BF%D0%BE%D1%81%D0%B2%D1%8F%D1%89%D1%91%D0%BD%D0%BD%D0%BE%D0%B3%D0%BE+%D0%B4%D0%BD%D1%8E+%D0%B7%D0%B0%D1%89%D0%B8%D1%82%D1%8B+%D0%B4%D0%B5%D1%82%D0%B5%D0%B9&clid=40316&lr=172&rstr=-172" "Mozilla/4.0 (compatible; MSIE 7.0; Windows NT 5.1; MRSPUTNIK 2, 4, 0, 471; GTB7.3)"
207.46.204.157 - - [31/May/2012:20:14:20 +0600] "GET /content/view/485/66/ HTTP/1.0" 200 6606 "-" "Mozilla/4.0 (compatible; MSIE 7.0; Windows NT 5.2;  SV1;  .NET CLR 1.1.4325;  .NET CLR 2.0.40607)"
66.249.66.77 - - [31/May/2012:20:15:07 +0600] "GET /content/view/933/5/ HTTP/1.0" 200 5947 "-" "Mozilla/5.0 (compatible; Googlebot/2.1; +http://www.google.com/bot.html)"
66.249.66.77 - - [31/May/2012:20:17:19 +0600] "GET /content/view/751/1/ HTTP/1.0" 200 5559 "-" "Mozilla/5.0 (compatible; Googlebot/2.1; +http://www.google.com/bot.html)"
66.249.71.59 - - [31/May/2012:20:19:09 +0600] "GET /content/view/827/90/ HTTP/1.0" 200 4341 "-" "Mozilla/5.0 (compatible; Googlebot/2.1; +http://www.google.com/bot.html)"
193.34.160.8 - - [31/May/2012:20:20:24 +0600] "GET /content/view/204/47/ HTTP/1.0" 200 10216 "-" "Opera/9.80 (Windows NT 6.1; U; ru) Presto/2.10.229 Version/11.64"
91.201.64.24 - - [31/May/2012:20:20:29 +0600] "GET /content/view/895/66/ HTTP/1.0" 200 6047 "-" "Mozilla/5.0 (X11; U; Linux i686; pl; rv:1.8.0.7) Gecko/20060914 Firefox/1.5.0.7 (Swiftfox)"
66.249.66.77 - - [31/May/2012:20:23:27 +0600] "GET /content/view/828/56/ HTTP/1.0" 200 3743 "-" "Mozilla/5.0 (compatible; Googlebot/2.1; +http://www.google.com/bot.html)"
66.249.66.77 - - [31/May/2012:20:26:48 +0600] "GET /content/view/988/1/ HTTP/1.0" 200 6602 "-" "Mozilla/5.0 (compatible; Googlebot/2.1; +http://www.google.com/bot.html)"
66.249.66.77 - - [31/May/2012:20:26:51 +0600] "GET /content/view/933/ HTTP/1.0" 200 4873 "-" "Mozilla/5.0 (compatible; Googlebot/2.1; +http://www.google.com/bot.html)"
66.249.66.77 - - [31/May/2012:20:28:41 +0600] "GET /content/view/829/90/ HTTP/1.0" 200 4301 "-" "Mozilla/5.0 (compatible; Googlebot/2.1; +http://www.google.com/bot.html)"
141.101.13.19 - - [31/May/2012:20:30:09 +0600] "GET /content/blogcategory/1/66/ HTTP/1.0" 200 7458 "-" "Mozilla/5.0 (Windows NT 6.1) AppleWebKit/536.5 (KHTML, like Gecko) Chrome/19.0.1084.52 Safari/536.5"
66.249.66.77 - - [31/May/2012:20:31:59 +0600] "GET /content/view/828/90/ HTTP/1.0" 200 4303 "-" "Mozilla/5.0 (compatible; Googlebot/2.1; +http://www.google.com/bot.html)"
66.249.66.77 - - [31/May/2012:20:32:43 +0600] "GET /content/view/829/56/ HTTP/1.0" 200 3739 "-" "Mozilla/5.0 (compatible; Googlebot/2.1; +http://www.google.com/bot.html)"
178.154.163.30 - - [31/May/2012:20:32:44 +0600] "GET /content/view/385/164 HTTP/1.0" 200 9880 "-" "Mozilla/5.0 (compatible; YandexDirect/3.0; +http://yandex.com/bots)"
91.219.29.206 - - [31/May/2012:20:35:22 +0600] "GET / HTTP/1.0" 200 24198 "-" "Mozilla/5.0 (Windows; I; Windows NT 5.1; ru; rv:1.9.2.13) Gecko/20100101 Firefox/4.0"
83.169.60.25 - - [31/May/2012:20:36:07 +0600] "GET / HTTP/1.0" 200 24203 "-" "Mozilla/5.0 (Windows; U; Windows NT 6.0; de; rv:1.9.0.6) Gecko/2009011913 Firefox/3.0.6"
83.169.60.25 - - [31/May/2012:20:36:07 +0600] "GET /20e6a4bb032fcfae5d.php HTTP/1.0" 404 299 "-" "Mozilla/5.0 (Windows; U; Windows NT 6.0; de; rv:1.9.0.6) Gecko/2009011913 Firefox/3.0.6"
95.108.129.207 - - [31/May/2012:20:40:12 +0600] "GET / HTTP/1.0" 200 24198 "-" "Mozilla/5.0 (compatible; YandexMetrika/2.0; +http://yandex.com/bots)"
66.249.66.77 - - [31/May/2012:20:40:46 +0600] "GET /content/view/832/90/ HTTP/1.0" 200 4179 "-" "Mozilla/5.0 (compatible; Googlebot/2.1; +http://www.google.com/bot.html)"
66.249.66.77 - - [31/May/2012:20:42:14 +0600] "GET /content/view/830/90/ HTTP/1.0" 200 4465 "-" "Mozilla/5.0 (compatible; Googlebot/2.1; +http://www.google.com/bot.html)"
66.249.66.77 - - [31/May/2012:20:48:06 +0600] "GET /content/view/830/56/ HTTP/1.0" 200 3912 "-" "Mozilla/5.0 (compatible; Googlebot/2.1; +http://www.google.com/bot.html)"
66.249.66.77 - - [31/May/2012:20:48:28 +0600] "GET /content/view/832/56/ HTTP/1.0" 200 3618 "-" "Mozilla/5.0 (compatible; Googlebot/2.1; +http://www.google.com/bot.html)"
66.249.66.77 - - [31/May/2012:20:49:34 +0600] "GET /content/view/835/56/ HTTP/1.0" 200 3840 "-" "Mozilla/5.0 (compatible; Googlebot/2.1; +http://www.google.com/bot.html)"
66.249.71.59 - - [31/May/2012:20:52:21 +0600] "GET /content/view/117/52/ HTTP/1.0" 200 6264 "-" "Mozilla/5.0 (compatible; Googlebot/2.1; +http://www.google.com/bot.html)"
66.249.66.77 - - [31/May/2012:20:52:32 +0600] "GET /content/view/23/157/ HTTP/1.0" 200 6062 "-" "Mozilla/5.0 (compatible; Googlebot/2.1; +http://www.google.com/bot.html)"
66.249.66.77 - - [31/May/2012:20:55:05 +0600] "GET /content/view/656/210/ HTTP/1.0" 200 4190 "-" "Mozilla/5.0 (compatible; Googlebot/2.1; +http://www.google.com/bot.html)"
66.249.66.77 - - [31/May/2012:20:55:13 +0600] "GET /content/view/971/1/ HTTP/1.0" 200 5557 "-" "Mozilla/5.0 (compatible; Googlebot/2.1; +http://www.google.com/bot.html)"
178.154.163.30 - - [31/May/2012:20:58:01 +0600] "GET /content/view/811/1/ HTTP/1.0" 200 6028 "-" "Mozilla/5.0 (compatible; YandexBot/3.0; +http://yandex.com/bots)"
178.154.163.30 - - [31/May/2012:20:58:04 +0600] "GET /content/view/22/157/ HTTP/1.0" 200 5948 "-" "Mozilla/5.0 (compatible; YandexBot/3.0; +http://yandex.com/bots)"
178.154.163.30 - - [31/May/2012:20:58:06 +0600] "GET /content/view/648/122/ HTTP/1.0" 200 5163 "-" "Mozilla/5.0 (compatible; YandexBot/3.0; +http://yandex.com/bots)"
178.154.163.30 - - [31/May/2012:20:58:09 +0600] "GET /content/view/450/210 HTTP/1.0" 200 4978 "-" "Mozilla/5.0 (compatible; YandexBot/3.0; +http://yandex.com/bots)"
178.154.163.30 - - [31/May/2012:20:58:11 +0600] "GET /content/view/409/56/ HTTP/1.0" 200 4611 "-" "Mozilla/5.0 (compatible; YandexBot/3.0; +http://yandex.com/bots)"
66.249.71.59 - - [31/May/2012:20:58:11 +0600] "GET /content/view/467/66/ HTTP/1.0" 200 6245 "-" "Mozilla/5.0 (compatible; Googlebot/2.1; +http://www.google.com/bot.html)"
178.154.163.30 - - [31/May/2012:20:58:13 +0600] "GET /content/view/530/157/ HTTP/1.0" 200 5163 "-" "Mozilla/5.0 (compatible; YandexBot/3.0; +http://yandex.com/bots)"
178.154.163.30 - - [31/May/2012:20:58:15 +0600] "GET /content/view/469/66/ HTTP/1.0" 200 5824 "-" "Mozilla/5.0 (compatible; YandexBot/3.0; +http://yandex.com/bots)"
178.154.163.30 - - [31/May/2012:20:58:18 +0600] "GET /component/option,com_true/Itemid,232/func,detail/catid,1/id,14/ HTTP/1.0" 200 5116 "-" "Mozilla/5.0 (compatible; YandexBot/3.0; +http://yandex.com/bots)"
178.154.163.30 - - [31/May/2012:20:58:23 +0600] "GET /content/view/316/1/ HTTP/1.0" 200 6305 "-" "Mozilla/5.0 (compatible; YandexBot/3.0; +http://yandex.com/bots)"
178.154.163.30 - - [31/May/2012:20:58:25 +0600] "GET /content/blogcategory/45/210/9/9/ HTTP/1.0" 200 5243 "-" "Mozilla/5.0 (compatible; YandexBot/3.0; +http://yandex.com/bots)"
178.154.163.30 - - [31/May/2012:20:58:27 +0600] "GET /content/view/154/66 HTTP/1.0" 200 6791 "-" "Mozilla/5.0 (compatible; YandexBot/3.0; +http://yandex.com/bots)"
178.154.163.30 - - [31/May/2012:20:58:30 +0600] "GET /content/view/442/66/ HTTP/1.0" 200 6385 "-" "Mozilla/5.0 (compatible; YandexBot/3.0; +http://yandex.com/bots)"
178.154.163.30 - - [31/May/2012:20:58:32 +0600] "GET /content/view/579/66 HTTP/1.0" 200 5972 "-" "Mozilla/5.0 (compatible; YandexBot/3.0; +http://yandex.com/bots)"
178.154.163.30 - - [31/May/2012:20:58:35 +0600] "GET /content/blogcategory/1/66/9/45/ HTTP/1.0" 200 7588 "-" "Mozilla/5.0 (compatible; YandexBot/3.0; +http://yandex.com/bots)"
178.154.163.30 - - [31/May/2012:20:58:37 +0600] "GET /content/view/264/66/ HTTP/1.0" 200 6500 "-" "Mozilla/5.0 (compatible; YandexBot/3.0; +http://yandex.com/bots)"
178.154.163.30 - - [31/May/2012:20:58:39 +0600] "GET /content/view/644/66 HTTP/1.0" 200 6049 "-" "Mozilla/5.0 (compatible; YandexBot/3.0; +http://yandex.com/bots)"
178.154.163.30 - - [31/May/2012:20:58:42 +0600] "GET /content/view/53/47 HTTP/1.0" 200 7420 "-" "Mozilla/5.0 (compatible; YandexDirect/3.0; +http://yandex.com/bots)"
178.154.163.30 - - [31/May/2012:20:58:44 +0600] "GET /content/view/829/66 HTTP/1.0" 200 5831 "-" "Mozilla/5.0 (compatible; YandexBot/3.0; +http://yandex.com/bots)"
178.154.163.30 - - [31/May/2012:20:58:46 +0600] "GET /content/view/455/56/ HTTP/1.0" 200 4517 "-" "Mozilla/5.0 (compatible; YandexBot/3.0; +http://yandex.com/bots)"
178.154.163.30 - - [31/May/2012:20:58:48 +0600] "GET /content/view/450/66/ HTTP/1.0" 200 6774 "-" "Mozilla/5.0 (compatible; YandexBot/3.0; +http://yandex.com/bots)"
178.154.163.30 - - [31/May/2012:20:58:51 +0600] "GET /content/view/648/149/ HTTP/1.0" 200 5146 "-" "Mozilla/5.0 (compatible; YandexBot/3.0; +http://yandex.com/bots)"
178.154.163.30 - - [31/May/2012:20:58:53 +0600] "GET /files/ucazatel/Salavat2.pdf HTTP/1.0" 200 345749 "-" "Mozilla/5.0 (compatible; YandexDirect/3.0; +http://yandex.com/bots)"
178.154.163.30 - - [31/May/2012:21:01:29 +0600] "GET /content/view/93/66 HTTP/1.0" 200 5943 "-" "Mozilla/5.0 (compatible; YandexBot/3.0; +http://yandex.com/bots)"
178.154.163.30 - - [31/May/2012:21:01:31 +0600] "GET /content/view/580/90/ HTTP/1.0" 200 3573 "-" "Mozilla/5.0 (compatible; YandexBot/3.0; +http://yandex.com/bots)"
178.154.163.30 - - [31/May/2012:21:01:33 +0600] "GET /content/view/187/66 HTTP/1.0" 200 6089 "-" "Mozilla/5.0 (compatible; YandexBot/3.0; +http://yandex.com/bots)"
178.154.163.30 - - [31/May/2012:21:01:36 +0600] "GET /content/view/114/66 HTTP/1.0" 200 6282 "-" "Mozilla/5.0 (compatible; YandexBot/3.0; +http://yandex.com/bots)"
178.154.163.30 - - [31/May/2012:21:01:38 +0600] "GET / HTTP/1.0" 200 6462 "-" "Mozilla/5.0 (compatible; YandexDirect/3.0; +http://yandex.com/bots)"
66.249.66.77 - - [31/May/2012:21:08:14 +0600] "GET /content/view/187/66/ HTTP/1.0" 200 6090 "-" "Mozilla/5.0 (compatible; Googlebot/2.1; +http://www.google.com/bot.html)"
66.249.71.59 - - [31/May/2012:21:09:20 +0600] "GET /content/view/205/66/ HTTP/1.0" 200 6283 "-" "Mozilla/5.0 (compatible; Googlebot/2.1; +http://www.google.com/bot.html)"
141.101.13.19 - - [31/May/2012:21:13:28 +0600] "GET /content/blogcategory/1/66/ HTTP/1.0" 200 7458 "-" "Mozilla/5.0 (Windows NT 6.1) AppleWebKit/536.5 (KHTML, like Gecko) Chrome/19.0.1084.52 Safari/536.5"
66.249.66.77 - - [31/May/2012:21:14:31 +0600] "GET /content/view/990/1/ HTTP/1.0" 200 6891 "-" "Mozilla/5.0 (compatible; Googlebot/2.1; +http://www.google.com/bot.html)"
178.154.163.30 - - [31/May/2012:21:14:52 +0600] "GET /content/view/798/56/ HTTP/1.0" 200 4168 "-" "Mozilla/5.0 (compatible; YandexBot/3.0; +http://yandex.com/bots)"
178.154.163.30 - - [31/May/2012:21:14:55 +0600] "GET /content/view/292/66 HTTP/1.0" 200 6307 "-" "Mozilla/5.0 (compatible; YandexBot/3.0; +http://yandex.com/bots)"
178.154.163.30 - - [31/May/2012:21:14:57 +0600] "GET /content/view/91/62/ HTTP/1.0" 200 7860 "-" "Mozilla/5.0 (compatible; YandexBot/3.0; +http://yandex.com/bots)"
178.154.163.30 - - [31/May/2012:21:14:59 +0600] "GET /content/view/661/ HTTP/1.0" 200 5014 "-" "Mozilla/5.0 (compatible; YandexBot/3.0; +http://yandex.com/bots)"
178.154.163.30 - - [31/May/2012:21:15:02 +0600] "GET /content/view/559/234/ HTTP/1.0" 200 6042 "-" "Mozilla/5.0 (compatible; YandexDirect/3.0; +http://yandex.com/bots)"
178.154.163.30 - - [31/May/2012:21:16:44 +0600] "GET /content/view/823/239/ HTTP/1.0" 200 3003 "-" "Mozilla/5.0 (compatible; YandexBot/3.0; +http://yandex.com/bots)"
178.154.163.30 - - [31/May/2012:21:16:46 +0600] "GET /content/blogcategory/49/234/ HTTP/1.0" 200 6073 "-" "Mozilla/5.0 (compatible; YandexDirect/3.0; +http://yandex.com/bots)"
66.249.66.77 - - [31/May/2012:21:22:08 +0600] "GET /content/view/423/90/ HTTP/1.0" 200 4531 "-" "Mozilla/5.0 (compatible; Googlebot/2.1; +http://www.google.com/bot.html)"
66.249.66.77 - - [31/May/2012:21:22:53 +0600] "GET /content/view/537/66/ HTTP/1.0" 200 7022 "-" "Mozilla/5.0 (compatible; Googlebot/2.1; +http://www.google.com/bot.html)"
95.108.129.207 - - [31/May/2012:21:26:34 +0600] "GET / HTTP/1.0" 200 24203 "-" "Mozilla/5.0 (compatible; YandexMetrika/2.0; +http://yandex.com/bots)"
178.35.231.41 - - [31/May/2012:21:30:37 +0600] "GET /content/view/14/47/ HTTP/1.0" 200 6389 "http://www.google.ru/url?sa=t&rct=j&q=%D0%B4%D0%B5%D1%82%D1%81%D0%BA%D0%B0%D1%8F%20%D0%BF%D1%80%D0%BE%D0%B3%D1%80%D0%B0%D0%BC%D0%BC%D0%B0%20%D1%81%D0%BE%D0%BB%D0%BD%D1%8B%D1%88%D0%BA%D0%BE%20&source=web&cd=5&ved=0CGQQFjAE&url=http%3A%2F%2Fcsdb.ufanet.ru%2Fcontent%2Fview%2F14%2F47%2F&ei=6I3HT-3VFM2fOpSa6ewO&usg=AFQjCNEm-jbontVeojiMmzOa4krJRuTPFA&cad=rjt" "Mozilla/5.0 (Windows NT 6.1) AppleWebKit/536.5 (KHTML, like Gecko) Chrome/19.0.1084.52 Safari/536.5"
91.201.64.24 - - [31/May/2012:21:41:29 +0600] "GET /content/view/978/66/ HTTP/1.0" 200 6117 "-" "Mozilla/5.0 (X11; U; Linux i686; pl; rv:1.8.0.7) Gecko/20060914 Firefox/1.5.0.7 (Swiftfox)"
66.249.71.59 - - [31/May/2012:21:41:57 +0600] "GET /content/view/529/66/ HTTP/1.0" 200 6261 "-" "Mozilla/5.0 (compatible; Googlebot/2.1; +http://www.google.com/bot.html)"
31.8.211.238 - - [31/May/2012:21:42:01 +0600] "GET /content/view/53/47 HTTP/1.0" 200 7420 "http://yandex.ru/yandsearch?p=1&text=%D0%B1%D0%B8%D0%B1%D0%BB%D0%B8%D0%BE%D1%82%D0%B5%D1%87%D0%BD%D1%8B%D0%B5%20%D1%81%D1%86%D0%B5%D0%BD%D0%B0%D1%80%D0%B8%D0%B9%20%D0%BA%20%D0%BC%D0%B5%D1%80%D0%BE%D0%BF%D1%80%D0%B8%D1%8F%D1%82%D0%B8%D1%8F%D0%BC%20%D0%BA%20%D0%BC%D0%B5%D0%B6%D0%B4%D1%83%D0%BD%D0%B0%D1%80%D0%BE%D0%B4%D0%BD%D0%BE%D0%BC%D1%83%20%D0%B4%D0%BD%D1%8E%20%D0%B7%D0%B0%D1%89%D0%B8%D1%82%D1%8B%20%D0%B4%D0%B5%D1%82%D0%B5%D0%B9&clid=1537599&lr=172" "Mozilla/5.0 (Windows NT 6.1; WOW64) AppleWebKit/535.19 (KHTML, like Gecko) Chrome/18.0.1025.164 Safari/535.19 YE"
31.8.211.238 - - [31/May/2012:21:42:49 +0600] "GET /files/scen_prazd/openNDK.pdf HTTP/1.0" 200 115591 "http://csdb.ufanet.ru/content/view/53/47" "Mozilla/5.0 (Windows NT 6.1; WOW64) AppleWebKit/535.19 (KHTML, like Gecko) Chrome/18.0.1025.164 Safari/535.19 YE"
66.249.66.77 - - [31/May/2012:21:44:09 +0600] "GET /content/view/469/66/ HTTP/1.0" 200 5827 "-" "Mozilla/5.0 (compatible; Googlebot/2.1; +http://www.google.com/bot.html)"
66.249.66.77 - - [31/May/2012:21:45:37 +0600] "GET /content/view/141/66/ HTTP/1.0" 200 5900 "-" "Mozilla/5.0 (compatible; Googlebot/2.1; +http://www.google.com/bot.html)"
178.45.231.163 - - [31/May/2012:21:47:19 +0600] "GET /content/view/497/56/ HTTP/1.0" 200 3889 "http://yandex.ru/yandsearch?text=%D0%B0%D1%81%D1%82%D1%80%D0%BE%D0%BD%D0%BE%D0%BC%D0%B8%D1%87%D0%B5%D1%81%D0%BA%D0%B0%D1%8F+%D0%B2%D0%B8%D0%BA%D1%82%D0%BE%D1%80%D0%B8%D0%BD%D0%B0+%D0%B4%D0%BB%D1%8F+%D0%BC%D0%B0%D0%BB%D1%8B%D1%89%D0%B5%D0%B9&lr=42" "Mozilla/5.0 (Windows NT 5.1; rv:9.0.1) Gecko/20100101 Firefox/9.0.1"
66.249.71.59 - - [31/May/2012:21:48:33 +0600] "GET /content/view/253/66/ HTTP/1.0" 200 6484 "-" "Mozilla/5.0 (compatible; Googlebot/2.1; +http://www.google.com/bot.html)"
95.72.133.250 - - [31/May/2012:21:49:17 +0600] "GET /files/filial8/%D0%A0%D0%B0%D0%B7%D0%BD%D0%BE%D1%86%D0%B2%D0%B5%D1%82%D0%BD%D1%8B%D0%B5%20%D1%81%D1%82%D1%80%D0%B0%D0%BD%D0%B8%D1%86%D1%8B%20%D0%B1%D1%83%D0%BA%D0%BB%D0%B5%D1%82.pdf HTTP/1.0" 200 151106 "http://yandex.ru/yandsearch?p=1&text=%D0%B4%D0%B5%D0%B2%D0%B8%D0%B7+%D0%BB%D0%B5%D1%82%D0%BD%D0%B5%D0%B3%D0%BE+%D1%87%D1%82%D0%B5%D0%BD%D0%B8%D1%8F&clid=44289&lr=213" "Mozilla/4.0 (compatible; MSIE 7.0; Windows NT 5.1; Trident/4.0; GTB7.3; .NET CLR 1.1.4322; .NET CLR 2.0.50727; InfoPath.2)"
66.249.66.77 - - [31/May/2012:21:51:03 +0600] "GET /content/view/991/1/ HTTP/1.0" 200 6532 "-" "Mozilla/5.0 (compatible; Googlebot/2.1; +http://www.google.com/bot.html)"
66.249.66.77 - - [31/May/2012:21:51:30 +0600] "GET /content/view/12/160/ HTTP/1.0" 200 7482 "-" "Mozilla/5.0 (compatible; Googlebot/2.1; +http://www.google.com/bot.html)"
66.249.71.59 - - [31/May/2012:21:52:14 +0600] "GET /content/view/16/157/ HTTP/1.0" 200 5905 "-" "Mozilla/5.0 (compatible; Googlebot/2.1; +http://www.google.com/bot.html)"
66.249.71.59 - - [31/May/2012:21:55:32 +0600] "GET /content/view/55/66/ HTTP/1.0" 200 6593 "-" "Mozilla/5.0 (compatible; Googlebot/2.1; +http://www.google.com/bot.html)"
141.101.13.19 - - [31/May/2012:21:58:54 +0600] "GET /content/blogcategory/1/66/ HTTP/1.0" 200 7461 "-" "Mozilla/5.0 (Windows NT 6.1) AppleWebKit/536.5 (KHTML, like Gecko) Chrome/19.0.1084.52 Safari/536.5"
66.249.66.77 - - [31/May/2012:21:59:56 +0600] "GET /content/view/411/66/ HTTP/1.0" 200 6411 "-" "Mozilla/5.0 (compatible; Googlebot/2.1; +http://www.google.com/bot.html)"
66.249.66.77 - - [31/May/2012:22:00:18 +0600] "GET /content/view/342/87/ HTTP/1.0" 200 4324 "-" "Mozilla/5.0 (compatible; Googlebot/2.1; +http://www.google.com/bot.html)"
66.249.66.77 - - [31/May/2012:22:05:26 +0600] "GET /content/view/125/146/ HTTP/1.0" 200 7626 "-" "Mozilla/5.0 (compatible; Googlebot/2.1; +http://www.google.com/bot.html)"
95.105.9.163 - - [31/May/2012:22:06:33 +0600] "GET /content/view/976/1/ HTTP/1.0" 200 7369 "http://yandex.ru/yandsearch?p=6&clid=9582&text=1+%D0%B8%D1%8E%D0%BD%D1%8F+%D1%83%D1%84%D0%B0+%D0%BC%D0%B5%D1%80%D0%BE%D0%BF%D1%80%D0%B8%D1%8F%D1%82%D0%B8%D1%8F&lr=172" "Opera/9.80 (Windows NT 5.1; U; ru) Presto/2.10.229 Version/11.64"
95.105.9.163 - - [31/May/2012:22:07:25 +0600] "GET /component/option,com_frontpage/Itemid,1/ HTTP/1.0" 200 6443 "http://csdb.ufanet.ru/content/view/976/1/" "Opera/9.80 (Windows NT 5.1; U; ru) Presto/2.10.229 Version/11.64"
95.105.9.163 - - [31/May/2012:22:07:25 +0600] "GET /images/cgdb.swf HTTP/1.0" 200 19792297 "http://csdb.ufanet.ru/component/option,com_frontpage/Itemid,1/" "Opera/9.80 (Windows NT 5.1; U; ru) Presto/2.10.229 Version/11.64"
178.125.95.161 - - [31/May/2012:22:09:20 +0600] "GET / HTTP/1.0" 200 6488 "http://vehemently.ru/index.php?crid=21170" "Mozilla/5.0 (Windows; U; Windows NT 5.2; ru; rv:1.9.2.10) Gecko/20100914 Firefox/3.6.10"
46.4.42.104 - - [31/May/2012:22:10:22 +0600] "GET /goroddetstva/7/5/22/22/SemCHydesSveta.ppt HTTP/1.0" 200 992256 "csdb.ufanet.ru/goroddetstva/7/5/22/22/" "Download Master"
46.4.42.104 - - [31/May/2012:22:10:27 +0600] "GET /goroddetstva/7/5/22/22/SemCHydesSveta.ppt HTTP/1.0" 206 208461 "csdb.ufanet.ru/goroddetstva/7/5/22/22/" "Download Master"
66.249.66.77 - - [31/May/2012:22:10:35 +0600] "GET /content/view/649/66/ HTTP/1.0" 200 6111 "-" "Mozilla/5.0 (compatible; Googlebot/2.1; +http://www.google.com/bot.html)"
37.113.135.98 - - [31/May/2012:22:11:21 +0600] "GET /files/ucazatel/Zochenko.pdf HTTP/1.0" 200 2124737 "http://yandex.ru/yandsearch?text=%D0%9C.+%D0%93%D0%BE%D1%80%D0%B5%D0%BB%D0%B8%D0%BA+%D0%BA%D0%B0%D0%BA+%D0%BF%D0%B8%D1%88%D0%B5%D1%82+%D0%BE+%D0%B4%D0%B5%D1%82%D1%81%D0%BA%D0%BE%D0%B9+%D0%BB%D0%B8%D1%82%D0%B5%D1%80%D0%B0%D1%82%D1%83%D1%80%D0%B5&clid=46512&lr=56" "Mozilla/5.0 (Windows; U; Windows NT 6.1; ru; rv:1.9.2.28) Gecko/20120306 Firefox/3.6.28"
37.113.135.98 - - [31/May/2012:22:11:21 +0600] "GET /files/ucazatel/Zochenko.pdf HTTP/1.0" 206 192775 "-" "Mozilla/5.0 (Windows; U; Windows NT 6.1; ru; rv:1.9.2.28) Gecko/20120306 Firefox/3.6.28"
37.113.135.98 - - [31/May/2012:22:11:21 +0600] "GET /files/ucazatel/Zochenko.pdf HTTP/1.0" 206 2702 "-" "Mozilla/5.0 (Windows; U; Windows NT 6.1; ru; rv:1.9.2.28) Gecko/20120306 Firefox/3.6.28"
37.113.135.98 - - [31/May/2012:22:11:21 +0600] "GET /files/ucazatel/Zochenko.pdf HTTP/1.0" 206 2238 "-" "Mozilla/5.0 (Windows; U; Windows NT 6.1; ru; rv:1.9.2.28) Gecko/20120306 Firefox/3.6.28"
37.113.135.98 - - [31/May/2012:22:11:21 +0600] "GET /files/ucazatel/Zochenko.pdf HTTP/1.0" 206 1934 "-" "Mozilla/5.0 (Windows; U; Windows NT 6.1; ru; rv:1.9.2.28) Gecko/20120306 Firefox/3.6.28"
37.113.135.98 - - [31/May/2012:22:11:22 +0600] "GET /files/ucazatel/Zochenko.pdf HTTP/1.0" 206 315883 "-" "Mozilla/5.0 (Windows; U; Windows NT 6.1; ru; rv:1.9.2.28) Gecko/20120306 Firefox/3.6.28"
37.113.135.98 - - [31/May/2012:22:11:23 +0600] "GET /files/ucazatel/Zochenko.pdf HTTP/1.0" 206 176756 "-" "Mozilla/5.0 (Windows; U; Windows NT 6.1; ru; rv:1.9.2.28) Gecko/20120306 Firefox/3.6.28"
37.113.135.98 - - [31/May/2012:22:11:23 +0600] "GET /files/ucazatel/Zochenko.pdf HTTP/1.0" 206 91910 "-" "Mozilla/5.0 (Windows; U; Windows NT 6.1; ru; rv:1.9.2.28) Gecko/20120306 Firefox/3.6.28"
37.113.135.98 - - [31/May/2012:22:11:24 +0600] "GET /files/ucazatel/Zochenko.pdf HTTP/1.0" 206 212643 "-" "Mozilla/5.0 (Windows; U; Windows NT 6.1; ru; rv:1.9.2.28) Gecko/20120306 Firefox/3.6.28"
37.113.135.98 - - [31/May/2012:22:11:24 +0600] "GET /files/ucazatel/Zochenko.pdf HTTP/1.0" 206 69891 "-" "Mozilla/5.0 (Windows; U; Windows NT 6.1; ru; rv:1.9.2.28) Gecko/20120306 Firefox/3.6.28"
37.113.135.98 - - [31/May/2012:22:11:25 +0600] "GET /files/ucazatel/Zochenko.pdf HTTP/1.0" 206 151323 "-" "Mozilla/5.0 (Windows; U; Windows NT 6.1; ru; rv:1.9.2.28) Gecko/20120306 Firefox/3.6.28"
37.113.135.98 - - [31/May/2012:22:11:25 +0600] "GET /files/ucazatel/Zochenko.pdf HTTP/1.0" 206 797984 "-" "Mozilla/5.0 (Windows; U; Windows NT 6.1; ru; rv:1.9.2.28) Gecko/20120306 Firefox/3.6.28"
37.113.135.98 - - [31/May/2012:22:11:26 +0600] "GET /files/ucazatel/Zochenko.pdf HTTP/1.0" 206 64368 "-" "Mozilla/5.0 (Windows; U; Windows NT 6.1; ru; rv:1.9.2.28) Gecko/20120306 Firefox/3.6.28"
66.249.66.77 - - [31/May/2012:22:12:57 +0600] "GET /index.php?option=com_joomap&view=google HTTP/1.0" 200 66920 "-" "Mozilla/5.0 (compatible; Googlebot/2.1; +http://www.google.com/bot.html)"
37.113.135.98 - - [31/May/2012:22:13:18 +0600] "GET /files/ucazatel/Zochenko.pdf HTTP/1.0" 206 2026433 "http://yandex.ru/yandsearch?text=%D0%9C.+%D0%93%D0%BE%D1%80%D0%B5%D0%BB%D0%B8%D0%BA+%D0%BA%D0%B0%D0%BA+%D0%BF%D0%B8%D1%88%D0%B5%D1%82+%D0%BE+%D0%B4%D0%B5%D1%82%D1%81%D0%BA%D0%BE%D0%B9+%D0%BB%D0%B8%D1%82%D0%B5%D1%80%D0%B0%D1%82%D1%83%D1%80%D0%B5&clid=46512&lr=56" "Mozilla/5.0 (Windows; U; Windows NT 6.1; ru; rv:1.9.2.28) Gecko/20120306 Firefox/3.6.28"
136.169.231.72 - - [31/May/2012:22:13:52 +0600] "GET /content/view/976/1/ HTTP/1.0" 200 7453 "http://yandex.ru/yandsearch?text=%D0%BC%D0%B5%D1%80%D0%BE%D0%BF%D1%80%D0%B8%D1%8F%D1%82%D0%B8%D1%8F+%D0%B4%D0%B5%D0%BD%D1%8C+%D0%B7%D0%B0%D1%89%D0%B8%D1%82%D1%8B+%D0%B4%D0%B5%D1%82%D0%B5%D0%B9+%D1%83%D1%84%D0%B0+2012&lr=172" "Mozilla/5.0 (Windows NT 6.1; WOW64; rv:12.0) Gecko/20100101 Firefox/12.0"
95.108.129.207 - - [31/May/2012:22:14:24 +0600] "GET / HTTP/1.0" 200 24238 "-" "Mozilla/5.0 (compatible; YandexMetrika/2.0; +http://yandex.com/bots)"
94.41.18.79 - - [31/May/2012:22:15:04 +0600] "GET /files/ucazatel/salavat.pdf HTTP/1.0" 200 264049 "http://www.bing.com/search?q=%D0%9C.%D0%93.%D0%A0%D0%B0%D1%85%D0%B8%D0%BC%D0%BA%D1%83%D0%BB%D0%BE%D0%B2%20%22%D0%9F%D0%B8%D1%81%D0%B0%D1%82%D0%B5%D0%BB%D0%B8%20%D0%BE%20%D0%B2%D0%BE%D0%B9%D0%BD%D0%B5%22" "Opera/9.80 (Windows NT 5.1; U; ru) Presto/2.10.229 Version/11.64"
109.187.196.163 - - [31/May/2012:22:16:21 +0600] "GET /content/view/772/66 HTTP/1.0" 200 6518 "http://yandex.ru/yandsearch?text=%D0%BC%D0%B0%D0%BC%D0%B1%D0%B5%D1%82%D0%BE%D0%B2+%D0%B0%D0%B4%D0%BC%D0%B8%D0%BD%D0%B8%D1%81%D1%82%D1%80%D0%B0%D1%86%D0%B8%D1%8F+%D1%83%D1%84%D1%8B+&lr=172" "Mozilla/5.0 (Windows NT 5.1) AppleWebKit/536.5 (KHTML, like Gecko) Chrome/19.0.1084.52 Safari/536.5"
123.125.71.98 - - [31/May/2012:22:16:55 +0600] "HEAD /files/scen_prazd/dorogavkosmos.pdf HTTP/1.0" 200 - "-" "Baiduspider+(+http://www.baidu.com/search/spider.htm)"
66.249.71.59 - - [31/May/2012:22:17:54 +0600] "GET /content/view/977/66/ HTTP/1.0" 200 5973 "-" "Mozilla/5.0 (compatible; Googlebot/2.1; +http://www.google.com/bot.html)"
66.249.66.77 - - [31/May/2012:22:23:48 +0600] "GET /content/view/992/1/ HTTP/1.0" 200 6354 "-" "Mozilla/5.0 (compatible; Googlebot/2.1; +http://www.google.com/bot.html)"
66.249.66.77 - - [31/May/2012:22:27:47 +0600] "GET /content/view/856/243/ HTTP/1.0" 200 12030 "-" "Mozilla/5.0 (compatible; Googlebot/2.1; +http://www.google.com/bot.html)"
66.249.66.77 - - [31/May/2012:22:30:20 +0600] "GET /content/view/981/66/ HTTP/1.0" 200 5960 "-" "Mozilla/5.0 (compatible; Googlebot/2.1; +http://www.google.com/bot.html)"
66.249.66.77 - - [31/May/2012:22:31:24 +0600] "GET /content/view/980/66/ HTTP/1.0" 200 5766 "-" "Mozilla/5.0 (compatible; Googlebot/2.1; +http://www.google.com/bot.html)"
94.41.64.184 - - [31/May/2012:22:31:57 +0600] "GET /content/view/989/1/ HTTP/1.0" 200 5976 "http://www.google.ru/url?sa=t&rct=j&q=&source=web&cd=1&ved=0CKUCEBYwAA&url=http%3A%2F%2Fcsdb.ufanet.ru%2Fcontent%2Fview%2F989%2F1%2F&ei=u5zHT4GeLYT14QTLmZnBDg&usg=AFQjCNF6GKN8wZtLeqJMYIpx0RuGSy9jCQ&cad=rjt" "Mozilla/5.0 (compatible; MSIE 9.0; Windows NT 6.1; WOW64; Trident/5.0; MAAU)"
66.249.66.77 - - [31/May/2012:22:32:06 +0600] "GET /content/view/298/66/ HTTP/1.0" 200 6150 "-" "Mozilla/5.0 (compatible; Googlebot/2.1; +http://www.google.com/bot.html)"
178.154.163.30 - - [31/May/2012:22:34:06 +0600] "GET /component/option,com_joomap/Itemid,64/ HTTP/1.0" 200 19480 "-" "Mozilla/5.0 (compatible; YandexDirect/3.0; +http://yandex.com/bots)"
66.249.66.77 - - [31/May/2012:22:34:14 +0600] "GET /content/view/554/66/ HTTP/1.0" 200 6314 "-" "Mozilla/5.0 (compatible; Googlebot/2.1; +http://www.google.com/bot.html)"
66.249.66.77 - - [31/May/2012:22:38:45 +0600] "GET /content/view/947/1/ HTTP/1.0" 200 6210 "-" "Mozilla/5.0 (compatible; Googlebot/2.1; +http://www.google.com/bot.html)"
66.249.66.77 - - [31/May/2012:22:39:52 +0600] "GET /content/view/946/1/ HTTP/1.0" 200 6294 "-" "Mozilla/5.0 (compatible; Googlebot/2.1; +http://www.google.com/bot.html)"
81.30.199.126 - - [31/May/2012:22:42:30 +0600] "GET /content/view/976/1/ HTTP/1.0" 200 7432 "http://nova.rambler.ru/search?utf8=1&umon=icq74def&words=%D0%BC%D0%B5%D1%80%D0%BE%D0%BF%D1%80%D0%B8%D1%8F%D1%82%D0%B8%D1%8F+%D0%B2+%D0%B4%D0%B5%D0%BD%D1%8C+%D0%B7%D0%B0%D1%89%D0%B8%D1%82%D1%8B+%D0%B4%D0%B5%D1%82%D0%B5%D0%B9" "Mozilla/5.0 (Windows NT 6.1; WOW64) AppleWebKit/536.5 (KHTML, like Gecko) Chrome/19.0.1084.52 Safari/536.5"
66.249.66.77 - - [31/May/2012:22:43:17 +0600] "GET /content/view/575/183/1/2/ HTTP/1.0" 200 6555 "-" "Mozilla/5.0 (compatible; Googlebot/2.1; +http://www.google.com/bot.html)"
81.30.199.126 - - [31/May/2012:22:43:23 +0600] "GET /content/view/989/1/ HTTP/1.0" 200 5999 "http://csdb.ufanet.ru/content/view/976/1/" "Mozilla/5.0 (Windows NT 6.1; WOW64) AppleWebKit/536.5 (KHTML, like Gecko) Chrome/19.0.1084.52 Safari/536.5"
81.30.199.126 - - [31/May/2012:22:43:32 +0600] "GET /content/view/976/1/ HTTP/1.0" 200 7455 "http://nova.rambler.ru/search?utf8=1&umon=icq74def&words=%D0%BC%D0%B5%D1%80%D0%BE%D0%BF%D1%80%D0%B8%D1%8F%D1%82%D0%B8%D1%8F+%D0%B2+%D0%B4%D0%B5%D0%BD%D1%8C+%D0%B7%D0%B0%D1%89%D0%B8%D1%82%D1%8B+%D0%B4%D0%B5%D1%82%D0%B5%D0%B9" "Mozilla/5.0 (Windows NT 6.1; WOW64) AppleWebKit/536.5 (KHTML, like Gecko) Chrome/19.0.1084.52 Safari/536.5"
66.249.66.77 - - [31/May/2012:22:47:11 +0600] "GET /content/view/428/216/ HTTP/1.0" 200 3990 "-" "Mozilla/5.0 (compatible; Googlebot/2.1; +http://www.google.com/bot.html)"
66.249.66.77 - - [31/May/2012:22:49:41 +0600] "GET /content/view/223/90/ HTTP/1.0" 200 5357 "-" "Mozilla/5.0 (compatible; Googlebot/2.1; +http://www.google.com/bot.html)"
68.233.226.103 - - [31/May/2012:22:50:52 +0600] "GET /content/view/783/content/view/793/1/ HTTP/1.0" 200 13558 "-" "Mozilla/5.0 (Windows NT 5.1) AppleWebKit/535.2 (KHTML, like Gecko) Chrome/15.0.872.0 Safari/535.2"
178.154.163.30 - - [31/May/2012:22:50:56 +0600] "GET /content/view/14/47/ HTTP/1.0" 200 6389 "-" "Mozilla/5.0 (compatible; YandexBot/3.0; +http://yandex.com/bots)"
66.249.66.77 - - [31/May/2012:22:50:57 +0600] "GET /content/view/294/ HTTP/1.0" 200 5364 "-" "Mozilla/5.0 (compatible; Googlebot/2.1; +http://www.google.com/bot.html)"
66.249.66.77 - - [31/May/2012:22:51:12 +0600] "GET /content/view/389/183/1/1/ HTTP/1.0" 200 6515 "-" "Mozilla/5.0 (compatible; Googlebot/2.1; +http://www.google.com/bot.html)"
66.249.66.77 - - [31/May/2012:22:51:28 +0600] "GET /content/view/434/210/ HTTP/1.0" 200 6008 "-" "Mozilla/5.0 (compatible; Googlebot/2.1; +http://www.google.com/bot.html)"
66.249.66.77 - - [31/May/2012:22:56:40 +0600] "GET /content/view/229/66/ HTTP/1.0" 200 6174 "-" "Mozilla/5.0 (compatible; Googlebot/2.1; +http://www.google.com/bot.html)"
66.249.66.77 - - [31/May/2012:22:58:12 +0600] "GET /content/view/139/66/ HTTP/1.0" 200 6137 "-" "Mozilla/5.0 (compatible; Googlebot/2.1; +http://www.google.com/bot.html)"
66.249.66.77 - - [31/May/2012:22:59:51 +0600] "GET /content/view/704/ HTTP/1.0" 200 4078 "-" "Mozilla/5.0 (compatible; Googlebot/2.1; +http://www.google.com/bot.html)"
66.249.72.137 - - [31/May/2012:23:06:48 +0600] "GET /content/view/994/1/ HTTP/1.0" 200 6371 "-" "Mozilla/5.0 (compatible; Googlebot/2.1; +http://www.google.com/bot.html)"
193.34.160.8 - - [31/May/2012:23:06:48 +0600] "GET /content/view/204/47/ HTTP/1.0" 200 10213 "-" "Opera/9.80 (Windows NT 6.1; U; ru) Presto/2.10.229 Version/11.64"
66.249.66.77 - - [31/May/2012:23:08:04 +0600] "GET /content/view/403/123/ HTTP/1.0" 200 5163 "-" "Mozilla/5.0 (compatible; Googlebot/2.1; +http://www.google.com/bot.html)"
213.180.206.197 - - [31/May/2012:23:14:57 +0600] "GET / HTTP/1.0" 200 24203 "-" "Mozilla/5.0 (compatible; YandexMetrika/2.0; +http://yandex.com/bots)"
82.145.208.195 - - [31/May/2012:23:15:42 +0600] "GET /content/view/128/47 HTTP/1.0" 200 37334 "http://yandex.ru/yandsearch?text=%D0%BA%D0%BE%D0%BD%D1%81%D1%83%D0%BB%D1%8C%D1%82%D0%B0%D1%86%D0%B8%D1%8F+%D0%B2+%D0%B1%D0%B8%D0%B1%D0%BB%D0%B8%D0%BE%D1%82%D0%B5%D0%BA%D0%B5+%D0%BA%D0%B0%D0%BA+%D0%B2%D1%8B%D0%B1%D1%80%D0%B0%D1%82%D1%8C+%D0%BA%D0%BD%D0%B8%D0%B3%D1%83&clid=9403&lr=213" "Opera/9.80 (Windows NT 6.1; U; Edition Yx; ru) Presto/2.10.229 Version/11.64"
178.154.163.30 - - [31/May/2012:23:20:05 +0600] "GET /content/view/204/47/ HTTP/1.0" 200 10253 "-" "Mozilla/5.0 (compatible; YandexBot/3.0; +http://yandex.com/bots)"
66.249.66.77 - - [31/May/2012:23:20:15 +0600] "GET /content/view/205/90/ HTTP/1.0" 200 4760 "-" "Mozilla/5.0 (compatible; Googlebot/2.1; +http://www.google.com/bot.html)"
83.149.3.227 - - [31/May/2012:23:22:40 +0600] "GET /content/view/258/66/ HTTP/1.0" 200 8112 "http://go.mail.ru/search?q=%D0%B8%D0%BD%D0%BD%D0%BE%D0%B2%D0%B0%D1%86%D0%B8%D0%B8+%D0%B2+%D0%B4%D0%B5%D1%82%D1%81%D0%BA%D0%BE%D0%B9+%D0%B1%D0%B8%D0%B1%D0%BB%D0%B8%D0%BE%D1%82%D0%B5%D0%BA%D0%B5&us=19&usln=2" "Mozilla/5.0 (Windows NT 5.1) AppleWebKit/536.5 (KHTML, like Gecko) Chrome/19.0.1084.52 Safari/536.5"
83.149.3.227 - - [31/May/2012:23:23:11 +0600] "GET /content/blogcategory/1/66/ HTTP/1.0" 200 7457 "http://csdb.ufanet.ru/content/view/258/66/" "Mozilla/5.0 (Windows NT 5.1) AppleWebKit/536.5 (KHTML, like Gecko) Chrome/19.0.1084.52 Safari/536.5"
66.249.66.77 - - [31/May/2012:23:28:20 +0600] "GET /index2.php?option=com_content&task=view&id=428&pop=1&page=0&Itemid=216 HTTP/1.0" 200 1506 "-" "Mozilla/5.0 (compatible; Googlebot/2.1; +http://www.google.com/bot.html)"
66.249.66.77 - - [31/May/2012:23:29:23 +0600] "GET /content/view/411/90/ HTTP/1.0" 200 4912 "-" "Mozilla/5.0 (compatible; Googlebot/2.1; +http://www.google.com/bot.html)"
178.154.163.30 - - [31/May/2012:23:29:25 +0600] "GET /content/view/128/47 HTTP/1.0" 200 12579 "-" "Mozilla/5.0 (compatible; YandexBot/3.0; +http://yandex.com/bots)"
66.249.66.77 - - [31/May/2012:23:30:15 +0600] "GET /cgi-bin/zgate?form+19855+test.xml+extended.xsl+rus HTTP/1.0" 200 11523 "-" "Mozilla/5.0 (compatible; Googlebot/2.1; +http://www.google.com/bot.html)"
