66.249.66.77 - - [30/May/2012:13:51:56 +0600] "GET /content/view/574/5/ HTTP/1.0" 200 5870 "-" "Mozilla/5.0 (compatible; Googlebot/2.1; +http://www.google.com/bot.html)"
178.154.163.30 - - [30/May/2012:13:52:56 +0600] "GET /content/view/337/47 HTTP/1.0" 200 6987 "-" "Mozilla/5.0 (compatible; YandexBot/3.0; +http://yandex.com/bots)"
178.154.163.30 - - [30/May/2012:13:54:13 +0600] "GET /content/view/654/210/ HTTP/1.0" 200 4271 "-" "Mozilla/5.0 (compatible; YandexBot/3.0; +http://yandex.com/bots)"
178.154.163.30 - - [30/May/2012:13:55:48 +0600] "GET /content/view/794/52/ HTTP/1.0" 200 5728 "-" "Mozilla/5.0 (compatible; YandexBot/3.0; +http://yandex.com/bots)"
66.249.66.77 - - [30/May/2012:13:56:32 +0600] "GET /content/view/258/66/ HTTP/1.0" 200 8113 "-" "Mozilla/5.0 (compatible; Googlebot/2.1; +http://www.google.com/bot.html)"
95.108.129.207 - - [30/May/2012:13:58:07 +0600] "GET / HTTP/1.0" 200 24203 "-" "Mozilla/5.0 (compatible; YandexMetrika/2.0; +http://yandex.com/bots)"
66.249.66.77 - - [30/May/2012:13:59:43 +0600] "GET /content/view/240/67/ HTTP/1.0" 200 3765 "-" "Mozilla/5.0 (compatible; Googlebot/2.1; +http://www.google.com/bot.html)"
178.154.163.30 - - [30/May/2012:14:00:38 +0600] "GET /content/view/551/66/ HTTP/1.0" 200 5966 "-" "Mozilla/5.0 (compatible; YandexBot/3.0; +http://yandex.com/bots)"
66.249.71.59 - - [30/May/2012:14:01:50 +0600] "GET /content/view/258/5/ HTTP/1.0" 200 8094 "-" "Mozilla/5.0 (compatible; Googlebot/2.1; +http://www.google.com/bot.html)"
178.154.163.30 - - [30/May/2012:14:02:26 +0600] "GET /content/category/8/23/55/ HTTP/1.0" 200 5359 "-" "Mozilla/5.0 (compatible; YandexBot/3.0; +http://yandex.com/bots)"
94.41.150.232 - - [30/May/2012:14:02:35 +0600] "GET / HTTP/1.0" 200 6460 "-" "Mozilla/5.0 (Windows NT 6.1; rv:12.0) Gecko/20100101 Firefox/12.0"
178.154.163.30 - - [30/May/2012:14:04:01 +0600] "GET /content/view/233/66/ HTTP/1.0" 200 6035 "-" "Mozilla/5.0 (compatible; YandexBot/3.0; +http://yandex.com/bots)"
193.169.4.33 - - [30/May/2012:14:05:43 +0600] "GET /content/view/128/47 HTTP/1.0" 200 12578 "http://yandex.ru/yandsearch?text=%D0%BC%D1%83%D0%B7%D0%B5%D0%B9+%D0%B2+%D0%B1%D0%B8%D0%B1%D0%BB%D0%B8%D0%BE%D1%82%D0%B5%D0%BA%D0%B5&clid=37000&lr=213" "Mozilla/5.0 (Windows NT 6.1; WOW64; rv:9.0.1) Gecko/20100101 Firefox/9.0.1"
178.154.163.30 - - [30/May/2012:14:06:20 +0600] "GET /content/category/8/25/55/ HTTP/1.0" 200 5366 "-" "Mozilla/5.0 (compatible; YandexBot/3.0; +http://yandex.com/bots)"
217.69.134.91 - - [30/May/2012:14:08:01 +0600] "GET /content/view/664/56/ HTTP/1.0" 200 9427 "-" "Mozilla/5.0 (compatible; Mail.RU/2.0)"
178.154.163.30 - - [30/May/2012:14:08:25 +0600] "GET /content/view/926/222/ HTTP/1.0" 200 5456 "-" "Mozilla/5.0 (compatible; YandexBot/3.0; +http://yandex.com/bots)"
94.41.150.232 - - [30/May/2012:14:09:03 +0600] "GET / HTTP/1.0" 200 6465 "-" "Mozilla/5.0 (Windows NT 6.1; WOW64) AppleWebKit/536.5 (KHTML, like Gecko) Chrome/19.0.1084.52 Safari/536.5"
178.154.163.30 - - [30/May/2012:14:09:44 +0600] "GET /content/view/53/47 HTTP/1.0" 200 7420 "-" "Mozilla/5.0 (compatible; YandexDirect/3.0; +http://yandex.com/bots)"
94.41.150.232 - - [30/May/2012:14:10:45 +0600] "GET /administrator/ HTTP/1.0" 200 1314 "-" "Mozilla/5.0 (Windows NT 6.1; WOW64; rv:12.0) Gecko/20100101 Firefox/12.0"
94.41.150.232 - - [30/May/2012:14:10:51 +0600] "POST /administrator/index.php HTTP/1.0" 200 54 "http://csdb.ufanet.ru/administrator/" "Mozilla/5.0 (Windows NT 6.1; WOW64; rv:12.0) Gecko/20100101 Firefox/12.0"
94.41.150.232 - - [30/May/2012:14:10:52 +0600] "GET /administrator/index2.php HTTP/1.0" 200 6543 "http://csdb.ufanet.ru/administrator/index.php" "Mozilla/5.0 (Windows NT 6.1; WOW64; rv:12.0) Gecko/20100101 Firefox/12.0"
94.41.150.232 - - [30/May/2012:14:10:56 +0600] "GET /administrator/index2.php?option=com_content&sectionid=1 HTTP/1.0" 200 9116 "http://csdb.ufanet.ru/administrator/index2.php" "Mozilla/5.0 (Windows NT 6.1; WOW64; rv:12.0) Gecko/20100101 Firefox/12.0"
178.154.163.30 - - [30/May/2012:14:10:56 +0600] "GET / HTTP/1.0" 200 6462 "-" "Mozilla/5.0 (compatible; YandexDirect/3.0; +http://yandex.com/bots)"
94.41.150.232 - - [30/May/2012:14:11:00 +0600] "POST /administrator/index2.php?option=com_content HTTP/1.0" 200 9139 "http://csdb.ufanet.ru/administrator/index2.php?option=com_content&sectionid=1" "Mozilla/5.0 (Windows NT 6.1; WOW64; rv:12.0) Gecko/20100101 Firefox/12.0"
94.41.150.232 - - [30/May/2012:14:11:02 +0600] "GET /administrator/index2.php?option=com_content&sectionid=1&task=edit&hidemainmenu=1&id=996 HTTP/1.0" 200 58598 "http://csdb.ufanet.ru/administrator/index2.php?option=com_content" "Mozilla/5.0 (Windows NT 6.1; WOW64; rv:12.0) Gecko/20100101 Firefox/12.0"
66.249.71.59 - - [30/May/2012:14:11:23 +0600] "GET /content/view/641/5/ HTTP/1.0" 200 5905 "-" "Mozilla/5.0 (compatible; Googlebot/2.1; +http://www.google.com/bot.html)"
217.69.134.91 - - [30/May/2012:14:11:40 +0600] "GET /content/view/818/56/ HTTP/1.0" 200 9417 "-" "Mozilla/5.0 (compatible; Mail.RU/2.0)"
178.154.163.30 - - [30/May/2012:14:12:19 +0600] "GET /content/view/811/105/ HTTP/1.0" 200 5638 "-" "Mozilla/5.0 (compatible; YandexBot/3.0; +http://yandex.com/bots)"
94.41.150.232 - - [30/May/2012:14:12:23 +0600] "POST /administrator/index2.php HTTP/1.0" 301 - "http://csdb.ufanet.ru/administrator/index2.php?option=com_content&sectionid=1&task=edit&hidemainmenu=1&id=996" "Mozilla/5.0 (Windows NT 6.1; WOW64; rv:12.0) Gecko/20100101 Firefox/12.0"
94.41.150.232 - - [30/May/2012:14:12:23 +0600] "GET /administrator/index2.php?option=com_content&sectionid=1&mosmsg=%D3%F1%EF%E5%F8%ED%EE+%F1%EE%F5%F0%E0%ED%E5%ED%EE%3A+%CB%F3%F7%F8%E8%E9+%E1%E8%E1%EB%E8%EE%F2%E5%EA%E0%F0%FC+%F1%F2%EE%EB%E8%F6%FB+-+2012 HTTP/1.0" 200 9201 "http://csdb.ufanet.ru/administrator/index2.php?option=com_content&sectionid=1&task=edit&hidemainmenu=1&id=996" "Mozilla/5.0 (Windows NT 6.1; WOW64; rv:12.0) Gecko/20100101 Firefox/12.0"
66.249.66.77 - - [30/May/2012:14:12:27 +0600] "GET /content/view/743/67/ HTTP/1.0" 200 3905 "-" "Mozilla/5.0 (compatible; Googlebot/2.1; +http://www.google.com/bot.html)"
178.127.201.22 - - [30/May/2012:14:12:54 +0600] "GET / HTTP/1.0" 200 24198 "-" "Mozilla/4.0 (compatible; MSIE 5.00; Windows 98)"
178.127.201.22 - - [30/May/2012:14:13:26 +0600] "GET /content/view/128/47 HTTP/1.0" 200 12538 "http://yandex.by/yandsearch?text=%D0%B1%D0%B8%D0%B1%D0%BB%D0%B8%D0%BE%D1%82%D0%B5%D0%BA%D0%B0-%D0%BC%D1%83%D0%B7%D0%B5%D0%B9&clid=9403&tld=by&lr=102206" "Opera/9.80 (Windows NT 5.1; U; ru) Presto/2.9.168 Version/11.50"
94.41.150.232 - - [30/May/2012:14:13:46 +0600] "GET /administrator/index2.php?option=com_content&sectionid=1&task=edit&hidemainmenu=1&id=996 HTTP/1.0" 200 59369 "http://csdb.ufanet.ru/administrator/index2.php?option=com_content&sectionid=1&mosmsg=%D3%F1%EF%E5%F8%ED%EE+%F1%EE%F5%F0%E0%ED%E5%ED%EE%3A+%CB%F3%F7%F8%E8%E9+%E1%E8%E1%EB%E8%EE%F2%E5%EA%E0%F0%FC+%F1%F2%EE%EB%E8%F6%FB+-+2012" "Mozilla/5.0 (Windows NT 6.1; WOW64; rv:12.0) Gecko/20100101 Firefox/12.0"
178.154.163.30 - - [30/May/2012:14:14:10 +0600] "GET /content/section/8/55/ HTTP/1.0" 200 5279 "-" "Mozilla/5.0 (compatible; YandexBot/3.0; +http://yandex.com/bots)"
94.41.150.232 - - [30/May/2012:14:14:18 +0600] "POST /administrator/index2.php HTTP/1.0" 301 - "http://csdb.ufanet.ru/administrator/index2.php?option=com_content&sectionid=1&task=edit&hidemainmenu=1&id=996" "Mozilla/5.0 (Windows NT 6.1; WOW64; rv:12.0) Gecko/20100101 Firefox/12.0"
94.41.150.232 - - [30/May/2012:14:14:18 +0600] "GET /administrator/index2.php?option=com_content&sectionid=1&mosmsg=%D3%F1%EF%E5%F8%ED%EE+%F1%EE%F5%F0%E0%ED%E5%ED%EE%3A+%CB%F3%F7%F8%E8%E9+%E1%E8%E1%EB%E8%EE%F2%E5%EA%E0%F0%FC+%F1%F2%EE%EB%E8%F6%FB+-+2012 HTTP/1.0" 200 9201 "http://csdb.ufanet.ru/administrator/index2.php?option=com_content&sectionid=1&task=edit&hidemainmenu=1&id=996" "Mozilla/5.0 (Windows NT 6.1; WOW64; rv:12.0) Gecko/20100101 Firefox/12.0"
94.41.150.232 - - [30/May/2012:14:14:22 +0600] "GET / HTTP/1.0" 200 6490 "-" "Mozilla/5.0 (Windows NT 6.1; WOW64) AppleWebKit/536.5 (KHTML, like Gecko) Chrome/19.0.1084.52 Safari/536.5"
94.41.150.232 - - [30/May/2012:14:14:25 +0600] "GET /content/blogcategory/1/66/ HTTP/1.0" 200 7560 "http://csdb.ufanet.ru/" "Mozilla/5.0 (Windows NT 6.1; WOW64) AppleWebKit/536.5 (KHTML, like Gecko) Chrome/19.0.1084.52 Safari/536.5"
94.41.150.232 - - [30/May/2012:14:14:26 +0600] "GET /content/blogcategory/1/66/ HTTP/1.0" 200 7564 "http://csdb.ufanet.ru/" "Mozilla/5.0 (Windows NT 6.1; WOW64) AppleWebKit/536.5 (KHTML, like Gecko) Chrome/19.0.1084.52 Safari/536.5"
94.41.150.232 - - [30/May/2012:14:14:37 +0600] "POST /administrator/index2.php?option=com_content HTTP/1.0" 301 - "http://csdb.ufanet.ru/administrator/index2.php?option=com_content&sectionid=1&mosmsg=%D3%F1%EF%E5%F8%ED%EE+%F1%EE%F5%F0%E0%ED%E5%ED%EE%3A+%CB%F3%F7%F8%E8%E9+%E1%E8%E1%EB%E8%EE%F2%E5%EA%E0%F0%FC+%F1%F2%EE%EB%E8%F6%FB+-+2012" "Mozilla/5.0 (Windows NT 6.1; WOW64; rv:12.0) Gecko/20100101 Firefox/12.0"
94.41.150.232 - - [30/May/2012:14:14:37 +0600] "GET /administrator/index2.php?option=com_content&sectionid=1&mosmsg=1%20%CE%E1%FA%E5%EA%F2(%FB)%20%F3%F1%EF%E5%F8%ED%EE%20%EE%EF%F3%E1%EB%E8%EA%EE%E2%E0%ED(%FB) HTTP/1.0" 200 9191 "http://csdb.ufanet.ru/administrator/index2.php?option=com_content&sectionid=1&mosmsg=%D3%F1%EF%E5%F8%ED%EE+%F1%EE%F5%F0%E0%ED%E5%ED%EE%3A+%CB%F3%F7%F8%E8%E9+%E1%E8%E1%EB%E8%EE%F2%E5%EA%E0%F0%FC+%F1%F2%EE%EB%E8%F6%FB+-+2012" "Mozilla/5.0 (Windows NT 6.1; WOW64; rv:12.0) Gecko/20100101 Firefox/12.0"
94.41.150.232 - - [30/May/2012:14:14:39 +0600] "GET /content/blogcategory/1/66/ HTTP/1.0" 200 7562 "http://csdb.ufanet.ru/" "Mozilla/5.0 (Windows NT 6.1; WOW64) AppleWebKit/536.5 (KHTML, like Gecko) Chrome/19.0.1084.52 Safari/536.5"
94.41.150.232 - - [30/May/2012:14:14:44 +0600] "GET /administrator/index2.php?option=com_content&sectionid=1&task=edit&hidemainmenu=1&id=996 HTTP/1.0" 200 59455 "http://csdb.ufanet.ru/administrator/index2.php?option=com_content&sectionid=1&mosmsg=1%20%CE%E1%FA%E5%EA%F2(%FB)%20%F3%F1%EF%E5%F8%ED%EE%20%EE%EF%F3%E1%EB%E8%EA%EE%E2%E0%ED(%FB)" "Mozilla/5.0 (Windows NT 6.1; WOW64; rv:12.0) Gecko/20100101 Firefox/12.0"
94.41.150.232 - - [30/May/2012:14:14:50 +0600] "POST /administrator/index2.php HTTP/1.0" 301 - "http://csdb.ufanet.ru/administrator/index2.php?option=com_content&sectionid=1&task=edit&hidemainmenu=1&id=996" "Mozilla/5.0 (Windows NT 6.1; WOW64; rv:12.0) Gecko/20100101 Firefox/12.0"
94.41.150.232 - - [30/May/2012:14:14:50 +0600] "GET /administrator/index2.php?option=com_content&sectionid=1&mosmsg=%D3%F1%EF%E5%F8%ED%EE+%F1%EE%F5%F0%E0%ED%E5%ED%EE%3A+%CB%F3%F7%F8%E8%E9+%E1%E8%E1%EB%E8%EE%F2%E5%EA%E0%F0%FC+%F1%F2%EE%EB%E8%F6%FB+-+2012 HTTP/1.0" 200 9190 "http://csdb.ufanet.ru/administrator/index2.php?option=com_content&sectionid=1&task=edit&hidemainmenu=1&id=996" "Mozilla/5.0 (Windows NT 6.1; WOW64; rv:12.0) Gecko/20100101 Firefox/12.0"
94.41.150.232 - - [30/May/2012:14:14:51 +0600] "GET /administrator/index2.php?option=com_content&sectionid=1&task=edit&hidemainmenu=1&id=996 HTTP/1.0" 200 59452 "http://csdb.ufanet.ru/administrator/index2.php?option=com_content&sectionid=1&mosmsg=%D3%F1%EF%E5%F8%ED%EE+%F1%EE%F5%F0%E0%ED%E5%ED%EE%3A+%CB%F3%F7%F8%E8%E9+%E1%E8%E1%EB%E8%EE%F2%E5%EA%E0%F0%FC+%F1%F2%EE%EB%E8%F6%FB+-+2012" "Mozilla/5.0 (Windows NT 6.1; WOW64; rv:12.0) Gecko/20100101 Firefox/12.0"
94.41.150.232 - - [30/May/2012:14:15:03 +0600] "POST /administrator/index2.php HTTP/1.0" 301 - "http://csdb.ufanet.ru/administrator/index2.php?option=com_content&sectionid=1&task=edit&hidemainmenu=1&id=996" "Mozilla/5.0 (Windows NT 6.1; WOW64; rv:12.0) Gecko/20100101 Firefox/12.0"
94.41.150.232 - - [30/May/2012:14:15:03 +0600] "GET /administrator/index2.php?option=com_content&sectionid=1 HTTP/1.0" 200 9162 "http://csdb.ufanet.ru/administrator/index2.php?option=com_content&sectionid=1&task=edit&hidemainmenu=1&id=996" "Mozilla/5.0 (Windows NT 6.1; WOW64; rv:12.0) Gecko/20100101 Firefox/12.0"
94.41.150.232 - - [30/May/2012:14:15:16 +0600] "POST /administrator/index2.php?option=com_content HTTP/1.0" 200 49906 "http://csdb.ufanet.ru/administrator/index2.php?option=com_content&sectionid=1" "Mozilla/5.0 (Windows NT 6.1; WOW64; rv:12.0) Gecko/20100101 Firefox/12.0"
178.154.163.30 - - [30/May/2012:14:15:49 +0600] "GET /content/view/272/66/ HTTP/1.0" 200 5924 "-" "Mozilla/5.0 (compatible; YandexBot/3.0; +http://yandex.com/bots)"
94.41.70.94 - - [30/May/2012:14:16:07 +0600] "GET /content/view/204/47 HTTP/1.0" 200 10254 "http://yandex.ru/yandsearch?text=%D1%82%D0%BE%D0%BB%D0%B5%D1%80%D0%B0%D0%BD%D1%82%D0%BD%D0%BE%D0%B5+%D0%BF%D1%80%D0%B0%D0%B2%D0%BE%D1%81%D0%BE%D0%B7%D0%BD%D0%B0%D0%BD%D0%B8%D0%B5&clid=40795&lr=172" "Mozilla/5.0 (Windows NT 6.1; WOW64; rv:12.0) Gecko/20100101 Firefox/12.0"
95.68.242.181 - - [30/May/2012:14:16:55 +0600] "GET /content/view/652/90/ HTTP/1.0" 200 4802 "http://yandex.ru/yandsearch?p=9&text=8+%D0%B8%D1%8E%D0%BB%D1%8F+%D0%B8%D0%B3%D1%80%D0%B0+%D1%81++%D1%80%D0%BE%D0%BC%D0%B0%D1%88%D0%BA%D0%BE%D0%B9+%D0%B2+%D0%B1%D0%B8%D0%B1%D0%BB%D0%B8%D0%BE%D1%82%D0%B5%D0%BA%D0%B5&clid=37245&lr=195" "Mozilla/4.0 (compatible; MSIE 6.0; Windows NT 5.1; SV1; InfoPath.2; .NET CLR 2.0.50727)"
178.154.163.30 - - [30/May/2012:14:17:16 +0600] "GET /content/view/794/55/ HTTP/1.0" 200 5739 "-" "Mozilla/5.0 (compatible; YandexBot/3.0; +http://yandex.com/bots)"
178.154.163.30 - - [30/May/2012:14:18:56 +0600] "GET /content/view/547/66/ HTTP/1.0" 200 5701 "-" "Mozilla/5.0 (compatible; YandexBot/3.0; +http://yandex.com/bots)"
94.41.150.232 - - [30/May/2012:14:18:59 +0600] "POST /administrator/index2.php HTTP/1.0" 301 - "http://csdb.ufanet.ru/administrator/index2.php?option=com_content" "Mozilla/5.0 (Windows NT 6.1; WOW64; rv:12.0) Gecko/20100101 Firefox/12.0"
94.41.150.232 - - [30/May/2012:14:19:01 +0600] "GET /administrator/index2.php?option=com_content&sectionid=1&mosmsg=%D3%F1%EF%E5%F8%ED%EE+%F1%EE%F5%F0%E0%ED%E5%ED%EE%3A+%CF%F0%EE%E5%EA%F2+%AB%CF%C0%D0%C0%CC%C0%D0%C0%D4%CE%CD%BB%2C HTTP/1.0" 200 9192 "http://csdb.ufanet.ru/administrator/index2.php?option=com_content" "Mozilla/5.0 (Windows NT 6.1; WOW64; rv:12.0) Gecko/20100101 Firefox/12.0"
94.41.150.232 - - [30/May/2012:14:19:04 +0600] "GET /administrator/index2.php?option=com_content&sectionid=1&task=edit&hidemainmenu=1&id=992 HTTP/1.0" 200 58557 "http://csdb.ufanet.ru/administrator/index2.php?option=com_content&sectionid=1&mosmsg=%D3%F1%EF%E5%F8%ED%EE+%F1%EE%F5%F0%E0%ED%E5%ED%EE%3A+%CF%F0%EE%E5%EA%F2+%AB%CF%C0%D0%C0%CC%C0%D0%C0%D4%CE%CD%BB%2C" "Mozilla/5.0 (Windows NT 6.1; WOW64; rv:12.0) Gecko/20100101 Firefox/12.0"
94.41.150.232 - - [30/May/2012:14:19:11 +0600] "POST /administrator/index2.php HTTP/1.0" 301 - "http://csdb.ufanet.ru/administrator/index2.php?option=com_content&sectionid=1&task=edit&hidemainmenu=1&id=992" "Mozilla/5.0 (Windows NT 6.1; WOW64; rv:12.0) Gecko/20100101 Firefox/12.0"
94.41.150.232 - - [30/May/2012:14:19:11 +0600] "GET /administrator/index2.php?option=com_content&sectionid=1 HTTP/1.0" 200 9165 "http://csdb.ufanet.ru/administrator/index2.php?option=com_content&sectionid=1&task=edit&hidemainmenu=1&id=992" "Mozilla/5.0 (Windows NT 6.1; WOW64; rv:12.0) Gecko/20100101 Firefox/12.0"
94.41.150.232 - - [30/May/2012:14:19:12 +0600] "GET /administrator/index2.php?option=com_content&sectionid=1&task=edit&hidemainmenu=1&id=997 HTTP/1.0" 200 58510 "http://csdb.ufanet.ru/administrator/index2.php?option=com_content&sectionid=1" "Mozilla/5.0 (Windows NT 6.1; WOW64; rv:12.0) Gecko/20100101 Firefox/12.0"
178.154.163.30 - - [30/May/2012:14:19:32 +0600] "GET /content/view/234/66/ HTTP/1.0" 200 6060 "-" "Mozilla/5.0 (compatible; YandexDirect/3.0; +http://yandex.com/bots)"
94.41.150.232 - - [30/May/2012:14:20:30 +0600] "POST /administrator/index2.php HTTP/1.0" 301 - "http://csdb.ufanet.ru/administrator/index2.php?option=com_content&sectionid=1&task=edit&hidemainmenu=1&id=997" "Mozilla/5.0 (Windows NT 6.1; WOW64; rv:12.0) Gecko/20100101 Firefox/12.0"
94.41.150.232 - - [30/May/2012:14:20:30 +0600] "GET /administrator/index2.php?option=com_content&sectionid=1&mosmsg=%D3%F1%EF%E5%F8%ED%EE+%F1%EE%F5%F0%E0%ED%E5%ED%EE%3A+%CF%F0%EE%E5%EA%F2+%AB%CF%C0%D0%C0%CC%C0%D0%C0%D4%CE%CD%BB HTTP/1.0" 200 9184 "http://csdb.ufanet.ru/administrator/index2.php?option=com_content&sectionid=1&task=edit&hidemainmenu=1&id=997" "Mozilla/5.0 (Windows NT 6.1; WOW64; rv:12.0) Gecko/20100101 Firefox/12.0"
94.41.150.232 - - [30/May/2012:14:20:33 +0600] "GET /content/blogcategory/1/66/ HTTP/1.0" 200 7726 "http://csdb.ufanet.ru/" "Mozilla/5.0 (Windows NT 6.1; WOW64) AppleWebKit/536.5 (KHTML, like Gecko) Chrome/19.0.1084.52 Safari/536.5"
94.41.150.232 - - [30/May/2012:14:20:46 +0600] "GET /content/view/996/66/ HTTP/1.0" 200 6981 "http://csdb.ufanet.ru/content/blogcategory/1/66/" "Mozilla/5.0 (Windows NT 6.1; WOW64) AppleWebKit/536.5 (KHTML, like Gecko) Chrome/19.0.1084.52 Safari/536.5"
94.41.150.232 - - [30/May/2012:14:21:27 +0600] "GET /administrator/index2.php?option=com_content&sectionid=1&task=edit&hidemainmenu=1&id=996 HTTP/1.0" 200 59445 "http://csdb.ufanet.ru/administrator/index2.php?option=com_content&sectionid=1&mosmsg=%D3%F1%EF%E5%F8%ED%EE+%F1%EE%F5%F0%E0%ED%E5%ED%EE%3A+%CF%F0%EE%E5%EA%F2+%AB%CF%C0%D0%C0%CC%C0%D0%C0%D4%CE%CD%BB" "Mozilla/5.0 (Windows NT 6.1; WOW64; rv:12.0) Gecko/20100101 Firefox/12.0"
178.154.163.30 - - [30/May/2012:14:22:52 +0600] "GET /component/option,com_wrapper/Itemid,235/ HTTP/1.0" 200 4548 "-" "Mozilla/5.0 (compatible; YandexBot/3.0; +http://yandex.com/bots)"
178.154.163.30 - - [30/May/2012:14:24:21 +0600] "GET /component/option,com_joomap/Itemid,64/ HTTP/1.0" 200 19432 "-" "Mozilla/5.0 (compatible; YandexBot/3.0; +http://yandex.com/bots)"
94.41.150.232 - - [30/May/2012:14:24:32 +0600] "POST /administrator/index2.php HTTP/1.0" 301 - "http://csdb.ufanet.ru/administrator/index2.php?option=com_content&sectionid=1&task=edit&hidemainmenu=1&id=996" "Mozilla/5.0 (Windows NT 6.1; WOW64; rv:12.0) Gecko/20100101 Firefox/12.0"
94.41.150.232 - - [30/May/2012:14:24:32 +0600] "GET /administrator/index2.php?option=com_content&sectionid=1&mosmsg=%D3%F1%EF%E5%F8%ED%EE+%F1%EE%F5%F0%E0%ED%E5%ED%EE%3A+%CB%F3%F7%F8%E8%E9+%E1%E8%E1%EB%E8%EE%F2%E5%EA%E0%F0%FC+%F1%F2%EE%EB%E8%F6%FB+-+2012 HTTP/1.0" 200 9187 "http://csdb.ufanet.ru/administrator/index2.php?option=com_content&sectionid=1&task=edit&hidemainmenu=1&id=996" "Mozilla/5.0 (Windows NT 6.1; WOW64; rv:12.0) Gecko/20100101 Firefox/12.0"
94.41.150.232 - - [30/May/2012:14:24:35 +0600] "GET /content/view/996/66/ HTTP/1.0" 200 7006 "http://csdb.ufanet.ru/content/blogcategory/1/66/" "Mozilla/5.0 (Windows NT 6.1; WOW64) AppleWebKit/536.5 (KHTML, like Gecko) Chrome/19.0.1084.52 Safari/536.5"
94.41.150.232 - - [30/May/2012:14:24:38 +0600] "GET /content/blogcategory/1/66/ HTTP/1.0" 200 7459 "http://csdb.ufanet.ru/content/view/996/66/" "Mozilla/5.0 (Windows NT 6.1; WOW64) AppleWebKit/536.5 (KHTML, like Gecko) Chrome/19.0.1084.52 Safari/536.5"
178.154.163.30 - - [30/May/2012:14:25:33 +0600] "GET /content/view/850/222/ HTTP/1.0" 200 5391 "-" "Mozilla/5.0 (compatible; YandexBot/3.0; +http://yandex.com/bots)"
94.41.150.232 - - [30/May/2012:14:25:54 +0600] "GET /administrator/index2.php?option=logout HTTP/1.0" 301 - "http://csdb.ufanet.ru/administrator/index2.php?option=com_content&sectionid=1&mosmsg=%D3%F1%EF%E5%F8%ED%EE+%F1%EE%F5%F0%E0%ED%E5%ED%EE%3A+%CB%F3%F7%F8%E8%E9+%E1%E8%E1%EB%E8%EE%F2%E5%EA%E0%F0%FC+%F1%F2%EE%EB%E8%F6%FB+-+2012" "Mozilla/5.0 (Windows NT 6.1; WOW64; rv:12.0) Gecko/20100101 Firefox/12.0"
94.41.150.232 - - [30/May/2012:14:25:54 +0600] "GET /administrator/index.php HTTP/1.0" 200 1314 "http://csdb.ufanet.ru/administrator/index2.php?option=com_content&sectionid=1&mosmsg=%D3%F1%EF%E5%F8%ED%EE+%F1%EE%F5%F0%E0%ED%E5%ED%EE%3A+%CB%F3%F7%F8%E8%E9+%E1%E8%E1%EB%E8%EE%F2%E5%EA%E0%F0%FC+%F1%F2%EE%EB%E8%F6%FB+-+2012" "Mozilla/5.0 (Windows NT 6.1; WOW64; rv:12.0) Gecko/20100101 Firefox/12.0"
178.154.163.30 - - [30/May/2012:14:27:04 +0600] "GET /content/view/337/47/ HTTP/1.0" 200 6988 "-" "Mozilla/5.0 (compatible; YandexBot/3.0; +http://yandex.com/bots)"
66.249.66.77 - - [30/May/2012:14:27:29 +0600] "GET /content/view/748/ HTTP/1.0" 200 5034 "-" "Mozilla/5.0 (compatible; Googlebot/2.1; +http://www.google.com/bot.html)"
94.41.150.232 - - [30/May/2012:14:28:15 +0600] "GET / HTTP/1.0" 200 6487 "-" "Mozilla/5.0 (Windows; U; Windows NT 5.1; ru; rv:1.9.2.28) Gecko/20120306 Firefox/3.6.28"
94.41.150.232 - - [30/May/2012:14:28:24 +0600] "GET /content/blogcategory/1/66/ HTTP/1.0" 200 7453 "http://csdb.ufanet.ru/" "Mozilla/5.0 (Windows; U; Windows NT 5.1; ru; rv:1.9.2.28) Gecko/20120306 Firefox/3.6.28"
178.154.163.30 - - [30/May/2012:14:28:44 +0600] "GET /content/view/818/66/ HTTP/1.0" 200 5920 "-" "Mozilla/5.0 (compatible; YandexBot/3.0; +http://yandex.com/bots)"
94.41.150.232 - - [30/May/2012:14:29:22 +0600] "GET /administrator/ HTTP/1.0" 200 1314 "-" "Mozilla/5.0 (Windows NT 6.1; WOW64; rv:12.0) Gecko/20100101 Firefox/12.0"
178.154.163.30 - - [30/May/2012:14:30:08 +0600] "GET /content/view/82/109/ HTTP/1.0" 200 9736 "-" "Mozilla/5.0 (compatible; YandexBot/3.0; +http://yandex.com/bots)"
94.79.44.201 - - [30/May/2012:14:30:10 +0600] "GET /files/ucazatel/Zochenko.pdf HTTP/1.0" 200 2124737 "http://go.mail.ru/search?q=%D0%BC.%D0%B7%D0%BE%D1%89%D0%B5%D0%BD%D0%BA%D0%BE+%D0%B7%D0%BE%D0%BB%D0%BE%D1%82%D1%8B%D0%B5+%D1%81%D0%BB%D0%BE%D0%B2%D0%B0&us=15&usln=1" "Mozilla/5.0 (Windows; U; Windows NT 5.1; en-US) AppleWebKit/532.9 (KHTML, like Gecko) Chrome/5.0.317.2 Safari/532.9"
68.233.226.103 - - [30/May/2012:14:30:41 +0600] "GET /content/view/793/106/index.php?option=com_search&Itemid=5 HTTP/1.0" 200 15639 "-" "Mozilla/5.0 (Windows NT 5.1) AppleWebKit/535.2 (KHTML, like Gecko) Chrome/15.0.872.0 Safari/535.2"
94.41.150.232 - - [30/May/2012:14:31:28 +0600] "GET /content/category/7/20/52/ HTTP/1.0" 200 5767 "http://csdb.ufanet.ru/content/blogcategory/1/66/" "Mozilla/5.0 (Windows; U; Windows NT 5.1; ru; rv:1.9.2.28) Gecko/20120306 Firefox/3.6.28"
94.41.150.232 - - [30/May/2012:14:31:38 +0600] "GET /component/option,com_frontpage/Itemid,1/ HTTP/1.0" 200 6487 "http://csdb.ufanet.ru/content/category/7/20/52/" "Mozilla/5.0 (Windows; U; Windows NT 5.1; ru; rv:1.9.2.28) Gecko/20120306 Firefox/3.6.28"
94.41.150.232 - - [30/May/2012:14:31:41 +0600] "GET /content/view/397/189/ HTTP/1.0" 200 5411 "http://csdb.ufanet.ru/component/option,com_frontpage/Itemid,1/" "Mozilla/5.0 (Windows; U; Windows NT 5.1; ru; rv:1.9.2.28) Gecko/20120306 Firefox/3.6.28"
178.154.163.30 - - [30/May/2012:14:31:42 +0600] "GET /content/view/398/66/ HTTP/1.0" 200 5870 "-" "Mozilla/5.0 (compatible; YandexBot/3.0; +http://yandex.com/bots)"
94.41.150.232 - - [30/May/2012:14:31:42 +0600] "GET /mambots/content/jw_allvideos/players/mediaplayer_4.0.46.swf HTTP/1.0" 200 38096 "http://csdb.ufanet.ru/content/view/397/189/" "Mozilla/5.0 (Windows; U; Windows NT 5.1; ru; rv:1.9.2.28) Gecko/20120306 Firefox/3.6.28"
94.41.150.232 - - [30/May/2012:14:31:43 +0600] "GET /images/stories/videos/main1.flv HTTP/1.0" 200 5858127 "-" "Mozilla/5.0 (Windows; U; Windows NT 5.1; ru; rv:1.9.2.28) Gecko/20120306 Firefox/3.6.28"
94.41.150.232 - - [30/May/2012:14:31:49 +0600] "GET /content/blogcategory/46/222/ HTTP/1.0" 200 6877 "http://csdb.ufanet.ru/content/view/397/189/" "Mozilla/5.0 (Windows; U; Windows NT 5.1; ru; rv:1.9.2.28) Gecko/20120306 Firefox/3.6.28"
136.169.225.112 - - [30/May/2012:14:32:18 +0600] "GET / HTTP/1.0" 200 6487 "-" "Mozilla/5.0 (Windows NT 5.1) AppleWebKit/536.5 (KHTML, like Gecko) Chrome/19.0.1084.52 Safari/536.5"
94.41.150.232 - - [30/May/2012:14:32:20 +0600] "GET /content/view/397/189/ HTTP/1.0" 200 5410 "http://csdb.ufanet.ru/component/option,com_frontpage/Itemid,1/" "Mozilla/5.0 (Windows; U; Windows NT 5.1; ru; rv:1.9.2.28) Gecko/20120306 Firefox/3.6.28"
94.41.150.232 - - [30/May/2012:14:32:21 +0600] "GET /images/stories/videos/main1.flv HTTP/1.0" 200 5858127 "-" "Mozilla/5.0 (Windows; U; Windows NT 5.1; ru; rv:1.9.2.28) Gecko/20120306 Firefox/3.6.28"
136.169.225.112 - - [30/May/2012:14:32:21 +0600] "GET /content/blogcategory/1/66/ HTTP/1.0" 200 7459 "http://csdb.ufanet.ru/" "Mozilla/5.0 (Windows NT 5.1) AppleWebKit/536.5 (KHTML, like Gecko) Chrome/19.0.1084.52 Safari/536.5"
94.41.150.232 - - [30/May/2012:14:32:26 +0600] "GET /component/option,com_frontpage/Itemid,1/ HTTP/1.0" 200 6491 "http://csdb.ufanet.ru/content/category/7/20/52/" "Mozilla/5.0 (Windows; U; Windows NT 5.1; ru; rv:1.9.2.28) Gecko/20120306 Firefox/3.6.28"
94.41.150.232 - - [30/May/2012:14:32:29 +0600] "GET /content/view/310/91/ HTTP/1.0" 200 6109 "http://csdb.ufanet.ru/component/option,com_frontpage/Itemid,1/" "Mozilla/5.0 (Windows; U; Windows NT 5.1; ru; rv:1.9.2.28) Gecko/20120306 Firefox/3.6.28"
94.41.150.232 - - [30/May/2012:14:32:33 +0600] "GET /content/blogcategory/45/210/ HTTP/1.0" 200 5123 "http://csdb.ufanet.ru/content/view/310/91/" "Mozilla/5.0 (Windows; U; Windows NT 5.1; ru; rv:1.9.2.28) Gecko/20120306 Firefox/3.6.28"
178.154.163.30 - - [30/May/2012:14:33:02 +0600] "GET /content/view/302/66 HTTP/1.0" 200 6315 "-" "Mozilla/5.0 (compatible; YandexBot/3.0; +http://yandex.com/bots)"
94.41.150.232 - - [30/May/2012:14:33:16 +0600] "GET /content/view/310/91/ HTTP/1.0" 200 6108 "http://csdb.ufanet.ru/component/option,com_frontpage/Itemid,1/" "Mozilla/5.0 (Windows; U; Windows NT 5.1; ru; rv:1.9.2.28) Gecko/20120306 Firefox/3.6.28"
94.41.150.232 - - [30/May/2012:14:33:27 +0600] "GET /component/option,com_frontpage/Itemid,1/ HTTP/1.0" 200 6487 "http://csdb.ufanet.ru/content/category/7/20/52/" "Mozilla/5.0 (Windows; U; Windows NT 5.1; ru; rv:1.9.2.28) Gecko/20120306 Firefox/3.6.28"
94.41.150.232 - - [30/May/2012:14:33:32 +0600] "GET /mb38/ HTTP/1.0" 304 - "http://csdb.ufanet.ru/component/option,com_frontpage/Itemid,1/" "Mozilla/5.0 (Windows; U; Windows NT 5.1; ru; rv:1.9.2.28) Gecko/20120306 Firefox/3.6.28"
94.41.150.232 - - [30/May/2012:14:33:32 +0600] "GET /images/mb/img38/free_access.swf HTTP/1.0" 200 7947129 "http://csdb.ufanet.ru/mb38/" "Mozilla/5.0 (Windows; U; Windows NT 5.1; ru; rv:1.9.2.28) Gecko/20120306 Firefox/3.6.28"
136.169.225.112 - - [30/May/2012:14:33:54 +0600] "GET /images/mb/img38/free_access.swf HTTP/1.0" 206 1 "http://csdb.ufanet.ru/mb38/" "Mozilla/5.0 (Windows NT 5.1) AppleWebKit/536.5 (KHTML, like Gecko) Chrome/19.0.1084.52 Safari/536.5"
136.169.225.112 - - [30/May/2012:14:33:55 +0600] "GET /images/mb/img38/free_access.swf HTTP/1.0" 206 3317529 "http://csdb.ufanet.ru/mb38/" "Mozilla/5.0 (Windows NT 5.1) AppleWebKit/536.5 (KHTML, like Gecko) Chrome/19.0.1084.52 Safari/536.5"
94.41.82.194 - - [30/May/2012:14:34:02 +0600] "GET / HTTP/1.0" 200 6488 "http://yandex.ru/yandsearch?text=csdb+ufanet+ru&clid=931353&lr=172&msid=22863.3529.1338366623.16888" "Mozilla/5.0 (Windows NT 5.1; rv:12.0) Gecko/20100101 Firefox/12.0"
94.41.82.194 - - [30/May/2012:14:34:13 +0600] "GET /images/cgdb.swf HTTP/1.0" 200 19792297 "http://csdb.ufanet.ru/" "Mozilla/5.0 (Windows NT 5.1; rv:12.0) Gecko/20100101 Firefox/12.0"
178.154.163.30 - - [30/May/2012:14:34:13 +0600] "GET /content/view/702/66/ HTTP/1.0" 200 5854 "-" "Mozilla/5.0 (compatible; YandexBot/3.0; +http://yandex.com/bots)"
94.41.82.194 - - [30/May/2012:14:34:14 +0600] "GET /content/blogcategory/1/66/ HTTP/1.0" 200 7458 "http://csdb.ufanet.ru/" "Mozilla/5.0 (Windows NT 5.1; rv:12.0) Gecko/20100101 Firefox/12.0"
92.50.157.82 - - [30/May/2012:14:34:38 +0600] "GET / HTTP/1.0" 200 6490 "http://yandex.ru/yandsearch?text=%D0%94%D0%95%D0%A2%D0%A1%D0%9A%D0%90%D0%AF+%D0%91%D0%98%D0%91%D0%9B%D0%98%D0%9E%D0%A2%D0%95%D0%9A%D0%90&lr=172" "Mozilla/4.0 (compatible; MSIE 8.0; Windows NT 6.1; WOW64; Trident/4.0; SLCC2; .NET CLR 2.0.50727; .NET CLR 3.5.30729; .NET CLR 3.0.30729; .NET4.0C; .NET4.0E; InfoPath.3)"
92.50.157.82 - - [30/May/2012:14:34:39 +0600] "GET /images/cgdb.swf HTTP/1.0" 200 19792297 "http://csdb.ufanet.ru/" "Mozilla/4.0 (compatible; MSIE 8.0; Windows NT 6.1; WOW64; Trident/4.0; SLCC2; .NET CLR 2.0.50727; .NET CLR 3.5.30729; .NET CLR 3.0.30729; .NET4.0C; .NET4.0E; InfoPath.3)"
87.228.71.98 - - [30/May/2012:14:35:20 +0600] "GET /component/option,com_joomap/Itemid,64/ HTTP/1.0" 200 19437 "http://yandex.ru/yandsearch?p=1&text=%D1%81%D1%82%D0%B8%D1%85%D0%B8+%D0%BE+%D0%BA%D0%BE%D0%BB%D0%BB%D0%B5%D0%B3%D0%B0%D1%85+%D0%B4%D0%B5%D1%82%D1%81%D0%BA%D0%BE%D0%B9+%D0%B1%D0%B8%D0%B1%D0%BB%D0%B8%D0%BE%D1%82%D0%B5%D0%BA%D0%B8&lr=10738" "Mozilla/5.0 (Windows; U; Windows NT 5.1; ru; rv:1.9.2.28) Gecko/20120306 AskTbAVR-W1/3.14.1.20064 Firefox/3.6.28 ( .NET CLR 3.5.30729)"
94.41.82.194 - - [30/May/2012:14:35:47 +0600] "GET /content/view/996/66/ HTTP/1.0" 200 7002 "http://csdb.ufanet.ru/content/blogcategory/1/66/" "Mozilla/5.0 (Windows NT 5.1; rv:12.0) Gecko/20100101 Firefox/12.0"
178.154.163.30 - - [30/May/2012:14:35:48 +0600] "GET /content/view/793/138/ HTTP/1.0" 200 5148 "-" "Mozilla/5.0 (compatible; YandexBot/3.0; +http://yandex.com/bots)"
94.41.82.194 - - [30/May/2012:14:36:02 +0600] "GET /content/view/995/66/ HTTP/1.0" 200 5867 "http://csdb.ufanet.ru/content/view/996/66/" "Mozilla/5.0 (Windows NT 5.1; rv:12.0) Gecko/20100101 Firefox/12.0"
109.187.73.203 - - [30/May/2012:14:36:04 +0600] "GET /index.php?option=com_content&task=view&id=127&Itemid=62 HTTP/1.0" 200 15196 "http://yandex.ru/yandsearch?text=%D0%BC%D1%83%D1%81%D1%82%D0%B0%D0%B9+%D0%BA%D0%B0%D1%80%D0%B8%D0%BC+%D1%81%D1%82%D0%B8%D1%85+%D1%82%D1%80%D0%B8+%D0%B4%D0%BD%D1%8F+%D0%BF%D0%BE%D0%B4%D1%80%D1%8F%D0%B4+&clid=139094&lr=11116" "Opera/9.80 (Windows NT 5.1; U; Edition Yx; ru) Presto/2.10.229 Version/11.64"
94.41.82.194 - - [30/May/2012:14:36:28 +0600] "GET /content/view/994/66/ HTTP/1.0" 200 5993 "http://csdb.ufanet.ru/content/view/995/66/" "Mozilla/5.0 (Windows NT 5.1; rv:12.0) Gecko/20100101 Firefox/12.0"
94.41.82.194 - - [30/May/2012:14:36:54 +0600] "GET /content/blogcategory/1/66/ HTTP/1.0" 200 7458 "http://csdb.ufanet.ru/content/view/994/66/" "Mozilla/5.0 (Windows NT 5.1; rv:12.0) Gecko/20100101 Firefox/12.0"
178.154.163.30 - - [30/May/2012:14:37:08 +0600] "GET /content/view/252/66/ HTTP/1.0" 200 7134 "-" "Mozilla/5.0 (compatible; YandexBot/3.0; +http://yandex.com/bots)"
136.169.225.112 - - [30/May/2012:14:37:18 +0600] "GET / HTTP/1.0" 200 6489 "-" "Mozilla/5.0 (Windows NT 5.1) AppleWebKit/536.5 (KHTML, like Gecko) Chrome/19.0.1084.52 Safari/536.5"
136.169.225.112 - - [30/May/2012:14:37:26 +0600] "GET /content/blogcategory/1/66/ HTTP/1.0" 200 7460 "http://csdb.ufanet.ru/" "Mozilla/5.0 (Windows NT 5.1) AppleWebKit/536.5 (KHTML, like Gecko) Chrome/19.0.1084.52 Safari/536.5"
178.154.163.30 - - [30/May/2012:14:38:34 +0600] "GET /content/view/258/66 HTTP/1.0" 200 8112 "-" "Mozilla/5.0 (compatible; YandexBot/3.0; +http://yandex.com/bots)"
136.169.225.112 - - [30/May/2012:14:39:14 +0600] "GET /images/mb/img38/free_access.swf HTTP/1.0" 206 1 "http://csdb.ufanet.ru/mb38/" "Mozilla/5.0 (Windows NT 5.1) AppleWebKit/536.5 (KHTML, like Gecko) Chrome/19.0.1084.52 Safari/536.5"
136.169.225.112 - - [30/May/2012:14:39:14 +0600] "GET /images/mb/img38/free_access.swf HTTP/1.0" 206 3317529 "http://csdb.ufanet.ru/mb38/" "Mozilla/5.0 (Windows NT 5.1) AppleWebKit/536.5 (KHTML, like Gecko) Chrome/19.0.1084.52 Safari/536.5"
178.154.163.30 - - [30/May/2012:14:39:53 +0600] "GET /content/view/265/66/ HTTP/1.0" 200 5714 "-" "Mozilla/5.0 (compatible; YandexBot/3.0; +http://yandex.com/bots)"
178.154.163.30 - - [30/May/2012:14:40:26 +0600] "GET /content/view/559/234/ HTTP/1.0" 200 6044 "-" "Mozilla/5.0 (compatible; YandexDirect/3.0; +http://yandex.com/bots)"
207.46.194.55 - - [30/May/2012:14:41:21 +0600] "GET /content/blogcategory/1/66/ HTTP/1.0" 200 7408 "-" "msnbot-media/1.1 (+http://search.msn.com/msnbot.htm)"
31.8.115.117 - - [30/May/2012:14:41:44 +0600] "GET /content/view/477/66/ HTTP/1.0" 200 5869 "http://www.google.ru/url?sa=t&rct=j&q=%D0%BD%D0%B0%D1%80%D0%BE%D0%B4%D1%8B%20%D0%B1%D0%B0%D1%88%D0%BA%D0%BE%D1%80%D1%82%D0%BE%D1%81%D1%82%D0%B0%D0%BD%D0%B0&source=web&cd=9&ved=0CGQQFjAI&url=http%3A%2F%2Fcsdb.ufanet.ru%2Fcontent%2Fview%2F477%2F66%2F&ei=DN3FT5K0J4vXsgbFlaCtAw&usg=AFQjCNFI9ata1MEf0s83KMruRvWOXLOehA&cad=rja" "Mozilla/5.0 (Windows NT 5.1; rv:9.0.1) Gecko/20100101 Firefox/9.0.1"
178.154.163.30 - - [30/May/2012:14:41:50 +0600] "GET /content/view/812/124/ HTTP/1.0" 200 5151 "-" "Mozilla/5.0 (compatible; YandexBot/3.0; +http://yandex.com/bots)"
178.154.163.30 - - [30/May/2012:14:43:15 +0600] "GET /content/view/55/66/ HTTP/1.0" 200 6594 "-" "Mozilla/5.0 (compatible; YandexBot/3.0; +http://yandex.com/bots)"
94.41.150.232 - - [30/May/2012:14:43:19 +0600] "GET /images/mb/img38/free_access.swf HTTP/1.0" 200 7947129 "http://csdb.ufanet.ru/mb38/" "Mozilla/5.0 (Windows; U; Windows NT 5.1; ru; rv:1.9.2.28) Gecko/20120306 Firefox/3.6.28"
94.41.150.232 - - [30/May/2012:14:43:23 +0600] "GET /component/option,com_frontpage/Itemid,1/ HTTP/1.0" 200 6489 "http://csdb.ufanet.ru/content/category/7/20/52/" "Mozilla/5.0 (Windows; U; Windows NT 5.1; ru; rv:1.9.2.28) Gecko/20120306 Firefox/3.6.28"
94.41.150.232 - - [30/May/2012:14:43:27 +0600] "GET /content/view/397/189/ HTTP/1.0" 200 5411 "http://csdb.ufanet.ru/component/option,com_frontpage/Itemid,1/" "Mozilla/5.0 (Windows; U; Windows NT 5.1; ru; rv:1.9.2.28) Gecko/20120306 Firefox/3.6.28"
94.41.150.232 - - [30/May/2012:14:43:28 +0600] "GET /images/stories/videos/main1.flv HTTP/1.0" 200 5858127 "-" "Mozilla/5.0 (Windows; U; Windows NT 5.1; ru; rv:1.9.2.28) Gecko/20120306 Firefox/3.6.28"
94.41.150.232 - - [30/May/2012:14:43:31 +0600] "GET /content/blogcategory/46/222/ HTTP/1.0" 200 6878 "http://csdb.ufanet.ru/content/view/397/189/" "Mozilla/5.0 (Windows; U; Windows NT 5.1; ru; rv:1.9.2.28) Gecko/20120306 Firefox/3.6.28"
94.41.150.232 - - [30/May/2012:14:43:51 +0600] "GET /content/view/397/189/ HTTP/1.0" 200 5411 "http://csdb.ufanet.ru/component/option,com_frontpage/Itemid,1/" "Mozilla/5.0 (Windows; U; Windows NT 5.1; ru; rv:1.9.2.28) Gecko/20120306 Firefox/3.6.28"
94.41.150.232 - - [30/May/2012:14:43:51 +0600] "GET /images/stories/videos/main1.flv HTTP/1.0" 200 5858127 "-" "Mozilla/5.0 (Windows; U; Windows NT 5.1; ru; rv:1.9.2.28) Gecko/20120306 Firefox/3.6.28"
94.41.150.232 - - [30/May/2012:14:43:52 +0600] "GET /component/option,com_frontpage/Itemid,1/ HTTP/1.0" 200 6490 "http://csdb.ufanet.ru/content/category/7/20/52/" "Mozilla/5.0 (Windows; U; Windows NT 5.1; ru; rv:1.9.2.28) Gecko/20120306 Firefox/3.6.28"
94.41.150.232 - - [30/May/2012:14:43:56 +0600] "GET /content/view/310/91/ HTTP/1.0" 200 6109 "http://csdb.ufanet.ru/component/option,com_frontpage/Itemid,1/" "Mozilla/5.0 (Windows; U; Windows NT 5.1; ru; rv:1.9.2.28) Gecko/20120306 Firefox/3.6.28"
94.41.150.232 - - [30/May/2012:14:44:01 +0600] "GET /content/blogcategory/45/210/ HTTP/1.0" 200 5123 "http://csdb.ufanet.ru/content/view/310/91/" "Mozilla/5.0 (Windows; U; Windows NT 5.1; ru; rv:1.9.2.28) Gecko/20120306 Firefox/3.6.28"
94.41.150.232 - - [30/May/2012:14:44:14 +0600] "GET /content/view/310/91/ HTTP/1.0" 200 6109 "http://csdb.ufanet.ru/component/option,com_frontpage/Itemid,1/" "Mozilla/5.0 (Windows; U; Windows NT 5.1; ru; rv:1.9.2.28) Gecko/20120306 Firefox/3.6.28"
94.41.150.232 - - [30/May/2012:14:44:17 +0600] "GET /component/option,com_frontpage/Itemid,1/ HTTP/1.0" 200 6488 "http://csdb.ufanet.ru/content/category/7/20/52/" "Mozilla/5.0 (Windows; U; Windows NT 5.1; ru; rv:1.9.2.28) Gecko/20120306 Firefox/3.6.28"
178.154.163.30 - - [30/May/2012:14:44:28 +0600] "GET /content/view/282/ HTTP/1.0" 200 31182 "-" "Mozilla/5.0 (compatible; YandexBot/3.0; +http://yandex.com/bots)"
178.154.163.30 - - [30/May/2012:14:46:00 +0600] "GET /content/view/506/227/ HTTP/1.0" 200 7195 "-" "Mozilla/5.0 (compatible; YandexBot/3.0; +http://yandex.com/bots)"
66.249.66.77 - - [30/May/2012:14:46:08 +0600] "GET /content/view/655/1/ HTTP/1.0" 200 6575 "-" "Mozilla/5.0 (compatible; Googlebot/2.1; +http://www.google.com/bot.html)"
31.163.36.162 - - [30/May/2012:14:46:27 +0600] "GET /content/view/716/210/ HTTP/1.0" 200 4197 "http://www.google.ru/url?sa=t&rct=j&q=%D0%BF%D1%83%D1%82%D0%B5%D1%88%D0%B5%D1%81%D1%82%D0%B2%D0%B8%D0%B5%20%D0%BF%D0%BE%20%D0%BA%D1%80%D0%B0%D1%81%D0%BD%D0%BE%D0%B9%20%D0%BA%D0%BD%D0%B8%D0%B3%D0%B5&source=web&cd=3&ved=0CFQQFjAC&url=http%3A%2F%2Fcsdb.ufanet.ru%2Fcontent%2Fview%2F716%2F210%2F&ei=RN7FT9_mDsTQtAbgibG8Aw&usg=AFQjCNEgHooOCGb53nT9wGgtClU4WrhN4Q&cad=rjt" "Mozilla/4.0 (compatible; MSIE 8.0; Windows NT 5.1; Trident/4.0; .NET CLR 1.1.4322; .NET CLR 2.0.50727; .NET CLR 3.0.4506.2152; .NET CLR 3.5.30729; .NET4.0C; .NET4.0E; InfoPath.2)"
178.154.163.30 - - [30/May/2012:14:47:15 +0600] "GET /content/view/558/55/ HTTP/1.0" 200 5185 "-" "Mozilla/5.0 (compatible; YandexBot/3.0; +http://yandex.com/bots)"
178.154.163.30 - - [30/May/2012:14:48:39 +0600] "GET /content/view/564/66/ HTTP/1.0" 200 5826 "-" "Mozilla/5.0 (compatible; YandexBot/3.0; +http://yandex.com/bots)"
95.108.129.207 - - [30/May/2012:14:49:15 +0600] "GET / HTTP/1.0" 200 24244 "-" "Mozilla/5.0 (compatible; YandexMetrika/2.0; +http://yandex.com/bots)"
178.154.163.30 - - [30/May/2012:14:50:03 +0600] "GET /content/view/876/133/ HTTP/1.0" 200 5152 "-" "Mozilla/5.0 (compatible; YandexBot/3.0; +http://yandex.com/bots)"
31.162.123.72 - - [30/May/2012:14:50:21 +0600] "GET /files/articles/%D0%9F%D1%80%D0%BE%D0%B5%D0%BA%D1%82%D0%BD%D0%BE%D0%B5%20%D1%80%D0%B0%D0%B7%D0%B2%D0%B8%D1%82%D0%B8%D0%B5%20%D0%B1%D0%B8%D0%B1%D0%BB%D0%B8%D0%BE%D1%82%D0%B5%D0%BA%20%D0%90%D0%92%D0%93%D0%A3%D0%A1%D0%A2%D0%9E%D0%92%D0%A1%D0%9A%D0%9E%D0%95%20%D0%A1%D0%9E%D0%92%D0%95%D0%A9%D0%90%D0%9D%D0%98%D0%95.pdf HTTP/1.0" 200 119967 "http://yandex.ru/yandsearch?text=%D0%BF%D1%80%D0%BE%D0%B5%D0%BA%D1%82%D0%BD%D0%B0%D1%8F+%D0%B4%D0%B5%D1%8F%D1%82%D0%B5%D0%BB%D1%8C%D0%BD%D0%BE%D1%81%D1%82%D1%8C+%D0%B1%D0%B8%D0%B1%D0%BB%D0%B8%D0%BE%D1%82%D0%B5%D0%BA&lr=54" "Mozilla/5.0 (Windows; U; Windows NT 5.1; en-US) AppleWebKit/533.4 (KHTML, like Gecko) Chrome/5.0.375.86 Safari/533.4"
217.69.134.91 - - [30/May/2012:14:50:25 +0600] "GET /content/view/984/183/1/1/ HTTP/1.0" 200 24867 "-" "Mozilla/5.0 (compatible; Mail.RU/2.0)"
95.70.77.49 - - [30/May/2012:14:50:25 +0600] "GET /files/scen_prazd/Raznocvet.doc HTTP/1.0" 200 40448 "http://yandex.ru/yandsearch?text=%D1%81%D1%86%D0%B5%D0%BD%D0%B0%D1%80%D0%B8%D0%B9+%D0%BF%D1%80%D0%B0%D0%B7%D0%B4%D0%BD%D0%B8%D0%BA+%D0%B4%D0%BB%D1%8F+%D0%B4%D0%B5%D1%82%D0%B5%D0%B9+%D1%81+%D0%BE%D0%B3%D1%80%D0%B0%D0%BD%D0%B8%D1%87%D0%B5%D0%BD%D0%BD%D1%8B%D0%BC%D0%B8+%D0%B2%D0%BE%D0%B7%D0%BC%D0%BE%D0%B6%D0%BD%D0%BE%D1%81%D1%82%D1%8F%D0%BC%D0%B8&lr=11393" "Mozilla/5.0 (Windows NT 6.0) AppleWebKit/536.5 (KHTML, like Gecko) Chrome/19.0.1084.52 Safari/536.5"
95.70.77.49 - - [30/May/2012:14:50:33 +0600] "GET /files/scen_prazd/Raznocvet.doc HTTP/1.0" 200 40448 "http://yandex.ru/yandsearch?text=%D1%81%D1%86%D0%B5%D0%BD%D0%B0%D1%80%D0%B8%D0%B9+%D0%BF%D1%80%D0%B0%D0%B7%D0%B4%D0%BD%D0%B8%D0%BA+%D0%B4%D0%BB%D1%8F+%D0%B4%D0%B5%D1%82%D0%B5%D0%B9+%D1%81+%D0%BE%D0%B3%D1%80%D0%B0%D0%BD%D0%B8%D1%87%D0%B5%D0%BD%D0%BD%D1%8B%D0%BC%D0%B8+%D0%B2%D0%BE%D0%B7%D0%BC%D0%BE%D0%B6%D0%BD%D0%BE%D1%81%D1%82%D1%8F%D0%BC%D0%B8&lr=11393" "Mozilla/5.0 (Windows NT 6.0) AppleWebKit/536.5 (KHTML, like Gecko) Chrome/19.0.1084.52 Safari/536.5"
31.162.123.72 - - [30/May/2012:14:50:33 +0600] "GET /files/articles/%D0%9F%D1%80%D0%BE%D0%B5%D0%BA%D1%82%D0%BD%D0%BE%D0%B5%20%D1%80%D0%B0%D0%B7%D0%B2%D0%B8%D1%82%D0%B8%D0%B5%20%D0%B1%D0%B8%D0%B1%D0%BB%D0%B8%D0%BE%D1%82%D0%B5%D0%BA%20%D0%90%D0%92%D0%93%D0%A3%D0%A1%D0%A2%D0%9E%D0%92%D0%A1%D0%9A%D0%9E%D0%95%20%D0%A1%D0%9E%D0%92%D0%95%D0%A9%D0%90%D0%9D%D0%98%D0%95.pdf HTTP/1.0" 206 1501 "-" "Mozilla/5.0 (Windows; U; Windows NT 5.1; en-US) AppleWebKit/533.4 (KHTML, like Gecko) Chrome/5.0.375.86 Safari/533.4"
50.17.42.78 - - [30/May/2012:14:50:34 +0600] "GET / HTTP/1.0" 200 6445 "" "GSLFbot"
31.162.123.72 - - [30/May/2012:14:50:37 +0600] "GET /files/articles/%D0%9F%D1%80%D0%BE%D0%B5%D0%BA%D1%82%D0%BD%D0%BE%D0%B5%20%D1%80%D0%B0%D0%B7%D0%B2%D0%B8%D1%82%D0%B8%D0%B5%20%D0%B1%D0%B8%D0%B1%D0%BB%D0%B8%D0%BE%D1%82%D0%B5%D0%BA%20%D0%90%D0%92%D0%93%D0%A3%D0%A1%D0%A2%D0%9E%D0%92%D0%A1%D0%9A%D0%9E%D0%95%20%D0%A1%D0%9E%D0%92%D0%95%D0%A9%D0%90%D0%9D%D0%98%D0%95.pdf HTTP/1.0" 206 61538 "-" "Mozilla/5.0 (Windows; U; Windows NT 5.1; en-US) AppleWebKit/533.4 (KHTML, like Gecko) Chrome/5.0.375.86 Safari/533.4"
31.162.123.72 - - [30/May/2012:14:50:37 +0600] "GET /files/articles/%D0%9F%D1%80%D0%BE%D0%B5%D0%BA%D1%82%D0%BD%D0%BE%D0%B5%20%D1%80%D0%B0%D0%B7%D0%B2%D0%B8%D1%82%D0%B8%D0%B5%20%D0%B1%D0%B8%D0%B1%D0%BB%D0%B8%D0%BE%D1%82%D0%B5%D0%BA%20%D0%90%D0%92%D0%93%D0%A3%D0%A1%D0%A2%D0%9E%D0%92%D0%A1%D0%9A%D0%9E%D0%95%20%D0%A1%D0%9E%D0%92%D0%95%D0%A9%D0%90%D0%9D%D0%98%D0%95.pdf HTTP/1.0" 206 928 "-" "Mozilla/5.0 (Windows; U; Windows NT 5.1; en-US) AppleWebKit/533.4 (KHTML, like Gecko) Chrome/5.0.375.86 Safari/533.4"
31.162.123.72 - - [30/May/2012:14:50:37 +0600] "GET /files/articles/%D0%9F%D1%80%D0%BE%D0%B5%D0%BA%D1%82%D0%BD%D0%BE%D0%B5%20%D1%80%D0%B0%D0%B7%D0%B2%D0%B8%D1%82%D0%B8%D0%B5%20%D0%B1%D0%B8%D0%B1%D0%BB%D0%B8%D0%BE%D1%82%D0%B5%D0%BA%20%D0%90%D0%92%D0%93%D0%A3%D0%A1%D0%A2%D0%9E%D0%92%D0%A1%D0%9A%D0%9E%D0%95%20%D0%A1%D0%9E%D0%92%D0%95%D0%A9%D0%90%D0%9D%D0%98%D0%95.pdf HTTP/1.0" 206 2066 "-" "Mozilla/5.0 (Windows; U; Windows NT 5.1; en-US) AppleWebKit/533.4 (KHTML, like Gecko) Chrome/5.0.375.86 Safari/533.4"
50.17.42.78 - - [30/May/2012:14:50:38 +0600] "GET /component/option,com_frontpage/Itemid,1 HTTP/1.0" 200 6444 "" "GSLFbot"
95.70.77.49 - - [30/May/2012:14:50:41 +0600] "GET /files/scen_prazd/Raznocvet.doc HTTP/1.0" 200 40448 "http://yandex.ru/yandsearch?text=%D1%81%D1%86%D0%B5%D0%BD%D0%B0%D1%80%D0%B8%D0%B9+%D0%BF%D1%80%D0%B0%D0%B7%D0%B4%D0%BD%D0%B8%D0%BA+%D0%B4%D0%BB%D1%8F+%D0%B4%D0%B5%D1%82%D0%B5%D0%B9+%D1%81+%D0%BE%D0%B3%D1%80%D0%B0%D0%BD%D0%B8%D1%87%D0%B5%D0%BD%D0%BD%D1%8B%D0%BC%D0%B8+%D0%B2%D0%BE%D0%B7%D0%BC%D0%BE%D0%B6%D0%BD%D0%BE%D1%81%D1%82%D1%8F%D0%BC%D0%B8&lr=11393" "Mozilla/5.0 (Windows NT 6.0) AppleWebKit/536.5 (KHTML, like Gecko) Chrome/19.0.1084.52 Safari/536.5"
50.17.42.78 - - [30/May/2012:14:50:41 +0600] "GET /content/blogcategory/1/66 HTTP/1.0" 200 7408 "" "GSLFbot"
31.162.123.72 - - [30/May/2012:14:50:43 +0600] "GET /files/articles/%D0%9F%D1%80%D0%BE%D0%B5%D0%BA%D1%82%D0%BD%D0%BE%D0%B5%20%D1%80%D0%B0%D0%B7%D0%B2%D0%B8%D1%82%D0%B8%D0%B5%20%D0%B1%D0%B8%D0%B1%D0%BB%D0%B8%D0%BE%D1%82%D0%B5%D0%BA%20%D0%90%D0%92%D0%93%D0%A3%D0%A1%D0%A2%D0%9E%D0%92%D0%A1%D0%9A%D0%9E%D0%95%20%D0%A1%D0%9E%D0%92%D0%95%D0%A9%D0%90%D0%9D%D0%98%D0%95.pdf HTTP/1.0" 206 49417 "-" "Mozilla/5.0 (Windows; U; Windows NT 5.1; en-US) AppleWebKit/533.4 (KHTML, like Gecko) Chrome/5.0.375.86 Safari/533.4"
50.17.42.78 - - [30/May/2012:14:50:45 +0600] "GET /content/view/382/158 HTTP/1.0" 200 6390 "" "GSLFbot"
50.17.42.78 - - [30/May/2012:14:50:49 +0600] "GET /content/category/7/20/52 HTTP/1.0" 200 5727 "" "GSLFbot"
50.17.42.78 - - [30/May/2012:14:50:52 +0600] "GET /content/section/6/53 HTTP/1.0" 200 5237 "" "GSLFbot"
95.70.77.49 - - [30/May/2012:14:50:55 +0600] "GET /files/scen_prazd/Raznocvet.doc HTTP/1.0" 200 40448 "http://yandex.ru/yandsearch?text=%D1%81%D1%86%D0%B5%D0%BD%D0%B0%D1%80%D0%B8%D0%B9+%D0%BF%D1%80%D0%B0%D0%B7%D0%B4%D0%BD%D0%B8%D0%BA+%D0%B4%D0%BB%D1%8F+%D0%B4%D0%B5%D1%82%D0%B5%D0%B9+%D1%81+%D0%BE%D0%B3%D1%80%D0%B0%D0%BD%D0%B8%D1%87%D0%B5%D0%BD%D0%BD%D1%8B%D0%BC%D0%B8+%D0%B2%D0%BE%D0%B7%D0%BC%D0%BE%D0%B6%D0%BD%D0%BE%D1%81%D1%82%D1%8F%D0%BC%D0%B8&lr=11393" "Mozilla/5.0 (Windows NT 6.0) AppleWebKit/536.5 (KHTML, like Gecko) Chrome/19.0.1084.52 Safari/536.5"
50.17.42.78 - - [30/May/2012:14:50:56 +0600] "GET /content/category/5/18/47 HTTP/1.0" 200 5531 "" "GSLFbot"
50.17.42.78 - - [30/May/2012:14:50:59 +0600] "GET /content/section/8/55 HTTP/1.0" 200 5240 "" "GSLFbot"
50.17.42.78 - - [30/May/2012:14:51:03 +0600] "GET /content/view/378/105 HTTP/1.0" 200 7276 "" "GSLFbot"
95.70.77.49 - - [30/May/2012:14:51:06 +0600] "GET /files/scen_prazd/Raznocvet.doc HTTP/1.0" 200 40448 "http://yandex.ru/yandsearch?text=%D1%81%D1%86%D0%B5%D0%BD%D0%B0%D1%80%D0%B8%D0%B9+%D0%BF%D1%80%D0%B0%D0%B7%D0%B4%D0%BD%D0%B8%D0%BA+%D0%B4%D0%BB%D1%8F+%D0%B4%D0%B5%D1%82%D0%B5%D0%B9+%D1%81+%D0%BE%D0%B3%D1%80%D0%B0%D0%BD%D0%B8%D1%87%D0%B5%D0%BD%D0%BD%D1%8B%D0%BC%D0%B8+%D0%B2%D0%BE%D0%B7%D0%BC%D0%BE%D0%B6%D0%BD%D0%BE%D1%81%D1%82%D1%8F%D0%BC%D0%B8&lr=11393" "Mozilla/5.0 (Windows NT 6.0) AppleWebKit/536.5 (KHTML, like Gecko) Chrome/19.0.1084.52 Safari/536.5"
50.17.42.78 - - [30/May/2012:14:51:07 +0600] "GET /content/category/14/42/183 HTTP/1.0" 200 5744 "" "GSLFbot"
50.17.42.78 - - [30/May/2012:14:51:10 +0600] "GET /content/category/14/43/192 HTTP/1.0" 200 5398 "" "GSLFbot"
50.17.42.78 - - [30/May/2012:14:51:14 +0600] "GET /content/category/12/40/86 HTTP/1.0" 200 5642 "" "GSLFbot"
50.17.42.78 - - [30/May/2012:14:51:17 +0600] "GET /component/option,com_facileforms/Itemid,71 HTTP/1.0" 200 5267 "" "GSLFbot"
50.17.42.78 - - [30/May/2012:14:51:21 +0600] "GET /component/option,com_wrapper/Itemid,235 HTTP/1.0" 200 4512 "" "GSLFbot"
178.154.163.30 - - [30/May/2012:14:51:22 +0600] "GET /content/view/689/66/ HTTP/1.0" 200 6054 "-" "Mozilla/5.0 (compatible; YandexBot/3.0; +http://yandex.com/bots)"
50.17.42.78 - - [30/May/2012:14:51:25 +0600] "GET /component/option,com_joomap/Itemid,64 HTTP/1.0" 200 19285 "" "GSLFbot"
50.17.42.78 - - [30/May/2012:14:51:29 +0600] "GET /component/option,com_search/Itemid,5 HTTP/1.0" 200 5631 "" "GSLFbot"
50.17.42.78 - - [30/May/2012:14:51:32 +0600] "GET /component/option,com_contact/Itemid,3 HTTP/1.0" 200 6595 "" "GSLFbot"
50.17.42.78 - - [30/May/2012:14:51:36 +0600] "GET /component/option,com_registration/task,lostPassword HTTP/1.0" 200 4395 "" "GSLFbot"
50.17.42.78 - - [30/May/2012:14:51:40 +0600] "GET /content/view/533/1 HTTP/1.0" 200 6559 "" "GSLFbot"
50.17.42.78 - - [30/May/2012:14:51:43 +0600] "GET /content/view/969/1 HTTP/1.0" 200 5994 "" "GSLFbot"
50.17.42.78 - - [30/May/2012:14:51:47 +0600] "GET /content/view/397/189 HTTP/1.0" 200 5388 "" "GSLFbot"
50.17.42.78 - - [30/May/2012:14:51:50 +0600] "GET /content/view/310/91 HTTP/1.0" 200 6084 "" "GSLFbot"
50.17.42.78 - - [30/May/2012:14:51:54 +0600] "GET /mb38 HTTP/1.0" 301 314 "" "GSLFbot"
50.17.42.78 - - [30/May/2012:14:51:54 +0600] "GET /mb38/ HTTP/1.0" 200 14902 "" "GSLFbot"
50.17.42.78 - - [30/May/2012:14:51:54 +0600] "GET /content/view/989/1 HTTP/1.0" 200 5961 "" "GSLFbot"
50.17.42.78 - - [30/May/2012:14:51:58 +0600] "GET /content/view/982/1 HTTP/1.0" 200 6548 "" "GSLFbot"
50.17.42.78 - - [30/May/2012:14:52:02 +0600] "GET /content/view/976/1 HTTP/1.0" 200 7394 "" "GSLFbot"
50.17.42.78 - - [30/May/2012:14:52:05 +0600] "GET /content/view/970/1 HTTP/1.0" 200 11466 "" "GSLFbot"
50.17.42.78 - - [30/May/2012:14:52:09 +0600] "GET /content/view/794/1 HTTP/1.0" 200 6090 "" "GSLFbot"
50.17.42.78 - - [30/May/2012:14:52:13 +0600] "GET /content/view/983/66 HTTP/1.0" 200 6114 "" "GSLFbot"
50.17.42.78 - - [30/May/2012:14:52:16 +0600] "GET /content/view/983/1 HTTP/1.0" 200 6529 "" "GSLFbot"
50.17.42.78 - - [30/May/2012:14:52:20 +0600] "GET /content/view/811/1 HTTP/1.0" 200 6018 "" "GSLFbot"
50.17.42.78 - - [30/May/2012:14:52:23 +0600] "GET /content/view/18/157 HTTP/1.0" 200 6125 "" "GSLFbot"
50.17.42.78 - - [30/May/2012:14:52:27 +0600] "GET /content/view/20/157 HTTP/1.0" 200 6083 "" "GSLFbot"
50.17.42.78 - - [30/May/2012:14:52:31 +0600] "GET /content/view/22/157 HTTP/1.0" 200 5897 "" "GSLFbot"
50.17.42.78 - - [30/May/2012:14:52:34 +0600] "GET /content/view/269 HTTP/1.0" 200 4502 "" "GSLFbot"
50.17.42.78 - - [30/May/2012:14:52:38 +0600] "GET /component/option,com_frontpage/content/view/989/1 HTTP/1.0" 200 5959 "" "GSLFbot"
50.17.42.78 - - [30/May/2012:14:52:41 +0600] "GET /component/option,com_frontpage/content/view/976/1 HTTP/1.0" 200 7393 "" "GSLFbot"
50.17.42.78 - - [30/May/2012:14:52:45 +0600] "GET /component/option,com_frontpage/content/view/970/1 HTTP/1.0" 200 11467 "" "GSLFbot"
50.17.42.78 - - [30/May/2012:14:52:49 +0600] "GET /component/option,com_frontpage/content/view/794/1 HTTP/1.0" 200 6090 "" "GSLFbot"
50.17.42.78 - - [30/May/2012:14:52:52 +0600] "GET /component/option,com_frontpage/content/view/811/1 HTTP/1.0" 200 6021 "" "GSLFbot"
178.154.163.30 - - [30/May/2012:14:52:53 +0600] "GET /content/view/530/117/ HTTP/1.0" 200 5150 "-" "Mozilla/5.0 (compatible; YandexBot/3.0; +http://yandex.com/bots)"
50.17.42.78 - - [30/May/2012:14:52:56 +0600] "GET /component/option,com_frontpage/content/view/22/157 HTTP/1.0" 200 5900 "" "GSLFbot"
50.17.42.78 - - [30/May/2012:14:52:59 +0600] "GET /content/view/997/66 HTTP/1.0" 200 5974 "" "GSLFbot"
50.17.42.78 - - [30/May/2012:14:53:03 +0600] "GET /index2.php?option=com_content&task=view&id=997&pop=1&page=0&Itemid=66 HTTP/1.0" 200 1512 "" "GSLFbot"
50.17.42.78 - - [30/May/2012:14:53:06 +0600] "GET /content/view/996/66 HTTP/1.0" 200 6958 "" "GSLFbot"
50.17.42.78 - - [30/May/2012:14:53:10 +0600] "GET /index2.php?option=com_content&task=view&id=996&pop=1&page=0&Itemid=66 HTTP/1.0" 200 2462 "" "GSLFbot"
50.17.42.78 - - [30/May/2012:14:53:13 +0600] "GET /content/view/994/66 HTTP/1.0" 200 5948 "" "GSLFbot"
50.17.42.78 - - [30/May/2012:14:53:17 +0600] "GET /index2.php?option=com_content&task=view&id=994&pop=1&page=0&Itemid=66 HTTP/1.0" 200 1425 "" "GSLFbot"
50.17.42.78 - - [30/May/2012:14:53:20 +0600] "GET /content/view/995/66 HTTP/1.0" 200 5825 "" "GSLFbot"
50.17.42.78 - - [30/May/2012:14:53:24 +0600] "GET /index2.php?option=com_content&task=view&id=995&pop=1&page=0&Itemid=66 HTTP/1.0" 200 1298 "" "GSLFbot"
50.17.42.78 - - [30/May/2012:14:53:27 +0600] "GET /content/view/992/66 HTTP/1.0" 200 5930 "" "GSLFbot"
50.17.42.78 - - [30/May/2012:14:53:31 +0600] "GET /index2.php?option=com_content&task=view&id=992&pop=1&page=0&Itemid=66 HTTP/1.0" 200 1403 "" "GSLFbot"
50.17.42.78 - - [30/May/2012:14:53:34 +0600] "GET /content/blogcategory/1/66/5/5 HTTP/1.0" 200 7706 "" "GSLFbot"
50.17.42.78 - - [30/May/2012:14:53:38 +0600] "GET /content/blogcategory/1/66/5/10 HTTP/1.0" 200 7079 "" "GSLFbot"
178.154.163.30 - - [30/May/2012:14:53:41 +0600] "GET /index2.php?option=com_content&task=view&id=649&pop=1&page=0&Itemid=66 HTTP/1.0" 200 1572 "-" "Mozilla/5.0 (compatible; YandexBot/3.0; +http://yandex.com/bots)"
