178.154.163.30 - - [06/Jun/2012:04:04:14 +0600] "GET /content/view/291/66 HTTP/1.0" 200 6051 "-" "Mozilla/5.0 (compatible; YandexBot/3.0; +http://yandex.com/bots)"
68.233.226.103 - - [06/Jun/2012:04:05:07 +0600] "GET /content/view/794/114/index.php?option=com_contact&Itemid=3 HTTP/1.0" 200 15943 "-" "Mozilla/5.0 (Windows NT 5.1) AppleWebKit/535.2 (KHTML, like Gecko) Chrome/15.0.872.0 Safari/535.2"
178.154.163.30 - - [06/Jun/2012:04:11:31 +0600] "GET /files/articles/panorama2.pdf HTTP/1.0" 304 - "-" "Mozilla/5.0 (compatible; YandexBot/3.0; +http://yandex.com/bots)"
68.233.226.103 - - [06/Jun/2012:04:13:08 +0600] "GET /content/view/794/114/index.php?option=com_search&Itemid=5 HTTP/1.0" 200 15943 "-" "Mozilla/5.0 (Windows NT 5.1) AppleWebKit/535.2 (KHTML, like Gecko) Chrome/15.0.872.0 Safari/535.2"
66.249.66.77 - - [06/Jun/2012:04:13:40 +0600] "GET /content/view/1007/66/ HTTP/1.0" 200 5976 "-" "Mozilla/5.0 (compatible; Googlebot/2.1; +http://www.google.com/bot.html)"
213.180.206.197 - - [06/Jun/2012:04:16:19 +0600] "GET / HTTP/1.0" 200 23974 "-" "Mozilla/5.0 (compatible; YandexMetrika/2.0; +http://yandex.com/bots)"
68.233.226.103 - - [06/Jun/2012:04:17:03 +0600] "GET /content/view/794/117/content/view/659/1/ HTTP/1.0" 200 16646 "-" "Mozilla/5.0 (Windows NT 5.1) AppleWebKit/535.2 (KHTML, like Gecko) Chrome/15.0.872.0 Safari/535.2"
66.249.72.137 - - [06/Jun/2012:04:17:29 +0600] "GET /index2.php?option=com_content&task=view&id=1002&pop=1&page=0&Itemid=66 HTTP/1.0" 200 2197 "-" "Mozilla/5.0 (compatible; Googlebot/2.1; +http://www.google.com/bot.html)"
178.154.163.30 - - [06/Jun/2012:04:17:43 +0600] "GET /content/category/1/50/160/ HTTP/1.0" 200 5287 "-" "Mozilla/5.0 (compatible; YandexBot/3.0; +http://yandex.com/bots)"
68.233.226.103 - - [06/Jun/2012:04:17:58 +0600] "GET /content/view/794/117/content/view/704/183/ HTTP/1.0" 200 16646 "-" "Mozilla/5.0 (Windows NT 5.1) AppleWebKit/535.2 (KHTML, like Gecko) Chrome/15.0.872.0 Safari/535.2"
66.249.66.77 - - [06/Jun/2012:04:21:52 +0600] "GET /content/view/991/66/ HTTP/1.0" 200 6103 "-" "Mozilla/5.0 (compatible; Googlebot/2.1; +http://www.google.com/bot.html)"
178.154.163.30 - - [06/Jun/2012:04:24:10 +0600] "GET /index2.php?option=com_content&task=view&id=384&pop=1&page=0&Itemid=217 HTTP/1.0" 200 3092 "-" "Mozilla/5.0 (compatible; YandexBot/3.0; +http://yandex.com/bots)"
66.249.66.77 - - [06/Jun/2012:04:24:24 +0600] "GET /content/view/723/141/ HTTP/1.0" 200 5090 "-" "Mozilla/5.0 (compatible; Googlebot/2.1; +http://www.google.com/bot.html)"
66.249.66.77 - - [06/Jun/2012:04:24:58 +0600] "GET /content/view/201/67/ HTTP/1.0" 200 3004 "-" "Mozilla/5.0 (compatible; Googlebot/2.1; +http://www.google.com/bot.html)"
66.249.66.77 - - [06/Jun/2012:04:27:37 +0600] "GET /content/view/345/ HTTP/1.0" 200 5729 "-" "Mozilla/5.0 (compatible; Googlebot/2.1; +http://www.google.com/bot.html)"
83.169.60.25 - - [06/Jun/2012:04:29:40 +0600] "GET / HTTP/1.0" 200 23989 "-" "Mozilla/5.0 (Windows; U; Windows NT 6.0; de; rv:1.9.0.6) Gecko/2009011913 Firefox/3.0.6"
83.169.60.25 - - [06/Jun/2012:04:29:40 +0600] "GET /20e6a4bb032fcfae5d.php HTTP/1.0" 404 299 "-" "Mozilla/5.0 (Windows; U; Windows NT 6.0; de; rv:1.9.0.6) Gecko/2009011913 Firefox/3.0.6"
178.154.163.30 - - [06/Jun/2012:04:31:01 +0600] "GET /index2.php?option=com_content&task=view&id=39&pop=1&page=0&Itemid=194 HTTP/1.0" 200 1542 "-" "Mozilla/5.0 (compatible; YandexBot/3.0; +http://yandex.com/bots)"
66.249.66.77 - - [06/Jun/2012:04:31:10 +0600] "GET /content/section/8/55/ HTTP/1.0" 200 5222 "-" "Mozilla/5.0 (compatible; Googlebot/2.1; +http://www.google.com/bot.html)"
66.249.66.77 - - [06/Jun/2012:04:34:32 +0600] "GET /content/view/940/55/ HTTP/1.0" 200 5141 "-" "Mozilla/5.0 (compatible; Googlebot/2.1; +http://www.google.com/bot.html)"
66.249.66.77 - - [06/Jun/2012:04:34:36 +0600] "GET /content/view/527/66/ HTTP/1.0" 200 5912 "-" "Mozilla/5.0 (compatible; Googlebot/2.1; +http://www.google.com/bot.html)"
66.249.66.77 - - [06/Jun/2012:04:35:19 +0600] "GET /content/view/403/141/ HTTP/1.0" 200 5089 "-" "Mozilla/5.0 (compatible; Googlebot/2.1; +http://www.google.com/bot.html)"
66.249.66.77 - - [06/Jun/2012:04:35:34 +0600] "GET /content/view/580/52/ HTTP/1.0" 200 5119 "-" "Mozilla/5.0 (compatible; Googlebot/2.1; +http://www.google.com/bot.html)"
66.249.72.137 - - [06/Jun/2012:04:36:54 +0600] "GET /content/view/235/66/ HTTP/1.0" 200 5133 "-" "Mozilla/5.0 (compatible; Googlebot/2.1; +http://www.google.com/bot.html)"
178.154.163.30 - - [06/Jun/2012:04:37:55 +0600] "GET /index2.php?option=com_content&task=view&id=1001&pop=1&page=0&Itemid=1 HTTP/1.0" 200 14337 "-" "Mozilla/5.0 (compatible; YandexBot/3.0; +http://yandex.com/bots)"
157.56.94.164 - - [06/Jun/2012:04:38:41 +0600] "GET /content/view/204/47/ HTTP/1.0" 200 10170 "-" "msnbot/2.0b (+http://search.msn.com/msnbot.htm)"
68.233.226.103 - - [06/Jun/2012:04:39:57 +0600] "GET /content/view/794/117/content/view/793/1/ HTTP/1.0" 200 16646 "-" "Mozilla/5.0 (Windows NT 5.1) AppleWebKit/535.2 (KHTML, like Gecko) Chrome/15.0.872.0 Safari/535.2"
66.249.66.77 - - [06/Jun/2012:04:43:26 +0600] "GET /content/view/235/67/ HTTP/1.0" 200 3004 "-" "Mozilla/5.0 (compatible; Googlebot/2.1; +http://www.google.com/bot.html)"
178.154.163.30 - - [06/Jun/2012:04:44:38 +0600] "GET /content/blogcategory/1/66/9/36/ HTTP/1.0" 200 7134 "-" "Mozilla/5.0 (compatible; YandexBot/3.0; +http://yandex.com/bots)"
66.249.66.77 - - [06/Jun/2012:04:48:28 +0600] "GET /content/view/697/51/ HTTP/1.0" 200 3004 "-" "Mozilla/5.0 (compatible; Googlebot/2.1; +http://www.google.com/bot.html)"
178.154.163.30 - - [06/Jun/2012:04:51:01 +0600] "GET /content/view/326/167 HTTP/1.0" 200 8407 "-" "Mozilla/5.0 (compatible; YandexBot/3.0; +http://yandex.com/bots)"
207.46.204.208 - - [06/Jun/2012:04:51:40 +0600] "GET /component/option,com_joomap/Itemid,64/ HTTP/1.0" 200 19872 "-" "Mozilla/4.0 (compatible; MSIE 7.0; Windows NT 5.2;  SLCC1;  .NET CLR 1.1.4325;  .NET CLR 2.0.40607;  .NET CLR 3.0.04506.648)"
68.233.226.103 - - [06/Jun/2012:04:52:16 +0600] "GET /content/view/793/66/content/view/22/157/ HTTP/1.0" 200 19264 "-" "Mozilla/5.0 (Windows NT 5.1) AppleWebKit/535.2 (KHTML, like Gecko) Chrome/15.0.872.0 Safari/535.2"
213.180.206.197 - - [06/Jun/2012:04:54:19 +0600] "GET / HTTP/1.0" 200 23989 "-" "Mozilla/5.0 (compatible; YandexMetrika/2.0; +http://yandex.com/bots)"
178.154.163.30 - - [06/Jun/2012:04:57:38 +0600] "GET /files/articles/IBobsluzhivanie.pdf HTTP/1.0" 304 - "-" "Mozilla/5.0 (compatible; YandexBot/3.0; +http://yandex.com/bots)"
68.233.226.103 - - [06/Jun/2012:05:01:02 +0600] "GET /content/view/794/111/content/view/811/1/ HTTP/1.0" 200 16415 "-" "Mozilla/5.0 (Windows NT 5.1) AppleWebKit/535.2 (KHTML, like Gecko) Chrome/15.0.872.0 Safari/535.2"
178.154.163.30 - - [06/Jun/2012:05:04:04 +0600] "GET /content/view/812/126/ HTTP/1.0" 200 5099 "-" "Mozilla/5.0 (compatible; YandexBot/3.0; +http://yandex.com/bots)"
66.249.66.77 - - [06/Jun/2012:05:06:55 +0600] "GET /content/view/1008/66/ HTTP/1.0" 200 5694 "-" "Mozilla/5.0 (compatible; Googlebot/2.1; +http://www.google.com/bot.html)"
68.233.226.103 - - [06/Jun/2012:05:07:35 +0600] "GET /content/view/793/66/content/view/940/1/ HTTP/1.0" 200 19266 "-" "Mozilla/5.0 (Windows NT 5.1) AppleWebKit/535.2 (KHTML, like Gecko) Chrome/15.0.872.0 Safari/535.2"
66.249.66.77 - - [06/Jun/2012:05:09:10 +0600] "GET /content/view/535/132/ HTTP/1.0" 200 5083 "-" "Mozilla/5.0 (compatible; Googlebot/2.1; +http://www.google.com/bot.html)"
178.154.163.30 - - [06/Jun/2012:05:10:51 +0600] "GET /content/view/90/62/ HTTP/1.0" 200 10811 "-" "Mozilla/5.0 (compatible; YandexBot/3.0; +http://yandex.com/bots)"
66.249.66.77 - - [06/Jun/2012:05:14:35 +0600] "GET /index2.php?option=com_content&task=view&id=1007&pop=1&page=0&Itemid=66 HTTP/1.0" 200 1501 "-" "Mozilla/5.0 (compatible; Googlebot/2.1; +http://www.google.com/bot.html)"
178.154.163.30 - - [06/Jun/2012:05:17:35 +0600] "GET /index2.php?option=com_content&task=view&id=34&pop=1&page=0&Itemid=160 HTTP/1.0" 200 1633 "-" "Mozilla/5.0 (compatible; YandexBot/3.0; +http://yandex.com/bots)"
66.249.66.77 - - [06/Jun/2012:05:21:33 +0600] "GET /content/view/580/119/ HTTP/1.0" 200 5090 "-" "Mozilla/5.0 (compatible; Googlebot/2.1; +http://www.google.com/bot.html)"
178.154.163.30 - - [06/Jun/2012:05:24:01 +0600] "GET /content/view/711/1/ HTTP/1.0" 200 5499 "-" "Mozilla/5.0 (compatible; YandexBot/3.0; +http://yandex.com/bots)"
66.249.66.77 - - [06/Jun/2012:05:26:51 +0600] "GET /content/view/580/143/ HTTP/1.0" 200 5092 "-" "Mozilla/5.0 (compatible; Googlebot/2.1; +http://www.google.com/bot.html)"
66.249.66.77 - - [06/Jun/2012:05:28:10 +0600] "GET /content/view/580/234/ HTTP/1.0" 200 3004 "-" "Mozilla/5.0 (compatible; Googlebot/2.1; +http://www.google.com/bot.html)"
66.249.66.77 - - [06/Jun/2012:05:29:31 +0600] "GET /content/view/1003/222/ HTTP/1.0" 200 6048 "-" "Mozilla/5.0 (compatible; Googlebot/2.1; +http://www.google.com/bot.html)"
178.154.163.30 - - [06/Jun/2012:05:30:14 +0600] "GET /content/view/668/56/ HTTP/1.0" 200 4080 "-" "Mozilla/5.0 (compatible; YandexBot/3.0; +http://yandex.com/bots)"
213.180.206.197 - - [06/Jun/2012:05:31:34 +0600] "GET / HTTP/1.0" 200 23984 "-" "Mozilla/5.0 (compatible; YandexMetrika/2.0; +http://yandex.com/bots)"
95.108.141.3 - - [06/Jun/2012:05:33:56 +0600] "HEAD /content/section/8/55 HTTP/1.0" 200 - "-" "Mozilla/5.0 (compatible; YandexSitelinks; Dyatel; +http://yandex.com/bots)"
66.249.72.137 - - [06/Jun/2012:05:34:23 +0600] "GET /content/view/695/140/ HTTP/1.0" 200 5095 "-" "Mozilla/5.0 (compatible; Googlebot/2.1; +http://www.google.com/bot.html)"
66.249.72.137 - - [06/Jun/2012:05:35:14 +0600] "GET /content/view/697/157/ HTTP/1.0" 200 5112 "-" "Mozilla/5.0 (compatible; Googlebot/2.1; +http://www.google.com/bot.html)"
207.46.199.251 - - [06/Jun/2012:05:35:24 +0600] "GET /content/view/384/161/ HTTP/1.0" 200 5830 "-" "msnbot-media/1.1 (+http://search.msn.com/msnbot.htm)"
178.154.163.30 - - [06/Jun/2012:05:36:33 +0600] "GET /content/view/137/66/ HTTP/1.0" 200 6430 "-" "Mozilla/5.0 (compatible; YandexBot/3.0; +http://yandex.com/bots)"
178.154.163.30 - - [06/Jun/2012:05:43:14 +0600] "GET /files/scen_prazd/dorog_znak.pdf HTTP/1.0" 304 - "-" "Mozilla/5.0 (compatible; YandexBot/3.0; +http://yandex.com/bots)"
68.233.226.103 - - [06/Jun/2012:05:45:34 +0600] "GET /content/view/794/106/index.php HTTP/1.0" 200 15124 "-" "Mozilla/5.0 (Windows NT 5.1) AppleWebKit/535.2 (KHTML, like Gecko) Chrome/15.0.872.0 Safari/535.2"
66.249.66.77 - - [06/Jun/2012:05:48:13 +0600] "GET /content/view/560/140/ HTTP/1.0" 200 5096 "-" "Mozilla/5.0 (compatible; Googlebot/2.1; +http://www.google.com/bot.html)"
66.249.72.137 - - [06/Jun/2012:05:48:15 +0600] "GET /content/view/558/143/ HTTP/1.0" 200 5091 "-" "Mozilla/5.0 (compatible; Googlebot/2.1; +http://www.google.com/bot.html)"
178.154.163.30 - - [06/Jun/2012:05:49:48 +0600] "GET /index2.php?option=com_content&task=view&id=399&pop=1&page=0 HTTP/1.0" 200 1684 "-" "Mozilla/5.0 (compatible; YandexBot/3.0; +http://yandex.com/bots)"
66.249.66.77 - - [06/Jun/2012:05:51:09 +0600] "GET /content/view/1009/66/ HTTP/1.0" 200 5757 "-" "Mozilla/5.0 (compatible; Googlebot/2.1; +http://www.google.com/bot.html)"
66.249.66.77 - - [06/Jun/2012:05:52:28 +0600] "GET /content/view/751/109/ HTTP/1.0" 200 5105 "-" "Mozilla/5.0 (compatible; Googlebot/2.1; +http://www.google.com/bot.html)"
68.233.226.103 - - [06/Jun/2012:05:56:38 +0600] "GET /content/view/794/111/index.php HTTP/1.0" 200 16411 "-" "Mozilla/5.0 (Windows NT 5.1) AppleWebKit/535.2 (KHTML, like Gecko) Chrome/15.0.872.0 Safari/535.2"
178.154.163.30 - - [06/Jun/2012:05:56:51 +0600] "GET /content/view/417/66 HTTP/1.0" 200 5885 "-" "Mozilla/5.0 (compatible; YandexBot/3.0; +http://yandex.com/bots)"
178.154.163.30 - - [06/Jun/2012:05:58:10 +0600] "GET /content/view/983/1/ HTTP/1.0" 200 6419 "-" "Mozilla/5.0 (compatible; YandexBot/3.0; +http://yandex.com/bots)"
66.249.66.77 - - [06/Jun/2012:05:59:26 +0600] "GET /index2.php?option=com_content&task=view&id=1008&pop=1&page=0&Itemid=66 HTTP/1.0" 200 1198 "-" "Mozilla/5.0 (compatible; Googlebot/2.1; +http://www.google.com/bot.html)"
66.249.72.137 - - [06/Jun/2012:05:59:33 +0600] "GET /content/view/752/123/ HTTP/1.0" 200 5108 "-" "Mozilla/5.0 (compatible; Googlebot/2.1; +http://www.google.com/bot.html)"
66.249.66.77 - - [06/Jun/2012:06:02:38 +0600] "GET /content/view/812/146/ HTTP/1.0" 200 5096 "-" "Mozilla/5.0 (compatible; Googlebot/2.1; +http://www.google.com/bot.html)"
207.46.195.206 - - [06/Jun/2012:06:04:16 +0600] "GET / HTTP/1.0" 200 6441 "-" "Mozilla/4.0 (compatible; MSIE 7.0; Windows NT 5.2;  SLCC1;  .NET CLR 1.1.4322;  .NET CLR 2.0.40607;  .NET CLR 3.0.30729)"
207.46.195.206 - - [06/Jun/2012:06:04:24 +0600] "GET /images/cgdb.swf HTTP/1.0" 200 19792297 "http://csdb.ufanet.ru/" "Mozilla/4.0 (compatible; MSIE 7.0; Windows NT 5.2;  SLCC1;  .NET CLR 1.1.4322;  .NET CLR 2.0.40607;  .NET CLR 3.0.30729)"
178.154.163.30 - - [06/Jun/2012:06:04:55 +0600] "GET /content/view/449/ HTTP/1.0" 200 5065 "-" "Mozilla/5.0 (compatible; YandexBot/3.0; +http://yandex.com/bots)"
66.249.66.77 - - [06/Jun/2012:06:08:50 +0600] "GET /content/view/820/1/ HTTP/1.0" 200 5500 "-" "Mozilla/5.0 (compatible; Googlebot/2.1; +http://www.google.com/bot.html)"
213.180.206.197 - - [06/Jun/2012:06:09:30 +0600] "GET / HTTP/1.0" 200 23984 "-" "Mozilla/5.0 (compatible; YandexMetrika/2.0; +http://yandex.com/bots)"
178.154.163.30 - - [06/Jun/2012:06:11:35 +0600] "GET /content/view/811/151/ HTTP/1.0" 200 5096 "-" "Mozilla/5.0 (compatible; YandexBot/3.0; +http://yandex.com/bots)"
66.249.66.77 - - [06/Jun/2012:06:12:19 +0600] "GET /content/view/752/109/ HTTP/1.0" 200 5104 "-" "Mozilla/5.0 (compatible; Googlebot/2.1; +http://www.google.com/bot.html)"
66.249.66.77 - - [06/Jun/2012:06:12:48 +0600] "GET /content/view/821/86/ HTTP/1.0" 200 5119 "-" "Mozilla/5.0 (compatible; Googlebot/2.1; +http://www.google.com/bot.html)"
157.55.18.24 - - [06/Jun/2012:06:12:52 +0600] "GET /content/view/23/157/ HTTP/1.0" 200 6007 "-" "Mozilla/5.0 (compatible; bingbot/2.0; +http://www.bing.com/bingbot.htm)"
68.233.226.103 - - [06/Jun/2012:06:13:28 +0600] "GET /content/view/794/117/content/view/794/1/ HTTP/1.0" 200 16646 "-" "Mozilla/5.0 (Windows NT 5.1) AppleWebKit/535.2 (KHTML, like Gecko) Chrome/15.0.872.0 Safari/535.2"
66.249.66.77 - - [06/Jun/2012:06:14:08 +0600] "GET /content/view/823/ HTTP/1.0" 200 4020 "-" "Mozilla/5.0 (compatible; Googlebot/2.1; +http://www.google.com/bot.html)"
66.249.66.77 - - [06/Jun/2012:06:14:14 +0600] "GET /content/view/1004/222/ HTTP/1.0" 200 5287 "-" "Mozilla/5.0 (compatible; Googlebot/2.1; +http://www.google.com/bot.html)"
178.154.163.30 - - [06/Jun/2012:06:17:53 +0600] "GET /index2.php?option=com_content&task=view&id=43&pop=1&page=0&Itemid=194 HTTP/1.0" 200 1565 "-" "Mozilla/5.0 (compatible; YandexBot/3.0; +http://yandex.com/bots)"
68.233.226.103 - - [06/Jun/2012:06:22:35 +0600] "GET /content/view/794/117/content/view/795/1/ HTTP/1.0" 200 16646 "-" "Mozilla/5.0 (Windows NT 5.1) AppleWebKit/535.2 (KHTML, like Gecko) Chrome/15.0.872.0 Safari/535.2"
66.249.66.77 - - [06/Jun/2012:06:23:51 +0600] "GET /content/view/876/128/ HTTP/1.0" 200 5085 "-" "Mozilla/5.0 (compatible; Googlebot/2.1; +http://www.google.com/bot.html)"
178.154.163.30 - - [06/Jun/2012:06:24:13 +0600] "GET /content/view/325/ HTTP/1.0" 200 10540 "-" "Mozilla/5.0 (compatible; YandexBot/3.0; +http://yandex.com/bots)"
66.249.66.77 - - [06/Jun/2012:06:26:04 +0600] "GET /content/view/922/1/ HTTP/1.0" 200 5499 "-" "Mozilla/5.0 (compatible; Googlebot/2.1; +http://www.google.com/bot.html)"
66.249.66.77 - - [06/Jun/2012:06:26:57 +0600] "GET /content/view/922/150/ HTTP/1.0" 200 5096 "-" "Mozilla/5.0 (compatible; Googlebot/2.1; +http://www.google.com/bot.html)"
66.249.72.137 - - [06/Jun/2012:06:29:20 +0600] "GET /index2.php?option=com_content&task=view&id=1003&pop=1&page=0&Itemid=222 HTTP/1.0" 200 2592 "-" "Mozilla/5.0 (compatible; Googlebot/2.1; +http://www.google.com/bot.html)"
178.154.163.30 - - [06/Jun/2012:06:30:48 +0600] "GET /content/view/793/194/ HTTP/1.0" 200 5124 "-" "Mozilla/5.0 (compatible; YandexBot/3.0; +http://yandex.com/bots)"
68.233.226.103 - - [06/Jun/2012:06:32:02 +0600] "GET /content/view/794/117/index.php HTTP/1.0" 200 16642 "-" "Mozilla/5.0 (Windows NT 5.1) AppleWebKit/535.2 (KHTML, like Gecko) Chrome/15.0.872.0 Safari/535.2"
68.233.226.103 - - [06/Jun/2012:06:33:47 +0600] "GET /content/view/794/117/index.php?option=com_contact&Itemid=3 HTTP/1.0" 200 16642 "-" "Mozilla/5.0 (Windows NT 5.1) AppleWebKit/535.2 (KHTML, like Gecko) Chrome/15.0.872.0 Safari/535.2"
68.233.226.103 - - [06/Jun/2012:06:34:02 +0600] "GET /content/view/793/66/content/view/950/1/ HTTP/1.0" 200 19266 "-" "Mozilla/5.0 (Windows NT 5.1) AppleWebKit/535.2 (KHTML, like Gecko) Chrome/15.0.872.0 Safari/535.2"
194.226.214.125 - - [06/Jun/2012:06:34:40 +0600] "GET / HTTP/1.0" 200 23989 "http://window.edu.ru/catalog" "Mozilla/5.0 (Windows; U; Windows NT 6.0; ru; rv:1.9.1.5) Gecko/20091102 Firefox/3.5.5 (.NET CLR 3.5.30729)"
66.249.66.77 - - [06/Jun/2012:06:36:48 +0600] "GET /index.php?option=com_joomap&view=google HTTP/1.0" 200 68878 "-" "Mozilla/5.0 (compatible; Googlebot/2.1; +http://www.google.com/bot.html)"
178.154.163.30 - - [06/Jun/2012:06:37:28 +0600] "GET /content/view/289/154/ HTTP/1.0" 200 9815 "-" "Mozilla/5.0 (compatible; YandexBot/3.0; +http://yandex.com/bots)"
68.233.226.103 - - [06/Jun/2012:06:38:33 +0600] "GET /content/view/794/111/index.php?option=com_contact&Itemid=3 HTTP/1.0" 200 16411 "-" "Mozilla/5.0 (Windows NT 5.1) AppleWebKit/535.2 (KHTML, like Gecko) Chrome/15.0.872.0 Safari/535.2"
95.220.169.178 - - [06/Jun/2012:06:40:04 +0600] "GET /content/view/282/ HTTP/1.0" 200 31135 "http://yandex.ru/yandsearch?text=csdb.ufanet.ru&lr=213" "Mozilla/4.0 (compatible; MSIE 6.0; Windows NT 5.1; SV1)"
66.249.66.77 - - [06/Jun/2012:06:40:38 +0600] "GET /content/view/940/252/ HTTP/1.0" 200 5086 "-" "Mozilla/5.0 (compatible; Googlebot/2.1; +http://www.google.com/bot.html)"
178.154.163.30 - - [06/Jun/2012:06:43:44 +0600] "GET /content/view/834/222 HTTP/1.0" 200 5079 "-" "Mozilla/5.0 (compatible; YandexBot/3.0; +http://yandex.com/bots)"
66.249.66.77 - - [06/Jun/2012:06:45:30 +0600] "GET /content/view/950/201/ HTTP/1.0" 200 5089 "-" "Mozilla/5.0 (compatible; Googlebot/2.1; +http://www.google.com/bot.html)"
213.180.206.197 - - [06/Jun/2012:06:47:28 +0600] "GET / HTTP/1.0" 200 23984 "-" "Mozilla/5.0 (compatible; YandexMetrika/2.0; +http://yandex.com/bots)"
178.154.163.30 - - [06/Jun/2012:06:50:11 +0600] "GET /content/view/726/66/ HTTP/1.0" 200 5774 "-" "Mozilla/5.0 (compatible; YandexBot/3.0; +http://yandex.com/bots)"
178.154.163.30 - - [06/Jun/2012:06:53:28 +0600] "GET /content/view/545/183/ HTTP/1.0" 200 7075 "-" "Mozilla/5.0 (compatible; YandexBot/3.0; +http://yandex.com/bots)"
66.249.66.77 - - [06/Jun/2012:06:57:25 +0600] "GET /content/view/971/1/ HTTP/1.0" 200 5500 "-" "Mozilla/5.0 (compatible; Googlebot/2.1; +http://www.google.com/bot.html)"
66.249.66.77 - - [06/Jun/2012:06:57:51 +0600] "GET /content/view/1010/66/ HTTP/1.0" 200 5751 "-" "Mozilla/5.0 (compatible; Googlebot/2.1; +http://www.google.com/bot.html)"
68.233.226.103 - - [06/Jun/2012:06:59:06 +0600] "GET /content/view/794/106/index.php?option=com_contact&Itemid=3 HTTP/1.0" 200 15124 "-" "Mozilla/5.0 (Windows NT 5.1) AppleWebKit/535.2 (KHTML, like Gecko) Chrome/15.0.872.0 Safari/535.2"
178.154.163.30 - - [06/Jun/2012:06:59:46 +0600] "GET /content/view/982/145/ HTTP/1.0" 200 6124 "-" "Mozilla/5.0 (compatible; YandexBot/3.0; +http://yandex.com/bots)"
66.249.66.77 - - [06/Jun/2012:07:00:04 +0600] "GET /index2.php?option=com_content&task=view&id=1009&pop=1&page=0&Itemid=66 HTTP/1.0" 200 1258 "-" "Mozilla/5.0 (compatible; Googlebot/2.1; +http://www.google.com/bot.html)"
66.249.72.137 - - [06/Jun/2012:07:00:30 +0600] "GET /content/view/970/1/ HTTP/1.0" 200 5500 "-" "Mozilla/5.0 (compatible; Googlebot/2.1; +http://www.google.com/bot.html)"
66.249.66.77 - - [06/Jun/2012:07:04:55 +0600] "GET /content/view/518/66/ HTTP/1.0" 200 5955 "-" "Mozilla/5.0 (compatible; Googlebot/2.1; +http://www.google.com/bot.html)"
68.233.226.103 - - [06/Jun/2012:07:05:06 +0600] "GET /content/view/793/55/content/view/940/1/ HTTP/1.0" 200 17335 "-" "Mozilla/5.0 (Windows NT 5.1) AppleWebKit/535.2 (KHTML, like Gecko) Chrome/15.0.872.0 Safari/535.2"
68.233.226.103 - - [06/Jun/2012:07:05:53 +0600] "GET /content/view/793/55/content/view/22/157/ HTTP/1.0" 200 17333 "-" "Mozilla/5.0 (Windows NT 5.1) AppleWebKit/535.2 (KHTML, like Gecko) Chrome/15.0.872.0 Safari/535.2"
178.154.163.30 - - [06/Jun/2012:07:06:10 +0600] "GET /index2.php?option=com_content&task=view&id=989&pop=1&page=0&Itemid=67 HTTP/1.0" 200 1132 "-" "Mozilla/5.0 (compatible; YandexBot/3.0; +http://yandex.com/bots)"
66.249.66.77 - - [06/Jun/2012:07:07:32 +0600] "GET /content/view/989/225/ HTTP/1.0" 200 5569 "-" "Mozilla/5.0 (compatible; Googlebot/2.1; +http://www.google.com/bot.html)"
66.249.66.77 - - [06/Jun/2012:07:08:51 +0600] "GET /content/view/982/154/ HTTP/1.0" 200 6123 "-" "Mozilla/5.0 (compatible; Googlebot/2.1; +http://www.google.com/bot.html)"
68.233.226.103 - - [06/Jun/2012:07:11:28 +0600] "GET /content/view/793/55/content/view/950/1/ HTTP/1.0" 200 17335 "-" "Mozilla/5.0 (Windows NT 5.1) AppleWebKit/535.2 (KHTML, like Gecko) Chrome/15.0.872.0 Safari/535.2"
66.249.66.77 - - [06/Jun/2012:07:11:54 +0600] "GET /content/view/89/ HTTP/1.0" 200 10326 "-" "Mozilla/5.0 (compatible; Googlebot/2.1; +http://www.google.com/bot.html)"
68.233.226.103 - - [06/Jun/2012:07:12:27 +0600] "GET /content/view/793/55/content/view/952/1/ HTTP/1.0" 200 17335 "-" "Mozilla/5.0 (Windows NT 5.1) AppleWebKit/535.2 (KHTML, like Gecko) Chrome/15.0.872.0 Safari/535.2"
178.154.163.30 - - [06/Jun/2012:07:12:50 +0600] "GET /content/view/800/66 HTTP/1.0" 200 7180 "-" "Mozilla/5.0 (compatible; YandexBot/3.0; +http://yandex.com/bots)"
66.249.72.137 - - [06/Jun/2012:07:12:51 +0600] "GET /content/view/879/252/ HTTP/1.0" 200 5088 "-" "Mozilla/5.0 (compatible; Googlebot/2.1; +http://www.google.com/bot.html)"
66.249.66.77 - - [06/Jun/2012:07:14:31 +0600] "GET /content/view/986/1/ HTTP/1.0" 200 6208 "-" "Mozilla/5.0 (compatible; Googlebot/2.1; +http://www.google.com/bot.html)"
95.105.41.121 - - [06/Jun/2012:07:18:06 +0600] "GET /content/view/538/183/ HTTP/1.0" 200 6550 "http://go.mail.ru/search?mailru=1&q=%D0%BF%D1%80%D0%B5%D0%B7%D0%B5%D0%BD%D1%82%D0%B0%D1%86%D0%B8%D1%8F+%D0%BD%D0%B0+%D1%82%D0%B5%D0%BC%D1%83+%D1%83%D1%80%D0%B0%D0%BB+%D0%B1%D0%B0%D1%82%D1%8B%D1%80" "Mozilla/5.0 (Windows NT 6.1) AppleWebKit/536.5 (KHTML, like Gecko) Chrome/19.0.1084.52 Safari/536.5"
95.105.41.121 - - [06/Jun/2012:07:18:14 +0600] "GET /content/view/538/183/ HTTP/1.0" 200 6549 "http://csdb.ufanet.ru/content/view/538/183/" "Mozilla/5.0 (Windows NT 6.1) AppleWebKit/536.5 (KHTML, like Gecko) Chrome/19.0.1084.52 Safari/536.5"
178.154.163.30 - - [06/Jun/2012:07:19:08 +0600] "GET /content/view/127/130/ HTTP/1.0" 200 17402 "-" "Mozilla/5.0 (compatible; YandexBot/3.0; +http://yandex.com/bots)"
66.249.72.137 - - [06/Jun/2012:07:19:41 +0600] "GET /index2.php?option=com_content&task=view&id=1004&pop=1&page=0&Itemid=222 HTTP/1.0" 200 1830 "-" "Mozilla/5.0 (compatible; Googlebot/2.1; +http://www.google.com/bot.html)"
66.249.66.77 - - [06/Jun/2012:07:21:19 +0600] "GET /content/view/1005/222/ HTTP/1.0" 200 4788 "-" "Mozilla/5.0 (compatible; Googlebot/2.1; +http://www.google.com/bot.html)"
207.46.204.131 - - [06/Jun/2012:07:22:03 +0600] "GET /content/view/384/161/ HTTP/1.0" 200 5830 "-" "msnbot-media/1.1 (+http://search.msn.com/msnbot.htm)"
213.180.206.197 - - [06/Jun/2012:07:22:53 +0600] "GET / HTTP/1.0" 200 24024 "-" "Mozilla/5.0 (compatible; YandexMetrika/2.0; +http://yandex.com/bots)"
65.52.104.19 - - [06/Jun/2012:07:22:59 +0600] "GET /index.php?option=com_content&task=view&id=82&Itemid=62 HTTP/1.0" 200 7703 "-" "Mozilla/5.0 (compatible; bingbot/2.0; +http://www.bing.com/bingbot.htm)"
207.46.194.144 - - [06/Jun/2012:07:25:35 +0600] "GET / HTTP/1.0" 200 6425 "-" "msnbot-media/1.1 (+http://search.msn.com/msnbot.htm)"
178.154.163.30 - - [06/Jun/2012:07:25:50 +0600] "GET /content/view/754/66/ HTTP/1.0" 200 6228 "-" "Mozilla/5.0 (compatible; YandexBot/3.0; +http://yandex.com/bots)"
68.233.226.103 - - [06/Jun/2012:07:29:48 +0600] "GET /content/view/793/64/content/view/659/1/ HTTP/1.0" 200 15473 "-" "Mozilla/5.0 (Windows NT 5.1) AppleWebKit/535.2 (KHTML, like Gecko) Chrome/15.0.872.0 Safari/535.2"
66.249.66.77 - - [06/Jun/2012:07:30:08 +0600] "GET /content/view/970/47/ HTTP/1.0" 200 5112 "-" "Mozilla/5.0 (compatible; Googlebot/2.1; +http://www.google.com/bot.html)"
178.154.163.30 - - [06/Jun/2012:07:32:12 +0600] "GET /content/view/811/143/ HTTP/1.0" 200 5090 "-" "Mozilla/5.0 (compatible; YandexBot/3.0; +http://yandex.com/bots)"
68.233.226.103 - - [06/Jun/2012:07:36:01 +0600] "GET /content/view/793/64/content/view/704/183/ HTTP/1.0" 200 15473 "-" "Mozilla/5.0 (Windows NT 5.1) AppleWebKit/535.2 (KHTML, like Gecko) Chrome/15.0.872.0 Safari/535.2"
68.233.226.103 - - [06/Jun/2012:07:36:16 +0600] "GET /content/view/793/66/content/view/952/1/ HTTP/1.0" 200 19266 "-" "Mozilla/5.0 (Windows NT 5.1) AppleWebKit/535.2 (KHTML, like Gecko) Chrome/15.0.872.0 Safari/535.2"
68.233.226.103 - - [06/Jun/2012:07:37:01 +0600] "GET /content/view/794/111/index.php?option=com_search&Itemid=5 HTTP/1.0" 200 16411 "-" "Mozilla/5.0 (Windows NT 5.1) AppleWebKit/535.2 (KHTML, like Gecko) Chrome/15.0.872.0 Safari/535.2"
178.154.163.30 - - [06/Jun/2012:07:38:41 +0600] "GET /index2.php?option=com_content&task=view&id=924&pop=1&page=0&Itemid=84 HTTP/1.0" 200 1747 "-" "Mozilla/5.0 (compatible; YandexBot/3.0; +http://yandex.com/bots)"
94.41.223.61 - - [06/Jun/2012:07:39:42 +0600] "GET /content/view/884/252/ HTTP/1.0" 200 13875 "http://yandex.ru/yandsearch?text=%D0%B1%D0%B0%D1%88%D0%BA%D0%B8%D1%80%D1%81%D0%BA%D0%B8%D0%B5+%D0%B2%D0%BE%D0%B8%D0%BD%D1%8B+%D0%B2+%D0%B2%D0%BE%D0%B9%D0%BD%D0%B5+12%D0%B3%D0%BE%D0%B4%D0%B0&clid=40795&lr=172" "Mozilla/5.0 (Windows NT 5.1; rv:9.0.1) Gecko/20100101 Firefox/9.0.1"
157.55.18.24 - - [06/Jun/2012:07:40:26 +0600] "GET /content/view/397/189/ HTTP/1.0" 200 5411 "-" "Mozilla/5.0 (compatible; bingbot/2.0; +http://www.bing.com/bingbot.htm)"
68.233.226.103 - - [06/Jun/2012:07:40:47 +0600] "GET /content/view/794/106/index.php?option=com_search&Itemid=5 HTTP/1.0" 200 15124 "-" "Mozilla/5.0 (Windows NT 5.1) AppleWebKit/535.2 (KHTML, like Gecko) Chrome/15.0.872.0 Safari/535.2"
68.233.226.103 - - [06/Jun/2012:07:41:32 +0600] "GET /content/view/793/71/content/view/659/1/ HTTP/1.0" 200 15601 "-" "Mozilla/5.0 (Windows NT 5.1) AppleWebKit/535.2 (KHTML, like Gecko) Chrome/15.0.872.0 Safari/535.2"
68.233.226.103 - - [06/Jun/2012:07:42:32 +0600] "GET /content/view/794/114/content/view/659/1/ HTTP/1.0" 200 15947 "-" "Mozilla/5.0 (Windows NT 5.1) AppleWebKit/535.2 (KHTML, like Gecko) Chrome/15.0.872.0 Safari/535.2"
178.154.163.30 - - [06/Jun/2012:07:43:40 +0600] "GET /content/view/697/1/ HTTP/1.0" 200 5498 "-" "Mozilla/5.0 (compatible; YandexBot/3.0; +http://yandex.com/bots)"
66.249.72.137 - - [06/Jun/2012:07:43:41 +0600] "GET /content/view/1006/222/ HTTP/1.0" 200 4844 "-" "Mozilla/5.0 (compatible; Googlebot/2.1; +http://www.google.com/bot.html)"
66.249.66.77 - - [06/Jun/2012:07:44:45 +0600] "GET /content/view/1011/66/ HTTP/1.0" 200 5914 "-" "Mozilla/5.0 (compatible; Googlebot/2.1; +http://www.google.com/bot.html)"
178.154.163.30 - - [06/Jun/2012:07:49:49 +0600] "GET /content/view/812/155/ HTTP/1.0" 200 5099 "-" "Mozilla/5.0 (compatible; YandexBot/3.0; +http://yandex.com/bots)"
178.154.163.30 - - [06/Jun/2012:07:56:15 +0600] "GET /content/view/276/ HTTP/1.0" 200 30084 "-" "Mozilla/5.0 (compatible; YandexBot/3.0; +http://yandex.com/bots)"
66.249.66.77 - - [06/Jun/2012:07:56:32 +0600] "GET /content/view/986/66/ HTTP/1.0" 200 5826 "-" "Mozilla/5.0 (compatible; Googlebot/2.1; +http://www.google.com/bot.html)"
94.75.27.78 - - [06/Jun/2012:08:01:51 +0600] "GET /content/view/234/66/ HTTP/1.0" 200 5966 "http://yandex.ru/yandsearch?text=%D0%BF%D1%83%D1%88%D0%BA%D0%B8%D0%BD%D1%81%D0%BA%D0%B8%D0%B9+%D0%B4%D0%B5%D0%BD%D1%8C+%D0%A0%D0%BE%D1%81%D1%81%D0%B8%D0%B8%2C+%D0%BC%D0%B5%D1%80%D0%BE%D0%BF%D1%80%D0%B8%D1%8F%D1%82%D0%B8%D1%8F&clid=9403&lr=11114" "Opera/9.80 (Windows NT 5.1; U; ru) Presto/2.10.229 Version/11.64"
94.75.27.78 - - [06/Jun/2012:08:02:07 +0600] "GET /content/category/7/20/52/ HTTP/1.0" 200 5678 "http://csdb.ufanet.ru/content/view/234/66/" "Opera/9.80 (Windows NT 5.1; U; ru) Presto/2.10.229 Version/11.64"
178.154.163.30 - - [06/Jun/2012:08:02:22 +0600] "GET /content/view/657/1/ HTTP/1.0" 200 5529 "-" "Mozilla/5.0 (compatible; YandexBot/3.0; +http://yandex.com/bots)"
213.180.206.197 - - [06/Jun/2012:08:03:24 +0600] "GET / HTTP/1.0" 200 24029 "-" "Mozilla/5.0 (compatible; YandexMetrika/2.0; +http://yandex.com/bots)"
66.249.66.77 - - [06/Jun/2012:08:04:04 +0600] "GET /content/view/986/67/ HTTP/1.0" 200 3786 "-" "Mozilla/5.0 (compatible; Googlebot/2.1; +http://www.google.com/bot.html)"
178.154.163.30 - - [06/Jun/2012:08:08:33 +0600] "GET /content/view/12/ HTTP/1.0" 200 6352 "-" "Mozilla/5.0 (compatible; YandexBot/3.0; +http://yandex.com/bots)"
66.249.66.77 - - [06/Jun/2012:08:09:49 +0600] "GET /content/view/986/90/ HTTP/1.0" 200 4351 "-" "Mozilla/5.0 (compatible; Googlebot/2.1; +http://www.google.com/bot.html)"
46.147.91.27 - - [06/Jun/2012:08:12:21 +0600] "GET /content/view/98/56/ HTTP/1.0" 200 9549 "http://csdb.ufanet.ru/content/view/98/56/" "Mozilla/4.7 (compatible; OffByOne; Windows 2000) Webster Pro V3.4"
66.249.66.77 - - [06/Jun/2012:08:12:22 +0600] "GET /index2.php?option=com_content&task=view&id=1005&pop=1&page=0&Itemid=222 HTTP/1.0" 200 1326 "-" "Mozilla/5.0 (compatible; Googlebot/2.1; +http://www.google.com/bot.html)"
178.154.163.30 - - [06/Jun/2012:08:14:47 +0600] "GET /files/scen_prazd/Jitelidrujnoiplaneti.pdf HTTP/1.0" 304 - "-" "Mozilla/5.0 (compatible; YandexBot/3.0; +http://yandex.com/bots)"
207.46.194.100 - - [06/Jun/2012:08:15:29 +0600] "GET /content/view/384/161/ HTTP/1.0" 200 5830 "-" "msnbot-media/1.1 (+http://search.msn.com/msnbot.htm)"
66.249.72.137 - - [06/Jun/2012:08:18:22 +0600] "GET /index2.php?option=com_content&task=view&id=1010&pop=1&page=0&Itemid=66 HTTP/1.0" 200 1263 "-" "Mozilla/5.0 (compatible; Googlebot/2.1; +http://www.google.com/bot.html)"
157.55.17.91 - - [06/Jun/2012:08:18:22 +0600] "GET /content/view/494/222 HTTP/1.0" 200 4807 "-" "Mozilla/4.0 (compatible; MSIE 7.0; Windows NT 5.2;  SLCC1;  .NET CLR 1.1.4322;  .NET CLR 2.0.40607;  .NET CLR 3.0.30729;  .NET CLR 3.5.30729)"
213.186.127.28 - - [06/Jun/2012:08:19:03 +0600] "GET /content/view/976/ HTTP/1.0" 200 5906 "-" "Mozilla/5.0 (compatible; AhrefsBot/3.0; +http://ahrefs.com/robot/)"
178.154.163.30 - - [06/Jun/2012:08:19:08 +0600] "GET /index2.php?option=com_content&task=view&id=238&pop=1&page=261&Itemid=66 HTTP/1.0" 200 1885 "-" "Mozilla/5.0 (compatible; YandexDirect/3.0; +http://yandex.com/bots)"
66.249.66.77 - - [06/Jun/2012:08:24:12 +0600] "GET /index2.php?option=com_content&task=view&id=1006&pop=1&page=0&Itemid=222 HTTP/1.0" 200 1393 "-" "Mozilla/5.0 (compatible; Googlebot/2.1; +http://www.google.com/bot.html)"
178.154.163.30 - - [06/Jun/2012:08:25:28 +0600] "GET /content/view/312/217/ HTTP/1.0" 200 3866 "-" "Mozilla/5.0 (compatible; YandexBot/3.0; +http://yandex.com/bots)"
178.154.163.30 - - [06/Jun/2012:08:31:26 +0600] "GET /content/view/483/66 HTTP/1.0" 200 7129 "-" "Mozilla/5.0 (compatible; YandexBot/3.0; +http://yandex.com/bots)"
66.249.72.137 - - [06/Jun/2012:08:35:04 +0600] "GET /content/view/989/115/ HTTP/1.0" 200 5564 "-" "Mozilla/5.0 (compatible; Googlebot/2.1; +http://www.google.com/bot.html)"
83.169.60.25 - - [06/Jun/2012:08:36:36 +0600] "GET / HTTP/1.0" 200 23989 "-" "Mozilla/5.0 (Windows; U; Windows NT 6.0; de; rv:1.9.0.6) Gecko/2009011913 Firefox/3.0.6"
83.169.60.25 - - [06/Jun/2012:08:36:36 +0600] "GET /20e6a4bb032fcfae5d.php HTTP/1.0" 404 299 "-" "Mozilla/5.0 (Windows; U; Windows NT 6.0; de; rv:1.9.0.6) Gecko/2009011913 Firefox/3.0.6"
178.154.163.30 - - [06/Jun/2012:08:37:26 +0600] "GET /content/view/703/66/ HTTP/1.0" 200 6526 "-" "Mozilla/5.0 (compatible; YandexBot/3.0; +http://yandex.com/bots)"
66.249.66.77 - - [06/Jun/2012:08:38:40 +0600] "GET /content/view/417/66/ HTTP/1.0" 200 5884 "-" "Mozilla/5.0 (compatible; Googlebot/2.1; +http://www.google.com/bot.html)"
66.249.66.77 - - [06/Jun/2012:08:39:03 +0600] "GET /content/view/486/66/ HTTP/1.0" 200 6631 "-" "Mozilla/5.0 (compatible; Googlebot/2.1; +http://www.google.com/bot.html)"
68.233.226.103 - - [06/Jun/2012:08:42:06 +0600] "GET /content/view/794/117/index.php?option=com_search&Itemid=5 HTTP/1.0" 200 16642 "-" "Mozilla/5.0 (Windows NT 5.1) AppleWebKit/535.2 (KHTML, like Gecko) Chrome/15.0.872.0 Safari/535.2"
213.180.206.197 - - [06/Jun/2012:08:42:34 +0600] "GET / HTTP/1.0" 200 23989 "-" "Mozilla/5.0 (compatible; YandexMetrika/2.0; +http://yandex.com/bots)"
178.154.163.30 - - [06/Jun/2012:08:43:32 +0600] "GET /content/view/795/1/ HTTP/1.0" 200 5500 "-" "Mozilla/5.0 (compatible; YandexBot/3.0; +http://yandex.com/bots)"
66.249.72.137 - - [06/Jun/2012:08:44:16 +0600] "GET /content/view/1012/66/ HTTP/1.0" 200 6038 "-" "Mozilla/5.0 (compatible; Googlebot/2.1; +http://www.google.com/bot.html)"
66.249.66.77 - - [06/Jun/2012:08:47:59 +0600] "GET /index2.php?option=com_content&task=view&id=1011&pop=1&page=0&Itemid=66 HTTP/1.0" 200 1458 "-" "Mozilla/5.0 (compatible; Googlebot/2.1; +http://www.google.com/bot.html)"
178.154.163.30 - - [06/Jun/2012:08:50:07 +0600] "GET /component/option,com_joomap/Itemid,64 HTTP/1.0" 200 19869 "-" "Mozilla/5.0 (compatible; YandexBot/3.0; +http://yandex.com/bots)"
95.108.141.3 - - [06/Jun/2012:08:51:46 +0600] "HEAD /component/option,com_search/Itemid,5/ HTTP/1.0" 200 - "-" "Mozilla/5.0 (compatible; YandexSitelinks; Dyatel; +http://yandex.com/bots)"
66.249.66.77 - - [06/Jun/2012:08:54:06 +0600] "GET /content/view/817/66/ HTTP/1.0" 200 5711 "-" "Mozilla/5.0 (compatible; Googlebot/2.1; +http://www.google.com/bot.html)"
178.154.163.30 - - [06/Jun/2012:08:56:02 +0600] "GET /content/view/940/1/ HTTP/1.0" 200 5498 "-" "Mozilla/5.0 (compatible; YandexBot/3.0; +http://yandex.com/bots)"
66.249.66.77 - - [06/Jun/2012:08:56:19 +0600] "GET /content/view/457/66/ HTTP/1.0" 200 6408 "-" "Mozilla/5.0 (compatible; Googlebot/2.1; +http://www.google.com/bot.html)"
66.249.66.77 - - [06/Jun/2012:08:57:12 +0600] "GET /content/view/986/5/ HTTP/1.0" 200 5814 "-" "Mozilla/5.0 (compatible; Googlebot/2.1; +http://www.google.com/bot.html)"
178.154.163.30 - - [06/Jun/2012:09:02:03 +0600] "GET /content/view/897/66/ HTTP/1.0" 200 5914 "-" "Mozilla/5.0 (compatible; YandexBot/3.0; +http://yandex.com/bots)"
66.249.66.77 - - [06/Jun/2012:09:07:50 +0600] "GET /component/option,com_true/Itemid,103/func,detail/catid,1/id,12/ HTTP/1.0" 200 5673 "-" "Mozilla/5.0 (compatible; Googlebot/2.1; +http://www.google.com/bot.html)"
178.154.163.30 - - [06/Jun/2012:09:08:08 +0600] "GET /content/category/1/28/55/ HTTP/1.0" 200 5353 "-" "Mozilla/5.0 (compatible; YandexBot/3.0; +http://yandex.com/bots)"
66.249.72.137 - - [06/Jun/2012:09:08:43 +0600] "GET /content/view/986/ HTTP/1.0" 200 4737 "-" "Mozilla/5.0 (compatible; Googlebot/2.1; +http://www.google.com/bot.html)"
83.149.3.177 - - [06/Jun/2012:09:08:48 +0600] "GET /content/view/717/90/ HTTP/1.0" 200 12790 "-" "Mozilla/5.0 (Windows; U; Windows NT 5.1; ru; rv:1.9.1.7) Gecko/20091221 Firefox/3.5.7 (.NET CLR 3.5.30729)"
66.249.66.77 - - [06/Jun/2012:09:11:22 +0600] "GET /content/view/377/66/ HTTP/1.0" 200 6725 "-" "Mozilla/5.0 (compatible; Googlebot/2.1; +http://www.google.com/bot.html)"
68.233.226.103 - - [06/Jun/2012:09:13:21 +0600] "GET /content/view/794/119/content/view/793/1/ HTTP/1.0" 200 16347 "-" "Mozilla/5.0 (Windows NT 5.1) AppleWebKit/535.2 (KHTML, like Gecko) Chrome/15.0.872.0 Safari/535.2"
83.149.3.177 - - [06/Jun/2012:09:13:57 +0600] "GET /content/view/717/90/ HTTP/1.0" 200 12790 "-" "Mozilla/5.0 (Windows; U; Windows NT 5.1; ru; rv:1.9.1.7) Gecko/20091221 Firefox/3.5.7 (.NET CLR 3.5.30729)"
178.154.163.30 - - [06/Jun/2012:09:14:07 +0600] "GET /index2.php?option=com_content&task=view&id=1001&pop=1&page=0&Itemid=115 HTTP/1.0" 200 14337 "-" "Mozilla/5.0 (compatible; YandexBot/3.0; +http://yandex.com/bots)"
81.30.223.185 - - [06/Jun/2012:09:15:50 +0600] "GET / HTTP/1.0" 200 6442 "http://www.google.ru/search?source=ig&hl=ru&rlz=&q=%D1%86%D1%81%D0%B4%D0%B1+%D1%83%D1%84%D0%B0&oq=%D1%86%D1%81%D0%B4%D0%B1+%D1%83%D1%84%D0%B0&aq=f&aqi=g1g-bK1&aql=&gs_l=igoogle.3..0j0i8i30.31227.34852.0.35432.8.8.0.0.0.0.154.1162.0j8.8.0...0.0.ViI4Ov-_Z00" "Mozilla/5.0 (Windows NT 5.1) AppleWebKit/536.5 (KHTML, like Gecko) Chrome/19.0.1084.52 Safari/536.5"
81.30.223.185 - - [06/Jun/2012:09:15:53 +0600] "GET /images/cgdb.swf HTTP/1.0" 206 1 "http://csdb.ufanet.ru/" "Mozilla/5.0 (Windows NT 5.1) AppleWebKit/536.5 (KHTML, like Gecko) Chrome/19.0.1084.52 Safari/536.5"
81.30.223.185 - - [06/Jun/2012:09:15:53 +0600] "GET /images/cgdb.swf HTTP/1.0" 206 17246068 "http://csdb.ufanet.ru/" "Mozilla/5.0 (Windows NT 5.1) AppleWebKit/536.5 (KHTML, like Gecko) Chrome/19.0.1084.52 Safari/536.5"
81.30.223.185 - - [06/Jun/2012:09:15:56 +0600] "GET /content/blogcategory/1/66/ HTTP/1.0" 200 7326 "http://csdb.ufanet.ru/" "Mozilla/5.0 (Windows NT 5.1) AppleWebKit/536.5 (KHTML, like Gecko) Chrome/19.0.1084.52 Safari/536.5"
81.30.223.185 - - [06/Jun/2012:09:16:56 +0600] "GET /content/view/1013/66/ HTTP/1.0" 200 5912 "http://csdb.ufanet.ru/content/blogcategory/1/66/" "Mozilla/5.0 (Windows NT 5.1) AppleWebKit/536.5 (KHTML, like Gecko) Chrome/19.0.1084.52 Safari/536.5"
81.30.223.185 - - [06/Jun/2012:09:17:08 +0600] "GET /content/blogcategory/1/66/ HTTP/1.0" 200 7327 "http://csdb.ufanet.ru/" "Mozilla/5.0 (Windows NT 5.1) AppleWebKit/536.5 (KHTML, like Gecko) Chrome/19.0.1084.52 Safari/536.5"
213.180.206.197 - - [06/Jun/2012:09:17:18 +0600] "GET / HTTP/1.0" 200 24029 "-" "Mozilla/5.0 (compatible; YandexMetrika/2.0; +http://yandex.com/bots)"
65.52.110.200 - - [06/Jun/2012:09:17:24 +0600] "GET /content/view/811/1/ HTTP/1.0" 200 5526 "-" "Mozilla/5.0 (compatible; bingbot/2.0; +http://www.bing.com/bingbot.htm)"
81.30.223.185 - - [06/Jun/2012:09:17:41 +0600] "GET /content/blogcategory/1/66/5/5/ HTTP/1.0" 200 6934 "http://csdb.ufanet.ru/content/blogcategory/1/66/" "Mozilla/5.0 (Windows NT 5.1) AppleWebKit/536.5 (KHTML, like Gecko) Chrome/19.0.1084.52 Safari/536.5"
81.30.223.185 - - [06/Jun/2012:09:18:17 +0600] "GET /content/view/1011/66/ HTTP/1.0" 200 5914 "http://csdb.ufanet.ru/content/blogcategory/1/66/5/5/" "Mozilla/5.0 (Windows NT 5.1) AppleWebKit/536.5 (KHTML, like Gecko) Chrome/19.0.1084.52 Safari/536.5"
66.249.66.77 - - [06/Jun/2012:09:18:48 +0600] "GET /content/view/1013/66/ HTTP/1.0" 200 5913 "-" "Mozilla/5.0 (compatible; Googlebot/2.1; +http://www.google.com/bot.html)"
81.30.223.185 - - [06/Jun/2012:09:18:56 +0600] "GET /content/blogcategory/1/66/5/5/ HTTP/1.0" 200 6935 "http://csdb.ufanet.ru/content/blogcategory/1/66/" "Mozilla/5.0 (Windows NT 5.1) AppleWebKit/536.5 (KHTML, like Gecko) Chrome/19.0.1084.52 Safari/536.5"
81.30.223.185 - - [06/Jun/2012:09:19:34 +0600] "GET /content/blogcategory/1/66/5/10/ HTTP/1.0" 200 7742 "http://csdb.ufanet.ru/content/blogcategory/1/66/5/5/" "Mozilla/5.0 (Windows NT 5.1) AppleWebKit/536.5 (KHTML, like Gecko) Chrome/19.0.1084.52 Safari/536.5"
178.154.163.30 - - [06/Jun/2012:09:20:18 +0600] "GET /content/view/812/152/ HTTP/1.0" 200 5096 "-" "Mozilla/5.0 (compatible; YandexBot/3.0; +http://yandex.com/bots)"
81.30.223.185 - - [06/Jun/2012:09:20:23 +0600] "GET /content/blogcategory/1/66/5/15/ HTTP/1.0" 200 7524 "http://csdb.ufanet.ru/content/blogcategory/1/66/5/10/" "Mozilla/5.0 (Windows NT 5.1) AppleWebKit/536.5 (KHTML, like Gecko) Chrome/19.0.1084.52 Safari/536.5"
193.169.234.5 - - [06/Jun/2012:09:20:45 +0600] "GET / HTTP/1.0" 200 24029 "http://csdb.ufanet.ru/" "Openstat/Bot"
81.30.223.185 - - [06/Jun/2012:09:21:24 +0600] "GET /content/view/990/66/ HTTP/1.0" 200 6447 "http://csdb.ufanet.ru/content/blogcategory/1/66/5/15/" "Mozilla/5.0 (Windows NT 5.1) AppleWebKit/536.5 (KHTML, like Gecko) Chrome/19.0.1084.52 Safari/536.5"
95.108.141.3 - - [06/Jun/2012:09:22:29 +0600] "HEAD /mb38/ HTTP/1.0" 200 - "-" "Mozilla/5.0 (compatible; YandexSitelinks; Dyatel; +http://yandex.com/bots)"
188.191.96.92 - - [06/Jun/2012:09:25:34 +0600] "GET /content/view/98/56/ HTTP/1.0" 200 9549 "http://youtu.be/NzjUV1TzVso" "Mozilla/4.0 (compatible; MSIE 5.5; Windows NT 5.0)"
188.191.96.92 - - [06/Jun/2012:09:25:35 +0600] "GET /content/view/98/56/ HTTP/1.0" 200 9549 "http://csdb.ufanet.ru/content/view/98/56/" "Mozilla/4.0 (compatible; MSIE 5.5; Windows NT 5.0)"
188.191.96.92 - - [06/Jun/2012:09:25:35 +0600] "GET /content/view/98/56/index.php HTTP/1.0" 200 13043 "http://csdb.ufanet.ru/index.php" "Mozilla/4.0 (compatible; MSIE 5.5; Windows NT 5.0)"
188.191.96.92 - - [06/Jun/2012:09:25:35 +0600] "GET /content/view/98/56/ HTTP/1.0" 200 9549 "http://csdb.ufanet.ru/content/view/98/56/" "Mozilla/4.0 (compatible; MSIE 5.5; Windows NT 5.0)"
188.191.96.92 - - [06/Jun/2012:09:25:35 +0600] "GET /content/view/98/56/index.php HTTP/1.0" 200 13043 "http://csdb.ufanet.ru/index.php" "Mozilla/4.0 (compatible; MSIE 5.5; Windows NT 5.0)"
188.191.96.92 - - [06/Jun/2012:09:25:35 +0600] "GET /content/view/98/56/ HTTP/1.0" 200 9549 "http://csdb.ufanet.ru/content/view/98/56/" "Mozilla/4.0 (compatible; MSIE 5.5; Windows NT 5.0)"
188.191.96.92 - - [06/Jun/2012:09:25:35 +0600] "GET /content/view/98/56/index.php HTTP/1.0" 200 13043 "http://csdb.ufanet.ru/index.php" "Mozilla/4.0 (compatible; MSIE 5.5; Windows NT 5.0)"
178.154.163.30 - - [06/Jun/2012:09:26:36 +0600] "GET /content/view/800/66/ HTTP/1.0" 200 7181 "-" "Mozilla/5.0 (compatible; YandexBot/3.0; +http://yandex.com/bots)"
66.249.66.77 - - [06/Jun/2012:09:26:42 +0600] "GET /index2.php?option=com_content&task=view&id=1012&pop=1&page=0&Itemid=66 HTTP/1.0" 200 1546 "-" "Mozilla/5.0 (compatible; Googlebot/2.1; +http://www.google.com/bot.html)"
65.52.110.200 - - [06/Jun/2012:09:30:23 +0600] "GET /content/view/811/1/ HTTP/1.0" 200 5524 "-" "Mozilla/5.0 (compatible; bingbot/2.0; +http://www.bing.com/bingbot.htm)"
178.154.163.30 - - [06/Jun/2012:09:32:44 +0600] "GET /index2.php?option=com_content&task=view&id=44&pop=1&page=0&Itemid=194 HTTP/1.0" 200 1526 "-" "Mozilla/5.0 (compatible; YandexBot/3.0; +http://yandex.com/bots)"
65.52.104.19 - - [06/Jun/2012:09:37:56 +0600] "GET /content/section/8/55/ HTTP/1.0" 200 5222 "-" "Mozilla/5.0 (compatible; bingbot/2.0; +http://www.bing.com/bingbot.htm)"
178.154.163.30 - - [06/Jun/2012:09:38:42 +0600] "GET /content/view/198/66 HTTP/1.0" 200 6663 "-" "Mozilla/5.0 (compatible; YandexBot/3.0; +http://yandex.com/bots)"
178.154.163.30 - - [06/Jun/2012:09:40:04 +0600] "GET /content/view/667/66 HTTP/1.0" 200 5939 "-" "Mozilla/5.0 (compatible; YandexDirect/3.0; +http://yandex.com/bots)"
109.187.58.129 - - [06/Jun/2012:09:41:23 +0600] "GET /content/view/204/47 HTTP/1.0" 200 10202 "http://yandex.ru/yandsearch?text=%D0%94%D0%B5%D1%82%D1%81%D0%BA%D0%B8%D0%B5+%D0%B1%D0%B8%D0%B1%D0%BB%D0%B8%D0%BE%D1%82%D0%B5%D0%BA%D0%B8+%D0%A3%D1%84%D1%8B&lr=172" "Mozilla/4.0 (compatible; MSIE 8.0; Windows NT 5.1; Trident/4.0; .NET CLR 1.1.4322)"
109.187.58.129 - - [06/Jun/2012:09:43:17 +0600] "GET /content/view/382/158/ HTTP/1.0" 200 6377 "http://csdb.ufanet.ru/content/view/204/47" "Mozilla/4.0 (compatible; MSIE 8.0; Windows NT 5.1; Trident/4.0; .NET CLR 1.1.4322)"
109.187.58.129 - - [06/Jun/2012:09:43:17 +0600] "GET /%22%22%22%22http://csdb.ufanet.ru/templates/csdb/images/strelka.gif%22%22%22%22 HTTP/1.0" 404 380 "http://csdb.ufanet.ru/content/view/382/158/" "Mozilla/4.0 (compatible; MSIE 8.0; Windows NT 5.1; Trident/4.0; .NET CLR 1.1.4322)"
66.249.66.77 - - [06/Jun/2012:09:43:39 +0600] "GET /content/view/242/66/ HTTP/1.0" 200 5938 "-" "Mozilla/5.0 (compatible; Googlebot/2.1; +http://www.google.com/bot.html)"
66.249.66.77 - - [06/Jun/2012:09:44:58 +0600] "GET /content/view/223/66/ HTTP/1.0" 200 6813 "-" "Mozilla/5.0 (compatible; Googlebot/2.1; +http://www.google.com/bot.html)"
68.233.226.103 - - [06/Jun/2012:09:45:12 +0600] "GET /content/view/794/119/content/view/794/1/ HTTP/1.0" 200 16347 "-" "Mozilla/5.0 (Windows NT 5.1) AppleWebKit/535.2 (KHTML, like Gecko) Chrome/15.0.872.0 Safari/535.2"
65.52.110.201 - - [06/Jun/2012:09:46:01 +0600] "GET /content/category/5/18/47/ HTTP/1.0" 200 5520 "-" "Mozilla/5.0 (compatible; bingbot/2.0; +http://www.bing.com/bingbot.htm)"
178.154.163.30 - - [06/Jun/2012:09:46:05 +0600] "GET /index2.php?option=com_content&task=view&id=247&pop=1&page=0&Itemid=1 HTTP/1.0" 200 1225 "-" "Mozilla/5.0 (compatible; YandexBot/3.0; +http://yandex.com/bots)"
213.180.206.197 - - [06/Jun/2012:09:48:35 +0600] "GET / HTTP/1.0" 200 24024 "-" "Mozilla/5.0 (compatible; YandexMetrika/2.0; +http://yandex.com/bots)"
