81.30.219.42 - - [01/Jun/2012:15:44:03 +0600] "GET /images/cgdb.swf HTTP/1.0" 200 19792297 "http://csdb.ufanet.ru/" "Opera/9.80 (Windows NT 5.1; U; ru) Presto/2.10.229 Version/11.62"
81.30.219.42 - - [01/Jun/2012:15:44:05 +0600] "GET /content/blogcategory/1/66/ HTTP/1.0" 200 7611 "http://csdb.ufanet.ru/" "Opera/9.80 (Windows NT 5.1; U; ru) Presto/2.10.229 Version/11.62"
66.249.66.77 - - [01/Jun/2012:15:44:12 +0600] "GET /content/view/524/66/ HTTP/1.0" 200 5951 "-" "Mozilla/5.0 (iPhone; U; CPU iPhone OS 4_1 like Mac OS X; en-us) AppleWebKit/532.9 (KHTML, like Gecko) Version/4.0.5 Mobile/8B117 Safari/6531.22.7 (compatible; Googlebot-Mobile/2.1; +http://www.google.com/bot.html)"
67.205.103.147 - - [01/Jun/2012:15:45:27 +0600] "GET /templates/rhuk_milkyway2/index.php HTTP/1.0" 404 311 "csdb.ufanet.ru/templates/rhuk_milkyway2/index.php" "Mozilla/4.0 (compatible; MSIE 6.0; Windows 98; Win 9x 4.90)"
66.249.66.77 - - [01/Jun/2012:15:45:28 +0600] "GET /content/view/158/ HTTP/1.0" 200 5299 "-" "Mozilla/5.0 (compatible; Googlebot/2.1; +http://www.google.com/bot.html)"
94.180.197.197 - - [01/Jun/2012:15:46:39 +0600] "GET / HTTP/1.0" 200 6969 "http://yandex.ru/yandsearch?text=%D0%B1%D0%B8%D0%B1%D0%BB%D0%B8%D0%BE%D1%82%D0%B5%D0%BA%D0%B0&lr=213" "Mozilla/4.0 (compatible; MSIE 8.0; Windows NT 6.1; WOW64; Trident/4.0; GTB6.6; SLCC2; .NET CLR 2.0.50727; .NET CLR 3.5.30729; .NET CLR 3.0.30729; Media Center PC 6.0; InfoPath.2)"
94.180.197.197 - - [01/Jun/2012:15:46:44 +0600] "GET /images/cgdb.swf HTTP/1.0" 200 19792297 "http://csdb.ufanet.ru/" "Mozilla/4.0 (compatible; MSIE 8.0; Windows NT 6.1; WOW64; Trident/4.0; GTB6.6; SLCC2; .NET CLR 2.0.50727; .NET CLR 3.5.30729; .NET CLR 3.0.30729; Media Center PC 6.0; InfoPath.2)"
66.249.66.77 - - [01/Jun/2012:15:47:52 +0600] "GET /content/view/360/90/ HTTP/1.0" 200 5003 "-" "Mozilla/5.0 (compatible; Googlebot/2.1; +http://www.google.com/bot.html)"
66.249.66.77 - - [01/Jun/2012:15:48:53 +0600] "GET /content/view/561/1/ HTTP/1.0" 200 5517 "-" "Mozilla/5.0 (compatible; Googlebot/2.1; +http://www.google.com/bot.html)"
95.105.56.100 - - [01/Jun/2012:15:48:59 +0600] "GET / HTTP/1.0" 200 6968 "-" "Mozilla/5.0 (Windows NT 5.1) AppleWebKit/536.5 (KHTML, like Gecko) Chrome/19.0.1084.52 Safari/536.5"
95.105.56.100 - - [01/Jun/2012:15:49:03 +0600] "GET /content/blogcategory/1/66/ HTTP/1.0" 200 7656 "http://csdb.ufanet.ru/" "Mozilla/5.0 (Windows NT 5.1) AppleWebKit/536.5 (KHTML, like Gecko) Chrome/19.0.1084.52 Safari/536.5"
95.105.56.100 - - [01/Jun/2012:15:49:14 +0600] "GET /images/mb/img38/free_access.swf HTTP/1.0" 206 1 "http://csdb.ufanet.ru/mb38/" "Mozilla/5.0 (Windows NT 5.1) AppleWebKit/536.5 (KHTML, like Gecko) Chrome/19.0.1084.52 Safari/536.5"
95.105.56.100 - - [01/Jun/2012:15:49:15 +0600] "GET /images/mb/img38/free_access.swf HTTP/1.0" 206 2972871 "http://csdb.ufanet.ru/mb38/" "Mozilla/5.0 (Windows NT 5.1) AppleWebKit/536.5 (KHTML, like Gecko) Chrome/19.0.1084.52 Safari/536.5"
66.249.72.137 - - [01/Jun/2012:15:50:36 +0600] "GET /content/view/889/210/ HTTP/1.0" 200 4723 "-" "Mozilla/5.0 (compatible; Googlebot/2.1; +http://www.google.com/bot.html)"
79.134.0.13 - - [01/Jun/2012:15:56:24 +0600] "GET / HTTP/1.0" 200 25502 "http://catalog.mgn.ru/?rid=Top/World/Russian/%D0%98%D1%81%D1%82%D0%BE%D1%87%D0%BD%D0%B8%D0%BA%D0%B8_%D0%B8%D0%BD%D1%84%D0%BE%D1%80%D0%BC%D0%B0%D1%86%D0%B8%D0%B8/%D0%91%D0%B8%D0%B1%D0%BB%D0%B8%D0%BE%D1%82%D0%B5%D0%BA%D0%B8/%D0%94%D0%B5%D1%82%D1%81%D0%BA%D0%B8%D0%B5" "Opera/9.80 (Windows NT 5.1; U; MRA 5.7 (build 03686); ru) Presto/2.9.168 Version/11.52"
178.154.163.30 - - [01/Jun/2012:15:56:25 +0600] "GET /content/view/20/157/ HTTP/1.0" 200 6065 "-" "Mozilla/5.0 (compatible; YandexBot/3.0; +http://yandex.com/bots)"
178.154.163.30 - - [01/Jun/2012:15:56:27 +0600] "GET /content/view/397/197/ HTTP/1.0" 200 5423 "-" "Mozilla/5.0 (compatible; YandexBot/3.0; +http://yandex.com/bots)"
79.134.0.13 - - [01/Jun/2012:15:56:27 +0600] "GET /images/cgdb.swf HTTP/1.0" 200 19792297 "http://csdb.ufanet.ru/" "Opera/9.80 (Windows NT 5.1; U; MRA 5.7 (build 03686); ru) Presto/2.9.168 Version/11.52"
178.154.163.30 - - [01/Jun/2012:15:56:29 +0600] "GET /content/view/310/93/ HTTP/1.0" 200 6126 "-" "Mozilla/5.0 (compatible; YandexBot/3.0; +http://yandex.com/bots)"
178.154.163.30 - - [01/Jun/2012:15:56:31 +0600] "GET /content/view/378/105/ HTTP/1.0" 200 7258 "-" "Mozilla/5.0 (compatible; YandexBot/3.0; +http://yandex.com/bots)"
178.154.163.30 - - [01/Jun/2012:15:56:33 +0600] "GET /index.php?option=com_search&Itemid=5 HTTP/1.0" 200 5613 "-" "Mozilla/5.0 (compatible; YandexBot/3.0; +http://yandex.com/bots)"
178.154.163.30 - - [01/Jun/2012:15:56:36 +0600] "GET /content/view/378/105 HTTP/1.0" 200 7258 "-" "Mozilla/5.0 (compatible; YandexBot/3.0; +http://yandex.com/bots)"
79.134.0.13 - - [01/Jun/2012:15:56:36 +0600] "GET /content/category/5/18/47/ HTTP/1.0" 200 21028 "http://csdb.ufanet.ru/" "Opera/9.80 (Windows NT 5.1; U; MRA 5.7 (build 03686); ru) Presto/2.9.168 Version/11.52"
178.154.163.30 - - [01/Jun/2012:15:56:40 +0600] "GET /content/view/18/157/ HTTP/1.0" 200 6100 "-" "Mozilla/5.0 (compatible; YandexBot/3.0; +http://yandex.com/bots)"
178.154.163.30 - - [01/Jun/2012:15:56:43 +0600] "GET /content/view/58/53 HTTP/1.0" 200 21725 "-" "Mozilla/5.0 (compatible; YandexBot/3.0; +http://yandex.com/bots)"
178.154.163.30 - - [01/Jun/2012:15:56:45 +0600] "GET /content/view/99/66 HTTP/1.0" 200 6062 "-" "Mozilla/5.0 (compatible; YandexBot/3.0; +http://yandex.com/bots)"
178.154.163.30 - - [01/Jun/2012:15:56:47 +0600] "GET /content/view/294/66 HTTP/1.0" 200 6386 "-" "Mozilla/5.0 (compatible; YandexBot/3.0; +http://yandex.com/bots)"
178.154.163.30 - - [01/Jun/2012:15:56:49 +0600] "GET /content/view/137/66 HTTP/1.0" 200 6426 "-" "Mozilla/5.0 (compatible; YandexBot/3.0; +http://yandex.com/bots)"
178.154.163.30 - - [01/Jun/2012:15:56:52 +0600] "GET /content/view/491/66 HTTP/1.0" 200 5779 "-" "Mozilla/5.0 (compatible; YandexBot/3.0; +http://yandex.com/bots)"
178.154.163.30 - - [01/Jun/2012:15:56:54 +0600] "GET /content/view/702/66 HTTP/1.0" 200 5790 "-" "Mozilla/5.0 (compatible; YandexBot/3.0; +http://yandex.com/bots)"
178.154.163.30 - - [01/Jun/2012:15:56:56 +0600] "GET /content/view/449/66 HTTP/1.0" 200 6147 "-" "Mozilla/5.0 (compatible; YandexBot/3.0; +http://yandex.com/bots)"
178.154.163.30 - - [01/Jun/2012:15:56:58 +0600] "GET /content/view/570/47 HTTP/1.0" 200 5469 "-" "Mozilla/5.0 (compatible; YandexBot/3.0; +http://yandex.com/bots)"
178.154.163.30 - - [01/Jun/2012:15:57:01 +0600] "GET /content/view/306/90/ HTTP/1.0" 200 4165 "-" "Mozilla/5.0 (compatible; YandexBot/3.0; +http://yandex.com/bots)"
178.154.163.30 - - [01/Jun/2012:15:57:05 +0600] "GET /content/view/685/66 HTTP/1.0" 200 5808 "-" "Mozilla/5.0 (compatible; YandexBot/3.0; +http://yandex.com/bots)"
79.134.0.13 - - [01/Jun/2012:15:57:07 +0600] "GET /content/view/53/47/ HTTP/1.0" 200 28889 "http://csdb.ufanet.ru/content/category/5/18/47/" "Opera/9.80 (Windows NT 5.1; U; MRA 5.7 (build 03686); ru) Presto/2.9.168 Version/11.52"
178.154.163.30 - - [01/Jun/2012:15:57:07 +0600] "GET /content/view/58/53/ HTTP/1.0" 200 21722 "-" "Mozilla/5.0 (compatible; YandexBot/3.0; +http://yandex.com/bots)"
178.154.163.30 - - [01/Jun/2012:15:57:10 +0600] "GET /mb38/ HTTP/1.0" 304 - "-" "Mozilla/5.0 (compatible; YandexBot/3.0; +http://yandex.com/bots)"
79.134.0.13 - - [01/Jun/2012:15:57:14 +0600] "GET /files/scen_prazd/VenokSlavi.doc HTTP/1.0" 200 78848 "http://csdb.ufanet.ru/content/view/53/47/" "Opera/9.80 (Windows NT 5.1; U; MRA 5.7 (build 03686); ru) Presto/2.9.168 Version/11.52"
79.134.0.13 - - [01/Jun/2012:15:57:57 +0600] "GET /files/scen_prazd/pervoklas.pdf HTTP/1.0" 200 127871 "http://csdb.ufanet.ru/content/view/53/47/" "Opera/9.80 (Windows NT 5.1; U; MRA 5.7 (build 03686); ru) Presto/2.9.168 Version/11.52"
79.134.0.13 - - [01/Jun/2012:15:58:19 +0600] "GET /files/scen_prazd/esenin.pdf HTTP/1.0" 200 126427 "http://csdb.ufanet.ru/content/view/53/47/" "Opera/9.80 (Windows NT 5.1; U; MRA 5.7 (build 03686); ru) Presto/2.9.168 Version/11.52"
66.249.66.77 - - [01/Jun/2012:15:58:27 +0600] "GET /content/view/289/154/ HTTP/1.0" 200 9810 "-" "Mozilla/5.0 (compatible; Googlebot/2.1; +http://www.google.com/bot.html)"
79.134.0.13 - - [01/Jun/2012:15:58:34 +0600] "GET /content/view/102/136/ HTTP/1.0" 200 30017 "http://csdb.ufanet.ru/content/view/53/47/" "Opera/9.80 (Windows NT 5.1; U; MRA 5.7 (build 03686); ru) Presto/2.9.168 Version/11.52"
66.249.66.77 - - [01/Jun/2012:15:59:28 +0600] "GET /content/view/561/126/ HTTP/1.0" 200 5088 "-" "Mozilla/5.0 (compatible; Googlebot/2.1; +http://www.google.com/bot.html)"
79.134.0.13 - - [01/Jun/2012:16:00:09 +0600] "GET /content/view/126/145/ HTTP/1.0" 200 25738 "http://csdb.ufanet.ru/content/view/53/47/" "Opera/9.80 (Windows NT 5.1; U; MRA 5.7 (build 03686); ru) Presto/2.9.168 Version/11.52"
79.134.0.13 - - [01/Jun/2012:16:00:16 +0600] "GET /files/scen_prazd/Jitelidrujnoiplaneti.pdf HTTP/1.0" 200 85027 "http://csdb.ufanet.ru/content/view/53/47/" "Opera/9.80 (Windows NT 5.1; U; MRA 5.7 (build 03686); ru) Presto/2.9.168 Version/11.52"
79.134.0.13 - - [01/Jun/2012:16:00:27 +0600] "GET /content/view/52/47/ HTTP/1.0" 200 26004 "http://csdb.ufanet.ru/content/view/53/47/" "Opera/9.80 (Windows NT 5.1; U; MRA 5.7 (build 03686); ru) Presto/2.9.168 Version/11.52"
46.175.103.19 - - [01/Jun/2012:16:01:30 +0600] "GET /content/view/976/1/ HTTP/1.0" 200 7339 "http://yandex.ru/yandsearch?text=%D0%BC%D0%B5%D1%80%D0%BE%D0%BF%D1%80%D0%B8%D1%8F%D1%82%D0%B8%D1%8F+%D0%BF%D0%BE%D1%81%D0%B2%D0%B5%D1%89%D0%B5%D0%BD%D0%BD%D1%8B%D0%B5+%D0%B4%D0%BD%D1%8E+%D0%B4%D0%B5%D1%82%D0%B5%D0%B9+%D0%B2+%D1%83%D1%84%D0%B5&clid=9582&lr=172" "Opera/9.80 (Windows NT 5.1; U; ru) Presto/2.10.229 Version/11.64"
213.180.206.197 - - [01/Jun/2012:16:01:41 +0600] "GET / HTTP/1.0" 200 25502 "-" "Mozilla/5.0 (compatible; YandexMetrika/2.0; +http://yandex.com/bots)"
46.175.103.19 - - [01/Jun/2012:16:01:55 +0600] "GET /content/view/970/1/ HTTP/1.0" 200 11410 "http://csdb.ufanet.ru/content/view/976/1/" "Opera/9.80 (Windows NT 5.1; U; ru) Presto/2.10.229 Version/11.64"
66.249.66.77 - - [01/Jun/2012:16:02:12 +0600] "GET /content/view/561/137/ HTTP/1.0" 200 5088 "-" "Mozilla/5.0 (compatible; Googlebot/2.1; +http://www.google.com/bot.html)"
66.249.66.77 - - [01/Jun/2012:16:03:14 +0600] "GET /content/view/69/5/ HTTP/1.0" 200 5930 "-" "Mozilla/5.0 (compatible; Googlebot/2.1; +http://www.google.com/bot.html)"
66.249.66.77 - - [01/Jun/2012:16:04:15 +0600] "GET /content/view/706/1/ HTTP/1.0" 200 6246 "-" "Mozilla/5.0 (compatible; Googlebot/2.1; +http://www.google.com/bot.html)"
81.30.179.38 - - [01/Jun/2012:16:09:14 +0600] "GET /administrator/ HTTP/1.0" 200 1314 "-" "Mozilla/5.0 (Windows NT 6.1; rv:12.0) Gecko/20100101 Firefox/12.0"
81.30.179.38 - - [01/Jun/2012:16:10:10 +0600] "POST /administrator/index.php HTTP/1.0" 200 54 "http://csdb.ufanet.ru/administrator/" "Mozilla/5.0 (Windows NT 6.1; rv:12.0) Gecko/20100101 Firefox/12.0"
81.30.179.38 - - [01/Jun/2012:16:10:10 +0600] "GET /administrator/index2.php HTTP/1.0" 200 9734 "http://csdb.ufanet.ru/administrator/index.php" "Mozilla/5.0 (Windows NT 6.1; rv:12.0) Gecko/20100101 Firefox/12.0"
81.30.179.38 - - [01/Jun/2012:16:10:18 +0600] "GET /administrator/index2.php?option=com_frontpage HTTP/1.0" 200 10096 "http://csdb.ufanet.ru/administrator/index2.php" "Mozilla/5.0 (Windows NT 6.1; rv:12.0) Gecko/20100101 Firefox/12.0"
81.30.179.38 - - [01/Jun/2012:16:10:32 +0600] "GET /administrator/index2.php?option=com_typedcontent HTTP/1.0" 200 11517 "http://csdb.ufanet.ru/administrator/index2.php?option=com_frontpage" "Mozilla/5.0 (Windows NT 6.1; rv:12.0) Gecko/20100101 Firefox/12.0"
81.30.179.38 - - [01/Jun/2012:16:10:42 +0600] "GET /administrator/index2.php?option=com_content&sectionid=0 HTTP/1.0" 200 12088 "http://csdb.ufanet.ru/administrator/index2.php?option=com_typedcontent" "Mozilla/5.0 (Windows NT 6.1; rv:12.0) Gecko/20100101 Firefox/12.0"
81.30.179.38 - - [01/Jun/2012:16:10:58 +0600] "POST /administrator/index2.php?option=com_content HTTP/1.0" 200 8797 "http://csdb.ufanet.ru/administrator/index2.php?option=com_content&sectionid=0" "Mozilla/5.0 (Windows NT 6.1; rv:12.0) Gecko/20100101 Firefox/12.0"
81.30.179.38 - - [01/Jun/2012:16:11:03 +0600] "POST /administrator/index2.php?option=com_content HTTP/1.0" 200 12088 "http://csdb.ufanet.ru/administrator/index2.php?option=com_content" "Mozilla/5.0 (Windows NT 6.1; rv:12.0) Gecko/20100101 Firefox/12.0"
81.30.179.38 - - [01/Jun/2012:16:11:19 +0600] "POST /administrator/index2.php?option=com_content HTTP/1.0" 200 10522 "http://csdb.ufanet.ru/administrator/index2.php?option=com_content" "Mozilla/5.0 (Windows NT 6.1; rv:12.0) Gecko/20100101 Firefox/12.0"
81.30.179.38 - - [01/Jun/2012:16:11:29 +0600] "GET /administrator/index2.php?option=com_content&sectionid=0 HTTP/1.0" 200 10522 "http://csdb.ufanet.ru/administrator/index2.php?option=com_content" "Mozilla/5.0 (Windows NT 6.1; rv:12.0) Gecko/20100101 Firefox/12.0"
81.30.179.38 - - [01/Jun/2012:16:11:32 +0600] "GET /administrator/index2.php?option=com_content&sectionid=0 HTTP/1.0" 200 10522 "http://csdb.ufanet.ru/administrator/index2.php?option=com_content&sectionid=0" "Mozilla/5.0 (Windows NT 6.1; rv:12.0) Gecko/20100101 Firefox/12.0"
81.30.179.38 - - [01/Jun/2012:16:11:37 +0600] "POST /administrator/index2.php?option=com_content HTTP/1.0" 200 12088 "http://csdb.ufanet.ru/administrator/index2.php?option=com_content&sectionid=0" "Mozilla/5.0 (Windows NT 6.1; rv:12.0) Gecko/20100101 Firefox/12.0"
81.30.179.38 - - [01/Jun/2012:16:11:40 +0600] "GET /administrator/index2.php?option=com_content&sectionid=0 HTTP/1.0" 200 12088 "http://csdb.ufanet.ru/administrator/index2.php?option=com_content" "Mozilla/5.0 (Windows NT 6.1; rv:12.0) Gecko/20100101 Firefox/12.0"
81.30.179.38 - - [01/Jun/2012:16:11:59 +0600] "GET / HTTP/1.0" 200 6968 "-" "Mozilla/5.0 (Windows NT 6.1) AppleWebKit/536.5 (KHTML, like Gecko) Chrome/19.0.1084.46 Safari/536.5"
81.30.179.38 - - [01/Jun/2012:16:12:10 +0600] "GET /content/view/970/1/ HTTP/1.0" 200 11535 "http://csdb.ufanet.ru/" "Mozilla/5.0 (Windows NT 6.1) AppleWebKit/536.5 (KHTML, like Gecko) Chrome/19.0.1084.46 Safari/536.5"
81.30.179.38 - - [01/Jun/2012:16:12:28 +0600] "POST /administrator/index2.php?option=com_content HTTP/1.0" 200 11435 "http://csdb.ufanet.ru/administrator/index2.php?option=com_content&sectionid=0" "Mozilla/5.0 (Windows NT 6.1; rv:12.0) Gecko/20100101 Firefox/12.0"
81.30.179.38 - - [01/Jun/2012:16:12:37 +0600] "GET /administrator/index2.php?option=com_content&sectionid=0&task=edit&hidemainmenu=1&id=918 HTTP/1.0" 200 51853 "http://csdb.ufanet.ru/administrator/index2.php?option=com_content" "Mozilla/5.0 (Windows NT 6.1; rv:12.0) Gecko/20100101 Firefox/12.0"
81.30.179.38 - - [01/Jun/2012:16:12:50 +0600] "POST /administrator/index2.php HTTP/1.0" 301 - "http://csdb.ufanet.ru/administrator/index2.php?option=com_content&sectionid=0&task=edit&hidemainmenu=1&id=918" "Mozilla/5.0 (Windows NT 6.1; rv:12.0) Gecko/20100101 Firefox/12.0"
81.30.179.38 - - [01/Jun/2012:16:12:50 +0600] "GET /administrator/index2.php?option=com_content&sectionid=0 HTTP/1.0" 200 11435 "http://csdb.ufanet.ru/administrator/index2.php?option=com_content&sectionid=0&task=edit&hidemainmenu=1&id=918" "Mozilla/5.0 (Windows NT 6.1; rv:12.0) Gecko/20100101 Firefox/12.0"
81.30.179.38 - - [01/Jun/2012:16:12:52 +0600] "GET /administrator/index2.php?option=com_content&sectionid=0&task=edit&hidemainmenu=1&id=970 HTTP/1.0" 200 57653 "http://csdb.ufanet.ru/administrator/index2.php?option=com_content&sectionid=0" "Mozilla/5.0 (Windows NT 6.1; rv:12.0) Gecko/20100101 Firefox/12.0"
81.30.179.38 - - [01/Jun/2012:16:13:22 +0600] "GET / HTTP/1.0" 200 6968 "-" "Mozilla/5.0 (Windows NT 6.1) AppleWebKit/536.5 (KHTML, like Gecko) Chrome/19.0.1084.46 Safari/536.5"
81.30.179.38 - - [01/Jun/2012:16:13:26 +0600] "GET /content/view/970/1/ HTTP/1.0" 200 11537 "http://csdb.ufanet.ru/" "Mozilla/5.0 (Windows NT 6.1) AppleWebKit/536.5 (KHTML, like Gecko) Chrome/19.0.1084.46 Safari/536.5"
81.30.179.38 - - [01/Jun/2012:16:13:40 +0600] "POST /administrator/index2.php HTTP/1.0" 301 - "http://csdb.ufanet.ru/administrator/index2.php?option=com_content&sectionid=0&task=edit&hidemainmenu=1&id=970" "Mozilla/5.0 (Windows NT 6.1; rv:12.0) Gecko/20100101 Firefox/12.0"
81.30.179.38 - - [01/Jun/2012:16:13:40 +0600] "GET /administrator/index2.php?option=com_content&sectionid=0&mosmsg=%D3%F1%EF%E5%F8%ED%EE+%F1%EE%F5%F0%E0%ED%E5%ED%EE%3A+%CF%EB%E0%ED+%EC%E0%F1%F1%EE%E2%FB%F5+%EC%E5%F0%EE%EF%F0%E8%FF%F2%E8%E9+%ED%E0+%EC%E0%E9+2012+%E3. HTTP/1.0" 200 11464 "http://csdb.ufanet.ru/administrator/index2.php?option=com_content&sectionid=0&task=edit&hidemainmenu=1&id=970" "Mozilla/5.0 (Windows NT 6.1; rv:12.0) Gecko/20100101 Firefox/12.0"
81.30.179.38 - - [01/Jun/2012:16:13:49 +0600] "POST /administrator/index2.php?option=com_content HTTP/1.0" 200 3562 "http://csdb.ufanet.ru/administrator/index2.php?option=com_content&sectionid=0&mosmsg=%D3%F1%EF%E5%F8%ED%EE+%F1%EE%F5%F0%E0%ED%E5%ED%EE%3A+%CF%EB%E0%ED+%EC%E0%F1%F1%EE%E2%FB%F5+%EC%E5%F0%EE%EF%F0%E8%FF%F2%E8%E9+%ED%E0+%EC%E0%E9+2012+%E3." "Mozilla/5.0 (Windows NT 6.1; rv:12.0) Gecko/20100101 Firefox/12.0"
66.249.66.77 - - [01/Jun/2012:16:14:09 +0600] "GET /content/view/131/ HTTP/1.0" 200 5313 "-" "Mozilla/5.0 (compatible; Googlebot/2.1; +http://www.google.com/bot.html)"
81.30.179.38 - - [01/Jun/2012:16:14:11 +0600] "POST /administrator/index2.php HTTP/1.0" 301 - "http://csdb.ufanet.ru/administrator/index2.php?option=com_content" "Mozilla/5.0 (Windows NT 6.1; rv:12.0) Gecko/20100101 Firefox/12.0"
81.30.179.38 - - [01/Jun/2012:16:14:11 +0600] "GET /administrator/index2.php?option=com_content&sectionid=0&mosmsg=1%20%EE%E1%FA%E5%EA%F2(%FB)%20%F3%F1%EF%E5%F8%ED%EE%20%F1%EA%EE%EF%E8%F0%EE%E2%E0%ED%FB%20%E2%20%F0%E0%E7%E4%E5%EB:%20%CD%EE%E2%EE%F1%F2%E8,%20%EA%E0%F2%E5%E3%EE%F0%E8%E8:%20%C0%ED%EE%ED%F1%FB HTTP/1.0" 200 11481 "http://csdb.ufanet.ru/administrator/index2.php?option=com_content" "Mozilla/5.0 (Windows NT 6.1; rv:12.0) Gecko/20100101 Firefox/12.0"
81.30.179.38 - - [01/Jun/2012:16:14:24 +0600] "GET /administrator/index2.php?option=com_content&sectionid=0&task=edit&hidemainmenu=1&id=1001 HTTP/1.0" 200 57701 "http://csdb.ufanet.ru/administrator/index2.php?option=com_content&sectionid=0&mosmsg=1%20%EE%E1%FA%E5%EA%F2(%FB)%20%F3%F1%EF%E5%F8%ED%EE%20%F1%EA%EE%EF%E8%F0%EE%E2%E0%ED%FB%20%E2%20%F0%E0%E7%E4%E5%EB:%20%CD%EE%E2%EE%F1%F2%E8,%20%EA%E0%F2%E5%E3%EE%F0%E8%E8:%20%C0%ED%EE%ED%F1%FB" "Mozilla/5.0 (Windows NT 6.1; rv:12.0) Gecko/20100101 Firefox/12.0"
68.233.226.103 - - [01/Jun/2012:16:15:21 +0600] "GET /content/view/752/52/ HTTP/1.0" 200 19165 "-" "Mozilla/5.0 (Windows NT 5.1) AppleWebKit/535.2 (KHTML, like Gecko) Chrome/15.0.872.0 Safari/535.2"
94.41.150.207 - - [01/Jun/2012:16:15:26 +0600] "GET /content/blogcategory/1/66/ HTTP/1.0" 200 7665 "-" "Mozilla/5.0 (Windows NT 5.1; rv:12.0) Gecko/20100101 Firefox/12.0"
81.30.179.38 - - [01/Jun/2012:16:16:49 +0600] "GET /content/view/970/1/ HTTP/1.0" 200 11561 "http://csdb.ufanet.ru/content/view/970/1/" "Mozilla/5.0 (Windows NT 6.1) AppleWebKit/536.5 (KHTML, like Gecko) Chrome/19.0.1084.46 Safari/536.5"
66.249.66.77 - - [01/Jun/2012:16:17:46 +0600] "GET /content/view/580/157/ HTTP/1.0" 200 5126 "-" "Mozilla/5.0 (compatible; Googlebot/2.1; +http://www.google.com/bot.html)"
178.219.176.105 - - [01/Jun/2012:16:19:47 +0600] "GET /content/view/356/86/ HTTP/1.0" 200 8051 "http://www.google.ru/imgres?q=%D0%BA%D0%B0%D0%BA+%D0%B4%D0%B5%D0%BB%D0%B0%D0%B5%D1%82%D1%81%D1%8F+%D0%BF%D0%B0%D0%BB%D0%B0%D1%82%D0%BA%D0%B0+%D0%B8%D0%B7+%D0%BF%D0%BB%D0%B0%D1%89-%D0%BF%D0%B0%D0%BB%D0%B0%D1%82%D0%BE%D0%BA&hl=ru&newwindow=1&sa=X&biw=1137&bih=714&tbm=isch&prmd=imvns&tbnid=uV2FSaQKwX5YYM:&imgrefurl=http://csdb.ufanet.ru/content/view/356/86/&docid=JTkMH9VqhFF5HM&imgurl=http://csdb.ufanet.ru/images/museum/%2525D0%2525AD%2525D0%2525BA%2525D1%252581%2525D0%2525BF%2525D0%2525BE%2525D0%2525BD%2525D0%2525B0%2525D1%252582%2525D1%25258B%252520%2525D0%2525B2%2525D1%252580%2525D0%2525B5%2525D0%2525BC%2525D0%2525B5%2525D0%2525BD%252520%2525D0%252592%2525D0%25259E%2525D0%252592/%2525D0%25259F%2525D1%252580%2525D0%2525B5%2525D0%2525B4%2525D0%2525BC%2525D0%2525B5%2525D1%252582%2525D1%25258B/%2525D0%2525A1%2525D0%2525BA%2525D0%2525B0%2525D1%252582%2525D0%2525BA%2525D0%2525B0%252520%2525D0%2525BF%2525D0%2525BB%2525D0%2525B0%2525D1%252589%252520%2525D0%2525BF%2525D0%2525B0%2525D0%2525BB%2525D0%2525B0%2525D1%252582%2525D0%2525BA%2525D0%2525B8.JPG&w=3264&h=2176&ei=M5fIT_i6FdCWOu6nqOkP&zoom=1" "Mozilla/5.0 (Windows NT 6.1) AppleWebKit/536.5 (KHTML, like Gecko) Chrome/19.0.1084.52 Safari/536.5"
178.154.163.30 - - [01/Jun/2012:16:19:50 +0600] "GET /content/view/976/1/ HTTP/1.0" 200 7405 "-" "Mozilla/5.0 (compatible; YandexDirect/3.0; +http://yandex.com/bots)"
178.219.176.105 - - [01/Jun/2012:16:19:52 +0600] "GET /content/view/356/86/ HTTP/1.0" 200 8051 "http://www.google.ru/imgres?q=%D0%BA%D0%B0%D0%BA+%D0%B4%D0%B5%D0%BB%D0%B0%D0%B5%D1%82%D1%81%D1%8F+%D0%BF%D0%B0%D0%BB%D0%B0%D1%82%D0%BA%D0%B0+%D0%B8%D0%B7+%D0%BF%D0%BB%D0%B0%D1%89-%D0%BF%D0%B0%D0%BB%D0%B0%D1%82%D0%BE%D0%BA&hl=ru&newwindow=1&sa=X&biw=1137&bih=714&tbm=isch&prmd=imvns&tbnid=uV2FSaQKwX5YYM:&imgrefurl=http://csdb.ufanet.ru/content/view/356/86/&docid=JTkMH9VqhFF5HM&imgurl=http://csdb.ufanet.ru/images/museum/%2525D0%2525AD%2525D0%2525BA%2525D1%252581%2525D0%2525BF%2525D0%2525BE%2525D0%2525BD%2525D0%2525B0%2525D1%252582%2525D1%25258B%252520%2525D0%2525B2%2525D1%252580%2525D0%2525B5%2525D0%2525BC%2525D0%2525B5%2525D0%2525BD%252520%2525D0%252592%2525D0%25259E%2525D0%252592/%2525D0%25259F%2525D1%252580%2525D0%2525B5%2525D0%2525B4%2525D0%2525BC%2525D0%2525B5%2525D1%252582%2525D1%25258B/%2525D0%2525A1%2525D0%2525BA%2525D0%2525B0%2525D1%252582%2525D0%2525BA%2525D0%2525B0%252520%2525D0%2525BF%2525D0%2525BB%2525D0%2525B0%2525D1%252589%252520%2525D0%2525BF%2525D0%2525B0%2525D0%2525BB%2525D0%2525B0%2525D1%252582%2525D0%2525BA%2525D0%2525B8.JPG&w=3264&h=2176&ei=M5fIT_i6FdCWOu6nqOkP&zoom=1" "Mozilla/5.0 (Windows NT 6.1) AppleWebKit/536.5 (KHTML, like Gecko) Chrome/19.0.1084.52 Safari/536.5"
66.249.66.77 - - [01/Jun/2012:16:19:58 +0600] "GET /content/view/486/ HTTP/1.0" 200 5542 "-" "Mozilla/5.0 (compatible; Googlebot/2.1; +http://www.google.com/bot.html)"
68.233.226.103 - - [01/Jun/2012:16:20:55 +0600] "GET /content/view/983/240/ HTTP/1.0" 200 21584 "-" "Mozilla/5.0 (Windows NT 5.1) AppleWebKit/535.2 (KHTML, like Gecko) Chrome/15.0.872.0 Safari/535.2"
66.249.66.77 - - [01/Jun/2012:16:21:19 +0600] "GET /content/view/910/66/ HTTP/1.0" 200 5832 "-" "Mozilla/5.0 (compatible; Googlebot/2.1; +http://www.google.com/bot.html)"
213.79.98.240 - - [01/Jun/2012:16:21:20 +0600] "GET /files/scen_prazd/esenin.pdf HTTP/1.0" 200 126427 "http://www.google.ru/url?sa=t&rct=j&q=%D0%BB%D0%B8%D1%82%D0%B5%D1%80%D0%B0%D1%82%D1%83%D1%80%D0%BD%D0%BE-%D0%BC%D1%83%D0%B7%D1%8B%D0%BA%D0%B0%D0%BB%D1%8C%D0%BD%D0%B0%D1%8F%20%D0%BA%D0%BE%D0%BC%D0%BF%D0%BE%D0%B7%D0%B8%D1%86%D0%B8%D1%8F%20%D0%BE%20%D0%BC%D0%BE%D1%81%D0%BA%D0%B2%D0%B5&source=web&cd=29&ved=0CFsQFjAIOBQ&url=http%3A%2F%2Fcsdb.ufanet.ru%2Ffiles%2Fscen_prazd%2Fesenin.pdf&ei=XJfIT_bTEejP4QTNvr0n&usg=AFQjCNGfAvvXRppgaLZzrfQCPWtcZ0NURw&cad=rjt" "Mozilla/4.0 (compatible; MSIE 8.0; Windows NT 5.1; Trident/4.0; MRSPUTNIK 2, 4, 0, 463; InfoPath.2)"
46.216.40.63 - - [01/Jun/2012:16:22:12 +0600] "GET /content/view/323/163/ HTTP/1.0" 200 11634 "http://go.mail.ru/search?mailru=1&iewtf=%E2%98%A0&mg=1&q=%D0%BF%D0%BE%D0%B4%D1%81%D0%BE%D0%BB%D0%BD%D1%83%D1%88%D0%BA%D0%B8+%D0%B1%D0%B5%D1%81%D0%BF%D0%BB%D0%B0%D1%82%D0%BD%D1%8B%D0%B5+%D0%B8%D0%B3%D1%80%D1%8B&us=7" "Mozilla/4.0 (compatible; MSIE 8.0; Windows NT 5.1; Trident/4.0)"
81.30.179.38 - - [01/Jun/2012:16:22:18 +0600] "POST /administrator/index2.php HTTP/1.0" 301 - "http://csdb.ufanet.ru/administrator/index2.php?option=com_content&sectionid=0&task=edit&hidemainmenu=1&id=1001" "Mozilla/5.0 (Windows NT 6.1; rv:12.0) Gecko/20100101 Firefox/12.0"
81.30.179.38 - - [01/Jun/2012:16:22:18 +0600] "GET /administrator/index2.php?option=com_content&sectionid=0&mosmsg=%D3%F1%EF%E5%F8%ED%EE+%F1%EE%F5%F0%E0%ED%E5%ED%EE%3A+%CF%EB%E0%ED+%EC%E0%F1%F1%EE%E2%FB%F5+%EC%E5%F0%EE%EF%F0%E8%FF%F2%E8%E9+%ED%E0+%EC%E0%E9+2012+%E3. HTTP/1.0" 200 11462 "http://csdb.ufanet.ru/administrator/index2.php?option=com_content&sectionid=0&task=edit&hidemainmenu=1&id=1001" "Mozilla/5.0 (Windows NT 6.1; rv:12.0) Gecko/20100101 Firefox/12.0"
81.30.179.38 - - [01/Jun/2012:16:22:31 +0600] "GET /administrator/index2.php?option=com_content&sectionid=0&task=edit&hidemainmenu=1&id=1001 HTTP/1.0" 200 67595 "http://csdb.ufanet.ru/administrator/index2.php?option=com_content&sectionid=0&mosmsg=%D3%F1%EF%E5%F8%ED%EE+%F1%EE%F5%F0%E0%ED%E5%ED%EE%3A+%CF%EB%E0%ED+%EC%E0%F1%F1%EE%E2%FB%F5+%EC%E5%F0%EE%EF%F0%E8%FF%F2%E8%E9+%ED%E0+%EC%E0%E9+2012+%E3." "Mozilla/5.0 (Windows NT 6.1; rv:12.0) Gecko/20100101 Firefox/12.0"
178.154.163.30 - - [01/Jun/2012:16:22:57 +0600] "GET /files/articles/%D0%9F%D1%80%D0%BE%D0%B5%D0%BA%D1%82%D0%BD%D0%BE%D0%B5%20%D1%80%D0%B0%D0%B7%D0%B2%D0%B8%D1%82%D0%B8%D0%B5%20%D0%B1%D0%B8%D0%B1%D0%BB%D0%B8%D0%BE%D1%82%D0%B5%D0%BA%20%D0%90%D0%92%D0%93%D0%A3%D0%A1%D0%A2%D0%9E%D0%92%D0%A1%D0%9A%D0%9E%D0%95%20%D0%A1%D0%9E%D0%92%D0%95%D0%A9%D0%90%D0%9D%D0%98%D0%95.pdf HTTP/1.0" 200 119967 "-" "Mozilla/5.0 (compatible; YandexDirect/3.0; +http://yandex.com/bots)"
66.249.66.77 - - [01/Jun/2012:16:23:02 +0600] "GET /content/view/794/106/ HTTP/1.0" 200 5689 "-" "Mozilla/5.0 (compatible; Googlebot/2.1; +http://www.google.com/bot.html)"
81.30.179.38 - - [01/Jun/2012:16:23:08 +0600] "POST /administrator/index2.php HTTP/1.0" 301 - "http://csdb.ufanet.ru/administrator/index2.php?option=com_content&sectionid=0&task=edit&hidemainmenu=1&id=1001" "Mozilla/5.0 (Windows NT 6.1; rv:12.0) Gecko/20100101 Firefox/12.0"
81.30.179.38 - - [01/Jun/2012:16:23:08 +0600] "GET /administrator/index2.php?option=com_content&sectionid=0&mosmsg=%D3%F1%EF%E5%F8%ED%EE+%F1%EE%F5%F0%E0%ED%E5%ED%EE%3A+%CF%EB%E0%ED+%EC%E0%F1%F1%EE%E2%FB%F5+%EC%E5%F0%EE%EF%F0%E8%FF%F2%E8%E9+%ED%E0+%E8%FE%ED%FC+2012+%E3. HTTP/1.0" 200 11469 "http://csdb.ufanet.ru/administrator/index2.php?option=com_content&sectionid=0&task=edit&hidemainmenu=1&id=1001" "Mozilla/5.0 (Windows NT 6.1; rv:12.0) Gecko/20100101 Firefox/12.0"
81.30.179.38 - - [01/Jun/2012:16:23:14 +0600] "GET /content/view/970/1/ HTTP/1.0" 200 11569 "http://csdb.ufanet.ru/content/view/970/1/" "Mozilla/5.0 (Windows NT 6.1) AppleWebKit/536.5 (KHTML, like Gecko) Chrome/19.0.1084.46 Safari/536.5"
81.30.179.38 - - [01/Jun/2012:16:23:17 +0600] "GET /content/view/970/1/ HTTP/1.0" 200 11566 "http://csdb.ufanet.ru/content/view/970/1/" "Mozilla/5.0 (Windows NT 6.1) AppleWebKit/536.5 (KHTML, like Gecko) Chrome/19.0.1084.46 Safari/536.5"
66.249.72.137 - - [01/Jun/2012:16:23:22 +0600] "GET /content/view/648/149/ HTTP/1.0" 200 5107 "-" "Mozilla/5.0 (compatible; Googlebot/2.1; +http://www.google.com/bot.html)"
81.30.179.38 - - [01/Jun/2012:16:23:23 +0600] "GET / HTTP/1.0" 200 6993 "-" "Mozilla/5.0 (Windows NT 6.1) AppleWebKit/536.5 (KHTML, like Gecko) Chrome/19.0.1084.46 Safari/536.5"
81.30.179.38 - - [01/Jun/2012:16:23:24 +0600] "GET /images/cgdb.swf HTTP/1.0" 304 - "http://csdb.ufanet.ru/" "Mozilla/5.0 (Windows NT 6.1) AppleWebKit/536.5 (KHTML, like Gecko) Chrome/19.0.1084.46 Safari/536.5"
81.30.179.38 - - [01/Jun/2012:16:23:26 +0600] "GET / HTTP/1.0" 200 6995 "-" "Mozilla/5.0 (Windows NT 6.1) AppleWebKit/536.5 (KHTML, like Gecko) Chrome/19.0.1084.46 Safari/536.5"
81.30.179.38 - - [01/Jun/2012:16:23:40 +0600] "GET /content/view/1001/1/ HTTP/1.0" 200 19732 "http://csdb.ufanet.ru/" "Mozilla/5.0 (Windows NT 6.1) AppleWebKit/536.5 (KHTML, like Gecko) Chrome/19.0.1084.46 Safari/536.5"
81.30.179.38 - - [01/Jun/2012:16:23:47 +0600] "GET / HTTP/1.0" 200 6995 "-" "Mozilla/5.0 (Windows NT 6.1) AppleWebKit/536.5 (KHTML, like Gecko) Chrome/19.0.1084.46 Safari/536.5"
81.30.179.38 - - [01/Jun/2012:16:24:05 +0600] "GET /content/view/970/1/ HTTP/1.0" 200 11569 "http://csdb.ufanet.ru/" "Mozilla/5.0 (Windows NT 6.1) AppleWebKit/536.5 (KHTML, like Gecko) Chrome/19.0.1084.46 Safari/536.5"
65.52.109.62 - - [01/Jun/2012:16:24:12 +0600] "GET /content/view/384/161/ HTTP/1.0" 200 5869 "-" "Mozilla/5.0 (compatible; bingbot/2.0; +http://www.bing.com/bingbot.htm)"
81.30.179.38 - - [01/Jun/2012:16:24:14 +0600] "GET /content/view/1001/1/ HTTP/1.0" 200 19731 "http://csdb.ufanet.ru/content/view/970/1/" "Mozilla/5.0 (Windows NT 6.1) AppleWebKit/536.5 (KHTML, like Gecko) Chrome/19.0.1084.46 Safari/536.5"
81.30.179.38 - - [01/Jun/2012:16:24:28 +0600] "POST /administrator/index2.php?option=com_content HTTP/1.0" 301 - "http://csdb.ufanet.ru/administrator/index2.php?option=com_content&sectionid=0&mosmsg=%D3%F1%EF%E5%F8%ED%EE+%F1%EE%F5%F0%E0%ED%E5%ED%EE%3A+%CF%EB%E0%ED+%EC%E0%F1%F1%EE%E2%FB%F5+%EC%E5%F0%EE%EF%F0%E8%FF%F2%E8%E9+%ED%E0+%E8%FE%ED%FC+2012+%E3." "Mozilla/5.0 (Windows NT 6.1; rv:12.0) Gecko/20100101 Firefox/12.0"
81.30.179.38 - - [01/Jun/2012:16:24:28 +0600] "GET /administrator/index2.php?option=com_content&sectionid=0&mosmsg=1%20%CE%E1%FA%E5%EA%F2(%FB)%20%F3%F1%EF%E5%F8%ED%EE%20%F1%ED%FF%F2(%FB)%20%F1%20%EF%F3%E1%EB%E8%EA%E0%F6%E8%E8 HTTP/1.0" 200 11474 "http://csdb.ufanet.ru/administrator/index2.php?option=com_content&sectionid=0&mosmsg=%D3%F1%EF%E5%F8%ED%EE+%F1%EE%F5%F0%E0%ED%E5%ED%EE%3A+%CF%EB%E0%ED+%EC%E0%F1%F1%EE%E2%FB%F5+%EC%E5%F0%EE%EF%F0%E8%FF%F2%E8%E9+%ED%E0+%E8%FE%ED%FC+2012+%E3." "Mozilla/5.0 (Windows NT 6.1; rv:12.0) Gecko/20100101 Firefox/12.0"
81.30.179.38 - - [01/Jun/2012:16:25:35 +0600] "GET /administrator/index2.php?option=com_content&sectionid=0&task=edit&hidemainmenu=1&id=1001 HTTP/1.0" 200 67564 "http://csdb.ufanet.ru/administrator/index2.php?option=com_content&sectionid=0&mosmsg=1%20%CE%E1%FA%E5%EA%F2(%FB)%20%F3%F1%EF%E5%F8%ED%EE%20%F1%ED%FF%F2(%FB)%20%F1%20%EF%F3%E1%EB%E8%EA%E0%F6%E8%E8" "Mozilla/5.0 (Windows NT 6.1; rv:12.0) Gecko/20100101 Firefox/12.0"
81.30.179.38 - - [01/Jun/2012:16:27:24 +0600] "POST /administrator/index2.php HTTP/1.0" 301 - "http://csdb.ufanet.ru/administrator/index2.php?option=com_content&sectionid=0&task=edit&hidemainmenu=1&id=1001" "Mozilla/5.0 (Windows NT 6.1; rv:12.0) Gecko/20100101 Firefox/12.0"
81.30.179.38 - - [01/Jun/2012:16:27:24 +0600] "GET /administrator/index2.php?option=com_content&sectionid=0&mosmsg=%D3%F1%EF%E5%F8%ED%EE+%F1%EE%F5%F0%E0%ED%E5%ED%EE%3A+%CF%EB%E0%ED+%EC%E0%F1%F1%EE%E2%FB%F5+%EC%E5%F0%EE%EF%F0%E8%FF%F2%E8%E9+%ED%E0+%E8%FE%ED%FC+2012+%E3. HTTP/1.0" 200 11485 "http://csdb.ufanet.ru/administrator/index2.php?option=com_content&sectionid=0&task=edit&hidemainmenu=1&id=1001" "Mozilla/5.0 (Windows NT 6.1; rv:12.0) Gecko/20100101 Firefox/12.0"
81.30.179.38 - - [01/Jun/2012:16:27:37 +0600] "GET /administrator/index2.php?option=com_content&sectionid=0&task=edit&hidemainmenu=1&id=970 HTTP/1.0" 200 57681 "http://csdb.ufanet.ru/administrator/index2.php?option=com_content&sectionid=0&mosmsg=%D3%F1%EF%E5%F8%ED%EE+%F1%EE%F5%F0%E0%ED%E5%ED%EE%3A+%CF%EB%E0%ED+%EC%E0%F1%F1%EE%E2%FB%F5+%EC%E5%F0%EE%EF%F0%E8%FF%F2%E8%E9+%ED%E0+%E8%FE%ED%FC+2012+%E3." "Mozilla/5.0 (Windows NT 6.1; rv:12.0) Gecko/20100101 Firefox/12.0"
81.30.179.38 - - [01/Jun/2012:16:27:56 +0600] "POST /administrator/index2.php HTTP/1.0" 301 - "http://csdb.ufanet.ru/administrator/index2.php?option=com_content&sectionid=0&task=edit&hidemainmenu=1&id=970" "Mozilla/5.0 (Windows NT 6.1; rv:12.0) Gecko/20100101 Firefox/12.0"
81.30.179.38 - - [01/Jun/2012:16:27:56 +0600] "GET /administrator/index2.php?option=com_content&sectionid=0&mosmsg=%D3%F1%EF%E5%F8%ED%EE+%F1%EE%F5%F0%E0%ED%E5%ED%EE%3A+%CF%EB%E0%ED+%EC%E0%F1%F1%EE%E2%FB%F5+%EC%E5%F0%EE%EF%F0%E8%FF%F2%E8%E9+%ED%E0+%EC%E0%E9+2012+%E3. HTTP/1.0" 200 11495 "http://csdb.ufanet.ru/administrator/index2.php?option=com_content&sectionid=0&task=edit&hidemainmenu=1&id=970" "Mozilla/5.0 (Windows NT 6.1; rv:12.0) Gecko/20100101 Firefox/12.0"
81.30.179.38 - - [01/Jun/2012:16:28:01 +0600] "GET /content/view/970/1/ HTTP/1.0" 200 5524 "http://csdb.ufanet.ru/" "Mozilla/5.0 (Windows NT 6.1) AppleWebKit/536.5 (KHTML, like Gecko) Chrome/19.0.1084.46 Safari/536.5"
81.30.179.38 - - [01/Jun/2012:16:28:13 +0600] "GET /component/option,com_frontpage/Itemid,1/ HTTP/1.0" 200 6974 "http://csdb.ufanet.ru/content/view/970/1/" "Mozilla/5.0 (Windows NT 6.1) AppleWebKit/536.5 (KHTML, like Gecko) Chrome/19.0.1084.46 Safari/536.5"
68.233.226.103 - - [01/Jun/2012:16:28:23 +0600] "GET /content/blogcategory/1/66/5/250/content/view/13/51/content/view/22/157/ HTTP/1.0" 200 18408 "-" "Mozilla/5.0 (Windows NT 5.1) AppleWebKit/535.2 (KHTML, like Gecko) Chrome/15.0.872.0 Safari/535.2"
81.30.179.38 - - [01/Jun/2012:16:28:25 +0600] "GET /content/view/1001/1/ HTTP/1.0" 200 19715 "http://csdb.ufanet.ru/component/option,com_frontpage/Itemid,1/" "Mozilla/5.0 (Windows NT 6.1) AppleWebKit/536.5 (KHTML, like Gecko) Chrome/19.0.1084.46 Safari/536.5"
81.30.179.38 - - [01/Jun/2012:16:29:14 +0600] "GET /administrator/index2.php?option=com_content&sectionid=0&task=edit&hidemainmenu=1&id=970 HTTP/1.0" 200 57681 "http://csdb.ufanet.ru/administrator/index2.php?option=com_content&sectionid=0&mosmsg=%D3%F1%EF%E5%F8%ED%EE+%F1%EE%F5%F0%E0%ED%E5%ED%EE%3A+%CF%EB%E0%ED+%EC%E0%F1%F1%EE%E2%FB%F5+%EC%E5%F0%EE%EF%F0%E8%FF%F2%E8%E9+%ED%E0+%EC%E0%E9+2012+%E3." "Mozilla/5.0 (Windows NT 6.1; rv:12.0) Gecko/20100101 Firefox/12.0"
68.233.226.103 - - [01/Jun/2012:16:30:39 +0600] "GET /content/view/752/86/ HTTP/1.0" 200 18668 "-" "Mozilla/5.0 (Windows NT 5.1) AppleWebKit/535.2 (KHTML, like Gecko) Chrome/15.0.872.0 Safari/535.2"
94.41.117.168 - - [01/Jun/2012:16:30:48 +0600] "GET / HTTP/1.0" 200 6976 "http://yandex.ru/yandsearch?text=%D0%B4%D0%B5%D1%82%D1%81%D0%BA%D0%B8%D0%B5+%D0%BC%D0%B5%D1%80%D0%BE%D0%BF%D1%80%D0%B8%D1%8F%D1%82%D0%B8%D1%8F+%D1%83%D1%84%D0%B0&clid=46510&lr=172" "Mozilla/5.0 (Windows NT 6.1; WOW64; rv:9.0.1) Gecko/20100101 Firefox/9.0.1"
94.41.117.168 - - [01/Jun/2012:16:30:48 +0600] "GET /images/cgdb.swf HTTP/1.0" 200 19792297 "http://csdb.ufanet.ru/" "Mozilla/5.0 (Windows NT 6.1; WOW64; rv:9.0.1) Gecko/20100101 Firefox/9.0.1"
83.169.60.25 - - [01/Jun/2012:16:31:03 +0600] "GET / HTTP/1.0" 200 25511 "-" "Mozilla/5.0 (Windows; U; Windows NT 6.0; de; rv:1.9.0.6) Gecko/2009011913 Firefox/3.0.6"
83.169.60.25 - - [01/Jun/2012:16:31:03 +0600] "GET /20e6a4bb032fcfae5d.php HTTP/1.0" 404 299 "-" "Mozilla/5.0 (Windows; U; Windows NT 6.0; de; rv:1.9.0.6) Gecko/2009011913 Firefox/3.0.6"
81.30.179.38 - - [01/Jun/2012:16:32:56 +0600] "POST /administrator/index2.php HTTP/1.0" 301 - "http://csdb.ufanet.ru/administrator/index2.php?option=com_content&sectionid=0&task=edit&hidemainmenu=1&id=970" "Mozilla/5.0 (Windows NT 6.1; rv:12.0) Gecko/20100101 Firefox/12.0"
81.30.179.38 - - [01/Jun/2012:16:32:56 +0600] "GET /administrator/index2.php?option=com_content&sectionid=0&mosmsg=%D3%F1%EF%E5%F8%ED%EE+%F1%EE%F5%F0%E0%ED%E5%ED%EE%3A+%CF%EB%E0%ED+%EC%E0%F1%F1%EE%E2%FB%F5+%EC%E5%F0%EE%EF%F0%E8%FF%F2%E8%E9+%ED%E0+%EC%E0%E9+2012+%E3. HTTP/1.0" 200 11495 "http://csdb.ufanet.ru/administrator/index2.php?option=com_content&sectionid=0&task=edit&hidemainmenu=1&id=970" "Mozilla/5.0 (Windows NT 6.1; rv:12.0) Gecko/20100101 Firefox/12.0"
81.30.179.38 - - [01/Jun/2012:16:33:03 +0600] "GET /component/option,com_frontpage/Itemid,1/ HTTP/1.0" 200 6976 "http://csdb.ufanet.ru/content/view/1001/1/" "Mozilla/5.0 (Windows NT 6.1) AppleWebKit/536.5 (KHTML, like Gecko) Chrome/19.0.1084.46 Safari/536.5"
81.30.179.38 - - [01/Jun/2012:16:33:14 +0600] "GET /content/view/1001/1/ HTTP/1.0" 200 19716 "http://csdb.ufanet.ru/component/option,com_frontpage/Itemid,1/" "Mozilla/5.0 (Windows NT 6.1) AppleWebKit/536.5 (KHTML, like Gecko) Chrome/19.0.1084.46 Safari/536.5"
81.30.179.38 - - [01/Jun/2012:16:33:23 +0600] "GET /content/view/989/1/ HTTP/1.0" 200 5983 "http://csdb.ufanet.ru/content/view/1001/1/" "Mozilla/5.0 (Windows NT 6.1) AppleWebKit/536.5 (KHTML, like Gecko) Chrome/19.0.1084.46 Safari/536.5"
81.30.179.38 - - [01/Jun/2012:16:33:31 +0600] "GET /content/view/1001/1/ HTTP/1.0" 200 19715 "http://csdb.ufanet.ru/component/option,com_frontpage/Itemid,1/" "Mozilla/5.0 (Windows NT 6.1) AppleWebKit/536.5 (KHTML, like Gecko) Chrome/19.0.1084.46 Safari/536.5"
66.249.66.77 - - [01/Jun/2012:16:33:36 +0600] "GET /content/view/414/66/ HTTP/1.0" 200 6230 "-" "Mozilla/5.0 (compatible; Googlebot/2.1; +http://www.google.com/bot.html)"
81.30.179.38 - - [01/Jun/2012:16:34:18 +0600] "GET /administrator/index2.php?option=logout HTTP/1.0" 301 - "http://csdb.ufanet.ru/administrator/index2.php?option=com_content&sectionid=0&mosmsg=%D3%F1%EF%E5%F8%ED%EE+%F1%EE%F5%F0%E0%ED%E5%ED%EE%3A+%CF%EB%E0%ED+%EC%E0%F1%F1%EE%E2%FB%F5+%EC%E5%F0%EE%EF%F0%E8%FF%F2%E8%E9+%ED%E0+%EC%E0%E9+2012+%E3." "Mozilla/5.0 (Windows NT 6.1; rv:12.0) Gecko/20100101 Firefox/12.0"
81.30.179.38 - - [01/Jun/2012:16:34:18 +0600] "GET /administrator/index.php HTTP/1.0" 200 1314 "http://csdb.ufanet.ru/administrator/index2.php?option=com_content&sectionid=0&mosmsg=%D3%F1%EF%E5%F8%ED%EE+%F1%EE%F5%F0%E0%ED%E5%ED%EE%3A+%CF%EB%E0%ED+%EC%E0%F1%F1%EE%E2%FB%F5+%EC%E5%F0%EE%EF%F0%E8%FF%F2%E8%E9+%ED%E0+%EC%E0%E9+2012+%E3." "Mozilla/5.0 (Windows NT 6.1; rv:12.0) Gecko/20100101 Firefox/12.0"
66.249.66.77 - - [01/Jun/2012:16:34:38 +0600] "GET /content/view/712/67/ HTTP/1.0" 200 4136 "-" "Mozilla/5.0 (compatible; Googlebot/2.1; +http://www.google.com/bot.html)"
81.30.179.38 - - [01/Jun/2012:16:34:52 +0600] "GET / HTTP/1.0" 200 6975 "-" "Mozilla/5.0 (Windows NT 6.1) AppleWebKit/536.5 (KHTML, like Gecko) Chrome/19.0.1084.46 Safari/536.5"
81.30.179.38 - - [01/Jun/2012:16:34:57 +0600] "GET /content/view/1001/1/ HTTP/1.0" 200 19711 "http://csdb.ufanet.ru/" "Mozilla/5.0 (Windows NT 6.1) AppleWebKit/536.5 (KHTML, like Gecko) Chrome/19.0.1084.46 Safari/536.5"
66.249.66.77 - - [01/Jun/2012:16:35:19 +0600] "GET /content/view/565/5/ HTTP/1.0" 200 5803 "-" "Mozilla/5.0 (compatible; Googlebot/2.1; +http://www.google.com/bot.html)"
81.30.179.38 - - [01/Jun/2012:16:35:20 +0600] "GET /content/view/976/1/ HTTP/1.0" 200 7402 "http://csdb.ufanet.ru/content/view/1001/1/" "Mozilla/5.0 (Windows NT 6.1) AppleWebKit/536.5 (KHTML, like Gecko) Chrome/19.0.1084.46 Safari/536.5"
81.30.179.38 - - [01/Jun/2012:16:35:30 +0600] "GET /content/view/1001/1/ HTTP/1.0" 200 19714 "http://csdb.ufanet.ru/" "Mozilla/5.0 (Windows NT 6.1) AppleWebKit/536.5 (KHTML, like Gecko) Chrome/19.0.1084.46 Safari/536.5"
95.59.38.142 - - [01/Jun/2012:16:36:20 +0600] "GET /content/view/204/47/ HTTP/1.0" 200 10168 "http://www.google.kz/url?sa=t&rct=j&q=%D0%BC%D0%B5%D1%80%D0%BE%D0%BF%D1%80%D0%B8%D1%8F%D1%82%D0%B8%D1%8F%20%D0%BF%D1%80%D0%BE%D0%B2%D0%BE%D0%B4%D0%B8%D0%BC%D1%8B%D0%B5%20%D0%B2%20%D0%B1%D0%B8%D0%B1%D0%BB%D0%B8%D0%BE%D1%82%D0%B5%D0%BA%D0%B5%20%D0%BF%D0%BE%20%D1%8D%D0%BA%D0%BE%D0%BB%D0%BE%D0%B3%D0%B8%D0%B8&source=web&cd=25&ved=0CF0QFjAEOBQ&url=http%3A%2F%2Fcsdb.ufanet.ru%2Fcontent%2Fview%2F204%2F47%2F&ei=FJvIT8vJM86fOpTNgAE&usg=AFQjCNHq-a7xRJ0ytVIeOUW6Qa9yO1lXKg" "Opera/9.80 (Windows NT 5.1; U; MRA 5.9 (build 4832); ru) Presto/2.10.229 Version/11.64"
95.105.56.100 - - [01/Jun/2012:16:36:56 +0600] "GET / HTTP/1.0" 200 6973 "-" "Mozilla/5.0 (Windows NT 5.1) AppleWebKit/536.5 (KHTML, like Gecko) Chrome/19.0.1084.52 Safari/536.5"
95.105.56.100 - - [01/Jun/2012:16:37:01 +0600] "GET /content/blogcategory/1/66/ HTTP/1.0" 200 7657 "http://csdb.ufanet.ru/" "Mozilla/5.0 (Windows NT 5.1) AppleWebKit/536.5 (KHTML, like Gecko) Chrome/19.0.1084.52 Safari/536.5"
66.249.66.77 - - [01/Jun/2012:16:37:01 +0600] "GET /content/view/438/66/ HTTP/1.0" 200 6227 "-" "Mozilla/5.0 (compatible; Googlebot/2.1; +http://www.google.com/bot.html)"
95.105.56.100 - - [01/Jun/2012:16:37:07 +0600] "GET /images/mb/img38/free_access.swf HTTP/1.0" 206 1 "http://csdb.ufanet.ru/mb38/" "Mozilla/5.0 (Windows NT 5.1) AppleWebKit/536.5 (KHTML, like Gecko) Chrome/19.0.1084.52 Safari/536.5"
95.105.56.100 - - [01/Jun/2012:16:37:07 +0600] "GET /images/mb/img38/free_access.swf HTTP/1.0" 206 2972871 "http://csdb.ufanet.ru/mb38/" "Mozilla/5.0 (Windows NT 5.1) AppleWebKit/536.5 (KHTML, like Gecko) Chrome/19.0.1084.52 Safari/536.5"
213.180.206.197 - - [01/Jun/2012:16:37:13 +0600] "GET / HTTP/1.0" 200 25506 "-" "Mozilla/5.0 (compatible; YandexMetrika/2.0; +http://yandex.com/bots)"
66.249.66.77 - - [01/Jun/2012:16:39:04 +0600] "GET /content/view/659/160/ HTTP/1.0" 200 5134 "-" "Mozilla/5.0 (compatible; Googlebot/2.1; +http://www.google.com/bot.html)"
178.129.153.5 - - [01/Jun/2012:16:40:28 +0600] "GET /files/ucazatel/salavat.pdf HTTP/1.0" 200 264049 "http://yandex.ru/yandsearch?text=%D1%87%D0%B8%D1%82%D0%B0%D1%82%D1%8C+%D0%BE%D0%BB%D0%B0%D0%B9%D0%BD+%D0%9E%D1%87%D0%B5%D1%80%D0%BA%D0%B8+%D0%BF%D0%BE+%D0%B8%D1%81%D1%82%D0%BE%D1%80%D0%B8%D0%B8+%D0%91%D0%B0%D1%88%D0%BA%D0%B8%D1%80%D1%81%D0%BA%D0%BE%D0%B9+%D0%90%D0%A1%D0%A1%D0%A0.+%D0%92+2+%D1%82.+%D0%A0%D0%B5%D0%B4.+%D0%A1%D0%BC%D0%B8%D1%80%D0%BD%D0%BE%D0%B2%D0%B0+%D0%90.%D0%98.%2C+%D0%A8%D0%B0%D1%84%D0%B8%D0%BA%D0%BE%D0%B2%D0%B0+%D0%93.%D0%A4.+%D0%A3%D1%84%D0%B0%2C+1956-1966.&lr=172" "Mozilla/5.0 (Windows NT 5.1) AppleWebKit/536.5 (KHTML, like Gecko) Chrome/19.0.1084.52 Safari/536.5"
178.129.153.5 - - [01/Jun/2012:16:40:28 +0600] "GET /files/ucazatel/salavat.pdf HTTP/1.0" 206 32768 "http://csdb.ufanet.ru/files/ucazatel/salavat.pdf" "Mozilla/5.0 (Windows NT 5.1) AppleWebKit/536.5 (KHTML, like Gecko) Chrome/19.0.1084.52 Safari/536.5"
178.129.153.5 - - [01/Jun/2012:16:40:28 +0600] "GET /files/ucazatel/salavat.pdf HTTP/1.0" 206 40320 "http://csdb.ufanet.ru/files/ucazatel/salavat.pdf" "Mozilla/5.0 (Windows NT 5.1) AppleWebKit/536.5 (KHTML, like Gecko) Chrome/19.0.1084.52 Safari/536.5"
178.129.153.5 - - [01/Jun/2012:16:40:29 +0600] "GET /files/ucazatel/salavat.pdf HTTP/1.0" 206 32768 "http://csdb.ufanet.ru/files/ucazatel/salavat.pdf" "Mozilla/5.0 (Windows NT 5.1) AppleWebKit/536.5 (KHTML, like Gecko) Chrome/19.0.1084.52 Safari/536.5"
178.129.153.5 - - [01/Jun/2012:16:40:29 +0600] "GET /files/ucazatel/salavat.pdf HTTP/1.0" 206 32768 "http://csdb.ufanet.ru/files/ucazatel/salavat.pdf" "Mozilla/5.0 (Windows NT 5.1) AppleWebKit/536.5 (KHTML, like Gecko) Chrome/19.0.1084.52 Safari/536.5"
178.129.153.5 - - [01/Jun/2012:16:40:29 +0600] "GET /files/ucazatel/salavat.pdf HTTP/1.0" 206 32768 "http://csdb.ufanet.ru/files/ucazatel/salavat.pdf" "Mozilla/5.0 (Windows NT 5.1) AppleWebKit/536.5 (KHTML, like Gecko) Chrome/19.0.1084.52 Safari/536.5"
178.129.153.5 - - [01/Jun/2012:16:40:29 +0600] "GET /files/ucazatel/salavat.pdf HTTP/1.0" 206 32768 "http://csdb.ufanet.ru/files/ucazatel/salavat.pdf" "Mozilla/5.0 (Windows NT 5.1) AppleWebKit/536.5 (KHTML, like Gecko) Chrome/19.0.1084.52 Safari/536.5"
178.129.153.5 - - [01/Jun/2012:16:40:30 +0600] "GET /files/ucazatel/salavat.pdf HTTP/1.0" 206 59889 "http://csdb.ufanet.ru/files/ucazatel/salavat.pdf" "Mozilla/5.0 (Windows NT 5.1) AppleWebKit/536.5 (KHTML, like Gecko) Chrome/19.0.1084.52 Safari/536.5"
66.249.66.77 - - [01/Jun/2012:16:42:50 +0600] "GET /content/view/399/1/ HTTP/1.0" 200 6584 "-" "Mozilla/5.0 (compatible; Googlebot/2.1; +http://www.google.com/bot.html)"
178.154.163.30 - - [01/Jun/2012:16:45:13 +0600] "GET /content/blogcategory/49/234/ HTTP/1.0" 200 6074 "-" "Mozilla/5.0 (compatible; YandexDirect/3.0; +http://yandex.com/bots)"
136.169.149.219 - - [01/Jun/2012:16:46:35 +0600] "GET /content/view/204/47/ HTTP/1.0" 200 10203 "http://www.google.ru/url?sa=t&rct=j&q=%D1%80%D0%B0%D0%B1%D0%BE%D1%82%D0%B0%20%D0%B2%20%D0%B1%D0%B8%D0%B1%D0%BB%D0%B8%D0%BE%D1%82%D0%B5%D0%BA%D0%B5%20%D1%83%D1%84%D0%B0&source=web&cd=5&sqi=2&ved=0CIkBEBYwBA&url=http%3A%2F%2Fcsdb.ufanet.ru%2Fcontent%2Fview%2F204%2F47%2F&ei=PZ3IT-3HMdDQ4QTlvukI&usg=AFQjCNHq-a7xRJ0ytVIeOUW6Qa9yO1lXKg&cad=rjt" "Mozilla/5.0 (Windows NT 6.1; WOW64) AppleWebKit/536.5 (KHTML, like Gecko) Chrome/19.0.1084.52 Safari/536.5"
62.133.191.166 - - [01/Jun/2012:16:47:40 +0600] "GET / HTTP/1.0" 200 6934 "http://yandex.ru/yandsearch?text=%D0%A1%D0%B0%D0%B9%D1%82+%D0%A6%D0%A1%D0%94%D0%91+%D0%B3.%D0%A3%D0%A4%D0%B0&lr=172" "Opera/9.80 (Windows NT 5.1; U; ru) Presto/2.10.229 Version/11.64"
62.133.191.166 - - [01/Jun/2012:16:47:43 +0600] "GET /images/cgdb.swf HTTP/1.0" 200 19792297 "http://csdb.ufanet.ru/" "Opera/9.80 (Windows NT 5.1; U; ru) Presto/2.10.229 Version/11.64"
178.154.163.30 - - [01/Jun/2012:16:48:06 +0600] "GET /mb38/ HTTP/1.0" 304 - "-" "Mozilla/5.0 (compatible; YandexBot/3.0; +http://yandex.com/bots)"
66.249.66.77 - - [01/Jun/2012:16:48:17 +0600] "GET /content/view/227/1/ HTTP/1.0" 200 6107 "-" "Mozilla/5.0 (compatible; Googlebot/2.1; +http://www.google.com/bot.html)"
207.46.204.223 - - [01/Jun/2012:16:48:21 +0600] "GET /content/view/282/120/ HTTP/1.0" 200 32279 "-" "Mozilla/4.0 (compatible; MSIE 7.0; Windows NT 5.1;  SV1;  .NET CLR 1.1.4325;  .NET CLR 2.0.40607;  .NET CLR 3.0.30729;  .NET CLR 3.5.30707;  InfoPath.2)"
62.133.191.166 - - [01/Jun/2012:16:48:23 +0600] "GET /content/view/382/158/ HTTP/1.0" 200 6341 "http://csdb.ufanet.ru/" "Opera/9.80 (Windows NT 5.1; U; ru) Presto/2.10.229 Version/11.64"
62.133.191.166 - - [01/Jun/2012:16:48:23 +0600] "GET /%22%22%22%22%22http://csdb.ufanet.ru/templates/csdb/images/strelka.gif%22%22%22%22%22 HTTP/1.0" 404 392 "http://csdb.ufanet.ru/content/view/382/158/" "Opera/9.80 (Windows NT 5.1; U; ru) Presto/2.10.229 Version/11.64"
62.133.191.166 - - [01/Jun/2012:16:48:41 +0600] "GET /content/category/4/17/194/ HTTP/1.0" 200 5471 "http://csdb.ufanet.ru/content/view/382/158/" "Opera/9.80 (Windows NT 5.1; U; ru) Presto/2.10.229 Version/11.64"
62.133.191.166 - - [01/Jun/2012:16:48:51 +0600] "GET /content/view/40/194/ HTTP/1.0" 200 5778 "http://csdb.ufanet.ru/content/category/4/17/194/" "Opera/9.80 (Windows NT 5.1; U; ru) Presto/2.10.229 Version/11.64"
62.133.191.166 - - [01/Jun/2012:16:49:57 +0600] "GET /mb38/ HTTP/1.0" 200 14902 "http://csdb.ufanet.ru/content/view/40/194/" "Opera/9.80 (Windows NT 5.1; U; ru) Presto/2.10.229 Version/11.64"
62.133.191.166 - - [01/Jun/2012:16:49:58 +0600] "GET /images/mb/img38/free_access.swf HTTP/1.0" 200 7947129 "http://csdb.ufanet.ru/mb38/" "Opera/9.80 (Windows NT 5.1; U; ru) Presto/2.10.229 Version/11.64"
66.249.66.77 - - [01/Jun/2012:16:50:41 +0600] "GET /content/view/659/90/ HTTP/1.0" 200 3584 "-" "Mozilla/5.0 (compatible; Googlebot/2.1; +http://www.google.com/bot.html)"
66.249.66.77 - - [01/Jun/2012:16:51:56 +0600] "GET /content/view/580/86/ HTTP/1.0" 200 5121 "-" "Mozilla/5.0 (compatible; Googlebot/2.1; +http://www.google.com/bot.html)"
68.233.226.103 - - [01/Jun/2012:16:52:33 +0600] "GET /content/view/659/86/ HTTP/1.0" 200 18634 "-" "Mozilla/5.0 (Windows NT 5.1) AppleWebKit/535.2 (KHTML, like Gecko) Chrome/15.0.872.0 Safari/535.2"
66.249.66.77 - - [01/Jun/2012:16:53:25 +0600] "GET /content/view/371/90/ HTTP/1.0" 200 5842 "-" "Mozilla/5.0 (compatible; Googlebot/2.1; +http://www.google.com/bot.html)"
66.249.66.77 - - [01/Jun/2012:16:54:26 +0600] "GET /content/view/40/194/ HTTP/1.0" 200 5814 "-" "Mozilla/5.0 (compatible; Googlebot/2.1; +http://www.google.com/bot.html)"
66.249.66.77 - - [01/Jun/2012:17:00:14 +0600] "GET /content/view/266/5/ HTTP/1.0" 200 5706 "-" "Mozilla/5.0 (compatible; Googlebot/2.1; +http://www.google.com/bot.html)"
109.191.245.48 - - [01/Jun/2012:17:03:37 +0600] "GET /content/view/113/66/ HTTP/1.0" 200 6738 "http://go.mail.ru/search?q=%D0%BB%D0%B5%D1%82%D0%BE+%2C%D0%BA%D0%BD%D0%B8%D0%B3%D0%B0%2C+%D1%8F+-+%D0%B4%D1%80%D1%83%D0%B7%D1%8C%D1%8F+" "Mozilla/5.0 (Windows; U; Windows NT 5.1; ru; rv:1.9.2.24) Gecko/20111103 MRA 5.5 (build 02842) Firefox/3.6.24 sputnik 2.5.2.66"
68.233.226.103 - - [01/Jun/2012:17:05:10 +0600] "GET /content/view/752/55/ HTTP/1.0" 200 18842 "-" "Mozilla/5.0 (Windows NT 5.1) AppleWebKit/535.2 (KHTML, like Gecko) Chrome/15.0.872.0 Safari/535.2"
178.154.163.30 - - [01/Jun/2012:17:05:15 +0600] "GET /mb38/ HTTP/1.0" 304 - "-" "Mozilla/5.0 (compatible; YandexBot/3.0; +http://yandex.com/bots)"
66.249.66.77 - - [01/Jun/2012:17:07:24 +0600] "GET /content/view/463/90/ HTTP/1.0" 200 4830 "-" "Mozilla/5.0 (compatible; Googlebot/2.1; +http://www.google.com/bot.html)"
66.249.66.77 - - [01/Jun/2012:17:07:45 +0600] "GET /content/view/273/5/ HTTP/1.0" 200 5835 "-" "Mozilla/5.0 (compatible; Googlebot/2.1; +http://www.google.com/bot.html)"
66.249.66.77 - - [01/Jun/2012:17:11:27 +0600] "GET /content/view/1001/1/ HTTP/1.0" 200 19692 "-" "Mozilla/5.0 (compatible; Googlebot/2.1; +http://www.google.com/bot.html)"
66.249.66.77 - - [01/Jun/2012:17:13:05 +0600] "GET /content/view/1001/ HTTP/1.0" 200 18104 "-" "Mozilla/5.0 (compatible; Googlebot/2.1; +http://www.google.com/bot.html)"
66.249.66.77 - - [01/Jun/2012:17:13:54 +0600] "GET /content/view/1001/5/ HTTP/1.0" 200 19268 "-" "Mozilla/5.0 (compatible; Googlebot/2.1; +http://www.google.com/bot.html)"
66.249.66.77 - - [01/Jun/2012:17:14:14 +0600] "GET /content/view/723/64/ HTTP/1.0" 200 5095 "-" "Mozilla/5.0 (compatible; Googlebot/2.1; +http://www.google.com/bot.html)"
178.154.163.30 - - [01/Jun/2012:17:15:13 +0600] "GET /content/view/113/66/ HTTP/1.0" 200 6736 "-" "Mozilla/5.0 (compatible; YandexBot/3.0; +http://yandex.com/bots)"
94.41.94.178 - - [01/Jun/2012:17:15:19 +0600] "GET / HTTP/1.0" 200 6948 "http://yandex.ru/yandsearch?text=csdb.ufanet.ru&clid=740028&lr=172" "Mozilla/5.0 (Windows NT 6.1; rv:11.0) Gecko/20100101 Firefox/11.0"
94.41.94.178 - - [01/Jun/2012:17:15:21 +0600] "GET /images/cgdb.swf HTTP/1.0" 200 19792297 "http://csdb.ufanet.ru/" "Mozilla/5.0 (Windows NT 6.1; rv:11.0) Gecko/20100101 Firefox/11.0"
66.249.66.77 - - [01/Jun/2012:17:15:34 +0600] "GET /content/view/1001/66/ HTTP/1.0" 200 19288 "-" "Mozilla/5.0 (compatible; Googlebot/2.1; +http://www.google.com/bot.html)"
66.249.66.77 - - [01/Jun/2012:17:15:36 +0600] "GET /content/view/793/5/ HTTP/1.0" 200 5093 "-" "Mozilla/5.0 (compatible; Googlebot/2.1; +http://www.google.com/bot.html)"
94.41.94.178 - - [01/Jun/2012:17:16:32 +0600] "GET /content/category/7/20/52/ HTTP/1.0" 200 5715 "http://csdb.ufanet.ru/" "Mozilla/5.0 (Windows NT 6.1; rv:11.0) Gecko/20100101 Firefox/11.0"
