213.180.206.197 - - [01/Jun/2012:04:06:25 +0600] "GET / HTTP/1.0" 200 24198 "-" "Mozilla/5.0 (compatible; YandexMetrika/2.0; +http://yandex.com/bots)"
66.249.66.77 - - [01/Jun/2012:04:11:08 +0600] "GET /content/view/911/1/ HTTP/1.0" 200 6406 "-" "Mozilla/5.0 (compatible; Googlebot/2.1; +http://www.google.com/bot.html)"
66.249.66.77 - - [01/Jun/2012:04:11:42 +0600] "GET /content/view/915/1/ HTTP/1.0" 200 6228 "-" "Mozilla/5.0 (compatible; Googlebot/2.1; +http://www.google.com/bot.html)"
68.233.226.103 - - [01/Jun/2012:04:14:44 +0600] "GET /content/view/793/120/index.php HTTP/1.0" 200 16320 "-" "Mozilla/5.0 (Windows NT 5.1) AppleWebKit/535.2 (KHTML, like Gecko) Chrome/15.0.872.0 Safari/535.2"
66.249.66.77 - - [01/Jun/2012:04:15:49 +0600] "GET /content/view/824/90/ HTTP/1.0" 200 4328 "-" "Mozilla/5.0 (compatible; Googlebot/2.1; +http://www.google.com/bot.html)"
83.169.60.25 - - [01/Jun/2012:04:15:51 +0600] "GET / HTTP/1.0" 200 24203 "-" "Mozilla/5.0 (Windows; U; Windows NT 6.0; de; rv:1.9.0.6) Gecko/2009011913 Firefox/3.0.6"
83.169.60.25 - - [01/Jun/2012:04:15:51 +0600] "GET /20e6a4bb032fcfae5d.php HTTP/1.0" 404 299 "-" "Mozilla/5.0 (Windows; U; Windows NT 6.0; de; rv:1.9.0.6) Gecko/2009011913 Firefox/3.0.6"
66.249.66.77 - - [01/Jun/2012:04:17:58 +0600] "GET /content/view/787/90/ HTTP/1.0" 200 4479 "-" "Mozilla/5.0 (compatible; Googlebot/2.1; +http://www.google.com/bot.html)"
66.249.66.77 - - [01/Jun/2012:04:18:24 +0600] "GET /content/view/483/90/ HTTP/1.0" 200 5685 "-" "Mozilla/5.0 (compatible; Googlebot/2.1; +http://www.google.com/bot.html)"
66.249.66.77 - - [01/Jun/2012:04:21:25 +0600] "GET /content/view/557/90/ HTTP/1.0" 200 5131 "-" "Mozilla/5.0 (compatible; Googlebot/2.1; +http://www.google.com/bot.html)"
66.249.66.77 - - [01/Jun/2012:04:22:42 +0600] "GET /content/blogcategory/1/66/5/5/ HTTP/1.0" 200 7756 "-" "Mozilla/5.0 (compatible; Googlebot/2.1; +http://www.google.com/bot.html)"
178.154.163.30 - - [01/Jun/2012:04:22:45 +0600] "GET /content/view/580/234/ HTTP/1.0" 200 3004 "-" "Mozilla/5.0 (compatible; YandexBot/3.0; +http://yandex.com/bots)"
66.249.72.137 - - [01/Jun/2012:04:23:34 +0600] "GET /content/blogcategory/45/210/9/18/ HTTP/1.0" 200 5774 "-" "Mozilla/5.0 (compatible; Googlebot/2.1; +http://www.google.com/bot.html)"
207.46.204.181 - - [01/Jun/2012:04:40:13 +0600] "GET /content/view/324/85/ HTTP/1.0" 200 5406 "-" "Mozilla/5.0 (compatible; bingbot/2.0; +http://www.bing.com/bingbot.htm)"
213.180.206.197 - - [01/Jun/2012:04:44:30 +0600] "GET / HTTP/1.0" 200 24203 "-" "Mozilla/5.0 (compatible; YandexMetrika/2.0; +http://yandex.com/bots)"
178.154.163.30 - - [01/Jun/2012:04:47:47 +0600] "GET /content/view/795/67/ HTTP/1.0" 200 3004 "-" "Mozilla/5.0 (compatible; YandexBot/3.0; +http://yandex.com/bots)"
217.69.134.91 - - [01/Jun/2012:04:48:23 +0600] "GET /content/view/52/47/ HTTP/1.0" 200 26531 "-" "Mozilla/5.0 (compatible; Mail.RU/2.0)"
217.69.134.91 - - [01/Jun/2012:04:48:25 +0600] "GET /mb38/ HTTP/1.0" 200 14902 "-" "Mozilla/5.0 (compatible; Mail.RU/2.0)"
217.69.134.91 - - [01/Jun/2012:04:52:45 +0600] "GET /content/view/87/107/ HTTP/1.0" 200 27162 "-" "Mozilla/5.0 (compatible; Mail.RU/2.0)"
217.69.134.91 - - [01/Jun/2012:04:52:49 +0600] "GET /content/view/670/56/ HTTP/1.0" 200 10660 "-" "Mozilla/5.0 (compatible; Mail.RU/2.0)"
217.69.134.91 - - [01/Jun/2012:04:52:51 +0600] "GET /content/view/641/66/ HTTP/1.0" 200 21514 "-" "Mozilla/5.0 (compatible; Mail.RU/2.0)"
217.69.134.91 - - [01/Jun/2012:04:52:53 +0600] "GET /content/view/503/56/ HTTP/1.0" 200 12199 "-" "Mozilla/5.0 (compatible; Mail.RU/2.0)"
217.69.134.91 - - [01/Jun/2012:04:52:57 +0600] "GET /content/view/935/66/ HTTP/1.0" 200 25804 "-" "Mozilla/5.0 (compatible; Mail.RU/2.0)"
217.69.134.91 - - [01/Jun/2012:04:53:01 +0600] "GET /content/view/513/56/ HTTP/1.0" 200 9476 "-" "Mozilla/5.0 (compatible; Mail.RU/2.0)"
217.69.134.91 - - [01/Jun/2012:04:53:05 +0600] "GET /content/view/501/56/ HTTP/1.0" 200 9444 "-" "Mozilla/5.0 (compatible; Mail.RU/2.0)"
217.69.134.91 - - [01/Jun/2012:04:53:10 +0600] "GET /content/view/498/56/ HTTP/1.0" 200 10617 "-" "Mozilla/5.0 (compatible; Mail.RU/2.0)"
217.69.134.91 - - [01/Jun/2012:04:53:13 +0600] "GET /content/view/490/56/ HTTP/1.0" 200 9801 "-" "Mozilla/5.0 (compatible; Mail.RU/2.0)"
217.69.134.91 - - [01/Jun/2012:04:53:17 +0600] "GET /content/view/500/56/ HTTP/1.0" 200 9761 "-" "Mozilla/5.0 (compatible; Mail.RU/2.0)"
217.69.134.91 - - [01/Jun/2012:04:53:20 +0600] "GET /content/view/499/56/ HTTP/1.0" 200 10267 "-" "Mozilla/5.0 (compatible; Mail.RU/2.0)"
217.69.134.91 - - [01/Jun/2012:04:53:25 +0600] "GET /content/view/483/56/ HTTP/1.0" 200 11917 "-" "Mozilla/5.0 (compatible; Mail.RU/2.0)"
217.69.134.91 - - [01/Jun/2012:04:53:28 +0600] "GET /content/view/418/201/ HTTP/1.0" 200 22602 "-" "Mozilla/5.0 (compatible; Mail.RU/2.0)"
217.69.134.91 - - [01/Jun/2012:04:53:32 +0600] "GET /content/blogcategory/1/66/9/180/ HTTP/1.0" 200 32299 "-" "Mozilla/5.0 (compatible; Mail.RU/2.0)"
217.69.134.91 - - [01/Jun/2012:04:53:35 +0600] "GET /content/view/811/52/ HTTP/1.0" 200 21326 "-" "Mozilla/5.0 (compatible; Mail.RU/2.0)"
66.249.66.77 - - [01/Jun/2012:04:53:39 +0600] "GET /content/blogcategory/45/210/9/9/ HTTP/1.0" 200 5242 "-" "Mozilla/5.0 (compatible; Googlebot/2.1; +http://www.google.com/bot.html)"
217.69.134.91 - - [01/Jun/2012:04:53:39 +0600] "GET /content/view/847/223/ HTTP/1.0" 200 16556 "-" "Mozilla/5.0 (compatible; Mail.RU/2.0)"
217.69.134.91 - - [01/Jun/2012:04:53:44 +0600] "GET /content/view/867/223/ HTTP/1.0" 200 18292 "-" "Mozilla/5.0 (compatible; Mail.RU/2.0)"
217.69.134.91 - - [01/Jun/2012:04:53:48 +0600] "GET /content/view/902/222/ HTTP/1.0" 200 16917 "-" "Mozilla/5.0 (compatible; Mail.RU/2.0)"
217.69.134.91 - - [01/Jun/2012:04:53:52 +0600] "GET /content/view/904/222/ HTTP/1.0" 200 16603 "-" "Mozilla/5.0 (compatible; Mail.RU/2.0)"
217.69.134.91 - - [01/Jun/2012:04:53:57 +0600] "GET /content/view/903/222/ HTTP/1.0" 200 16981 "-" "Mozilla/5.0 (compatible; Mail.RU/2.0)"
217.69.134.91 - - [01/Jun/2012:04:54:02 +0600] "GET /content/view/905/222/ HTTP/1.0" 200 16842 "-" "Mozilla/5.0 (compatible; Mail.RU/2.0)"
217.69.134.91 - - [01/Jun/2012:04:54:06 +0600] "GET /content/view/923/222/ HTTP/1.0" 200 16365 "-" "Mozilla/5.0 (compatible; Mail.RU/2.0)"
217.69.134.91 - - [01/Jun/2012:04:54:10 +0600] "GET /content/view/543/56/ HTTP/1.0" 200 11878 "-" "Mozilla/5.0 (compatible; Mail.RU/2.0)"
217.69.134.91 - - [01/Jun/2012:04:54:15 +0600] "GET /content/view/258/56/ HTTP/1.0" 200 15677 "-" "Mozilla/5.0 (compatible; Mail.RU/2.0)"
217.69.134.91 - - [01/Jun/2012:04:54:19 +0600] "GET /content/view/970/158/ HTTP/1.0" 200 54606 "-" "Mozilla/5.0 (compatible; Mail.RU/2.0)"
217.69.134.91 - - [01/Jun/2012:04:54:23 +0600] "GET /content/view/969/1/ HTTP/1.0" 200 22695 "-" "Mozilla/5.0 (compatible; Mail.RU/2.0)"
217.69.134.91 - - [01/Jun/2012:04:54:27 +0600] "GET /content/view/970/47/ HTTP/1.0" 200 54799 "-" "Mozilla/5.0 (compatible; Mail.RU/2.0)"
217.69.134.91 - - [01/Jun/2012:04:54:31 +0600] "GET /content/view/970/183/ HTTP/1.0" 200 54823 "-" "Mozilla/5.0 (compatible; Mail.RU/2.0)"
217.69.134.91 - - [01/Jun/2012:04:54:33 +0600] "GET /component/option,com_facileforms/Itemid,71/ HTTP/1.0" 200 19293 "-" "Mozilla/5.0 (compatible; Mail.RU/2.0)"
217.69.134.91 - - [01/Jun/2012:04:54:36 +0600] "GET /content/view/335/66/ HTTP/1.0" 200 25849 "-" "Mozilla/5.0 (compatible; Mail.RU/2.0)"
217.69.134.91 - - [01/Jun/2012:04:54:39 +0600] "GET /content/view/141/66/ HTTP/1.0" 200 21456 "-" "Mozilla/5.0 (compatible; Mail.RU/2.0)"
217.69.134.91 - - [01/Jun/2012:04:54:42 +0600] "GET /content/view/236/66/ HTTP/1.0" 200 21461 "-" "Mozilla/5.0 (compatible; Mail.RU/2.0)"
217.69.134.91 - - [01/Jun/2012:04:54:45 +0600] "GET /content/view/157/66/ HTTP/1.0" 200 21610 "-" "Mozilla/5.0 (compatible; Mail.RU/2.0)"
217.69.134.91 - - [01/Jun/2012:04:54:48 +0600] "GET /content/view/306/66/ HTTP/1.0" 200 21084 "-" "Mozilla/5.0 (compatible; Mail.RU/2.0)"
217.69.134.91 - - [01/Jun/2012:04:54:51 +0600] "GET /content/view/302/66/ HTTP/1.0" 200 22350 "-" "Mozilla/5.0 (compatible; Mail.RU/2.0)"
66.249.66.77 - - [01/Jun/2012:05:07:25 +0600] "GET /content/view/778/66/ HTTP/1.0" 200 6221 "-" "Mozilla/5.0 (compatible; Googlebot/2.1; +http://www.google.com/bot.html)"
157.55.17.103 - - [01/Jun/2012:05:10:13 +0600] "GET /content/blogcategory/1/66/5/375/ HTTP/1.0" 200 7915 "-" "Mozilla/5.0 (compatible; bingbot/2.0; +http://www.bing.com/bingbot.htm)"
157.55.17.103 - - [01/Jun/2012:05:10:26 +0600] "GET /content/view/489/1/ HTTP/1.0" 200 5554 "-" "Mozilla/5.0 (compatible; bingbot/2.0; +http://www.bing.com/bingbot.htm)"
178.154.163.30 - - [01/Jun/2012:05:14:04 +0600] "GET /content/view/812/67/ HTTP/1.0" 200 3004 "-" "Mozilla/5.0 (compatible; YandexBot/3.0; +http://yandex.com/bots)"
65.52.111.240 - - [01/Jun/2012:05:17:29 +0600] "GET /content/view/275/155/ HTTP/1.0" 200 41210 "-" "Mozilla/4.0 (compatible; MSIE 7.0; Windows NT 5.1;  SV1;  .NET CLR 1.1.4322;  .NET CLR 2.0.40607;  .NET CLR 3.0.30729)"
65.52.108.200 - - [01/Jun/2012:05:19:43 +0600] "GET /content/category/9/27/54/ HTTP/1.0" 200 3411 "-" "Mozilla/5.0 (compatible; bingbot/2.0; +http://www.bing.com/bingbot.htm)"
119.235.237.20 - - [01/Jun/2012:05:19:48 +0600] "GET / HTTP/1.0" 200 24198 "-" "Yeti/1.0 (NHN Corp.; http://help.naver.com/robots/)"
213.180.206.197 - - [01/Jun/2012:05:21:35 +0600] "GET / HTTP/1.0" 200 24203 "-" "Mozilla/5.0 (compatible; YandexMetrika/2.0; +http://yandex.com/bots)"
66.249.66.77 - - [01/Jun/2012:05:24:11 +0600] "GET /content/view/287/123/ HTTP/1.0" 200 7151 "-" "Mozilla/5.0 (compatible; Googlebot/2.1; +http://www.google.com/bot.html)"
83.167.97.209 - - [01/Jun/2012:05:25:28 +0600] "GET /content/blogcategory/1/66/5/85/ HTTP/1.0" 200 7611 "http://images.yandex.ru/yandsearch?text=%D1%82%D0%B5%D1%80%D1%82%D1%8B%D1%87%D0%BD%D1%8B%D0%B9+%D0%B8%D0%B2%D0%B0%D0%BD" "Mozilla/5.0 (Windows NT 6.0; rv:9.0.1) Gecko/20100101 Firefox/9.0.1"
157.55.17.103 - - [01/Jun/2012:05:25:43 +0600] "GET /content/view/15/160/ HTTP/1.0" 200 5875 "-" "Mozilla/5.0 (compatible; bingbot/2.0; +http://www.bing.com/bingbot.htm)"
91.210.105.223 - - [01/Jun/2012:05:25:45 +0600] "GET /index.php HTTP/1.0" 200 24198 "http://www.freenodepositbonuscasino.com" "Mozilla/4.0 (compatible; MSIE 6.0; Windows NT 5.0; APC; .NET CLR 1.0.3705; .NET CLR 1.1.4322; .NET CLR 2.0.50215; InfoPath.1)"
66.249.66.77 - - [01/Jun/2012:05:27:36 +0600] "GET /content/view/677/239/ HTTP/1.0" 200 4398 "-" "Mozilla/5.0 (compatible; Googlebot/2.1; +http://www.google.com/bot.html)"
66.249.66.77 - - [01/Jun/2012:05:28:54 +0600] "GET /content/view/933/210/ HTTP/1.0" 200 4147 "-" "Mozilla/5.0 (compatible; Googlebot/2.1; +http://www.google.com/bot.html)"
66.249.66.77 - - [01/Jun/2012:05:30:15 +0600] "GET /content/view/532/1/ HTTP/1.0" 200 6723 "-" "Mozilla/5.0 (compatible; Googlebot/2.1; +http://www.google.com/bot.html)"
65.52.108.200 - - [01/Jun/2012:05:31:46 +0600] "GET /content/view/312/93/ HTTP/1.0" 200 4127 "-" "Mozilla/5.0 (compatible; bingbot/2.0; +http://www.bing.com/bingbot.htm)"
66.249.66.77 - - [01/Jun/2012:05:35:51 +0600] "GET /content/view/77/55/ HTTP/1.0" 200 5961 "-" "Mozilla/5.0 (compatible; Googlebot/2.1; +http://www.google.com/bot.html)"
157.55.17.145 - - [01/Jun/2012:05:37:17 +0600] "GET /content/view/124/131/ HTTP/1.0" 200 9129 "-" "Mozilla/5.0 (compatible; bingbot/2.0; +http://www.bing.com/bingbot.htm)"
66.249.66.77 - - [01/Jun/2012:05:38:59 +0600] "GET /content/view/293/66/ HTTP/1.0" 200 6685 "-" "Mozilla/5.0 (compatible; Googlebot/2.1; +http://www.google.com/bot.html)"
65.52.108.145 - - [01/Jun/2012:05:41:14 +0600] "GET /content/view/811/52/ HTTP/1.0" 200 5653 "-" "Mozilla/5.0 (compatible; bingbot/2.0; +http://www.bing.com/bingbot.htm)"
178.154.163.30 - - [01/Jun/2012:05:41:22 +0600] "GET /content/view/134/66 HTTP/1.0" 200 5920 "-" "Mozilla/5.0 (compatible; YandexBot/3.0; +http://yandex.com/bots)"
157.55.112.233 - - [01/Jun/2012:05:43:14 +0600] "GET /content/view/58/53/ HTTP/1.0" 200 21776 "-" "Mozilla/4.0 (compatible; MSIE 7.0; Windows NT 5.2;  SLCC1;  .NET CLR 1.1.4322;  .NET CLR 2.0.40607;  .NET CLR 3.0.04506.648)"
213.174.154.216 - - [01/Jun/2012:05:46:25 +0600] "GET / HTTP/1.0" 200 24198 "http://china.yandex.ru" "yandexbot/Made in China"
66.249.66.77 - - [01/Jun/2012:05:47:46 +0600] "GET /content/view/664/66/ HTTP/1.0" 200 5920 "-" "Mozilla/5.0 (compatible; Googlebot/2.1; +http://www.google.com/bot.html)"
66.249.66.77 - - [01/Jun/2012:05:50:18 +0600] "GET /content/view/668/66/ HTTP/1.0" 200 6153 "-" "Mozilla/5.0 (compatible; Googlebot/2.1; +http://www.google.com/bot.html)"
213.180.206.197 - - [01/Jun/2012:05:57:27 +0600] "GET / HTTP/1.0" 200 24203 "-" "Mozilla/5.0 (compatible; YandexMetrika/2.0; +http://yandex.com/bots)"
66.249.66.77 - - [01/Jun/2012:06:05:17 +0600] "GET /content/view/538/183/1/1/ HTTP/1.0" 200 6571 "-" "Mozilla/5.0 (compatible; Googlebot/2.1; +http://www.google.com/bot.html)"
178.154.163.30 - - [01/Jun/2012:06:05:27 +0600] "GET /content/view/53/47 HTTP/1.0" 200 7416 "-" "Mozilla/5.0 (compatible; YandexDirect/3.0; +http://yandex.com/bots)"
66.249.66.77 - - [01/Jun/2012:06:06:58 +0600] "GET /content/view/575/183/1/3/ HTTP/1.0" 200 6543 "-" "Mozilla/5.0 (compatible; Googlebot/2.1; +http://www.google.com/bot.html)"
66.249.66.77 - - [01/Jun/2012:06:08:15 +0600] "GET /content/view/312/211/ HTTP/1.0" 200 4113 "-" "Mozilla/5.0 (compatible; Googlebot/2.1; +http://www.google.com/bot.html)"
66.249.66.77 - - [01/Jun/2012:06:11:41 +0600] "GET /content/view/943/5/ HTTP/1.0" 200 5955 "-" "Mozilla/5.0 (compatible; Googlebot/2.1; +http://www.google.com/bot.html)"
66.249.66.77 - - [01/Jun/2012:06:12:58 +0600] "GET /content/view/943/ HTTP/1.0" 200 4875 "-" "Mozilla/5.0 (compatible; Googlebot/2.1; +http://www.google.com/bot.html)"
65.52.108.200 - - [01/Jun/2012:06:15:14 +0600] "GET /index.php?option=com_content&task=view&id=120&Itemid=66 HTTP/1.0" 200 6141 "-" "Mozilla/5.0 (compatible; bingbot/2.0; +http://www.bing.com/bingbot.htm)"
95.167.72.42 - - [01/Jun/2012:06:15:33 +0600] "GET /content/view/204/47 HTTP/1.0" 200 10213 "http://yandex.ru/yandsearch?text=%D1%82%D0%BE%D0%BB%D0%B5%D1%80%D0%B0%D0%BD%D1%82%D0%BD%D0%BE%D1%81%D1%82%D1%8C+%D0%B2+%D0%B1%D0%B8%D0%B1%D0%BB%D0%B8%D0%BE%D1%82%D0%B5%D0%BA%D0%B5&clid=9403&lr=11393" "Opera/9.80 (Windows NT 5.1; U; ru) Presto/2.10.229 Version/11.64"
66.249.66.77 - - [01/Jun/2012:06:15:58 +0600] "GET /content/view/909/1/ HTTP/1.0" 200 6105 "-" "Mozilla/5.0 (compatible; Googlebot/2.1; +http://www.google.com/bot.html)"
178.154.163.30 - - [01/Jun/2012:06:19:18 +0600] "GET /content/view/794/149/ HTTP/1.0" 200 5720 "-" "Mozilla/5.0 (compatible; YandexBot/3.0; +http://yandex.com/bots)"
178.154.163.30 - - [01/Jun/2012:06:19:20 +0600] "GET /content/view/648/131/ HTTP/1.0" 200 5149 "-" "Mozilla/5.0 (compatible; YandexBot/3.0; +http://yandex.com/bots)"
178.154.163.30 - - [01/Jun/2012:06:19:22 +0600] "GET /content/view/746/56/ HTTP/1.0" 200 4106 "-" "Mozilla/5.0 (compatible; YandexBot/3.0; +http://yandex.com/bots)"
178.154.163.30 - - [01/Jun/2012:06:19:24 +0600] "GET /content/view/976/1/ HTTP/1.0" 200 7431 "-" "Mozilla/5.0 (compatible; YandexDirect/3.0; +http://yandex.com/bots)"
66.249.66.77 - - [01/Jun/2012:06:27:07 +0600] "GET /content/view/910/1/ HTTP/1.0" 200 6270 "-" "Mozilla/5.0 (compatible; Googlebot/2.1; +http://www.google.com/bot.html)"
213.180.206.197 - - [01/Jun/2012:06:34:19 +0600] "GET / HTTP/1.0" 200 24198 "-" "Mozilla/5.0 (compatible; YandexMetrika/2.0; +http://yandex.com/bots)"
66.249.66.77 - - [01/Jun/2012:06:35:42 +0600] "GET /content/view/912/1/ HTTP/1.0" 200 6360 "-" "Mozilla/5.0 (compatible; Googlebot/2.1; +http://www.google.com/bot.html)"
68.233.226.103 - - [01/Jun/2012:06:35:43 +0600] "GET /content/view/793/107/content/view/794/1/ HTTP/1.0" 200 18862 "-" "Mozilla/5.0 (Windows NT 5.1) AppleWebKit/535.2 (KHTML, like Gecko) Chrome/15.0.872.0 Safari/535.2"
65.52.109.62 - - [01/Jun/2012:06:41:42 +0600] "GET /content/view/671/239/ HTTP/1.0" 200 4382 "-" "Mozilla/5.0 (compatible; bingbot/2.0; +http://www.bing.com/bingbot.htm)"
66.249.66.77 - - [01/Jun/2012:06:47:16 +0600] "GET /content/view/914/1/ HTTP/1.0" 200 6304 "-" "Mozilla/5.0 (compatible; Googlebot/2.1; +http://www.google.com/bot.html)"
178.154.163.30 - - [01/Jun/2012:06:48:40 +0600] "GET /content/view/240/66 HTTP/1.0" 200 5862 "-" "Mozilla/5.0 (compatible; YandexBot/3.0; +http://yandex.com/bots)"
66.249.66.77 - - [01/Jun/2012:06:58:24 +0600] "GET /content/view/407/90/ HTTP/1.0" 200 4650 "-" "Mozilla/5.0 (compatible; Googlebot/2.1; +http://www.google.com/bot.html)"
66.249.66.77 - - [01/Jun/2012:07:01:24 +0600] "GET /content/view/497/56/ HTTP/1.0" 200 3890 "-" "Mozilla/5.0 (compatible; Googlebot/2.1; +http://www.google.com/bot.html)"
65.52.110.199 - - [01/Jun/2012:07:04:12 +0600] "GET /content/view/66 HTTP/1.0" 200 6352 "-" "Mozilla/5.0 (compatible; bingbot/2.0; +http://www.bing.com/bingbot.htm)"
178.154.163.30 - - [01/Jun/2012:07:05:10 +0600] "GET / HTTP/1.0" 200 6464 "-" "Mozilla/5.0 (compatible; YandexBot/3.0; +http://yandex.com/bots)"
213.180.206.197 - - [01/Jun/2012:07:10:40 +0600] "GET / HTTP/1.0" 200 24203 "-" "Mozilla/5.0 (compatible; YandexMetrika/2.0; +http://yandex.com/bots)"
178.154.163.30 - - [01/Jun/2012:07:15:56 +0600] "GET /content/view/551/66 HTTP/1.0" 200 5966 "-" "Mozilla/5.0 (compatible; YandexBot/3.0; +http://yandex.com/bots)"
66.249.72.137 - - [01/Jun/2012:07:17:38 +0600] "GET /content/view/810/183/ HTTP/1.0" 200 6657 "-" "Mozilla/5.0 (compatible; Googlebot/2.1; +http://www.google.com/bot.html)"
66.249.66.77 - - [01/Jun/2012:07:21:28 +0600] "GET /content/blogcategory/1/66/5/40/ HTTP/1.0" 200 7936 "-" "Mozilla/5.0 (compatible; Googlebot/2.1; +http://www.google.com/bot.html)"
66.249.66.77 - - [01/Jun/2012:07:25:45 +0600] "GET /content/view/196/66/ HTTP/1.0" 200 6266 "-" "Mozilla/5.0 (compatible; Googlebot/2.1; +http://www.google.com/bot.html)"
68.233.226.103 - - [01/Jun/2012:07:28:42 +0600] "GET /content/view/793/107/content/view/795/1/ HTTP/1.0" 200 18862 "-" "Mozilla/5.0 (Windows NT 5.1) AppleWebKit/535.2 (KHTML, like Gecko) Chrome/15.0.872.0 Safari/535.2"
178.154.163.30 - - [01/Jun/2012:07:40:15 +0600] "GET /index.php?option=com_joomap&view=google HTTP/1.0" 200 66920 "-" "Mozilla/5.0 (compatible; YandexBot/3.0; +http://yandex.com/bots)"
66.249.66.77 - - [01/Jun/2012:07:42:24 +0600] "GET /content/view/491/66/ HTTP/1.0" 200 5841 "-" "Mozilla/5.0 (compatible; Googlebot/2.1; +http://www.google.com/bot.html)"
66.249.66.77 - - [01/Jun/2012:07:45:22 +0600] "GET /content/view/476/66/ HTTP/1.0" 200 6118 "-" "Mozilla/5.0 (compatible; Googlebot/2.1; +http://www.google.com/bot.html)"
213.180.206.197 - - [01/Jun/2012:07:46:00 +0600] "GET / HTTP/1.0" 200 24198 "-" "Mozilla/5.0 (compatible; YandexMetrika/2.0; +http://yandex.com/bots)"
157.55.17.103 - - [01/Jun/2012:07:51:47 +0600] "GET /files/articles/inform_bul.pdf HTTP/1.0" 404 306 "-" "Mozilla/5.0 (compatible; bingbot/2.0; +http://www.bing.com/bingbot.htm)"
66.249.72.137 - - [01/Jun/2012:07:53:55 +0600] "GET /content/view/203/52/ HTTP/1.0" 200 5817 "-" "Mozilla/5.0 (compatible; Googlebot/2.1; +http://www.google.com/bot.html)"
92.50.168.42 - - [01/Jun/2012:07:58:48 +0600] "GET /content/view/976/1/ HTTP/1.0" 200 7429 "http://yandex.ru/yandsearch?text=%D0%BC%D0%B5%D1%80%D0%BE%D0%BF%D1%80%D0%B8%D1%8F%D1%82%D0%B8%D1%8F+%D0%B2+%D0%B3.%D0%A3%D1%84%D0%B0+%D0%BD%D0%B0+%D0%B4%D0%B5%D0%BD%D1%8C+%D0%B7%D0%B0%D1%89%D0%B8%D1%82%D1%8B+%D0%B4%D0%B5%D1%82%D0%B5%D0%B9&lr=172" "Mozilla/5.0 (Windows; U; Windows NT 5.1; en-US) AppleWebKit/533.4 (KHTML, like Gecko) Chrome/5.0.375.127 Safari/533.4"
157.55.17.103 - - [01/Jun/2012:07:59:49 +0600] "GET /index.php?option=com_content&task=view&id=72&Itemid=66 HTTP/1.0" 200 5918 "-" "Mozilla/5.0 (compatible; bingbot/2.0; +http://www.bing.com/bingbot.htm)"
178.154.163.30 - - [01/Jun/2012:08:02:26 +0600] "GET /content/view/950/67/ HTTP/1.0" 200 3004 "-" "Mozilla/5.0 (compatible; YandexBot/3.0; +http://yandex.com/bots)"
66.249.66.77 - - [01/Jun/2012:08:16:07 +0600] "GET /content/category/11/37/78 HTTP/1.0" 200 3400 "-" "Mozilla/5.0 (compatible; Googlebot/2.1; +http://www.google.com/bot.html)"
83.169.60.25 - - [01/Jun/2012:08:16:07 +0600] "GET / HTTP/1.0" 200 24203 "-" "Mozilla/5.0 (Windows; U; Windows NT 6.0; de; rv:1.9.0.6) Gecko/2009011913 Firefox/3.0.6"
83.169.60.25 - - [01/Jun/2012:08:16:08 +0600] "GET /20e6a4bb032fcfae5d.php HTTP/1.0" 404 299 "-" "Mozilla/5.0 (Windows; U; Windows NT 6.0; de; rv:1.9.0.6) Gecko/2009011913 Firefox/3.0.6"
66.249.66.77 - - [01/Jun/2012:08:22:31 +0600] "GET /content/view/374/66/ HTTP/1.0" 200 6649 "-" "Mozilla/5.0 (compatible; Googlebot/2.1; +http://www.google.com/bot.html)"
178.154.163.30 - - [01/Jun/2012:08:23:18 +0600] "GET /content/view/876/67/ HTTP/1.0" 200 3004 "-" "Mozilla/5.0 (compatible; YandexBot/3.0; +http://yandex.com/bots)"
178.154.163.30 - - [01/Jun/2012:08:23:20 +0600] "GET /content/view/239/66 HTTP/1.0" 200 6453 "-" "Mozilla/5.0 (compatible; YandexBot/3.0; +http://yandex.com/bots)"
178.154.163.30 - - [01/Jun/2012:08:23:22 +0600] "GET /content/view/659/239/ HTTP/1.0" 200 3004 "-" "Mozilla/5.0 (compatible; YandexBot/3.0; +http://yandex.com/bots)"
66.249.66.77 - - [01/Jun/2012:08:23:23 +0600] "GET /content/view/467/90/ HTTP/1.0" 200 4737 "-" "Mozilla/5.0 (compatible; Googlebot/2.1; +http://www.google.com/bot.html)"
178.154.163.30 - - [01/Jun/2012:08:23:24 +0600] "GET /files/scen_prazd/VenokSlavi.doc HTTP/1.0" 304 - "-" "Mozilla/5.0 (compatible; YandexBot/3.0; +http://yandex.com/bots)"
46.118.123.169 - - [01/Jun/2012:08:23:25 +0600] "GET / HTTP/1.0" 200 24203 "http://csdb.ufanet.ru/" "Mozilla/4.0 (compatible; MSIE 6.0; Windows NT 5.1; KKman2.0)"
178.154.163.30 - - [01/Jun/2012:08:23:26 +0600] "GET /content/view/819/67/ HTTP/1.0" 200 3004 "-" "Mozilla/5.0 (compatible; YandexBot/3.0; +http://yandex.com/bots)"
178.154.163.30 - - [01/Jun/2012:08:23:28 +0600] "GET /content/view/96/66 HTTP/1.0" 200 6263 "-" "Mozilla/5.0 (compatible; YandexDirect/3.0; +http://yandex.com/bots)"
213.180.206.197 - - [01/Jun/2012:08:24:59 +0600] "GET / HTTP/1.0" 200 24203 "-" "Mozilla/5.0 (compatible; YandexMetrika/2.0; +http://yandex.com/bots)"
66.249.66.77 - - [01/Jun/2012:08:28:56 +0600] "GET /content/view/500/56/ HTTP/1.0" 200 3942 "-" "Mozilla/5.0 (compatible; Googlebot/2.1; +http://www.google.com/bot.html)"
66.249.66.77 - - [01/Jun/2012:08:31:28 +0600] "GET /component/option,com_wrapper/Itemid,235/ HTTP/1.0" 200 4548 "-" "Mozilla/5.0 (compatible; Googlebot/2.1; +http://www.google.com/bot.html)"
66.249.66.77 - - [01/Jun/2012:08:33:35 +0600] "GET /content/view/533/1/ HTTP/1.0" 200 6574 "-" "Mozilla/5.0 (compatible; Googlebot/2.1; +http://www.google.com/bot.html)"
178.154.163.30 - - [01/Jun/2012:08:36:57 +0600] "GET /content/view/114/56/ HTTP/1.0" 200 4216 "-" "Mozilla/5.0 (compatible; YandexBot/3.0; +http://yandex.com/bots)"
178.154.163.30 - - [01/Jun/2012:08:36:59 +0600] "GET /content/view/207/66 HTTP/1.0" 200 6368 "-" "Mozilla/5.0 (compatible; YandexBot/3.0; +http://yandex.com/bots)"
178.154.163.30 - - [01/Jun/2012:08:37:02 +0600] "GET /content/view/952/67/ HTTP/1.0" 200 3004 "-" "Mozilla/5.0 (compatible; YandexBot/3.0; +http://yandex.com/bots)"
178.154.163.30 - - [01/Jun/2012:08:37:04 +0600] "GET /files/filial8/%D0%A0%D0%B0%D0%B7%D0%BD%D0%BE%D1%86%D0%B2%D0%B5%D1%82%D0%BD%D1%8B%D0%B5%20%D1%81%D1%82%D1%80%D0%B0%D0%BD%D0%B8%D1%86%D1%8B%20%D0%B1%D1%83%D0%BA%D0%BB%D0%B5%D1%82.pdf HTTP/1.0" 200 151106 "-" "Mozilla/5.0 (compatible; YandexDirect/3.0; +http://yandex.com/bots)"
66.249.66.77 - - [01/Jun/2012:08:38:37 +0600] "GET /content/view/727/47/ HTTP/1.0" 200 7314 "-" "Mozilla/5.0 (compatible; Googlebot/2.1; +http://www.google.com/bot.html)"
157.55.17.79 - - [01/Jun/2012:08:39:00 +0600] "GET /files/ucazatel/gafuri.pdf HTTP/1.0" 200 1130949 "-" "Mozilla/4.0 (compatible; MSIE 7.0; Windows NT 5.2;  SLCC1;  .NET CLR 1.1.4322;  .NET CLR 2.0.40607)"
193.47.80.39 - - [01/Jun/2012:08:45:09 +0600] "GET /content/view/970/1/ HTTP/1.0" 200 11570 "-" "Mozilla/5.0 (compatible; Exabot/3.0; +http://www.exabot.com/go/robot)"
68.233.226.103 - - [01/Jun/2012:08:46:24 +0600] "GET /content/view/793/107/index.php HTTP/1.0" 200 18858 "-" "Mozilla/5.0 (Windows NT 5.1) AppleWebKit/535.2 (KHTML, like Gecko) Chrome/15.0.872.0 Safari/535.2"
66.249.66.77 - - [01/Jun/2012:08:46:35 +0600] "GET /content/view/458/66/ HTTP/1.0" 200 6102 "-" "Mozilla/5.0 (compatible; Googlebot/2.1; +http://www.google.com/bot.html)"
157.55.17.195 - - [01/Jun/2012:08:50:43 +0600] "GET /content/view/384/92/ HTTP/1.0" 200 5865 "-" "Mozilla/5.0 (compatible; bingbot/2.0; +http://www.bing.com/bingbot.htm)"
178.154.163.30 - - [01/Jun/2012:08:53:37 +0600] "GET /index2.php?option=com_content&task=view&id=649&pop=1&page=125&Itemid=66 HTTP/1.0" 200 1572 "-" "Mozilla/5.0 (compatible; YandexBot/3.0; +http://yandex.com/bots)"
178.154.163.30 - - [01/Jun/2012:08:53:40 +0600] "GET /content/view/976/1/ HTTP/1.0" 200 7431 "-" "Mozilla/5.0 (compatible; YandexDirect/3.0; +http://yandex.com/bots)"
81.30.54.82 - - [01/Jun/2012:08:57:31 +0600] "GET / HTTP/1.0" 200 6489 "-" "Mozilla/5.0 (Windows NT 6.1; WOW64) AppleWebKit/536.5 (KHTML, like Gecko) Chrome/19.0.1084.52 Safari/536.5"
81.30.54.82 - - [01/Jun/2012:08:57:36 +0600] "GET /content/blogcategory/1/66/ HTTP/1.0" 200 7459 "http://csdb.ufanet.ru/" "Mozilla/5.0 (Windows NT 6.1; WOW64) AppleWebKit/536.5 (KHTML, like Gecko) Chrome/19.0.1084.52 Safari/536.5"
81.30.54.82 - - [01/Jun/2012:08:57:46 +0600] "GET /content/view/310/91/ HTTP/1.0" 200 6109 "http://csdb.ufanet.ru/content/blogcategory/1/66/" "Mozilla/5.0 (Windows NT 6.1; WOW64) AppleWebKit/536.5 (KHTML, like Gecko) Chrome/19.0.1084.52 Safari/536.5"
81.30.54.82 - - [01/Jun/2012:08:57:48 +0600] "GET /content/blogcategory/45/210/ HTTP/1.0" 200 5123 "http://csdb.ufanet.ru/content/view/310/91/" "Mozilla/5.0 (Windows NT 6.1; WOW64) AppleWebKit/536.5 (KHTML, like Gecko) Chrome/19.0.1084.52 Safari/536.5"
81.30.54.82 - - [01/Jun/2012:08:57:59 +0600] "GET /content/view/986/210/ HTTP/1.0" 200 4064 "http://csdb.ufanet.ru/content/blogcategory/45/210/" "Mozilla/5.0 (Windows NT 6.1; WOW64) AppleWebKit/536.5 (KHTML, like Gecko) Chrome/19.0.1084.52 Safari/536.5"
81.30.54.82 - - [01/Jun/2012:08:58:25 +0600] "GET /content/blogcategory/45/210/ HTTP/1.0" 200 5125 "http://csdb.ufanet.ru/content/view/310/91/" "Mozilla/5.0 (Windows NT 6.1; WOW64) AppleWebKit/536.5 (KHTML, like Gecko) Chrome/19.0.1084.52 Safari/536.5"
81.30.54.82 - - [01/Jun/2012:08:58:36 +0600] "GET /content/view/975/210/ HTTP/1.0" 200 4447 "http://csdb.ufanet.ru/content/blogcategory/45/210/" "Mozilla/5.0 (Windows NT 6.1; WOW64) AppleWebKit/536.5 (KHTML, like Gecko) Chrome/19.0.1084.52 Safari/536.5"
81.30.54.82 - - [01/Jun/2012:09:00:47 +0600] "GET /content/view/311/92/ HTTP/1.0" 200 4735 "http://csdb.ufanet.ru/content/view/975/210/" "Mozilla/5.0 (Windows NT 6.1; WOW64) AppleWebKit/536.5 (KHTML, like Gecko) Chrome/19.0.1084.52 Safari/536.5"
81.30.54.82 - - [01/Jun/2012:09:00:55 +0600] "GET /content/view/321/100 HTTP/1.0" 200 5901 "http://csdb.ufanet.ru/content/view/311/92/" "Mozilla/5.0 (Windows NT 6.1; WOW64) AppleWebKit/536.5 (KHTML, like Gecko) Chrome/19.0.1084.52 Safari/536.5"
81.30.54.82 - - [01/Jun/2012:09:01:09 +0600] "GET /component/option,com_wrapper/Itemid,251/ HTTP/1.0" 200 3621 "http://csdb.ufanet.ru/content/view/321/100" "Mozilla/5.0 (Windows NT 6.1; WOW64) AppleWebKit/536.5 (KHTML, like Gecko) Chrome/19.0.1084.52 Safari/536.5"
81.30.54.82 - - [01/Jun/2012:09:01:09 +0600] "GET /cgi-bin/zgate?Init+test.xml,simple.xsl+rus HTTP/1.0" 200 5033 "http://csdb.ufanet.ru/component/option,com_wrapper/Itemid,251/" "Mozilla/5.0 (Windows NT 6.1; WOW64) AppleWebKit/536.5 (KHTML, like Gecko) Chrome/19.0.1084.52 Safari/536.5"
66.249.66.77 - - [01/Jun/2012:09:03:41 +0600] "GET /content/view/87/107/ HTTP/1.0" 200 8477 "-" "Mozilla/5.0 (compatible; Googlebot/2.1; +http://www.google.com/bot.html)"
178.154.163.30 - - [01/Jun/2012:09:03:57 +0600] "GET /content/view/224/66/ HTTP/1.0" 200 6750 "-" "Mozilla/5.0 (compatible; YandexBot/3.0; +http://yandex.com/bots)"
178.154.163.30 - - [01/Jun/2012:09:04:00 +0600] "GET /content/view/822/67/ HTTP/1.0" 200 3004 "-" "Mozilla/5.0 (compatible; YandexBot/3.0; +http://yandex.com/bots)"
178.154.163.30 - - [01/Jun/2012:09:04:02 +0600] "GET /content/view/704/67/ HTTP/1.0" 200 3004 "-" "Mozilla/5.0 (compatible; YandexBot/3.0; +http://yandex.com/bots)"
178.154.163.30 - - [01/Jun/2012:09:04:04 +0600] "GET /content/view/256/66 HTTP/1.0" 200 6006 "-" "Mozilla/5.0 (compatible; YandexBot/3.0; +http://yandex.com/bots)"
178.154.163.30 - - [01/Jun/2012:09:04:06 +0600] "GET /mb38/ HTTP/1.0" 304 - "-" "Mozilla/5.0 (compatible; YandexBot/3.0; +http://yandex.com/bots)"
178.154.163.30 - - [01/Jun/2012:09:04:08 +0600] "GET /content/view/723/239/ HTTP/1.0" 200 3004 "-" "Mozilla/5.0 (compatible; YandexBot/3.0; +http://yandex.com/bots)"
178.154.163.30 - - [01/Jun/2012:09:04:10 +0600] "GET /content/view/689/66 HTTP/1.0" 200 6051 "-" "Mozilla/5.0 (compatible; YandexBot/3.0; +http://yandex.com/bots)"
178.154.163.30 - - [01/Jun/2012:09:04:12 +0600] "GET /content/section/8/55/ HTTP/1.0" 200 5279 "-" "Mozilla/5.0 (compatible; YandexBot/3.0; +http://yandex.com/bots)"
178.154.163.30 - - [01/Jun/2012:09:04:14 +0600] "GET /content/view/310/91/ HTTP/1.0" 200 6109 "-" "Mozilla/5.0 (compatible; YandexBot/3.0; +http://yandex.com/bots)"
178.154.163.30 - - [01/Jun/2012:09:04:17 +0600] "GET /content/blogcategory/1/66/ HTTP/1.0" 200 7458 "-" "Mozilla/5.0 (compatible; YandexBot/3.0; +http://yandex.com/bots)"
178.154.163.30 - - [01/Jun/2012:09:04:19 +0600] "GET /content/view/985/66/ HTTP/1.0" 200 6306 "-" "Mozilla/5.0 (compatible; YandexBot/3.0; +http://yandex.com/bots)"
178.154.163.30 - - [01/Jun/2012:09:04:21 +0600] "GET /content/view/986/210/ HTTP/1.0" 200 4063 "-" "Mozilla/5.0 (compatible; YandexBot/3.0; +http://yandex.com/bots)"
178.154.163.30 - - [01/Jun/2012:09:04:23 +0600] "GET /content/blogcategory/45/210/ HTTP/1.0" 200 5123 "-" "Mozilla/5.0 (compatible; YandexBot/3.0; +http://yandex.com/bots)"
213.180.206.197 - - [01/Jun/2012:09:05:57 +0600] "GET / HTTP/1.0" 200 24243 "-" "Mozilla/5.0 (compatible; YandexMetrika/2.0; +http://yandex.com/bots)"
69.156.80.145 - - [01/Jun/2012:09:07:33 +0600] "GET /content/view/503/66/ HTTP/1.0" 200 6904 "http://www.google.ca/url?sa=t&rct=j&q=%D0%B7%D0%BD%D0%B0%D1%87%D0%BA%D0%B8%20%D0%BA%D0%BE%D1%81%D0%BC%D0%BE%D0%BD%D0%B0%D0%B2%D1%82%D0%B8%D0%BA%D0%B0&source=web&cd=16&ved=0CGEQFjAFOAo&url=http%3A%2F%2Fcsdb.ufanet.ru%2Fcontent%2Fview%2F503%2F66%2F&ei=0DDIT5HKO-qK6QHbueEX&usg=AFQjCNH6aFNKVsZE6YKOlPPYcV4fHCcarA" "Mozilla/5.0 (Windows NT 5.1) AppleWebKit/536.5 (KHTML, like Gecko) Chrome/19.0.1084.52 Safari/536.5"
69.156.80.145 - - [01/Jun/2012:09:08:00 +0600] "GET /content/view/501/66/ HTTP/1.0" 200 5800 "http://csdb.ufanet.ru/content/view/503/66/" "Mozilla/5.0 (Windows NT 5.1) AppleWebKit/536.5 (KHTML, like Gecko) Chrome/19.0.1084.52 Safari/536.5"
69.156.80.145 - - [01/Jun/2012:09:08:06 +0600] "GET /content/view/500/66/ HTTP/1.0" 200 6032 "http://csdb.ufanet.ru/content/view/501/66/" "Mozilla/5.0 (Windows NT 5.1) AppleWebKit/536.5 (KHTML, like Gecko) Chrome/19.0.1084.52 Safari/536.5"
178.154.163.30 - - [01/Jun/2012:09:11:04 +0600] "GET /content/view/497/56/ HTTP/1.0" 200 3890 "-" "Mozilla/5.0 (compatible; YandexDirect/3.0; +http://yandex.com/bots)"
95.105.56.100 - - [01/Jun/2012:09:11:15 +0600] "GET / HTTP/1.0" 200 6488 "-" "Mozilla/5.0 (Windows NT 5.1) AppleWebKit/536.5 (KHTML, like Gecko) Chrome/19.0.1084.52 Safari/536.5"
95.105.56.100 - - [01/Jun/2012:09:11:20 +0600] "GET /content/blogcategory/1/66/ HTTP/1.0" 200 7458 "http://csdb.ufanet.ru/" "Mozilla/5.0 (Windows NT 5.1) AppleWebKit/536.5 (KHTML, like Gecko) Chrome/19.0.1084.52 Safari/536.5"
95.105.56.100 - - [01/Jun/2012:09:11:27 +0600] "GET /images/mb/img38/free_access.swf HTTP/1.0" 206 1 "http://csdb.ufanet.ru/mb38/" "Mozilla/5.0 (Windows NT 5.1) AppleWebKit/536.5 (KHTML, like Gecko) Chrome/19.0.1084.52 Safari/536.5"
95.105.56.100 - - [01/Jun/2012:09:11:28 +0600] "GET /images/mb/img38/free_access.swf HTTP/1.0" 206 3213043 "http://csdb.ufanet.ru/mb38/" "Mozilla/5.0 (Windows NT 5.1) AppleWebKit/536.5 (KHTML, like Gecko) Chrome/19.0.1084.52 Safari/536.5"
66.249.66.77 - - [01/Jun/2012:09:12:00 +0600] "GET /content/view/761/66/ HTTP/1.0" 200 6198 "-" "Mozilla/5.0 (compatible; Googlebot/2.1; +http://www.google.com/bot.html)"
178.154.163.30 - - [01/Jun/2012:09:16:54 +0600] "GET /content/view/375/52/ HTTP/1.0" 200 5556 "-" "Mozilla/5.0 (compatible; YandexBot/3.0; +http://yandex.com/bots)"
178.154.163.30 - - [01/Jun/2012:09:16:57 +0600] "GET /content/view/375/52 HTTP/1.0" 200 5554 "-" "Mozilla/5.0 (compatible; YandexBot/3.0; +http://yandex.com/bots)"
178.154.163.30 - - [01/Jun/2012:09:16:59 +0600] "GET /content/view/484/67/ HTTP/1.0" 200 4153 "-" "Mozilla/5.0 (compatible; YandexBot/3.0; +http://yandex.com/bots)"
178.154.163.30 - - [01/Jun/2012:09:17:02 +0600] "GET /content/view/541/66 HTTP/1.0" 200 6052 "-" "Mozilla/5.0 (compatible; YandexBot/3.0; +http://yandex.com/bots)"
178.154.163.30 - - [01/Jun/2012:09:17:04 +0600] "GET /content/view/100/53/ HTTP/1.0" 200 6071 "-" "Mozilla/5.0 (compatible; YandexBot/3.0; +http://yandex.com/bots)"
178.154.163.30 - - [01/Jun/2012:09:17:06 +0600] "GET /content/view/501/66 HTTP/1.0" 200 5799 "-" "Mozilla/5.0 (compatible; YandexBot/3.0; +http://yandex.com/bots)"
178.154.163.30 - - [01/Jun/2012:09:17:08 +0600] "GET /content/view/810/183/1/1/ HTTP/1.0" 200 6585 "-" "Mozilla/5.0 (compatible; YandexBot/3.0; +http://yandex.com/bots)"
178.154.163.30 - - [01/Jun/2012:09:17:10 +0600] "GET /content/view/257/66 HTTP/1.0" 200 6232 "-" "Mozilla/5.0 (compatible; YandexBot/3.0; +http://yandex.com/bots)"
178.154.163.30 - - [01/Jun/2012:09:17:12 +0600] "GET /content/view/236/90/ HTTP/1.0" 200 4275 "-" "Mozilla/5.0 (compatible; YandexBot/3.0; +http://yandex.com/bots)"
178.154.163.30 - - [01/Jun/2012:09:17:15 +0600] "GET /content/view/67/55 HTTP/1.0" 200 6405 "-" "Mozilla/5.0 (compatible; YandexBot/3.0; +http://yandex.com/bots)"
178.154.163.30 - - [01/Jun/2012:09:17:17 +0600] "GET /content/view/666/66 HTTP/1.0" 200 5909 "-" "Mozilla/5.0 (compatible; YandexBot/3.0; +http://yandex.com/bots)"
178.154.163.30 - - [01/Jun/2012:09:17:19 +0600] "GET /content/view/701/66 HTTP/1.0" 200 6414 "-" "Mozilla/5.0 (compatible; YandexBot/3.0; +http://yandex.com/bots)"
178.154.163.30 - - [01/Jun/2012:09:17:21 +0600] "GET /content/view/666/66/ HTTP/1.0" 200 5909 "-" "Mozilla/5.0 (compatible; YandexBot/3.0; +http://yandex.com/bots)"
178.154.163.30 - - [01/Jun/2012:09:17:23 +0600] "GET /content/view/537/66 HTTP/1.0" 200 7024 "-" "Mozilla/5.0 (compatible; YandexBot/3.0; +http://yandex.com/bots)"
178.154.163.30 - - [01/Jun/2012:09:17:25 +0600] "GET /content/view/775/151/ HTTP/1.0" 200 5151 "-" "Mozilla/5.0 (compatible; YandexBot/3.0; +http://yandex.com/bots)"
178.154.163.30 - - [01/Jun/2012:09:17:27 +0600] "GET /content/view/547/66 HTTP/1.0" 200 5696 "-" "Mozilla/5.0 (compatible; YandexBot/3.0; +http://yandex.com/bots)"
178.154.163.30 - - [01/Jun/2012:09:17:30 +0600] "GET /content/view/493/222 HTTP/1.0" 200 5076 "-" "Mozilla/5.0 (compatible; YandexBot/3.0; +http://yandex.com/bots)"
178.154.163.30 - - [01/Jun/2012:09:17:32 +0600] "GET /content/view/366/90/ HTTP/1.0" 200 3578 "-" "Mozilla/5.0 (compatible; YandexBot/3.0; +http://yandex.com/bots)"
178.154.163.30 - - [01/Jun/2012:09:17:34 +0600] "GET /content/view/100/53 HTTP/1.0" 200 6070 "-" "Mozilla/5.0 (compatible; YandexBot/3.0; +http://yandex.com/bots)"
178.154.163.30 - - [01/Jun/2012:09:17:36 +0600] "GET /content/view/479/66 HTTP/1.0" 200 5962 "-" "Mozilla/5.0 (compatible; YandexBot/3.0; +http://yandex.com/bots)"
178.154.163.30 - - [01/Jun/2012:09:17:38 +0600] "GET /content/view/335/1/ HTTP/1.0" 200 8105 "-" "Mozilla/5.0 (compatible; YandexBot/3.0; +http://yandex.com/bots)"
178.154.163.30 - - [01/Jun/2012:09:17:40 +0600] "GET /content/view/455/90/ HTTP/1.0" 200 5069 "-" "Mozilla/5.0 (compatible; YandexBot/3.0; +http://yandex.com/bots)"
178.154.163.30 - - [01/Jun/2012:09:17:42 +0600] "GET /mb38/ HTTP/1.0" 304 - "-" "Mozilla/5.0 (compatible; YandexBot/3.0; +http://yandex.com/bots)"
66.249.66.77 - - [01/Jun/2012:09:17:47 +0600] "GET /content/view/853/66/ HTTP/1.0" 200 6383 "-" "Mozilla/5.0 (compatible; Googlebot/2.1; +http://www.google.com/bot.html)"
95.105.75.88 - - [01/Jun/2012:09:18:00 +0600] "GET /content/view/976/1/ HTTP/1.0" 200 7457 "http://yandex.ru/yandsearch?text=%D0%BF%D0%BB%D0%B0%D0%BD+%D0%BC%D0%B5%D1%80%D0%BE%D0%BF%D1%80%D0%B8%D1%8F%D1%82%D0%B8%D0%B9+%D0%BA%D0%BE+%D0%B4%D0%BD%D1%8E+%D0%B7%D0%B0%D1%89%D0%B8%D1%82%D1%8B+%D0%B4%D0%B5%D1%82%D0%B5%D0%B9+%D0%B2+%D1%83%D1%84%D0%B5+2012&lr=172" "Mozilla/5.0 (Windows NT 6.1; WOW64; rv:9.0.1) Gecko/20100101 Firefox/9.0.1"
65.52.108.200 - - [01/Jun/2012:09:18:12 +0600] "GET /index.php?option=com_content&task=view&id=94&Itemid=66 HTTP/1.0" 200 6730 "-" "Mozilla/5.0 (compatible; bingbot/2.0; +http://www.bing.com/bingbot.htm)"
81.30.179.38 - - [01/Jun/2012:09:19:14 +0600] "GET /administrator/ HTTP/1.0" 200 1314 "-" "Mozilla/5.0 (Windows NT 6.1; rv:12.0) Gecko/20100101 Firefox/12.0"
81.30.179.38 - - [01/Jun/2012:09:21:00 +0600] "POST /administrator/index.php HTTP/1.0" 200 54 "http://csdb.ufanet.ru/administrator/" "Mozilla/5.0 (Windows NT 6.1; rv:12.0) Gecko/20100101 Firefox/12.0"
81.30.179.38 - - [01/Jun/2012:09:21:00 +0600] "GET /administrator/index2.php HTTP/1.0" 200 9761 "http://csdb.ufanet.ru/administrator/index.php" "Mozilla/5.0 (Windows NT 6.1; rv:12.0) Gecko/20100101 Firefox/12.0"
81.30.179.38 - - [01/Jun/2012:09:21:05 +0600] "GET /administrator/index2.php?option=com_frontpage HTTP/1.0" 200 10082 "http://csdb.ufanet.ru/administrator/index2.php" "Mozilla/5.0 (Windows NT 6.1; rv:12.0) Gecko/20100101 Firefox/12.0"
81.30.179.38 - - [01/Jun/2012:09:21:09 +0600] "GET /administrator/index2.php?option=com_content&sectionid=0&task=edit&hidemainmenu=1&id=993 HTTP/1.0" 200 50576 "http://csdb.ufanet.ru/administrator/index2.php?option=com_frontpage" "Mozilla/5.0 (Windows NT 6.1; rv:12.0) Gecko/20100101 Firefox/12.0"
81.30.179.38 - - [01/Jun/2012:09:21:14 +0600] "POST /administrator/index2.php HTTP/1.0" 301 - "http://csdb.ufanet.ru/administrator/index2.php?option=com_content&sectionid=0&task=edit&hidemainmenu=1&id=993" "Mozilla/5.0 (Windows NT 6.1; rv:12.0) Gecko/20100101 Firefox/12.0"
81.30.179.38 - - [01/Jun/2012:09:21:14 +0600] "GET /administrator/index2.php?option=com_content&sectionid=0 HTTP/1.0" 200 12091 "http://csdb.ufanet.ru/administrator/index2.php?option=com_content&sectionid=0&task=edit&hidemainmenu=1&id=993" "Mozilla/5.0 (Windows NT 6.1; rv:12.0) Gecko/20100101 Firefox/12.0"
81.30.179.38 - - [01/Jun/2012:09:21:19 +0600] "GET /administrator/index2.php?option=com_frontpage HTTP/1.0" 200 10082 "http://csdb.ufanet.ru/administrator/index2.php?option=com_content&sectionid=0" "Mozilla/5.0 (Windows NT 6.1; rv:12.0) Gecko/20100101 Firefox/12.0"
81.30.179.38 - - [01/Jun/2012:09:21:36 +0600] "GET /administrator/index2.php?option=com_content&sectionid=0&task=edit&hidemainmenu=1&id=961 HTTP/1.0" 200 52215 "http://csdb.ufanet.ru/administrator/index2.php?option=com_frontpage" "Mozilla/5.0 (Windows NT 6.1; rv:12.0) Gecko/20100101 Firefox/12.0"
81.30.179.38 - - [01/Jun/2012:09:21:44 +0600] "POST /administrator/index2.php HTTP/1.0" 301 - "http://csdb.ufanet.ru/administrator/index2.php?option=com_content&sectionid=0&task=edit&hidemainmenu=1&id=961" "Mozilla/5.0 (Windows NT 6.1; rv:12.0) Gecko/20100101 Firefox/12.0"
81.30.179.38 - - [01/Jun/2012:09:21:44 +0600] "GET /administrator/index2.php?option=com_content&sectionid=0 HTTP/1.0" 200 12091 "http://csdb.ufanet.ru/administrator/index2.php?option=com_content&sectionid=0&task=edit&hidemainmenu=1&id=961" "Mozilla/5.0 (Windows NT 6.1; rv:12.0) Gecko/20100101 Firefox/12.0"
81.30.179.38 - - [01/Jun/2012:09:21:48 +0600] "GET /administrator/index2.php?option=com_frontpage HTTP/1.0" 200 10082 "http://csdb.ufanet.ru/administrator/index2.php?option=com_content&sectionid=0" "Mozilla/5.0 (Windows NT 6.1; rv:12.0) Gecko/20100101 Firefox/12.0"
81.30.179.38 - - [01/Jun/2012:09:22:40 +0600] "GET /administrator/index2.php?option=com_content&sectionid=0&task=edit&hidemainmenu=1&id=941 HTTP/1.0" 200 51240 "http://csdb.ufanet.ru/administrator/index2.php?option=com_frontpage" "Mozilla/5.0 (Windows NT 6.1; rv:12.0) Gecko/20100101 Firefox/12.0"
81.30.179.38 - - [01/Jun/2012:09:22:45 +0600] "POST /administrator/index2.php HTTP/1.0" 301 - "http://csdb.ufanet.ru/administrator/index2.php?option=com_content&sectionid=0&task=edit&hidemainmenu=1&id=941" "Mozilla/5.0 (Windows NT 6.1; rv:12.0) Gecko/20100101 Firefox/12.0"
81.30.179.38 - - [01/Jun/2012:09:22:45 +0600] "GET /administrator/index2.php?option=com_content&sectionid=0 HTTP/1.0" 200 12091 "http://csdb.ufanet.ru/administrator/index2.php?option=com_content&sectionid=0&task=edit&hidemainmenu=1&id=941" "Mozilla/5.0 (Windows NT 6.1; rv:12.0) Gecko/20100101 Firefox/12.0"
81.30.179.38 - - [01/Jun/2012:09:22:54 +0600] "GET /administrator/index2.php?option=com_frontpage HTTP/1.0" 200 10082 "http://csdb.ufanet.ru/administrator/index2.php?option=com_content&sectionid=0" "Mozilla/5.0 (Windows NT 6.1; rv:12.0) Gecko/20100101 Firefox/12.0"
193.169.234.5 - - [01/Jun/2012:09:23:03 +0600] "GET / HTTP/1.0" 200 24239 "http://csdb.ufanet.ru/" "Openstat/Bot"
81.30.179.38 - - [01/Jun/2012:09:23:04 +0600] "GET /administrator/index2.php?option=com_content&sectionid=0&task=edit&hidemainmenu=1&id=520 HTTP/1.0" 200 50982 "http://csdb.ufanet.ru/administrator/index2.php?option=com_frontpage" "Mozilla/5.0 (Windows NT 6.1; rv:12.0) Gecko/20100101 Firefox/12.0"
81.30.179.38 - - [01/Jun/2012:09:23:33 +0600] "POST /administrator/index2.php HTTP/1.0" 301 - "http://csdb.ufanet.ru/administrator/index2.php?option=com_content&sectionid=0&task=edit&hidemainmenu=1&id=520" "Mozilla/5.0 (Windows NT 6.1; rv:12.0) Gecko/20100101 Firefox/12.0"
81.30.179.38 - - [01/Jun/2012:09:23:33 +0600] "GET /administrator/index2.php?option=com_content&sectionid=0 HTTP/1.0" 200 12091 "http://csdb.ufanet.ru/administrator/index2.php?option=com_content&sectionid=0&task=edit&hidemainmenu=1&id=520" "Mozilla/5.0 (Windows NT 6.1; rv:12.0) Gecko/20100101 Firefox/12.0"
81.30.179.38 - - [01/Jun/2012:09:23:42 +0600] "GET /administrator/index2.php?option=com_frontpage HTTP/1.0" 200 10082 "http://csdb.ufanet.ru/administrator/index2.php?option=com_content&sectionid=0" "Mozilla/5.0 (Windows NT 6.1; rv:12.0) Gecko/20100101 Firefox/12.0"
81.30.179.38 - - [01/Jun/2012:09:23:47 +0600] "GET /administrator/index2.php?option=com_content&sectionid=0&task=edit&hidemainmenu=1&id=401 HTTP/1.0" 200 51935 "http://csdb.ufanet.ru/administrator/index2.php?option=com_frontpage" "Mozilla/5.0 (Windows NT 6.1; rv:12.0) Gecko/20100101 Firefox/12.0"
81.30.179.38 - - [01/Jun/2012:09:25:50 +0600] "POST /administrator/index2.php HTTP/1.0" 301 - "http://csdb.ufanet.ru/administrator/index2.php?option=com_content&sectionid=0&task=edit&hidemainmenu=1&id=401" "Mozilla/5.0 (Windows NT 6.1; rv:12.0) Gecko/20100101 Firefox/12.0"
81.30.179.38 - - [01/Jun/2012:09:25:50 +0600] "GET /administrator/index2.php?option=com_content&sectionid=0&mosmsg=%D3%F1%EF%E5%F8%ED%EE+%F1%EE%F5%F0%E0%ED%E5%ED%EE%3A+%C4%E5%ED%FC+%E7%E0%F9%E8%F2%FB+%E4%E5%F2%E5%E9 HTTP/1.0" 200 12126 "http://csdb.ufanet.ru/administrator/index2.php?option=com_content&sectionid=0&task=edit&hidemainmenu=1&id=401" "Mozilla/5.0 (Windows NT 6.1; rv:12.0) Gecko/20100101 Firefox/12.0"
81.30.179.38 - - [01/Jun/2012:09:26:05 +0600] "GET /administrator/index2.php?option=com_frontpage HTTP/1.0" 200 10079 "http://csdb.ufanet.ru/administrator/index2.php?option=com_content&sectionid=0&mosmsg=%D3%F1%EF%E5%F8%ED%EE+%F1%EE%F5%F0%E0%ED%E5%ED%EE%3A+%C4%E5%ED%FC+%E7%E0%F9%E8%F2%FB+%E4%E5%F2%E5%E9" "Mozilla/5.0 (Windows NT 6.1; rv:12.0) Gecko/20100101 Firefox/12.0"
81.30.179.38 - - [01/Jun/2012:09:26:19 +0600] "POST /administrator/index2.php HTTP/1.0" 301 - "http://csdb.ufanet.ru/administrator/index2.php?option=com_frontpage" "Mozilla/5.0 (Windows NT 6.1; rv:12.0) Gecko/20100101 Firefox/12.0"
81.30.179.38 - - [01/Jun/2012:09:26:19 +0600] "GET /administrator/index2.php?option=com_frontpage HTTP/1.0" 200 10080 "http://csdb.ufanet.ru/administrator/index2.php?option=com_frontpage" "Mozilla/5.0 (Windows NT 6.1; rv:12.0) Gecko/20100101 Firefox/12.0"
83.174.198.48 - - [01/Jun/2012:09:26:25 +0600] "GET /content/view/976/1/ HTTP/1.0" 200 7370 "http://yandex.ru/yandsearch?text=%D0%BC%D0%B5%D1%80%D0%BE%D0%BF%D1%80%D0%B8%D1%8F%D1%82%D0%B8%D1%8F+%D0%BA%D0%BE+%D0%B4%D0%BD%D1%8E+%D0%B7%D0%B0%D1%89%D0%B8%D1%82%D1%8B+%D0%B4%D0%B5%D1%82%D0%B5%D0%B9&clid=187997&lr=172" "Opera/9.80 (Windows NT 5.1; U; ru) Presto/2.10.229 Version/11.62"
207.46.13.143 - - [01/Jun/2012:09:26:46 +0600] "GET /content/view/794/66/ HTTP/1.0" 200 5730 "-" "Mozilla/5.0 (compatible; bingbot/2.0; +http://www.bing.com/bingbot.htm)"
81.30.179.38 - - [01/Jun/2012:09:26:47 +0600] "GET / HTTP/1.0" 200 7000 "-" "Mozilla/5.0 (Windows NT 6.1) AppleWebKit/536.5 (KHTML, like Gecko) Chrome/19.0.1084.46 Safari/536.5"
81.30.179.38 - - [01/Jun/2012:09:27:14 +0600] "GET /administrator/index2.php?option=com_content&sectionid=0&task=edit&hidemainmenu=1&id=401 HTTP/1.0" 200 51119 "http://csdb.ufanet.ru/administrator/index2.php?option=com_frontpage" "Mozilla/5.0 (Windows NT 6.1; rv:12.0) Gecko/20100101 Firefox/12.0"
81.30.179.38 - - [01/Jun/2012:09:27:26 +0600] "POST /administrator/index2.php HTTP/1.0" 301 - "http://csdb.ufanet.ru/administrator/index2.php?option=com_content&sectionid=0&task=edit&hidemainmenu=1&id=401" "Mozilla/5.0 (Windows NT 6.1; rv:12.0) Gecko/20100101 Firefox/12.0"
81.30.179.38 - - [01/Jun/2012:09:27:26 +0600] "GET /administrator/index2.php?option=com_content&sectionid=0&mosmsg=%D3%F1%EF%E5%F8%ED%EE+%F1%EE%F5%F0%E0%ED%E5%ED%EE%3A+%C4%E5%ED%FC+%E7%E0%F9%E8%F2%FB+%E4%E5%F2%E5%E9 HTTP/1.0" 200 12126 "http://csdb.ufanet.ru/administrator/index2.php?option=com_content&sectionid=0&task=edit&hidemainmenu=1&id=401" "Mozilla/5.0 (Windows NT 6.1; rv:12.0) Gecko/20100101 Firefox/12.0"
81.30.179.38 - - [01/Jun/2012:09:27:29 +0600] "GET /administrator/index2.php?option=com_frontpage HTTP/1.0" 200 10079 "http://csdb.ufanet.ru/administrator/index2.php?option=com_content&sectionid=0&mosmsg=%D3%F1%EF%E5%F8%ED%EE+%F1%EE%F5%F0%E0%ED%E5%ED%EE%3A+%C4%E5%ED%FC+%E7%E0%F9%E8%F2%FB+%E4%E5%F2%E5%E9" "Mozilla/5.0 (Windows NT 6.1; rv:12.0) Gecko/20100101 Firefox/12.0"
81.30.179.38 - - [01/Jun/2012:09:27:36 +0600] "POST /administrator/index2.php HTTP/1.0" 301 - "http://csdb.ufanet.ru/administrator/index2.php?option=com_frontpage" "Mozilla/5.0 (Windows NT 6.1; rv:12.0) Gecko/20100101 Firefox/12.0"
81.30.179.38 - - [01/Jun/2012:09:27:36 +0600] "GET /administrator/index2.php?option=com_frontpage HTTP/1.0" 200 10079 "http://csdb.ufanet.ru/administrator/index2.php?option=com_frontpage" "Mozilla/5.0 (Windows NT 6.1; rv:12.0) Gecko/20100101 Firefox/12.0"
81.30.179.38 - - [01/Jun/2012:09:27:37 +0600] "POST /administrator/index2.php HTTP/1.0" 301 - "http://csdb.ufanet.ru/administrator/index2.php?option=com_frontpage" "Mozilla/5.0 (Windows NT 6.1; rv:12.0) Gecko/20100101 Firefox/12.0"
81.30.179.38 - - [01/Jun/2012:09:27:37 +0600] "GET /administrator/index2.php?option=com_frontpage HTTP/1.0" 200 10080 "http://csdb.ufanet.ru/administrator/index2.php?option=com_frontpage" "Mozilla/5.0 (Windows NT 6.1; rv:12.0) Gecko/20100101 Firefox/12.0"
81.30.179.38 - - [01/Jun/2012:09:27:42 +0600] "POST /administrator/index2.php HTTP/1.0" 301 - "http://csdb.ufanet.ru/administrator/index2.php?option=com_frontpage" "Mozilla/5.0 (Windows NT 6.1; rv:12.0) Gecko/20100101 Firefox/12.0"
81.30.179.38 - - [01/Jun/2012:09:27:42 +0600] "GET /administrator/index2.php?option=com_frontpage HTTP/1.0" 200 10080 "http://csdb.ufanet.ru/administrator/index2.php?option=com_frontpage" "Mozilla/5.0 (Windows NT 6.1; rv:12.0) Gecko/20100101 Firefox/12.0"
66.249.72.137 - - [01/Jun/2012:09:27:43 +0600] "GET /content/view/120/66/ HTTP/1.0" 200 6141 "-" "Mozilla/5.0 (compatible; Googlebot/2.1; +http://www.google.com/bot.html)"
81.30.179.38 - - [01/Jun/2012:09:27:46 +0600] "POST /administrator/index2.php HTTP/1.0" 301 - "http://csdb.ufanet.ru/administrator/index2.php?option=com_frontpage" "Mozilla/5.0 (Windows NT 6.1; rv:12.0) Gecko/20100101 Firefox/12.0"
81.30.179.38 - - [01/Jun/2012:09:27:46 +0600] "GET /administrator/index2.php?option=com_frontpage HTTP/1.0" 200 10082 "http://csdb.ufanet.ru/administrator/index2.php?option=com_frontpage" "Mozilla/5.0 (Windows NT 6.1; rv:12.0) Gecko/20100101 Firefox/12.0"
81.30.179.38 - - [01/Jun/2012:09:27:47 +0600] "POST /administrator/index2.php HTTP/1.0" 301 - "http://csdb.ufanet.ru/administrator/index2.php?option=com_frontpage" "Mozilla/5.0 (Windows NT 6.1; rv:12.0) Gecko/20100101 Firefox/12.0"
81.30.179.38 - - [01/Jun/2012:09:27:47 +0600] "GET /administrator/index2.php?option=com_frontpage HTTP/1.0" 200 10084 "http://csdb.ufanet.ru/administrator/index2.php?option=com_frontpage" "Mozilla/5.0 (Windows NT 6.1; rv:12.0) Gecko/20100101 Firefox/12.0"
81.30.179.38 - - [01/Jun/2012:09:27:48 +0600] "POST /administrator/index2.php HTTP/1.0" 301 - "http://csdb.ufanet.ru/administrator/index2.php?option=com_frontpage" "Mozilla/5.0 (Windows NT 6.1; rv:12.0) Gecko/20100101 Firefox/12.0"
81.30.179.38 - - [01/Jun/2012:09:27:48 +0600] "GET /administrator/index2.php?option=com_frontpage HTTP/1.0" 200 10083 "http://csdb.ufanet.ru/administrator/index2.php?option=com_frontpage" "Mozilla/5.0 (Windows NT 6.1; rv:12.0) Gecko/20100101 Firefox/12.0"
81.30.179.38 - - [01/Jun/2012:09:27:50 +0600] "POST /administrator/index2.php HTTP/1.0" 301 - "http://csdb.ufanet.ru/administrator/index2.php?option=com_frontpage" "Mozilla/5.0 (Windows NT 6.1; rv:12.0) Gecko/20100101 Firefox/12.0"
81.30.179.38 - - [01/Jun/2012:09:27:50 +0600] "GET /administrator/index2.php?option=com_frontpage HTTP/1.0" 200 10083 "http://csdb.ufanet.ru/administrator/index2.php?option=com_frontpage" "Mozilla/5.0 (Windows NT 6.1; rv:12.0) Gecko/20100101 Firefox/12.0"
